// Validating benchmarks:
// ***** BenchmarkRunner: Start   *****
// ***** Found 6 benchmark(s) in total *****
// ***** Building 1 exe(s) in Parallel: Start   *****
// start dotnet  restore --nodeReuse:false /p:UseSharedCompilation=false /p:Deterministic=true /p:Optimize=true /p:ArtifactsPath="/home/i/Work/tl-integration/benchmarks/KernelCompare/bin/Release/net10.0/KernelCompare-JitCore4-1/" /p:OutDir="/home/i/Work/tl-integration/benchmarks/KernelCompare/bin/Release/net10.0/KernelCompare-JitCore4-1/bin/Release/net10.0/" /p:OutputPath="/home/i/Work/tl-integration/benchmarks/KernelCompare/bin/Release/net10.0/KernelCompare-JitCore4-1/bin/Release/net10.0/" /p:PublishDir="/home/i/Work/tl-integration/benchmarks/KernelCompare/bin/Release/net10.0/KernelCompare-JitCore4-1/publish/" in /home/i/Work/tl-integration/benchmarks/KernelCompare/bin/Release/net10.0/KernelCompare-JitCore4-1
// command took 0.61 sec and exited with 0
// start dotnet  build -c Release --no-restore --nodeReuse:false /p:UseSharedCompilation=false /p:Deterministic=true /p:Optimize=true /p:ArtifactsPath="/home/i/Work/tl-integration/benchmarks/KernelCompare/bin/Release/net10.0/KernelCompare-JitCore4-1/" /p:OutDir="/home/i/Work/tl-integration/benchmarks/KernelCompare/bin/Release/net10.0/KernelCompare-JitCore4-1/bin/Release/net10.0/" /p:OutputPath="/home/i/Work/tl-integration/benchmarks/KernelCompare/bin/Release/net10.0/KernelCompare-JitCore4-1/bin/Release/net10.0/" /p:PublishDir="/home/i/Work/tl-integration/benchmarks/KernelCompare/bin/Release/net10.0/KernelCompare-JitCore4-1/publish/" --output "/home/i/Work/tl-integration/benchmarks/KernelCompare/bin/Release/net10.0/KernelCompare-JitCore4-1/bin/Release/net10.0/" in /home/i/Work/tl-integration/benchmarks/KernelCompare/bin/Release/net10.0/KernelCompare-JitCore4-1
// command took 5.35 sec and exited with 0
// ***** Done, took 00:00:05 (6 sec)   *****
// Found 6 benchmarks:
//   KernelBenchmarks.SequentialSingle: JitCore4(Affinity=10000, IterationCount=12, IterationTime=1s, WarmupCount=12)
//   KernelBenchmarks.RandomSingle: JitCore4(Affinity=10000, IterationCount=12, IterationTime=1s, WarmupCount=12)
//   KernelBenchmarks.SameTickSingle: JitCore4(Affinity=10000, IterationCount=12, IterationTime=1s, WarmupCount=12)
//   KernelBenchmarks.SequentialBatch8: JitCore4(Affinity=10000, IterationCount=12, IterationTime=1s, WarmupCount=12)
//   KernelBenchmarks.RandomBatch8: JitCore4(Affinity=10000, IterationCount=12, IterationTime=1s, WarmupCount=12)
//   KernelBenchmarks.SameTickBatch8: JitCore4(Affinity=10000, IterationCount=12, IterationTime=1s, WarmupCount=12)

// **************************
// Benchmark: KernelBenchmarks.SequentialSingle: JitCore4(Affinity=10000, IterationCount=12, IterationTime=1s, WarmupCount=12)
// *** Execute ***
// Launch: 1 / 1
// Execute: dotnet KernelCompare-JitCore4-1.dll --anonymousPipes 129 130 --benchmarkName KernelBenchmarks.SequentialSingle --job JitCore4 --benchmarkId 0 in /home/i/Work/tl-integration/benchmarks/KernelCompare/bin/Release/net10.0/KernelCompare-JitCore4-1/bin/Release/net10.0
// Failed to set up high priority (Permission denied). In order to run benchmarks with high priority, make sure you have the right permissions.
// ! Failed to set up processor affinity 0x10 for process System.Diagnostics.Process (dotnet). Make sure you have the right permissions. Message: Invalid argument
// BeforeAnythingElse

// Benchmark Process Environment Information:
// BenchmarkDotNet v0.15.8
// Runtime=.NET 10.0.11 (10.0.11, 10.0.1126.37416), X64 RyuJIT x86-64-v3
// GC=Concurrent Workstation
// HardwareIntrinsics=AVX2+BMI1+BMI2+F16C+FMA+LZCNT+MOVBE,AVX,SSE3+SSSE3+SSE4.1+SSE4.2+POPCNT,X86Base+SSE+SSE2,AES+PCLMUL,AvxVnni,SERIALIZE VectorSize=256
// Job: JitCore4(Affinity=10000, IterationCount=12, IterationTime=1s, WarmupCount=12)

OverheadJitting  1: 4096 op, 109142.00 ns, 26.6460 ns/op
WorkloadJitting  1: 4096 op, 2723538.00 ns, 664.9263 ns/op

OverheadJitting  2: 65536 op, 117887.00 ns, 1.7988 ns/op
WorkloadJitting  2: 65536 op, 5553567.00 ns, 84.7407 ns/op

WorkloadPilot    1: 65536 op, 4931478.00 ns, 75.2484 ns/op
Cpus_allowed_list: 4
WorkloadPilot    2: 13303808 op, 983712974.00 ns, 73.9422 ns/op
WorkloadPilot    3: 13565952 op, 987932995.00 ns, 72.8245 ns/op
WorkloadPilot    4: 13762560 op, 261342241.00 ns, 18.9894 ns/op
WorkloadPilot    5: 52690944 op, 938441176.00 ns, 17.8103 ns/op
WorkloadPilot    6: 56164352 op, 1000215617.00 ns, 17.8087 ns/op

OverheadWarmup   1: 56164352 op, 22999.00 ns, 0.0004 ns/op
OverheadWarmup   2: 56164352 op, 22537.00 ns, 0.0004 ns/op
OverheadWarmup   3: 56164352 op, 22459.00 ns, 0.0004 ns/op
OverheadWarmup   4: 56164352 op, 22441.00 ns, 0.0004 ns/op
OverheadWarmup   5: 56164352 op, 22640.00 ns, 0.0004 ns/op
OverheadWarmup   6: 56164352 op, 22451.00 ns, 0.0004 ns/op
OverheadWarmup   7: 56164352 op, 22453.00 ns, 0.0004 ns/op
OverheadWarmup   8: 56164352 op, 22446.00 ns, 0.0004 ns/op

OverheadActual   1: 56164352 op, 22683.00 ns, 0.0004 ns/op
OverheadActual   2: 56164352 op, 22972.00 ns, 0.0004 ns/op
OverheadActual   3: 56164352 op, 22722.00 ns, 0.0004 ns/op
OverheadActual   4: 56164352 op, 26104.00 ns, 0.0005 ns/op
OverheadActual   5: 56164352 op, 22684.00 ns, 0.0004 ns/op
OverheadActual   6: 56164352 op, 22458.00 ns, 0.0004 ns/op
OverheadActual   7: 56164352 op, 22660.00 ns, 0.0004 ns/op
OverheadActual   8: 56164352 op, 22456.00 ns, 0.0004 ns/op
OverheadActual   9: 56164352 op, 22760.00 ns, 0.0004 ns/op
OverheadActual  10: 56164352 op, 22685.00 ns, 0.0004 ns/op
OverheadActual  11: 56164352 op, 22478.00 ns, 0.0004 ns/op
OverheadActual  12: 56164352 op, 27069.00 ns, 0.0005 ns/op
OverheadActual  13: 56164352 op, 22652.00 ns, 0.0004 ns/op
OverheadActual  14: 56164352 op, 23998.00 ns, 0.0004 ns/op
OverheadActual  15: 56164352 op, 22500.00 ns, 0.0004 ns/op

WorkloadWarmup   1: 56164352 op, 1006032124.00 ns, 17.9123 ns/op
WorkloadWarmup   2: 56164352 op, 1037775547.00 ns, 18.4775 ns/op
WorkloadWarmup   3: 56164352 op, 999136164.00 ns, 17.7895 ns/op
WorkloadWarmup   4: 56164352 op, 999045431.00 ns, 17.7879 ns/op
WorkloadWarmup   5: 56164352 op, 1009479612.00 ns, 17.9737 ns/op
WorkloadWarmup   6: 56164352 op, 999054599.00 ns, 17.7881 ns/op
WorkloadWarmup   7: 56164352 op, 1001194975.00 ns, 17.8262 ns/op
WorkloadWarmup   8: 56164352 op, 999692886.00 ns, 17.7994 ns/op
WorkloadWarmup   9: 56164352 op, 1002562313.00 ns, 17.8505 ns/op
WorkloadWarmup  10: 56164352 op, 1002896615.00 ns, 17.8565 ns/op
WorkloadWarmup  11: 56164352 op, 1000245643.00 ns, 17.8093 ns/op
WorkloadWarmup  12: 56164352 op, 999237021.00 ns, 17.7913 ns/op

// BeforeActualRun
WorkloadActual   1: 56164352 op, 1000418522.00 ns, 17.8123 ns/op
WorkloadActual   2: 56164352 op, 999931245.00 ns, 17.8037 ns/op
WorkloadActual   3: 56164352 op, 999124540.00 ns, 17.7893 ns/op
WorkloadActual   4: 56164352 op, 999496698.00 ns, 17.7959 ns/op
WorkloadActual   5: 56164352 op, 1015392897.00 ns, 18.0790 ns/op
WorkloadActual   6: 56164352 op, 999261423.00 ns, 17.7917 ns/op
WorkloadActual   7: 56164352 op, 999119384.00 ns, 17.7892 ns/op
WorkloadActual   8: 56164352 op, 999788754.00 ns, 17.8011 ns/op
WorkloadActual   9: 56164352 op, 999492890.00 ns, 17.7959 ns/op
WorkloadActual  10: 56164352 op, 999362195.00 ns, 17.7935 ns/op
WorkloadActual  11: 56164352 op, 999080225.00 ns, 17.7885 ns/op
WorkloadActual  12: 56164352 op, 999936707.00 ns, 17.8038 ns/op

// AfterActualRun
WorkloadResult   1: 56164352 op, 1000395838.00 ns, 17.8119 ns/op
WorkloadResult   2: 56164352 op, 999908561.00 ns, 17.8033 ns/op
WorkloadResult   3: 56164352 op, 999101856.00 ns, 17.7889 ns/op
WorkloadResult   4: 56164352 op, 999474014.00 ns, 17.7955 ns/op
WorkloadResult   5: 56164352 op, 999238739.00 ns, 17.7913 ns/op
WorkloadResult   6: 56164352 op, 999096700.00 ns, 17.7888 ns/op
WorkloadResult   7: 56164352 op, 999766070.00 ns, 17.8007 ns/op
WorkloadResult   8: 56164352 op, 999470206.00 ns, 17.7955 ns/op
WorkloadResult   9: 56164352 op, 999339511.00 ns, 17.7931 ns/op
WorkloadResult  10: 56164352 op, 999057541.00 ns, 17.7881 ns/op
WorkloadResult  11: 56164352 op, 999914023.00 ns, 17.8034 ns/op
// GC:  0 0 0 0 56164352
// Threading:  0 0 56164352

// AfterAll
// Benchmark Process 148 has exited with code 0.

Mean = 17.796 ns, StdErr = 0.002 ns (0.01%), N = 11, StdDev = 0.008 ns
Min = 17.788 ns, Q1 = 17.790 ns, Median = 17.795 ns, Q3 = 17.802 ns, Max = 17.812 ns
IQR = 0.012 ns, LowerFence = 17.772 ns, UpperFence = 17.820 ns
ConfidenceInterval = [17.786 ns; 17.807 ns] (CI 99.9%), Margin = 0.010 ns (0.06% of Mean)
Skewness = 0.6, Kurtosis = 2.05, MValue = 2

// ** Remained 5 (83.3 %) benchmark(s) to run. Estimated finish 2026-09-09 1:50 (0h 2m from now) **
// **************************
// Benchmark: KernelBenchmarks.RandomSingle: JitCore4(Affinity=10000, IterationCount=12, IterationTime=1s, WarmupCount=12)
// *** Execute ***
// Launch: 1 / 1
// Execute: dotnet KernelCompare-JitCore4-1.dll --anonymousPipes 129 130 --benchmarkName KernelBenchmarks.RandomSingle --job JitCore4 --benchmarkId 1 in /home/i/Work/tl-integration/benchmarks/KernelCompare/bin/Release/net10.0/KernelCompare-JitCore4-1/bin/Release/net10.0
// Failed to set up high priority (Permission denied). In order to run benchmarks with high priority, make sure you have the right permissions.
// ! Failed to set up processor affinity 0x10 for process System.Diagnostics.Process (dotnet). Make sure you have the right permissions. Message: Invalid argument
// BeforeAnythingElse

// Benchmark Process Environment Information:
// BenchmarkDotNet v0.15.8
// Runtime=.NET 10.0.11 (10.0.11, 10.0.1126.37416), X64 RyuJIT x86-64-v3
// GC=Concurrent Workstation
// HardwareIntrinsics=AVX2+BMI1+BMI2+F16C+FMA+LZCNT+MOVBE,AVX,SSE3+SSSE3+SSE4.1+SSE4.2+POPCNT,X86Base+SSE+SSE2,AES+PCLMUL,AvxVnni,SERIALIZE VectorSize=256
// Job: JitCore4(Affinity=10000, IterationCount=12, IterationTime=1s, WarmupCount=12)

OverheadJitting  1: 4096 op, 111693.00 ns, 27.2688 ns/op
WorkloadJitting  1: 4096 op, 2783450.00 ns, 679.5532 ns/op

OverheadJitting  2: 65536 op, 119676.00 ns, 1.8261 ns/op
WorkloadJitting  2: 65536 op, 6070442.00 ns, 92.6276 ns/op

WorkloadPilot    1: 65536 op, 5306008.00 ns, 80.9633 ns/op
Cpus_allowed_list: 4
WorkloadPilot    2: 12386304 op, 976928766.00 ns, 78.8717 ns/op
WorkloadPilot    3: 12713984 op, 997030578.00 ns, 78.4200 ns/op
WorkloadPilot    4: 12779520 op, 340315236.00 ns, 26.6297 ns/op
WorkloadPilot    5: 37552128 op, 979062726.00 ns, 26.0721 ns/op
WorkloadPilot    6: 38404096 op, 1000419491.00 ns, 26.0498 ns/op

OverheadWarmup   1: 38404096 op, 15984.00 ns, 0.0004 ns/op
OverheadWarmup   2: 38404096 op, 15438.00 ns, 0.0004 ns/op
OverheadWarmup   3: 38404096 op, 15456.00 ns, 0.0004 ns/op
OverheadWarmup   4: 38404096 op, 15449.00 ns, 0.0004 ns/op
OverheadWarmup   5: 38404096 op, 15456.00 ns, 0.0004 ns/op
OverheadWarmup   6: 38404096 op, 15451.00 ns, 0.0004 ns/op

OverheadActual   1: 38404096 op, 15915.00 ns, 0.0004 ns/op
OverheadActual   2: 38404096 op, 15616.00 ns, 0.0004 ns/op
OverheadActual   3: 38404096 op, 15613.00 ns, 0.0004 ns/op
OverheadActual   4: 38404096 op, 15414.00 ns, 0.0004 ns/op
OverheadActual   5: 38404096 op, 15613.00 ns, 0.0004 ns/op
OverheadActual   6: 38404096 op, 15414.00 ns, 0.0004 ns/op
OverheadActual   7: 38404096 op, 15408.00 ns, 0.0004 ns/op
OverheadActual   8: 38404096 op, 15555.00 ns, 0.0004 ns/op
OverheadActual   9: 38404096 op, 15419.00 ns, 0.0004 ns/op
OverheadActual  10: 38404096 op, 15412.00 ns, 0.0004 ns/op
OverheadActual  11: 38404096 op, 15438.00 ns, 0.0004 ns/op
OverheadActual  12: 38404096 op, 15413.00 ns, 0.0004 ns/op
OverheadActual  13: 38404096 op, 15420.00 ns, 0.0004 ns/op
OverheadActual  14: 38404096 op, 15413.00 ns, 0.0004 ns/op
OverheadActual  15: 38404096 op, 15566.00 ns, 0.0004 ns/op

WorkloadWarmup   1: 38404096 op, 999340940.00 ns, 26.0217 ns/op
WorkloadWarmup   2: 38404096 op, 1005254592.00 ns, 26.1757 ns/op
WorkloadWarmup   3: 38404096 op, 1000534209.00 ns, 26.0528 ns/op
WorkloadWarmup   4: 38404096 op, 1024883766.00 ns, 26.6868 ns/op
WorkloadWarmup   5: 38404096 op, 1000939645.00 ns, 26.0634 ns/op
WorkloadWarmup   6: 38404096 op, 1002985594.00 ns, 26.1166 ns/op
WorkloadWarmup   7: 38404096 op, 1007943673.00 ns, 26.2457 ns/op
WorkloadWarmup   8: 38404096 op, 1000137505.00 ns, 26.0425 ns/op
WorkloadWarmup   9: 38404096 op, 999337349.00 ns, 26.0216 ns/op
WorkloadWarmup  10: 38404096 op, 1001542839.00 ns, 26.0791 ns/op
WorkloadWarmup  11: 38404096 op, 1001128515.00 ns, 26.0683 ns/op
WorkloadWarmup  12: 38404096 op, 1002364490.00 ns, 26.1005 ns/op

// BeforeActualRun
WorkloadActual   1: 38404096 op, 1007661539.00 ns, 26.2384 ns/op
WorkloadActual   2: 38404096 op, 1001634216.00 ns, 26.0814 ns/op
WorkloadActual   3: 38404096 op, 999914178.00 ns, 26.0367 ns/op
WorkloadActual   4: 38404096 op, 999846082.00 ns, 26.0349 ns/op
WorkloadActual   5: 38404096 op, 1001871611.00 ns, 26.0876 ns/op
WorkloadActual   6: 38404096 op, 1000336474.00 ns, 26.0477 ns/op
WorkloadActual   7: 38404096 op, 1012999201.00 ns, 26.3774 ns/op
WorkloadActual   8: 38404096 op, 1000640507.00 ns, 26.0556 ns/op
WorkloadActual   9: 38404096 op, 1001550305.00 ns, 26.0793 ns/op
WorkloadActual  10: 38404096 op, 1001108055.00 ns, 26.0677 ns/op
WorkloadActual  11: 38404096 op, 1000380529.00 ns, 26.0488 ns/op
WorkloadActual  12: 38404096 op, 1001006688.00 ns, 26.0651 ns/op

// AfterActualRun
WorkloadResult   1: 38404096 op, 1001618796.00 ns, 26.0810 ns/op
WorkloadResult   2: 38404096 op, 999898758.00 ns, 26.0363 ns/op
WorkloadResult   3: 38404096 op, 999830662.00 ns, 26.0345 ns/op
WorkloadResult   4: 38404096 op, 1001856191.00 ns, 26.0872 ns/op
WorkloadResult   5: 38404096 op, 1000321054.00 ns, 26.0472 ns/op
WorkloadResult   6: 38404096 op, 1000625087.00 ns, 26.0552 ns/op
WorkloadResult   7: 38404096 op, 1001534885.00 ns, 26.0789 ns/op
WorkloadResult   8: 38404096 op, 1001092635.00 ns, 26.0673 ns/op
WorkloadResult   9: 38404096 op, 1000365109.00 ns, 26.0484 ns/op
WorkloadResult  10: 38404096 op, 1000991268.00 ns, 26.0647 ns/op
// GC:  0 0 0 0 38404096
// Threading:  0 0 38404096

// AfterAll
// Benchmark Process 159 has exited with code 0.

Mean = 26.060 ns, StdErr = 0.006 ns (0.02%), N = 10, StdDev = 0.019 ns
Min = 26.034 ns, Q1 = 26.048 ns, Median = 26.060 ns, Q3 = 26.076 ns, Max = 26.087 ns
IQR = 0.028 ns, LowerFence = 26.005 ns, UpperFence = 26.119 ns
ConfidenceInterval = [26.032 ns; 26.088 ns] (CI 99.9%), Margin = 0.028 ns (0.11% of Mean)
Skewness = 0.03, Kurtosis = 1.36, MValue = 2

// ** Remained 4 (66.7 %) benchmark(s) to run. Estimated finish 2026-09-09 1:50 (0h 1m from now) **
// **************************
// Benchmark: KernelBenchmarks.SameTickSingle: JitCore4(Affinity=10000, IterationCount=12, IterationTime=1s, WarmupCount=12)
// *** Execute ***
// Launch: 1 / 1
// Execute: dotnet KernelCompare-JitCore4-1.dll --anonymousPipes 129 130 --benchmarkName KernelBenchmarks.SameTickSingle --job JitCore4 --benchmarkId 2 in /home/i/Work/tl-integration/benchmarks/KernelCompare/bin/Release/net10.0/KernelCompare-JitCore4-1/bin/Release/net10.0
// Failed to set up high priority (Permission denied). In order to run benchmarks with high priority, make sure you have the right permissions.
// ! Failed to set up processor affinity 0x10 for process System.Diagnostics.Process (dotnet). Make sure you have the right permissions. Message: Invalid argument
// BeforeAnythingElse

// Benchmark Process Environment Information:
// BenchmarkDotNet v0.15.8
// Runtime=.NET 10.0.11 (10.0.11, 10.0.1126.37416), X64 RyuJIT x86-64-v3
// GC=Concurrent Workstation
// HardwareIntrinsics=AVX2+BMI1+BMI2+F16C+FMA+LZCNT+MOVBE,AVX,SSE3+SSSE3+SSE4.1+SSE4.2+POPCNT,X86Base+SSE+SSE2,AES+PCLMUL,AvxVnni,SERIALIZE VectorSize=256
// Job: JitCore4(Affinity=10000, IterationCount=12, IterationTime=1s, WarmupCount=12)

Cpus_allowed_list: 4
OverheadJitting  1: 4096 op, 109361.00 ns, 26.6995 ns/op
WorkloadJitting  1: 4096 op, 2866534.00 ns, 699.8374 ns/op

OverheadJitting  2: 65536 op, 118134.00 ns, 1.8026 ns/op
WorkloadJitting  2: 65536 op, 6610487.00 ns, 100.8680 ns/op

WorkloadPilot    1: 65536 op, 6001942.00 ns, 91.5824 ns/op
WorkloadPilot    2: 10944512 op, 992834981.00 ns, 90.7153 ns/op
WorkloadPilot    3: 11075584 op, 983685477.00 ns, 88.8157 ns/op
WorkloadPilot    4: 11272192 op, 217205458.00 ns, 19.2691 ns/op
WorkloadPilot    5: 51904512 op, 918953745.00 ns, 17.7047 ns/op
WorkloadPilot    6: 56492032 op, 998886771.00 ns, 17.6819 ns/op
WorkloadPilot    7: 56557568 op, 1000879046.00 ns, 17.6966 ns/op

OverheadWarmup   1: 56557568 op, 23628.00 ns, 0.0004 ns/op
OverheadWarmup   2: 56557568 op, 22746.00 ns, 0.0004 ns/op
OverheadWarmup   3: 56557568 op, 22720.00 ns, 0.0004 ns/op
OverheadWarmup   4: 56557568 op, 22617.00 ns, 0.0004 ns/op
OverheadWarmup   5: 56557568 op, 23013.00 ns, 0.0004 ns/op
OverheadWarmup   6: 56557568 op, 22639.00 ns, 0.0004 ns/op
OverheadWarmup   7: 56557568 op, 22642.00 ns, 0.0004 ns/op
OverheadWarmup   8: 56557568 op, 22648.00 ns, 0.0004 ns/op
OverheadWarmup   9: 56557568 op, 22628.00 ns, 0.0004 ns/op

OverheadActual   1: 56557568 op, 23993.00 ns, 0.0004 ns/op
OverheadActual   2: 56557568 op, 22925.00 ns, 0.0004 ns/op
OverheadActual   3: 56557568 op, 22937.00 ns, 0.0004 ns/op
OverheadActual   4: 56557568 op, 22696.00 ns, 0.0004 ns/op
OverheadActual   5: 56557568 op, 22957.00 ns, 0.0004 ns/op
OverheadActual   6: 56557568 op, 23040.00 ns, 0.0004 ns/op
OverheadActual   7: 56557568 op, 22653.00 ns, 0.0004 ns/op
OverheadActual   8: 56557568 op, 22676.00 ns, 0.0004 ns/op
OverheadActual   9: 56557568 op, 22628.00 ns, 0.0004 ns/op
OverheadActual  10: 56557568 op, 22851.00 ns, 0.0004 ns/op
OverheadActual  11: 56557568 op, 22637.00 ns, 0.0004 ns/op
OverheadActual  12: 56557568 op, 22646.00 ns, 0.0004 ns/op
OverheadActual  13: 56557568 op, 22651.00 ns, 0.0004 ns/op
OverheadActual  14: 56557568 op, 22617.00 ns, 0.0004 ns/op
OverheadActual  15: 56557568 op, 22786.00 ns, 0.0004 ns/op

WorkloadWarmup   1: 56557568 op, 998780539.00 ns, 17.6595 ns/op
WorkloadWarmup   2: 56557568 op, 1002303525.00 ns, 17.7218 ns/op
WorkloadWarmup   3: 56557568 op, 999156499.00 ns, 17.6662 ns/op
WorkloadWarmup   4: 56557568 op, 1033493563.00 ns, 18.2733 ns/op
WorkloadWarmup   5: 56557568 op, 998727523.00 ns, 17.6586 ns/op
WorkloadWarmup   6: 56557568 op, 999077655.00 ns, 17.6648 ns/op
WorkloadWarmup   7: 56557568 op, 999661362.00 ns, 17.6751 ns/op
WorkloadWarmup   8: 56557568 op, 999967080.00 ns, 17.6805 ns/op
WorkloadWarmup   9: 56557568 op, 999522594.00 ns, 17.6727 ns/op
WorkloadWarmup  10: 56557568 op, 1000728310.00 ns, 17.6940 ns/op
WorkloadWarmup  11: 56557568 op, 1001539925.00 ns, 17.7083 ns/op
WorkloadWarmup  12: 56557568 op, 1001065558.00 ns, 17.6999 ns/op

// BeforeActualRun
WorkloadActual   1: 56557568 op, 999165552.00 ns, 17.6663 ns/op
WorkloadActual   2: 56557568 op, 998717305.00 ns, 17.6584 ns/op
WorkloadActual   3: 56557568 op, 999767292.00 ns, 17.6770 ns/op
WorkloadActual   4: 56557568 op, 999400778.00 ns, 17.6705 ns/op
WorkloadActual   5: 56557568 op, 999068397.00 ns, 17.6646 ns/op
WorkloadActual   6: 56557568 op, 999222839.00 ns, 17.6674 ns/op
WorkloadActual   7: 56557568 op, 1012633844.00 ns, 17.9045 ns/op
WorkloadActual   8: 56557568 op, 999192583.00 ns, 17.6668 ns/op
WorkloadActual   9: 56557568 op, 999484679.00 ns, 17.6720 ns/op
WorkloadActual  10: 56557568 op, 998869321.00 ns, 17.6611 ns/op
WorkloadActual  11: 56557568 op, 999645955.00 ns, 17.6748 ns/op
WorkloadActual  12: 56557568 op, 998913256.00 ns, 17.6619 ns/op

// AfterActualRun
WorkloadResult   1: 56557568 op, 999142856.00 ns, 17.6659 ns/op
WorkloadResult   2: 56557568 op, 998694609.00 ns, 17.6580 ns/op
WorkloadResult   3: 56557568 op, 999744596.00 ns, 17.6766 ns/op
WorkloadResult   4: 56557568 op, 999378082.00 ns, 17.6701 ns/op
WorkloadResult   5: 56557568 op, 999045701.00 ns, 17.6642 ns/op
WorkloadResult   6: 56557568 op, 999200143.00 ns, 17.6670 ns/op
WorkloadResult   7: 56557568 op, 999169887.00 ns, 17.6664 ns/op
WorkloadResult   8: 56557568 op, 999461983.00 ns, 17.6716 ns/op
WorkloadResult   9: 56557568 op, 998846625.00 ns, 17.6607 ns/op
WorkloadResult  10: 56557568 op, 999623259.00 ns, 17.6744 ns/op
WorkloadResult  11: 56557568 op, 998890560.00 ns, 17.6615 ns/op
// GC:  0 0 0 0 56557568
// Threading:  0 0 56557568

// AfterAll
// Benchmark Process 170 has exited with code 0.

Mean = 17.667 ns, StdErr = 0.002 ns (0.01%), N = 11, StdDev = 0.006 ns
Min = 17.658 ns, Q1 = 17.663 ns, Median = 17.666 ns, Q3 = 17.671 ns, Max = 17.677 ns
IQR = 0.008 ns, LowerFence = 17.651 ns, UpperFence = 17.683 ns
ConfidenceInterval = [17.659 ns; 17.675 ns] (CI 99.9%), Margin = 0.008 ns (0.05% of Mean)
Skewness = 0.14, Kurtosis = 1.69, MValue = 2

// ** Remained 3 (50.0 %) benchmark(s) to run. Estimated finish 2026-09-09 1:50 (0h 1m from now) **
// **************************
// Benchmark: KernelBenchmarks.SequentialBatch8: JitCore4(Affinity=10000, IterationCount=12, IterationTime=1s, WarmupCount=12)
// *** Execute ***
// Launch: 1 / 1
// Execute: dotnet KernelCompare-JitCore4-1.dll --anonymousPipes 129 130 --benchmarkName KernelBenchmarks.SequentialBatch8 --job JitCore4 --benchmarkId 3 in /home/i/Work/tl-integration/benchmarks/KernelCompare/bin/Release/net10.0/KernelCompare-JitCore4-1/bin/Release/net10.0
// Failed to set up high priority (Permission denied). In order to run benchmarks with high priority, make sure you have the right permissions.
// ! Failed to set up processor affinity 0x10 for process System.Diagnostics.Process (dotnet). Make sure you have the right permissions. Message: Invalid argument
// BeforeAnythingElse

// Benchmark Process Environment Information:
// BenchmarkDotNet v0.15.8
// Runtime=.NET 10.0.11 (10.0.11, 10.0.1126.37416), X64 RyuJIT x86-64-v3
// GC=Concurrent Workstation
// HardwareIntrinsics=AVX2+BMI1+BMI2+F16C+FMA+LZCNT+MOVBE,AVX,SSE3+SSSE3+SSE4.1+SSE4.2+POPCNT,X86Base+SSE+SSE2,AES+PCLMUL,AvxVnni,SERIALIZE VectorSize=256
// Job: JitCore4(Affinity=10000, IterationCount=12, IterationTime=1s, WarmupCount=12)

Cpus_allowed_list: 4
OverheadJitting  1: 4096 op, 114518.00 ns, 27.9585 ns/op
WorkloadJitting  1: 4096 op, 3806277.00 ns, 929.2668 ns/op

OverheadJitting  2: 65536 op, 120858.00 ns, 1.8441 ns/op
WorkloadJitting  2: 65536 op, 5588309.00 ns, 85.2708 ns/op

WorkloadPilot    1: 65536 op, 8852146.00 ns, 135.0730 ns/op
WorkloadPilot    2: 7405568 op, 478548273.00 ns, 64.6201 ns/op
WorkloadPilot    3: 15532032 op, 991356322.00 ns, 63.8266 ns/op
WorkloadPilot    4: 15728640 op, 535632029.00 ns, 34.0546 ns/op
WorkloadPilot    5: 29425664 op, 323028216.00 ns, 10.9778 ns/op
WorkloadPilot    6: 91095040 op, 1000972202.00 ns, 10.9882 ns/op
WorkloadPilot    7: 91029504 op, 999534253.00 ns, 10.9803 ns/op
WorkloadPilot    8: 91095040 op, 1001898850.00 ns, 10.9984 ns/op
WorkloadPilot    9: 90963968 op, 997766696.00 ns, 10.9688 ns/op
WorkloadPilot   10: 91226112 op, 1001361981.00 ns, 10.9767 ns/op

OverheadWarmup   1: 91226112 op, 37475.00 ns, 0.0004 ns/op
OverheadWarmup   2: 91226112 op, 36585.00 ns, 0.0004 ns/op
OverheadWarmup   3: 91226112 op, 40847.00 ns, 0.0004 ns/op
OverheadWarmup   4: 91226112 op, 36429.00 ns, 0.0004 ns/op
OverheadWarmup   5: 91226112 op, 36444.00 ns, 0.0004 ns/op
OverheadWarmup   6: 91226112 op, 36550.00 ns, 0.0004 ns/op
OverheadWarmup   7: 91226112 op, 36418.00 ns, 0.0004 ns/op

OverheadActual   1: 91226112 op, 36946.00 ns, 0.0004 ns/op
OverheadActual   2: 91226112 op, 37019.00 ns, 0.0004 ns/op
OverheadActual   3: 91226112 op, 36785.00 ns, 0.0004 ns/op
OverheadActual   4: 91226112 op, 36555.00 ns, 0.0004 ns/op
OverheadActual   5: 91226112 op, 37011.00 ns, 0.0004 ns/op
OverheadActual   6: 91226112 op, 36567.00 ns, 0.0004 ns/op
OverheadActual   7: 91226112 op, 36779.00 ns, 0.0004 ns/op
OverheadActual   8: 91226112 op, 36778.00 ns, 0.0004 ns/op
OverheadActual   9: 91226112 op, 36444.00 ns, 0.0004 ns/op
OverheadActual  10: 91226112 op, 36438.00 ns, 0.0004 ns/op
OverheadActual  11: 91226112 op, 36555.00 ns, 0.0004 ns/op
OverheadActual  12: 91226112 op, 36445.00 ns, 0.0004 ns/op
OverheadActual  13: 91226112 op, 36465.00 ns, 0.0004 ns/op
OverheadActual  14: 91226112 op, 36567.00 ns, 0.0004 ns/op
OverheadActual  15: 91226112 op, 36469.00 ns, 0.0004 ns/op

WorkloadWarmup   1: 91226112 op, 1001182790.00 ns, 10.9747 ns/op
WorkloadWarmup   2: 91226112 op, 1008720763.00 ns, 11.0574 ns/op
WorkloadWarmup   3: 91226112 op, 1000631507.00 ns, 10.9687 ns/op
WorkloadWarmup   4: 91226112 op, 1028637446.00 ns, 11.2757 ns/op
WorkloadWarmup   5: 91226112 op, 1003298784.00 ns, 10.9979 ns/op
WorkloadWarmup   6: 91226112 op, 1001511500.00 ns, 10.9783 ns/op
WorkloadWarmup   7: 91226112 op, 1000485998.00 ns, 10.9671 ns/op
WorkloadWarmup   8: 91226112 op, 1000740768.00 ns, 10.9699 ns/op
WorkloadWarmup   9: 91226112 op, 1000605943.00 ns, 10.9684 ns/op
WorkloadWarmup  10: 91226112 op, 1005682050.00 ns, 11.0241 ns/op
WorkloadWarmup  11: 91226112 op, 1001342531.00 ns, 10.9765 ns/op
WorkloadWarmup  12: 91226112 op, 1001168716.00 ns, 10.9746 ns/op

// BeforeActualRun
WorkloadActual   1: 91226112 op, 999896512.00 ns, 10.9606 ns/op
WorkloadActual   2: 91226112 op, 999594143.00 ns, 10.9573 ns/op
WorkloadActual   3: 91226112 op, 1004026377.00 ns, 11.0059 ns/op
WorkloadActual   4: 91226112 op, 1001684624.00 ns, 10.9802 ns/op
WorkloadActual   5: 91226112 op, 1002493926.00 ns, 10.9891 ns/op
WorkloadActual   6: 91226112 op, 1000406275.00 ns, 10.9662 ns/op
WorkloadActual   7: 91226112 op, 1014821370.00 ns, 11.1242 ns/op
WorkloadActual   8: 91226112 op, 1000210504.00 ns, 10.9641 ns/op
WorkloadActual   9: 91226112 op, 1002356413.00 ns, 10.9876 ns/op
WorkloadActual  10: 91226112 op, 1000672507.00 ns, 10.9691 ns/op
WorkloadActual  11: 91226112 op, 999549920.00 ns, 10.9568 ns/op
WorkloadActual  12: 91226112 op, 999392269.00 ns, 10.9551 ns/op

// AfterActualRun
WorkloadResult   1: 91226112 op, 999859945.00 ns, 10.9602 ns/op
WorkloadResult   2: 91226112 op, 999557576.00 ns, 10.9569 ns/op
WorkloadResult   3: 91226112 op, 1003989810.00 ns, 11.0055 ns/op
WorkloadResult   4: 91226112 op, 1001648057.00 ns, 10.9798 ns/op
WorkloadResult   5: 91226112 op, 1002457359.00 ns, 10.9887 ns/op
WorkloadResult   6: 91226112 op, 1000369708.00 ns, 10.9658 ns/op
WorkloadResult   7: 91226112 op, 1000173937.00 ns, 10.9637 ns/op
WorkloadResult   8: 91226112 op, 1002319846.00 ns, 10.9872 ns/op
WorkloadResult   9: 91226112 op, 1000635940.00 ns, 10.9687 ns/op
WorkloadResult  10: 91226112 op, 999513353.00 ns, 10.9564 ns/op
WorkloadResult  11: 91226112 op, 999355702.00 ns, 10.9547 ns/op
// GC:  0 0 0 0 91226112
// Threading:  0 0 91226112

// AfterAll
// Benchmark Process 180 has exited with code 0.

Mean = 10.972 ns, StdErr = 0.005 ns (0.05%), N = 11, StdDev = 0.016 ns
Min = 10.955 ns, Q1 = 10.959 ns, Median = 10.966 ns, Q3 = 10.984 ns, Max = 11.006 ns
IQR = 0.025 ns, LowerFence = 10.921 ns, UpperFence = 11.021 ns
ConfidenceInterval = [10.949 ns; 10.994 ns] (CI 99.9%), Margin = 0.023 ns (0.21% of Mean)
Skewness = 0.7, Kurtosis = 2.06, MValue = 2

// ** Remained 2 (33.3 %) benchmark(s) to run. Estimated finish 2026-09-09 1:51 (0h 1m from now) **
// **************************
// Benchmark: KernelBenchmarks.RandomBatch8: JitCore4(Affinity=10000, IterationCount=12, IterationTime=1s, WarmupCount=12)
// *** Execute ***
// Launch: 1 / 1
// Execute: dotnet KernelCompare-JitCore4-1.dll --anonymousPipes 129 130 --benchmarkName KernelBenchmarks.RandomBatch8 --job JitCore4 --benchmarkId 4 in /home/i/Work/tl-integration/benchmarks/KernelCompare/bin/Release/net10.0/KernelCompare-JitCore4-1/bin/Release/net10.0
// Failed to set up high priority (Permission denied). In order to run benchmarks with high priority, make sure you have the right permissions.
// ! Failed to set up processor affinity 0x10 for process System.Diagnostics.Process (dotnet). Make sure you have the right permissions. Message: Invalid argument
// BeforeAnythingElse

// Benchmark Process Environment Information:
// BenchmarkDotNet v0.15.8
// Runtime=.NET 10.0.11 (10.0.11, 10.0.1126.37416), X64 RyuJIT x86-64-v3
// GC=Concurrent Workstation
// HardwareIntrinsics=AVX2+BMI1+BMI2+F16C+FMA+LZCNT+MOVBE,AVX,SSE3+SSSE3+SSE4.1+SSE4.2+POPCNT,X86Base+SSE+SSE2,AES+PCLMUL,AvxVnni,SERIALIZE VectorSize=256
// Job: JitCore4(Affinity=10000, IterationCount=12, IterationTime=1s, WarmupCount=12)

OverheadJitting  1: 4096 op, 101080.00 ns, 24.6777 ns/op
WorkloadJitting  1: 4096 op, 2666208.00 ns, 650.9297 ns/op

OverheadJitting  2: 65536 op, 120505.00 ns, 1.8388 ns/op
WorkloadJitting  2: 65536 op, 4822945.00 ns, 73.5923 ns/op

WorkloadPilot    1: 65536 op, 4518888.00 ns, 68.9528 ns/op
Cpus_allowed_list: 4
WorkloadPilot    2: 14548992 op, 963217393.00 ns, 66.2051 ns/op
WorkloadPilot    3: 15138816 op, 1000722323.00 ns, 66.1031 ns/op

OverheadWarmup   1: 15138816 op, 6624.00 ns, 0.0004 ns/op
OverheadWarmup   2: 15138816 op, 6320.00 ns, 0.0004 ns/op
OverheadWarmup   3: 15138816 op, 6105.00 ns, 0.0004 ns/op
OverheadWarmup   4: 15138816 op, 6103.00 ns, 0.0004 ns/op
OverheadWarmup   5: 15138816 op, 6143.00 ns, 0.0004 ns/op
OverheadWarmup   6: 15138816 op, 6121.00 ns, 0.0004 ns/op
OverheadWarmup   7: 15138816 op, 6121.00 ns, 0.0004 ns/op
OverheadWarmup   8: 15138816 op, 6342.00 ns, 0.0004 ns/op

OverheadActual   1: 15138816 op, 6344.00 ns, 0.0004 ns/op
OverheadActual   2: 15138816 op, 6364.00 ns, 0.0004 ns/op
OverheadActual   3: 15138816 op, 6351.00 ns, 0.0004 ns/op
OverheadActual   4: 15138816 op, 6196.00 ns, 0.0004 ns/op
OverheadActual   5: 15138816 op, 6370.00 ns, 0.0004 ns/op
OverheadActual   6: 15138816 op, 6119.00 ns, 0.0004 ns/op
OverheadActual   7: 15138816 op, 6082.00 ns, 0.0004 ns/op
OverheadActual   8: 15138816 op, 6091.00 ns, 0.0004 ns/op
OverheadActual   9: 15138816 op, 6091.00 ns, 0.0004 ns/op
OverheadActual  10: 15138816 op, 6228.00 ns, 0.0004 ns/op
OverheadActual  11: 15138816 op, 6101.00 ns, 0.0004 ns/op
OverheadActual  12: 15138816 op, 6310.00 ns, 0.0004 ns/op
OverheadActual  13: 15138816 op, 6179.00 ns, 0.0004 ns/op
OverheadActual  14: 15138816 op, 6126.00 ns, 0.0004 ns/op
OverheadActual  15: 15138816 op, 6106.00 ns, 0.0004 ns/op

WorkloadWarmup   1: 15138816 op, 259190184.00 ns, 17.1209 ns/op
WorkloadWarmup   2: 15138816 op, 258272208.00 ns, 17.0603 ns/op
WorkloadWarmup   3: 15138816 op, 258019183.00 ns, 17.0436 ns/op
WorkloadWarmup   4: 15138816 op, 258943162.00 ns, 17.1046 ns/op
WorkloadWarmup   5: 15138816 op, 258444341.00 ns, 17.0716 ns/op
WorkloadWarmup   6: 15138816 op, 258013925.00 ns, 17.0432 ns/op
WorkloadWarmup   7: 15138816 op, 258886966.00 ns, 17.1009 ns/op
WorkloadWarmup   8: 15138816 op, 296432240.00 ns, 19.5809 ns/op
WorkloadWarmup   9: 15138816 op, 246007306.00 ns, 16.2501 ns/op
WorkloadWarmup  10: 15138816 op, 246094467.00 ns, 16.2559 ns/op
WorkloadWarmup  11: 15138816 op, 246242001.00 ns, 16.2656 ns/op
WorkloadWarmup  12: 15138816 op, 246196008.00 ns, 16.2626 ns/op

// BeforeActualRun
WorkloadActual   1: 15138816 op, 246652523.00 ns, 16.2927 ns/op
WorkloadActual   2: 15138816 op, 246235714.00 ns, 16.2652 ns/op
WorkloadActual   3: 15138816 op, 245300221.00 ns, 16.2034 ns/op
WorkloadActual   4: 15138816 op, 246636562.00 ns, 16.2917 ns/op
WorkloadActual   5: 15138816 op, 255574411.00 ns, 16.8821 ns/op
WorkloadActual   6: 15138816 op, 246532487.00 ns, 16.2848 ns/op
WorkloadActual   7: 15138816 op, 247746861.00 ns, 16.3650 ns/op
WorkloadActual   8: 15138816 op, 246468513.00 ns, 16.2806 ns/op
WorkloadActual   9: 15138816 op, 246015611.00 ns, 16.2507 ns/op
WorkloadActual  10: 15138816 op, 246554726.00 ns, 16.2863 ns/op
WorkloadActual  11: 15138816 op, 261578871.00 ns, 17.2787 ns/op
WorkloadActual  12: 15138816 op, 253180798.00 ns, 16.7239 ns/op

// AfterActualRun
WorkloadResult   1: 15138816 op, 246646344.00 ns, 16.2923 ns/op
WorkloadResult   2: 15138816 op, 246229535.00 ns, 16.2648 ns/op
WorkloadResult   3: 15138816 op, 245294042.00 ns, 16.2030 ns/op
WorkloadResult   4: 15138816 op, 246630383.00 ns, 16.2913 ns/op
WorkloadResult   5: 15138816 op, 246526308.00 ns, 16.2844 ns/op
WorkloadResult   6: 15138816 op, 247740682.00 ns, 16.3646 ns/op
WorkloadResult   7: 15138816 op, 246462334.00 ns, 16.2802 ns/op
WorkloadResult   8: 15138816 op, 246009432.00 ns, 16.2502 ns/op
WorkloadResult   9: 15138816 op, 246548547.00 ns, 16.2859 ns/op
// GC:  0 0 0 0 15138816
// Threading:  0 0 15138816

// AfterAll
// Benchmark Process 190 has exited with code 0.

Mean = 16.280 ns, StdErr = 0.014 ns (0.09%), N = 9, StdDev = 0.043 ns
Min = 16.203 ns, Q1 = 16.265 ns, Median = 16.284 ns, Q3 = 16.291 ns, Max = 16.365 ns
IQR = 0.026 ns, LowerFence = 16.225 ns, UpperFence = 16.331 ns
ConfidenceInterval = [16.208 ns; 16.351 ns] (CI 99.9%), Margin = 0.072 ns (0.44% of Mean)
Skewness = 0.2, Kurtosis = 2.94, MValue = 2

// ** Remained 1 (16.7 %) benchmark(s) to run. Estimated finish 2026-09-09 1:50 (0h 0m from now) **
// **************************
// Benchmark: KernelBenchmarks.SameTickBatch8: JitCore4(Affinity=10000, IterationCount=12, IterationTime=1s, WarmupCount=12)
// *** Execute ***
// Launch: 1 / 1
// Execute: dotnet KernelCompare-JitCore4-1.dll --anonymousPipes 129 130 --benchmarkName KernelBenchmarks.SameTickBatch8 --job JitCore4 --benchmarkId 5 in /home/i/Work/tl-integration/benchmarks/KernelCompare/bin/Release/net10.0/KernelCompare-JitCore4-1/bin/Release/net10.0
// Failed to set up high priority (Permission denied). In order to run benchmarks with high priority, make sure you have the right permissions.
// ! Failed to set up processor affinity 0x10 for process System.Diagnostics.Process (dotnet). Make sure you have the right permissions. Message: Invalid argument
// BeforeAnythingElse

// Benchmark Process Environment Information:
// BenchmarkDotNet v0.15.8
// Runtime=.NET 10.0.11 (10.0.11, 10.0.1126.37416), X64 RyuJIT x86-64-v3
// GC=Concurrent Workstation
// HardwareIntrinsics=AVX2+BMI1+BMI2+F16C+FMA+LZCNT+MOVBE,AVX,SSE3+SSSE3+SSE4.1+SSE4.2+POPCNT,X86Base+SSE+SSE2,AES+PCLMUL,AvxVnni,SERIALIZE VectorSize=256
// Job: JitCore4(Affinity=10000, IterationCount=12, IterationTime=1s, WarmupCount=12)

Cpus_allowed_list: 4
OverheadJitting  1: 4096 op, 102391.00 ns, 24.9978 ns/op
WorkloadJitting  1: 4096 op, 2711994.00 ns, 662.1079 ns/op

OverheadJitting  2: 65536 op, 115673.00 ns, 1.7650 ns/op
WorkloadJitting  2: 65536 op, 5715948.00 ns, 87.2184 ns/op

WorkloadPilot    1: 65536 op, 5467391.00 ns, 83.4258 ns/op
WorkloadPilot    2: 11993088 op, 988611392.00 ns, 82.4318 ns/op
WorkloadPilot    3: 12189696 op, 980780347.00 ns, 80.4598 ns/op
WorkloadPilot    4: 12451840 op, 180704981.00 ns, 14.5123 ns/op
WorkloadPilot    5: 68943872 op, 974435969.00 ns, 14.1338 ns/op
WorkloadPilot    6: 70778880 op, 999234150.00 ns, 14.1177 ns/op
WorkloadPilot    7: 70844416 op, 1002200672.00 ns, 14.1465 ns/op
WorkloadPilot    8: 70713344 op, 999778729.00 ns, 14.1385 ns/op
WorkloadPilot    9: 70778880 op, 999668201.00 ns, 14.1238 ns/op
WorkloadPilot   10: 70844416 op, 1001012187.00 ns, 14.1297 ns/op
WorkloadPilot   11: 70778880 op, 1004160600.00 ns, 14.1873 ns/op

OverheadWarmup   1: 70778880 op, 33746.00 ns, 0.0005 ns/op
OverheadWarmup   2: 70778880 op, 28547.00 ns, 0.0004 ns/op
OverheadWarmup   3: 70778880 op, 28386.00 ns, 0.0004 ns/op
OverheadWarmup   4: 70778880 op, 28733.00 ns, 0.0004 ns/op
OverheadWarmup   5: 70778880 op, 28421.00 ns, 0.0004 ns/op
OverheadWarmup   6: 70778880 op, 28394.00 ns, 0.0004 ns/op
OverheadWarmup   7: 70778880 op, 28393.00 ns, 0.0004 ns/op
OverheadWarmup   8: 70778880 op, 28523.00 ns, 0.0004 ns/op
OverheadWarmup   9: 70778880 op, 28389.00 ns, 0.0004 ns/op

OverheadActual   1: 70778880 op, 29083.00 ns, 0.0004 ns/op
OverheadActual   2: 70778880 op, 28598.00 ns, 0.0004 ns/op
OverheadActual   3: 70778880 op, 28806.00 ns, 0.0004 ns/op
OverheadActual   4: 70778880 op, 28329.00 ns, 0.0004 ns/op
OverheadActual   5: 70778880 op, 28620.00 ns, 0.0004 ns/op
OverheadActual   6: 70778880 op, 28409.00 ns, 0.0004 ns/op
OverheadActual   7: 70778880 op, 28523.00 ns, 0.0004 ns/op
OverheadActual   8: 70778880 op, 28325.00 ns, 0.0004 ns/op
OverheadActual   9: 70778880 op, 28306.00 ns, 0.0004 ns/op
OverheadActual  10: 70778880 op, 28402.00 ns, 0.0004 ns/op
OverheadActual  11: 70778880 op, 28314.00 ns, 0.0004 ns/op
OverheadActual  12: 70778880 op, 28308.00 ns, 0.0004 ns/op
OverheadActual  13: 70778880 op, 28320.00 ns, 0.0004 ns/op
OverheadActual  14: 70778880 op, 28442.00 ns, 0.0004 ns/op
OverheadActual  15: 70778880 op, 28345.00 ns, 0.0004 ns/op

WorkloadWarmup   1: 70778880 op, 999241919.00 ns, 14.1178 ns/op
WorkloadWarmup   2: 70778880 op, 1003588665.00 ns, 14.1792 ns/op
WorkloadWarmup   3: 70778880 op, 1031811823.00 ns, 14.5780 ns/op
WorkloadWarmup   4: 70778880 op, 999025527.00 ns, 14.1147 ns/op
WorkloadWarmup   5: 70778880 op, 1001537354.00 ns, 14.1502 ns/op
WorkloadWarmup   6: 70778880 op, 1003850839.00 ns, 14.1829 ns/op
WorkloadWarmup   7: 70778880 op, 1004295312.00 ns, 14.1892 ns/op
WorkloadWarmup   8: 70778880 op, 999686730.00 ns, 14.1241 ns/op
WorkloadWarmup   9: 70778880 op, 1000086141.00 ns, 14.1297 ns/op
WorkloadWarmup  10: 70778880 op, 998875621.00 ns, 14.1126 ns/op
WorkloadWarmup  11: 70778880 op, 1001092221.00 ns, 14.1439 ns/op
WorkloadWarmup  12: 70778880 op, 1006131268.00 ns, 14.2151 ns/op

// BeforeActualRun
WorkloadActual   1: 70778880 op, 999135747.00 ns, 14.1163 ns/op
WorkloadActual   2: 70778880 op, 1003567133.00 ns, 14.1789 ns/op
WorkloadActual   3: 70778880 op, 1001213667.00 ns, 14.1457 ns/op
WorkloadActual   4: 70778880 op, 998596415.00 ns, 14.1087 ns/op
WorkloadActual   5: 70778880 op, 1002369011.00 ns, 14.1620 ns/op
WorkloadActual   6: 70778880 op, 1008846634.00 ns, 14.2535 ns/op
WorkloadActual   7: 70778880 op, 999222975.00 ns, 14.1175 ns/op
WorkloadActual   8: 70778880 op, 999670290.00 ns, 14.1239 ns/op
WorkloadActual   9: 70778880 op, 998878135.00 ns, 14.1127 ns/op
WorkloadActual  10: 70778880 op, 1005024037.00 ns, 14.1995 ns/op
WorkloadActual  11: 70778880 op, 1003126343.00 ns, 14.1727 ns/op
WorkloadActual  12: 70778880 op, 999451298.00 ns, 14.1208 ns/op

// AfterActualRun
WorkloadResult   1: 70778880 op, 999107345.00 ns, 14.1159 ns/op
WorkloadResult   2: 70778880 op, 1003538731.00 ns, 14.1785 ns/op
WorkloadResult   3: 70778880 op, 1001185265.00 ns, 14.1453 ns/op
WorkloadResult   4: 70778880 op, 998568013.00 ns, 14.1083 ns/op
WorkloadResult   5: 70778880 op, 1002340609.00 ns, 14.1616 ns/op
WorkloadResult   6: 70778880 op, 1008818232.00 ns, 14.2531 ns/op
WorkloadResult   7: 70778880 op, 999194573.00 ns, 14.1171 ns/op
WorkloadResult   8: 70778880 op, 999641888.00 ns, 14.1234 ns/op
WorkloadResult   9: 70778880 op, 998849733.00 ns, 14.1123 ns/op
WorkloadResult  10: 70778880 op, 1004995635.00 ns, 14.1991 ns/op
WorkloadResult  11: 70778880 op, 1003097941.00 ns, 14.1723 ns/op
WorkloadResult  12: 70778880 op, 999422896.00 ns, 14.1204 ns/op
// GC:  0 0 0 0 70778880
// Threading:  0 0 70778880

// AfterAll
// Benchmark Process 199 has exited with code 0.

Mean = 14.151 ns, StdErr = 0.013 ns (0.09%), N = 12, StdDev = 0.044 ns
Min = 14.108 ns, Q1 = 14.117 ns, Median = 14.134 ns, Q3 = 14.174 ns, Max = 14.253 ns
IQR = 0.057 ns, LowerFence = 14.031 ns, UpperFence = 14.259 ns
ConfidenceInterval = [14.094 ns; 14.207 ns] (CI 99.9%), Margin = 0.057 ns (0.40% of Mean)
Skewness = 0.93, Kurtosis = 2.75, MValue = 2

// ** Remained 0 (0.0 %) benchmark(s) to run. Estimated finish 2026-09-09 1:50 (0h 0m from now) **
// ***** BenchmarkRunner: Finish  *****

// * Export *
  tmp/tl-final-baseline-r1/results/KernelBenchmarks-report.csv
  tmp/tl-final-baseline-r1/results/KernelBenchmarks-report-github.md
  tmp/tl-final-baseline-r1/results/KernelBenchmarks-report.html
  tmp/tl-final-baseline-r1/results/KernelBenchmarks-report-full.json

// * Detailed results *
KernelBenchmarks.SequentialSingle: JitCore4(Affinity=10000, IterationCount=12, IterationTime=1s, WarmupCount=12)
Runtime = .NET 10.0.11 (10.0.11, 10.0.1126.37416), X64 RyuJIT x86-64-v3; GC = Concurrent Workstation
Mean = 17.796 ns, StdErr = 0.002 ns (0.01%), N = 11, StdDev = 0.008 ns
Min = 17.788 ns, Q1 = 17.790 ns, Median = 17.795 ns, Q3 = 17.802 ns, Max = 17.812 ns
IQR = 0.012 ns, LowerFence = 17.772 ns, UpperFence = 17.820 ns
ConfidenceInterval = [17.786 ns; 17.807 ns] (CI 99.9%), Margin = 0.010 ns (0.06% of Mean)
Skewness = 0.6, Kurtosis = 2.05, MValue = 2
-------------------- Histogram --------------------
[17.784 ns ; 17.817 ns) | @@@@@@@@@@@
---------------------------------------------------

KernelBenchmarks.RandomSingle: JitCore4(Affinity=10000, IterationCount=12, IterationTime=1s, WarmupCount=12)
Runtime = .NET 10.0.11 (10.0.11, 10.0.1126.37416), X64 RyuJIT x86-64-v3; GC = Concurrent Workstation
Mean = 26.060 ns, StdErr = 0.006 ns (0.02%), N = 10, StdDev = 0.019 ns
Min = 26.034 ns, Q1 = 26.048 ns, Median = 26.060 ns, Q3 = 26.076 ns, Max = 26.087 ns
IQR = 0.028 ns, LowerFence = 26.005 ns, UpperFence = 26.119 ns
ConfidenceInterval = [26.032 ns; 26.088 ns] (CI 99.9%), Margin = 0.028 ns (0.11% of Mean)
Skewness = 0.03, Kurtosis = 1.36, MValue = 2
-------------------- Histogram --------------------
[26.023 ns ; 26.099 ns) | @@@@@@@@@@
---------------------------------------------------

KernelBenchmarks.SameTickSingle: JitCore4(Affinity=10000, IterationCount=12, IterationTime=1s, WarmupCount=12)
Runtime = .NET 10.0.11 (10.0.11, 10.0.1126.37416), X64 RyuJIT x86-64-v3; GC = Concurrent Workstation
Mean = 17.667 ns, StdErr = 0.002 ns (0.01%), N = 11, StdDev = 0.006 ns
Min = 17.658 ns, Q1 = 17.663 ns, Median = 17.666 ns, Q3 = 17.671 ns, Max = 17.677 ns
IQR = 0.008 ns, LowerFence = 17.651 ns, UpperFence = 17.683 ns
ConfidenceInterval = [17.659 ns; 17.675 ns] (CI 99.9%), Margin = 0.008 ns (0.05% of Mean)
Skewness = 0.14, Kurtosis = 1.69, MValue = 2
-------------------- Histogram --------------------
[17.655 ns ; 17.680 ns) | @@@@@@@@@@@
---------------------------------------------------

KernelBenchmarks.SequentialBatch8: JitCore4(Affinity=10000, IterationCount=12, IterationTime=1s, WarmupCount=12)
Runtime = .NET 10.0.11 (10.0.11, 10.0.1126.37416), X64 RyuJIT x86-64-v3; GC = Concurrent Workstation
Mean = 10.972 ns, StdErr = 0.005 ns (0.05%), N = 11, StdDev = 0.016 ns
Min = 10.955 ns, Q1 = 10.959 ns, Median = 10.966 ns, Q3 = 10.984 ns, Max = 11.006 ns
IQR = 0.025 ns, LowerFence = 10.921 ns, UpperFence = 11.021 ns
ConfidenceInterval = [10.949 ns; 10.994 ns] (CI 99.9%), Margin = 0.023 ns (0.21% of Mean)
Skewness = 0.7, Kurtosis = 2.06, MValue = 2
-------------------- Histogram --------------------
[10.945 ns ; 11.015 ns) | @@@@@@@@@@@
---------------------------------------------------

KernelBenchmarks.RandomBatch8: JitCore4(Affinity=10000, IterationCount=12, IterationTime=1s, WarmupCount=12)
Runtime = .NET 10.0.11 (10.0.11, 10.0.1126.37416), X64 RyuJIT x86-64-v3; GC = Concurrent Workstation
Mean = 16.280 ns, StdErr = 0.014 ns (0.09%), N = 9, StdDev = 0.043 ns
Min = 16.203 ns, Q1 = 16.265 ns, Median = 16.284 ns, Q3 = 16.291 ns, Max = 16.365 ns
IQR = 0.026 ns, LowerFence = 16.225 ns, UpperFence = 16.331 ns
ConfidenceInterval = [16.208 ns; 16.351 ns] (CI 99.9%), Margin = 0.072 ns (0.44% of Mean)
Skewness = 0.2, Kurtosis = 2.94, MValue = 2
-------------------- Histogram --------------------
[16.176 ns ; 16.392 ns) | @@@@@@@@@
---------------------------------------------------

KernelBenchmarks.SameTickBatch8: JitCore4(Affinity=10000, IterationCount=12, IterationTime=1s, WarmupCount=12)
Runtime = .NET 10.0.11 (10.0.11, 10.0.1126.37416), X64 RyuJIT x86-64-v3; GC = Concurrent Workstation
Mean = 14.151 ns, StdErr = 0.013 ns (0.09%), N = 12, StdDev = 0.044 ns
Min = 14.108 ns, Q1 = 14.117 ns, Median = 14.134 ns, Q3 = 14.174 ns, Max = 14.253 ns
IQR = 0.057 ns, LowerFence = 14.031 ns, UpperFence = 14.259 ns
ConfidenceInterval = [14.094 ns; 14.207 ns] (CI 99.9%), Margin = 0.057 ns (0.40% of Mean)
Skewness = 0.93, Kurtosis = 2.75, MValue = 2
-------------------- Histogram --------------------
[14.083 ns ; 14.279 ns) | @@@@@@@@@@@@
---------------------------------------------------

// * Summary *

BenchmarkDotNet v0.15.8, Linux Omarchy
Intel Core i9-14900K 0.80GHz, 1 CPU, 32 logical and 24 physical cores
.NET SDK 10.0.400
  [Host]   : .NET 10.0.11 (10.0.11, 10.0.1126.37416), X64 RyuJIT x86-64-v3
  JitCore4 : .NET 10.0.11 (10.0.11, 10.0.1126.37416), X64 RyuJIT x86-64-v3

Job=JitCore4  Affinity=10000  IterationCount=12  
IterationTime=1s  WarmupCount=12  

| Method           | Mean     | Error    | StdDev   | Median   | Allocated |
|----------------- |---------:|---------:|---------:|---------:|----------:|
| SequentialSingle | 17.80 ns | 0.010 ns | 0.008 ns | 17.80 ns |         - |
| RandomSingle     | 26.06 ns | 0.028 ns | 0.019 ns | 26.06 ns |         - |
| SameTickSingle   | 17.67 ns | 0.008 ns | 0.006 ns | 17.67 ns |         - |
| SequentialBatch8 | 10.97 ns | 0.023 ns | 0.016 ns | 10.97 ns |         - |
| RandomBatch8     | 16.28 ns | 0.072 ns | 0.043 ns | 16.28 ns |         - |
| SameTickBatch8   | 14.15 ns | 0.057 ns | 0.044 ns | 14.13 ns |         - |

// * Hints *
Outliers
  KernelBenchmarks.SequentialSingle: JitCore4 -> 1 outlier  was  removed (18.08 ns)
  KernelBenchmarks.RandomSingle: JitCore4     -> 2 outliers were removed (26.24 ns, 26.38 ns)
  KernelBenchmarks.SameTickSingle: JitCore4   -> 1 outlier  was  removed (17.90 ns)
  KernelBenchmarks.SequentialBatch8: JitCore4 -> 1 outlier  was  removed (11.12 ns)
  KernelBenchmarks.RandomBatch8: JitCore4     -> 3 outliers were removed (16.72 ns..17.28 ns)

// * Legends *
  Mean      : Arithmetic mean of all measurements
  Error     : Half of 99.9% confidence interval
  StdDev    : Standard deviation of all measurements
  Median    : Value separating the higher half of all measurements (50th percentile)
  Allocated : Allocated memory per single operation (managed only, inclusive, 1KB = 1024B)
  1 ns      : 1 Nanosecond (0.000000001 sec)

// * Diagnostic Output - MemoryDiagnoser *


// ***** BenchmarkRunner: End *****
Run time: 00:02:44 (164.31 sec), executed benchmarks: 6

Global total time: 00:02:50 (170.36 sec), executed benchmarks: 6
// * Artifacts cleanup *
Artifacts cleanup is finished
