PAIR-HANDLES PARITY PASS: 8192 rows x 240 steps over 8 variant timelines, forward and backward, bit-exact
host: Unix 7.2.5.3, .NET 10.0.12, procs 32
benchmark artifacts: /tmp/ab352/ph-base-3
// Validating benchmarks:
// ***** BenchmarkRunner: Start   *****
// ***** Found 14 benchmark(s) in total *****
// ***** Building 2 exe(s) in Parallel: Start   *****
// ***** Done, took 00:00:03 (3.48 sec)   *****
// Found 14 benchmarks:
//   PairHandleBenchmarks.Advance: Job-TZECNT(IterationCount=16, IterationTime=200ms, WarmupCount=8) [Shape=LaneUniform]
//   PairHandleBenchmarks.Advance: InProcess(Toolchain=InProcessEmitToolchain) [Shape=LaneUniform]
//   PairHandleBenchmarks.Advance: Job-TZECNT(IterationCount=16, IterationTime=200ms, WarmupCount=8) [Shape=PairOne]
//   PairHandleBenchmarks.Advance: InProcess(Toolchain=InProcessEmitToolchain) [Shape=PairOne]
//   PairHandleBenchmarks.Advance: Job-TZECNT(IterationCount=16, IterationTime=200ms, WarmupCount=8) [Shape=PairRuns8]
//   PairHandleBenchmarks.Advance: InProcess(Toolchain=InProcessEmitToolchain) [Shape=PairRuns8]
//   PairHandleBenchmarks.Advance: Job-TZECNT(IterationCount=16, IterationTime=200ms, WarmupCount=8) [Shape=PairAlternating8]
//   PairHandleBenchmarks.Advance: InProcess(Toolchain=InProcessEmitToolchain) [Shape=PairAlternating8]
//   PairHandleBenchmarks.Advance: Job-TZECNT(IterationCount=16, IterationTime=200ms, WarmupCount=8) [Shape=PairRuns8Waves]
//   PairHandleBenchmarks.Advance: InProcess(Toolchain=InProcessEmitToolchain) [Shape=PairRuns8Waves]
//   PairHandleBenchmarks.Advance: Job-TZECNT(IterationCount=16, IterationTime=200ms, WarmupCount=8) [Shape=PairBlocks8Waves]
//   PairHandleBenchmarks.Advance: InProcess(Toolchain=InProcessEmitToolchain) [Shape=PairBlocks8Waves]
//   PairHandleBenchmarks.Advance: Job-TZECNT(IterationCount=16, IterationTime=200ms, WarmupCount=8) [Shape=PairA(...)Waves [21]]
//   PairHandleBenchmarks.Advance: InProcess(Toolchain=InProcessEmitToolchain) [Shape=PairA(...)Waves [21]]

// **************************
// Benchmark: PairHandleBenchmarks.Advance: Job-TZECNT(IterationCount=16, IterationTime=200ms, WarmupCount=8) [Shape=LaneUniform]
// *** Execute ***
// Launch: 1 / 1
// Execute: dotnet PairHandles-Job-TZECNT-1.dll --anonymousPipes 138 139 --benchmarkName "PairHandles.PairHandleBenchmarks.Advance(Shape: LaneUniform)" --job "IterationCount=16, IterationTime=200ms, WarmupCount=8" --benchmarkId 0 in /home/i/GitHub/tl-ab352-base/benchmarks/PairHandles/bin/Release/net10.0/PairHandles-Job-TZECNT-1/bin/Release/net10.0
// Failed to set up high priority (Permission denied). In order to run benchmarks with high priority, make sure you have the right permissions.
// BeforeAnythingElse

// Benchmark Process Environment Information:
// BenchmarkDotNet v0.15.8
// Runtime=.NET 10.0.12 (10.0.12, 10.0.1226.42308), X64 RyuJIT x86-64-v3
// GC=Concurrent Workstation
// HardwareIntrinsics=AVX2+BMI1+BMI2+F16C+FMA+LZCNT+MOVBE,AVX,SSE3+SSSE3+SSE4.1+SSE4.2+POPCNT,X86Base+SSE+SSE2,AES+PCLMUL,AvxVnni,SERIALIZE VectorSize=256
// Job: Job-TZECNT(IterationCount=16, IterationTime=200ms, WarmupCount=8)

OverheadJitting  1: 1 op, 78857.00 ns, 78.8570 us/op
WorkloadJitting  1: 1 op, 10494514.00 ns, 10.4945 ms/op

OverheadJitting  2: 16 op, 100544.00 ns, 6.2840 us/op
WorkloadJitting  2: 16 op, 632663.00 ns, 39.5414 us/op

WorkloadPilot    1: 16 op, 524712.00 ns, 32.7945 us/op
WorkloadPilot    2: 6112 op, 197062739.00 ns, 32.2419 us/op
WorkloadPilot    3: 6208 op, 193817431.00 ns, 31.2206 us/op
WorkloadPilot    4: 6416 op, 202166279.00 ns, 31.5097 us/op
WorkloadPilot    5: 6352 op, 217843997.00 ns, 34.2953 us/op
WorkloadPilot    6: 5840 op, 194728333.00 ns, 33.3439 us/op
WorkloadPilot    7: 6000 op, 192698763.00 ns, 32.1165 us/op
WorkloadPilot    8: 6240 op, 218854452.00 ns, 35.0728 us/op

OverheadWarmup   1: 6240 op, 12277.00 ns, 1.9675 ns/op
OverheadWarmup   2: 6240 op, 11275.00 ns, 1.8069 ns/op
OverheadWarmup   3: 6240 op, 11208.00 ns, 1.7962 ns/op
OverheadWarmup   4: 6240 op, 15580.00 ns, 2.4968 ns/op
OverheadWarmup   5: 6240 op, 11103.00 ns, 1.7793 ns/op
OverheadWarmup   6: 6240 op, 10311.00 ns, 1.6524 ns/op
OverheadWarmup   7: 6240 op, 10258.00 ns, 1.6439 ns/op
OverheadWarmup   8: 6240 op, 10272.00 ns, 1.6462 ns/op
OverheadWarmup   9: 6240 op, 10302.00 ns, 1.6510 ns/op
OverheadWarmup  10: 6240 op, 10271.00 ns, 1.6460 ns/op

OverheadActual   1: 6240 op, 10728.00 ns, 1.7192 ns/op
OverheadActual   2: 6240 op, 10499.00 ns, 1.6825 ns/op
OverheadActual   3: 6240 op, 10464.00 ns, 1.6769 ns/op
OverheadActual   4: 6240 op, 10379.00 ns, 1.6633 ns/op
OverheadActual   5: 6240 op, 10483.00 ns, 1.6800 ns/op
OverheadActual   6: 6240 op, 10254.00 ns, 1.6433 ns/op
OverheadActual   7: 6240 op, 10233.00 ns, 1.6399 ns/op
OverheadActual   8: 6240 op, 10236.00 ns, 1.6404 ns/op
OverheadActual   9: 6240 op, 10253.00 ns, 1.6431 ns/op
OverheadActual  10: 6240 op, 10308.00 ns, 1.6519 ns/op
OverheadActual  11: 6240 op, 10301.00 ns, 1.6508 ns/op
OverheadActual  12: 6240 op, 10449.00 ns, 1.6745 ns/op
OverheadActual  13: 6240 op, 10260.00 ns, 1.6442 ns/op
OverheadActual  14: 6240 op, 10265.00 ns, 1.6450 ns/op
OverheadActual  15: 6240 op, 10266.00 ns, 1.6452 ns/op

WorkloadWarmup   1: 6240 op, 196681259.00 ns, 31.5194 us/op
WorkloadWarmup   2: 6240 op, 195056824.00 ns, 31.2591 us/op
WorkloadWarmup   3: 6240 op, 194526958.00 ns, 31.1742 us/op
WorkloadWarmup   4: 6240 op, 194543931.00 ns, 31.1769 us/op
WorkloadWarmup   5: 6240 op, 200815255.00 ns, 32.1819 us/op
WorkloadWarmup   6: 6240 op, 195816147.00 ns, 31.3808 us/op
WorkloadWarmup   7: 6240 op, 198324143.00 ns, 31.7827 us/op
WorkloadWarmup   8: 6240 op, 197003511.00 ns, 31.5711 us/op

// BeforeActualRun
WorkloadActual   1: 6240 op, 193652226.00 ns, 31.0340 us/op
WorkloadActual   2: 6240 op, 195633794.00 ns, 31.3516 us/op
WorkloadActual   3: 6240 op, 194857264.00 ns, 31.2271 us/op
WorkloadActual   4: 6240 op, 193773098.00 ns, 31.0534 us/op
WorkloadActual   5: 6240 op, 194387373.00 ns, 31.1518 us/op
WorkloadActual   6: 6240 op, 194169013.00 ns, 31.1168 us/op
WorkloadActual   7: 6240 op, 199716343.00 ns, 32.0058 us/op
WorkloadActual   8: 6240 op, 194186265.00 ns, 31.1196 us/op
WorkloadActual   9: 6240 op, 194897966.00 ns, 31.2336 us/op
WorkloadActual  10: 6240 op, 195336796.00 ns, 31.3040 us/op
WorkloadActual  11: 6240 op, 195084252.00 ns, 31.2635 us/op
WorkloadActual  12: 6240 op, 196425648.00 ns, 31.4785 us/op
WorkloadActual  13: 6240 op, 194465501.00 ns, 31.1643 us/op
WorkloadActual  14: 6240 op, 207270045.00 ns, 33.2164 us/op
WorkloadActual  15: 6240 op, 218519554.00 ns, 35.0192 us/op
WorkloadActual  16: 6240 op, 200553968.00 ns, 32.1401 us/op

// AfterActualRun
WorkloadResult   1: 6240 op, 193641925.00 ns, 31.0324 us/op
WorkloadResult   2: 6240 op, 195623493.00 ns, 31.3499 us/op
WorkloadResult   3: 6240 op, 194846963.00 ns, 31.2255 us/op
WorkloadResult   4: 6240 op, 193762797.00 ns, 31.0517 us/op
WorkloadResult   5: 6240 op, 194377072.00 ns, 31.1502 us/op
WorkloadResult   6: 6240 op, 194158712.00 ns, 31.1152 us/op
WorkloadResult   7: 6240 op, 199706042.00 ns, 32.0042 us/op
WorkloadResult   8: 6240 op, 194175964.00 ns, 31.1179 us/op
WorkloadResult   9: 6240 op, 194887665.00 ns, 31.2320 us/op
WorkloadResult  10: 6240 op, 195326495.00 ns, 31.3023 us/op
WorkloadResult  11: 6240 op, 195073951.00 ns, 31.2619 us/op
WorkloadResult  12: 6240 op, 196415347.00 ns, 31.4768 us/op
WorkloadResult  13: 6240 op, 194455200.00 ns, 31.1627 us/op
WorkloadResult  14: 6240 op, 200543667.00 ns, 32.1384 us/op
// GC:  0 0 0 0 6240
// Threading:  0 0 6240

// AfterAll
// Benchmark Process 154551 has exited with code 0.

Mean = 31.330 us, StdErr = 0.090 us (0.29%), N = 14, StdDev = 0.337 us
Min = 31.032 us, Q1 = 31.126 us, Median = 31.229 us, Q3 = 31.338 us, Max = 32.138 us
IQR = 0.212 us, LowerFence = 30.808 us, UpperFence = 31.656 us
ConfidenceInterval = [30.950 us; 31.710 us] (CI 99.9%), Margin = 0.380 us (1.21% of Mean)
Skewness = 1.42, Kurtosis = 3.64, MValue = 2

// ** Remained 13 (92.9 %) benchmark(s) to run. Estimated finish 2026-09-22 5:03 (0h 1m from now) **
// **************************
// Benchmark: PairHandleBenchmarks.Advance: InProcess(Toolchain=InProcessEmitToolchain) [Shape=LaneUniform]
// *** Execute ***
// Launch: 1 / 1
// ! Failed to set up priority High for process System.Diagnostics.Process (PairHandles). Make sure you have the right permissions. Message: Permission denied

// Benchmark Process Environment Information:
// BenchmarkDotNet v0.15.8
// Runtime=.NET 10.0.12 (10.0.12, 10.0.1226.42308), X64 RyuJIT x86-64-v3
// GC=Concurrent Workstation
// HardwareIntrinsics=AVX2+BMI1+BMI2+F16C+FMA+LZCNT+MOVBE,AVX,SSE3+SSSE3+SSE4.1+SSE4.2+POPCNT,X86Base+SSE+SSE2,AES+PCLMUL,AvxVnni,SERIALIZE VectorSize=256
// Job: Job-JWQWGO(Toolchain=InProcessEmitToolchain)

OverheadJitting  1: 1 op, 78565.00 ns, 78.5650 us/op
WorkloadJitting  1: 1 op, 1984680.00 ns, 1.9847 ms/op

OverheadJitting  2: 16 op, 113654.00 ns, 7.1034 us/op
WorkloadJitting  2: 16 op, 755901.00 ns, 47.2438 us/op

WorkloadPilot    1: 16 op, 575681.00 ns, 35.9801 us/op
WorkloadPilot    2: 32 op, 1122443.00 ns, 35.0763 us/op
WorkloadPilot    3: 64 op, 2225437.00 ns, 34.7725 us/op
WorkloadPilot    4: 128 op, 4335176.00 ns, 33.8686 us/op
WorkloadPilot    5: 256 op, 8758502.00 ns, 34.2129 us/op
WorkloadPilot    6: 512 op, 17507882.00 ns, 34.1951 us/op
WorkloadPilot    7: 1024 op, 34982213.00 ns, 34.1623 us/op
WorkloadPilot    8: 2048 op, 69790146.00 ns, 34.0772 us/op
WorkloadPilot    9: 4096 op, 136666074.00 ns, 33.3657 us/op
WorkloadPilot   10: 8192 op, 266121988.00 ns, 32.4856 us/op
WorkloadPilot   11: 16384 op, 533258372.00 ns, 32.5475 us/op

OverheadWarmup   1: 16384 op, 25413.00 ns, 1.5511 ns/op
OverheadWarmup   2: 16384 op, 21271.00 ns, 1.2983 ns/op
OverheadWarmup   3: 16384 op, 20396.00 ns, 1.2449 ns/op
OverheadWarmup   4: 16384 op, 20079.00 ns, 1.2255 ns/op
OverheadWarmup   5: 16384 op, 20430.00 ns, 1.2469 ns/op
OverheadWarmup   6: 16384 op, 20408.00 ns, 1.2456 ns/op
OverheadWarmup   7: 16384 op, 20394.00 ns, 1.2448 ns/op
OverheadWarmup   8: 16384 op, 20108.00 ns, 1.2273 ns/op
OverheadWarmup   9: 16384 op, 20101.00 ns, 1.2269 ns/op
OverheadWarmup  10: 16384 op, 20084.00 ns, 1.2258 ns/op

OverheadActual   1: 16384 op, 20215.00 ns, 1.2338 ns/op
OverheadActual   2: 16384 op, 20226.00 ns, 1.2345 ns/op
OverheadActual   3: 16384 op, 20576.00 ns, 1.2559 ns/op
OverheadActual   4: 16384 op, 20450.00 ns, 1.2482 ns/op
OverheadActual   5: 16384 op, 20546.00 ns, 1.2540 ns/op
OverheadActual   6: 16384 op, 20064.00 ns, 1.2246 ns/op
OverheadActual   7: 16384 op, 20096.00 ns, 1.2266 ns/op
OverheadActual   8: 16384 op, 20399.00 ns, 1.2451 ns/op
OverheadActual   9: 16384 op, 20431.00 ns, 1.2470 ns/op
OverheadActual  10: 16384 op, 20417.00 ns, 1.2462 ns/op
OverheadActual  11: 16384 op, 20429.00 ns, 1.2469 ns/op
OverheadActual  12: 16384 op, 20063.00 ns, 1.2245 ns/op
OverheadActual  13: 16384 op, 20205.00 ns, 1.2332 ns/op
OverheadActual  14: 16384 op, 20314.00 ns, 1.2399 ns/op
OverheadActual  15: 16384 op, 20051.00 ns, 1.2238 ns/op

WorkloadWarmup   1: 16384 op, 530628772.00 ns, 32.3870 us/op
WorkloadWarmup   2: 16384 op, 528800717.00 ns, 32.2754 us/op
WorkloadWarmup   3: 16384 op, 527943549.00 ns, 32.2231 us/op
WorkloadWarmup   4: 16384 op, 529085204.00 ns, 32.2928 us/op
WorkloadWarmup   5: 16384 op, 528980217.00 ns, 32.2864 us/op
WorkloadWarmup   6: 16384 op, 529000467.00 ns, 32.2876 us/op
WorkloadWarmup   7: 16384 op, 528466893.00 ns, 32.2551 us/op

WorkloadActual   1: 16384 op, 529846600.00 ns, 32.3393 us/op
WorkloadActual   2: 16384 op, 532956270.00 ns, 32.5291 us/op
WorkloadActual   3: 16384 op, 529916765.00 ns, 32.3436 us/op
WorkloadActual   4: 16384 op, 538773058.00 ns, 32.8841 us/op
WorkloadActual   5: 16384 op, 531823197.00 ns, 32.4599 us/op
WorkloadActual   6: 16384 op, 531025671.00 ns, 32.4112 us/op
WorkloadActual   7: 16384 op, 527900954.00 ns, 32.2205 us/op
WorkloadActual   8: 16384 op, 528706717.00 ns, 32.2697 us/op
WorkloadActual   9: 16384 op, 532174770.00 ns, 32.4814 us/op
WorkloadActual  10: 16384 op, 536073395.00 ns, 32.7193 us/op
WorkloadActual  11: 16384 op, 531374231.00 ns, 32.4325 us/op
WorkloadActual  12: 16384 op, 531627490.00 ns, 32.4480 us/op
WorkloadActual  13: 16384 op, 537946834.00 ns, 32.8337 us/op
WorkloadActual  14: 16384 op, 531261939.00 ns, 32.4257 us/op
WorkloadActual  15: 16384 op, 530050389.00 ns, 32.3517 us/op

WorkloadResult   1: 16384 op, 529826286.00 ns, 32.3380 us/op
WorkloadResult   2: 16384 op, 532935956.00 ns, 32.5278 us/op
WorkloadResult   3: 16384 op, 529896451.00 ns, 32.3423 us/op
WorkloadResult   4: 16384 op, 531802883.00 ns, 32.4587 us/op
WorkloadResult   5: 16384 op, 531005357.00 ns, 32.4100 us/op
WorkloadResult   6: 16384 op, 527880640.00 ns, 32.2193 us/op
WorkloadResult   7: 16384 op, 528686403.00 ns, 32.2685 us/op
WorkloadResult   8: 16384 op, 532154456.00 ns, 32.4801 us/op
WorkloadResult   9: 16384 op, 536053081.00 ns, 32.7181 us/op
WorkloadResult  10: 16384 op, 531353917.00 ns, 32.4313 us/op
WorkloadResult  11: 16384 op, 531607176.00 ns, 32.4467 us/op
WorkloadResult  12: 16384 op, 531241625.00 ns, 32.4244 us/op
WorkloadResult  13: 16384 op, 530030075.00 ns, 32.3505 us/op
// GC:  0 0 0 0 16384
// Threading:  0 0 16384


Mean = 32.417 us, StdErr = 0.035 us (0.11%), N = 13, StdDev = 0.125 us
Min = 32.219 us, Q1 = 32.342 us, Median = 32.424 us, Q3 = 32.459 us, Max = 32.718 us
IQR = 0.116 us, LowerFence = 32.168 us, UpperFence = 32.633 us
ConfidenceInterval = [32.267 us; 32.566 us] (CI 99.9%), Margin = 0.150 us (0.46% of Mean)
Skewness = 0.67, Kurtosis = 3.32, MValue = 2

// ** Remained 12 (85.7 %) benchmark(s) to run. Estimated finish 2026-09-22 5:04 (0h 1m from now) **
// **************************
// Benchmark: PairHandleBenchmarks.Advance: Job-TZECNT(IterationCount=16, IterationTime=200ms, WarmupCount=8) [Shape=PairOne]
// *** Execute ***
// Launch: 1 / 1
// Execute: dotnet PairHandles-Job-TZECNT-1.dll --anonymousPipes 118 119 --benchmarkName "PairHandles.PairHandleBenchmarks.Advance(Shape: PairOne)" --job "IterationCount=16, IterationTime=200ms, WarmupCount=8" --benchmarkId 1 in /home/i/GitHub/tl-ab352-base/benchmarks/PairHandles/bin/Release/net10.0/PairHandles-Job-TZECNT-1/bin/Release/net10.0
// Failed to set up high priority (Permission denied). In order to run benchmarks with high priority, make sure you have the right permissions.
// BeforeAnythingElse

// Benchmark Process Environment Information:
// BenchmarkDotNet v0.15.8
// Runtime=.NET 10.0.12 (10.0.12, 10.0.1226.42308), X64 RyuJIT x86-64-v3
// GC=Concurrent Workstation
// HardwareIntrinsics=AVX2+BMI1+BMI2+F16C+FMA+LZCNT+MOVBE,AVX,SSE3+SSSE3+SSE4.1+SSE4.2+POPCNT,X86Base+SSE+SSE2,AES+PCLMUL,AvxVnni,SERIALIZE VectorSize=256
// Job: Job-TZECNT(IterationCount=16, IterationTime=200ms, WarmupCount=8)

OverheadJitting  1: 1 op, 84505.00 ns, 84.5050 us/op
WorkloadJitting  1: 1 op, 10703605.00 ns, 10.7036 ms/op

OverheadJitting  2: 16 op, 110298.00 ns, 6.8936 us/op
WorkloadJitting  2: 16 op, 704134.00 ns, 44.0084 us/op

WorkloadPilot    1: 16 op, 605984.00 ns, 37.8740 us/op
WorkloadPilot    2: 5296 op, 180423984.00 ns, 34.0680 us/op
WorkloadPilot    3: 5872 op, 182764505.00 ns, 31.1247 us/op
WorkloadPilot    4: 6432 op, 200438880.00 ns, 31.1628 us/op

OverheadWarmup   1: 6432 op, 10764.00 ns, 1.6735 ns/op
OverheadWarmup   2: 6432 op, 10633.00 ns, 1.6531 ns/op
OverheadWarmup   3: 6432 op, 10561.00 ns, 1.6419 ns/op
OverheadWarmup   4: 6432 op, 10555.00 ns, 1.6410 ns/op
OverheadWarmup   5: 6432 op, 11585.00 ns, 1.8012 ns/op
OverheadWarmup   6: 6432 op, 10566.00 ns, 1.6427 ns/op
OverheadWarmup   7: 6432 op, 10545.00 ns, 1.6395 ns/op
OverheadWarmup   8: 6432 op, 10620.00 ns, 1.6511 ns/op
OverheadWarmup   9: 6432 op, 10621.00 ns, 1.6513 ns/op
OverheadWarmup  10: 6432 op, 10602.00 ns, 1.6483 ns/op

OverheadActual   1: 6432 op, 11121.00 ns, 1.7290 ns/op
OverheadActual   2: 6432 op, 10826.00 ns, 1.6831 ns/op
OverheadActual   3: 6432 op, 10838.00 ns, 1.6850 ns/op
OverheadActual   4: 6432 op, 10667.00 ns, 1.6584 ns/op
OverheadActual   5: 6432 op, 10811.00 ns, 1.6808 ns/op
OverheadActual   6: 6432 op, 14831.00 ns, 2.3058 ns/op
OverheadActual   7: 6432 op, 10574.00 ns, 1.6440 ns/op
OverheadActual   8: 6432 op, 10564.00 ns, 1.6424 ns/op
OverheadActual   9: 6432 op, 10566.00 ns, 1.6427 ns/op
OverheadActual  10: 6432 op, 10561.00 ns, 1.6419 ns/op
OverheadActual  11: 6432 op, 10710.00 ns, 1.6651 ns/op
OverheadActual  12: 6432 op, 10549.00 ns, 1.6401 ns/op
OverheadActual  13: 6432 op, 10604.00 ns, 1.6486 ns/op
OverheadActual  14: 6432 op, 10594.00 ns, 1.6471 ns/op
OverheadActual  15: 6432 op, 10607.00 ns, 1.6491 ns/op

WorkloadWarmup   1: 6432 op, 201280190.00 ns, 31.2936 us/op
WorkloadWarmup   2: 6432 op, 200965073.00 ns, 31.2446 us/op
WorkloadWarmup   3: 6432 op, 200726473.00 ns, 31.2075 us/op
WorkloadWarmup   4: 6432 op, 199391043.00 ns, 30.9999 us/op
WorkloadWarmup   5: 6432 op, 199625966.00 ns, 31.0364 us/op
WorkloadWarmup   6: 6432 op, 200571010.00 ns, 31.1833 us/op
WorkloadWarmup   7: 6432 op, 199526410.00 ns, 31.0209 us/op
WorkloadWarmup   8: 6432 op, 201764608.00 ns, 31.3689 us/op

// BeforeActualRun
WorkloadActual   1: 6432 op, 199930578.00 ns, 31.0837 us/op
WorkloadActual   2: 6432 op, 199488959.00 ns, 31.0151 us/op
WorkloadActual   3: 6432 op, 200359658.00 ns, 31.1504 us/op
WorkloadActual   4: 6432 op, 198310525.00 ns, 30.8319 us/op
WorkloadActual   5: 6432 op, 201267970.00 ns, 31.2917 us/op
WorkloadActual   6: 6432 op, 200078844.00 ns, 31.1068 us/op
WorkloadActual   7: 6432 op, 199132594.00 ns, 30.9597 us/op
WorkloadActual   8: 6432 op, 199971759.00 ns, 31.0901 us/op
WorkloadActual   9: 6432 op, 199875424.00 ns, 31.0752 us/op
WorkloadActual  10: 6432 op, 200547483.00 ns, 31.1796 us/op
WorkloadActual  11: 6432 op, 200242750.00 ns, 31.1323 us/op
WorkloadActual  12: 6432 op, 200482480.00 ns, 31.1695 us/op
WorkloadActual  13: 6432 op, 200698609.00 ns, 31.2031 us/op
WorkloadActual  14: 6432 op, 201644146.00 ns, 31.3501 us/op
WorkloadActual  15: 6432 op, 202031544.00 ns, 31.4104 us/op
WorkloadActual  16: 6432 op, 200458029.00 ns, 31.1657 us/op

// AfterActualRun
WorkloadResult   1: 6432 op, 199919971.00 ns, 31.0821 us/op
WorkloadResult   2: 6432 op, 199478352.00 ns, 31.0134 us/op
WorkloadResult   3: 6432 op, 200349051.00 ns, 31.1488 us/op
WorkloadResult   4: 6432 op, 198299918.00 ns, 30.8302 us/op
WorkloadResult   5: 6432 op, 201257363.00 ns, 31.2900 us/op
WorkloadResult   6: 6432 op, 200068237.00 ns, 31.1051 us/op
WorkloadResult   7: 6432 op, 199121987.00 ns, 30.9580 us/op
WorkloadResult   8: 6432 op, 199961152.00 ns, 31.0885 us/op
WorkloadResult   9: 6432 op, 199864817.00 ns, 31.0735 us/op
WorkloadResult  10: 6432 op, 200536876.00 ns, 31.1780 us/op
WorkloadResult  11: 6432 op, 200232143.00 ns, 31.1306 us/op
WorkloadResult  12: 6432 op, 200471873.00 ns, 31.1679 us/op
WorkloadResult  13: 6432 op, 200688002.00 ns, 31.2015 us/op
WorkloadResult  14: 6432 op, 200447422.00 ns, 31.1641 us/op
// GC:  0 0 0 0 6432
// Threading:  0 0 6432

// AfterAll
// Benchmark Process 154605 has exited with code 0.

Mean = 31.102 us, StdErr = 0.030 us (0.10%), N = 14, StdDev = 0.113 us
Min = 30.830 us, Q1 = 31.076 us, Median = 31.118 us, Q3 = 31.167 us, Max = 31.290 us
IQR = 0.091 us, LowerFence = 30.939 us, UpperFence = 31.304 us
ConfidenceInterval = [30.975 us; 31.230 us] (CI 99.9%), Margin = 0.128 us (0.41% of Mean)
Skewness = -0.75, Kurtosis = 3.23, MValue = 2

// ** Remained 11 (78.6 %) benchmark(s) to run. Estimated finish 2026-09-22 5:04 (0h 1m from now) **
// **************************
// Benchmark: PairHandleBenchmarks.Advance: InProcess(Toolchain=InProcessEmitToolchain) [Shape=PairOne]
// *** Execute ***
// Launch: 1 / 1
// ! Failed to set up priority High for process System.Diagnostics.Process (PairHandles). Make sure you have the right permissions. Message: Permission denied

// Benchmark Process Environment Information:
// BenchmarkDotNet v0.15.8
// Runtime=.NET 10.0.12 (10.0.12, 10.0.1226.42308), X64 RyuJIT x86-64-v3
// GC=Concurrent Workstation
// HardwareIntrinsics=AVX2+BMI1+BMI2+F16C+FMA+LZCNT+MOVBE,AVX,SSE3+SSSE3+SSE4.1+SSE4.2+POPCNT,X86Base+SSE+SSE2,AES+PCLMUL,AvxVnni,SERIALIZE VectorSize=256
// Job: Job-JWQWGO(Toolchain=InProcessEmitToolchain)

OverheadJitting  1: 1 op, 120549.00 ns, 120.5490 us/op
WorkloadJitting  1: 1 op, 125564.00 ns, 125.5640 us/op

OverheadJitting  2: 16 op, 113188.00 ns, 7.0743 us/op
WorkloadJitting  2: 16 op, 663813.00 ns, 41.4883 us/op

WorkloadPilot    1: 16 op, 563130.00 ns, 35.1956 us/op
WorkloadPilot    2: 32 op, 1100634.00 ns, 34.3948 us/op
WorkloadPilot    3: 64 op, 2210338.00 ns, 34.5365 us/op
WorkloadPilot    4: 128 op, 4017566.00 ns, 31.3872 us/op
WorkloadPilot    5: 256 op, 8405146.00 ns, 32.8326 us/op
WorkloadPilot    6: 512 op, 15715178.00 ns, 30.6937 us/op
WorkloadPilot    7: 1024 op, 33947355.00 ns, 33.1517 us/op
WorkloadPilot    8: 2048 op, 66476263.00 ns, 32.4591 us/op
WorkloadPilot    9: 4096 op, 125966191.00 ns, 30.7535 us/op
WorkloadPilot   10: 8192 op, 273610292.00 ns, 33.3997 us/op
WorkloadPilot   11: 16384 op, 526438513.00 ns, 32.1313 us/op

OverheadWarmup   1: 16384 op, 21634.00 ns, 1.3204 ns/op
OverheadWarmup   2: 16384 op, 20560.00 ns, 1.2549 ns/op
OverheadWarmup   3: 16384 op, 21071.00 ns, 1.2861 ns/op
OverheadWarmup   4: 16384 op, 20001.00 ns, 1.2208 ns/op
OverheadWarmup   5: 16384 op, 20557.00 ns, 1.2547 ns/op
OverheadWarmup   6: 16384 op, 21078.00 ns, 1.2865 ns/op
OverheadWarmup   7: 16384 op, 25560.00 ns, 1.5601 ns/op
OverheadWarmup   8: 16384 op, 21191.00 ns, 1.2934 ns/op

OverheadActual   1: 16384 op, 21259.00 ns, 1.2975 ns/op
OverheadActual   2: 16384 op, 21207.00 ns, 1.2944 ns/op
OverheadActual   3: 16384 op, 21074.00 ns, 1.2863 ns/op
OverheadActual   4: 16384 op, 21074.00 ns, 1.2863 ns/op
OverheadActual   5: 16384 op, 21045.00 ns, 1.2845 ns/op
OverheadActual   6: 16384 op, 21064.00 ns, 1.2856 ns/op
OverheadActual   7: 16384 op, 21042.00 ns, 1.2843 ns/op
OverheadActual   8: 16384 op, 21070.00 ns, 1.2860 ns/op
OverheadActual   9: 16384 op, 21023.00 ns, 1.2831 ns/op
OverheadActual  10: 16384 op, 21082.00 ns, 1.2867 ns/op
OverheadActual  11: 16384 op, 21502.00 ns, 1.3124 ns/op
OverheadActual  12: 16384 op, 21029.00 ns, 1.2835 ns/op
OverheadActual  13: 16384 op, 21049.00 ns, 1.2847 ns/op
OverheadActual  14: 16384 op, 21066.00 ns, 1.2858 ns/op
OverheadActual  15: 16384 op, 21053.00 ns, 1.2850 ns/op

WorkloadWarmup   1: 16384 op, 503419931.00 ns, 30.7263 us/op
WorkloadWarmup   2: 16384 op, 526673925.00 ns, 32.1456 us/op
WorkloadWarmup   3: 16384 op, 492067416.00 ns, 30.0334 us/op
WorkloadWarmup   4: 16384 op, 485126130.00 ns, 29.6097 us/op
WorkloadWarmup   5: 16384 op, 486227356.00 ns, 29.6770 us/op
WorkloadWarmup   6: 16384 op, 481902693.00 ns, 29.4130 us/op

WorkloadActual   1: 16384 op, 486863727.00 ns, 29.7158 us/op
WorkloadActual   2: 16384 op, 482533018.00 ns, 29.4515 us/op
WorkloadActual   3: 16384 op, 504736153.00 ns, 30.8066 us/op
WorkloadActual   4: 16384 op, 499509591.00 ns, 30.4876 us/op
WorkloadActual   5: 16384 op, 504410692.00 ns, 30.7868 us/op
WorkloadActual   6: 16384 op, 497687631.00 ns, 30.3764 us/op
WorkloadActual   7: 16384 op, 500514874.00 ns, 30.5490 us/op
WorkloadActual   8: 16384 op, 480570024.00 ns, 29.3317 us/op
WorkloadActual   9: 16384 op, 483990542.00 ns, 29.5404 us/op
WorkloadActual  10: 16384 op, 480878408.00 ns, 29.3505 us/op
WorkloadActual  11: 16384 op, 487359904.00 ns, 29.7461 us/op
WorkloadActual  12: 16384 op, 484960639.00 ns, 29.5996 us/op
WorkloadActual  13: 16384 op, 489780267.00 ns, 29.8938 us/op
WorkloadActual  14: 16384 op, 483343913.00 ns, 29.5010 us/op
WorkloadActual  15: 16384 op, 484877276.00 ns, 29.5946 us/op

WorkloadResult   1: 16384 op, 486842661.00 ns, 29.7145 us/op
WorkloadResult   2: 16384 op, 482511952.00 ns, 29.4502 us/op
WorkloadResult   3: 16384 op, 504715087.00 ns, 30.8054 us/op
WorkloadResult   4: 16384 op, 499488525.00 ns, 30.4864 us/op
WorkloadResult   5: 16384 op, 504389626.00 ns, 30.7855 us/op
WorkloadResult   6: 16384 op, 497666565.00 ns, 30.3752 us/op
WorkloadResult   7: 16384 op, 500493808.00 ns, 30.5477 us/op
WorkloadResult   8: 16384 op, 480548958.00 ns, 29.3304 us/op
WorkloadResult   9: 16384 op, 483969476.00 ns, 29.5392 us/op
WorkloadResult  10: 16384 op, 480857342.00 ns, 29.3492 us/op
WorkloadResult  11: 16384 op, 487338838.00 ns, 29.7448 us/op
WorkloadResult  12: 16384 op, 484939573.00 ns, 29.5984 us/op
WorkloadResult  13: 16384 op, 489759201.00 ns, 29.8925 us/op
WorkloadResult  14: 16384 op, 483322847.00 ns, 29.4997 us/op
WorkloadResult  15: 16384 op, 484856210.00 ns, 29.5933 us/op
// GC:  0 0 0 4656 16384
// Threading:  0 0 16384


Mean = 29.914 us, StdErr = 0.137 us (0.46%), N = 15, StdDev = 0.531 us
Min = 29.330 us, Q1 = 29.519 us, Median = 29.715 us, Q3 = 30.431 us, Max = 30.805 us
IQR = 0.911 us, LowerFence = 28.152 us, UpperFence = 31.798 us
ConfidenceInterval = [29.346 us; 30.482 us] (CI 99.9%), Margin = 0.568 us (1.90% of Mean)
Skewness = 0.55, Kurtosis = 1.55, MValue = 2

// ** Remained 10 (71.4 %) benchmark(s) to run. Estimated finish 2026-09-22 5:04 (0h 1m from now) **
// **************************
// Benchmark: PairHandleBenchmarks.Advance: Job-TZECNT(IterationCount=16, IterationTime=200ms, WarmupCount=8) [Shape=PairRuns8]
// *** Execute ***
// Launch: 1 / 1
// Execute: dotnet PairHandles-Job-TZECNT-1.dll --anonymousPipes 118 119 --benchmarkName "PairHandles.PairHandleBenchmarks.Advance(Shape: PairRuns8)" --job "IterationCount=16, IterationTime=200ms, WarmupCount=8" --benchmarkId 2 in /home/i/GitHub/tl-ab352-base/benchmarks/PairHandles/bin/Release/net10.0/PairHandles-Job-TZECNT-1/bin/Release/net10.0
// Failed to set up high priority (Permission denied). In order to run benchmarks with high priority, make sure you have the right permissions.
// BeforeAnythingElse

// Benchmark Process Environment Information:
// BenchmarkDotNet v0.15.8
// Runtime=.NET 10.0.12 (10.0.12, 10.0.1226.42308), X64 RyuJIT x86-64-v3
// GC=Concurrent Workstation
// HardwareIntrinsics=AVX2+BMI1+BMI2+F16C+FMA+LZCNT+MOVBE,AVX,SSE3+SSSE3+SSE4.1+SSE4.2+POPCNT,X86Base+SSE+SSE2,AES+PCLMUL,AvxVnni,SERIALIZE VectorSize=256
// Job: Job-TZECNT(IterationCount=16, IterationTime=200ms, WarmupCount=8)

OverheadJitting  1: 1 op, 74590.00 ns, 74.5900 us/op
WorkloadJitting  1: 1 op, 15583021.00 ns, 15.5830 ms/op

WorkloadPilot    1: 4 op, 989327.00 ns, 247.3318 us/op
WorkloadPilot    2: 809 op, 30739187.00 ns, 37.9965 us/op
WorkloadPilot    3: 5264 op, 200078127.00 ns, 38.0088 us/op
WorkloadPilot    4: 5262 op, 199520796.00 ns, 37.9173 us/op
WorkloadPilot    5: 5275 op, 199563505.00 ns, 37.8319 us/op
WorkloadPilot    6: 5287 op, 200922151.00 ns, 38.0031 us/op
WorkloadPilot    7: 5263 op, 198295756.00 ns, 37.6773 us/op
WorkloadPilot    8: 5308 op, 200675392.00 ns, 37.8062 us/op

WorkloadWarmup   1: 5308 op, 204816811.00 ns, 38.5864 us/op
WorkloadWarmup   2: 5308 op, 201597962.00 ns, 37.9800 us/op
WorkloadWarmup   3: 5308 op, 199997988.00 ns, 37.6786 us/op
WorkloadWarmup   4: 5308 op, 200688564.00 ns, 37.8087 us/op
WorkloadWarmup   5: 5308 op, 200322436.00 ns, 37.7397 us/op
WorkloadWarmup   6: 5308 op, 202745207.00 ns, 38.1962 us/op
WorkloadWarmup   7: 5308 op, 201323230.00 ns, 37.9283 us/op
WorkloadWarmup   8: 5308 op, 199812486.00 ns, 37.6436 us/op

// BeforeActualRun
WorkloadActual   1: 5308 op, 200378484.00 ns, 37.7503 us/op
WorkloadActual   2: 5308 op, 203379631.00 ns, 38.3157 us/op
WorkloadActual   3: 5308 op, 202124568.00 ns, 38.0792 us/op
WorkloadActual   4: 5308 op, 200285994.00 ns, 37.7329 us/op
WorkloadActual   5: 5308 op, 200080897.00 ns, 37.6942 us/op
WorkloadActual   6: 5308 op, 200410749.00 ns, 37.7564 us/op
WorkloadActual   7: 5308 op, 201287700.00 ns, 37.9216 us/op
WorkloadActual   8: 5308 op, 201436538.00 ns, 37.9496 us/op
WorkloadActual   9: 5308 op, 200675994.00 ns, 37.8063 us/op
WorkloadActual  10: 5308 op, 200207815.00 ns, 37.7181 us/op
WorkloadActual  11: 5308 op, 200581511.00 ns, 37.7885 us/op
WorkloadActual  12: 5308 op, 200836230.00 ns, 37.8365 us/op
WorkloadActual  13: 5308 op, 201455536.00 ns, 37.9532 us/op
WorkloadActual  14: 5308 op, 200909249.00 ns, 37.8503 us/op
WorkloadActual  15: 5308 op, 200291370.00 ns, 37.7339 us/op
WorkloadActual  16: 5308 op, 200678695.00 ns, 37.8068 us/op

// AfterActualRun
WorkloadResult   1: 5308 op, 200378484.00 ns, 37.7503 us/op
WorkloadResult   2: 5308 op, 202124568.00 ns, 38.0792 us/op
WorkloadResult   3: 5308 op, 200285994.00 ns, 37.7329 us/op
WorkloadResult   4: 5308 op, 200080897.00 ns, 37.6942 us/op
WorkloadResult   5: 5308 op, 200410749.00 ns, 37.7564 us/op
WorkloadResult   6: 5308 op, 201287700.00 ns, 37.9216 us/op
WorkloadResult   7: 5308 op, 201436538.00 ns, 37.9496 us/op
WorkloadResult   8: 5308 op, 200675994.00 ns, 37.8063 us/op
WorkloadResult   9: 5308 op, 200207815.00 ns, 37.7181 us/op
WorkloadResult  10: 5308 op, 200581511.00 ns, 37.7885 us/op
WorkloadResult  11: 5308 op, 200836230.00 ns, 37.8365 us/op
WorkloadResult  12: 5308 op, 201455536.00 ns, 37.9532 us/op
WorkloadResult  13: 5308 op, 200909249.00 ns, 37.8503 us/op
WorkloadResult  14: 5308 op, 200291370.00 ns, 37.7339 us/op
WorkloadResult  15: 5308 op, 200678695.00 ns, 37.8068 us/op
// GC:  0 0 0 0 5308
// Threading:  0 0 5308

// AfterAll
// Benchmark Process 154674 has exited with code 0.

Mean = 37.825 us, StdErr = 0.028 us (0.07%), N = 15, StdDev = 0.108 us
Min = 37.694 us, Q1 = 37.742 us, Median = 37.806 us, Q3 = 37.886 us, Max = 38.079 us
IQR = 0.144 us, LowerFence = 37.526 us, UpperFence = 38.102 us
ConfidenceInterval = [37.709 us; 37.941 us] (CI 99.9%), Margin = 0.116 us (0.31% of Mean)
Skewness = 0.81, Kurtosis = 2.61, MValue = 2

// ** Remained 9 (64.3 %) benchmark(s) to run. Estimated finish 2026-09-22 5:04 (0h 1m from now) **
// **************************
// Benchmark: PairHandleBenchmarks.Advance: InProcess(Toolchain=InProcessEmitToolchain) [Shape=PairRuns8]
// *** Execute ***
// Launch: 1 / 1
// ! Failed to set up priority High for process System.Diagnostics.Process (PairHandles). Make sure you have the right permissions. Message: Permission denied

// Benchmark Process Environment Information:
// BenchmarkDotNet v0.15.8
// Runtime=.NET 10.0.12 (10.0.12, 10.0.1226.42308), X64 RyuJIT x86-64-v3
// GC=Concurrent Workstation
// HardwareIntrinsics=AVX2+BMI1+BMI2+F16C+FMA+LZCNT+MOVBE,AVX,SSE3+SSSE3+SSE4.1+SSE4.2+POPCNT,X86Base+SSE+SSE2,AES+PCLMUL,AvxVnni,SERIALIZE VectorSize=256
// Job: Job-JWQWGO(Toolchain=InProcessEmitToolchain)

OverheadJitting  1: 1 op, 100652.00 ns, 100.6520 us/op
WorkloadJitting  1: 1 op, 140303.00 ns, 140.3030 us/op

OverheadJitting  2: 16 op, 104410.00 ns, 6.5256 us/op
WorkloadJitting  2: 16 op, 716226.00 ns, 44.7641 us/op

WorkloadPilot    1: 16 op, 619786.00 ns, 38.7366 us/op
WorkloadPilot    2: 32 op, 1228013.00 ns, 38.3754 us/op
WorkloadPilot    3: 64 op, 2442950.00 ns, 38.1711 us/op
WorkloadPilot    4: 128 op, 4867404.00 ns, 38.0266 us/op
WorkloadPilot    5: 256 op, 9888429.00 ns, 38.6267 us/op
WorkloadPilot    6: 512 op, 19511674.00 ns, 38.1087 us/op
WorkloadPilot    7: 1024 op, 38402954.00 ns, 37.5029 us/op
WorkloadPilot    8: 2048 op, 76801251.00 ns, 37.5006 us/op
WorkloadPilot    9: 4096 op, 152882641.00 ns, 37.3249 us/op
WorkloadPilot   10: 8192 op, 304228521.00 ns, 37.1373 us/op
WorkloadPilot   11: 16384 op, 613942190.00 ns, 37.4721 us/op

OverheadWarmup   1: 16384 op, 24478.00 ns, 1.4940 ns/op
OverheadWarmup   2: 16384 op, 20216.00 ns, 1.2339 ns/op
OverheadWarmup   3: 16384 op, 20150.00 ns, 1.2299 ns/op
OverheadWarmup   4: 16384 op, 20166.00 ns, 1.2308 ns/op
OverheadWarmup   5: 16384 op, 21219.00 ns, 1.2951 ns/op
OverheadWarmup   6: 16384 op, 20348.00 ns, 1.2419 ns/op
OverheadWarmup   7: 16384 op, 20334.00 ns, 1.2411 ns/op
OverheadWarmup   8: 16384 op, 20375.00 ns, 1.2436 ns/op
OverheadWarmup   9: 16384 op, 21086.00 ns, 1.2870 ns/op
OverheadWarmup  10: 16384 op, 20328.00 ns, 1.2407 ns/op

OverheadActual   1: 16384 op, 21093.00 ns, 1.2874 ns/op
OverheadActual   2: 16384 op, 21044.00 ns, 1.2844 ns/op
OverheadActual   3: 16384 op, 21055.00 ns, 1.2851 ns/op
OverheadActual   4: 16384 op, 21058.00 ns, 1.2853 ns/op
OverheadActual   5: 16384 op, 21089.00 ns, 1.2872 ns/op
OverheadActual   6: 16384 op, 21045.00 ns, 1.2845 ns/op
OverheadActual   7: 16384 op, 21070.00 ns, 1.2860 ns/op
OverheadActual   8: 16384 op, 21052.00 ns, 1.2849 ns/op
OverheadActual   9: 16384 op, 21060.00 ns, 1.2854 ns/op
OverheadActual  10: 16384 op, 21057.00 ns, 1.2852 ns/op
OverheadActual  11: 16384 op, 21085.00 ns, 1.2869 ns/op
OverheadActual  12: 16384 op, 21050.00 ns, 1.2848 ns/op
OverheadActual  13: 16384 op, 21050.00 ns, 1.2848 ns/op
OverheadActual  14: 16384 op, 21077.00 ns, 1.2864 ns/op
OverheadActual  15: 16384 op, 21051.00 ns, 1.2849 ns/op

WorkloadWarmup   1: 16384 op, 611727382.00 ns, 37.3369 us/op
WorkloadWarmup   2: 16384 op, 614003520.00 ns, 37.4758 us/op
WorkloadWarmup   3: 16384 op, 612307791.00 ns, 37.3723 us/op
WorkloadWarmup   4: 16384 op, 611580534.00 ns, 37.3279 us/op
WorkloadWarmup   5: 16384 op, 615018982.00 ns, 37.5378 us/op
WorkloadWarmup   6: 16384 op, 610544111.00 ns, 37.2647 us/op

WorkloadActual   1: 16384 op, 611468106.00 ns, 37.3211 us/op
WorkloadActual   2: 16384 op, 613790678.00 ns, 37.4628 us/op
WorkloadActual   3: 16384 op, 610616282.00 ns, 37.2691 us/op
WorkloadActual   4: 16384 op, 616365099.00 ns, 37.6199 us/op
WorkloadActual   5: 16384 op, 614001413.00 ns, 37.4757 us/op
WorkloadActual   6: 16384 op, 613040946.00 ns, 37.4170 us/op
WorkloadActual   7: 16384 op, 610616943.00 ns, 37.2691 us/op
WorkloadActual   8: 16384 op, 612469316.00 ns, 37.3822 us/op
WorkloadActual   9: 16384 op, 611714216.00 ns, 37.3361 us/op
WorkloadActual  10: 16384 op, 608830900.00 ns, 37.1601 us/op
WorkloadActual  11: 16384 op, 609975197.00 ns, 37.2299 us/op
WorkloadActual  12: 16384 op, 611608916.00 ns, 37.3296 us/op
WorkloadActual  13: 16384 op, 611324981.00 ns, 37.3123 us/op
WorkloadActual  14: 16384 op, 609600178.00 ns, 37.2070 us/op
WorkloadActual  15: 16384 op, 612410066.00 ns, 37.3785 us/op

WorkloadResult   1: 16384 op, 611447049.00 ns, 37.3198 us/op
WorkloadResult   2: 16384 op, 613769621.00 ns, 37.4615 us/op
WorkloadResult   3: 16384 op, 610595225.00 ns, 37.2678 us/op
WorkloadResult   4: 16384 op, 613980356.00 ns, 37.4744 us/op
WorkloadResult   5: 16384 op, 613019889.00 ns, 37.4158 us/op
WorkloadResult   6: 16384 op, 610595886.00 ns, 37.2678 us/op
WorkloadResult   7: 16384 op, 612448259.00 ns, 37.3809 us/op
WorkloadResult   8: 16384 op, 611693159.00 ns, 37.3348 us/op
WorkloadResult   9: 16384 op, 608809843.00 ns, 37.1588 us/op
WorkloadResult  10: 16384 op, 609954140.00 ns, 37.2286 us/op
WorkloadResult  11: 16384 op, 611587859.00 ns, 37.3284 us/op
WorkloadResult  12: 16384 op, 611303924.00 ns, 37.3110 us/op
WorkloadResult  13: 16384 op, 609579121.00 ns, 37.2058 us/op
WorkloadResult  14: 16384 op, 612389009.00 ns, 37.3773 us/op
// GC:  0 0 0 4656 16384
// Threading:  0 0 16384


Mean = 37.324 us, StdErr = 0.025 us (0.07%), N = 14, StdDev = 0.093 us
Min = 37.159 us, Q1 = 37.268 us, Median = 37.324 us, Q3 = 37.380 us, Max = 37.474 us
IQR = 0.112 us, LowerFence = 37.100 us, UpperFence = 37.548 us
ConfidenceInterval = [37.219 us; 37.429 us] (CI 99.9%), Margin = 0.105 us (0.28% of Mean)
Skewness = -0.02, Kurtosis = 1.89, MValue = 2

// ** Remained 8 (57.1 %) benchmark(s) to run. Estimated finish 2026-09-22 5:04 (0h 1m from now) **
// **************************
// Benchmark: PairHandleBenchmarks.Advance: Job-TZECNT(IterationCount=16, IterationTime=200ms, WarmupCount=8) [Shape=PairAlternating8]
// *** Execute ***
// Launch: 1 / 1
// Execute: dotnet PairHandles-Job-TZECNT-1.dll --anonymousPipes 118 119 --benchmarkName "PairHandles.PairHandleBenchmarks.Advance(Shape: PairAlternating8)" --job "IterationCount=16, IterationTime=200ms, WarmupCount=8" --benchmarkId 3 in /home/i/GitHub/tl-ab352-base/benchmarks/PairHandles/bin/Release/net10.0/PairHandles-Job-TZECNT-1/bin/Release/net10.0
// Failed to set up high priority (Permission denied). In order to run benchmarks with high priority, make sure you have the right permissions.
// BeforeAnythingElse

// Benchmark Process Environment Information:
// BenchmarkDotNet v0.15.8
// Runtime=.NET 10.0.12 (10.0.12, 10.0.1226.42308), X64 RyuJIT x86-64-v3
// GC=Concurrent Workstation
// HardwareIntrinsics=AVX2+BMI1+BMI2+F16C+FMA+LZCNT+MOVBE,AVX,SSE3+SSSE3+SSE4.1+SSE4.2+POPCNT,X86Base+SSE+SSE2,AES+PCLMUL,AvxVnni,SERIALIZE VectorSize=256
// Job: Job-TZECNT(IterationCount=16, IterationTime=200ms, WarmupCount=8)

OverheadJitting  1: 1 op, 79146.00 ns, 79.1460 us/op
WorkloadJitting  1: 1 op, 14172066.00 ns, 14.1721 ms/op

WorkloadPilot    1: 4 op, 303878.00 ns, 75.9695 us/op
WorkloadPilot    2: 2633 op, 183489624.00 ns, 69.6884 us/op
WorkloadPilot    3: 2870 op, 192905668.00 ns, 67.2145 us/op
WorkloadPilot    4: 2976 op, 196203120.00 ns, 65.9285 us/op
WorkloadPilot    5: 3034 op, 197022219.00 ns, 64.9381 us/op
WorkloadPilot    6: 3080 op, 201408906.00 ns, 65.3925 us/op
WorkloadPilot    7: 3058 op, 198916650.00 ns, 65.0480 us/op
WorkloadPilot    8: 3075 op, 202673362.00 ns, 65.9100 us/op
WorkloadPilot    9: 3034 op, 209593525.00 ns, 69.0816 us/op

WorkloadWarmup   1: 3034 op, 210955266.00 ns, 69.5304 us/op
WorkloadWarmup   2: 3034 op, 209010003.00 ns, 68.8893 us/op
WorkloadWarmup   3: 3034 op, 199626951.00 ns, 65.7966 us/op
WorkloadWarmup   4: 3034 op, 209748348.00 ns, 69.1326 us/op
WorkloadWarmup   5: 3034 op, 206733278.00 ns, 68.1389 us/op
WorkloadWarmup   6: 3034 op, 207055174.00 ns, 68.2449 us/op
WorkloadWarmup   7: 3034 op, 206044385.00 ns, 67.9118 us/op
WorkloadWarmup   8: 3034 op, 203247772.00 ns, 66.9900 us/op

// BeforeActualRun
WorkloadActual   1: 3034 op, 197394780.00 ns, 65.0609 us/op
WorkloadActual   2: 3034 op, 193878897.00 ns, 63.9021 us/op
WorkloadActual   3: 3034 op, 194083246.00 ns, 63.9694 us/op
WorkloadActual   4: 3034 op, 196164578.00 ns, 64.6554 us/op
WorkloadActual   5: 3034 op, 195117506.00 ns, 64.3103 us/op
WorkloadActual   6: 3034 op, 200873332.00 ns, 66.2074 us/op
WorkloadActual   7: 3034 op, 196107506.00 ns, 64.6366 us/op
WorkloadActual   8: 3034 op, 207858501.00 ns, 68.5097 us/op
WorkloadActual   9: 3034 op, 207207586.00 ns, 68.2952 us/op
WorkloadActual  10: 3034 op, 210875177.00 ns, 69.5040 us/op
WorkloadActual  11: 3034 op, 210636943.00 ns, 69.4255 us/op
WorkloadActual  12: 3034 op, 206925426.00 ns, 68.2022 us/op
WorkloadActual  13: 3034 op, 206847583.00 ns, 68.1765 us/op
WorkloadActual  14: 3034 op, 207441002.00 ns, 68.3721 us/op
WorkloadActual  15: 3034 op, 213015231.00 ns, 70.2094 us/op
WorkloadActual  16: 3034 op, 210184781.00 ns, 69.2765 us/op

// AfterActualRun
WorkloadResult   1: 3034 op, 197394780.00 ns, 65.0609 us/op
WorkloadResult   2: 3034 op, 193878897.00 ns, 63.9021 us/op
WorkloadResult   3: 3034 op, 194083246.00 ns, 63.9694 us/op
WorkloadResult   4: 3034 op, 196164578.00 ns, 64.6554 us/op
WorkloadResult   5: 3034 op, 195117506.00 ns, 64.3103 us/op
WorkloadResult   6: 3034 op, 200873332.00 ns, 66.2074 us/op
WorkloadResult   7: 3034 op, 196107506.00 ns, 64.6366 us/op
WorkloadResult   8: 3034 op, 207858501.00 ns, 68.5097 us/op
WorkloadResult   9: 3034 op, 207207586.00 ns, 68.2952 us/op
WorkloadResult  10: 3034 op, 210875177.00 ns, 69.5040 us/op
WorkloadResult  11: 3034 op, 210636943.00 ns, 69.4255 us/op
WorkloadResult  12: 3034 op, 206925426.00 ns, 68.2022 us/op
WorkloadResult  13: 3034 op, 206847583.00 ns, 68.1765 us/op
WorkloadResult  14: 3034 op, 207441002.00 ns, 68.3721 us/op
WorkloadResult  15: 3034 op, 213015231.00 ns, 70.2094 us/op
WorkloadResult  16: 3034 op, 210184781.00 ns, 69.2765 us/op
// GC:  0 0 0 0 3034
// Threading:  0 0 3034

// AfterAll
// Benchmark Process 154712 has exited with code 0.

Mean = 67.045 us, StdErr = 0.569 us (0.85%), N = 16, StdDev = 2.277 us
Min = 63.902 us, Q1 = 64.651 us, Median = 68.189 us, Q3 = 68.701 us, Max = 70.209 us
IQR = 4.051 us, LowerFence = 58.575 us, UpperFence = 74.777 us
ConfidenceInterval = [64.726 us; 69.363 us] (CI 99.9%), Margin = 2.318 us (3.46% of Mean)
Skewness = -0.18, Kurtosis = 1.24, MValue = 3.56

// ** Remained 7 (50.0 %) benchmark(s) to run. Estimated finish 2026-09-22 5:04 (0h 1m from now) **
// **************************
// Benchmark: PairHandleBenchmarks.Advance: InProcess(Toolchain=InProcessEmitToolchain) [Shape=PairAlternating8]
// *** Execute ***
// Launch: 1 / 1
// ! Failed to set up priority High for process System.Diagnostics.Process (PairHandles). Make sure you have the right permissions. Message: Permission denied

// Benchmark Process Environment Information:
// BenchmarkDotNet v0.15.8
// Runtime=.NET 10.0.12 (10.0.12, 10.0.1226.42308), X64 RyuJIT x86-64-v3
// GC=Concurrent Workstation
// HardwareIntrinsics=AVX2+BMI1+BMI2+F16C+FMA+LZCNT+MOVBE,AVX,SSE3+SSSE3+SSE4.1+SSE4.2+POPCNT,X86Base+SSE+SSE2,AES+PCLMUL,AvxVnni,SERIALIZE VectorSize=256
// Job: Job-JWQWGO(Toolchain=InProcessEmitToolchain)

OverheadJitting  1: 1 op, 95056.00 ns, 95.0560 us/op
WorkloadJitting  1: 1 op, 182285.00 ns, 182.2850 us/op

OverheadJitting  2: 16 op, 103920.00 ns, 6.4950 us/op
WorkloadJitting  2: 16 op, 1252161.00 ns, 78.2601 us/op

WorkloadPilot    1: 16 op, 1139225.00 ns, 71.2016 us/op
WorkloadPilot    2: 32 op, 2297042.00 ns, 71.7826 us/op
WorkloadPilot    3: 64 op, 4527510.00 ns, 70.7423 us/op
WorkloadPilot    4: 128 op, 9058828.00 ns, 70.7721 us/op
WorkloadPilot    5: 256 op, 18103364.00 ns, 70.7163 us/op
WorkloadPilot    6: 512 op, 36053398.00 ns, 70.4168 us/op
WorkloadPilot    7: 1024 op, 72213791.00 ns, 70.5213 us/op
WorkloadPilot    8: 2048 op, 138318590.00 ns, 67.5384 us/op
WorkloadPilot    9: 4096 op, 274281153.00 ns, 66.9632 us/op
WorkloadPilot   10: 8192 op, 543465032.00 ns, 66.3409 us/op

OverheadWarmup   1: 8192 op, 12143.00 ns, 1.4823 ns/op
OverheadWarmup   2: 8192 op, 11554.00 ns, 1.4104 ns/op
OverheadWarmup   3: 8192 op, 10398.00 ns, 1.2693 ns/op
OverheadWarmup   4: 8192 op, 10266.00 ns, 1.2532 ns/op
OverheadWarmup   5: 8192 op, 10228.00 ns, 1.2485 ns/op
OverheadWarmup   6: 8192 op, 10762.00 ns, 1.3137 ns/op
OverheadWarmup   7: 8192 op, 10581.00 ns, 1.2916 ns/op
OverheadWarmup   8: 8192 op, 10299.00 ns, 1.2572 ns/op
OverheadWarmup   9: 8192 op, 10240.00 ns, 1.2500 ns/op
OverheadWarmup  10: 8192 op, 10241.00 ns, 1.2501 ns/op

OverheadActual   1: 8192 op, 10212.00 ns, 1.2466 ns/op
OverheadActual   2: 8192 op, 10230.00 ns, 1.2488 ns/op
OverheadActual   3: 8192 op, 10590.00 ns, 1.2927 ns/op
OverheadActual   4: 8192 op, 10601.00 ns, 1.2941 ns/op
OverheadActual   5: 8192 op, 10591.00 ns, 1.2928 ns/op
OverheadActual   6: 8192 op, 10623.00 ns, 1.2968 ns/op
OverheadActual   7: 8192 op, 10611.00 ns, 1.2953 ns/op
OverheadActual   8: 8192 op, 10560.00 ns, 1.2891 ns/op
OverheadActual   9: 8192 op, 10608.00 ns, 1.2949 ns/op
OverheadActual  10: 8192 op, 10646.00 ns, 1.2996 ns/op
OverheadActual  11: 8192 op, 10246.00 ns, 1.2507 ns/op
OverheadActual  12: 8192 op, 10221.00 ns, 1.2477 ns/op
OverheadActual  13: 8192 op, 10566.00 ns, 1.2898 ns/op
OverheadActual  14: 8192 op, 10249.00 ns, 1.2511 ns/op
OverheadActual  15: 8192 op, 10222.00 ns, 1.2478 ns/op

WorkloadWarmup   1: 8192 op, 543599802.00 ns, 66.3574 us/op
WorkloadWarmup   2: 8192 op, 541208950.00 ns, 66.0655 us/op
WorkloadWarmup   3: 8192 op, 541834640.00 ns, 66.1419 us/op
WorkloadWarmup   4: 8192 op, 539122639.00 ns, 65.8109 us/op
WorkloadWarmup   5: 8192 op, 543662419.00 ns, 66.3650 us/op
WorkloadWarmup   6: 8192 op, 541700009.00 ns, 66.1255 us/op

WorkloadActual   1: 8192 op, 546670788.00 ns, 66.7323 us/op
WorkloadActual   2: 8192 op, 544141773.00 ns, 66.4236 us/op
WorkloadActual   3: 8192 op, 553053667.00 ns, 67.5114 us/op
WorkloadActual   4: 8192 op, 559431428.00 ns, 68.2900 us/op
WorkloadActual   5: 8192 op, 544308376.00 ns, 66.4439 us/op
WorkloadActual   6: 8192 op, 542525156.00 ns, 66.2262 us/op
WorkloadActual   7: 8192 op, 564478223.00 ns, 68.9060 us/op
WorkloadActual   8: 8192 op, 541691799.00 ns, 66.1245 us/op
WorkloadActual   9: 8192 op, 564658246.00 ns, 68.9280 us/op
WorkloadActual  10: 8192 op, 547928650.00 ns, 66.8858 us/op
WorkloadActual  11: 8192 op, 535495317.00 ns, 65.3681 us/op
WorkloadActual  12: 8192 op, 539730931.00 ns, 65.8851 us/op
WorkloadActual  13: 8192 op, 532582296.00 ns, 65.0125 us/op
WorkloadActual  14: 8192 op, 536238680.00 ns, 65.4588 us/op
WorkloadActual  15: 8192 op, 540302784.00 ns, 65.9549 us/op

WorkloadResult   1: 8192 op, 546660222.00 ns, 66.7310 us/op
WorkloadResult   2: 8192 op, 544131207.00 ns, 66.4223 us/op
WorkloadResult   3: 8192 op, 553043101.00 ns, 67.5101 us/op
WorkloadResult   4: 8192 op, 559420862.00 ns, 68.2887 us/op
WorkloadResult   5: 8192 op, 544297810.00 ns, 66.4426 us/op
WorkloadResult   6: 8192 op, 542514590.00 ns, 66.2249 us/op
WorkloadResult   7: 8192 op, 564467657.00 ns, 68.9047 us/op
WorkloadResult   8: 8192 op, 541681233.00 ns, 66.1232 us/op
WorkloadResult   9: 8192 op, 564647680.00 ns, 68.9267 us/op
WorkloadResult  10: 8192 op, 547918084.00 ns, 66.8845 us/op
WorkloadResult  11: 8192 op, 535484751.00 ns, 65.3668 us/op
WorkloadResult  12: 8192 op, 539720365.00 ns, 65.8838 us/op
WorkloadResult  13: 8192 op, 532571730.00 ns, 65.0112 us/op
WorkloadResult  14: 8192 op, 536228114.00 ns, 65.4575 us/op
WorkloadResult  15: 8192 op, 540292218.00 ns, 65.9536 us/op
// GC:  0 0 0 4656 8192
// Threading:  0 0 8192


Mean = 66.675 us, StdErr = 0.317 us (0.48%), N = 15, StdDev = 1.228 us
Min = 65.011 us, Q1 = 65.919 us, Median = 66.422 us, Q3 = 67.197 us, Max = 68.927 us
IQR = 1.279 us, LowerFence = 64.001 us, UpperFence = 69.115 us
ConfidenceInterval = [65.362 us; 67.989 us] (CI 99.9%), Margin = 1.313 us (1.97% of Mean)
Skewness = 0.63, Kurtosis = 2.09, MValue = 2

// ** Remained 6 (42.9 %) benchmark(s) to run. Estimated finish 2026-09-22 5:04 (0h 0m from now) **
// **************************
// Benchmark: PairHandleBenchmarks.Advance: Job-TZECNT(IterationCount=16, IterationTime=200ms, WarmupCount=8) [Shape=PairRuns8Waves]
// *** Execute ***
// Launch: 1 / 1
// Execute: dotnet PairHandles-Job-TZECNT-1.dll --anonymousPipes 118 119 --benchmarkName "PairHandles.PairHandleBenchmarks.Advance(Shape: PairRuns8Waves)" --job "IterationCount=16, IterationTime=200ms, WarmupCount=8" --benchmarkId 4 in /home/i/GitHub/tl-ab352-base/benchmarks/PairHandles/bin/Release/net10.0/PairHandles-Job-TZECNT-1/bin/Release/net10.0
// Failed to set up high priority (Permission denied). In order to run benchmarks with high priority, make sure you have the right permissions.
// BeforeAnythingElse

// Benchmark Process Environment Information:
// BenchmarkDotNet v0.15.8
// Runtime=.NET 10.0.12 (10.0.12, 10.0.1226.42308), X64 RyuJIT x86-64-v3
// GC=Concurrent Workstation
// HardwareIntrinsics=AVX2+BMI1+BMI2+F16C+FMA+LZCNT+MOVBE,AVX,SSE3+SSSE3+SSE4.1+SSE4.2+POPCNT,X86Base+SSE+SSE2,AES+PCLMUL,AvxVnni,SERIALIZE VectorSize=256
// Job: Job-TZECNT(IterationCount=16, IterationTime=200ms, WarmupCount=8)

OverheadJitting  1: 1 op, 77998.00 ns, 77.9980 us/op
WorkloadJitting  1: 1 op, 14719475.00 ns, 14.7195 ms/op

WorkloadPilot    1: 4 op, 1014579.00 ns, 253.6448 us/op
WorkloadPilot    2: 789 op, 26426161.00 ns, 33.4932 us/op
WorkloadPilot    3: 5971 op, 194150829.00 ns, 32.5156 us/op
WorkloadPilot    4: 6151 op, 210182983.00 ns, 34.1705 us/op
WorkloadPilot    5: 5853 op, 209420876.00 ns, 35.7801 us/op
WorkloadPilot    6: 5590 op, 200378667.00 ns, 35.8459 us/op

WorkloadWarmup   1: 5590 op, 198858705.00 ns, 35.5740 us/op
WorkloadWarmup   2: 5590 op, 199801821.00 ns, 35.7427 us/op
WorkloadWarmup   3: 5590 op, 201864776.00 ns, 36.1118 us/op
WorkloadWarmup   4: 5590 op, 200457086.00 ns, 35.8599 us/op
WorkloadWarmup   5: 5590 op, 197961289.00 ns, 35.4135 us/op
WorkloadWarmup   6: 5590 op, 196368384.00 ns, 35.1285 us/op
WorkloadWarmup   7: 5590 op, 181658379.00 ns, 32.4970 us/op
WorkloadWarmup   8: 5590 op, 180264228.00 ns, 32.2476 us/op

// BeforeActualRun
WorkloadActual   1: 5590 op, 199829449.00 ns, 35.7477 us/op
WorkloadActual   2: 5590 op, 198999962.00 ns, 35.5993 us/op
WorkloadActual   3: 5590 op, 193128870.00 ns, 34.5490 us/op
WorkloadActual   4: 5590 op, 179354321.00 ns, 32.0849 us/op
WorkloadActual   5: 5590 op, 179020236.00 ns, 32.0251 us/op
WorkloadActual   6: 5590 op, 180351865.00 ns, 32.2633 us/op
WorkloadActual   7: 5590 op, 177997049.00 ns, 31.8420 us/op
WorkloadActual   8: 5590 op, 177449116.00 ns, 31.7440 us/op
WorkloadActual   9: 5590 op, 180493635.00 ns, 32.2887 us/op
WorkloadActual  10: 5590 op, 177975226.00 ns, 31.8381 us/op
WorkloadActual  11: 5590 op, 180648277.00 ns, 32.3163 us/op
WorkloadActual  12: 5590 op, 197485851.00 ns, 35.3284 us/op
WorkloadActual  13: 5590 op, 197139830.00 ns, 35.2665 us/op
WorkloadActual  14: 5590 op, 183846995.00 ns, 32.8886 us/op
WorkloadActual  15: 5590 op, 180015577.00 ns, 32.2031 us/op
WorkloadActual  16: 5590 op, 179547649.00 ns, 32.1194 us/op

// AfterActualRun
WorkloadResult   1: 5590 op, 199829449.00 ns, 35.7477 us/op
WorkloadResult   2: 5590 op, 198999962.00 ns, 35.5993 us/op
WorkloadResult   3: 5590 op, 193128870.00 ns, 34.5490 us/op
WorkloadResult   4: 5590 op, 179354321.00 ns, 32.0849 us/op
WorkloadResult   5: 5590 op, 179020236.00 ns, 32.0251 us/op
WorkloadResult   6: 5590 op, 180351865.00 ns, 32.2633 us/op
WorkloadResult   7: 5590 op, 177997049.00 ns, 31.8420 us/op
WorkloadResult   8: 5590 op, 177449116.00 ns, 31.7440 us/op
WorkloadResult   9: 5590 op, 180493635.00 ns, 32.2887 us/op
WorkloadResult  10: 5590 op, 177975226.00 ns, 31.8381 us/op
WorkloadResult  11: 5590 op, 180648277.00 ns, 32.3163 us/op
WorkloadResult  12: 5590 op, 197485851.00 ns, 35.3284 us/op
WorkloadResult  13: 5590 op, 197139830.00 ns, 35.2665 us/op
WorkloadResult  14: 5590 op, 183846995.00 ns, 32.8886 us/op
WorkloadResult  15: 5590 op, 180015577.00 ns, 32.2031 us/op
WorkloadResult  16: 5590 op, 179547649.00 ns, 32.1194 us/op
// GC:  0 0 0 0 5590
// Threading:  0 0 5590

// AfterAll
// Benchmark Process 154826 has exited with code 0.

Mean = 33.132 us, StdErr = 0.387 us (1.17%), N = 16, StdDev = 1.549 us
Min = 31.744 us, Q1 = 32.070 us, Median = 32.276 us, Q3 = 34.728 us, Max = 35.748 us
IQR = 2.658 us, LowerFence = 28.082 us, UpperFence = 38.716 us
ConfidenceInterval = [31.555 us; 34.709 us] (CI 99.9%), Margin = 1.577 us (4.76% of Mean)
Skewness = 0.72, Kurtosis = 1.6, MValue = 2.91

// ** Remained 5 (35.7 %) benchmark(s) to run. Estimated finish 2026-09-22 5:04 (0h 0m from now) **
// **************************
// Benchmark: PairHandleBenchmarks.Advance: InProcess(Toolchain=InProcessEmitToolchain) [Shape=PairRuns8Waves]
// *** Execute ***
// Launch: 1 / 1
// ! Failed to set up priority High for process System.Diagnostics.Process (PairHandles). Make sure you have the right permissions. Message: Permission denied

// Benchmark Process Environment Information:
// BenchmarkDotNet v0.15.8
// Runtime=.NET 10.0.12 (10.0.12, 10.0.1226.42308), X64 RyuJIT x86-64-v3
// GC=Concurrent Workstation
// HardwareIntrinsics=AVX2+BMI1+BMI2+F16C+FMA+LZCNT+MOVBE,AVX,SSE3+SSSE3+SSE4.1+SSE4.2+POPCNT,X86Base+SSE+SSE2,AES+PCLMUL,AvxVnni,SERIALIZE VectorSize=256
// Job: Job-JWQWGO(Toolchain=InProcessEmitToolchain)

OverheadJitting  1: 1 op, 105826.00 ns, 105.8260 us/op
WorkloadJitting  1: 1 op, 142537.00 ns, 142.5370 us/op

OverheadJitting  2: 16 op, 103089.00 ns, 6.4431 us/op
WorkloadJitting  2: 16 op, 674190.00 ns, 42.1369 us/op

WorkloadPilot    1: 16 op, 574747.00 ns, 35.9217 us/op
WorkloadPilot    2: 32 op, 1146898.00 ns, 35.8406 us/op
WorkloadPilot    3: 64 op, 2267230.00 ns, 35.4255 us/op
WorkloadPilot    4: 128 op, 4514925.00 ns, 35.2729 us/op
WorkloadPilot    5: 256 op, 8995771.00 ns, 35.1397 us/op
WorkloadPilot    6: 512 op, 17119391.00 ns, 33.4363 us/op
WorkloadPilot    7: 1024 op, 33910122.00 ns, 33.1154 us/op
WorkloadPilot    8: 2048 op, 70325689.00 ns, 34.3387 us/op
WorkloadPilot    9: 4096 op, 141684530.00 ns, 34.5909 us/op
WorkloadPilot   10: 8192 op, 282628148.00 ns, 34.5005 us/op
WorkloadPilot   11: 16384 op, 568515472.00 ns, 34.6994 us/op

OverheadWarmup   1: 16384 op, 25073.00 ns, 1.5303 ns/op
OverheadWarmup   2: 16384 op, 21292.00 ns, 1.2996 ns/op
OverheadWarmup   3: 16384 op, 23962.00 ns, 1.4625 ns/op
OverheadWarmup   4: 16384 op, 21231.00 ns, 1.2958 ns/op
OverheadWarmup   5: 16384 op, 21088.00 ns, 1.2871 ns/op
OverheadWarmup   6: 16384 op, 21089.00 ns, 1.2872 ns/op
OverheadWarmup   7: 16384 op, 21083.00 ns, 1.2868 ns/op

OverheadActual   1: 16384 op, 21227.00 ns, 1.2956 ns/op
OverheadActual   2: 16384 op, 21096.00 ns, 1.2876 ns/op
OverheadActual   3: 16384 op, 21097.00 ns, 1.2877 ns/op
OverheadActual   4: 16384 op, 21098.00 ns, 1.2877 ns/op
OverheadActual   5: 16384 op, 21102.00 ns, 1.2880 ns/op
OverheadActual   6: 16384 op, 21074.00 ns, 1.2863 ns/op
OverheadActual   7: 16384 op, 21083.00 ns, 1.2868 ns/op
OverheadActual   8: 16384 op, 21087.00 ns, 1.2870 ns/op
OverheadActual   9: 16384 op, 21078.00 ns, 1.2865 ns/op
OverheadActual  10: 16384 op, 21075.00 ns, 1.2863 ns/op
OverheadActual  11: 16384 op, 21095.00 ns, 1.2875 ns/op
OverheadActual  12: 16384 op, 21075.00 ns, 1.2863 ns/op
OverheadActual  13: 16384 op, 21065.00 ns, 1.2857 ns/op
OverheadActual  14: 16384 op, 21076.00 ns, 1.2864 ns/op
OverheadActual  15: 16384 op, 21068.00 ns, 1.2859 ns/op

WorkloadWarmup   1: 16384 op, 544663362.00 ns, 33.2436 us/op
WorkloadWarmup   2: 16384 op, 540005137.00 ns, 32.9593 us/op
WorkloadWarmup   3: 16384 op, 537764601.00 ns, 32.8225 us/op
WorkloadWarmup   4: 16384 op, 538671882.00 ns, 32.8779 us/op
WorkloadWarmup   5: 16384 op, 537435304.00 ns, 32.8024 us/op
WorkloadWarmup   6: 16384 op, 537660006.00 ns, 32.8162 us/op
WorkloadWarmup   7: 16384 op, 542284208.00 ns, 33.0984 us/op
WorkloadWarmup   8: 16384 op, 538838491.00 ns, 32.8881 us/op

WorkloadActual   1: 16384 op, 541475595.00 ns, 33.0490 us/op
WorkloadActual   2: 16384 op, 538538163.00 ns, 32.8698 us/op
WorkloadActual   3: 16384 op, 544641249.00 ns, 33.2423 us/op
WorkloadActual   4: 16384 op, 537871178.00 ns, 32.8291 us/op
WorkloadActual   5: 16384 op, 540440163.00 ns, 32.9858 us/op
WorkloadActual   6: 16384 op, 558501583.00 ns, 34.0882 us/op
WorkloadActual   7: 16384 op, 567921691.00 ns, 34.6632 us/op
WorkloadActual   8: 16384 op, 550002032.00 ns, 33.5695 us/op
WorkloadActual   9: 16384 op, 543849301.00 ns, 33.1939 us/op
WorkloadActual  10: 16384 op, 545609938.00 ns, 33.3014 us/op
WorkloadActual  11: 16384 op, 547340368.00 ns, 33.4070 us/op
WorkloadActual  12: 16384 op, 554432315.00 ns, 33.8399 us/op
WorkloadActual  13: 16384 op, 560196821.00 ns, 34.1917 us/op
WorkloadActual  14: 16384 op, 560619303.00 ns, 34.2175 us/op
WorkloadActual  15: 16384 op, 555174871.00 ns, 33.8852 us/op

WorkloadResult   1: 16384 op, 541454512.00 ns, 33.0478 us/op
WorkloadResult   2: 16384 op, 538517080.00 ns, 32.8685 us/op
WorkloadResult   3: 16384 op, 544620166.00 ns, 33.2410 us/op
WorkloadResult   4: 16384 op, 537850095.00 ns, 32.8278 us/op
WorkloadResult   5: 16384 op, 540419080.00 ns, 32.9846 us/op
WorkloadResult   6: 16384 op, 558480500.00 ns, 34.0869 us/op
WorkloadResult   7: 16384 op, 567900608.00 ns, 34.6619 us/op
WorkloadResult   8: 16384 op, 549980949.00 ns, 33.5682 us/op
WorkloadResult   9: 16384 op, 543828218.00 ns, 33.1926 us/op
WorkloadResult  10: 16384 op, 545588855.00 ns, 33.3001 us/op
WorkloadResult  11: 16384 op, 547319285.00 ns, 33.4057 us/op
WorkloadResult  12: 16384 op, 554411232.00 ns, 33.8386 us/op
WorkloadResult  13: 16384 op, 560175738.00 ns, 34.1904 us/op
WorkloadResult  14: 16384 op, 560598220.00 ns, 34.2162 us/op
WorkloadResult  15: 16384 op, 555153788.00 ns, 33.8839 us/op
// GC:  0 0 0 4656 16384
// Threading:  0 0 16384


Mean = 33.554 us, StdErr = 0.145 us (0.43%), N = 15, StdDev = 0.563 us
Min = 32.828 us, Q1 = 33.120 us, Median = 33.406 us, Q3 = 33.985 us, Max = 34.662 us
IQR = 0.865 us, LowerFence = 31.822 us, UpperFence = 35.283 us
ConfidenceInterval = [32.952 us; 34.156 us] (CI 99.9%), Margin = 0.602 us (1.79% of Mean)
Skewness = 0.37, Kurtosis = 1.77, MValue = 2

// ** Remained 4 (28.6 %) benchmark(s) to run. Estimated finish 2026-09-22 5:04 (0h 0m from now) **
// **************************
// Benchmark: PairHandleBenchmarks.Advance: Job-TZECNT(IterationCount=16, IterationTime=200ms, WarmupCount=8) [Shape=PairBlocks8Waves]
// *** Execute ***
// Launch: 1 / 1
// Execute: dotnet PairHandles-Job-TZECNT-1.dll --anonymousPipes 118 119 --benchmarkName "PairHandles.PairHandleBenchmarks.Advance(Shape: PairBlocks8Waves)" --job "IterationCount=16, IterationTime=200ms, WarmupCount=8" --benchmarkId 5 in /home/i/GitHub/tl-ab352-base/benchmarks/PairHandles/bin/Release/net10.0/PairHandles-Job-TZECNT-1/bin/Release/net10.0
// Failed to set up high priority (Permission denied). In order to run benchmarks with high priority, make sure you have the right permissions.
// BeforeAnythingElse

// Benchmark Process Environment Information:
// BenchmarkDotNet v0.15.8
// Runtime=.NET 10.0.12 (10.0.12, 10.0.1226.42308), X64 RyuJIT x86-64-v3
// GC=Concurrent Workstation
// HardwareIntrinsics=AVX2+BMI1+BMI2+F16C+FMA+LZCNT+MOVBE,AVX,SSE3+SSSE3+SSE4.1+SSE4.2+POPCNT,X86Base+SSE+SSE2,AES+PCLMUL,AvxVnni,SERIALIZE VectorSize=256
// Job: Job-TZECNT(IterationCount=16, IterationTime=200ms, WarmupCount=8)

OverheadJitting  1: 1 op, 78768.00 ns, 78.7680 us/op
WorkloadJitting  1: 1 op, 14472323.00 ns, 14.4723 ms/op

WorkloadPilot    1: 4 op, 235854.00 ns, 58.9635 us/op
WorkloadPilot    2: 3392 op, 176958770.00 ns, 52.1694 us/op
WorkloadPilot    3: 3834 op, 187552348.00 ns, 48.9182 us/op
WorkloadPilot    4: 4088 op, 213083656.00 ns, 52.1242 us/op
WorkloadPilot    5: 3837 op, 175924254.00 ns, 45.8494 us/op
WorkloadPilot    6: 4362 op, 227715291.00 ns, 52.2043 us/op
WorkloadPilot    7: 3831 op, 199868491.00 ns, 52.1714 us/op
WorkloadPilot    8: 3834 op, 201099999.00 ns, 52.4517 us/op

WorkloadWarmup   1: 3834 op, 192947625.00 ns, 50.3254 us/op
WorkloadWarmup   2: 3834 op, 200129338.00 ns, 52.1986 us/op
WorkloadWarmup   3: 3834 op, 199882750.00 ns, 52.1343 us/op
WorkloadWarmup   4: 3834 op, 199240208.00 ns, 51.9667 us/op
WorkloadWarmup   5: 3834 op, 178319779.00 ns, 46.5101 us/op
WorkloadWarmup   6: 3834 op, 201058634.00 ns, 52.4410 us/op
WorkloadWarmup   7: 3834 op, 199931356.00 ns, 52.1469 us/op
WorkloadWarmup   8: 3834 op, 200053053.00 ns, 52.1787 us/op

// BeforeActualRun
WorkloadActual   1: 3834 op, 196750273.00 ns, 51.3172 us/op
WorkloadActual   2: 3834 op, 200413882.00 ns, 52.2728 us/op
WorkloadActual   3: 3834 op, 197940173.00 ns, 51.6276 us/op
WorkloadActual   4: 3834 op, 179582280.00 ns, 46.8394 us/op
WorkloadActual   5: 3834 op, 193196009.00 ns, 50.3902 us/op
WorkloadActual   6: 3834 op, 196941788.00 ns, 51.3672 us/op
WorkloadActual   7: 3834 op, 173560210.00 ns, 45.2687 us/op
WorkloadActual   8: 3834 op, 176882465.00 ns, 46.1352 us/op
WorkloadActual   9: 3834 op, 173451097.00 ns, 45.2402 us/op
WorkloadActual  10: 3834 op, 174002131.00 ns, 45.3840 us/op
WorkloadActual  11: 3834 op, 173813410.00 ns, 45.3347 us/op
WorkloadActual  12: 3834 op, 175375382.00 ns, 45.7421 us/op
WorkloadActual  13: 3834 op, 200999452.00 ns, 52.4255 us/op
WorkloadActual  14: 3834 op, 177694259.00 ns, 46.3470 us/op
WorkloadActual  15: 3834 op, 173898952.00 ns, 45.3571 us/op
WorkloadActual  16: 3834 op, 173736768.00 ns, 45.3148 us/op

// AfterActualRun
WorkloadResult   1: 3834 op, 196750273.00 ns, 51.3172 us/op
WorkloadResult   2: 3834 op, 200413882.00 ns, 52.2728 us/op
WorkloadResult   3: 3834 op, 197940173.00 ns, 51.6276 us/op
WorkloadResult   4: 3834 op, 179582280.00 ns, 46.8394 us/op
WorkloadResult   5: 3834 op, 193196009.00 ns, 50.3902 us/op
WorkloadResult   6: 3834 op, 196941788.00 ns, 51.3672 us/op
WorkloadResult   7: 3834 op, 173560210.00 ns, 45.2687 us/op
WorkloadResult   8: 3834 op, 176882465.00 ns, 46.1352 us/op
WorkloadResult   9: 3834 op, 173451097.00 ns, 45.2402 us/op
WorkloadResult  10: 3834 op, 174002131.00 ns, 45.3840 us/op
WorkloadResult  11: 3834 op, 173813410.00 ns, 45.3347 us/op
WorkloadResult  12: 3834 op, 175375382.00 ns, 45.7421 us/op
WorkloadResult  13: 3834 op, 200999452.00 ns, 52.4255 us/op
WorkloadResult  14: 3834 op, 177694259.00 ns, 46.3470 us/op
WorkloadResult  15: 3834 op, 173898952.00 ns, 45.3571 us/op
WorkloadResult  16: 3834 op, 173736768.00 ns, 45.3148 us/op
// GC:  0 0 0 0 3834
// Threading:  0 0 3834

// AfterAll
// Benchmark Process 154888 has exited with code 0.

Mean = 47.898 us, StdErr = 0.749 us (1.56%), N = 16, StdDev = 2.997 us
Min = 45.240 us, Q1 = 45.351 us, Median = 46.241 us, Q3 = 51.330 us, Max = 52.426 us
IQR = 5.978 us, LowerFence = 36.384 us, UpperFence = 60.297 us
ConfidenceInterval = [44.846 us; 50.950 us] (CI 99.9%), Margin = 3.052 us (6.37% of Mean)
Skewness = 0.47, Kurtosis = 1.24, MValue = 3.2

// ** Remained 3 (21.4 %) benchmark(s) to run. Estimated finish 2026-09-22 5:04 (0h 0m from now) **
// **************************
// Benchmark: PairHandleBenchmarks.Advance: InProcess(Toolchain=InProcessEmitToolchain) [Shape=PairBlocks8Waves]
// *** Execute ***
// Launch: 1 / 1
// ! Failed to set up priority High for process System.Diagnostics.Process (PairHandles). Make sure you have the right permissions. Message: Permission denied

// Benchmark Process Environment Information:
// BenchmarkDotNet v0.15.8
// Runtime=.NET 10.0.12 (10.0.12, 10.0.1226.42308), X64 RyuJIT x86-64-v3
// GC=Concurrent Workstation
// HardwareIntrinsics=AVX2+BMI1+BMI2+F16C+FMA+LZCNT+MOVBE,AVX,SSE3+SSSE3+SSE4.1+SSE4.2+POPCNT,X86Base+SSE+SSE2,AES+PCLMUL,AvxVnni,SERIALIZE VectorSize=256
// Job: Job-JWQWGO(Toolchain=InProcessEmitToolchain)

OverheadJitting  1: 1 op, 94169.00 ns, 94.1690 us/op
WorkloadJitting  1: 1 op, 158046.00 ns, 158.0460 us/op

OverheadJitting  2: 16 op, 117022.00 ns, 7.3139 us/op
WorkloadJitting  2: 16 op, 920058.00 ns, 57.5036 us/op

WorkloadPilot    1: 16 op, 805334.00 ns, 50.3334 us/op
WorkloadPilot    2: 32 op, 1603247.00 ns, 50.1015 us/op
WorkloadPilot    3: 64 op, 3200850.00 ns, 50.0133 us/op
WorkloadPilot    4: 128 op, 6232229.00 ns, 48.6893 us/op
WorkloadPilot    5: 256 op, 12191219.00 ns, 47.6219 us/op
WorkloadPilot    6: 512 op, 24451278.00 ns, 47.7564 us/op
WorkloadPilot    7: 1024 op, 48760177.00 ns, 47.6174 us/op
WorkloadPilot    8: 2048 op, 95102584.00 ns, 46.4368 us/op
WorkloadPilot    9: 4096 op, 192694070.00 ns, 47.0445 us/op
WorkloadPilot   10: 8192 op, 381793057.00 ns, 46.6056 us/op
WorkloadPilot   11: 16384 op, 765981324.00 ns, 46.7518 us/op

OverheadWarmup   1: 16384 op, 23025.00 ns, 1.4053 ns/op
OverheadWarmup   2: 16384 op, 21250.00 ns, 1.2970 ns/op
OverheadWarmup   3: 16384 op, 21056.00 ns, 1.2852 ns/op
OverheadWarmup   4: 16384 op, 21066.00 ns, 1.2858 ns/op
OverheadWarmup   5: 16384 op, 21060.00 ns, 1.2854 ns/op
OverheadWarmup   6: 16384 op, 21076.00 ns, 1.2864 ns/op
OverheadWarmup   7: 16384 op, 20380.00 ns, 1.2439 ns/op

OverheadActual   1: 16384 op, 20364.00 ns, 1.2429 ns/op
OverheadActual   2: 16384 op, 21831.00 ns, 1.3325 ns/op
OverheadActual   3: 16384 op, 21066.00 ns, 1.2858 ns/op
OverheadActual   4: 16384 op, 20341.00 ns, 1.2415 ns/op
OverheadActual   5: 16384 op, 20356.00 ns, 1.2424 ns/op
OverheadActual   6: 16384 op, 20354.00 ns, 1.2423 ns/op
OverheadActual   7: 16384 op, 21071.00 ns, 1.2861 ns/op
OverheadActual   8: 16384 op, 20348.00 ns, 1.2419 ns/op
OverheadActual   9: 16384 op, 20376.00 ns, 1.2437 ns/op
OverheadActual  10: 16384 op, 20345.00 ns, 1.2418 ns/op
OverheadActual  11: 16384 op, 20341.00 ns, 1.2415 ns/op
OverheadActual  12: 16384 op, 20339.00 ns, 1.2414 ns/op
OverheadActual  13: 16384 op, 20351.00 ns, 1.2421 ns/op
OverheadActual  14: 16384 op, 20338.00 ns, 1.2413 ns/op
OverheadActual  15: 16384 op, 20362.00 ns, 1.2428 ns/op

WorkloadWarmup   1: 16384 op, 763837701.00 ns, 46.6210 us/op
WorkloadWarmup   2: 16384 op, 758782222.00 ns, 46.3124 us/op
WorkloadWarmup   3: 16384 op, 789320902.00 ns, 48.1763 us/op
WorkloadWarmup   4: 16384 op, 762521354.00 ns, 46.5406 us/op
WorkloadWarmup   5: 16384 op, 765938045.00 ns, 46.7491 us/op
WorkloadWarmup   6: 16384 op, 764341302.00 ns, 46.6517 us/op

WorkloadActual   1: 16384 op, 763146481.00 ns, 46.5788 us/op
WorkloadActual   2: 16384 op, 767333236.00 ns, 46.8343 us/op
WorkloadActual   3: 16384 op, 769356174.00 ns, 46.9578 us/op
WorkloadActual   4: 16384 op, 767433653.00 ns, 46.8404 us/op
WorkloadActual   5: 16384 op, 767742133.00 ns, 46.8593 us/op
WorkloadActual   6: 16384 op, 777257936.00 ns, 47.4401 us/op
WorkloadActual   7: 16384 op, 775984599.00 ns, 47.3623 us/op
WorkloadActual   8: 16384 op, 762797970.00 ns, 46.5575 us/op
WorkloadActual   9: 16384 op, 768366594.00 ns, 46.8974 us/op
WorkloadActual  10: 16384 op, 768210413.00 ns, 46.8878 us/op
WorkloadActual  11: 16384 op, 769468645.00 ns, 46.9646 us/op
WorkloadActual  12: 16384 op, 764223075.00 ns, 46.6445 us/op
WorkloadActual  13: 16384 op, 774630873.00 ns, 47.2797 us/op
WorkloadActual  14: 16384 op, 797829343.00 ns, 48.6956 us/op
WorkloadActual  15: 16384 op, 781590896.00 ns, 47.7045 us/op

WorkloadResult   1: 16384 op, 763126127.00 ns, 46.5775 us/op
WorkloadResult   2: 16384 op, 767312882.00 ns, 46.8331 us/op
WorkloadResult   3: 16384 op, 769335820.00 ns, 46.9565 us/op
WorkloadResult   4: 16384 op, 767413299.00 ns, 46.8392 us/op
WorkloadResult   5: 16384 op, 767721779.00 ns, 46.8580 us/op
WorkloadResult   6: 16384 op, 777237582.00 ns, 47.4388 us/op
WorkloadResult   7: 16384 op, 775964245.00 ns, 47.3611 us/op
WorkloadResult   8: 16384 op, 762777616.00 ns, 46.5563 us/op
WorkloadResult   9: 16384 op, 768346240.00 ns, 46.8961 us/op
WorkloadResult  10: 16384 op, 768190059.00 ns, 46.8866 us/op
WorkloadResult  11: 16384 op, 769448291.00 ns, 46.9634 us/op
WorkloadResult  12: 16384 op, 764202721.00 ns, 46.6432 us/op
WorkloadResult  13: 16384 op, 774610519.00 ns, 47.2785 us/op
WorkloadResult  14: 16384 op, 781570542.00 ns, 47.7033 us/op
// GC:  0 0 0 4656 16384
// Threading:  0 0 16384


Mean = 46.985 us, StdErr = 0.091 us (0.19%), N = 14, StdDev = 0.339 us
Min = 46.556 us, Q1 = 46.835 us, Median = 46.891 us, Q3 = 47.200 us, Max = 47.703 us
IQR = 0.365 us, LowerFence = 46.287 us, UpperFence = 47.747 us
ConfidenceInterval = [46.603 us; 47.368 us] (CI 99.9%), Margin = 0.383 us (0.81% of Mean)
Skewness = 0.63, Kurtosis = 2.23, MValue = 2

// ** Remained 2 (14.3 %) benchmark(s) to run. Estimated finish 2026-09-22 5:04 (0h 0m from now) **
// **************************
// Benchmark: PairHandleBenchmarks.Advance: Job-TZECNT(IterationCount=16, IterationTime=200ms, WarmupCount=8) [Shape=PairA(...)Waves [21]]
// *** Execute ***
// Launch: 1 / 1
// Execute: dotnet PairHandles-Job-TZECNT-1.dll --anonymousPipes 118 119 --benchmarkName "PairHandles.PairHandleBenchmarks.Advance(Shape: PairAlternating8Waves)" --job "IterationCount=16, IterationTime=200ms, WarmupCount=8" --benchmarkId 6 in /home/i/GitHub/tl-ab352-base/benchmarks/PairHandles/bin/Release/net10.0/PairHandles-Job-TZECNT-1/bin/Release/net10.0
// Failed to set up high priority (Permission denied). In order to run benchmarks with high priority, make sure you have the right permissions.
// BeforeAnythingElse

// Benchmark Process Environment Information:
// BenchmarkDotNet v0.15.8
// Runtime=.NET 10.0.12 (10.0.12, 10.0.1226.42308), X64 RyuJIT x86-64-v3
// GC=Concurrent Workstation
// HardwareIntrinsics=AVX2+BMI1+BMI2+F16C+FMA+LZCNT+MOVBE,AVX,SSE3+SSSE3+SSE4.1+SSE4.2+POPCNT,X86Base+SSE+SSE2,AES+PCLMUL,AvxVnni,SERIALIZE VectorSize=256
// Job: Job-TZECNT(IterationCount=16, IterationTime=200ms, WarmupCount=8)

OverheadJitting  1: 1 op, 78530.00 ns, 78.5300 us/op
WorkloadJitting  1: 1 op, 13853086.00 ns, 13.8531 ms/op

WorkloadPilot    1: 4 op, 289054.00 ns, 72.2635 us/op
WorkloadPilot    2: 2768 op, 178426493.00 ns, 64.4604 us/op
WorkloadPilot    3: 3103 op, 202505941.00 ns, 65.2613 us/op
WorkloadPilot    4: 3065 op, 196557705.00 ns, 64.1298 us/op
WorkloadPilot    5: 3119 op, 181207563.00 ns, 58.0980 us/op
WorkloadPilot    6: 3442 op, 199374192.00 ns, 57.9239 us/op
WorkloadPilot    7: 3453 op, 199772760.00 ns, 57.8548 us/op
WorkloadPilot    8: 3457 op, 199072894.00 ns, 57.5854 us/op
WorkloadPilot    9: 3473 op, 201583785.00 ns, 58.0431 us/op
WorkloadPilot   10: 3446 op, 202082278.00 ns, 58.6426 us/op

WorkloadWarmup   1: 3446 op, 201377882.00 ns, 58.4382 us/op
WorkloadWarmup   2: 3446 op, 199433362.00 ns, 57.8739 us/op
WorkloadWarmup   3: 3446 op, 199611692.00 ns, 57.9256 us/op
WorkloadWarmup   4: 3446 op, 202711885.00 ns, 58.8253 us/op
WorkloadWarmup   5: 3446 op, 225515053.00 ns, 65.4426 us/op
WorkloadWarmup   6: 3446 op, 223932877.00 ns, 64.9834 us/op
WorkloadWarmup   7: 3446 op, 199254522.00 ns, 57.8220 us/op
WorkloadWarmup   8: 3446 op, 222090606.00 ns, 64.4488 us/op

// BeforeActualRun
WorkloadActual   1: 3446 op, 198775717.00 ns, 57.6830 us/op
WorkloadActual   2: 3446 op, 204438851.00 ns, 59.3264 us/op
WorkloadActual   3: 3446 op, 203958279.00 ns, 59.1870 us/op
WorkloadActual   4: 3446 op, 226399046.00 ns, 65.6991 us/op
WorkloadActual   5: 3446 op, 210328190.00 ns, 61.0355 us/op
WorkloadActual   6: 3446 op, 226507904.00 ns, 65.7307 us/op
WorkloadActual   7: 3446 op, 199164782.00 ns, 57.7959 us/op
WorkloadActual   8: 3446 op, 199299689.00 ns, 57.8351 us/op
WorkloadActual   9: 3446 op, 199488201.00 ns, 57.8898 us/op
WorkloadActual  10: 3446 op, 202244056.00 ns, 58.6895 us/op
WorkloadActual  11: 3446 op, 200743037.00 ns, 58.2539 us/op
WorkloadActual  12: 3446 op, 198358230.00 ns, 57.5619 us/op
WorkloadActual  13: 3446 op, 223135504.00 ns, 64.7520 us/op
WorkloadActual  14: 3446 op, 225389119.00 ns, 65.4060 us/op
WorkloadActual  15: 3446 op, 225938050.00 ns, 65.5653 us/op
WorkloadActual  16: 3446 op, 211574139.00 ns, 61.3970 us/op

// AfterActualRun
WorkloadResult   1: 3446 op, 198775717.00 ns, 57.6830 us/op
WorkloadResult   2: 3446 op, 204438851.00 ns, 59.3264 us/op
WorkloadResult   3: 3446 op, 203958279.00 ns, 59.1870 us/op
WorkloadResult   4: 3446 op, 226399046.00 ns, 65.6991 us/op
WorkloadResult   5: 3446 op, 210328190.00 ns, 61.0355 us/op
WorkloadResult   6: 3446 op, 226507904.00 ns, 65.7307 us/op
WorkloadResult   7: 3446 op, 199164782.00 ns, 57.7959 us/op
WorkloadResult   8: 3446 op, 199299689.00 ns, 57.8351 us/op
WorkloadResult   9: 3446 op, 199488201.00 ns, 57.8898 us/op
WorkloadResult  10: 3446 op, 202244056.00 ns, 58.6895 us/op
WorkloadResult  11: 3446 op, 200743037.00 ns, 58.2539 us/op
WorkloadResult  12: 3446 op, 198358230.00 ns, 57.5619 us/op
WorkloadResult  13: 3446 op, 223135504.00 ns, 64.7520 us/op
WorkloadResult  14: 3446 op, 225389119.00 ns, 65.4060 us/op
WorkloadResult  15: 3446 op, 225938050.00 ns, 65.5653 us/op
WorkloadResult  16: 3446 op, 211574139.00 ns, 61.3970 us/op
// GC:  0 0 0 0 3446
// Threading:  0 0 3446

// AfterAll
// Benchmark Process 154932 has exited with code 0.

Mean = 60.863 us, StdErr = 0.843 us (1.38%), N = 16, StdDev = 3.370 us
Min = 57.562 us, Q1 = 57.876 us, Median = 59.257 us, Q3 = 64.916 us, Max = 65.731 us
IQR = 7.039 us, LowerFence = 47.317 us, UpperFence = 75.475 us
ConfidenceInterval = [57.431 us; 64.295 us] (CI 99.9%), Margin = 3.432 us (5.64% of Mean)
Skewness = 0.49, Kurtosis = 1.36, MValue = 2.8

// ** Remained 1 (7.1 %) benchmark(s) to run. Estimated finish 2026-09-22 5:04 (0h 0m from now) **
// **************************
// Benchmark: PairHandleBenchmarks.Advance: InProcess(Toolchain=InProcessEmitToolchain) [Shape=PairA(...)Waves [21]]
// *** Execute ***
// Launch: 1 / 1
// ! Failed to set up priority High for process System.Diagnostics.Process (PairHandles). Make sure you have the right permissions. Message: Permission denied

// Benchmark Process Environment Information:
// BenchmarkDotNet v0.15.8
// Runtime=.NET 10.0.12 (10.0.12, 10.0.1226.42308), X64 RyuJIT x86-64-v3
// GC=Concurrent Workstation
// HardwareIntrinsics=AVX2+BMI1+BMI2+F16C+FMA+LZCNT+MOVBE,AVX,SSE3+SSSE3+SSE4.1+SSE4.2+POPCNT,X86Base+SSE+SSE2,AES+PCLMUL,AvxVnni,SERIALIZE VectorSize=256
// Job: Job-JWQWGO(Toolchain=InProcessEmitToolchain)

OverheadJitting  1: 1 op, 129294.00 ns, 129.2940 us/op
WorkloadJitting  1: 1 op, 161296.00 ns, 161.2960 us/op

OverheadJitting  2: 16 op, 108854.00 ns, 6.8034 us/op
WorkloadJitting  2: 16 op, 1057194.00 ns, 66.0746 us/op

WorkloadPilot    1: 16 op, 943526.00 ns, 58.9704 us/op
WorkloadPilot    2: 32 op, 1956074.00 ns, 61.1273 us/op
WorkloadPilot    3: 64 op, 4028004.00 ns, 62.9376 us/op
WorkloadPilot    4: 128 op, 8047772.00 ns, 62.8732 us/op
WorkloadPilot    5: 256 op, 16128703.00 ns, 63.0027 us/op
WorkloadPilot    6: 512 op, 32208365.00 ns, 62.9070 us/op
WorkloadPilot    7: 1024 op, 63696833.00 ns, 62.2039 us/op
WorkloadPilot    8: 2048 op, 128035018.00 ns, 62.5171 us/op
WorkloadPilot    9: 4096 op, 245087404.00 ns, 59.8358 us/op
WorkloadPilot   10: 8192 op, 479303781.00 ns, 58.5088 us/op
WorkloadPilot   11: 16384 op, 974244959.00 ns, 59.4632 us/op

OverheadWarmup   1: 16384 op, 22650.00 ns, 1.3824 ns/op
OverheadWarmup   2: 16384 op, 29791.00 ns, 1.8183 ns/op
OverheadWarmup   3: 16384 op, 21094.00 ns, 1.2875 ns/op
OverheadWarmup   4: 16384 op, 21261.00 ns, 1.2977 ns/op
OverheadWarmup   5: 16384 op, 21220.00 ns, 1.2952 ns/op

OverheadActual   1: 16384 op, 21071.00 ns, 1.2861 ns/op
OverheadActual   2: 16384 op, 21053.00 ns, 1.2850 ns/op
OverheadActual   3: 16384 op, 21086.00 ns, 1.2870 ns/op
OverheadActual   4: 16384 op, 21086.00 ns, 1.2870 ns/op
OverheadActual   5: 16384 op, 21050.00 ns, 1.2848 ns/op
OverheadActual   6: 16384 op, 21071.00 ns, 1.2861 ns/op
OverheadActual   7: 16384 op, 21045.00 ns, 1.2845 ns/op
OverheadActual   8: 16384 op, 21058.00 ns, 1.2853 ns/op
OverheadActual   9: 16384 op, 21042.00 ns, 1.2843 ns/op
OverheadActual  10: 16384 op, 21075.00 ns, 1.2863 ns/op
OverheadActual  11: 16384 op, 21072.00 ns, 1.2861 ns/op
OverheadActual  12: 16384 op, 21068.00 ns, 1.2859 ns/op
OverheadActual  13: 16384 op, 21040.00 ns, 1.2842 ns/op
OverheadActual  14: 16384 op, 21072.00 ns, 1.2861 ns/op
OverheadActual  15: 16384 op, 21053.00 ns, 1.2850 ns/op

WorkloadWarmup   1: 16384 op, 948459960.00 ns, 57.8894 us/op
WorkloadWarmup   2: 16384 op, 958302345.00 ns, 58.4901 us/op
WorkloadWarmup   3: 16384 op, 962215118.00 ns, 58.7290 us/op
WorkloadWarmup   4: 16384 op, 966390336.00 ns, 58.9838 us/op
WorkloadWarmup   5: 16384 op, 970017130.00 ns, 59.2051 us/op
WorkloadWarmup   6: 16384 op, 958654403.00 ns, 58.5116 us/op
WorkloadWarmup   7: 16384 op, 951137111.00 ns, 58.0528 us/op
WorkloadWarmup   8: 16384 op, 950550673.00 ns, 58.0170 us/op
WorkloadWarmup   9: 16384 op, 946743384.00 ns, 57.7846 us/op
WorkloadWarmup  10: 16384 op, 987046314.00 ns, 60.2445 us/op
WorkloadWarmup  11: 16384 op, 989015099.00 ns, 60.3647 us/op
WorkloadWarmup  12: 16384 op, 995837412.00 ns, 60.7811 us/op
WorkloadWarmup  13: 16384 op, 948235848.00 ns, 57.8757 us/op

WorkloadActual   1: 16384 op, 962935202.00 ns, 58.7729 us/op
WorkloadActual   2: 16384 op, 1005393187.00 ns, 61.3643 us/op
WorkloadActual   3: 16384 op, 948544452.00 ns, 57.8946 us/op
WorkloadActual   4: 16384 op, 953503395.00 ns, 58.1972 us/op
WorkloadActual   5: 16384 op, 952940583.00 ns, 58.1629 us/op
WorkloadActual   6: 16384 op, 950242656.00 ns, 57.9982 us/op
WorkloadActual   7: 16384 op, 956777161.00 ns, 58.3970 us/op
WorkloadActual   8: 16384 op, 953824563.00 ns, 58.2168 us/op
WorkloadActual   9: 16384 op, 973931117.00 ns, 59.4440 us/op
WorkloadActual  10: 16384 op, 972171809.00 ns, 59.3367 us/op
WorkloadActual  11: 16384 op, 958199772.00 ns, 58.4839 us/op
WorkloadActual  12: 16384 op, 966695151.00 ns, 59.0024 us/op
WorkloadActual  13: 16384 op, 1020446938.00 ns, 62.2831 us/op
WorkloadActual  14: 16384 op, 1008065714.00 ns, 61.5274 us/op
WorkloadActual  15: 16384 op, 974450523.00 ns, 59.4757 us/op

WorkloadResult   1: 16384 op, 962914134.00 ns, 58.7716 us/op
WorkloadResult   2: 16384 op, 948523384.00 ns, 57.8933 us/op
WorkloadResult   3: 16384 op, 953482327.00 ns, 58.1959 us/op
WorkloadResult   4: 16384 op, 952919515.00 ns, 58.1616 us/op
WorkloadResult   5: 16384 op, 950221588.00 ns, 57.9969 us/op
WorkloadResult   6: 16384 op, 956756093.00 ns, 58.3958 us/op
WorkloadResult   7: 16384 op, 953803495.00 ns, 58.2155 us/op
WorkloadResult   8: 16384 op, 973910049.00 ns, 59.4428 us/op
WorkloadResult   9: 16384 op, 972150741.00 ns, 59.3354 us/op
WorkloadResult  10: 16384 op, 958178704.00 ns, 58.4826 us/op
WorkloadResult  11: 16384 op, 966674083.00 ns, 59.0011 us/op
WorkloadResult  12: 16384 op, 974429455.00 ns, 59.4745 us/op
// GC:  0 0 0 2640 16384
// Threading:  0 0 16384


Mean = 58.614 us, StdErr = 0.166 us (0.28%), N = 12, StdDev = 0.574 us
Min = 57.893 us, Q1 = 58.187 us, Median = 58.439 us, Q3 = 59.085 us, Max = 59.474 us
IQR = 0.897 us, LowerFence = 56.841 us, UpperFence = 60.431 us
ConfidenceInterval = [57.879 us; 59.349 us] (CI 99.9%), Margin = 0.735 us (1.25% of Mean)
Skewness = 0.35, Kurtosis = 1.4, MValue = 2

// ** Remained 0 (0.0 %) benchmark(s) to run. Estimated finish 2026-09-22 5:05 (0h 0m from now) **
// ***** BenchmarkRunner: Finish  *****

// * Export *
  tmp/ab352/ph-base-3/results/PairHandles.PairHandleBenchmarks-report.csv
  tmp/ab352/ph-base-3/results/PairHandles.PairHandleBenchmarks-report-github.md
  tmp/ab352/ph-base-3/results/PairHandles.PairHandleBenchmarks-report.html
  tmp/ab352/ph-base-3/results/PairHandles.PairHandleBenchmarks-report-full.json

// * Detailed results *
PairHandleBenchmarks.Advance: Job-TZECNT(IterationCount=16, IterationTime=200ms, WarmupCount=8) [Shape=LaneUniform]
Runtime = .NET 10.0.12 (10.0.12, 10.0.1226.42308), X64 RyuJIT x86-64-v3; GC = Concurrent Workstation
Mean = 31.330 us, StdErr = 0.090 us (0.29%), N = 14, StdDev = 0.337 us
Min = 31.032 us, Q1 = 31.126 us, Median = 31.229 us, Q3 = 31.338 us, Max = 32.138 us
IQR = 0.212 us, LowerFence = 30.808 us, UpperFence = 31.656 us
ConfidenceInterval = [30.950 us; 31.710 us] (CI 99.9%), Margin = 0.380 us (1.21% of Mean)
Skewness = 1.42, Kurtosis = 3.64, MValue = 2
-------------------- Histogram --------------------
[30.849 us ; 31.503 us) | @@@@@@@@@@@@
[31.503 us ; 32.322 us) | @@
---------------------------------------------------

PairHandleBenchmarks.Advance: InProcess(Toolchain=InProcessEmitToolchain) [Shape=LaneUniform]
Runtime = ; GC = 
Mean = 32.417 us, StdErr = 0.035 us (0.11%), N = 13, StdDev = 0.125 us
Min = 32.219 us, Q1 = 32.342 us, Median = 32.424 us, Q3 = 32.459 us, Max = 32.718 us
IQR = 0.116 us, LowerFence = 32.168 us, UpperFence = 32.633 us
ConfidenceInterval = [32.267 us; 32.566 us] (CI 99.9%), Margin = 0.150 us (0.46% of Mean)
Skewness = 0.67, Kurtosis = 3.32, MValue = 2
-------------------- Histogram --------------------
[32.150 us ; 32.788 us) | @@@@@@@@@@@@@
---------------------------------------------------

PairHandleBenchmarks.Advance: Job-TZECNT(IterationCount=16, IterationTime=200ms, WarmupCount=8) [Shape=PairOne]
Runtime = .NET 10.0.12 (10.0.12, 10.0.1226.42308), X64 RyuJIT x86-64-v3; GC = Concurrent Workstation
Mean = 31.102 us, StdErr = 0.030 us (0.10%), N = 14, StdDev = 0.113 us
Min = 30.830 us, Q1 = 31.076 us, Median = 31.118 us, Q3 = 31.167 us, Max = 31.290 us
IQR = 0.091 us, LowerFence = 30.939 us, UpperFence = 31.304 us
ConfidenceInterval = [30.975 us; 31.230 us] (CI 99.9%), Margin = 0.128 us (0.41% of Mean)
Skewness = -0.75, Kurtosis = 3.23, MValue = 2
-------------------- Histogram --------------------
[30.769 us ; 31.352 us) | @@@@@@@@@@@@@@
---------------------------------------------------

PairHandleBenchmarks.Advance: InProcess(Toolchain=InProcessEmitToolchain) [Shape=PairOne]
Runtime = ; GC = 
Mean = 29.914 us, StdErr = 0.137 us (0.46%), N = 15, StdDev = 0.531 us
Min = 29.330 us, Q1 = 29.519 us, Median = 29.715 us, Q3 = 30.431 us, Max = 30.805 us
IQR = 0.911 us, LowerFence = 28.152 us, UpperFence = 31.798 us
ConfidenceInterval = [29.346 us; 30.482 us] (CI 99.9%), Margin = 0.568 us (1.90% of Mean)
Skewness = 0.55, Kurtosis = 1.55, MValue = 2
-------------------- Histogram --------------------
[29.315 us ; 30.896 us) | @@@@@@@@@@@@@@@
---------------------------------------------------

PairHandleBenchmarks.Advance: Job-TZECNT(IterationCount=16, IterationTime=200ms, WarmupCount=8) [Shape=PairRuns8]
Runtime = .NET 10.0.12 (10.0.12, 10.0.1226.42308), X64 RyuJIT x86-64-v3; GC = Concurrent Workstation
Mean = 37.825 us, StdErr = 0.028 us (0.07%), N = 15, StdDev = 0.108 us
Min = 37.694 us, Q1 = 37.742 us, Median = 37.806 us, Q3 = 37.886 us, Max = 38.079 us
IQR = 0.144 us, LowerFence = 37.526 us, UpperFence = 38.102 us
ConfidenceInterval = [37.709 us; 37.941 us] (CI 99.9%), Margin = 0.116 us (0.31% of Mean)
Skewness = 0.81, Kurtosis = 2.61, MValue = 2
-------------------- Histogram --------------------
[37.637 us ; 38.137 us) | @@@@@@@@@@@@@@@
---------------------------------------------------

PairHandleBenchmarks.Advance: InProcess(Toolchain=InProcessEmitToolchain) [Shape=PairRuns8]
Runtime = ; GC = 
Mean = 37.324 us, StdErr = 0.025 us (0.07%), N = 14, StdDev = 0.093 us
Min = 37.159 us, Q1 = 37.268 us, Median = 37.324 us, Q3 = 37.380 us, Max = 37.474 us
IQR = 0.112 us, LowerFence = 37.100 us, UpperFence = 37.548 us
ConfidenceInterval = [37.219 us; 37.429 us] (CI 99.9%), Margin = 0.105 us (0.28% of Mean)
Skewness = -0.02, Kurtosis = 1.89, MValue = 2
-------------------- Histogram --------------------
[37.108 us ; 37.525 us) | @@@@@@@@@@@@@@
---------------------------------------------------

PairHandleBenchmarks.Advance: Job-TZECNT(IterationCount=16, IterationTime=200ms, WarmupCount=8) [Shape=PairAlternating8]
Runtime = .NET 10.0.12 (10.0.12, 10.0.1226.42308), X64 RyuJIT x86-64-v3; GC = Concurrent Workstation
Mean = 67.045 us, StdErr = 0.569 us (0.85%), N = 16, StdDev = 2.277 us
Min = 63.902 us, Q1 = 64.651 us, Median = 68.189 us, Q3 = 68.701 us, Max = 70.209 us
IQR = 4.051 us, LowerFence = 58.575 us, UpperFence = 74.777 us
ConfidenceInterval = [64.726 us; 69.363 us] (CI 99.9%), Margin = 2.318 us (3.46% of Mean)
Skewness = -0.18, Kurtosis = 1.24, MValue = 3.56
-------------------- Histogram --------------------
[63.869 us ; 66.241 us) | @@@@@@@
[66.241 us ; 68.007 us) | 
[68.007 us ; 70.379 us) | @@@@@@@@@
---------------------------------------------------

PairHandleBenchmarks.Advance: InProcess(Toolchain=InProcessEmitToolchain) [Shape=PairAlternating8]
Runtime = ; GC = 
Mean = 66.675 us, StdErr = 0.317 us (0.48%), N = 15, StdDev = 1.228 us
Min = 65.011 us, Q1 = 65.919 us, Median = 66.422 us, Q3 = 67.197 us, Max = 68.927 us
IQR = 1.279 us, LowerFence = 64.001 us, UpperFence = 69.115 us
ConfidenceInterval = [65.362 us; 67.989 us] (CI 99.9%), Margin = 1.313 us (1.97% of Mean)
Skewness = 0.63, Kurtosis = 2.09, MValue = 2
-------------------- Histogram --------------------
[64.357 us ; 65.720 us) | @@@
[65.720 us ; 69.294 us) | @@@@@@@@@@@@
---------------------------------------------------

PairHandleBenchmarks.Advance: Job-TZECNT(IterationCount=16, IterationTime=200ms, WarmupCount=8) [Shape=PairRuns8Waves]
Runtime = .NET 10.0.12 (10.0.12, 10.0.1226.42308), X64 RyuJIT x86-64-v3; GC = Concurrent Workstation
Mean = 33.132 us, StdErr = 0.387 us (1.17%), N = 16, StdDev = 1.549 us
Min = 31.744 us, Q1 = 32.070 us, Median = 32.276 us, Q3 = 34.728 us, Max = 35.748 us
IQR = 2.658 us, LowerFence = 28.082 us, UpperFence = 38.716 us
ConfidenceInterval = [31.555 us; 34.709 us] (CI 99.9%), Margin = 1.577 us (4.76% of Mean)
Skewness = 0.72, Kurtosis = 1.6, MValue = 2.91
-------------------- Histogram --------------------
[31.510 us ; 33.123 us) | @@@@@@@@@@@
[33.123 us ; 34.342 us) | 
[34.342 us ; 35.955 us) | @@@@@
---------------------------------------------------

PairHandleBenchmarks.Advance: InProcess(Toolchain=InProcessEmitToolchain) [Shape=PairRuns8Waves]
Runtime = ; GC = 
Mean = 33.554 us, StdErr = 0.145 us (0.43%), N = 15, StdDev = 0.563 us
Min = 32.828 us, Q1 = 33.120 us, Median = 33.406 us, Q3 = 33.985 us, Max = 34.662 us
IQR = 0.865 us, LowerFence = 31.822 us, UpperFence = 35.283 us
ConfidenceInterval = [32.952 us; 34.156 us] (CI 99.9%), Margin = 0.602 us (1.79% of Mean)
Skewness = 0.37, Kurtosis = 1.77, MValue = 2
-------------------- Histogram --------------------
[32.786 us ; 33.687 us) | @@@@@@@@@
[33.687 us ; 34.962 us) | @@@@@@
---------------------------------------------------

PairHandleBenchmarks.Advance: Job-TZECNT(IterationCount=16, IterationTime=200ms, WarmupCount=8) [Shape=PairBlocks8Waves]
Runtime = .NET 10.0.12 (10.0.12, 10.0.1226.42308), X64 RyuJIT x86-64-v3; GC = Concurrent Workstation
Mean = 47.898 us, StdErr = 0.749 us (1.56%), N = 16, StdDev = 2.997 us
Min = 45.240 us, Q1 = 45.351 us, Median = 46.241 us, Q3 = 51.330 us, Max = 52.426 us
IQR = 5.978 us, LowerFence = 36.384 us, UpperFence = 60.297 us
ConfidenceInterval = [44.846 us; 50.950 us] (CI 99.9%), Margin = 3.052 us (6.37% of Mean)
Skewness = 0.47, Kurtosis = 1.24, MValue = 3.2
-------------------- Histogram --------------------
[44.479 us ; 47.601 us) | @@@@@@@@@@
[47.601 us ; 49.847 us) | 
[49.847 us ; 52.969 us) | @@@@@@
---------------------------------------------------

PairHandleBenchmarks.Advance: InProcess(Toolchain=InProcessEmitToolchain) [Shape=PairBlocks8Waves]
Runtime = ; GC = 
Mean = 46.985 us, StdErr = 0.091 us (0.19%), N = 14, StdDev = 0.339 us
Min = 46.556 us, Q1 = 46.835 us, Median = 46.891 us, Q3 = 47.200 us, Max = 47.703 us
IQR = 0.365 us, LowerFence = 46.287 us, UpperFence = 47.747 us
ConfidenceInterval = [46.603 us; 47.368 us] (CI 99.9%), Margin = 0.383 us (0.81% of Mean)
Skewness = 0.63, Kurtosis = 2.23, MValue = 2
-------------------- Histogram --------------------
[46.372 us ; 47.888 us) | @@@@@@@@@@@@@@
---------------------------------------------------

PairHandleBenchmarks.Advance: Job-TZECNT(IterationCount=16, IterationTime=200ms, WarmupCount=8) [Shape=PairA(...)Waves [21]]
Runtime = .NET 10.0.12 (10.0.12, 10.0.1226.42308), X64 RyuJIT x86-64-v3; GC = Concurrent Workstation
Mean = 60.863 us, StdErr = 0.843 us (1.38%), N = 16, StdDev = 3.370 us
Min = 57.562 us, Q1 = 57.876 us, Median = 59.257 us, Q3 = 64.916 us, Max = 65.731 us
IQR = 7.039 us, LowerFence = 47.317 us, UpperFence = 75.475 us
ConfidenceInterval = [57.431 us; 64.295 us] (CI 99.9%), Margin = 3.432 us (5.64% of Mean)
Skewness = 0.49, Kurtosis = 1.36, MValue = 2.8
-------------------- Histogram --------------------
[57.543 us ; 61.054 us) | @@@@@@@@@@
[61.054 us ; 63.486 us) | @
[63.486 us ; 67.486 us) | @@@@@
---------------------------------------------------

PairHandleBenchmarks.Advance: InProcess(Toolchain=InProcessEmitToolchain) [Shape=PairA(...)Waves [21]]
Runtime = ; GC = 
Mean = 58.614 us, StdErr = 0.166 us (0.28%), N = 12, StdDev = 0.574 us
Min = 57.893 us, Q1 = 58.187 us, Median = 58.439 us, Q3 = 59.085 us, Max = 59.474 us
IQR = 0.897 us, LowerFence = 56.841 us, UpperFence = 60.431 us
ConfidenceInterval = [57.879 us; 59.349 us] (CI 99.9%), Margin = 0.735 us (1.25% of Mean)
Skewness = 0.35, Kurtosis = 1.4, MValue = 2
-------------------- Histogram --------------------
[57.564 us ; 59.804 us) | @@@@@@@@@@@@
---------------------------------------------------

// * Summary *

BenchmarkDotNet v0.15.8, Linux Omarchy
Intel Core i9-14900K 0.80GHz, 1 CPU, 32 logical and 24 physical cores
.NET SDK 10.0.401
  [Host]     : .NET 10.0.12 (10.0.12, 10.0.1226.42308), X64 RyuJIT x86-64-v3
  Job-TZECNT : .NET 10.0.12 (10.0.12, 10.0.1226.42308), X64 RyuJIT x86-64-v3


| Method  | Job        | Toolchain              | IterationCount | IterationTime | WarmupCount | Shape                | Mean     | Error    | StdDev   | Median   | Allocated |
|-------- |----------- |----------------------- |--------------- |-------------- |------------ |--------------------- |---------:|---------:|---------:|---------:|----------:|
| Advance | Job-TZECNT | Default                | 16             | 200ms         | 8           | LaneUniform          | 31.33 us | 0.380 us | 0.337 us | 31.23 us |         - |
| Advance | InProcess  | InProcessEmitToolchain | Default        | Default       | Default     | LaneUniform          | 32.42 us | 0.150 us | 0.125 us | 32.42 us |         - |
| Advance | Job-TZECNT | Default                | 16             | 200ms         | 8           | PairOne              | 31.10 us | 0.128 us | 0.113 us | 31.12 us |         - |
| Advance | InProcess  | InProcessEmitToolchain | Default        | Default       | Default     | PairOne              | 29.91 us | 0.568 us | 0.531 us | 29.71 us |         - |
| Advance | Job-TZECNT | Default                | 16             | 200ms         | 8           | PairRuns8            | 37.83 us | 0.116 us | 0.108 us | 37.81 us |         - |
| Advance | InProcess  | InProcessEmitToolchain | Default        | Default       | Default     | PairRuns8            | 37.32 us | 0.105 us | 0.093 us | 37.32 us |         - |
| Advance | Job-TZECNT | Default                | 16             | 200ms         | 8           | PairAlternating8     | 67.04 us | 2.318 us | 2.277 us | 68.19 us |         - |
| Advance | InProcess  | InProcessEmitToolchain | Default        | Default       | Default     | PairAlternating8     | 66.68 us | 1.313 us | 1.228 us | 66.42 us |       1 B |
| Advance | Job-TZECNT | Default                | 16             | 200ms         | 8           | PairRuns8Waves       | 33.13 us | 1.577 us | 1.549 us | 32.28 us |         - |
| Advance | InProcess  | InProcessEmitToolchain | Default        | Default       | Default     | PairRuns8Waves       | 33.55 us | 0.602 us | 0.563 us | 33.41 us |         - |
| Advance | Job-TZECNT | Default                | 16             | 200ms         | 8           | PairBlocks8Waves     | 47.90 us | 3.052 us | 2.997 us | 46.24 us |         - |
| Advance | InProcess  | InProcessEmitToolchain | Default        | Default       | Default     | PairBlocks8Waves     | 46.99 us | 0.383 us | 0.339 us | 46.89 us |         - |
| Advance | Job-TZECNT | Default                | 16             | 200ms         | 8           | PairA(...)Waves [21] | 60.86 us | 3.432 us | 3.370 us | 59.26 us |         - |
| Advance | InProcess  | InProcessEmitToolchain | Default        | Default       | Default     | PairA(...)Waves [21] | 58.61 us | 0.735 us | 0.574 us | 58.44 us |         - |

// * Warnings *
MultimodalDistribution
  PairHandleBenchmarks.Advance: IterationCount=16, IterationTime=200ms, WarmupCount=8 -> It seems that the distribution is bimodal (mValue = 3.56)
  PairHandleBenchmarks.Advance: IterationCount=16, IterationTime=200ms, WarmupCount=8 -> It seems that the distribution can have several modes (mValue = 2.91)
  PairHandleBenchmarks.Advance: IterationCount=16, IterationTime=200ms, WarmupCount=8 -> It seems that the distribution can have several modes (mValue = 3.2)

// * Hints *
Outliers
  PairHandleBenchmarks.Advance: IterationCount=16, IterationTime=200ms, WarmupCount=8 -> 2 outliers were removed (33.22 us, 35.02 us)
  PairHandleBenchmarks.Advance: InProcess                                             -> 2 outliers were removed (32.83 us, 32.88 us)
  PairHandleBenchmarks.Advance: IterationCount=16, IterationTime=200ms, WarmupCount=8 -> 2 outliers were removed, 3 outliers were detected (30.83 us, 31.35 us, 31.41 us)
  PairHandleBenchmarks.Advance: IterationCount=16, IterationTime=200ms, WarmupCount=8 -> 1 outlier  was  removed (38.32 us)
  PairHandleBenchmarks.Advance: InProcess                                             -> 1 outlier  was  removed (37.62 us)
  PairHandleBenchmarks.Advance: InProcess                                             -> 1 outlier  was  removed (48.70 us)
  PairHandleBenchmarks.Advance: InProcess                                             -> 3 outliers were removed (61.36 us..62.28 us)

// * Legends *
  Shape     : Value of the 'Shape' parameter
  Mean      : Arithmetic mean of all measurements
  Error     : Half of 99.9% confidence interval
  StdDev    : Standard deviation of all measurements
  Median    : Value separating the higher half of all measurements (50th percentile)
  Allocated : Allocated memory per single operation (managed only, inclusive, 1KB = 1024B)
  1 us      : 1 Microsecond (0.000001 sec)

// * Diagnostic Output - MemoryDiagnoser *


// ***** BenchmarkRunner: End *****
Run time: 00:02:40 (160.48 sec), executed benchmarks: 14

Global total time: 00:02:44 (164.03 sec), executed benchmarks: 14
// * Artifacts cleanup *
Artifacts cleanup is finished
