// Validating benchmarks:
// ***** BenchmarkRunner: Start   *****
// ***** Found 14 benchmark(s) in total *****
// ***** Building 2 exe(s) in Parallel: Start   *****
// ***** Done, took 00:00:03 (3.59 sec)   *****
// Found 14 benchmarks:
//   PairHandleBenchmarks.Advance: Job-TZECNT(IterationCount=16, IterationTime=200ms, WarmupCount=8) [Shape=LaneUniform]
//   PairHandleBenchmarks.Advance: InProcess(Toolchain=InProcessEmitToolchain) [Shape=LaneUniform]
//   PairHandleBenchmarks.Advance: Job-TZECNT(IterationCount=16, IterationTime=200ms, WarmupCount=8) [Shape=PairOne]
//   PairHandleBenchmarks.Advance: InProcess(Toolchain=InProcessEmitToolchain) [Shape=PairOne]
//   PairHandleBenchmarks.Advance: Job-TZECNT(IterationCount=16, IterationTime=200ms, WarmupCount=8) [Shape=PairRuns8]
//   PairHandleBenchmarks.Advance: InProcess(Toolchain=InProcessEmitToolchain) [Shape=PairRuns8]
//   PairHandleBenchmarks.Advance: Job-TZECNT(IterationCount=16, IterationTime=200ms, WarmupCount=8) [Shape=PairAlternating8]
//   PairHandleBenchmarks.Advance: InProcess(Toolchain=InProcessEmitToolchain) [Shape=PairAlternating8]
//   PairHandleBenchmarks.Advance: Job-TZECNT(IterationCount=16, IterationTime=200ms, WarmupCount=8) [Shape=PairRuns8Waves]
//   PairHandleBenchmarks.Advance: InProcess(Toolchain=InProcessEmitToolchain) [Shape=PairRuns8Waves]
//   PairHandleBenchmarks.Advance: Job-TZECNT(IterationCount=16, IterationTime=200ms, WarmupCount=8) [Shape=PairBlocks8Waves]
//   PairHandleBenchmarks.Advance: InProcess(Toolchain=InProcessEmitToolchain) [Shape=PairBlocks8Waves]
//   PairHandleBenchmarks.Advance: Job-TZECNT(IterationCount=16, IterationTime=200ms, WarmupCount=8) [Shape=PairA(...)Waves [21]]
//   PairHandleBenchmarks.Advance: InProcess(Toolchain=InProcessEmitToolchain) [Shape=PairA(...)Waves [21]]

// **************************
// Benchmark: PairHandleBenchmarks.Advance: Job-TZECNT(IterationCount=16, IterationTime=200ms, WarmupCount=8) [Shape=LaneUniform]
// *** Execute ***
// Launch: 1 / 1
// Execute: dotnet PairHandles-Job-TZECNT-1.dll --anonymousPipes 140 141 --benchmarkName "Tl.PairHandlesProbe.PairHandleBenchmarks.Advance(Shape: LaneUniform)" --job "IterationCount=16, IterationTime=200ms, WarmupCount=8" --benchmarkId 0 in /home/i/GitHub/tl-193-shrink/benchmarks/PairHandles/bin/Release/net10.0/PairHandles-Job-TZECNT-1/bin/Release/net10.0
// Failed to set up high priority (Permission denied). In order to run benchmarks with high priority, make sure you have the right permissions.
// BeforeAnythingElse

// Benchmark Process Environment Information:
// BenchmarkDotNet v0.15.8
// Runtime=.NET 10.0.12 (10.0.12, 10.0.1226.42308), X64 RyuJIT x86-64-v3
// GC=Concurrent Workstation
// HardwareIntrinsics=AVX2+BMI1+BMI2+F16C+FMA+LZCNT+MOVBE,AVX,SSE3+SSSE3+SSE4.1+SSE4.2+POPCNT,X86Base+SSE+SSE2,AES+PCLMUL,AvxVnni,SERIALIZE VectorSize=256
// Job: Job-TZECNT(IterationCount=16, IterationTime=200ms, WarmupCount=8)

OverheadJitting  1: 1 op, 83843.00 ns, 83.8430 us/op
WorkloadJitting  1: 1 op, 7081209.00 ns, 7.0812 ms/op

OverheadJitting  2: 16 op, 115503.00 ns, 7.2189 us/op
WorkloadJitting  2: 16 op, 1041357.00 ns, 65.0848 us/op

WorkloadPilot    1: 16 op, 763507.00 ns, 47.7192 us/op
WorkloadPilot    2: 4192 op, 147342784.00 ns, 35.1486 us/op
WorkloadPilot    3: 5696 op, 108283330.00 ns, 19.0104 us/op
WorkloadPilot    4: 10528 op, 196057059.00 ns, 18.6224 us/op
WorkloadPilot    5: 10752 op, 233657571.00 ns, 21.7315 us/op
WorkloadPilot    6: 9216 op, 191179744.00 ns, 20.7443 us/op
WorkloadPilot    7: 9648 op, 191504965.00 ns, 19.8492 us/op
WorkloadPilot    8: 10080 op, 220743077.00 ns, 21.8991 us/op
WorkloadPilot    9: 9136 op, 198049172.00 ns, 21.6779 us/op
WorkloadPilot   10: 9232 op, 174005576.00 ns, 18.8481 us/op
WorkloadPilot   11: 10624 op, 199043213.00 ns, 18.7352 us/op
WorkloadPilot   12: 10688 op, 195999718.00 ns, 18.3383 us/op
WorkloadPilot   13: 10912 op, 201005367.00 ns, 18.4206 us/op

OverheadWarmup   1: 10912 op, 21589.00 ns, 1.9785 ns/op
OverheadWarmup   2: 10912 op, 20823.00 ns, 1.9083 ns/op
OverheadWarmup   3: 10912 op, 20523.00 ns, 1.8808 ns/op
OverheadWarmup   4: 10912 op, 25335.00 ns, 2.3218 ns/op
OverheadWarmup   5: 10912 op, 29870.00 ns, 2.7374 ns/op
OverheadWarmup   6: 10912 op, 20362.00 ns, 1.8660 ns/op
OverheadWarmup   7: 10912 op, 20312.00 ns, 1.8614 ns/op
OverheadWarmup   8: 10912 op, 20164.00 ns, 1.8479 ns/op
OverheadWarmup   9: 10912 op, 20140.00 ns, 1.8457 ns/op
OverheadWarmup  10: 10912 op, 20133.00 ns, 1.8450 ns/op

OverheadActual   1: 10912 op, 20428.00 ns, 1.8721 ns/op
OverheadActual   2: 10912 op, 29949.00 ns, 2.7446 ns/op
OverheadActual   3: 10912 op, 21090.00 ns, 1.9327 ns/op
OverheadActual   4: 10912 op, 20620.00 ns, 1.8897 ns/op
OverheadActual   5: 10912 op, 20695.00 ns, 1.8965 ns/op
OverheadActual   6: 10912 op, 20534.00 ns, 1.8818 ns/op
OverheadActual   7: 10912 op, 20171.00 ns, 1.8485 ns/op
OverheadActual   8: 10912 op, 20145.00 ns, 1.8461 ns/op
OverheadActual   9: 10912 op, 19951.00 ns, 1.8284 ns/op
OverheadActual  10: 10912 op, 19819.00 ns, 1.8163 ns/op
OverheadActual  11: 10912 op, 19803.00 ns, 1.8148 ns/op
OverheadActual  12: 10912 op, 19809.00 ns, 1.8153 ns/op
OverheadActual  13: 10912 op, 20080.00 ns, 1.8402 ns/op
OverheadActual  14: 10912 op, 20211.00 ns, 1.8522 ns/op
OverheadActual  15: 10912 op, 20221.00 ns, 1.8531 ns/op

WorkloadWarmup   1: 10912 op, 204801461.00 ns, 18.7685 us/op
WorkloadWarmup   2: 10912 op, 202512148.00 ns, 18.5587 us/op
WorkloadWarmup   3: 10912 op, 201261265.00 ns, 18.4440 us/op
WorkloadWarmup   4: 10912 op, 200860099.00 ns, 18.4073 us/op
WorkloadWarmup   5: 10912 op, 219907781.00 ns, 20.1528 us/op
WorkloadWarmup   6: 10912 op, 199638328.00 ns, 18.2953 us/op
WorkloadWarmup   7: 10912 op, 210813412.00 ns, 19.3194 us/op
WorkloadWarmup   8: 10912 op, 199809609.00 ns, 18.3110 us/op

// BeforeActualRun
WorkloadActual   1: 10912 op, 200279309.00 ns, 18.3540 us/op
WorkloadActual   2: 10912 op, 199859011.00 ns, 18.3155 us/op
WorkloadActual   3: 10912 op, 199969341.00 ns, 18.3256 us/op
WorkloadActual   4: 10912 op, 200113048.00 ns, 18.3388 us/op
WorkloadActual   5: 10912 op, 209678451.00 ns, 19.2154 us/op
WorkloadActual   6: 10912 op, 200332318.00 ns, 18.3589 us/op
WorkloadActual   7: 10912 op, 200123359.00 ns, 18.3398 us/op
WorkloadActual   8: 10912 op, 201139370.00 ns, 18.4329 us/op
WorkloadActual   9: 10912 op, 203510186.00 ns, 18.6501 us/op
WorkloadActual  10: 10912 op, 201071967.00 ns, 18.4267 us/op
WorkloadActual  11: 10912 op, 201511199.00 ns, 18.4669 us/op
WorkloadActual  12: 10912 op, 202227087.00 ns, 18.5325 us/op
WorkloadActual  13: 10912 op, 201216350.00 ns, 18.4399 us/op
WorkloadActual  14: 10912 op, 201464475.00 ns, 18.4627 us/op
WorkloadActual  15: 10912 op, 200456586.00 ns, 18.3703 us/op
WorkloadActual  16: 10912 op, 199709518.00 ns, 18.3018 us/op

// AfterActualRun
WorkloadResult   1: 10912 op, 200259098.00 ns, 18.3522 us/op
WorkloadResult   2: 10912 op, 199838800.00 ns, 18.3137 us/op
WorkloadResult   3: 10912 op, 199949130.00 ns, 18.3238 us/op
WorkloadResult   4: 10912 op, 200092837.00 ns, 18.3370 us/op
WorkloadResult   5: 10912 op, 200312107.00 ns, 18.3570 us/op
WorkloadResult   6: 10912 op, 200103148.00 ns, 18.3379 us/op
WorkloadResult   7: 10912 op, 201119159.00 ns, 18.4310 us/op
WorkloadResult   8: 10912 op, 201051756.00 ns, 18.4248 us/op
WorkloadResult   9: 10912 op, 201490988.00 ns, 18.4651 us/op
WorkloadResult  10: 10912 op, 202206876.00 ns, 18.5307 us/op
WorkloadResult  11: 10912 op, 201196139.00 ns, 18.4381 us/op
WorkloadResult  12: 10912 op, 201444264.00 ns, 18.4608 us/op
WorkloadResult  13: 10912 op, 200436375.00 ns, 18.3684 us/op
WorkloadResult  14: 10912 op, 199689307.00 ns, 18.3000 us/op
// GC:  0 0 0 0 10912
// Threading:  0 0 10912

// AfterAll
// Benchmark Process 459970 has exited with code 0.

Mean = 18.389 μs, StdErr = 0.019 μs (0.10%), N = 14, StdDev = 0.069 μs
Min = 18.300 μs, Q1 = 18.337 μs, Median = 18.363 μs, Q3 = 18.436 μs, Max = 18.531 μs
IQR = 0.099 μs, LowerFence = 18.189 μs, UpperFence = 18.585 μs
ConfidenceInterval = [18.310 μs; 18.467 μs] (CI 99.9%), Margin = 0.078 μs (0.43% of Mean)
Skewness = 0.47, Kurtosis = 1.88, MValue = 2

// ** Remained 13 (92.9 %) benchmark(s) to run. Estimated finish 2026-09-19 2:41 (0h 1m from now) **
// **************************
// Benchmark: PairHandleBenchmarks.Advance: InProcess(Toolchain=InProcessEmitToolchain) [Shape=LaneUniform]
// *** Execute ***
// Launch: 1 / 1
// ! Failed to set up priority High for process System.Diagnostics.Process (PairHandles). Make sure you have the right permissions. Message: Permission denied

// Benchmark Process Environment Information:
// BenchmarkDotNet v0.15.8
// Runtime=.NET 10.0.12 (10.0.12, 10.0.1226.42308), X64 RyuJIT x86-64-v3
// GC=Concurrent Workstation
// HardwareIntrinsics=AVX2+BMI1+BMI2+F16C+FMA+LZCNT+MOVBE,AVX,SSE3+SSSE3+SSE4.1+SSE4.2+POPCNT,X86Base+SSE+SSE2,AES+PCLMUL,AvxVnni,SERIALIZE VectorSize=256
// Job: Job-JWQWGO(Toolchain=InProcessEmitToolchain)

OverheadJitting  1: 1 op, 82633.00 ns, 82.6330 us/op
WorkloadJitting  1: 1 op, 1431318.00 ns, 1.4313 ms/op

OverheadJitting  2: 16 op, 109142.00 ns, 6.8214 us/op
WorkloadJitting  2: 16 op, 986551.00 ns, 61.6594 us/op

WorkloadPilot    1: 16 op, 704718.00 ns, 44.0449 us/op
WorkloadPilot    2: 32 op, 1352462.00 ns, 42.2644 us/op
WorkloadPilot    3: 64 op, 2669714.00 ns, 41.7143 us/op
WorkloadPilot    4: 128 op, 5210915.00 ns, 40.7103 us/op
WorkloadPilot    5: 256 op, 9981846.00 ns, 38.9916 us/op
WorkloadPilot    6: 512 op, 20860158.00 ns, 40.7425 us/op
WorkloadPilot    7: 1024 op, 39011771.00 ns, 38.0974 us/op
WorkloadPilot    8: 2048 op, 78908751.00 ns, 38.5297 us/op
WorkloadPilot    9: 4096 op, 109090291.00 ns, 26.6334 us/op
WorkloadPilot   10: 8192 op, 150571487.00 ns, 18.3803 us/op
WorkloadPilot   11: 16384 op, 300776435.00 ns, 18.3579 us/op
WorkloadPilot   12: 32768 op, 631228860.00 ns, 19.2636 us/op

OverheadWarmup   1: 32768 op, 47564.00 ns, 1.4515 ns/op
OverheadWarmup   2: 32768 op, 44505.00 ns, 1.3582 ns/op
OverheadWarmup   3: 32768 op, 44480.00 ns, 1.3574 ns/op
OverheadWarmup   4: 32768 op, 44509.00 ns, 1.3583 ns/op
OverheadWarmup   5: 32768 op, 44476.00 ns, 1.3573 ns/op
OverheadWarmup   6: 32768 op, 44426.00 ns, 1.3558 ns/op
OverheadWarmup   7: 32768 op, 44445.00 ns, 1.3564 ns/op
OverheadWarmup   8: 32768 op, 44481.00 ns, 1.3575 ns/op
OverheadWarmup   9: 32768 op, 44435.00 ns, 1.3560 ns/op

OverheadActual   1: 32768 op, 44854.00 ns, 1.3688 ns/op
OverheadActual   2: 32768 op, 45504.00 ns, 1.3887 ns/op
OverheadActual   3: 32768 op, 45461.00 ns, 1.3874 ns/op
OverheadActual   4: 32768 op, 44532.00 ns, 1.3590 ns/op
OverheadActual   5: 32768 op, 46343.00 ns, 1.4143 ns/op
OverheadActual   6: 32768 op, 46208.00 ns, 1.4102 ns/op
OverheadActual   7: 32768 op, 46147.00 ns, 1.4083 ns/op
OverheadActual   8: 32768 op, 46042.00 ns, 1.4051 ns/op
OverheadActual   9: 32768 op, 46112.00 ns, 1.4072 ns/op
OverheadActual  10: 32768 op, 45974.00 ns, 1.4030 ns/op
OverheadActual  11: 32768 op, 46084.00 ns, 1.4064 ns/op
OverheadActual  12: 32768 op, 45981.00 ns, 1.4032 ns/op
OverheadActual  13: 32768 op, 46922.00 ns, 1.4319 ns/op
OverheadActual  14: 32768 op, 46960.00 ns, 1.4331 ns/op
OverheadActual  15: 32768 op, 47821.00 ns, 1.4594 ns/op

WorkloadWarmup   1: 32768 op, 617954410.00 ns, 18.8585 us/op
WorkloadWarmup   2: 32768 op, 615263463.00 ns, 18.7764 us/op
WorkloadWarmup   3: 32768 op, 611810858.00 ns, 18.6710 us/op
WorkloadWarmup   4: 32768 op, 660566920.00 ns, 20.1589 us/op
WorkloadWarmup   5: 32768 op, 606373488.00 ns, 18.5051 us/op
WorkloadWarmup   6: 32768 op, 604192476.00 ns, 18.4385 us/op
WorkloadWarmup   7: 32768 op, 603290773.00 ns, 18.4110 us/op
WorkloadWarmup   8: 32768 op, 612654884.00 ns, 18.6967 us/op
WorkloadWarmup   9: 32768 op, 610685697.00 ns, 18.6366 us/op

WorkloadActual   1: 32768 op, 676168709.00 ns, 20.6350 us/op
WorkloadActual   2: 32768 op, 703110542.00 ns, 21.4572 us/op
WorkloadActual   3: 32768 op, 606699401.00 ns, 18.5150 us/op
WorkloadActual   4: 32768 op, 615768230.00 ns, 18.7918 us/op
WorkloadActual   5: 32768 op, 605834611.00 ns, 18.4886 us/op
WorkloadActual   6: 32768 op, 606848899.00 ns, 18.5196 us/op
WorkloadActual   7: 32768 op, 616127526.00 ns, 18.8027 us/op
WorkloadActual   8: 32768 op, 607682050.00 ns, 18.5450 us/op
WorkloadActual   9: 32768 op, 602899578.00 ns, 18.3990 us/op
WorkloadActual  10: 32768 op, 599832102.00 ns, 18.3054 us/op
WorkloadActual  11: 32768 op, 607422135.00 ns, 18.5371 us/op
WorkloadActual  12: 32768 op, 605414240.00 ns, 18.4758 us/op
WorkloadActual  13: 32768 op, 601097686.00 ns, 18.3440 us/op
WorkloadActual  14: 32768 op, 601439117.00 ns, 18.3545 us/op
WorkloadActual  15: 32768 op, 599961777.00 ns, 18.3094 us/op

WorkloadResult   1: 32768 op, 606653317.00 ns, 18.5136 us/op
WorkloadResult   2: 32768 op, 615722146.00 ns, 18.7903 us/op
WorkloadResult   3: 32768 op, 605788527.00 ns, 18.4872 us/op
WorkloadResult   4: 32768 op, 606802815.00 ns, 18.5182 us/op
WorkloadResult   5: 32768 op, 616081442.00 ns, 18.8013 us/op
WorkloadResult   6: 32768 op, 607635966.00 ns, 18.5436 us/op
WorkloadResult   7: 32768 op, 602853494.00 ns, 18.3976 us/op
WorkloadResult   8: 32768 op, 599786018.00 ns, 18.3040 us/op
WorkloadResult   9: 32768 op, 607376051.00 ns, 18.5356 us/op
WorkloadResult  10: 32768 op, 605368156.00 ns, 18.4744 us/op
WorkloadResult  11: 32768 op, 601051602.00 ns, 18.3426 us/op
WorkloadResult  12: 32768 op, 601393033.00 ns, 18.3531 us/op
WorkloadResult  13: 32768 op, 599915693.00 ns, 18.3080 us/op
// GC:  0 0 0 0 32768
// Threading:  0 0 32768


Mean = 18.490 μs, StdErr = 0.045 μs (0.24%), N = 13, StdDev = 0.161 μs
Min = 18.304 μs, Q1 = 18.353 μs, Median = 18.487 μs, Q3 = 18.536 μs, Max = 18.801 μs
IQR = 0.183 μs, LowerFence = 18.079 μs, UpperFence = 18.810 μs
ConfidenceInterval = [18.297 μs; 18.683 μs] (CI 99.9%), Margin = 0.193 μs (1.04% of Mean)
Skewness = 0.71, Kurtosis = 2.38, MValue = 2

// ** Remained 12 (85.7 %) benchmark(s) to run. Estimated finish 2026-09-19 2:42 (0h 2m from now) **
// **************************
// Benchmark: PairHandleBenchmarks.Advance: Job-TZECNT(IterationCount=16, IterationTime=200ms, WarmupCount=8) [Shape=PairOne]
// *** Execute ***
// Launch: 1 / 1
// Execute: dotnet PairHandles-Job-TZECNT-1.dll --anonymousPipes 120 121 --benchmarkName "Tl.PairHandlesProbe.PairHandleBenchmarks.Advance(Shape: PairOne)" --job "IterationCount=16, IterationTime=200ms, WarmupCount=8" --benchmarkId 1 in /home/i/GitHub/tl-193-shrink/benchmarks/PairHandles/bin/Release/net10.0/PairHandles-Job-TZECNT-1/bin/Release/net10.0
// Failed to set up high priority (Permission denied). In order to run benchmarks with high priority, make sure you have the right permissions.
// BeforeAnythingElse

// Benchmark Process Environment Information:
// BenchmarkDotNet v0.15.8
// Runtime=.NET 10.0.12 (10.0.12, 10.0.1226.42308), X64 RyuJIT x86-64-v3
// GC=Concurrent Workstation
// HardwareIntrinsics=AVX2+BMI1+BMI2+F16C+FMA+LZCNT+MOVBE,AVX,SSE3+SSSE3+SSE4.1+SSE4.2+POPCNT,X86Base+SSE+SSE2,AES+PCLMUL,AvxVnni,SERIALIZE VectorSize=256
// Job: Job-TZECNT(IterationCount=16, IterationTime=200ms, WarmupCount=8)

OverheadJitting  1: 1 op, 88198.00 ns, 88.1980 us/op
WorkloadJitting  1: 1 op, 7808226.00 ns, 7.8082 ms/op

OverheadJitting  2: 16 op, 106745.00 ns, 6.6716 us/op
WorkloadJitting  2: 16 op, 908044.00 ns, 56.7528 us/op

WorkloadPilot    1: 16 op, 706860.00 ns, 44.1788 us/op
WorkloadPilot    2: 4528 op, 149223550.00 ns, 32.9557 us/op
WorkloadPilot    3: 6080 op, 113240232.00 ns, 18.6250 us/op
WorkloadPilot    4: 10752 op, 220405551.00 ns, 20.4990 us/op
WorkloadPilot    5: 9760 op, 179371273.00 ns, 18.3782 us/op
WorkloadPilot    6: 10896 op, 199497031.00 ns, 18.3092 us/op
WorkloadPilot    7: 10928 op, 201304475.00 ns, 18.4210 us/op
WorkloadPilot    8: 10864 op, 201874798.00 ns, 18.5820 us/op

OverheadWarmup   1: 10864 op, 22268.00 ns, 2.0497 ns/op
OverheadWarmup   2: 10864 op, 21464.00 ns, 1.9757 ns/op
OverheadWarmup   3: 10864 op, 21251.00 ns, 1.9561 ns/op
OverheadWarmup   4: 10864 op, 21210.00 ns, 1.9523 ns/op
OverheadWarmup   5: 10864 op, 21242.00 ns, 1.9553 ns/op
OverheadWarmup   6: 10864 op, 20834.00 ns, 1.9177 ns/op
OverheadWarmup   7: 10864 op, 20965.00 ns, 1.9298 ns/op
OverheadWarmup   8: 10864 op, 20831.00 ns, 1.9174 ns/op

OverheadActual   1: 10864 op, 21344.00 ns, 1.9647 ns/op
OverheadActual   2: 10864 op, 21050.00 ns, 1.9376 ns/op
OverheadActual   3: 10864 op, 21562.00 ns, 1.9847 ns/op
OverheadActual   4: 10864 op, 26004.00 ns, 2.3936 ns/op
OverheadActual   5: 10864 op, 22028.00 ns, 2.0276 ns/op
OverheadActual   6: 10864 op, 21613.00 ns, 1.9894 ns/op
OverheadActual   7: 10864 op, 21632.00 ns, 1.9912 ns/op
OverheadActual   8: 10864 op, 21601.00 ns, 1.9883 ns/op
OverheadActual   9: 10864 op, 21626.00 ns, 1.9906 ns/op
OverheadActual  10: 10864 op, 21618.00 ns, 1.9899 ns/op
OverheadActual  11: 10864 op, 21374.00 ns, 1.9674 ns/op
OverheadActual  12: 10864 op, 21202.00 ns, 1.9516 ns/op
OverheadActual  13: 10864 op, 20829.00 ns, 1.9172 ns/op
OverheadActual  14: 10864 op, 20828.00 ns, 1.9172 ns/op
OverheadActual  15: 10864 op, 20809.00 ns, 1.9154 ns/op

WorkloadWarmup   1: 10864 op, 199673108.00 ns, 18.3793 us/op
WorkloadWarmup   2: 10864 op, 199564809.00 ns, 18.3694 us/op
WorkloadWarmup   3: 10864 op, 199419679.00 ns, 18.3560 us/op
WorkloadWarmup   4: 10864 op, 199694472.00 ns, 18.3813 us/op
WorkloadWarmup   5: 10864 op, 202027826.00 ns, 18.5961 us/op
WorkloadWarmup   6: 10864 op, 205349735.00 ns, 18.9019 us/op
WorkloadWarmup   7: 10864 op, 199772798.00 ns, 18.3885 us/op
WorkloadWarmup   8: 10864 op, 200898582.00 ns, 18.4921 us/op

// BeforeActualRun
WorkloadActual   1: 10864 op, 199424297.00 ns, 18.3564 us/op
WorkloadActual   2: 10864 op, 201661631.00 ns, 18.5624 us/op
WorkloadActual   3: 10864 op, 200016210.00 ns, 18.4109 us/op
WorkloadActual   4: 10864 op, 199099301.00 ns, 18.3265 us/op
WorkloadActual   5: 10864 op, 200389737.00 ns, 18.4453 us/op
WorkloadActual   6: 10864 op, 199494502.00 ns, 18.3629 us/op
WorkloadActual   7: 10864 op, 200769299.00 ns, 18.4802 us/op
WorkloadActual   8: 10864 op, 198736101.00 ns, 18.2931 us/op
WorkloadActual   9: 10864 op, 199004745.00 ns, 18.3178 us/op
WorkloadActual  10: 10864 op, 199204581.00 ns, 18.3362 us/op
WorkloadActual  11: 10864 op, 199044114.00 ns, 18.3214 us/op
WorkloadActual  12: 10864 op, 202455647.00 ns, 18.6355 us/op
WorkloadActual  13: 10864 op, 201527185.00 ns, 18.5500 us/op
WorkloadActual  14: 10864 op, 199208820.00 ns, 18.3366 us/op
WorkloadActual  15: 10864 op, 199028232.00 ns, 18.3200 us/op
WorkloadActual  16: 10864 op, 199688326.00 ns, 18.3807 us/op

// AfterActualRun
WorkloadResult   1: 10864 op, 199402735.00 ns, 18.3544 us/op
WorkloadResult   2: 10864 op, 201640069.00 ns, 18.5604 us/op
WorkloadResult   3: 10864 op, 199994648.00 ns, 18.4089 us/op
WorkloadResult   4: 10864 op, 199077739.00 ns, 18.3245 us/op
WorkloadResult   5: 10864 op, 200368175.00 ns, 18.4433 us/op
WorkloadResult   6: 10864 op, 199472940.00 ns, 18.3609 us/op
WorkloadResult   7: 10864 op, 200747737.00 ns, 18.4783 us/op
WorkloadResult   8: 10864 op, 198714539.00 ns, 18.2911 us/op
WorkloadResult   9: 10864 op, 198983183.00 ns, 18.3158 us/op
WorkloadResult  10: 10864 op, 199183019.00 ns, 18.3342 us/op
WorkloadResult  11: 10864 op, 199022552.00 ns, 18.3195 us/op
WorkloadResult  12: 10864 op, 202434085.00 ns, 18.6335 us/op
WorkloadResult  13: 10864 op, 201505623.00 ns, 18.5480 us/op
WorkloadResult  14: 10864 op, 199187258.00 ns, 18.3346 us/op
WorkloadResult  15: 10864 op, 199006670.00 ns, 18.3180 us/op
WorkloadResult  16: 10864 op, 199666764.00 ns, 18.3788 us/op
// GC:  0 0 0 0 10864
// Threading:  0 0 10864

// AfterAll
// Benchmark Process 483370 has exited with code 0.

Mean = 18.400 μs, StdErr = 0.026 μs (0.14%), N = 16, StdDev = 0.104 μs
Min = 18.291 μs, Q1 = 18.323 μs, Median = 18.358 μs, Q3 = 18.452 μs, Max = 18.633 μs
IQR = 0.129 μs, LowerFence = 18.130 μs, UpperFence = 18.645 μs
ConfidenceInterval = [18.295 μs; 18.506 μs] (CI 99.9%), Margin = 0.105 μs (0.57% of Mean)
Skewness = 0.92, Kurtosis = 2.44, MValue = 2

// ** Remained 11 (78.6 %) benchmark(s) to run. Estimated finish 2026-09-19 2:42 (0h 1m from now) **
// **************************
// Benchmark: PairHandleBenchmarks.Advance: InProcess(Toolchain=InProcessEmitToolchain) [Shape=PairOne]
// *** Execute ***
// Launch: 1 / 1
// ! Failed to set up priority High for process System.Diagnostics.Process (PairHandles). Make sure you have the right permissions. Message: Permission denied

// Benchmark Process Environment Information:
// BenchmarkDotNet v0.15.8
// Runtime=.NET 10.0.12 (10.0.12, 10.0.1226.42308), X64 RyuJIT x86-64-v3
// GC=Concurrent Workstation
// HardwareIntrinsics=AVX2+BMI1+BMI2+F16C+FMA+LZCNT+MOVBE,AVX,SSE3+SSSE3+SSE4.1+SSE4.2+POPCNT,X86Base+SSE+SSE2,AES+PCLMUL,AvxVnni,SERIALIZE VectorSize=256
// Job: Job-JWQWGO(Toolchain=InProcessEmitToolchain)

OverheadJitting  1: 1 op, 100648.00 ns, 100.6480 us/op
WorkloadJitting  1: 1 op, 111318.00 ns, 111.3180 us/op

OverheadJitting  2: 16 op, 122844.00 ns, 7.6778 us/op
WorkloadJitting  2: 16 op, 436651.00 ns, 27.2907 us/op

WorkloadPilot    1: 16 op, 306986.00 ns, 19.1866 us/op
WorkloadPilot    2: 32 op, 635335.00 ns, 19.8542 us/op
WorkloadPilot    3: 64 op, 1243636.00 ns, 19.4318 us/op
WorkloadPilot    4: 128 op, 2456031.00 ns, 19.1877 us/op
WorkloadPilot    5: 256 op, 4964327.00 ns, 19.3919 us/op
WorkloadPilot    6: 512 op, 10143079.00 ns, 19.8107 us/op
WorkloadPilot    7: 1024 op, 19009945.00 ns, 18.5644 us/op
WorkloadPilot    8: 2048 op, 38643146.00 ns, 18.8687 us/op
WorkloadPilot    9: 4096 op, 75211920.00 ns, 18.3623 us/op
WorkloadPilot   10: 8192 op, 150529779.00 ns, 18.3752 us/op
WorkloadPilot   11: 16384 op, 340033398.00 ns, 20.7540 us/op
WorkloadPilot   12: 32768 op, 652965773.00 ns, 19.9269 us/op

OverheadWarmup   1: 32768 op, 47024.00 ns, 1.4351 ns/op
OverheadWarmup   2: 32768 op, 43830.00 ns, 1.3376 ns/op
OverheadWarmup   3: 32768 op, 43657.00 ns, 1.3323 ns/op
OverheadWarmup   4: 32768 op, 44075.00 ns, 1.3451 ns/op
OverheadWarmup   5: 32768 op, 45293.00 ns, 1.3822 ns/op
OverheadWarmup   6: 32768 op, 45257.00 ns, 1.3811 ns/op
OverheadWarmup   7: 32768 op, 45281.00 ns, 1.3819 ns/op
OverheadWarmup   8: 32768 op, 43633.00 ns, 1.3316 ns/op

OverheadActual   1: 32768 op, 44437.00 ns, 1.3561 ns/op
OverheadActual   2: 32768 op, 44457.00 ns, 1.3567 ns/op
OverheadActual   3: 32768 op, 44435.00 ns, 1.3560 ns/op
OverheadActual   4: 32768 op, 44454.00 ns, 1.3566 ns/op
OverheadActual   5: 32768 op, 43879.00 ns, 1.3391 ns/op
OverheadActual   6: 32768 op, 44472.00 ns, 1.3572 ns/op
OverheadActual   7: 32768 op, 43637.00 ns, 1.3317 ns/op
OverheadActual   8: 32768 op, 45858.00 ns, 1.3995 ns/op
OverheadActual   9: 32768 op, 44426.00 ns, 1.3558 ns/op
OverheadActual  10: 32768 op, 44459.00 ns, 1.3568 ns/op
OverheadActual  11: 32768 op, 45364.00 ns, 1.3844 ns/op
OverheadActual  12: 32768 op, 45275.00 ns, 1.3817 ns/op
OverheadActual  13: 32768 op, 45442.00 ns, 1.3868 ns/op
OverheadActual  14: 32768 op, 44420.00 ns, 1.3556 ns/op
OverheadActual  15: 32768 op, 43610.00 ns, 1.3309 ns/op

WorkloadWarmup   1: 32768 op, 602822072.00 ns, 18.3967 us/op
WorkloadWarmup   2: 32768 op, 612169998.00 ns, 18.6819 us/op
WorkloadWarmup   3: 32768 op, 591381422.00 ns, 18.0475 us/op
WorkloadWarmup   4: 32768 op, 592477014.00 ns, 18.0810 us/op
WorkloadWarmup   5: 32768 op, 591500385.00 ns, 18.0512 us/op
WorkloadWarmup   6: 32768 op, 592101428.00 ns, 18.0695 us/op

WorkloadActual   1: 32768 op, 591127448.00 ns, 18.0398 us/op
WorkloadActual   2: 32768 op, 593177254.00 ns, 18.1023 us/op
WorkloadActual   3: 32768 op, 591367884.00 ns, 18.0471 us/op
WorkloadActual   4: 32768 op, 591620809.00 ns, 18.0548 us/op
WorkloadActual   5: 32768 op, 592689473.00 ns, 18.0874 us/op
WorkloadActual   6: 32768 op, 610690813.00 ns, 18.6368 us/op
WorkloadActual   7: 32768 op, 618992343.00 ns, 18.8901 us/op
WorkloadActual   8: 32768 op, 596325779.00 ns, 18.1984 us/op
WorkloadActual   9: 32768 op, 592751377.00 ns, 18.0893 us/op
WorkloadActual  10: 32768 op, 590357538.00 ns, 18.0163 us/op
WorkloadActual  11: 32768 op, 590923772.00 ns, 18.0336 us/op
WorkloadActual  12: 32768 op, 591663292.00 ns, 18.0561 us/op
WorkloadActual  13: 32768 op, 594331094.00 ns, 18.1375 us/op
WorkloadActual  14: 32768 op, 592140934.00 ns, 18.0707 us/op
WorkloadActual  15: 32768 op, 596429455.00 ns, 18.2016 us/op

WorkloadResult   1: 32768 op, 591082994.00 ns, 18.0384 us/op
WorkloadResult   2: 32768 op, 593132800.00 ns, 18.1010 us/op
WorkloadResult   3: 32768 op, 591323430.00 ns, 18.0458 us/op
WorkloadResult   4: 32768 op, 591576355.00 ns, 18.0535 us/op
WorkloadResult   5: 32768 op, 592645019.00 ns, 18.0861 us/op
WorkloadResult   6: 32768 op, 596281325.00 ns, 18.1971 us/op
WorkloadResult   7: 32768 op, 592706923.00 ns, 18.0880 us/op
WorkloadResult   8: 32768 op, 590313084.00 ns, 18.0149 us/op
WorkloadResult   9: 32768 op, 590879318.00 ns, 18.0322 us/op
WorkloadResult  10: 32768 op, 591618838.00 ns, 18.0548 us/op
WorkloadResult  11: 32768 op, 594286640.00 ns, 18.1362 us/op
WorkloadResult  12: 32768 op, 592096480.00 ns, 18.0694 us/op
WorkloadResult  13: 32768 op, 596385001.00 ns, 18.2002 us/op
// GC:  0 0 0 4368 32768
// Threading:  0 0 32768


Mean = 18.086 μs, StdErr = 0.016 μs (0.09%), N = 13, StdDev = 0.059 μs
Min = 18.015 μs, Q1 = 18.046 μs, Median = 18.069 μs, Q3 = 18.101 μs, Max = 18.200 μs
IQR = 0.055 μs, LowerFence = 17.963 μs, UpperFence = 18.184 μs
ConfidenceInterval = [18.015 μs; 18.157 μs] (CI 99.9%), Margin = 0.071 μs (0.39% of Mean)
Skewness = 0.82, Kurtosis = 2.31, MValue = 2

// ** Remained 10 (71.4 %) benchmark(s) to run. Estimated finish 2026-09-19 2:42 (0h 1m from now) **
// **************************
// Benchmark: PairHandleBenchmarks.Advance: Job-TZECNT(IterationCount=16, IterationTime=200ms, WarmupCount=8) [Shape=PairRuns8]
// *** Execute ***
// Launch: 1 / 1
// Execute: dotnet PairHandles-Job-TZECNT-1.dll --anonymousPipes 120 121 --benchmarkName "Tl.PairHandlesProbe.PairHandleBenchmarks.Advance(Shape: PairRuns8)" --job "IterationCount=16, IterationTime=200ms, WarmupCount=8" --benchmarkId 2 in /home/i/GitHub/tl-193-shrink/benchmarks/PairHandles/bin/Release/net10.0/PairHandles-Job-TZECNT-1/bin/Release/net10.0
// Failed to set up high priority (Permission denied). In order to run benchmarks with high priority, make sure you have the right permissions.
// BeforeAnythingElse

// Benchmark Process Environment Information:
// BenchmarkDotNet v0.15.8
// Runtime=.NET 10.0.12 (10.0.12, 10.0.1226.42308), X64 RyuJIT x86-64-v3
// GC=Concurrent Workstation
// HardwareIntrinsics=AVX2+BMI1+BMI2+F16C+FMA+LZCNT+MOVBE,AVX,SSE3+SSSE3+SSE4.1+SSE4.2+POPCNT,X86Base+SSE+SSE2,AES+PCLMUL,AvxVnni,SERIALIZE VectorSize=256
// Job: Job-TZECNT(IterationCount=16, IterationTime=200ms, WarmupCount=8)

OverheadJitting  1: 1 op, 82142.00 ns, 82.1420 us/op
WorkloadJitting  1: 1 op, 11066180.00 ns, 11.0662 ms/op

OverheadJitting  2: 16 op, 110670.00 ns, 6.9169 us/op
WorkloadJitting  2: 16 op, 1358011.00 ns, 84.8757 us/op

WorkloadPilot    1: 16 op, 999204.00 ns, 62.4503 us/op
WorkloadPilot    2: 3216 op, 138489598.00 ns, 43.0627 us/op
WorkloadPilot    3: 4656 op, 95267944.00 ns, 20.4613 us/op
WorkloadPilot    4: 9776 op, 202506085.00 ns, 20.7146 us/op
WorkloadPilot    5: 9664 op, 199454421.00 ns, 20.6389 us/op
WorkloadPilot    6: 9696 op, 216321355.00 ns, 22.3104 us/op
WorkloadPilot    7: 8976 op, 181752542.00 ns, 20.2487 us/op
WorkloadPilot    8: 9888 op, 202557259.00 ns, 20.4852 us/op

OverheadWarmup   1: 9888 op, 20145.00 ns, 2.0373 ns/op
OverheadWarmup   2: 9888 op, 19166.00 ns, 1.9383 ns/op
OverheadWarmup   3: 9888 op, 19078.00 ns, 1.9294 ns/op
OverheadWarmup   4: 9888 op, 19120.00 ns, 1.9337 ns/op
OverheadWarmup   5: 9888 op, 18979.00 ns, 1.9194 ns/op
OverheadWarmup   6: 9888 op, 18942.00 ns, 1.9157 ns/op
OverheadWarmup   7: 9888 op, 19144.00 ns, 1.9361 ns/op
OverheadWarmup   8: 9888 op, 18942.00 ns, 1.9157 ns/op

OverheadActual   1: 9888 op, 19219.00 ns, 1.9437 ns/op
OverheadActual   2: 9888 op, 19203.00 ns, 1.9421 ns/op
OverheadActual   3: 9888 op, 19573.00 ns, 1.9795 ns/op
OverheadActual   4: 9888 op, 19331.00 ns, 1.9550 ns/op
OverheadActual   5: 9888 op, 19521.00 ns, 1.9742 ns/op
OverheadActual   6: 9888 op, 18869.00 ns, 1.9083 ns/op
OverheadActual   7: 9888 op, 18593.00 ns, 1.8804 ns/op
OverheadActual   8: 9888 op, 18618.00 ns, 1.8829 ns/op
OverheadActual   9: 9888 op, 18573.00 ns, 1.8783 ns/op
OverheadActual  10: 9888 op, 18601.00 ns, 1.8812 ns/op
OverheadActual  11: 9888 op, 18924.00 ns, 1.9138 ns/op
OverheadActual  12: 9888 op, 19122.00 ns, 1.9339 ns/op
OverheadActual  13: 9888 op, 18933.00 ns, 1.9147 ns/op
OverheadActual  14: 9888 op, 18950.00 ns, 1.9165 ns/op
OverheadActual  15: 9888 op, 18951.00 ns, 1.9166 ns/op

WorkloadWarmup   1: 9888 op, 200851298.00 ns, 20.3126 us/op
WorkloadWarmup   2: 9888 op, 200501124.00 ns, 20.2772 us/op
WorkloadWarmup   3: 9888 op, 200423454.00 ns, 20.2694 us/op
WorkloadWarmup   4: 9888 op, 200379482.00 ns, 20.2649 us/op
WorkloadWarmup   5: 9888 op, 200288639.00 ns, 20.2557 us/op
WorkloadWarmup   6: 9888 op, 200154923.00 ns, 20.2422 us/op
WorkloadWarmup   7: 9888 op, 218377132.00 ns, 22.0851 us/op
WorkloadWarmup   8: 9888 op, 200326221.00 ns, 20.2595 us/op

// BeforeActualRun
WorkloadActual   1: 9888 op, 200925573.00 ns, 20.3201 us/op
WorkloadActual   2: 9888 op, 201067190.00 ns, 20.3345 us/op
WorkloadActual   3: 9888 op, 200138905.00 ns, 20.2406 us/op
WorkloadActual   4: 9888 op, 200109102.00 ns, 20.2376 us/op
WorkloadActual   5: 9888 op, 209583574.00 ns, 21.1957 us/op
WorkloadActual   6: 9888 op, 205947620.00 ns, 20.8280 us/op
WorkloadActual   7: 9888 op, 201732442.00 ns, 20.4017 us/op
WorkloadActual   8: 9888 op, 201073339.00 ns, 20.3351 us/op
WorkloadActual   9: 9888 op, 218331966.00 ns, 22.0805 us/op
WorkloadActual  10: 9888 op, 200220811.00 ns, 20.2489 us/op
WorkloadActual  11: 9888 op, 214872281.00 ns, 21.7306 us/op
WorkloadActual  12: 9888 op, 215454783.00 ns, 21.7895 us/op
WorkloadActual  13: 9888 op, 217185728.00 ns, 21.9646 us/op
WorkloadActual  14: 9888 op, 200788027.00 ns, 20.3062 us/op
WorkloadActual  15: 9888 op, 202453295.00 ns, 20.4746 us/op
WorkloadActual  16: 9888 op, 200769471.00 ns, 20.3044 us/op

// AfterActualRun
WorkloadResult   1: 9888 op, 200906623.00 ns, 20.3182 us/op
WorkloadResult   2: 9888 op, 201048240.00 ns, 20.3325 us/op
WorkloadResult   3: 9888 op, 200119955.00 ns, 20.2387 us/op
WorkloadResult   4: 9888 op, 200090152.00 ns, 20.2357 us/op
WorkloadResult   5: 9888 op, 209564624.00 ns, 21.1938 us/op
WorkloadResult   6: 9888 op, 205928670.00 ns, 20.8261 us/op
WorkloadResult   7: 9888 op, 201713492.00 ns, 20.3998 us/op
WorkloadResult   8: 9888 op, 201054389.00 ns, 20.3332 us/op
WorkloadResult   9: 9888 op, 218313016.00 ns, 22.0786 us/op
WorkloadResult  10: 9888 op, 200201861.00 ns, 20.2470 us/op
WorkloadResult  11: 9888 op, 214853331.00 ns, 21.7287 us/op
WorkloadResult  12: 9888 op, 215435833.00 ns, 21.7876 us/op
WorkloadResult  13: 9888 op, 217166778.00 ns, 21.9627 us/op
WorkloadResult  14: 9888 op, 200769077.00 ns, 20.3043 us/op
WorkloadResult  15: 9888 op, 202434345.00 ns, 20.4727 us/op
WorkloadResult  16: 9888 op, 200750521.00 ns, 20.3024 us/op
// GC:  0 0 0 0 9888
// Threading:  0 0 9888

// AfterAll
// Benchmark Process 505230 has exited with code 0.

Mean = 20.798 μs, StdErr = 0.175 μs (0.84%), N = 16, StdDev = 0.700 μs
Min = 20.236 μs, Q1 = 20.304 μs, Median = 20.366 μs, Q3 = 21.328 μs, Max = 22.079 μs
IQR = 1.024 μs, LowerFence = 18.768 μs, UpperFence = 22.863 μs
ConfidenceInterval = [20.085 μs; 21.510 μs] (CI 99.9%), Margin = 0.713 μs (3.43% of Mean)
Skewness = 0.79, Kurtosis = 1.79, MValue = 2.55

// ** Remained 9 (64.3 %) benchmark(s) to run. Estimated finish 2026-09-19 2:42 (0h 1m from now) **
// **************************
// Benchmark: PairHandleBenchmarks.Advance: InProcess(Toolchain=InProcessEmitToolchain) [Shape=PairRuns8]
// *** Execute ***
// Launch: 1 / 1
// ! Failed to set up priority High for process System.Diagnostics.Process (PairHandles). Make sure you have the right permissions. Message: Permission denied

// Benchmark Process Environment Information:
// BenchmarkDotNet v0.15.8
// Runtime=.NET 10.0.12 (10.0.12, 10.0.1226.42308), X64 RyuJIT x86-64-v3
// GC=Concurrent Workstation
// HardwareIntrinsics=AVX2+BMI1+BMI2+F16C+FMA+LZCNT+MOVBE,AVX,SSE3+SSSE3+SSE4.1+SSE4.2+POPCNT,X86Base+SSE+SSE2,AES+PCLMUL,AvxVnni,SERIALIZE VectorSize=256
// Job: Job-JWQWGO(Toolchain=InProcessEmitToolchain)

OverheadJitting  1: 1 op, 136102.00 ns, 136.1020 us/op
WorkloadJitting  1: 1 op, 231362.00 ns, 231.3620 us/op

OverheadJitting  2: 16 op, 150086.00 ns, 9.3804 us/op
WorkloadJitting  2: 16 op, 2007391.00 ns, 125.4619 us/op

WorkloadPilot    1: 16 op, 1865508.00 ns, 116.5943 us/op
WorkloadPilot    2: 32 op, 3450384.00 ns, 107.8245 us/op
WorkloadPilot    3: 64 op, 1365037.00 ns, 21.3287 us/op
WorkloadPilot    4: 128 op, 2659982.00 ns, 20.7811 us/op
WorkloadPilot    5: 256 op, 5738741.00 ns, 22.4170 us/op
WorkloadPilot    6: 512 op, 11016192.00 ns, 21.5160 us/op
WorkloadPilot    7: 1024 op, 21449262.00 ns, 20.9465 us/op
WorkloadPilot    8: 2048 op, 43662556.00 ns, 21.3196 us/op
WorkloadPilot    9: 4096 op, 85241546.00 ns, 20.8109 us/op
WorkloadPilot   10: 8192 op, 169919574.00 ns, 20.7421 us/op
WorkloadPilot   11: 16384 op, 340490770.00 ns, 20.7819 us/op
WorkloadPilot   12: 32768 op, 679828974.00 ns, 20.7467 us/op

OverheadWarmup   1: 32768 op, 47425.00 ns, 1.4473 ns/op
OverheadWarmup   2: 32768 op, 48447.00 ns, 1.4785 ns/op
OverheadWarmup   3: 32768 op, 45388.00 ns, 1.3851 ns/op
OverheadWarmup   4: 32768 op, 45319.00 ns, 1.3830 ns/op
OverheadWarmup   5: 32768 op, 44445.00 ns, 1.3564 ns/op
OverheadWarmup   6: 32768 op, 44440.00 ns, 1.3562 ns/op
OverheadWarmup   7: 32768 op, 46124.00 ns, 1.4076 ns/op
OverheadWarmup   8: 32768 op, 46150.00 ns, 1.4084 ns/op
OverheadWarmup   9: 32768 op, 45426.00 ns, 1.3863 ns/op

OverheadActual   1: 32768 op, 44487.00 ns, 1.3576 ns/op
OverheadActual   2: 32768 op, 44380.00 ns, 1.3544 ns/op
OverheadActual   3: 32768 op, 44420.00 ns, 1.3556 ns/op
OverheadActual   4: 32768 op, 44444.00 ns, 1.3563 ns/op
OverheadActual   5: 32768 op, 44397.00 ns, 1.3549 ns/op
OverheadActual   6: 32768 op, 44411.00 ns, 1.3553 ns/op
OverheadActual   7: 32768 op, 44378.00 ns, 1.3543 ns/op
OverheadActual   8: 32768 op, 44391.00 ns, 1.3547 ns/op
OverheadActual   9: 32768 op, 44412.00 ns, 1.3553 ns/op
OverheadActual  10: 32768 op, 44443.00 ns, 1.3563 ns/op
OverheadActual  11: 32768 op, 47566.00 ns, 1.4516 ns/op
OverheadActual  12: 32768 op, 47469.00 ns, 1.4486 ns/op
OverheadActual  13: 32768 op, 47230.00 ns, 1.4413 ns/op
OverheadActual  14: 32768 op, 45514.00 ns, 1.3890 ns/op
OverheadActual  15: 32768 op, 46367.00 ns, 1.4150 ns/op

WorkloadWarmup   1: 32768 op, 681184007.00 ns, 20.7881 us/op
WorkloadWarmup   2: 32768 op, 686434779.00 ns, 20.9483 us/op
WorkloadWarmup   3: 32768 op, 675936726.00 ns, 20.6280 us/op
WorkloadWarmup   4: 32768 op, 675092471.00 ns, 20.6022 us/op
WorkloadWarmup   5: 32768 op, 675228865.00 ns, 20.6063 us/op
WorkloadWarmup   6: 32768 op, 675195745.00 ns, 20.6053 us/op

WorkloadActual   1: 32768 op, 679129598.00 ns, 20.7254 us/op
WorkloadActual   2: 32768 op, 677056576.00 ns, 20.6621 us/op
WorkloadActual   3: 32768 op, 675752791.00 ns, 20.6223 us/op
WorkloadActual   4: 32768 op, 676032097.00 ns, 20.6309 us/op
WorkloadActual   5: 32768 op, 677951650.00 ns, 20.6894 us/op
WorkloadActual   6: 32768 op, 675738371.00 ns, 20.6219 us/op
WorkloadActual   7: 32768 op, 676400200.00 ns, 20.6421 us/op
WorkloadActual   8: 32768 op, 675558749.00 ns, 20.6164 us/op
WorkloadActual   9: 32768 op, 674736867.00 ns, 20.5913 us/op
WorkloadActual  10: 32768 op, 675444688.00 ns, 20.6129 us/op
WorkloadActual  11: 32768 op, 675805043.00 ns, 20.6239 us/op
WorkloadActual  12: 32768 op, 674672734.00 ns, 20.5894 us/op
WorkloadActual  13: 32768 op, 674600915.00 ns, 20.5872 us/op
WorkloadActual  14: 32768 op, 674826240.00 ns, 20.5941 us/op
WorkloadActual  15: 32768 op, 674461028.00 ns, 20.5829 us/op

WorkloadResult   1: 32768 op, 677012133.00 ns, 20.6608 us/op
WorkloadResult   2: 32768 op, 675708348.00 ns, 20.6210 us/op
WorkloadResult   3: 32768 op, 675987654.00 ns, 20.6295 us/op
WorkloadResult   4: 32768 op, 677907207.00 ns, 20.6881 us/op
WorkloadResult   5: 32768 op, 675693928.00 ns, 20.6205 us/op
WorkloadResult   6: 32768 op, 676355757.00 ns, 20.6407 us/op
WorkloadResult   7: 32768 op, 675514306.00 ns, 20.6151 us/op
WorkloadResult   8: 32768 op, 674692424.00 ns, 20.5900 us/op
WorkloadResult   9: 32768 op, 675400245.00 ns, 20.6116 us/op
WorkloadResult  10: 32768 op, 675760600.00 ns, 20.6226 us/op
WorkloadResult  11: 32768 op, 674628291.00 ns, 20.5880 us/op
WorkloadResult  12: 32768 op, 674556472.00 ns, 20.5858 us/op
WorkloadResult  13: 32768 op, 674781797.00 ns, 20.5927 us/op
WorkloadResult  14: 32768 op, 674416585.00 ns, 20.5816 us/op
// GC:  0 0 0 4320 32768
// Threading:  0 0 32768


Mean = 20.618 μs, StdErr = 0.008 μs (0.04%), N = 14, StdDev = 0.031 μs
Min = 20.582 μs, Q1 = 20.591 μs, Median = 20.618 μs, Q3 = 20.628 μs, Max = 20.688 μs
IQR = 0.037 μs, LowerFence = 20.535 μs, UpperFence = 20.683 μs
ConfidenceInterval = [20.583 μs; 20.652 μs] (CI 99.9%), Margin = 0.035 μs (0.17% of Mean)
Skewness = 0.75, Kurtosis = 2.67, MValue = 2

// ** Remained 8 (57.1 %) benchmark(s) to run. Estimated finish 2026-09-19 2:42 (0h 1m from now) **
// **************************
// Benchmark: PairHandleBenchmarks.Advance: Job-TZECNT(IterationCount=16, IterationTime=200ms, WarmupCount=8) [Shape=PairAlternating8]
// *** Execute ***
// Launch: 1 / 1
// Execute: dotnet PairHandles-Job-TZECNT-1.dll --anonymousPipes 120 121 --benchmarkName "Tl.PairHandlesProbe.PairHandleBenchmarks.Advance(Shape: PairAlternating8)" --job "IterationCount=16, IterationTime=200ms, WarmupCount=8" --benchmarkId 3 in /home/i/GitHub/tl-193-shrink/benchmarks/PairHandles/bin/Release/net10.0/PairHandles-Job-TZECNT-1/bin/Release/net10.0
// Failed to set up high priority (Permission denied). In order to run benchmarks with high priority, make sure you have the right permissions.
// BeforeAnythingElse

// Benchmark Process Environment Information:
// BenchmarkDotNet v0.15.8
// Runtime=.NET 10.0.12 (10.0.12, 10.0.1226.42308), X64 RyuJIT x86-64-v3
// GC=Concurrent Workstation
// HardwareIntrinsics=AVX2+BMI1+BMI2+F16C+FMA+LZCNT+MOVBE,AVX,SSE3+SSSE3+SSE4.1+SSE4.2+POPCNT,X86Base+SSE+SSE2,AES+PCLMUL,AvxVnni,SERIALIZE VectorSize=256
// Job: Job-TZECNT(IterationCount=16, IterationTime=200ms, WarmupCount=8)

OverheadJitting  1: 1 op, 88636.00 ns, 88.6360 us/op
WorkloadJitting  1: 1 op, 8577699.00 ns, 8.5777 ms/op

OverheadJitting  2: 16 op, 104813.00 ns, 6.5508 us/op
WorkloadJitting  2: 16 op, 3833283.00 ns, 239.5802 us/op

WorkloadPilot    1: 16 op, 2481665.00 ns, 155.1041 us/op
WorkloadPilot    2: 1296 op, 161105875.00 ns, 124.3101 us/op
WorkloadPilot    3: 1616 op, 141684706.00 ns, 87.6762 us/op
WorkloadPilot    4: 2288 op, 200136298.00 ns, 87.4722 us/op

OverheadWarmup   1: 2288 op, 5504.00 ns, 2.4056 ns/op
OverheadWarmup   2: 2288 op, 4645.00 ns, 2.0302 ns/op
OverheadWarmup   3: 2288 op, 4546.00 ns, 1.9869 ns/op
OverheadWarmup   4: 2288 op, 4547.00 ns, 1.9873 ns/op
OverheadWarmup   5: 2288 op, 4572.00 ns, 1.9983 ns/op
OverheadWarmup   6: 2288 op, 4536.00 ns, 1.9825 ns/op
OverheadWarmup   7: 2288 op, 4561.00 ns, 1.9934 ns/op
OverheadWarmup   8: 2288 op, 4549.00 ns, 1.9882 ns/op

OverheadActual   1: 2288 op, 4686.00 ns, 2.0481 ns/op
OverheadActual   2: 2288 op, 4624.00 ns, 2.0210 ns/op
OverheadActual   3: 2288 op, 4599.00 ns, 2.0101 ns/op
OverheadActual   4: 2288 op, 4437.00 ns, 1.9392 ns/op
OverheadActual   5: 2288 op, 4606.00 ns, 2.0131 ns/op
OverheadActual   6: 2288 op, 4382.00 ns, 1.9152 ns/op
OverheadActual   7: 2288 op, 4388.00 ns, 1.9178 ns/op
OverheadActual   8: 2288 op, 4379.00 ns, 1.9139 ns/op
OverheadActual   9: 2288 op, 4392.00 ns, 1.9196 ns/op
OverheadActual  10: 2288 op, 4378.00 ns, 1.9135 ns/op
OverheadActual  11: 2288 op, 4384.00 ns, 1.9161 ns/op
OverheadActual  12: 2288 op, 4387.00 ns, 1.9174 ns/op
OverheadActual  13: 2288 op, 4378.00 ns, 1.9135 ns/op
OverheadActual  14: 2288 op, 4377.00 ns, 1.9130 ns/op
OverheadActual  15: 2288 op, 4390.00 ns, 1.9187 ns/op

WorkloadWarmup   1: 2288 op, 201351892.00 ns, 88.0034 us/op
WorkloadWarmup   2: 2288 op, 200990825.00 ns, 87.8456 us/op
WorkloadWarmup   3: 2288 op, 201715122.00 ns, 88.1622 us/op
WorkloadWarmup   4: 2288 op, 202453935.00 ns, 88.4851 us/op
WorkloadWarmup   5: 2288 op, 201713969.00 ns, 88.1617 us/op
WorkloadWarmup   6: 2288 op, 194296073.00 ns, 84.9196 us/op
WorkloadWarmup   7: 2288 op, 193482434.00 ns, 84.5640 us/op
WorkloadWarmup   8: 2288 op, 201870058.00 ns, 88.2299 us/op

// BeforeActualRun
WorkloadActual   1: 2288 op, 203814290.00 ns, 89.0797 us/op
WorkloadActual   2: 2288 op, 201418386.00 ns, 88.0325 us/op
WorkloadActual   3: 2288 op, 202545825.00 ns, 88.5253 us/op
WorkloadActual   4: 2288 op, 200815465.00 ns, 87.7690 us/op
WorkloadActual   5: 2288 op, 201761371.00 ns, 88.1824 us/op
WorkloadActual   6: 2288 op, 200910993.00 ns, 87.8107 us/op
WorkloadActual   7: 2288 op, 202534122.00 ns, 88.5202 us/op
WorkloadActual   8: 2288 op, 202894188.00 ns, 88.6775 us/op
WorkloadActual   9: 2288 op, 203696118.00 ns, 89.0280 us/op
WorkloadActual  10: 2288 op, 202409682.00 ns, 88.4658 us/op
WorkloadActual  11: 2288 op, 202670940.00 ns, 88.5800 us/op
WorkloadActual  12: 2288 op, 203368031.00 ns, 88.8846 us/op
WorkloadActual  13: 2288 op, 201981790.00 ns, 88.2788 us/op
WorkloadActual  14: 2288 op, 208050998.00 ns, 90.9314 us/op
WorkloadActual  15: 2288 op, 243233162.00 ns, 106.3082 us/op
WorkloadActual  16: 2288 op, 279158132.00 ns, 122.0097 us/op

// AfterActualRun
WorkloadResult   1: 2288 op, 203809902.00 ns, 89.0778 us/op
WorkloadResult   2: 2288 op, 201413998.00 ns, 88.0306 us/op
WorkloadResult   3: 2288 op, 202541437.00 ns, 88.5234 us/op
WorkloadResult   4: 2288 op, 200811077.00 ns, 87.7671 us/op
WorkloadResult   5: 2288 op, 201756983.00 ns, 88.1805 us/op
WorkloadResult   6: 2288 op, 200906605.00 ns, 87.8088 us/op
WorkloadResult   7: 2288 op, 202529734.00 ns, 88.5182 us/op
WorkloadResult   8: 2288 op, 202889800.00 ns, 88.6756 us/op
WorkloadResult   9: 2288 op, 203691730.00 ns, 89.0261 us/op
WorkloadResult  10: 2288 op, 202405294.00 ns, 88.4639 us/op
WorkloadResult  11: 2288 op, 202666552.00 ns, 88.5780 us/op
WorkloadResult  12: 2288 op, 203363643.00 ns, 88.8827 us/op
WorkloadResult  13: 2288 op, 201977402.00 ns, 88.2768 us/op
// GC:  0 0 0 0 2288
// Threading:  0 0 2288

// AfterAll
// Benchmark Process 529182 has exited with code 0.

Mean = 88.447 μs, StdErr = 0.117 μs (0.13%), N = 13, StdDev = 0.423 μs
Min = 87.767 μs, Q1 = 88.180 μs, Median = 88.518 μs, Q3 = 88.676 μs, Max = 89.078 μs
IQR = 0.495 μs, LowerFence = 87.438 μs, UpperFence = 89.418 μs
ConfidenceInterval = [87.940 μs; 88.953 μs] (CI 99.9%), Margin = 0.506 μs (0.57% of Mean)
Skewness = -0.13, Kurtosis = 1.74, MValue = 2

// ** Remained 7 (50.0 %) benchmark(s) to run. Estimated finish 2026-09-19 2:42 (0h 1m from now) **
// **************************
// Benchmark: PairHandleBenchmarks.Advance: InProcess(Toolchain=InProcessEmitToolchain) [Shape=PairAlternating8]
// *** Execute ***
// Launch: 1 / 1
// ! Failed to set up priority High for process System.Diagnostics.Process (PairHandles). Make sure you have the right permissions. Message: Permission denied

// Benchmark Process Environment Information:
// BenchmarkDotNet v0.15.8
// Runtime=.NET 10.0.12 (10.0.12, 10.0.1226.42308), X64 RyuJIT x86-64-v3
// GC=Concurrent Workstation
// HardwareIntrinsics=AVX2+BMI1+BMI2+F16C+FMA+LZCNT+MOVBE,AVX,SSE3+SSSE3+SSE4.1+SSE4.2+POPCNT,X86Base+SSE+SSE2,AES+PCLMUL,AvxVnni,SERIALIZE VectorSize=256
// Job: Job-JWQWGO(Toolchain=InProcessEmitToolchain)

OverheadJitting  1: 1 op, 143236.00 ns, 143.2360 us/op
WorkloadJitting  1: 1 op, 298497.00 ns, 298.4970 us/op

OverheadJitting  2: 16 op, 158855.00 ns, 9.9284 us/op
WorkloadJitting  2: 16 op, 3165268.00 ns, 197.8293 us/op

WorkloadPilot    1: 16 op, 2948693.00 ns, 184.2933 us/op
WorkloadPilot    2: 32 op, 5746957.00 ns, 179.5924 us/op
WorkloadPilot    3: 64 op, 9540928.00 ns, 149.0770 us/op
WorkloadPilot    4: 128 op, 16712749.00 ns, 130.5684 us/op
WorkloadPilot    5: 256 op, 31298082.00 ns, 122.2581 us/op
WorkloadPilot    6: 512 op, 59604923.00 ns, 116.4159 us/op
WorkloadPilot    7: 1024 op, 114956179.00 ns, 112.2619 us/op
WorkloadPilot    8: 2048 op, 186337950.00 ns, 90.9853 us/op
WorkloadPilot    9: 4096 op, 397323606.00 ns, 97.0028 us/op
WorkloadPilot   10: 8192 op, 732571283.00 ns, 89.4252 us/op

OverheadWarmup   1: 8192 op, 12883.00 ns, 1.5726 ns/op
OverheadWarmup   2: 8192 op, 11647.00 ns, 1.4218 ns/op
OverheadWarmup   3: 8192 op, 11411.00 ns, 1.3929 ns/op
OverheadWarmup   4: 8192 op, 11574.00 ns, 1.4128 ns/op
OverheadWarmup   5: 8192 op, 11415.00 ns, 1.3934 ns/op
OverheadWarmup   6: 8192 op, 11364.00 ns, 1.3872 ns/op
OverheadWarmup   7: 8192 op, 11372.00 ns, 1.3882 ns/op
OverheadWarmup   8: 8192 op, 11403.00 ns, 1.3920 ns/op
OverheadWarmup   9: 8192 op, 11416.00 ns, 1.3936 ns/op
OverheadWarmup  10: 8192 op, 11185.00 ns, 1.3654 ns/op

OverheadActual   1: 8192 op, 11179.00 ns, 1.3646 ns/op
OverheadActual   2: 8192 op, 11386.00 ns, 1.3899 ns/op
OverheadActual   3: 8192 op, 11358.00 ns, 1.3865 ns/op
OverheadActual   4: 8192 op, 11379.00 ns, 1.3890 ns/op
OverheadActual   5: 8192 op, 11606.00 ns, 1.4167 ns/op
OverheadActual   6: 8192 op, 11671.00 ns, 1.4247 ns/op
OverheadActual   7: 8192 op, 11443.00 ns, 1.3969 ns/op
OverheadActual   8: 8192 op, 11385.00 ns, 1.3898 ns/op
OverheadActual   9: 8192 op, 11369.00 ns, 1.3878 ns/op
OverheadActual  10: 8192 op, 11377.00 ns, 1.3888 ns/op
OverheadActual  11: 8192 op, 11372.00 ns, 1.3882 ns/op
OverheadActual  12: 8192 op, 11376.00 ns, 1.3887 ns/op
OverheadActual  13: 8192 op, 11337.00 ns, 1.3839 ns/op
OverheadActual  14: 8192 op, 11363.00 ns, 1.3871 ns/op
OverheadActual  15: 8192 op, 11364.00 ns, 1.3872 ns/op

WorkloadWarmup   1: 8192 op, 720911792.00 ns, 88.0019 us/op
WorkloadWarmup   2: 8192 op, 707025592.00 ns, 86.3068 us/op
WorkloadWarmup   3: 8192 op, 711262372.00 ns, 86.8240 us/op
WorkloadWarmup   4: 8192 op, 712674692.00 ns, 86.9964 us/op
WorkloadWarmup   5: 8192 op, 709719720.00 ns, 86.6357 us/op
WorkloadWarmup   6: 8192 op, 712213346.00 ns, 86.9401 us/op
WorkloadWarmup   7: 8192 op, 712156869.00 ns, 86.9332 us/op

WorkloadActual   1: 8192 op, 712800497.00 ns, 87.0118 us/op
WorkloadActual   2: 8192 op, 714714229.00 ns, 87.2454 us/op
WorkloadActual   3: 8192 op, 714688616.00 ns, 87.2423 us/op
WorkloadActual   4: 8192 op, 712534993.00 ns, 86.9794 us/op
WorkloadActual   5: 8192 op, 713375699.00 ns, 87.0820 us/op
WorkloadActual   6: 8192 op, 713689864.00 ns, 87.1203 us/op
WorkloadActual   7: 8192 op, 713962036.00 ns, 87.1536 us/op
WorkloadActual   8: 8192 op, 713141901.00 ns, 87.0535 us/op
WorkloadActual   9: 8192 op, 726792742.00 ns, 88.7198 us/op
WorkloadActual  10: 8192 op, 722209176.00 ns, 88.1603 us/op
WorkloadActual  11: 8192 op, 717951558.00 ns, 87.6406 us/op
WorkloadActual  12: 8192 op, 716075036.00 ns, 87.4115 us/op
WorkloadActual  13: 8192 op, 710786726.00 ns, 86.7660 us/op
WorkloadActual  14: 8192 op, 708531509.00 ns, 86.4907 us/op
WorkloadActual  15: 8192 op, 709305016.00 ns, 86.5851 us/op

WorkloadResult   1: 8192 op, 712789121.00 ns, 87.0104 us/op
WorkloadResult   2: 8192 op, 714702853.00 ns, 87.2440 us/op
WorkloadResult   3: 8192 op, 714677240.00 ns, 87.2409 us/op
WorkloadResult   4: 8192 op, 712523617.00 ns, 86.9780 us/op
WorkloadResult   5: 8192 op, 713364323.00 ns, 87.0806 us/op
WorkloadResult   6: 8192 op, 713678488.00 ns, 87.1190 us/op
WorkloadResult   7: 8192 op, 713950660.00 ns, 87.1522 us/op
WorkloadResult   8: 8192 op, 713130525.00 ns, 87.0521 us/op
WorkloadResult   9: 8192 op, 717940182.00 ns, 87.6392 us/op
WorkloadResult  10: 8192 op, 716063660.00 ns, 87.4101 us/op
WorkloadResult  11: 8192 op, 710775350.00 ns, 86.7646 us/op
WorkloadResult  12: 8192 op, 708520133.00 ns, 86.4893 us/op
WorkloadResult  13: 8192 op, 709293640.00 ns, 86.5837 us/op
// GC:  0 0 0 1632 8192
// Threading:  0 0 8192


Mean = 87.059 μs, StdErr = 0.087 μs (0.10%), N = 13, StdDev = 0.314 μs
Min = 86.489 μs, Q1 = 86.978 μs, Median = 87.081 μs, Q3 = 87.241 μs, Max = 87.639 μs
IQR = 0.263 μs, LowerFence = 86.584 μs, UpperFence = 87.635 μs
ConfidenceInterval = [86.682 μs; 87.435 μs] (CI 99.9%), Margin = 0.376 μs (0.43% of Mean)
Skewness = -0.16, Kurtosis = 2.32, MValue = 2

// ** Remained 6 (42.9 %) benchmark(s) to run. Estimated finish 2026-09-19 2:42 (0h 1m from now) **
// **************************
// Benchmark: PairHandleBenchmarks.Advance: Job-TZECNT(IterationCount=16, IterationTime=200ms, WarmupCount=8) [Shape=PairRuns8Waves]
// *** Execute ***
// Launch: 1 / 1
// Execute: dotnet PairHandles-Job-TZECNT-1.dll --anonymousPipes 120 121 --benchmarkName "Tl.PairHandlesProbe.PairHandleBenchmarks.Advance(Shape: PairRuns8Waves)" --job "IterationCount=16, IterationTime=200ms, WarmupCount=8" --benchmarkId 4 in /home/i/GitHub/tl-193-shrink/benchmarks/PairHandles/bin/Release/net10.0/PairHandles-Job-TZECNT-1/bin/Release/net10.0
// Failed to set up high priority (Permission denied). In order to run benchmarks with high priority, make sure you have the right permissions.
// BeforeAnythingElse

// Benchmark Process Environment Information:
// BenchmarkDotNet v0.15.8
// Runtime=.NET 10.0.12 (10.0.12, 10.0.1226.42308), X64 RyuJIT x86-64-v3
// GC=Concurrent Workstation
// HardwareIntrinsics=AVX2+BMI1+BMI2+F16C+FMA+LZCNT+MOVBE,AVX,SSE3+SSSE3+SSE4.1+SSE4.2+POPCNT,X86Base+SSE+SSE2,AES+PCLMUL,AvxVnni,SERIALIZE VectorSize=256
// Job: Job-TZECNT(IterationCount=16, IterationTime=200ms, WarmupCount=8)

OverheadJitting  1: 1 op, 91654.00 ns, 91.6540 us/op
WorkloadJitting  1: 1 op, 8804492.00 ns, 8.8045 ms/op

OverheadJitting  2: 16 op, 122461.00 ns, 7.6538 us/op
WorkloadJitting  2: 16 op, 1858609.00 ns, 116.1631 us/op

WorkloadPilot    1: 16 op, 1418947.00 ns, 88.6842 us/op
WorkloadPilot    2: 2256 op, 133756232.00 ns, 59.2891 us/op
WorkloadPilot    3: 3376 op, 60339582.00 ns, 17.8731 us/op
WorkloadPilot    4: 11200 op, 209405277.00 ns, 18.6969 us/op
WorkloadPilot    5: 10704 op, 190694456.00 ns, 17.8153 us/op
WorkloadPilot    6: 11232 op, 201481856.00 ns, 17.9382 us/op
WorkloadPilot    7: 11152 op, 200662249.00 ns, 17.9934 us/op

OverheadWarmup   1: 11152 op, 22108.00 ns, 1.9824 ns/op
OverheadWarmup   2: 11152 op, 21141.00 ns, 1.8957 ns/op
OverheadWarmup   3: 11152 op, 21214.00 ns, 1.9023 ns/op
OverheadWarmup   4: 11152 op, 21061.00 ns, 1.8885 ns/op
OverheadWarmup   5: 11152 op, 21031.00 ns, 1.8859 ns/op
OverheadWarmup   6: 11152 op, 21210.00 ns, 1.9019 ns/op
OverheadWarmup   7: 11152 op, 20998.00 ns, 1.8829 ns/op

OverheadActual   1: 11152 op, 21224.00 ns, 1.9032 ns/op
OverheadActual   2: 11152 op, 22028.00 ns, 1.9753 ns/op
OverheadActual   3: 11152 op, 22436.00 ns, 2.0118 ns/op
OverheadActual   4: 11152 op, 21795.00 ns, 1.9544 ns/op
OverheadActual   5: 11152 op, 22277.00 ns, 1.9976 ns/op
OverheadActual   6: 11152 op, 21378.00 ns, 1.9170 ns/op
OverheadActual   7: 11152 op, 21383.00 ns, 1.9174 ns/op
OverheadActual   8: 11152 op, 21365.00 ns, 1.9158 ns/op
OverheadActual   9: 11152 op, 21367.00 ns, 1.9160 ns/op
OverheadActual  10: 11152 op, 21356.00 ns, 1.9150 ns/op
OverheadActual  11: 11152 op, 21589.00 ns, 1.9359 ns/op
OverheadActual  12: 11152 op, 21369.00 ns, 1.9162 ns/op
OverheadActual  13: 11152 op, 21333.00 ns, 1.9129 ns/op
OverheadActual  14: 11152 op, 21343.00 ns, 1.9138 ns/op
OverheadActual  15: 11152 op, 21364.00 ns, 1.9157 ns/op

WorkloadWarmup   1: 11152 op, 203671389.00 ns, 18.2632 us/op
WorkloadWarmup   2: 11152 op, 201558134.00 ns, 18.0737 us/op
WorkloadWarmup   3: 11152 op, 201619347.00 ns, 18.0792 us/op
WorkloadWarmup   4: 11152 op, 203516455.00 ns, 18.2493 us/op
WorkloadWarmup   5: 11152 op, 202938565.00 ns, 18.1975 us/op
WorkloadWarmup   6: 11152 op, 204511752.00 ns, 18.3386 us/op
WorkloadWarmup   7: 11152 op, 202317525.00 ns, 18.1418 us/op
WorkloadWarmup   8: 11152 op, 201845083.00 ns, 18.0995 us/op

// BeforeActualRun
WorkloadActual   1: 11152 op, 201564625.00 ns, 18.0743 us/op
WorkloadActual   2: 11152 op, 200707199.00 ns, 17.9974 us/op
WorkloadActual   3: 11152 op, 200532414.00 ns, 17.9817 us/op
WorkloadActual   4: 11152 op, 203193146.00 ns, 18.2203 us/op
WorkloadActual   5: 11152 op, 200692585.00 ns, 17.9961 us/op
WorkloadActual   6: 11152 op, 202047346.00 ns, 18.1176 us/op
WorkloadActual   7: 11152 op, 197092479.00 ns, 17.6733 us/op
WorkloadActual   8: 11152 op, 200492662.00 ns, 17.9782 us/op
WorkloadActual   9: 11152 op, 201135679.00 ns, 18.0358 us/op
WorkloadActual  10: 11152 op, 201107129.00 ns, 18.0333 us/op
WorkloadActual  11: 11152 op, 198773780.00 ns, 17.8240 us/op
WorkloadActual  12: 11152 op, 196970405.00 ns, 17.6623 us/op
WorkloadActual  13: 11152 op, 196331479.00 ns, 17.6050 us/op
WorkloadActual  14: 11152 op, 198871615.00 ns, 17.8328 us/op
WorkloadActual  15: 11152 op, 196431611.00 ns, 17.6140 us/op
WorkloadActual  16: 11152 op, 197914957.00 ns, 17.7470 us/op

// AfterActualRun
WorkloadResult   1: 11152 op, 201543256.00 ns, 18.0724 us/op
WorkloadResult   2: 11152 op, 200685830.00 ns, 17.9955 us/op
WorkloadResult   3: 11152 op, 200511045.00 ns, 17.9798 us/op
WorkloadResult   4: 11152 op, 203171777.00 ns, 18.2184 us/op
WorkloadResult   5: 11152 op, 200671216.00 ns, 17.9942 us/op
WorkloadResult   6: 11152 op, 202025977.00 ns, 18.1157 us/op
WorkloadResult   7: 11152 op, 197071110.00 ns, 17.6714 us/op
WorkloadResult   8: 11152 op, 200471293.00 ns, 17.9763 us/op
WorkloadResult   9: 11152 op, 201114310.00 ns, 18.0339 us/op
WorkloadResult  10: 11152 op, 201085760.00 ns, 18.0314 us/op
WorkloadResult  11: 11152 op, 198752411.00 ns, 17.8221 us/op
WorkloadResult  12: 11152 op, 196949036.00 ns, 17.6604 us/op
WorkloadResult  13: 11152 op, 196310110.00 ns, 17.6031 us/op
WorkloadResult  14: 11152 op, 198850246.00 ns, 17.8309 us/op
WorkloadResult  15: 11152 op, 196410242.00 ns, 17.6121 us/op
WorkloadResult  16: 11152 op, 197893588.00 ns, 17.7451 us/op
// GC:  0 0 0 0 11152
// Threading:  0 0 11152

// AfterAll
// Benchmark Process 553960 has exited with code 0.

Mean = 17.898 μs, StdErr = 0.048 μs (0.27%), N = 16, StdDev = 0.193 μs
Min = 17.603 μs, Q1 = 17.727 μs, Median = 17.978 μs, Q3 = 18.032 μs, Max = 18.218 μs
IQR = 0.305 μs, LowerFence = 17.269 μs, UpperFence = 18.490 μs
ConfidenceInterval = [17.701 μs; 18.094 μs] (CI 99.9%), Margin = 0.196 μs (1.10% of Mean)
Skewness = -0.19, Kurtosis = 1.59, MValue = 2

// ** Remained 5 (35.7 %) benchmark(s) to run. Estimated finish 2026-09-19 2:42 (0h 0m from now) **
// **************************
// Benchmark: PairHandleBenchmarks.Advance: InProcess(Toolchain=InProcessEmitToolchain) [Shape=PairRuns8Waves]
// *** Execute ***
// Launch: 1 / 1
// ! Failed to set up priority High for process System.Diagnostics.Process (PairHandles). Make sure you have the right permissions. Message: Permission denied

// Benchmark Process Environment Information:
// BenchmarkDotNet v0.15.8
// Runtime=.NET 10.0.12 (10.0.12, 10.0.1226.42308), X64 RyuJIT x86-64-v3
// GC=Concurrent Workstation
// HardwareIntrinsics=AVX2+BMI1+BMI2+F16C+FMA+LZCNT+MOVBE,AVX,SSE3+SSSE3+SSE4.1+SSE4.2+POPCNT,X86Base+SSE+SSE2,AES+PCLMUL,AvxVnni,SERIALIZE VectorSize=256
// Job: Job-JWQWGO(Toolchain=InProcessEmitToolchain)

OverheadJitting  1: 1 op, 95495.00 ns, 95.4950 us/op
WorkloadJitting  1: 1 op, 175409.00 ns, 175.4090 us/op

OverheadJitting  2: 16 op, 117547.00 ns, 7.3467 us/op
WorkloadJitting  2: 16 op, 1079197.00 ns, 67.4498 us/op

WorkloadPilot    1: 16 op, 885200.00 ns, 55.3250 us/op
WorkloadPilot    2: 32 op, 1802546.00 ns, 56.3296 us/op
WorkloadPilot    3: 64 op, 3390985.00 ns, 52.9841 us/op
WorkloadPilot    4: 128 op, 6772316.00 ns, 52.9087 us/op
WorkloadPilot    5: 256 op, 13165592.00 ns, 51.4281 us/op
WorkloadPilot    6: 512 op, 27524695.00 ns, 53.7592 us/op
WorkloadPilot    7: 1024 op, 57240194.00 ns, 55.8986 us/op
WorkloadPilot    8: 2048 op, 103760773.00 ns, 50.6644 us/op
WorkloadPilot    9: 4096 op, 85338541.00 ns, 20.8346 us/op
WorkloadPilot   10: 8192 op, 156427765.00 ns, 19.0952 us/op
WorkloadPilot   11: 16384 op, 310367520.00 ns, 18.9433 us/op
WorkloadPilot   12: 32768 op, 688282494.00 ns, 21.0047 us/op

OverheadWarmup   1: 32768 op, 55313.00 ns, 1.6880 ns/op
OverheadWarmup   2: 32768 op, 52968.00 ns, 1.6165 ns/op
OverheadWarmup   3: 32768 op, 52917.00 ns, 1.6149 ns/op
OverheadWarmup   4: 32768 op, 66891.00 ns, 2.0414 ns/op
OverheadWarmup   5: 32768 op, 66842.00 ns, 2.0399 ns/op
OverheadWarmup   6: 32768 op, 66850.00 ns, 2.0401 ns/op
OverheadWarmup   7: 32768 op, 48212.00 ns, 1.4713 ns/op

OverheadActual   1: 32768 op, 52623.00 ns, 1.6059 ns/op
OverheadActual   2: 32768 op, 71228.00 ns, 2.1737 ns/op
OverheadActual   3: 32768 op, 68727.00 ns, 2.0974 ns/op
OverheadActual   4: 32768 op, 44708.00 ns, 1.3644 ns/op
OverheadActual   5: 32768 op, 43670.00 ns, 1.3327 ns/op
OverheadActual   6: 32768 op, 44464.00 ns, 1.3569 ns/op
OverheadActual   7: 32768 op, 44435.00 ns, 1.3560 ns/op
OverheadActual   8: 32768 op, 44431.00 ns, 1.3559 ns/op
OverheadActual   9: 32768 op, 65996.00 ns, 2.0140 ns/op
OverheadActual  10: 32768 op, 44497.00 ns, 1.3579 ns/op
OverheadActual  11: 32768 op, 65507.00 ns, 1.9991 ns/op
OverheadActual  12: 32768 op, 70699.00 ns, 2.1576 ns/op
OverheadActual  13: 32768 op, 66322.00 ns, 2.0240 ns/op
OverheadActual  14: 32768 op, 67789.00 ns, 2.0688 ns/op
OverheadActual  15: 32768 op, 67814.00 ns, 2.0695 ns/op
OverheadActual  16: 32768 op, 60399.00 ns, 1.8432 ns/op
OverheadActual  17: 32768 op, 44687.00 ns, 1.3637 ns/op
OverheadActual  18: 32768 op, 44658.00 ns, 1.3629 ns/op
OverheadActual  19: 32768 op, 54804.00 ns, 1.6725 ns/op
OverheadActual  20: 32768 op, 81366.00 ns, 2.4831 ns/op

WorkloadWarmup   1: 32768 op, 652684586.00 ns, 19.9184 us/op
WorkloadWarmup   2: 32768 op, 606157756.00 ns, 18.4985 us/op
WorkloadWarmup   3: 32768 op, 605673644.00 ns, 18.4837 us/op
WorkloadWarmup   4: 32768 op, 605656911.00 ns, 18.4832 us/op
WorkloadWarmup   5: 32768 op, 605043432.00 ns, 18.4645 us/op
WorkloadWarmup   6: 32768 op, 605103509.00 ns, 18.4663 us/op
WorkloadWarmup   7: 32768 op, 606069491.00 ns, 18.4958 us/op
WorkloadWarmup   8: 32768 op, 621678619.00 ns, 18.9721 us/op
WorkloadWarmup   9: 32768 op, 617271399.00 ns, 18.8376 us/op
WorkloadWarmup  10: 32768 op, 613779695.00 ns, 18.7311 us/op
WorkloadWarmup  11: 32768 op, 608623994.00 ns, 18.5737 us/op
WorkloadWarmup  12: 32768 op, 616585488.00 ns, 18.8167 us/op
WorkloadWarmup  13: 32768 op, 606477211.00 ns, 18.5082 us/op

WorkloadActual   1: 32768 op, 604527338.00 ns, 18.4487 us/op
WorkloadActual   2: 32768 op, 604715390.00 ns, 18.4544 us/op
WorkloadActual   3: 32768 op, 603372900.00 ns, 18.4135 us/op
WorkloadActual   4: 32768 op, 606137718.00 ns, 18.4979 us/op
WorkloadActual   5: 32768 op, 605758151.00 ns, 18.4863 us/op
WorkloadActual   6: 32768 op, 605065431.00 ns, 18.4651 us/op
WorkloadActual   7: 32768 op, 625669038.00 ns, 19.0939 us/op
WorkloadActual   8: 32768 op, 634325604.00 ns, 19.3581 us/op
WorkloadActual   9: 32768 op, 605101703.00 ns, 18.4662 us/op
WorkloadActual  10: 32768 op, 607627329.00 ns, 18.5433 us/op
WorkloadActual  11: 32768 op, 606393229.00 ns, 18.5057 us/op
WorkloadActual  12: 32768 op, 605788576.00 ns, 18.4872 us/op
WorkloadActual  13: 32768 op, 606368866.00 ns, 18.5049 us/op
WorkloadActual  14: 32768 op, 607777805.00 ns, 18.5479 us/op
WorkloadActual  15: 32768 op, 616003498.00 ns, 18.7989 us/op

WorkloadResult   1: 32768 op, 604469736.50 ns, 18.4470 us/op
WorkloadResult   2: 32768 op, 604657788.50 ns, 18.4527 us/op
WorkloadResult   3: 32768 op, 603315298.50 ns, 18.4117 us/op
WorkloadResult   4: 32768 op, 606080116.50 ns, 18.4961 us/op
WorkloadResult   5: 32768 op, 605700549.50 ns, 18.4845 us/op
WorkloadResult   6: 32768 op, 605007829.50 ns, 18.4634 us/op
WorkloadResult   7: 32768 op, 605044101.50 ns, 18.4645 us/op
WorkloadResult   8: 32768 op, 607569727.50 ns, 18.5416 us/op
WorkloadResult   9: 32768 op, 606335627.50 ns, 18.5039 us/op
WorkloadResult  10: 32768 op, 605730974.50 ns, 18.4854 us/op
WorkloadResult  11: 32768 op, 606311264.50 ns, 18.5032 us/op
WorkloadResult  12: 32768 op, 607720203.50 ns, 18.5461 us/op
// GC:  0 0 0 672 32768
// Threading:  0 0 32768


Mean = 18.483 μs, StdErr = 0.011 μs (0.06%), N = 12, StdDev = 0.039 μs
Min = 18.412 μs, Q1 = 18.461 μs, Median = 18.485 μs, Q3 = 18.503 μs, Max = 18.546 μs
IQR = 0.043 μs, LowerFence = 18.397 μs, UpperFence = 18.567 μs
ConfidenceInterval = [18.434 μs; 18.533 μs] (CI 99.9%), Margin = 0.050 μs (0.27% of Mean)
Skewness = 0.01, Kurtosis = 2.11, MValue = 2

// ** Remained 4 (28.6 %) benchmark(s) to run. Estimated finish 2026-09-19 2:42 (0h 0m from now) **
// **************************
// Benchmark: PairHandleBenchmarks.Advance: Job-TZECNT(IterationCount=16, IterationTime=200ms, WarmupCount=8) [Shape=PairBlocks8Waves]
// *** Execute ***
// Launch: 1 / 1
// Execute: dotnet PairHandles-Job-TZECNT-1.dll --anonymousPipes 120 121 --benchmarkName "Tl.PairHandlesProbe.PairHandleBenchmarks.Advance(Shape: PairBlocks8Waves)" --job "IterationCount=16, IterationTime=200ms, WarmupCount=8" --benchmarkId 5 in /home/i/GitHub/tl-193-shrink/benchmarks/PairHandles/bin/Release/net10.0/PairHandles-Job-TZECNT-1/bin/Release/net10.0
// Failed to set up high priority (Permission denied). In order to run benchmarks with high priority, make sure you have the right permissions.
// BeforeAnythingElse

// Benchmark Process Environment Information:
// BenchmarkDotNet v0.15.8
// Runtime=.NET 10.0.12 (10.0.12, 10.0.1226.42308), X64 RyuJIT x86-64-v3
// GC=Concurrent Workstation
// HardwareIntrinsics=AVX2+BMI1+BMI2+F16C+FMA+LZCNT+MOVBE,AVX,SSE3+SSSE3+SSE4.1+SSE4.2+POPCNT,X86Base+SSE+SSE2,AES+PCLMUL,AvxVnni,SERIALIZE VectorSize=256
// Job: Job-TZECNT(IterationCount=16, IterationTime=200ms, WarmupCount=8)

OverheadJitting  1: 1 op, 89612.00 ns, 89.6120 us/op
WorkloadJitting  1: 1 op, 7807886.00 ns, 7.8079 ms/op

OverheadJitting  2: 16 op, 109150.00 ns, 6.8219 us/op
WorkloadJitting  2: 16 op, 2042594.00 ns, 127.6621 us/op

WorkloadPilot    1: 16 op, 1584541.00 ns, 99.0338 us/op
WorkloadPilot    2: 2032 op, 136439576.00 ns, 67.1455 us/op
WorkloadPilot    3: 2992 op, 61081218.00 ns, 20.4148 us/op
WorkloadPilot    4: 9808 op, 203152170.00 ns, 20.7129 us/op
WorkloadPilot    5: 9664 op, 200798478.00 ns, 20.7780 us/op
WorkloadPilot    6: 9632 op, 200508063.00 ns, 20.8169 us/op

OverheadWarmup   1: 9632 op, 19788.00 ns, 2.0544 ns/op
OverheadWarmup   2: 9632 op, 18452.00 ns, 1.9157 ns/op
OverheadWarmup   3: 9632 op, 18458.00 ns, 1.9163 ns/op
OverheadWarmup   4: 9632 op, 18468.00 ns, 1.9174 ns/op
OverheadWarmup   5: 9632 op, 18559.00 ns, 1.9268 ns/op
OverheadWarmup   6: 9632 op, 18129.00 ns, 1.8822 ns/op
OverheadWarmup   7: 9632 op, 18349.00 ns, 1.9050 ns/op
OverheadWarmup   8: 9632 op, 18110.00 ns, 1.8802 ns/op

OverheadActual   1: 9632 op, 18448.00 ns, 1.9153 ns/op
OverheadActual   2: 9632 op, 19058.00 ns, 1.9786 ns/op
OverheadActual   3: 9632 op, 18705.00 ns, 1.9420 ns/op
OverheadActual   4: 9632 op, 18597.00 ns, 1.9308 ns/op
OverheadActual   5: 9632 op, 18381.00 ns, 1.9083 ns/op
OverheadActual   6: 9632 op, 18497.00 ns, 1.9204 ns/op
OverheadActual   7: 9632 op, 18141.00 ns, 1.8834 ns/op
OverheadActual   8: 9632 op, 18125.00 ns, 1.8817 ns/op
OverheadActual   9: 9632 op, 18500.00 ns, 1.9207 ns/op
OverheadActual  10: 9632 op, 18122.00 ns, 1.8814 ns/op
OverheadActual  11: 9632 op, 18139.00 ns, 1.8832 ns/op
OverheadActual  12: 9632 op, 18451.00 ns, 1.9156 ns/op
OverheadActual  13: 9632 op, 18640.00 ns, 1.9352 ns/op
OverheadActual  14: 9632 op, 18121.00 ns, 1.8813 ns/op
OverheadActual  15: 9632 op, 18137.00 ns, 1.8830 ns/op

WorkloadWarmup   1: 9632 op, 200486427.00 ns, 20.8146 us/op
WorkloadWarmup   2: 9632 op, 200035444.00 ns, 20.7678 us/op
WorkloadWarmup   3: 9632 op, 200589246.00 ns, 20.8253 us/op
WorkloadWarmup   4: 9632 op, 199516263.00 ns, 20.7139 us/op
WorkloadWarmup   5: 9632 op, 200903631.00 ns, 20.8579 us/op
WorkloadWarmup   6: 9632 op, 200441194.00 ns, 20.8099 us/op
WorkloadWarmup   7: 9632 op, 200181325.00 ns, 20.7829 us/op
WorkloadWarmup   8: 9632 op, 200142920.00 ns, 20.7790 us/op

// BeforeActualRun
WorkloadActual   1: 9632 op, 199699672.00 ns, 20.7329 us/op
WorkloadActual   2: 9632 op, 198553430.00 ns, 20.6139 us/op
WorkloadActual   3: 9632 op, 200705985.00 ns, 20.8374 us/op
WorkloadActual   4: 9632 op, 199901709.00 ns, 20.7539 us/op
WorkloadActual   5: 9632 op, 199942895.00 ns, 20.7582 us/op
WorkloadActual   6: 9632 op, 200054550.00 ns, 20.7698 us/op
WorkloadActual   7: 9632 op, 202959778.00 ns, 21.0714 us/op
WorkloadActual   8: 9632 op, 204682277.00 ns, 21.2502 us/op
WorkloadActual   9: 9632 op, 200080397.00 ns, 20.7725 us/op
WorkloadActual  10: 9632 op, 199641703.00 ns, 20.7269 us/op
WorkloadActual  11: 9632 op, 200754270.00 ns, 20.8424 us/op
WorkloadActual  12: 9632 op, 200786891.00 ns, 20.8458 us/op
WorkloadActual  13: 9632 op, 202130812.00 ns, 20.9853 us/op
WorkloadActual  14: 9632 op, 202417126.00 ns, 21.0151 us/op
WorkloadActual  15: 9632 op, 201584391.00 ns, 20.9286 us/op
WorkloadActual  16: 9632 op, 201393128.00 ns, 20.9088 us/op

// AfterActualRun
WorkloadResult   1: 9632 op, 199681224.00 ns, 20.7310 us/op
WorkloadResult   2: 9632 op, 198534982.00 ns, 20.6120 us/op
WorkloadResult   3: 9632 op, 200687537.00 ns, 20.8355 us/op
WorkloadResult   4: 9632 op, 199883261.00 ns, 20.7520 us/op
WorkloadResult   5: 9632 op, 199924447.00 ns, 20.7563 us/op
WorkloadResult   6: 9632 op, 200036102.00 ns, 20.7679 us/op
WorkloadResult   7: 9632 op, 202941330.00 ns, 21.0695 us/op
WorkloadResult   8: 9632 op, 200061949.00 ns, 20.7706 us/op
WorkloadResult   9: 9632 op, 199623255.00 ns, 20.7250 us/op
WorkloadResult  10: 9632 op, 200735822.00 ns, 20.8405 us/op
WorkloadResult  11: 9632 op, 200768443.00 ns, 20.8439 us/op
WorkloadResult  12: 9632 op, 202112364.00 ns, 20.9834 us/op
WorkloadResult  13: 9632 op, 202398678.00 ns, 21.0132 us/op
WorkloadResult  14: 9632 op, 201565943.00 ns, 20.9267 us/op
WorkloadResult  15: 9632 op, 201374680.00 ns, 20.9068 us/op
// GC:  0 0 0 0 9632
// Threading:  0 0 9632

// AfterAll
// Benchmark Process 580251 has exited with code 0.

Mean = 20.836 μs, StdErr = 0.032 μs (0.15%), N = 15, StdDev = 0.124 μs
Min = 20.612 μs, Q1 = 20.754 μs, Median = 20.836 μs, Q3 = 20.917 μs, Max = 21.069 μs
IQR = 0.163 μs, LowerFence = 20.510 μs, UpperFence = 21.161 μs
ConfidenceInterval = [20.703 μs; 20.969 μs] (CI 99.9%), Margin = 0.133 μs (0.64% of Mean)
Skewness = 0.26, Kurtosis = 2.07, MValue = 2

// ** Remained 3 (21.4 %) benchmark(s) to run. Estimated finish 2026-09-19 2:42 (0h 0m from now) **
// **************************
// Benchmark: PairHandleBenchmarks.Advance: InProcess(Toolchain=InProcessEmitToolchain) [Shape=PairBlocks8Waves]
// *** Execute ***
// Launch: 1 / 1
// ! Failed to set up priority High for process System.Diagnostics.Process (PairHandles). Make sure you have the right permissions. Message: Permission denied

// Benchmark Process Environment Information:
// BenchmarkDotNet v0.15.8
// Runtime=.NET 10.0.12 (10.0.12, 10.0.1226.42308), X64 RyuJIT x86-64-v3
// GC=Concurrent Workstation
// HardwareIntrinsics=AVX2+BMI1+BMI2+F16C+FMA+LZCNT+MOVBE,AVX,SSE3+SSSE3+SSE4.1+SSE4.2+POPCNT,X86Base+SSE+SSE2,AES+PCLMUL,AvxVnni,SERIALIZE VectorSize=256
// Job: Job-JWQWGO(Toolchain=InProcessEmitToolchain)

OverheadJitting  1: 1 op, 95425.00 ns, 95.4250 us/op
WorkloadJitting  1: 1 op, 343420.00 ns, 343.4200 us/op

OverheadJitting  2: 16 op, 137641.00 ns, 8.6026 us/op
WorkloadJitting  2: 16 op, 1195533.00 ns, 74.7208 us/op

WorkloadPilot    1: 16 op, 1004215.00 ns, 62.7634 us/op
WorkloadPilot    2: 32 op, 1944266.00 ns, 60.7583 us/op
WorkloadPilot    3: 64 op, 3827288.00 ns, 59.8014 us/op
WorkloadPilot    4: 128 op, 7106474.00 ns, 55.5193 us/op
WorkloadPilot    5: 256 op, 14380017.00 ns, 56.1719 us/op
WorkloadPilot    6: 512 op, 28746470.00 ns, 56.1454 us/op
WorkloadPilot    7: 1024 op, 59191657.00 ns, 57.8044 us/op
WorkloadPilot    8: 2048 op, 107173373.00 ns, 52.3307 us/op
WorkloadPilot    9: 4096 op, 93358144.00 ns, 22.7925 us/op
WorkloadPilot   10: 8192 op, 177827492.00 ns, 21.7075 us/op
WorkloadPilot   11: 16384 op, 358017280.00 ns, 21.8516 us/op
WorkloadPilot   12: 32768 op, 716765602.00 ns, 21.8740 us/op

OverheadWarmup   1: 32768 op, 47455.00 ns, 1.4482 ns/op
OverheadWarmup   2: 32768 op, 45275.00 ns, 1.3817 ns/op
OverheadWarmup   3: 32768 op, 45236.00 ns, 1.3805 ns/op
OverheadWarmup   4: 32768 op, 44386.00 ns, 1.3546 ns/op
OverheadWarmup   5: 32768 op, 44404.00 ns, 1.3551 ns/op
OverheadWarmup   6: 32768 op, 44417.00 ns, 1.3555 ns/op
OverheadWarmup   7: 32768 op, 44398.00 ns, 1.3549 ns/op
OverheadWarmup   8: 32768 op, 44406.00 ns, 1.3552 ns/op
OverheadWarmup   9: 32768 op, 44428.00 ns, 1.3558 ns/op
OverheadWarmup  10: 32768 op, 44427.00 ns, 1.3558 ns/op

OverheadActual   1: 32768 op, 44436.00 ns, 1.3561 ns/op
OverheadActual   2: 32768 op, 46097.00 ns, 1.4068 ns/op
OverheadActual   3: 32768 op, 46117.00 ns, 1.4074 ns/op
OverheadActual   4: 32768 op, 45282.00 ns, 1.3819 ns/op
OverheadActual   5: 32768 op, 45264.00 ns, 1.3813 ns/op
OverheadActual   6: 32768 op, 44415.00 ns, 1.3554 ns/op
OverheadActual   7: 32768 op, 44431.00 ns, 1.3559 ns/op
OverheadActual   8: 32768 op, 44449.00 ns, 1.3565 ns/op
OverheadActual   9: 32768 op, 44440.00 ns, 1.3562 ns/op
OverheadActual  10: 32768 op, 44418.00 ns, 1.3555 ns/op
OverheadActual  11: 32768 op, 44442.00 ns, 1.3563 ns/op
OverheadActual  12: 32768 op, 44408.00 ns, 1.3552 ns/op
OverheadActual  13: 32768 op, 44389.00 ns, 1.3546 ns/op
OverheadActual  14: 32768 op, 44504.00 ns, 1.3582 ns/op
OverheadActual  15: 32768 op, 45705.00 ns, 1.3948 ns/op

WorkloadWarmup   1: 32768 op, 715798099.00 ns, 21.8444 us/op
WorkloadWarmup   2: 32768 op, 738025724.00 ns, 22.5228 us/op
WorkloadWarmup   3: 32768 op, 717995849.00 ns, 21.9115 us/op
WorkloadWarmup   4: 32768 op, 730477710.00 ns, 22.2924 us/op
WorkloadWarmup   5: 32768 op, 718491185.00 ns, 21.9266 us/op
WorkloadWarmup   6: 32768 op, 733426070.00 ns, 22.3824 us/op

WorkloadActual   1: 32768 op, 729663094.00 ns, 22.2676 us/op
WorkloadActual   2: 32768 op, 715458010.00 ns, 21.8340 us/op
WorkloadActual   3: 32768 op, 717764058.00 ns, 21.9044 us/op
WorkloadActual   4: 32768 op, 739002608.00 ns, 22.5526 us/op
WorkloadActual   5: 32768 op, 724495996.00 ns, 22.1099 us/op
WorkloadActual   6: 32768 op, 716163002.00 ns, 21.8556 us/op
WorkloadActual   7: 32768 op, 730695049.00 ns, 22.2990 us/op
WorkloadActual   8: 32768 op, 717063381.00 ns, 21.8830 us/op
WorkloadActual   9: 32768 op, 717646182.00 ns, 21.9008 us/op
WorkloadActual  10: 32768 op, 719882143.00 ns, 21.9691 us/op
WorkloadActual  11: 32768 op, 716416491.00 ns, 21.8633 us/op
WorkloadActual  12: 32768 op, 715217413.00 ns, 21.8267 us/op
WorkloadActual  13: 32768 op, 715094169.00 ns, 21.8229 us/op
WorkloadActual  14: 32768 op, 719031610.00 ns, 21.9431 us/op
WorkloadActual  15: 32768 op, 714392821.00 ns, 21.8015 us/op

WorkloadResult   1: 32768 op, 729618652.00 ns, 22.2662 us/op
WorkloadResult   2: 32768 op, 715413568.00 ns, 21.8327 us/op
WorkloadResult   3: 32768 op, 717719616.00 ns, 21.9031 us/op
WorkloadResult   4: 32768 op, 724451554.00 ns, 22.1085 us/op
WorkloadResult   5: 32768 op, 716118560.00 ns, 21.8542 us/op
WorkloadResult   6: 32768 op, 730650607.00 ns, 22.2977 us/op
WorkloadResult   7: 32768 op, 717018939.00 ns, 21.8817 us/op
WorkloadResult   8: 32768 op, 717601740.00 ns, 21.8995 us/op
WorkloadResult   9: 32768 op, 719837701.00 ns, 21.9677 us/op
WorkloadResult  10: 32768 op, 716372049.00 ns, 21.8619 us/op
WorkloadResult  11: 32768 op, 715172971.00 ns, 21.8253 us/op
WorkloadResult  12: 32768 op, 715049727.00 ns, 21.8216 us/op
WorkloadResult  13: 32768 op, 718987168.00 ns, 21.9417 us/op
WorkloadResult  14: 32768 op, 714348379.00 ns, 21.8002 us/op
// GC:  0 0 0 4368 32768
// Threading:  0 0 32768


Mean = 21.947 μs, StdErr = 0.043 μs (0.20%), N = 14, StdDev = 0.162 μs
Min = 21.800 μs, Q1 = 21.838 μs, Median = 21.891 μs, Q3 = 21.961 μs, Max = 22.298 μs
IQR = 0.123 μs, LowerFence = 21.653 μs, UpperFence = 22.146 μs
ConfidenceInterval = [21.765 μs; 22.130 μs] (CI 99.9%), Margin = 0.183 μs (0.83% of Mean)
Skewness = 1.17, Kurtosis = 2.84, MValue = 2

// ** Remained 2 (14.3 %) benchmark(s) to run. Estimated finish 2026-09-19 2:42 (0h 0m from now) **
// **************************
// Benchmark: PairHandleBenchmarks.Advance: Job-TZECNT(IterationCount=16, IterationTime=200ms, WarmupCount=8) [Shape=PairA(...)Waves [21]]
// *** Execute ***
// Launch: 1 / 1
// Execute: dotnet PairHandles-Job-TZECNT-1.dll --anonymousPipes 120 121 --benchmarkName "Tl.PairHandlesProbe.PairHandleBenchmarks.Advance(Shape: PairAlternating8Waves)" --job "IterationCount=16, IterationTime=200ms, WarmupCount=8" --benchmarkId 6 in /home/i/GitHub/tl-193-shrink/benchmarks/PairHandles/bin/Release/net10.0/PairHandles-Job-TZECNT-1/bin/Release/net10.0
// Failed to set up high priority (Permission denied). In order to run benchmarks with high priority, make sure you have the right permissions.
// BeforeAnythingElse

// Benchmark Process Environment Information:
// BenchmarkDotNet v0.15.8
// Runtime=.NET 10.0.12 (10.0.12, 10.0.1226.42308), X64 RyuJIT x86-64-v3
// GC=Concurrent Workstation
// HardwareIntrinsics=AVX2+BMI1+BMI2+F16C+FMA+LZCNT+MOVBE,AVX,SSE3+SSSE3+SSE4.1+SSE4.2+POPCNT,X86Base+SSE+SSE2,AES+PCLMUL,AvxVnni,SERIALIZE VectorSize=256
// Job: Job-TZECNT(IterationCount=16, IterationTime=200ms, WarmupCount=8)

OverheadJitting  1: 1 op, 88190.00 ns, 88.1900 us/op
WorkloadJitting  1: 1 op, 7948727.00 ns, 7.9487 ms/op

OverheadJitting  2: 16 op, 104612.00 ns, 6.5383 us/op
WorkloadJitting  2: 16 op, 2510917.00 ns, 156.9323 us/op

WorkloadPilot    1: 16 op, 2172705.00 ns, 135.7941 us/op
WorkloadPilot    2: 1488 op, 156741827.00 ns, 105.3372 us/op
WorkloadPilot    3: 1904 op, 131992197.00 ns, 69.3236 us/op
WorkloadPilot    4: 2896 op, 202340509.00 ns, 69.8690 us/op
WorkloadPilot    5: 2864 op, 199909705.00 ns, 69.8009 us/op
WorkloadPilot    6: 2880 op, 201395329.00 ns, 69.9289 us/op
WorkloadPilot    7: 2864 op, 197829372.00 ns, 69.0745 us/op
WorkloadPilot    8: 2896 op, 200187282.00 ns, 69.1254 us/op

OverheadWarmup   1: 2896 op, 6472.00 ns, 2.2348 ns/op
OverheadWarmup   2: 2896 op, 5690.00 ns, 1.9648 ns/op
OverheadWarmup   3: 2896 op, 5690.00 ns, 1.9648 ns/op
OverheadWarmup   4: 2896 op, 6095.00 ns, 2.1046 ns/op
OverheadWarmup   5: 2896 op, 5786.00 ns, 1.9979 ns/op
OverheadWarmup   6: 2896 op, 5831.00 ns, 2.0135 ns/op

OverheadActual   1: 2896 op, 5968.00 ns, 2.0608 ns/op
OverheadActual   2: 2896 op, 5727.00 ns, 1.9776 ns/op
OverheadActual   3: 2896 op, 5748.00 ns, 1.9848 ns/op
OverheadActual   4: 2896 op, 5749.00 ns, 1.9852 ns/op
OverheadActual   5: 2896 op, 5778.00 ns, 1.9952 ns/op
OverheadActual   6: 2896 op, 5578.00 ns, 1.9261 ns/op
OverheadActual   7: 2896 op, 5536.00 ns, 1.9116 ns/op
OverheadActual   8: 2896 op, 5521.00 ns, 1.9064 ns/op
OverheadActual   9: 2896 op, 5531.00 ns, 1.9099 ns/op
OverheadActual  10: 2896 op, 5543.00 ns, 1.9140 ns/op
OverheadActual  11: 2896 op, 5571.00 ns, 1.9237 ns/op
OverheadActual  12: 2896 op, 5527.00 ns, 1.9085 ns/op
OverheadActual  13: 2896 op, 5530.00 ns, 1.9095 ns/op
OverheadActual  14: 2896 op, 5531.00 ns, 1.9099 ns/op
OverheadActual  15: 2896 op, 5529.00 ns, 1.9092 ns/op

WorkloadWarmup   1: 2896 op, 202931318.00 ns, 70.0730 us/op
WorkloadWarmup   2: 2896 op, 201169889.00 ns, 69.4647 us/op
WorkloadWarmup   3: 2896 op, 195809167.00 ns, 67.6137 us/op
WorkloadWarmup   4: 2896 op, 200454505.00 ns, 69.2177 us/op
WorkloadWarmup   5: 2896 op, 200913061.00 ns, 69.3761 us/op
WorkloadWarmup   6: 2896 op, 199179777.00 ns, 68.7775 us/op
WorkloadWarmup   7: 2896 op, 199707002.00 ns, 68.9596 us/op
WorkloadWarmup   8: 2896 op, 200877069.00 ns, 69.3636 us/op

// BeforeActualRun
WorkloadActual   1: 2896 op, 201121853.00 ns, 69.4482 us/op
WorkloadActual   2: 2896 op, 200878746.00 ns, 69.3642 us/op
WorkloadActual   3: 2896 op, 199736201.00 ns, 68.9697 us/op
WorkloadActual   4: 2896 op, 197225010.00 ns, 68.1026 us/op
WorkloadActual   5: 2896 op, 200219244.00 ns, 69.1365 us/op
WorkloadActual   6: 2896 op, 199920524.00 ns, 69.0333 us/op
WorkloadActual   7: 2896 op, 199869181.00 ns, 69.0156 us/op
WorkloadActual   8: 2896 op, 200073893.00 ns, 69.0863 us/op
WorkloadActual   9: 2896 op, 201131656.00 ns, 69.4515 us/op
WorkloadActual  10: 2896 op, 201150975.00 ns, 69.4582 us/op
WorkloadActual  11: 2896 op, 201144385.00 ns, 69.4559 us/op
WorkloadActual  12: 2896 op, 200740509.00 ns, 69.3165 us/op
WorkloadActual  13: 2896 op, 199241159.00 ns, 68.7987 us/op
WorkloadActual  14: 2896 op, 199175040.00 ns, 68.7759 us/op
WorkloadActual  15: 2896 op, 198354590.00 ns, 68.4926 us/op
WorkloadActual  16: 2896 op, 201493435.00 ns, 69.5765 us/op

// AfterActualRun
WorkloadResult   1: 2896 op, 201116310.00 ns, 69.4462 us/op
WorkloadResult   2: 2896 op, 200873203.00 ns, 69.3623 us/op
WorkloadResult   3: 2896 op, 199730658.00 ns, 68.9678 us/op
WorkloadResult   4: 2896 op, 197219467.00 ns, 68.1006 us/op
WorkloadResult   5: 2896 op, 200213701.00 ns, 69.1346 us/op
WorkloadResult   6: 2896 op, 199914981.00 ns, 69.0314 us/op
WorkloadResult   7: 2896 op, 199863638.00 ns, 69.0137 us/op
WorkloadResult   8: 2896 op, 200068350.00 ns, 69.0844 us/op
WorkloadResult   9: 2896 op, 201126113.00 ns, 69.4496 us/op
WorkloadResult  10: 2896 op, 201145432.00 ns, 69.4563 us/op
WorkloadResult  11: 2896 op, 201138842.00 ns, 69.4540 us/op
WorkloadResult  12: 2896 op, 200734966.00 ns, 69.3146 us/op
WorkloadResult  13: 2896 op, 199235616.00 ns, 68.7968 us/op
WorkloadResult  14: 2896 op, 199169497.00 ns, 68.7740 us/op
WorkloadResult  15: 2896 op, 198349047.00 ns, 68.4907 us/op
WorkloadResult  16: 2896 op, 201487892.00 ns, 69.5745 us/op
// GC:  0 0 0 0 2896
// Threading:  0 0 2896

// AfterAll
// Benchmark Process 621747 has exited with code 0.

Mean = 69.091 μs, StdErr = 0.101 μs (0.15%), N = 16, StdDev = 0.403 μs
Min = 68.101 μs, Q1 = 68.925 μs, Median = 69.109 μs, Q3 = 69.447 μs, Max = 69.575 μs
IQR = 0.522 μs, LowerFence = 68.142 μs, UpperFence = 70.230 μs
ConfidenceInterval = [68.681 μs; 69.501 μs] (CI 99.9%), Margin = 0.410 μs (0.59% of Mean)
Skewness = -0.87, Kurtosis = 2.94, MValue = 2

// ** Remained 1 (7.1 %) benchmark(s) to run. Estimated finish 2026-09-19 2:42 (0h 0m from now) **
// **************************
// Benchmark: PairHandleBenchmarks.Advance: InProcess(Toolchain=InProcessEmitToolchain) [Shape=PairA(...)Waves [21]]
// *** Execute ***
// Launch: 1 / 1
// ! Failed to set up priority High for process System.Diagnostics.Process (PairHandles). Make sure you have the right permissions. Message: Permission denied

// Benchmark Process Environment Information:
// BenchmarkDotNet v0.15.8
// Runtime=.NET 10.0.12 (10.0.12, 10.0.1226.42308), X64 RyuJIT x86-64-v3
// GC=Concurrent Workstation
// HardwareIntrinsics=AVX2+BMI1+BMI2+F16C+FMA+LZCNT+MOVBE,AVX,SSE3+SSSE3+SSE4.1+SSE4.2+POPCNT,X86Base+SSE+SSE2,AES+PCLMUL,AvxVnni,SERIALIZE VectorSize=256
// Job: Job-JWQWGO(Toolchain=InProcessEmitToolchain)

OverheadJitting  1: 1 op, 140354.00 ns, 140.3540 us/op
WorkloadJitting  1: 1 op, 164410.00 ns, 164.4100 us/op

OverheadJitting  2: 16 op, 114642.00 ns, 7.1651 us/op
WorkloadJitting  2: 16 op, 1205605.00 ns, 75.3503 us/op

WorkloadPilot    1: 16 op, 1039990.00 ns, 64.9994 us/op
WorkloadPilot    2: 32 op, 2117701.00 ns, 66.1782 us/op
WorkloadPilot    3: 64 op, 4299661.00 ns, 67.1822 us/op
WorkloadPilot    4: 128 op, 8465709.00 ns, 66.1384 us/op
WorkloadPilot    5: 256 op, 17460609.00 ns, 68.2055 us/op
WorkloadPilot    6: 512 op, 35349081.00 ns, 69.0412 us/op
WorkloadPilot    7: 1024 op, 70343094.00 ns, 68.6944 us/op
WorkloadPilot    8: 2048 op, 138248307.00 ns, 67.5041 us/op
WorkloadPilot    9: 4096 op, 278030640.00 ns, 67.8786 us/op
WorkloadPilot   10: 8192 op, 555490927.00 ns, 67.8090 us/op

OverheadWarmup   1: 8192 op, 13346.00 ns, 1.6292 ns/op
OverheadWarmup   2: 8192 op, 11231.00 ns, 1.3710 ns/op
OverheadWarmup   3: 8192 op, 11173.00 ns, 1.3639 ns/op
OverheadWarmup   4: 8192 op, 11156.00 ns, 1.3618 ns/op
OverheadWarmup   5: 8192 op, 10964.00 ns, 1.3384 ns/op
OverheadWarmup   6: 8192 op, 11149.00 ns, 1.3610 ns/op
OverheadWarmup   7: 8192 op, 11122.00 ns, 1.3577 ns/op
OverheadWarmup   8: 8192 op, 11140.00 ns, 1.3599 ns/op
OverheadWarmup   9: 8192 op, 11236.00 ns, 1.3716 ns/op
OverheadWarmup  10: 8192 op, 11804.00 ns, 1.4409 ns/op

OverheadActual   1: 8192 op, 11454.00 ns, 1.3982 ns/op
OverheadActual   2: 8192 op, 11601.00 ns, 1.4161 ns/op
OverheadActual   3: 8192 op, 10959.00 ns, 1.3378 ns/op
OverheadActual   4: 8192 op, 11011.00 ns, 1.3441 ns/op
OverheadActual   5: 8192 op, 10953.00 ns, 1.3370 ns/op
OverheadActual   6: 8192 op, 11150.00 ns, 1.3611 ns/op
OverheadActual   7: 8192 op, 10966.00 ns, 1.3386 ns/op
OverheadActual   8: 8192 op, 11138.00 ns, 1.3596 ns/op
OverheadActual   9: 8192 op, 11194.00 ns, 1.3665 ns/op
OverheadActual  10: 8192 op, 11164.00 ns, 1.3628 ns/op
OverheadActual  11: 8192 op, 11166.00 ns, 1.3630 ns/op
OverheadActual  12: 8192 op, 11371.00 ns, 1.3881 ns/op
OverheadActual  13: 8192 op, 12793.00 ns, 1.5616 ns/op
OverheadActual  14: 8192 op, 11377.00 ns, 1.3888 ns/op
OverheadActual  15: 8192 op, 11364.00 ns, 1.3872 ns/op

WorkloadWarmup   1: 8192 op, 550249050.00 ns, 67.1691 us/op
WorkloadWarmup   2: 8192 op, 550200584.00 ns, 67.1632 us/op
WorkloadWarmup   3: 8192 op, 551920527.00 ns, 67.3731 us/op
WorkloadWarmup   4: 8192 op, 552355571.00 ns, 67.4262 us/op
WorkloadWarmup   5: 8192 op, 551088469.00 ns, 67.2715 us/op
WorkloadWarmup   6: 8192 op, 551089850.00 ns, 67.2717 us/op
WorkloadWarmup   7: 8192 op, 550926604.00 ns, 67.2518 us/op

WorkloadActual   1: 8192 op, 548549704.00 ns, 66.9616 us/op
WorkloadActual   2: 8192 op, 551214077.00 ns, 67.2869 us/op
WorkloadActual   3: 8192 op, 546814018.00 ns, 66.7498 us/op
WorkloadActual   4: 8192 op, 549319603.00 ns, 67.0556 us/op
WorkloadActual   5: 8192 op, 549259388.00 ns, 67.0483 us/op
WorkloadActual   6: 8192 op, 550933038.00 ns, 67.2526 us/op
WorkloadActual   7: 8192 op, 549172138.00 ns, 67.0376 us/op
WorkloadActual   8: 8192 op, 549586093.00 ns, 67.0881 us/op
WorkloadActual   9: 8192 op, 552109044.00 ns, 67.3961 us/op
WorkloadActual  10: 8192 op, 554874719.00 ns, 67.7337 us/op
WorkloadActual  11: 8192 op, 555383793.00 ns, 67.7959 us/op
WorkloadActual  12: 8192 op, 553421460.00 ns, 67.5563 us/op
WorkloadActual  13: 8192 op, 549591942.00 ns, 67.0889 us/op
WorkloadActual  14: 8192 op, 549550818.00 ns, 67.0838 us/op
WorkloadActual  15: 8192 op, 550661429.00 ns, 67.2194 us/op

WorkloadResult   1: 8192 op, 548538538.00 ns, 66.9603 us/op
WorkloadResult   2: 8192 op, 551202911.00 ns, 67.2855 us/op
WorkloadResult   3: 8192 op, 546802852.00 ns, 66.7484 us/op
WorkloadResult   4: 8192 op, 549308437.00 ns, 67.0543 us/op
WorkloadResult   5: 8192 op, 549248222.00 ns, 67.0469 us/op
WorkloadResult   6: 8192 op, 550921872.00 ns, 67.2512 us/op
WorkloadResult   7: 8192 op, 549160972.00 ns, 67.0363 us/op
WorkloadResult   8: 8192 op, 549574927.00 ns, 67.0868 us/op
WorkloadResult   9: 8192 op, 552097878.00 ns, 67.3948 us/op
WorkloadResult  10: 8192 op, 554863553.00 ns, 67.7324 us/op
WorkloadResult  11: 8192 op, 553410294.00 ns, 67.5550 us/op
WorkloadResult  12: 8192 op, 549580776.00 ns, 67.0875 us/op
WorkloadResult  13: 8192 op, 549539652.00 ns, 67.0825 us/op
WorkloadResult  14: 8192 op, 550650263.00 ns, 67.2180 us/op
// GC:  0 0 0 4656 8192
// Threading:  0 0 8192


Mean = 67.181 μs, StdErr = 0.067 μs (0.10%), N = 14, StdDev = 0.252 μs
Min = 66.748 μs, Q1 = 67.049 μs, Median = 67.087 μs, Q3 = 67.277 μs, Max = 67.732 μs
IQR = 0.228 μs, LowerFence = 66.706 μs, UpperFence = 67.619 μs
ConfidenceInterval = [66.897 μs; 67.466 μs] (CI 99.9%), Margin = 0.284 μs (0.42% of Mean)
Skewness = 0.57, Kurtosis = 2.71, MValue = 2

// ** Remained 0 (0.0 %) benchmark(s) to run. Estimated finish 2026-09-19 2:42 (0h 0m from now) **
// ***** BenchmarkRunner: Finish  *****

// * Export *
  results/193-atom4/results/Tl.PairHandlesProbe.PairHandleBenchmarks-report.csv
  results/193-atom4/results/Tl.PairHandlesProbe.PairHandleBenchmarks-report-github.md
  results/193-atom4/results/Tl.PairHandlesProbe.PairHandleBenchmarks-report.html
  results/193-atom4/results/Tl.PairHandlesProbe.PairHandleBenchmarks-report-full.json

// * Detailed results *
PairHandleBenchmarks.Advance: Job-TZECNT(IterationCount=16, IterationTime=200ms, WarmupCount=8) [Shape=LaneUniform]
Runtime = .NET 10.0.12 (10.0.12, 10.0.1226.42308), X64 RyuJIT x86-64-v3; GC = Concurrent Workstation
Mean = 18.389 μs, StdErr = 0.019 μs (0.10%), N = 14, StdDev = 0.069 μs
Min = 18.300 μs, Q1 = 18.337 μs, Median = 18.363 μs, Q3 = 18.436 μs, Max = 18.531 μs
IQR = 0.099 μs, LowerFence = 18.189 μs, UpperFence = 18.585 μs
ConfidenceInterval = [18.310 μs; 18.467 μs] (CI 99.9%), Margin = 0.078 μs (0.43% of Mean)
Skewness = 0.47, Kurtosis = 1.88, MValue = 2
-------------------- Histogram --------------------
[18.262 μs ; 18.568 μs) | @@@@@@@@@@@@@@
---------------------------------------------------

PairHandleBenchmarks.Advance: InProcess(Toolchain=InProcessEmitToolchain) [Shape=LaneUniform]
Runtime = ; GC = 
Mean = 18.490 μs, StdErr = 0.045 μs (0.24%), N = 13, StdDev = 0.161 μs
Min = 18.304 μs, Q1 = 18.353 μs, Median = 18.487 μs, Q3 = 18.536 μs, Max = 18.801 μs
IQR = 0.183 μs, LowerFence = 18.079 μs, UpperFence = 18.810 μs
ConfidenceInterval = [18.297 μs; 18.683 μs] (CI 99.9%), Margin = 0.193 μs (1.04% of Mean)
Skewness = 0.71, Kurtosis = 2.38, MValue = 2
-------------------- Histogram --------------------
[18.286 μs ; 18.891 μs) | @@@@@@@@@@@@@
---------------------------------------------------

PairHandleBenchmarks.Advance: Job-TZECNT(IterationCount=16, IterationTime=200ms, WarmupCount=8) [Shape=PairOne]
Runtime = .NET 10.0.12 (10.0.12, 10.0.1226.42308), X64 RyuJIT x86-64-v3; GC = Concurrent Workstation
Mean = 18.400 μs, StdErr = 0.026 μs (0.14%), N = 16, StdDev = 0.104 μs
Min = 18.291 μs, Q1 = 18.323 μs, Median = 18.358 μs, Q3 = 18.452 μs, Max = 18.633 μs
IQR = 0.129 μs, LowerFence = 18.130 μs, UpperFence = 18.645 μs
ConfidenceInterval = [18.295 μs; 18.506 μs] (CI 99.9%), Margin = 0.105 μs (0.57% of Mean)
Skewness = 0.92, Kurtosis = 2.44, MValue = 2
-------------------- Histogram --------------------
[18.237 μs ; 18.687 μs) | @@@@@@@@@@@@@@@@
---------------------------------------------------

PairHandleBenchmarks.Advance: InProcess(Toolchain=InProcessEmitToolchain) [Shape=PairOne]
Runtime = ; GC = 
Mean = 18.086 μs, StdErr = 0.016 μs (0.09%), N = 13, StdDev = 0.059 μs
Min = 18.015 μs, Q1 = 18.046 μs, Median = 18.069 μs, Q3 = 18.101 μs, Max = 18.200 μs
IQR = 0.055 μs, LowerFence = 17.963 μs, UpperFence = 18.184 μs
ConfidenceInterval = [18.015 μs; 18.157 μs] (CI 99.9%), Margin = 0.071 μs (0.39% of Mean)
Skewness = 0.82, Kurtosis = 2.31, MValue = 2
-------------------- Histogram --------------------
[17.982 μs ; 18.233 μs) | @@@@@@@@@@@@@
---------------------------------------------------

PairHandleBenchmarks.Advance: Job-TZECNT(IterationCount=16, IterationTime=200ms, WarmupCount=8) [Shape=PairRuns8]
Runtime = .NET 10.0.12 (10.0.12, 10.0.1226.42308), X64 RyuJIT x86-64-v3; GC = Concurrent Workstation
Mean = 20.798 μs, StdErr = 0.175 μs (0.84%), N = 16, StdDev = 0.700 μs
Min = 20.236 μs, Q1 = 20.304 μs, Median = 20.366 μs, Q3 = 21.328 μs, Max = 22.079 μs
IQR = 1.024 μs, LowerFence = 18.768 μs, UpperFence = 22.863 μs
ConfidenceInterval = [20.085 μs; 21.510 μs] (CI 99.9%), Margin = 0.713 μs (3.43% of Mean)
Skewness = 0.79, Kurtosis = 1.79, MValue = 2.55
-------------------- Histogram --------------------
[20.166 μs ; 20.895 μs) | @@@@@@@@@@@
[20.895 μs ; 21.539 μs) | @
[21.539 μs ; 22.268 μs) | @@@@
---------------------------------------------------

PairHandleBenchmarks.Advance: InProcess(Toolchain=InProcessEmitToolchain) [Shape=PairRuns8]
Runtime = ; GC = 
Mean = 20.618 μs, StdErr = 0.008 μs (0.04%), N = 14, StdDev = 0.031 μs
Min = 20.582 μs, Q1 = 20.591 μs, Median = 20.618 μs, Q3 = 20.628 μs, Max = 20.688 μs
IQR = 0.037 μs, LowerFence = 20.535 μs, UpperFence = 20.683 μs
ConfidenceInterval = [20.583 μs; 20.652 μs] (CI 99.9%), Margin = 0.035 μs (0.17% of Mean)
Skewness = 0.75, Kurtosis = 2.67, MValue = 2
-------------------- Histogram --------------------
[20.565 μs ; 20.705 μs) | @@@@@@@@@@@@@@
---------------------------------------------------

PairHandleBenchmarks.Advance: Job-TZECNT(IterationCount=16, IterationTime=200ms, WarmupCount=8) [Shape=PairAlternating8]
Runtime = .NET 10.0.12 (10.0.12, 10.0.1226.42308), X64 RyuJIT x86-64-v3; GC = Concurrent Workstation
Mean = 88.447 μs, StdErr = 0.117 μs (0.13%), N = 13, StdDev = 0.423 μs
Min = 87.767 μs, Q1 = 88.180 μs, Median = 88.518 μs, Q3 = 88.676 μs, Max = 89.078 μs
IQR = 0.495 μs, LowerFence = 87.438 μs, UpperFence = 89.418 μs
ConfidenceInterval = [87.940 μs; 88.953 μs] (CI 99.9%), Margin = 0.506 μs (0.57% of Mean)
Skewness = -0.13, Kurtosis = 1.74, MValue = 2
-------------------- Histogram --------------------
[87.531 μs ; 89.263 μs) | @@@@@@@@@@@@@
---------------------------------------------------

PairHandleBenchmarks.Advance: InProcess(Toolchain=InProcessEmitToolchain) [Shape=PairAlternating8]
Runtime = ; GC = 
Mean = 87.059 μs, StdErr = 0.087 μs (0.10%), N = 13, StdDev = 0.314 μs
Min = 86.489 μs, Q1 = 86.978 μs, Median = 87.081 μs, Q3 = 87.241 μs, Max = 87.639 μs
IQR = 0.263 μs, LowerFence = 86.584 μs, UpperFence = 87.635 μs
ConfidenceInterval = [86.682 μs; 87.435 μs] (CI 99.9%), Margin = 0.376 μs (0.43% of Mean)
Skewness = -0.16, Kurtosis = 2.32, MValue = 2
-------------------- Histogram --------------------
[86.314 μs ; 87.815 μs) | @@@@@@@@@@@@@
---------------------------------------------------

PairHandleBenchmarks.Advance: Job-TZECNT(IterationCount=16, IterationTime=200ms, WarmupCount=8) [Shape=PairRuns8Waves]
Runtime = .NET 10.0.12 (10.0.12, 10.0.1226.42308), X64 RyuJIT x86-64-v3; GC = Concurrent Workstation
Mean = 17.898 μs, StdErr = 0.048 μs (0.27%), N = 16, StdDev = 0.193 μs
Min = 17.603 μs, Q1 = 17.727 μs, Median = 17.978 μs, Q3 = 18.032 μs, Max = 18.218 μs
IQR = 0.305 μs, LowerFence = 17.269 μs, UpperFence = 18.490 μs
ConfidenceInterval = [17.701 μs; 18.094 μs] (CI 99.9%), Margin = 0.196 μs (1.10% of Mean)
Skewness = -0.19, Kurtosis = 1.59, MValue = 2
-------------------- Histogram --------------------
[17.503 μs ; 18.226 μs) | @@@@@@@@@@@@@@@@
---------------------------------------------------

PairHandleBenchmarks.Advance: InProcess(Toolchain=InProcessEmitToolchain) [Shape=PairRuns8Waves]
Runtime = ; GC = 
Mean = 18.483 μs, StdErr = 0.011 μs (0.06%), N = 12, StdDev = 0.039 μs
Min = 18.412 μs, Q1 = 18.461 μs, Median = 18.485 μs, Q3 = 18.503 μs, Max = 18.546 μs
IQR = 0.043 μs, LowerFence = 18.397 μs, UpperFence = 18.567 μs
ConfidenceInterval = [18.434 μs; 18.533 μs] (CI 99.9%), Margin = 0.050 μs (0.27% of Mean)
Skewness = 0.01, Kurtosis = 2.11, MValue = 2
-------------------- Histogram --------------------
[18.390 μs ; 18.568 μs) | @@@@@@@@@@@@
---------------------------------------------------

PairHandleBenchmarks.Advance: Job-TZECNT(IterationCount=16, IterationTime=200ms, WarmupCount=8) [Shape=PairBlocks8Waves]
Runtime = .NET 10.0.12 (10.0.12, 10.0.1226.42308), X64 RyuJIT x86-64-v3; GC = Concurrent Workstation
Mean = 20.836 μs, StdErr = 0.032 μs (0.15%), N = 15, StdDev = 0.124 μs
Min = 20.612 μs, Q1 = 20.754 μs, Median = 20.836 μs, Q3 = 20.917 μs, Max = 21.069 μs
IQR = 0.163 μs, LowerFence = 20.510 μs, UpperFence = 21.161 μs
ConfidenceInterval = [20.703 μs; 20.969 μs] (CI 99.9%), Margin = 0.133 μs (0.64% of Mean)
Skewness = 0.26, Kurtosis = 2.07, MValue = 2
-------------------- Histogram --------------------
[20.577 μs ; 21.136 μs) | @@@@@@@@@@@@@@@
---------------------------------------------------

PairHandleBenchmarks.Advance: InProcess(Toolchain=InProcessEmitToolchain) [Shape=PairBlocks8Waves]
Runtime = ; GC = 
Mean = 21.947 μs, StdErr = 0.043 μs (0.20%), N = 14, StdDev = 0.162 μs
Min = 21.800 μs, Q1 = 21.838 μs, Median = 21.891 μs, Q3 = 21.961 μs, Max = 22.298 μs
IQR = 0.123 μs, LowerFence = 21.653 μs, UpperFence = 22.146 μs
ConfidenceInterval = [21.765 μs; 22.130 μs] (CI 99.9%), Margin = 0.183 μs (0.83% of Mean)
Skewness = 1.17, Kurtosis = 2.84, MValue = 2
-------------------- Histogram --------------------
[21.712 μs ; 22.386 μs) | @@@@@@@@@@@@@@
---------------------------------------------------

PairHandleBenchmarks.Advance: Job-TZECNT(IterationCount=16, IterationTime=200ms, WarmupCount=8) [Shape=PairA(...)Waves [21]]
Runtime = .NET 10.0.12 (10.0.12, 10.0.1226.42308), X64 RyuJIT x86-64-v3; GC = Concurrent Workstation
Mean = 69.091 μs, StdErr = 0.101 μs (0.15%), N = 16, StdDev = 0.403 μs
Min = 68.101 μs, Q1 = 68.925 μs, Median = 69.109 μs, Q3 = 69.447 μs, Max = 69.575 μs
IQR = 0.522 μs, LowerFence = 68.142 μs, UpperFence = 70.230 μs
ConfidenceInterval = [68.681 μs; 69.501 μs] (CI 99.9%), Margin = 0.410 μs (0.59% of Mean)
Skewness = -0.87, Kurtosis = 2.94, MValue = 2
-------------------- Histogram --------------------
[67.891 μs ; 69.784 μs) | @@@@@@@@@@@@@@@@
---------------------------------------------------

PairHandleBenchmarks.Advance: InProcess(Toolchain=InProcessEmitToolchain) [Shape=PairA(...)Waves [21]]
Runtime = ; GC = 
Mean = 67.181 μs, StdErr = 0.067 μs (0.10%), N = 14, StdDev = 0.252 μs
Min = 66.748 μs, Q1 = 67.049 μs, Median = 67.087 μs, Q3 = 67.277 μs, Max = 67.732 μs
IQR = 0.228 μs, LowerFence = 66.706 μs, UpperFence = 67.619 μs
ConfidenceInterval = [66.897 μs; 67.466 μs] (CI 99.9%), Margin = 0.284 μs (0.42% of Mean)
Skewness = 0.57, Kurtosis = 2.71, MValue = 2
-------------------- Histogram --------------------
[66.611 μs ; 67.870 μs) | @@@@@@@@@@@@@@
---------------------------------------------------

// * Summary *

BenchmarkDotNet v0.15.8, Linux Omarchy
Intel Core i9-14900K 0.80GHz, 1 CPU, 32 logical and 24 physical cores
.NET SDK 10.0.401
  [Host]     : .NET 10.0.12 (10.0.12, 10.0.1226.42308), X64 RyuJIT x86-64-v3
  Job-TZECNT : .NET 10.0.12 (10.0.12, 10.0.1226.42308), X64 RyuJIT x86-64-v3


| Method  | Job        | Toolchain              | IterationCount | IterationTime | WarmupCount | Shape                | Mean     | Error    | StdDev   | Median   | Allocated |
|-------- |----------- |----------------------- |--------------- |-------------- |------------ |--------------------- |---------:|---------:|---------:|---------:|----------:|
| Advance | Job-TZECNT | Default                | 16             | 200ms         | 8           | LaneUniform          | 18.39 μs | 0.078 μs | 0.069 μs | 18.36 μs |         - |
| Advance | InProcess  | InProcessEmitToolchain | Default        | Default       | Default     | LaneUniform          | 18.49 μs | 0.193 μs | 0.161 μs | 18.49 μs |         - |
| Advance | Job-TZECNT | Default                | 16             | 200ms         | 8           | PairOne              | 18.40 μs | 0.105 μs | 0.104 μs | 18.36 μs |         - |
| Advance | InProcess  | InProcessEmitToolchain | Default        | Default       | Default     | PairOne              | 18.09 μs | 0.071 μs | 0.059 μs | 18.07 μs |         - |
| Advance | Job-TZECNT | Default                | 16             | 200ms         | 8           | PairRuns8            | 20.80 μs | 0.713 μs | 0.700 μs | 20.37 μs |         - |
| Advance | InProcess  | InProcessEmitToolchain | Default        | Default       | Default     | PairRuns8            | 20.62 μs | 0.035 μs | 0.031 μs | 20.62 μs |         - |
| Advance | Job-TZECNT | Default                | 16             | 200ms         | 8           | PairAlternating8     | 88.45 μs | 0.506 μs | 0.423 μs | 88.52 μs |         - |
| Advance | InProcess  | InProcessEmitToolchain | Default        | Default       | Default     | PairAlternating8     | 87.06 μs | 0.376 μs | 0.314 μs | 87.08 μs |         - |
| Advance | Job-TZECNT | Default                | 16             | 200ms         | 8           | PairRuns8Waves       | 17.90 μs | 0.196 μs | 0.193 μs | 17.98 μs |         - |
| Advance | InProcess  | InProcessEmitToolchain | Default        | Default       | Default     | PairRuns8Waves       | 18.48 μs | 0.050 μs | 0.039 μs | 18.48 μs |         - |
| Advance | Job-TZECNT | Default                | 16             | 200ms         | 8           | PairBlocks8Waves     | 20.84 μs | 0.133 μs | 0.124 μs | 20.84 μs |         - |
| Advance | InProcess  | InProcessEmitToolchain | Default        | Default       | Default     | PairBlocks8Waves     | 21.95 μs | 0.183 μs | 0.162 μs | 21.89 μs |         - |
| Advance | Job-TZECNT | Default                | 16             | 200ms         | 8           | PairA(...)Waves [21] | 69.09 μs | 0.410 μs | 0.403 μs | 69.11 μs |         - |
| Advance | InProcess  | InProcessEmitToolchain | Default        | Default       | Default     | PairA(...)Waves [21] | 67.18 μs | 0.284 μs | 0.252 μs | 67.09 μs |       1 B |

// * Hints *
Outliers
  PairHandleBenchmarks.Advance: IterationCount=16, IterationTime=200ms, WarmupCount=8 -> 2 outliers were removed (18.65 μs, 19.22 μs)
  PairHandleBenchmarks.Advance: InProcess                                             -> 2 outliers were removed (20.64 μs, 21.46 μs)
  PairHandleBenchmarks.Advance: InProcess                                             -> 2 outliers were removed (18.64 μs, 18.89 μs)
  PairHandleBenchmarks.Advance: InProcess                                             -> 1 outlier  was  removed (20.73 μs)
  PairHandleBenchmarks.Advance: IterationCount=16, IterationTime=200ms, WarmupCount=8 -> 3 outliers were removed (90.93 μs..122.01 μs)
  PairHandleBenchmarks.Advance: InProcess                                             -> 2 outliers were removed, 3 outliers were detected (86.49 μs, 88.16 μs, 88.72 μs)
  PairHandleBenchmarks.Advance: InProcess                                             -> 3 outliers were removed (18.80 μs..19.36 μs)
  PairHandleBenchmarks.Advance: IterationCount=16, IterationTime=200ms, WarmupCount=8 -> 1 outlier  was  removed (21.25 μs)
  PairHandleBenchmarks.Advance: InProcess                                             -> 1 outlier  was  removed (22.55 μs)
  PairHandleBenchmarks.Advance: IterationCount=16, IterationTime=200ms, WarmupCount=8 -> 1 outlier  was  detected (68.10 μs)
  PairHandleBenchmarks.Advance: InProcess                                             -> 1 outlier  was  removed (67.80 μs)

// * Legends *
  Shape     : Value of the 'Shape' parameter
  Mean      : Arithmetic mean of all measurements
  Error     : Half of 99.9% confidence interval
  StdDev    : Standard deviation of all measurements
  Median    : Value separating the higher half of all measurements (50th percentile)
  Allocated : Allocated memory per single operation (managed only, inclusive, 1KB = 1024B)
  1 μs      : 1 Microsecond (0.000001 sec)

// * Diagnostic Output - MemoryDiagnoser *


// ***** BenchmarkRunner: End *****
Run time: 00:02:40 (160.97 sec), executed benchmarks: 14

Global total time: 00:02:44 (164.64 sec), executed benchmarks: 14
// * Artifacts cleanup *
Artifacts cleanup is finished
