// Validating benchmarks:
// ***** BenchmarkRunner: Start   *****
// ***** Found 7 benchmark(s) in total *****
// ***** Building 1 exe(s) in Parallel: Start   *****
// start dotnet  restore --nodeReuse:false /p:UseSharedCompilation=false /p:Deterministic=true /p:Optimize=true /p:ArtifactsPath="/home/i/GitHub/tl-perf168/benchmarks/ValuePoolFormat/bin/Release/net10.0/ValuePoolFormat-Job-TZECNT-1/" /p:OutDir="/home/i/GitHub/tl-perf168/benchmarks/ValuePoolFormat/bin/Release/net10.0/ValuePoolFormat-Job-TZECNT-1/bin/Release/net10.0/" /p:OutputPath="/home/i/GitHub/tl-perf168/benchmarks/ValuePoolFormat/bin/Release/net10.0/ValuePoolFormat-Job-TZECNT-1/bin/Release/net10.0/" /p:PublishDir="/home/i/GitHub/tl-perf168/benchmarks/ValuePoolFormat/bin/Release/net10.0/ValuePoolFormat-Job-TZECNT-1/publish/" in /home/i/GitHub/tl-perf168/benchmarks/ValuePoolFormat/bin/Release/net10.0/ValuePoolFormat-Job-TZECNT-1
// command took 0.72 sec and exited with 0
// start dotnet  build -c Release --no-restore --nodeReuse:false /p:UseSharedCompilation=false /p:Deterministic=true /p:Optimize=true /p:ArtifactsPath="/home/i/GitHub/tl-perf168/benchmarks/ValuePoolFormat/bin/Release/net10.0/ValuePoolFormat-Job-TZECNT-1/" /p:OutDir="/home/i/GitHub/tl-perf168/benchmarks/ValuePoolFormat/bin/Release/net10.0/ValuePoolFormat-Job-TZECNT-1/bin/Release/net10.0/" /p:OutputPath="/home/i/GitHub/tl-perf168/benchmarks/ValuePoolFormat/bin/Release/net10.0/ValuePoolFormat-Job-TZECNT-1/bin/Release/net10.0/" /p:PublishDir="/home/i/GitHub/tl-perf168/benchmarks/ValuePoolFormat/bin/Release/net10.0/ValuePoolFormat-Job-TZECNT-1/publish/" --output "/home/i/GitHub/tl-perf168/benchmarks/ValuePoolFormat/bin/Release/net10.0/ValuePoolFormat-Job-TZECNT-1/bin/Release/net10.0/" in /home/i/GitHub/tl-perf168/benchmarks/ValuePoolFormat/bin/Release/net10.0/ValuePoolFormat-Job-TZECNT-1
// command took 3.78 sec and exited with 0
// ***** Done, took 00:00:04 (4.52 sec)   *****
// Found 3 benchmarks:
//   QueryScan.DualAlpha: Job-TZECNT(IterationCount=16, IterationTime=200ms, WarmupCount=8) [Rows=100000]
//   QueryScan.BlendWindow: Job-TZECNT(IterationCount=16, IterationTime=200ms, WarmupCount=8) [Rows=100000]
//   QueryScan.MixedProgram: Job-TZECNT(IterationCount=16, IterationTime=200ms, WarmupCount=8) [Rows=100000]

// **************************
// Benchmark: QueryScan.DualAlpha: Job-TZECNT(IterationCount=16, IterationTime=200ms, WarmupCount=8) [Rows=100000]
// *** Execute ***
// Launch: 1 / 1
// Execute: dotnet ValuePoolFormat-Job-TZECNT-1.dll --anonymousPipes 138 139 --benchmarkName "Tl.ValuePoolFormat.QueryScan.DualAlpha(Rows: 100000)" --job "IterationCount=16, IterationTime=200ms, WarmupCount=8" --benchmarkId 0 in /home/i/GitHub/tl-perf168/benchmarks/ValuePoolFormat/bin/Release/net10.0/ValuePoolFormat-Job-TZECNT-1/bin/Release/net10.0
// Failed to set up high priority (Permission denied). In order to run benchmarks with high priority, make sure you have the right permissions.
// BeforeAnythingElse

// Benchmark Process Environment Information:
// BenchmarkDotNet v0.15.8
// Runtime=.NET 10.0.12 (10.0.12, 10.0.1226.42308), X64 RyuJIT x86-64-v3
// GC=Concurrent Workstation
// HardwareIntrinsics=AVX2+BMI1+BMI2+F16C+FMA+LZCNT+MOVBE,AVX,SSE3+SSSE3+SSE4.1+SSE4.2+POPCNT,X86Base+SSE+SSE2,AES+PCLMUL,AvxVnni,SERIALIZE VectorSize=256
// Job: Job-TZECNT(IterationCount=16, IterationTime=200ms, WarmupCount=8)

OverheadJitting  1: 1 op, 75558.00 ns, 75.5580 us/op
WorkloadJitting  1: 1 op, 3421739.00 ns, 3.4217 ms/op

OverheadJitting  2: 16 op, 100353.00 ns, 6.2721 us/op
WorkloadJitting  2: 16 op, 27736024.00 ns, 1.7335 ms/op

WorkloadPilot    1: 16 op, 27333635.00 ns, 1.7084 ms/op
WorkloadPilot    2: 128 op, 142614943.00 ns, 1.1142 ms/op
WorkloadPilot    3: 192 op, 63187229.00 ns, 329.1002 us/op
WorkloadPilot    4: 608 op, 203646661.00 ns, 334.9452 us/op

OverheadWarmup   1: 608 op, 2481.00 ns, 4.0806 ns/op
OverheadWarmup   2: 608 op, 1299.00 ns, 2.1365 ns/op
OverheadWarmup   3: 608 op, 1101.00 ns, 1.8109 ns/op
OverheadWarmup   4: 608 op, 1088.00 ns, 1.7895 ns/op
OverheadWarmup   5: 608 op, 1110.00 ns, 1.8257 ns/op
OverheadWarmup   6: 608 op, 1078.00 ns, 1.7730 ns/op
OverheadWarmup   7: 608 op, 1110.00 ns, 1.8257 ns/op
OverheadWarmup   8: 608 op, 1102.00 ns, 1.8125 ns/op

OverheadActual   1: 608 op, 1505.00 ns, 2.4753 ns/op
OverheadActual   2: 608 op, 1281.00 ns, 2.1069 ns/op
OverheadActual   3: 608 op, 1316.00 ns, 2.1645 ns/op
OverheadActual   4: 608 op, 1166.00 ns, 1.9178 ns/op
OverheadActual   5: 608 op, 1245.00 ns, 2.0477 ns/op
OverheadActual   6: 608 op, 1078.00 ns, 1.7730 ns/op
OverheadActual   7: 608 op, 1081.00 ns, 1.7780 ns/op
OverheadActual   8: 608 op, 1063.00 ns, 1.7484 ns/op
OverheadActual   9: 608 op, 1049.00 ns, 1.7253 ns/op
OverheadActual  10: 608 op, 1088.00 ns, 1.7895 ns/op
OverheadActual  11: 608 op, 1056.00 ns, 1.7368 ns/op
OverheadActual  12: 608 op, 1056.00 ns, 1.7368 ns/op
OverheadActual  13: 608 op, 1062.00 ns, 1.7467 ns/op
OverheadActual  14: 608 op, 1069.00 ns, 1.7582 ns/op
OverheadActual  15: 608 op, 1089.00 ns, 1.7911 ns/op
OverheadActual  16: 608 op, 1076.00 ns, 1.7697 ns/op
OverheadActual  17: 608 op, 1063.00 ns, 1.7484 ns/op
OverheadActual  18: 608 op, 1262.00 ns, 2.0757 ns/op
OverheadActual  19: 608 op, 1076.00 ns, 1.7697 ns/op
OverheadActual  20: 608 op, 1085.00 ns, 1.7845 ns/op

WorkloadWarmup   1: 608 op, 207391096.00 ns, 341.1038 us/op
WorkloadWarmup   2: 608 op, 205612199.00 ns, 338.1780 us/op
WorkloadWarmup   3: 608 op, 208649720.00 ns, 343.1739 us/op
WorkloadWarmup   4: 608 op, 202947805.00 ns, 333.7957 us/op
WorkloadWarmup   5: 608 op, 200086527.00 ns, 329.0897 us/op
WorkloadWarmup   6: 608 op, 204106387.00 ns, 335.7013 us/op
WorkloadWarmup   7: 608 op, 204605614.00 ns, 336.5224 us/op
WorkloadWarmup   8: 608 op, 201035231.00 ns, 330.6501 us/op

// BeforeActualRun
WorkloadActual   1: 608 op, 204052491.00 ns, 335.6126 us/op
WorkloadActual   2: 608 op, 200953491.00 ns, 330.5156 us/op
WorkloadActual   3: 608 op, 206336916.00 ns, 339.3699 us/op
WorkloadActual   4: 608 op, 201906828.00 ns, 332.0836 us/op
WorkloadActual   5: 608 op, 199761123.00 ns, 328.5545 us/op
WorkloadActual   6: 608 op, 196073964.00 ns, 322.4901 us/op
WorkloadActual   7: 608 op, 207378629.00 ns, 341.0833 us/op
WorkloadActual   8: 608 op, 205318530.00 ns, 337.6950 us/op
WorkloadActual   9: 608 op, 202155878.00 ns, 332.4932 us/op
WorkloadActual  10: 608 op, 196939589.00 ns, 323.9138 us/op
WorkloadActual  11: 608 op, 194678270.00 ns, 320.1945 us/op
WorkloadActual  12: 608 op, 201814662.00 ns, 331.9320 us/op
WorkloadActual  13: 608 op, 200092116.00 ns, 329.0989 us/op
WorkloadActual  14: 608 op, 204084546.00 ns, 335.6654 us/op
WorkloadActual  15: 608 op, 197266432.00 ns, 324.4514 us/op
WorkloadActual  16: 608 op, 199947761.00 ns, 328.8614 us/op

// AfterActualRun
WorkloadResult   1: 608 op, 204051411.50 ns, 335.6109 us/op
WorkloadResult   2: 608 op, 200952411.50 ns, 330.5138 us/op
WorkloadResult   3: 608 op, 206335836.50 ns, 339.3682 us/op
WorkloadResult   4: 608 op, 201905748.50 ns, 332.0818 us/op
WorkloadResult   5: 608 op, 199760043.50 ns, 328.5527 us/op
WorkloadResult   6: 608 op, 196072884.50 ns, 322.4883 us/op
WorkloadResult   7: 608 op, 207377549.50 ns, 341.0815 us/op
WorkloadResult   8: 608 op, 205317450.50 ns, 337.6932 us/op
WorkloadResult   9: 608 op, 202154798.50 ns, 332.4914 us/op
WorkloadResult  10: 608 op, 196938509.50 ns, 323.9120 us/op
WorkloadResult  11: 608 op, 194677190.50 ns, 320.1927 us/op
WorkloadResult  12: 608 op, 201813582.50 ns, 331.9302 us/op
WorkloadResult  13: 608 op, 200091036.50 ns, 329.0971 us/op
WorkloadResult  14: 608 op, 204083466.50 ns, 335.6636 us/op
WorkloadResult  15: 608 op, 197265352.50 ns, 324.4496 us/op
WorkloadResult  16: 608 op, 199946681.50 ns, 328.8597 us/op
// GC:  0 0 0 0 608
// Threading:  0 0 608

// AfterAll
// Benchmark Process 33480 has exited with code 0.

Mean = 330.874 μs, StdErr = 1.528 μs (0.46%), N = 16, StdDev = 6.112 μs
Min = 320.193 μs, Q1 = 327.527 μs, Median = 331.222 μs, Q3 = 335.624 μs, Max = 341.081 μs
IQR = 8.097 μs, LowerFence = 315.381 μs, UpperFence = 347.770 μs
ConfidenceInterval = [324.651 μs; 337.097 μs] (CI 99.9%), Margin = 6.223 μs (1.88% of Mean)
Skewness = -0.06, Kurtosis = 1.85, MValue = 2

// ** Remained 6 (85.7%) benchmark(s) to run. Estimated finish 2026-09-18 1:56 (0h 0m from now) **
// **************************
// Benchmark: QueryScan.BlendWindow: Job-TZECNT(IterationCount=16, IterationTime=200ms, WarmupCount=8) [Rows=100000]
// *** Execute ***
// Launch: 1 / 1
// Execute: dotnet ValuePoolFormat-Job-TZECNT-1.dll --anonymousPipes 138 139 --benchmarkName "Tl.ValuePoolFormat.QueryScan.BlendWindow(Rows: 100000)" --job "IterationCount=16, IterationTime=200ms, WarmupCount=8" --benchmarkId 1 in /home/i/GitHub/tl-perf168/benchmarks/ValuePoolFormat/bin/Release/net10.0/ValuePoolFormat-Job-TZECNT-1/bin/Release/net10.0
// Failed to set up high priority (Permission denied). In order to run benchmarks with high priority, make sure you have the right permissions.
// BeforeAnythingElse

// Benchmark Process Environment Information:
// BenchmarkDotNet v0.15.8
// Runtime=.NET 10.0.12 (10.0.12, 10.0.1226.42308), X64 RyuJIT x86-64-v3
// GC=Concurrent Workstation
// HardwareIntrinsics=AVX2+BMI1+BMI2+F16C+FMA+LZCNT+MOVBE,AVX,SSE3+SSSE3+SSE4.1+SSE4.2+POPCNT,X86Base+SSE+SSE2,AES+PCLMUL,AvxVnni,SERIALIZE VectorSize=256
// Job: Job-TZECNT(IterationCount=16, IterationTime=200ms, WarmupCount=8)

OverheadJitting  1: 1 op, 78561.00 ns, 78.5610 us/op
WorkloadJitting  1: 1 op, 3323472.00 ns, 3.3235 ms/op

OverheadJitting  2: 16 op, 126209.00 ns, 7.8881 us/op
WorkloadJitting  2: 16 op, 28472514.00 ns, 1.7795 ms/op

WorkloadPilot    1: 16 op, 27494711.00 ns, 1.7184 ms/op
WorkloadPilot    2: 128 op, 152693275.00 ns, 1.1929 ms/op
WorkloadPilot    3: 176 op, 61595116.00 ns, 349.9723 us/op
WorkloadPilot    4: 576 op, 207346940.00 ns, 359.9773 us/op
WorkloadPilot    5: 560 op, 212358094.00 ns, 379.2109 us/op
WorkloadPilot    6: 528 op, 191888813.00 ns, 363.4258 us/op
WorkloadPilot    7: 560 op, 208058175.00 ns, 371.5325 us/op

OverheadWarmup   1: 560 op, 2490.00 ns, 4.4464 ns/op
OverheadWarmup   2: 560 op, 1256.00 ns, 2.2429 ns/op
OverheadWarmup   3: 560 op, 1213.00 ns, 2.1661 ns/op
OverheadWarmup   4: 560 op, 1202.00 ns, 2.1464 ns/op
OverheadWarmup   5: 560 op, 1213.00 ns, 2.1661 ns/op
OverheadWarmup   6: 560 op, 1194.00 ns, 2.1321 ns/op
OverheadWarmup   7: 560 op, 1200.00 ns, 2.1429 ns/op
OverheadWarmup   8: 560 op, 1193.00 ns, 2.1304 ns/op

OverheadActual   1: 560 op, 1625.00 ns, 2.9018 ns/op
OverheadActual   2: 560 op, 1417.00 ns, 2.5304 ns/op
OverheadActual   3: 560 op, 1406.00 ns, 2.5107 ns/op
OverheadActual   4: 560 op, 1282.00 ns, 2.2893 ns/op
OverheadActual   5: 560 op, 1363.00 ns, 2.4339 ns/op
OverheadActual   6: 560 op, 1224.00 ns, 2.1857 ns/op
OverheadActual   7: 560 op, 1194.00 ns, 2.1321 ns/op
OverheadActual   8: 560 op, 1180.00 ns, 2.1071 ns/op
OverheadActual   9: 560 op, 1180.00 ns, 2.1071 ns/op
OverheadActual  10: 560 op, 1180.00 ns, 2.1071 ns/op
OverheadActual  11: 560 op, 1192.00 ns, 2.1286 ns/op
OverheadActual  12: 560 op, 1210.00 ns, 2.1607 ns/op
OverheadActual  13: 560 op, 1223.00 ns, 2.1839 ns/op
OverheadActual  14: 560 op, 1229.00 ns, 2.1946 ns/op
OverheadActual  15: 560 op, 1245.00 ns, 2.2232 ns/op
OverheadActual  16: 560 op, 1237.00 ns, 2.2089 ns/op
OverheadActual  17: 560 op, 1241.00 ns, 2.2161 ns/op
OverheadActual  18: 560 op, 1388.00 ns, 2.4786 ns/op
OverheadActual  19: 560 op, 1267.00 ns, 2.2625 ns/op
OverheadActual  20: 560 op, 1223.00 ns, 2.1839 ns/op

WorkloadWarmup   1: 560 op, 208228878.00 ns, 371.8373 us/op
WorkloadWarmup   2: 560 op, 206288817.00 ns, 368.3729 us/op
WorkloadWarmup   3: 560 op, 206681019.00 ns, 369.0732 us/op
WorkloadWarmup   4: 560 op, 208598021.00 ns, 372.4965 us/op
WorkloadWarmup   5: 560 op, 210586896.00 ns, 376.0480 us/op
WorkloadWarmup   6: 560 op, 206221998.00 ns, 368.2536 us/op
WorkloadWarmup   7: 560 op, 211962234.00 ns, 378.5040 us/op
WorkloadWarmup   8: 560 op, 209395076.00 ns, 373.9198 us/op

// BeforeActualRun
WorkloadActual   1: 560 op, 210719479.00 ns, 376.2848 us/op
WorkloadActual   2: 560 op, 207972634.00 ns, 371.3797 us/op
WorkloadActual   3: 560 op, 207319232.00 ns, 370.2129 us/op
WorkloadActual   4: 560 op, 210303203.00 ns, 375.5414 us/op
WorkloadActual   5: 560 op, 205019050.00 ns, 366.1054 us/op
WorkloadActual   6: 560 op, 202466947.00 ns, 361.5481 us/op
WorkloadActual   7: 560 op, 209377406.00 ns, 373.8882 us/op
WorkloadActual   8: 560 op, 203945926.00 ns, 364.1892 us/op
WorkloadActual   9: 560 op, 209837718.00 ns, 374.7102 us/op
WorkloadActual  10: 560 op, 202917468.00 ns, 362.3526 us/op
WorkloadActual  11: 560 op, 210145998.00 ns, 375.2607 us/op
WorkloadActual  12: 560 op, 202719035.00 ns, 361.9983 us/op
WorkloadActual  13: 560 op, 207136459.00 ns, 369.8865 us/op
WorkloadActual  14: 560 op, 203952322.00 ns, 364.2006 us/op
WorkloadActual  15: 560 op, 204470626.00 ns, 365.1261 us/op
WorkloadActual  16: 560 op, 210100244.00 ns, 375.1790 us/op

// AfterActualRun
WorkloadResult   1: 560 op, 210718246.00 ns, 376.2826 us/op
WorkloadResult   2: 560 op, 207971401.00 ns, 371.3775 us/op
WorkloadResult   3: 560 op, 207317999.00 ns, 370.2107 us/op
WorkloadResult   4: 560 op, 210301970.00 ns, 375.5392 us/op
WorkloadResult   5: 560 op, 205017817.00 ns, 366.1032 us/op
WorkloadResult   6: 560 op, 202465714.00 ns, 361.5459 us/op
WorkloadResult   7: 560 op, 209376173.00 ns, 373.8860 us/op
WorkloadResult   8: 560 op, 203944693.00 ns, 364.1870 us/op
WorkloadResult   9: 560 op, 209836485.00 ns, 374.7080 us/op
WorkloadResult  10: 560 op, 202916235.00 ns, 362.3504 us/op
WorkloadResult  11: 560 op, 210144765.00 ns, 375.2585 us/op
WorkloadResult  12: 560 op, 202717802.00 ns, 361.9961 us/op
WorkloadResult  13: 560 op, 207135226.00 ns, 369.8843 us/op
WorkloadResult  14: 560 op, 203951089.00 ns, 364.1984 us/op
WorkloadResult  15: 560 op, 204469393.00 ns, 365.1239 us/op
WorkloadResult  16: 560 op, 210099011.00 ns, 375.1768 us/op
// GC:  0 0 0 0 560
// Threading:  0 0 560

// AfterAll
// Benchmark Process 33500 has exited with code 0.

Mean = 369.239 μs, StdErr = 1.377 μs (0.37%), N = 16, StdDev = 5.508 μs
Min = 361.546 μs, Q1 = 364.196 μs, Median = 370.048 μs, Q3 = 374.825 μs, Max = 376.283 μs
IQR = 10.630 μs, LowerFence = 348.251 μs, UpperFence = 390.770 μs
ConfidenceInterval = [363.631 μs; 374.847 μs] (CI 99.9%), Margin = 5.608 μs (1.52% of Mean)
Skewness = -0.08, Kurtosis = 1.23, MValue = 2

// ** Remained 5 (71.4%) benchmark(s) to run. Estimated finish 2026-09-18 1:56 (0h 0m from now) **
// **************************
// Benchmark: QueryScan.MixedProgram: Job-TZECNT(IterationCount=16, IterationTime=200ms, WarmupCount=8) [Rows=100000]
// *** Execute ***
// Launch: 1 / 1
// Execute: dotnet ValuePoolFormat-Job-TZECNT-1.dll --anonymousPipes 138 139 --benchmarkName "Tl.ValuePoolFormat.QueryScan.MixedProgram(Rows: 100000)" --job "IterationCount=16, IterationTime=200ms, WarmupCount=8" --benchmarkId 2 in /home/i/GitHub/tl-perf168/benchmarks/ValuePoolFormat/bin/Release/net10.0/ValuePoolFormat-Job-TZECNT-1/bin/Release/net10.0
// Failed to set up high priority (Permission denied). In order to run benchmarks with high priority, make sure you have the right permissions.
// BeforeAnythingElse

// Benchmark Process Environment Information:
// BenchmarkDotNet v0.15.8
// Runtime=.NET 10.0.12 (10.0.12, 10.0.1226.42308), X64 RyuJIT x86-64-v3
// GC=Concurrent Workstation
// HardwareIntrinsics=AVX2+BMI1+BMI2+F16C+FMA+LZCNT+MOVBE,AVX,SSE3+SSSE3+SSE4.1+SSE4.2+POPCNT,X86Base+SSE+SSE2,AES+PCLMUL,AvxVnni,SERIALIZE VectorSize=256
// Job: Job-TZECNT(IterationCount=16, IterationTime=200ms, WarmupCount=8)

OverheadJitting  1: 1 op, 72506.00 ns, 72.5060 us/op
WorkloadJitting  1: 1 op, 8391002.00 ns, 8.3910 ms/op

OverheadJitting  2: 16 op, 99140.00 ns, 6.1963 us/op
WorkloadJitting  2: 16 op, 88452345.00 ns, 5.5283 ms/op

WorkloadPilot    1: 16 op, 76945284.00 ns, 4.8091 ms/op
WorkloadPilot    2: 48 op, 215011749.00 ns, 4.4794 ms/op

OverheadWarmup   1: 48 op, 1017.00 ns, 21.1875 ns/op
OverheadWarmup   2: 48 op, 352.00 ns, 7.3333 ns/op
OverheadWarmup   3: 48 op, 123.00 ns, 2.5625 ns/op
OverheadWarmup   4: 48 op, 332.00 ns, 6.9167 ns/op
OverheadWarmup   5: 48 op, 121.00 ns, 2.5208 ns/op
OverheadWarmup   6: 48 op, 137.00 ns, 2.8542 ns/op
OverheadWarmup   7: 48 op, 120.00 ns, 2.5000 ns/op

OverheadActual   1: 48 op, 397.00 ns, 8.2708 ns/op
OverheadActual   2: 48 op, 388.00 ns, 8.0833 ns/op
OverheadActual   3: 48 op, 385.00 ns, 8.0208 ns/op
OverheadActual   4: 48 op, 157.00 ns, 3.2708 ns/op
OverheadActual   5: 48 op, 353.00 ns, 7.3542 ns/op
OverheadActual   6: 48 op, 115.00 ns, 2.3958 ns/op
OverheadActual   7: 48 op, 99.00 ns, 2.0625 ns/op
OverheadActual   8: 48 op, 123.00 ns, 2.5625 ns/op
OverheadActual   9: 48 op, 121.00 ns, 2.5208 ns/op
OverheadActual  10: 48 op, 91.00 ns, 1.8958 ns/op
OverheadActual  11: 48 op, 126.00 ns, 2.6250 ns/op
OverheadActual  12: 48 op, 101.00 ns, 2.1042 ns/op
OverheadActual  13: 48 op, 106.00 ns, 2.2083 ns/op
OverheadActual  14: 48 op, 112.00 ns, 2.3333 ns/op
OverheadActual  15: 48 op, 130.00 ns, 2.7083 ns/op
OverheadActual  16: 48 op, 154.00 ns, 3.2083 ns/op
OverheadActual  17: 48 op, 102.00 ns, 2.1250 ns/op
OverheadActual  18: 48 op, 275.00 ns, 5.7292 ns/op
OverheadActual  19: 48 op, 139.00 ns, 2.8958 ns/op
OverheadActual  20: 48 op, 109.00 ns, 2.2708 ns/op

WorkloadWarmup   1: 48 op, 120556913.00 ns, 2.5116 ms/op
WorkloadWarmup   2: 48 op, 106415657.00 ns, 2.2170 ms/op
WorkloadWarmup   3: 48 op, 42072037.00 ns, 876.5008 us/op
WorkloadWarmup   4: 48 op, 42616155.00 ns, 887.8366 us/op
WorkloadWarmup   5: 48 op, 43228712.00 ns, 900.5982 us/op
WorkloadWarmup   6: 48 op, 43147669.00 ns, 898.9098 us/op
WorkloadWarmup   7: 48 op, 42859646.00 ns, 892.9093 us/op
WorkloadWarmup   8: 48 op, 43214999.00 ns, 900.3125 us/op

// BeforeActualRun
WorkloadActual   1: 48 op, 42841903.00 ns, 892.5396 us/op
WorkloadActual   2: 48 op, 41606051.00 ns, 866.7927 us/op
WorkloadActual   3: 48 op, 41314955.00 ns, 860.7282 us/op
WorkloadActual   4: 48 op, 41407677.00 ns, 862.6599 us/op
WorkloadActual   5: 48 op, 42246513.00 ns, 880.1357 us/op
WorkloadActual   6: 48 op, 41719353.00 ns, 869.1532 us/op
WorkloadActual   7: 48 op, 41662059.00 ns, 867.9596 us/op
WorkloadActual   8: 48 op, 42635890.00 ns, 888.2477 us/op
WorkloadActual   9: 48 op, 43119932.00 ns, 898.3319 us/op
WorkloadActual  10: 48 op, 43159533.00 ns, 899.1569 us/op
WorkloadActual  11: 48 op, 43303046.00 ns, 902.1468 us/op
WorkloadActual  12: 48 op, 43239950.00 ns, 900.8323 us/op
WorkloadActual  13: 48 op, 43533610.00 ns, 906.9502 us/op
WorkloadActual  14: 48 op, 43838936.00 ns, 913.3112 us/op
WorkloadActual  15: 48 op, 43529991.00 ns, 906.8748 us/op
WorkloadActual  16: 48 op, 42961937.00 ns, 895.0404 us/op

// AfterActualRun
WorkloadResult   1: 48 op, 42841778.50 ns, 892.5371 us/op
WorkloadResult   2: 48 op, 41605926.50 ns, 866.7901 us/op
WorkloadResult   3: 48 op, 41314830.50 ns, 860.7256 us/op
WorkloadResult   4: 48 op, 41407552.50 ns, 862.6573 us/op
WorkloadResult   5: 48 op, 42246388.50 ns, 880.1331 us/op
WorkloadResult   6: 48 op, 41719228.50 ns, 869.1506 us/op
WorkloadResult   7: 48 op, 41661934.50 ns, 867.9570 us/op
WorkloadResult   8: 48 op, 42635765.50 ns, 888.2451 us/op
WorkloadResult   9: 48 op, 43119807.50 ns, 898.3293 us/op
WorkloadResult  10: 48 op, 43159408.50 ns, 899.1543 us/op
WorkloadResult  11: 48 op, 43302921.50 ns, 902.1442 us/op
WorkloadResult  12: 48 op, 43239825.50 ns, 900.8297 us/op
WorkloadResult  13: 48 op, 43533485.50 ns, 906.9476 us/op
WorkloadResult  14: 48 op, 43838811.50 ns, 913.3086 us/op
WorkloadResult  15: 48 op, 43529866.50 ns, 906.8722 us/op
WorkloadResult  16: 48 op, 42961812.50 ns, 895.0378 us/op
// GC:  0 0 0 0 48
// Threading:  0 0 48

// AfterAll
// Benchmark Process 33514 has exited with code 0.

Mean = 888.176 μs, StdErr = 4.414 μs (0.50%), N = 16, StdDev = 17.656 μs
Min = 860.726 μs, Q1 = 868.852 μs, Median = 893.787 μs, Q3 = 901.158 μs, Max = 913.309 μs
IQR = 32.306 μs, LowerFence = 820.393 μs, UpperFence = 949.618 μs
ConfidenceInterval = [870.199 μs; 906.154 μs] (CI 99.9%), Margin = 17.977 μs (2.02% of Mean)
Skewness = -0.3, Kurtosis = 1.44, MValue = 2

// ** Remained 4 (57.1%) benchmark(s) to run. Estimated finish 2026-09-18 1:55 (0h 0m from now) **
// ***** BenchmarkRunner: Finish  *****

// * Export *
  benchmarks/ValuePoolFormat/results/168ab-cand/results/Tl.ValuePoolFormat.QueryScan-report-full.json

// * Detailed results *
QueryScan.DualAlpha: Job-TZECNT(IterationCount=16, IterationTime=200ms, WarmupCount=8) [Rows=100000]
Runtime = .NET 10.0.12 (10.0.12, 10.0.1226.42308), X64 RyuJIT x86-64-v3; GC = Concurrent Workstation
Mean = 330.874 μs, StdErr = 1.528 μs (0.46%), N = 16, StdDev = 6.112 μs
Min = 320.193 μs, Q1 = 327.527 μs, Median = 331.222 μs, Q3 = 335.624 μs, Max = 341.081 μs
IQR = 8.097 μs, LowerFence = 315.381 μs, UpperFence = 347.770 μs
ConfidenceInterval = [324.651 μs; 337.097 μs] (CI 99.9%), Margin = 6.223 μs (1.88% of Mean)
Skewness = -0.06, Kurtosis = 1.85, MValue = 2
-------------------- Histogram --------------------
[319.098 μs ; 327.217 μs) | @@@@
[327.217 μs ; 341.730 μs) | @@@@@@@@@@@@
---------------------------------------------------

QueryScan.BlendWindow: Job-TZECNT(IterationCount=16, IterationTime=200ms, WarmupCount=8) [Rows=100000]
Runtime = .NET 10.0.12 (10.0.12, 10.0.1226.42308), X64 RyuJIT x86-64-v3; GC = Concurrent Workstation
Mean = 369.239 μs, StdErr = 1.377 μs (0.37%), N = 16, StdDev = 5.508 μs
Min = 361.546 μs, Q1 = 364.196 μs, Median = 370.048 μs, Q3 = 374.825 μs, Max = 376.283 μs
IQR = 10.630 μs, LowerFence = 348.251 μs, UpperFence = 390.770 μs
ConfidenceInterval = [363.631 μs; 374.847 μs] (CI 99.9%), Margin = 5.608 μs (1.52% of Mean)
Skewness = -0.08, Kurtosis = 1.23, MValue = 2
-------------------- Histogram --------------------
[360.186 μs ; 376.439 μs) | @@@@@@@@@@@@@@@@
---------------------------------------------------

QueryScan.MixedProgram: Job-TZECNT(IterationCount=16, IterationTime=200ms, WarmupCount=8) [Rows=100000]
Runtime = .NET 10.0.12 (10.0.12, 10.0.1226.42308), X64 RyuJIT x86-64-v3; GC = Concurrent Workstation
Mean = 888.176 μs, StdErr = 4.414 μs (0.50%), N = 16, StdDev = 17.656 μs
Min = 860.726 μs, Q1 = 868.852 μs, Median = 893.787 μs, Q3 = 901.158 μs, Max = 913.309 μs
IQR = 32.306 μs, LowerFence = 820.393 μs, UpperFence = 949.618 μs
ConfidenceInterval = [870.199 μs; 906.154 μs] (CI 99.9%), Margin = 17.977 μs (2.02% of Mean)
Skewness = -0.3, Kurtosis = 1.44, MValue = 2
-------------------- Histogram --------------------
[855.742 μs ; 874.135 μs) | @@@@@
[874.135 μs ; 922.505 μs) | @@@@@@@@@@@
---------------------------------------------------

// * Summary *

BenchmarkDotNet v0.15.8, Linux Omarchy
Intel Core i9-14900K 0.80GHz, 1 CPU, 32 logical and 24 physical cores
.NET SDK 10.0.401
  [Host]     : .NET 10.0.12 (10.0.12, 10.0.1226.42308), X64 RyuJIT x86-64-v3
  Job-TZECNT : .NET 10.0.12 (10.0.12, 10.0.1226.42308), X64 RyuJIT x86-64-v3

IterationCount=16  IterationTime=200ms  WarmupCount=8  

| Method       | Rows   | Mean     | Error    | StdDev   | Median   | Min      | Max      | P90      | Ratio | RatioSD | Allocated | Alloc Ratio |
|------------- |------- |---------:|---------:|---------:|---------:|---------:|---------:|---------:|------:|--------:|----------:|------------:|
| DualAlpha    | 100000 | 330.9 μs |  6.22 μs |  6.11 μs | 331.2 μs | 320.2 μs | 341.1 μs | 338.5 μs |  1.00 |    0.03 |         - |          NA |
| BlendWindow  | 100000 | 369.2 μs |  5.61 μs |  5.51 μs | 370.0 μs | 361.5 μs | 376.3 μs | 375.4 μs |  1.12 |    0.03 |         - |          NA |
| MixedProgram | 100000 | 888.2 μs | 17.98 μs | 17.66 μs | 893.8 μs | 860.7 μs | 913.3 μs | 906.9 μs |  2.69 |    0.07 |         - |          NA |

// * Legends *
  Rows        : Value of the 'Rows' parameter
  Mean        : Arithmetic mean of all measurements
  Error       : Half of 99.9% confidence interval
  StdDev      : Standard deviation of all measurements
  Median      : Value separating the higher half of all measurements (50th percentile)
  Min         : Minimum
  Max         : Maximum
  P90         : Percentile 90
  Ratio       : Mean of the ratio distribution ([Current]/[Baseline])
  RatioSD     : Standard deviation of the ratio distribution ([Current]/[Baseline])
  Allocated   : Allocated memory per single operation (managed only, inclusive, 1KB = 1024B)
  Alloc Ratio : Allocated memory ratio distribution ([Current]/[Baseline])
  1 μs        : 1 Microsecond (0.000001 sec)

// * Diagnostic Output - MemoryDiagnoser *


// ***** BenchmarkRunner: End *****
Run time: 00:00:13 (13.97 sec), executed benchmarks: 3

// Found 4 benchmarks:
//   LaneApply.UniformForward: Job-TZECNT(IterationCount=16, IterationTime=200ms, WarmupCount=8) [Rows=100000]
//   LaneApply.WavesForward: Job-TZECNT(IterationCount=16, IterationTime=200ms, WarmupCount=8) [Rows=100000]
//   LaneApply.StaggeredForward: Job-TZECNT(IterationCount=16, IterationTime=200ms, WarmupCount=8) [Rows=100000]
//   LaneApply.UniformBackward: Job-TZECNT(IterationCount=16, IterationTime=200ms, WarmupCount=8) [Rows=100000]

// **************************
// Benchmark: LaneApply.UniformForward: Job-TZECNT(IterationCount=16, IterationTime=200ms, WarmupCount=8) [Rows=100000]
// *** Execute ***
// Launch: 1 / 1
// Execute: dotnet ValuePoolFormat-Job-TZECNT-1.dll --anonymousPipes 144 145 --benchmarkName "Tl.ValuePoolFormat.LaneApply.UniformForward(Rows: 100000)" --job "IterationCount=16, IterationTime=200ms, WarmupCount=8" --benchmarkId 3 in /home/i/GitHub/tl-perf168/benchmarks/ValuePoolFormat/bin/Release/net10.0/ValuePoolFormat-Job-TZECNT-1/bin/Release/net10.0
// Failed to set up high priority (Permission denied). In order to run benchmarks with high priority, make sure you have the right permissions.
// BeforeAnythingElse

// Benchmark Process Environment Information:
// BenchmarkDotNet v0.15.8
// Runtime=.NET 10.0.12 (10.0.12, 10.0.1226.42308), X64 RyuJIT x86-64-v3
// GC=Concurrent Workstation
// HardwareIntrinsics=AVX2+BMI1+BMI2+F16C+FMA+LZCNT+MOVBE,AVX,SSE3+SSSE3+SSE4.1+SSE4.2+POPCNT,X86Base+SSE+SSE2,AES+PCLMUL,AvxVnni,SERIALIZE VectorSize=256
// Job: Job-TZECNT(IterationCount=16, IterationTime=200ms, WarmupCount=8)

OverheadJitting  1: 1 op, 70639.00 ns, 70.6390 us/op
WorkloadJitting  1: 1 op, 2352390.00 ns, 2.3524 ms/op

OverheadJitting  2: 16 op, 99181.00 ns, 6.1988 us/op
WorkloadJitting  2: 16 op, 1048159.00 ns, 65.5099 us/op

WorkloadPilot    1: 16 op, 449218.00 ns, 28.0761 us/op
WorkloadPilot    2: 7136 op, 153059442.00 ns, 21.4489 us/op
WorkloadPilot    3: 9328 op, 107209418.00 ns, 11.4933 us/op
WorkloadPilot    4: 17408 op, 179811435.00 ns, 10.3292 us/op
WorkloadPilot    5: 19376 op, 204839659.00 ns, 10.5718 us/op
WorkloadPilot    6: 18928 op, 199660616.00 ns, 10.5484 us/op
WorkloadPilot    7: 18960 op, 200072353.00 ns, 10.5523 us/op

OverheadWarmup   1: 18960 op, 35691.00 ns, 1.8824 ns/op
OverheadWarmup   2: 18960 op, 34585.00 ns, 1.8241 ns/op
OverheadWarmup   3: 18960 op, 34551.00 ns, 1.8223 ns/op
OverheadWarmup   4: 18960 op, 34777.00 ns, 1.8342 ns/op
OverheadWarmup   5: 18960 op, 34578.00 ns, 1.8237 ns/op
OverheadWarmup   6: 18960 op, 34555.00 ns, 1.8225 ns/op
OverheadWarmup   7: 18960 op, 34547.00 ns, 1.8221 ns/op
OverheadWarmup   8: 18960 op, 34387.00 ns, 1.8137 ns/op
OverheadWarmup   9: 18960 op, 34372.00 ns, 1.8129 ns/op
OverheadWarmup  10: 18960 op, 34384.00 ns, 1.8135 ns/op

OverheadActual   1: 18960 op, 35024.00 ns, 1.8473 ns/op
OverheadActual   2: 18960 op, 38522.00 ns, 2.0318 ns/op
OverheadActual   3: 18960 op, 34611.00 ns, 1.8255 ns/op
OverheadActual   4: 18960 op, 35175.00 ns, 1.8552 ns/op
OverheadActual   5: 18960 op, 38068.00 ns, 2.0078 ns/op
OverheadActual   6: 18960 op, 34414.00 ns, 1.8151 ns/op
OverheadActual   7: 18960 op, 34386.00 ns, 1.8136 ns/op
OverheadActual   8: 18960 op, 34724.00 ns, 1.8314 ns/op
OverheadActual   9: 18960 op, 34385.00 ns, 1.8136 ns/op
OverheadActual  10: 18960 op, 34369.00 ns, 1.8127 ns/op
OverheadActual  11: 18960 op, 37536.00 ns, 1.9797 ns/op
OverheadActual  12: 18960 op, 34360.00 ns, 1.8122 ns/op
OverheadActual  13: 18960 op, 34362.00 ns, 1.8123 ns/op
OverheadActual  14: 18960 op, 34360.00 ns, 1.8122 ns/op
OverheadActual  15: 18960 op, 34566.00 ns, 1.8231 ns/op

WorkloadWarmup   1: 18960 op, 200172807.00 ns, 10.5576 us/op
WorkloadWarmup   2: 18960 op, 197243111.00 ns, 10.4031 us/op
WorkloadWarmup   3: 18960 op, 197011710.00 ns, 10.3909 us/op
WorkloadWarmup   4: 18960 op, 199394953.00 ns, 10.5166 us/op
WorkloadWarmup   5: 18960 op, 195779442.00 ns, 10.3259 us/op
WorkloadWarmup   6: 18960 op, 200209837.00 ns, 10.5596 us/op
WorkloadWarmup   7: 18960 op, 198990196.00 ns, 10.4953 us/op
WorkloadWarmup   8: 18960 op, 199850826.00 ns, 10.5407 us/op

// BeforeActualRun
WorkloadActual   1: 18960 op, 200217391.00 ns, 10.5600 us/op
WorkloadActual   2: 18960 op, 200888256.00 ns, 10.5954 us/op
WorkloadActual   3: 18960 op, 199950486.00 ns, 10.5459 us/op
WorkloadActual   4: 18960 op, 199727352.00 ns, 10.5341 us/op
WorkloadActual   5: 18960 op, 195859647.00 ns, 10.3302 us/op
WorkloadActual   6: 18960 op, 185695754.00 ns, 9.7941 us/op
WorkloadActual   7: 18960 op, 196006264.00 ns, 10.3379 us/op
WorkloadActual   8: 18960 op, 199888889.00 ns, 10.5427 us/op
WorkloadActual   9: 18960 op, 200362397.00 ns, 10.5676 us/op
WorkloadActual  10: 18960 op, 200227385.00 ns, 10.5605 us/op
WorkloadActual  11: 18960 op, 199895591.00 ns, 10.5430 us/op
WorkloadActual  12: 18960 op, 199560249.00 ns, 10.5253 us/op
WorkloadActual  13: 18960 op, 185443678.00 ns, 9.7808 us/op
WorkloadActual  14: 18960 op, 185449309.00 ns, 9.7811 us/op
WorkloadActual  15: 18960 op, 185408812.00 ns, 9.7789 us/op
WorkloadActual  16: 18960 op, 185476598.00 ns, 9.7825 us/op

// AfterActualRun
WorkloadResult   1: 18960 op, 200182825.00 ns, 10.5582 us/op
WorkloadResult   2: 18960 op, 200853690.00 ns, 10.5935 us/op
WorkloadResult   3: 18960 op, 199915920.00 ns, 10.5441 us/op
WorkloadResult   4: 18960 op, 199692786.00 ns, 10.5323 us/op
WorkloadResult   5: 18960 op, 195825081.00 ns, 10.3283 us/op
WorkloadResult   6: 18960 op, 185661188.00 ns, 9.7923 us/op
WorkloadResult   7: 18960 op, 195971698.00 ns, 10.3361 us/op
WorkloadResult   8: 18960 op, 199854323.00 ns, 10.5408 us/op
WorkloadResult   9: 18960 op, 200327831.00 ns, 10.5658 us/op
WorkloadResult  10: 18960 op, 200192819.00 ns, 10.5587 us/op
WorkloadResult  11: 18960 op, 199861025.00 ns, 10.5412 us/op
WorkloadResult  12: 18960 op, 199525683.00 ns, 10.5235 us/op
WorkloadResult  13: 18960 op, 185409112.00 ns, 9.7790 us/op
WorkloadResult  14: 18960 op, 185414743.00 ns, 9.7793 us/op
WorkloadResult  15: 18960 op, 185374246.00 ns, 9.7771 us/op
WorkloadResult  16: 18960 op, 185442032.00 ns, 9.7807 us/op
// GC:  0 0 0 0 18960
// Threading:  0 0 18960

// AfterAll
// Benchmark Process 33524 has exited with code 0.

Mean = 10.283 μs, StdErr = 0.089 μs (0.87%), N = 16, StdDev = 0.357 μs
Min = 9.777 μs, Q1 = 9.789 μs, Median = 10.528 μs, Q3 = 10.548 μs, Max = 10.594 μs
IQR = 0.758 μs, LowerFence = 8.652 μs, UpperFence = 11.685 μs
ConfidenceInterval = [9.920 μs; 10.647 μs] (CI 99.9%), Margin = 0.363 μs (3.53% of Mean)
Skewness = -0.63, Kurtosis = 1.4, MValue = 2.91

// ** Remained 3 (42.9%) benchmark(s) to run. Estimated finish 2026-09-18 1:56 (0h 0m from now) **
// **************************
// Benchmark: LaneApply.WavesForward: Job-TZECNT(IterationCount=16, IterationTime=200ms, WarmupCount=8) [Rows=100000]
// *** Execute ***
// Launch: 1 / 1
// Execute: dotnet ValuePoolFormat-Job-TZECNT-1.dll --anonymousPipes 144 145 --benchmarkName "Tl.ValuePoolFormat.LaneApply.WavesForward(Rows: 100000)" --job "IterationCount=16, IterationTime=200ms, WarmupCount=8" --benchmarkId 4 in /home/i/GitHub/tl-perf168/benchmarks/ValuePoolFormat/bin/Release/net10.0/ValuePoolFormat-Job-TZECNT-1/bin/Release/net10.0
// Failed to set up high priority (Permission denied). In order to run benchmarks with high priority, make sure you have the right permissions.
// BeforeAnythingElse

// Benchmark Process Environment Information:
// BenchmarkDotNet v0.15.8
// Runtime=.NET 10.0.12 (10.0.12, 10.0.1226.42308), X64 RyuJIT x86-64-v3
// GC=Concurrent Workstation
// HardwareIntrinsics=AVX2+BMI1+BMI2+F16C+FMA+LZCNT+MOVBE,AVX,SSE3+SSSE3+SSE4.1+SSE4.2+POPCNT,X86Base+SSE+SSE2,AES+PCLMUL,AvxVnni,SERIALIZE VectorSize=256
// Job: Job-TZECNT(IterationCount=16, IterationTime=200ms, WarmupCount=8)

OverheadJitting  1: 1 op, 73101.00 ns, 73.1010 us/op
WorkloadJitting  1: 1 op, 2252534.00 ns, 2.2525 ms/op

OverheadJitting  2: 16 op, 97478.00 ns, 6.0924 us/op
WorkloadJitting  2: 16 op, 3162034.00 ns, 197.6271 us/op

WorkloadPilot    1: 16 op, 2419353.00 ns, 151.2096 us/op
WorkloadPilot    2: 1328 op, 154916561.00 ns, 116.6540 us/op
WorkloadPilot    3: 1728 op, 21918345.00 ns, 12.6842 us/op
WorkloadPilot    4: 15776 op, 190444013.00 ns, 12.0718 us/op
WorkloadPilot    5: 16576 op, 198100189.00 ns, 11.9510 us/op
WorkloadPilot    6: 16736 op, 199327183.00 ns, 11.9101 us/op
WorkloadPilot    7: 16800 op, 199984105.00 ns, 11.9038 us/op
WorkloadPilot    8: 16816 op, 199200208.00 ns, 11.8459 us/op
WorkloadPilot    9: 16896 op, 197009657.00 ns, 11.6601 us/op
WorkloadPilot   10: 17152 op, 204104132.00 ns, 11.8997 us/op
WorkloadPilot   11: 16816 op, 209664889.00 ns, 12.4682 us/op
WorkloadPilot   12: 16048 op, 202286732.00 ns, 12.6051 us/op

OverheadWarmup   1: 16048 op, 30039.00 ns, 1.8718 ns/op
OverheadWarmup   2: 16048 op, 29276.00 ns, 1.8243 ns/op
OverheadWarmup   3: 16048 op, 29272.00 ns, 1.8240 ns/op
OverheadWarmup   4: 16048 op, 29171.00 ns, 1.8177 ns/op
OverheadWarmup   5: 16048 op, 29267.00 ns, 1.8237 ns/op
OverheadWarmup   6: 16048 op, 29120.00 ns, 1.8146 ns/op
OverheadWarmup   7: 16048 op, 29096.00 ns, 1.8131 ns/op
OverheadWarmup   8: 16048 op, 29087.00 ns, 1.8125 ns/op
OverheadWarmup   9: 16048 op, 29175.00 ns, 1.8180 ns/op
OverheadWarmup  10: 16048 op, 29110.00 ns, 1.8139 ns/op

OverheadActual   1: 16048 op, 29427.00 ns, 1.8337 ns/op
OverheadActual   2: 16048 op, 29322.00 ns, 1.8271 ns/op
OverheadActual   3: 16048 op, 33827.00 ns, 2.1079 ns/op
OverheadActual   4: 16048 op, 29126.00 ns, 1.8149 ns/op
OverheadActual   5: 16048 op, 29438.00 ns, 1.8344 ns/op
OverheadActual   6: 16048 op, 29206.00 ns, 1.8199 ns/op
OverheadActual   7: 16048 op, 29514.00 ns, 1.8391 ns/op
OverheadActual   8: 16048 op, 29103.00 ns, 1.8135 ns/op
OverheadActual   9: 16048 op, 29089.00 ns, 1.8126 ns/op
OverheadActual  10: 16048 op, 29199.00 ns, 1.8195 ns/op
OverheadActual  11: 16048 op, 29229.00 ns, 1.8213 ns/op
OverheadActual  12: 16048 op, 29108.00 ns, 1.8138 ns/op
OverheadActual  13: 16048 op, 29097.00 ns, 1.8131 ns/op
OverheadActual  14: 16048 op, 29206.00 ns, 1.8199 ns/op
OverheadActual  15: 16048 op, 29244.00 ns, 1.8223 ns/op

WorkloadWarmup   1: 16048 op, 194973707.00 ns, 12.1494 us/op
WorkloadWarmup   2: 16048 op, 189392110.00 ns, 11.8016 us/op
WorkloadWarmup   3: 16048 op, 191889119.00 ns, 11.9572 us/op
WorkloadWarmup   4: 16048 op, 189850472.00 ns, 11.8302 us/op
WorkloadWarmup   5: 16048 op, 201164206.00 ns, 12.5352 us/op
WorkloadWarmup   6: 16048 op, 197064100.00 ns, 12.2797 us/op
WorkloadWarmup   7: 16048 op, 199106763.00 ns, 12.4070 us/op
WorkloadWarmup   8: 16048 op, 194660968.00 ns, 12.1299 us/op

// BeforeActualRun
WorkloadActual   1: 16048 op, 188652795.00 ns, 11.7555 us/op
WorkloadActual   2: 16048 op, 192685280.00 ns, 12.0068 us/op
WorkloadActual   3: 16048 op, 193765567.00 ns, 12.0741 us/op
WorkloadActual   4: 16048 op, 190313619.00 ns, 11.8590 us/op
WorkloadActual   5: 16048 op, 191927344.00 ns, 11.9596 us/op
WorkloadActual   6: 16048 op, 188272471.00 ns, 11.7318 us/op
WorkloadActual   7: 16048 op, 192399506.00 ns, 11.9890 us/op
WorkloadActual   8: 16048 op, 195030309.00 ns, 12.1529 us/op
WorkloadActual   9: 16048 op, 191891614.00 ns, 11.9574 us/op
WorkloadActual  10: 16048 op, 196134836.00 ns, 12.2218 us/op
WorkloadActual  11: 16048 op, 197512048.00 ns, 12.3076 us/op
WorkloadActual  12: 16048 op, 190825656.00 ns, 11.8909 us/op
WorkloadActual  13: 16048 op, 188436310.00 ns, 11.7420 us/op
WorkloadActual  14: 16048 op, 194326344.00 ns, 12.1091 us/op
WorkloadActual  15: 16048 op, 196163712.00 ns, 12.2236 us/op
WorkloadActual  16: 16048 op, 191344846.00 ns, 11.9233 us/op

// AfterActualRun
WorkloadResult   1: 16048 op, 188623589.00 ns, 11.7537 us/op
WorkloadResult   2: 16048 op, 192656074.00 ns, 12.0050 us/op
WorkloadResult   3: 16048 op, 193736361.00 ns, 12.0723 us/op
WorkloadResult   4: 16048 op, 190284413.00 ns, 11.8572 us/op
WorkloadResult   5: 16048 op, 191898138.00 ns, 11.9578 us/op
WorkloadResult   6: 16048 op, 188243265.00 ns, 11.7300 us/op
WorkloadResult   7: 16048 op, 192370300.00 ns, 11.9872 us/op
WorkloadResult   8: 16048 op, 195001103.00 ns, 12.1511 us/op
WorkloadResult   9: 16048 op, 191862408.00 ns, 11.9555 us/op
WorkloadResult  10: 16048 op, 196105630.00 ns, 12.2199 us/op
WorkloadResult  11: 16048 op, 197482842.00 ns, 12.3058 us/op
WorkloadResult  12: 16048 op, 190796450.00 ns, 11.8891 us/op
WorkloadResult  13: 16048 op, 188407104.00 ns, 11.7402 us/op
WorkloadResult  14: 16048 op, 194297138.00 ns, 12.1072 us/op
WorkloadResult  15: 16048 op, 196134506.00 ns, 12.2217 us/op
WorkloadResult  16: 16048 op, 191315640.00 ns, 11.9215 us/op
// GC:  0 0 0 0 16048
// Threading:  0 0 16048

// AfterAll
// Benchmark Process 33549 has exited with code 0.

Mean = 11.992 μs, StdErr = 0.044 μs (0.37%), N = 16, StdDev = 0.178 μs
Min = 11.730 μs, Q1 = 11.881 μs, Median = 11.972 μs, Q3 = 12.118 μs, Max = 12.306 μs
IQR = 0.237 μs, LowerFence = 11.526 μs, UpperFence = 12.474 μs
ConfidenceInterval = [11.811 μs; 12.173 μs] (CI 99.9%), Margin = 0.181 μs (1.51% of Mean)
Skewness = 0.1, Kurtosis = 1.78, MValue = 2

// ** Remained 2 (28.6%) benchmark(s) to run. Estimated finish 2026-09-18 1:56 (0h 0m from now) **
// **************************
// Benchmark: LaneApply.StaggeredForward: Job-TZECNT(IterationCount=16, IterationTime=200ms, WarmupCount=8) [Rows=100000]
// *** Execute ***
// Launch: 1 / 1
// Execute: dotnet ValuePoolFormat-Job-TZECNT-1.dll --anonymousPipes 144 145 --benchmarkName "Tl.ValuePoolFormat.LaneApply.StaggeredForward(Rows: 100000)" --job "IterationCount=16, IterationTime=200ms, WarmupCount=8" --benchmarkId 5 in /home/i/GitHub/tl-perf168/benchmarks/ValuePoolFormat/bin/Release/net10.0/ValuePoolFormat-Job-TZECNT-1/bin/Release/net10.0
// Failed to set up high priority (Permission denied). In order to run benchmarks with high priority, make sure you have the right permissions.
// BeforeAnythingElse

// Benchmark Process Environment Information:
// BenchmarkDotNet v0.15.8
// Runtime=.NET 10.0.12 (10.0.12, 10.0.1226.42308), X64 RyuJIT x86-64-v3
// GC=Concurrent Workstation
// HardwareIntrinsics=AVX2+BMI1+BMI2+F16C+FMA+LZCNT+MOVBE,AVX,SSE3+SSSE3+SSE4.1+SSE4.2+POPCNT,X86Base+SSE+SSE2,AES+PCLMUL,AvxVnni,SERIALIZE VectorSize=256
// Job: Job-TZECNT(IterationCount=16, IterationTime=200ms, WarmupCount=8)

OverheadJitting  1: 1 op, 75573.00 ns, 75.5730 us/op
WorkloadJitting  1: 1 op, 2476049.00 ns, 2.4760 ms/op

OverheadJitting  2: 16 op, 99498.00 ns, 6.2186 us/op
WorkloadJitting  2: 16 op, 598653.00 ns, 37.4158 us/op

WorkloadPilot    1: 16 op, 440503.00 ns, 27.5314 us/op
WorkloadPilot    2: 7264 op, 158066279.00 ns, 21.7602 us/op
WorkloadPilot    3: 9200 op, 149908767.00 ns, 16.2944 us/op
WorkloadPilot    4: 12288 op, 205354889.00 ns, 16.7118 us/op
WorkloadPilot    5: 11968 op, 228230176.00 ns, 19.0700 us/op
WorkloadPilot    6: 10496 op, 200140322.00 ns, 19.0682 us/op

OverheadWarmup   1: 10496 op, 19989.00 ns, 1.9044 ns/op
OverheadWarmup   2: 10496 op, 19154.00 ns, 1.8249 ns/op
OverheadWarmup   3: 10496 op, 19225.00 ns, 1.8317 ns/op
OverheadWarmup   4: 10496 op, 19087.00 ns, 1.8185 ns/op
OverheadWarmup   5: 10496 op, 19126.00 ns, 1.8222 ns/op
OverheadWarmup   6: 10496 op, 19074.00 ns, 1.8173 ns/op

OverheadActual   1: 10496 op, 19493.00 ns, 1.8572 ns/op
OverheadActual   2: 10496 op, 19389.00 ns, 1.8473 ns/op
OverheadActual   3: 10496 op, 19375.00 ns, 1.8459 ns/op
OverheadActual   4: 10496 op, 19256.00 ns, 1.8346 ns/op
OverheadActual   5: 10496 op, 19332.00 ns, 1.8418 ns/op
OverheadActual   6: 10496 op, 19191.00 ns, 1.8284 ns/op
OverheadActual   7: 10496 op, 19275.00 ns, 1.8364 ns/op
OverheadActual   8: 10496 op, 19095.00 ns, 1.8193 ns/op
OverheadActual   9: 10496 op, 19095.00 ns, 1.8193 ns/op
OverheadActual  10: 10496 op, 19100.00 ns, 1.8197 ns/op
OverheadActual  11: 10496 op, 19091.00 ns, 1.8189 ns/op
OverheadActual  12: 10496 op, 19131.00 ns, 1.8227 ns/op
OverheadActual  13: 10496 op, 19212.00 ns, 1.8304 ns/op
OverheadActual  14: 10496 op, 19074.00 ns, 1.8173 ns/op
OverheadActual  15: 10496 op, 19074.00 ns, 1.8173 ns/op

WorkloadWarmup   1: 10496 op, 193589194.00 ns, 18.4441 us/op
WorkloadWarmup   2: 10496 op, 168894013.00 ns, 16.0913 us/op
WorkloadWarmup   3: 10496 op, 178832018.00 ns, 17.0381 us/op
WorkloadWarmup   4: 10496 op, 168774195.00 ns, 16.0799 us/op
WorkloadWarmup   5: 10496 op, 169401585.00 ns, 16.1396 us/op
WorkloadWarmup   6: 10496 op, 168938161.00 ns, 16.0955 us/op
WorkloadWarmup   7: 10496 op, 169347392.00 ns, 16.1345 us/op
WorkloadWarmup   8: 10496 op, 169294051.00 ns, 16.1294 us/op

// BeforeActualRun
WorkloadActual   1: 10496 op, 169043022.00 ns, 16.1055 us/op
WorkloadActual   2: 10496 op, 169354537.00 ns, 16.1352 us/op
WorkloadActual   3: 10496 op, 169423458.00 ns, 16.1417 us/op
WorkloadActual   4: 10496 op, 168960632.00 ns, 16.0976 us/op
WorkloadActual   5: 10496 op, 169347216.00 ns, 16.1345 us/op
WorkloadActual   6: 10496 op, 169183951.00 ns, 16.1189 us/op
WorkloadActual   7: 10496 op, 168969884.00 ns, 16.0985 us/op
WorkloadActual   8: 10496 op, 168837497.00 ns, 16.0859 us/op
WorkloadActual   9: 10496 op, 168766942.00 ns, 16.0792 us/op
WorkloadActual  10: 10496 op, 169362758.00 ns, 16.1359 us/op
WorkloadActual  11: 10496 op, 169687861.00 ns, 16.1669 us/op
WorkloadActual  12: 10496 op, 169035187.00 ns, 16.1047 us/op
WorkloadActual  13: 10496 op, 168951121.00 ns, 16.0967 us/op
WorkloadActual  14: 10496 op, 168897465.00 ns, 16.0916 us/op
WorkloadActual  15: 10496 op, 169255494.00 ns, 16.1257 us/op
WorkloadActual  16: 10496 op, 168904003.00 ns, 16.0922 us/op

// AfterActualRun
WorkloadResult   1: 10496 op, 169023831.00 ns, 16.1036 us/op
WorkloadResult   2: 10496 op, 169335346.00 ns, 16.1333 us/op
WorkloadResult   3: 10496 op, 169404267.00 ns, 16.1399 us/op
WorkloadResult   4: 10496 op, 168941441.00 ns, 16.0958 us/op
WorkloadResult   5: 10496 op, 169328025.00 ns, 16.1326 us/op
WorkloadResult   6: 10496 op, 169164760.00 ns, 16.1171 us/op
WorkloadResult   7: 10496 op, 168950693.00 ns, 16.0967 us/op
WorkloadResult   8: 10496 op, 168818306.00 ns, 16.0841 us/op
WorkloadResult   9: 10496 op, 168747751.00 ns, 16.0773 us/op
WorkloadResult  10: 10496 op, 169343567.00 ns, 16.1341 us/op
WorkloadResult  11: 10496 op, 169668670.00 ns, 16.1651 us/op
WorkloadResult  12: 10496 op, 169015996.00 ns, 16.1029 us/op
WorkloadResult  13: 10496 op, 168931930.00 ns, 16.0949 us/op
WorkloadResult  14: 10496 op, 168878274.00 ns, 16.0898 us/op
WorkloadResult  15: 10496 op, 169236303.00 ns, 16.1239 us/op
WorkloadResult  16: 10496 op, 168884812.00 ns, 16.0904 us/op
// GC:  0 0 0 0 10496
// Threading:  0 0 10496

// AfterAll
// Benchmark Process 33564 has exited with code 0.

Mean = 16.111 μs, StdErr = 0.006 μs (0.04%), N = 16, StdDev = 0.025 μs
Min = 16.077 μs, Q1 = 16.094 μs, Median = 16.103 μs, Q3 = 16.133 μs, Max = 16.165 μs
IQR = 0.039 μs, LowerFence = 16.035 μs, UpperFence = 16.191 μs
ConfidenceInterval = [16.086 μs; 16.136 μs] (CI 99.9%), Margin = 0.025 μs (0.15% of Mean)
Skewness = 0.52, Kurtosis = 2.12, MValue = 2

// ** Remained 1 (14.3%) benchmark(s) to run. Estimated finish 2026-09-18 1:56 (0h 0m from now) **
// **************************
// Benchmark: LaneApply.UniformBackward: Job-TZECNT(IterationCount=16, IterationTime=200ms, WarmupCount=8) [Rows=100000]
// *** Execute ***
// Launch: 1 / 1
// Execute: dotnet ValuePoolFormat-Job-TZECNT-1.dll --anonymousPipes 144 145 --benchmarkName "Tl.ValuePoolFormat.LaneApply.UniformBackward(Rows: 100000)" --job "IterationCount=16, IterationTime=200ms, WarmupCount=8" --benchmarkId 6 in /home/i/GitHub/tl-perf168/benchmarks/ValuePoolFormat/bin/Release/net10.0/ValuePoolFormat-Job-TZECNT-1/bin/Release/net10.0
// Failed to set up high priority (Permission denied). In order to run benchmarks with high priority, make sure you have the right permissions.
// BeforeAnythingElse

// Benchmark Process Environment Information:
// BenchmarkDotNet v0.15.8
// Runtime=.NET 10.0.12 (10.0.12, 10.0.1226.42308), X64 RyuJIT x86-64-v3
// GC=Concurrent Workstation
// HardwareIntrinsics=AVX2+BMI1+BMI2+F16C+FMA+LZCNT+MOVBE,AVX,SSE3+SSSE3+SSE4.1+SSE4.2+POPCNT,X86Base+SSE+SSE2,AES+PCLMUL,AvxVnni,SERIALIZE VectorSize=256
// Job: Job-TZECNT(IterationCount=16, IterationTime=200ms, WarmupCount=8)

OverheadJitting  1: 1 op, 91964.00 ns, 91.9640 us/op
WorkloadJitting  1: 1 op, 2535892.00 ns, 2.5359 ms/op

OverheadJitting  2: 16 op, 102050.00 ns, 6.3781 us/op
WorkloadJitting  2: 16 op, 1091371.00 ns, 68.2107 us/op

WorkloadPilot    1: 16 op, 450584.00 ns, 28.1615 us/op
WorkloadPilot    2: 7104 op, 152507869.00 ns, 21.4679 us/op
WorkloadPilot    3: 9328 op, 97613251.00 ns, 10.4645 us/op
WorkloadPilot    4: 19120 op, 187409896.00 ns, 9.8018 us/op
WorkloadPilot    5: 20416 op, 199932293.00 ns, 9.7929 us/op
WorkloadPilot    6: 20432 op, 209856132.00 ns, 10.2710 us/op
WorkloadPilot    7: 19472 op, 205361475.00 ns, 10.5465 us/op
WorkloadPilot    8: 18976 op, 199746196.00 ns, 10.5263 us/op
WorkloadPilot    9: 19008 op, 199914972.00 ns, 10.5174 us/op
WorkloadPilot   10: 19024 op, 200678452.00 ns, 10.5487 us/op

OverheadWarmup   1: 19024 op, 38097.00 ns, 2.0026 ns/op
OverheadWarmup   2: 19024 op, 34693.00 ns, 1.8236 ns/op
OverheadWarmup   3: 19024 op, 34687.00 ns, 1.8233 ns/op
OverheadWarmup   4: 19024 op, 34651.00 ns, 1.8214 ns/op
OverheadWarmup   5: 19024 op, 34724.00 ns, 1.8253 ns/op
OverheadWarmup   6: 19024 op, 34497.00 ns, 1.8133 ns/op
OverheadWarmup   7: 19024 op, 34706.00 ns, 1.8243 ns/op
OverheadWarmup   8: 19024 op, 34491.00 ns, 1.8130 ns/op

OverheadActual   1: 19024 op, 34833.00 ns, 1.8310 ns/op
OverheadActual   2: 19024 op, 34738.00 ns, 1.8260 ns/op
OverheadActual   3: 19024 op, 35102.00 ns, 1.8451 ns/op
OverheadActual   4: 19024 op, 34543.00 ns, 1.8158 ns/op
OverheadActual   5: 19024 op, 34704.00 ns, 1.8242 ns/op
OverheadActual   6: 19024 op, 34803.00 ns, 1.8294 ns/op
OverheadActual   7: 19024 op, 34511.00 ns, 1.8141 ns/op
OverheadActual   8: 19024 op, 34495.00 ns, 1.8132 ns/op
OverheadActual   9: 19024 op, 34495.00 ns, 1.8132 ns/op
OverheadActual  10: 19024 op, 37037.00 ns, 1.9469 ns/op
OverheadActual  11: 19024 op, 34494.00 ns, 1.8132 ns/op
OverheadActual  12: 19024 op, 34505.00 ns, 1.8138 ns/op
OverheadActual  13: 19024 op, 34600.00 ns, 1.8188 ns/op
OverheadActual  14: 19024 op, 34481.00 ns, 1.8125 ns/op
OverheadActual  15: 19024 op, 34511.00 ns, 1.8141 ns/op

WorkloadWarmup   1: 19024 op, 186476869.00 ns, 9.8022 us/op
WorkloadWarmup   2: 19024 op, 200507093.00 ns, 10.5397 us/op
WorkloadWarmup   3: 19024 op, 201787191.00 ns, 10.6070 us/op
WorkloadWarmup   4: 19024 op, 199941954.00 ns, 10.5100 us/op
WorkloadWarmup   5: 19024 op, 185920305.00 ns, 9.7729 us/op
WorkloadWarmup   6: 19024 op, 196071838.00 ns, 10.3066 us/op
WorkloadWarmup   7: 19024 op, 198393766.00 ns, 10.4286 us/op
WorkloadWarmup   8: 19024 op, 200494806.00 ns, 10.5390 us/op

// BeforeActualRun
WorkloadActual   1: 19024 op, 200289830.00 ns, 10.5283 us/op
WorkloadActual   2: 19024 op, 200199174.00 ns, 10.5235 us/op
WorkloadActual   3: 19024 op, 200642363.00 ns, 10.5468 us/op
WorkloadActual   4: 19024 op, 200600496.00 ns, 10.5446 us/op
WorkloadActual   5: 19024 op, 200803814.00 ns, 10.5553 us/op
WorkloadActual   6: 19024 op, 200566051.00 ns, 10.5428 us/op
WorkloadActual   7: 19024 op, 200411139.00 ns, 10.5346 us/op
WorkloadActual   8: 19024 op, 200304815.00 ns, 10.5291 us/op
WorkloadActual   9: 19024 op, 198292295.00 ns, 10.4233 us/op
WorkloadActual  10: 19024 op, 186093791.00 ns, 9.7821 us/op
WorkloadActual  11: 19024 op, 186255451.00 ns, 9.7906 us/op
WorkloadActual  12: 19024 op, 185961532.00 ns, 9.7751 us/op
WorkloadActual  13: 19024 op, 193144512.00 ns, 10.1527 us/op
WorkloadActual  14: 19024 op, 200915323.00 ns, 10.5612 us/op
WorkloadActual  15: 19024 op, 200557548.00 ns, 10.5423 us/op
WorkloadActual  16: 19024 op, 200407930.00 ns, 10.5345 us/op

// AfterActualRun
WorkloadResult   1: 19024 op, 200255287.00 ns, 10.5265 us/op
WorkloadResult   2: 19024 op, 200164631.00 ns, 10.5217 us/op
WorkloadResult   3: 19024 op, 200607820.00 ns, 10.5450 us/op
WorkloadResult   4: 19024 op, 200565953.00 ns, 10.5428 us/op
WorkloadResult   5: 19024 op, 200769271.00 ns, 10.5535 us/op
WorkloadResult   6: 19024 op, 200531508.00 ns, 10.5410 us/op
WorkloadResult   7: 19024 op, 200376596.00 ns, 10.5328 us/op
WorkloadResult   8: 19024 op, 200270272.00 ns, 10.5272 us/op
WorkloadResult   9: 19024 op, 198257752.00 ns, 10.4215 us/op
WorkloadResult  10: 19024 op, 186059248.00 ns, 9.7802 us/op
WorkloadResult  11: 19024 op, 186220908.00 ns, 9.7887 us/op
WorkloadResult  12: 19024 op, 185926989.00 ns, 9.7733 us/op
WorkloadResult  13: 19024 op, 193109969.00 ns, 10.1509 us/op
WorkloadResult  14: 19024 op, 200880780.00 ns, 10.5593 us/op
WorkloadResult  15: 19024 op, 200523005.00 ns, 10.5405 us/op
WorkloadResult  16: 19024 op, 200373387.00 ns, 10.5327 us/op
// GC:  0 0 0 0 19024
// Threading:  0 0 19024

// AfterAll
// Benchmark Process 33574 has exited with code 0.

Mean = 10.365 μs, StdErr = 0.077 μs (0.74%), N = 16, StdDev = 0.306 μs
Min = 9.773 μs, Q1 = 10.354 μs, Median = 10.530 μs, Q3 = 10.541 μs, Max = 10.559 μs
IQR = 0.188 μs, LowerFence = 10.072 μs, UpperFence = 10.823 μs
ConfidenceInterval = [10.053 μs; 10.677 μs] (CI 99.9%), Margin = 0.312 μs (3.01% of Mean)
Skewness = -1.2, Kurtosis = 2.58, MValue = 2

// ** Remained 0 (0.0%) benchmark(s) to run. Estimated finish 2026-09-18 1:56 (0h 0m from now) **
// ***** BenchmarkRunner: Finish  *****

// * Export *
  benchmarks/ValuePoolFormat/results/168ab-cand/results/Tl.ValuePoolFormat.LaneApply-report-full.json

// * Detailed results *
LaneApply.UniformForward: Job-TZECNT(IterationCount=16, IterationTime=200ms, WarmupCount=8) [Rows=100000]
Runtime = .NET 10.0.12 (10.0.12, 10.0.1226.42308), X64 RyuJIT x86-64-v3; GC = Concurrent Workstation
Mean = 10.283 μs, StdErr = 0.089 μs (0.87%), N = 16, StdDev = 0.357 μs
Min = 9.777 μs, Q1 = 9.789 μs, Median = 10.528 μs, Q3 = 10.548 μs, Max = 10.594 μs
IQR = 0.758 μs, LowerFence = 8.652 μs, UpperFence = 11.685 μs
ConfidenceInterval = [9.920 μs; 10.647 μs] (CI 99.9%), Margin = 0.363 μs (3.53% of Mean)
Skewness = -0.63, Kurtosis = 1.4, MValue = 2.91
-------------------- Histogram --------------------
[ 9.591 μs ;  9.971 μs) | @@@@@
[ 9.971 μs ; 10.275 μs) | 
[10.275 μs ; 10.647 μs) | @@@@@@@@@@@
---------------------------------------------------

LaneApply.WavesForward: Job-TZECNT(IterationCount=16, IterationTime=200ms, WarmupCount=8) [Rows=100000]
Runtime = .NET 10.0.12 (10.0.12, 10.0.1226.42308), X64 RyuJIT x86-64-v3; GC = Concurrent Workstation
Mean = 11.992 μs, StdErr = 0.044 μs (0.37%), N = 16, StdDev = 0.178 μs
Min = 11.730 μs, Q1 = 11.881 μs, Median = 11.972 μs, Q3 = 12.118 μs, Max = 12.306 μs
IQR = 0.237 μs, LowerFence = 11.526 μs, UpperFence = 12.474 μs
ConfidenceInterval = [11.811 μs; 12.173 μs] (CI 99.9%), Margin = 0.181 μs (1.51% of Mean)
Skewness = 0.1, Kurtosis = 1.78, MValue = 2
-------------------- Histogram --------------------
[11.637 μs ; 12.050 μs) | @@@@@@@@@@
[12.050 μs ; 12.398 μs) | @@@@@@
---------------------------------------------------

LaneApply.StaggeredForward: Job-TZECNT(IterationCount=16, IterationTime=200ms, WarmupCount=8) [Rows=100000]
Runtime = .NET 10.0.12 (10.0.12, 10.0.1226.42308), X64 RyuJIT x86-64-v3; GC = Concurrent Workstation
Mean = 16.111 μs, StdErr = 0.006 μs (0.04%), N = 16, StdDev = 0.025 μs
Min = 16.077 μs, Q1 = 16.094 μs, Median = 16.103 μs, Q3 = 16.133 μs, Max = 16.165 μs
IQR = 0.039 μs, LowerFence = 16.035 μs, UpperFence = 16.191 μs
ConfidenceInterval = [16.086 μs; 16.136 μs] (CI 99.9%), Margin = 0.025 μs (0.15% of Mean)
Skewness = 0.52, Kurtosis = 2.12, MValue = 2
-------------------- Histogram --------------------
[16.065 μs ; 16.178 μs) | @@@@@@@@@@@@@@@@
---------------------------------------------------

LaneApply.UniformBackward: Job-TZECNT(IterationCount=16, IterationTime=200ms, WarmupCount=8) [Rows=100000]
Runtime = .NET 10.0.12 (10.0.12, 10.0.1226.42308), X64 RyuJIT x86-64-v3; GC = Concurrent Workstation
Mean = 10.365 μs, StdErr = 0.077 μs (0.74%), N = 16, StdDev = 0.306 μs
Min = 9.773 μs, Q1 = 10.354 μs, Median = 10.530 μs, Q3 = 10.541 μs, Max = 10.559 μs
IQR = 0.188 μs, LowerFence = 10.072 μs, UpperFence = 10.823 μs
ConfidenceInterval = [10.053 μs; 10.677 μs] (CI 99.9%), Margin = 0.312 μs (3.01% of Mean)
Skewness = -1.2, Kurtosis = 2.58, MValue = 2
-------------------- Histogram --------------------
[ 9.614 μs ;  9.991 μs) | @@@
[ 9.991 μs ; 10.331 μs) | @
[10.331 μs ; 10.650 μs) | @@@@@@@@@@@@
---------------------------------------------------

// * Summary *

BenchmarkDotNet v0.15.8, Linux Omarchy
Intel Core i9-14900K 0.80GHz, 1 CPU, 32 logical and 24 physical cores
.NET SDK 10.0.401
  [Host]     : .NET 10.0.12 (10.0.12, 10.0.1226.42308), X64 RyuJIT x86-64-v3
  Job-TZECNT : .NET 10.0.12 (10.0.12, 10.0.1226.42308), X64 RyuJIT x86-64-v3

IterationCount=16  IterationTime=200ms  WarmupCount=8  

| Method           | Rows   | Mean     | Error    | StdDev   | Median   | Min       | Max      | P90      | Allocated |
|----------------- |------- |---------:|---------:|---------:|---------:|----------:|---------:|---------:|----------:|
| UniformForward   | 100000 | 10.28 μs | 0.363 μs | 0.357 μs | 10.53 μs |  9.777 μs | 10.59 μs | 10.56 μs |         - |
| WavesForward     | 100000 | 11.99 μs | 0.181 μs | 0.178 μs | 11.97 μs | 11.730 μs | 12.31 μs | 12.22 μs |         - |
| StaggeredForward | 100000 | 16.11 μs | 0.025 μs | 0.025 μs | 16.10 μs | 16.077 μs | 16.17 μs | 16.14 μs |         - |
| UniformBackward  | 100000 | 10.36 μs | 0.312 μs | 0.306 μs | 10.53 μs |  9.773 μs | 10.56 μs | 10.55 μs |         - |

// * Legends *
  Rows      : Value of the 'Rows' parameter
  Mean      : Arithmetic mean of all measurements
  Error     : Half of 99.9% confidence interval
  StdDev    : Standard deviation of all measurements
  Median    : Value separating the higher half of all measurements (50th percentile)
  Min       : Minimum
  Max       : Maximum
  P90       : Percentile 90
  Allocated : Allocated memory per single operation (managed only, inclusive, 1KB = 1024B)
  1 μs      : 1 Microsecond (0.000001 sec)

// * Diagnostic Output - MemoryDiagnoser *


// ***** BenchmarkRunner: End *****
Run time: 00:00:25 (25.3 sec), executed benchmarks: 4

Global total time: 00:00:43 (43.85 sec), executed benchmarks: 7
// * Artifacts cleanup *
Artifacts cleanup is finished
