// Validating benchmarks:
// ***** BenchmarkRunner: Start   *****
// ***** Found 14 benchmark(s) in total *****
// ***** Building 2 exe(s) in Parallel: Start   *****
// ***** Done, took 00:00:04 (4.58 sec)   *****
// Found 14 benchmarks:
//   PairHandleBenchmarks.Advance: Job-TZECNT(IterationCount=16, IterationTime=200ms, WarmupCount=8) [Shape=LaneUniform]
//   PairHandleBenchmarks.Advance: InProcess(Toolchain=InProcessEmitToolchain) [Shape=LaneUniform]
//   PairHandleBenchmarks.Advance: Job-TZECNT(IterationCount=16, IterationTime=200ms, WarmupCount=8) [Shape=PairOne]
//   PairHandleBenchmarks.Advance: InProcess(Toolchain=InProcessEmitToolchain) [Shape=PairOne]
//   PairHandleBenchmarks.Advance: Job-TZECNT(IterationCount=16, IterationTime=200ms, WarmupCount=8) [Shape=PairRuns8]
//   PairHandleBenchmarks.Advance: InProcess(Toolchain=InProcessEmitToolchain) [Shape=PairRuns8]
//   PairHandleBenchmarks.Advance: Job-TZECNT(IterationCount=16, IterationTime=200ms, WarmupCount=8) [Shape=PairAlternating8]
//   PairHandleBenchmarks.Advance: InProcess(Toolchain=InProcessEmitToolchain) [Shape=PairAlternating8]
//   PairHandleBenchmarks.Advance: Job-TZECNT(IterationCount=16, IterationTime=200ms, WarmupCount=8) [Shape=PairRuns8Waves]
//   PairHandleBenchmarks.Advance: InProcess(Toolchain=InProcessEmitToolchain) [Shape=PairRuns8Waves]
//   PairHandleBenchmarks.Advance: Job-TZECNT(IterationCount=16, IterationTime=200ms, WarmupCount=8) [Shape=PairBlocks8Waves]
//   PairHandleBenchmarks.Advance: InProcess(Toolchain=InProcessEmitToolchain) [Shape=PairBlocks8Waves]
//   PairHandleBenchmarks.Advance: Job-TZECNT(IterationCount=16, IterationTime=200ms, WarmupCount=8) [Shape=PairA(...)Waves [21]]
//   PairHandleBenchmarks.Advance: InProcess(Toolchain=InProcessEmitToolchain) [Shape=PairA(...)Waves [21]]

// **************************
// Benchmark: PairHandleBenchmarks.Advance: Job-TZECNT(IterationCount=16, IterationTime=200ms, WarmupCount=8) [Shape=LaneUniform]
// *** Execute ***
// Launch: 1 / 1
// Execute: dotnet PairHandles-Job-TZECNT-1.dll --anonymousPipes 138 139 --benchmarkName "PairHandles.PairHandleBenchmarks.Advance(Shape: LaneUniform)" --job "IterationCount=16, IterationTime=200ms, WarmupCount=8" --benchmarkId 0 in /home/i/GitHub/tl-w351/benchmarks/PairHandles/bin/Release/net10.0/PairHandles-Job-TZECNT-1/bin/Release/net10.0
// Failed to set up high priority (Permission denied). In order to run benchmarks with high priority, make sure you have the right permissions.
// BeforeAnythingElse

// Benchmark Process Environment Information:
// BenchmarkDotNet v0.15.8
// Runtime=.NET 10.0.12 (10.0.12, 10.0.1226.42308), X64 RyuJIT x86-64-v3
// GC=Concurrent Workstation
// HardwareIntrinsics=AVX2+BMI1+BMI2+F16C+FMA+LZCNT+MOVBE,AVX,SSE3+SSSE3+SSE4.1+SSE4.2+POPCNT,X86Base+SSE+SSE2,AES+PCLMUL,AvxVnni,SERIALIZE VectorSize=256
// Job: Job-TZECNT(IterationCount=16, IterationTime=200ms, WarmupCount=8)

OverheadJitting  1: 1 op, 77551.00 ns, 77.5510 us/op
WorkloadJitting  1: 1 op, 10507682.00 ns, 10.5077 ms/op

OverheadJitting  2: 16 op, 126906.00 ns, 7.9316 us/op
WorkloadJitting  2: 16 op, 730726.00 ns, 45.6704 us/op

WorkloadPilot    1: 16 op, 588476.00 ns, 36.7798 us/op
WorkloadPilot    2: 5440 op, 184725581.00 ns, 33.9569 us/op
WorkloadPilot    3: 5904 op, 200377931.00 ns, 33.9394 us/op

OverheadWarmup   1: 5904 op, 7958.00 ns, 1.3479 ns/op
OverheadWarmup   2: 5904 op, 7689.00 ns, 1.3023 ns/op
OverheadWarmup   3: 5904 op, 7645.00 ns, 1.2949 ns/op
OverheadWarmup   4: 5904 op, 7646.00 ns, 1.2951 ns/op
OverheadWarmup   5: 5904 op, 7649.00 ns, 1.2956 ns/op
OverheadWarmup   6: 5904 op, 7655.00 ns, 1.2966 ns/op
OverheadWarmup   7: 5904 op, 7623.00 ns, 1.2912 ns/op
OverheadWarmup   8: 5904 op, 7651.00 ns, 1.2959 ns/op
OverheadWarmup   9: 5904 op, 7631.00 ns, 1.2925 ns/op

OverheadActual   1: 5904 op, 8037.00 ns, 1.3613 ns/op
OverheadActual   2: 5904 op, 7782.00 ns, 1.3181 ns/op
OverheadActual   3: 5904 op, 7807.00 ns, 1.3223 ns/op
OverheadActual   4: 5904 op, 7670.00 ns, 1.2991 ns/op
OverheadActual   5: 5904 op, 7858.00 ns, 1.3310 ns/op
OverheadActual   6: 5904 op, 7676.00 ns, 1.3001 ns/op
OverheadActual   7: 5904 op, 7621.00 ns, 1.2908 ns/op
OverheadActual   8: 5904 op, 7629.00 ns, 1.2922 ns/op
OverheadActual   9: 5904 op, 7648.00 ns, 1.2954 ns/op
OverheadActual  10: 5904 op, 7632.00 ns, 1.2927 ns/op
OverheadActual  11: 5904 op, 7617.00 ns, 1.2901 ns/op
OverheadActual  12: 5904 op, 7659.00 ns, 1.2973 ns/op
OverheadActual  13: 5904 op, 7606.00 ns, 1.2883 ns/op
OverheadActual  14: 5904 op, 7636.00 ns, 1.2934 ns/op
OverheadActual  15: 5904 op, 7663.00 ns, 1.2979 ns/op

WorkloadWarmup   1: 5904 op, 192838065.00 ns, 32.6623 us/op
WorkloadWarmup   2: 5904 op, 192781798.00 ns, 32.6527 us/op
WorkloadWarmup   3: 5904 op, 192782235.00 ns, 32.6528 us/op
WorkloadWarmup   4: 5904 op, 192975149.00 ns, 32.6855 us/op
WorkloadWarmup   5: 5904 op, 192806000.00 ns, 32.6568 us/op
WorkloadWarmup   6: 5904 op, 192940391.00 ns, 32.6796 us/op
WorkloadWarmup   7: 5904 op, 192885437.00 ns, 32.6703 us/op
WorkloadWarmup   8: 5904 op, 222229047.00 ns, 37.6404 us/op

// BeforeActualRun
WorkloadActual   1: 5904 op, 240041769.00 ns, 40.6575 us/op
WorkloadActual   2: 5904 op, 186455650.00 ns, 31.5812 us/op
WorkloadActual   3: 5904 op, 185837108.00 ns, 31.4765 us/op
WorkloadActual   4: 5904 op, 185257304.00 ns, 31.3783 us/op
WorkloadActual   5: 5904 op, 185630942.00 ns, 31.4416 us/op
WorkloadActual   6: 5904 op, 185183594.00 ns, 31.3658 us/op
WorkloadActual   7: 5904 op, 186927441.00 ns, 31.6612 us/op
WorkloadActual   8: 5904 op, 186638903.00 ns, 31.6123 us/op
WorkloadActual   9: 5904 op, 185520268.00 ns, 31.4228 us/op
WorkloadActual  10: 5904 op, 185106573.00 ns, 31.3527 us/op
WorkloadActual  11: 5904 op, 193374301.00 ns, 32.7531 us/op
WorkloadActual  12: 5904 op, 185647134.00 ns, 31.4443 us/op
WorkloadActual  13: 5904 op, 185253095.00 ns, 31.3776 us/op
WorkloadActual  14: 5904 op, 186403734.00 ns, 31.5724 us/op
WorkloadActual  15: 5904 op, 185486747.00 ns, 31.4171 us/op
WorkloadActual  16: 5904 op, 187855116.00 ns, 31.8183 us/op

// AfterActualRun
WorkloadResult   1: 5904 op, 186447991.00 ns, 31.5799 us/op
WorkloadResult   2: 5904 op, 185829449.00 ns, 31.4752 us/op
WorkloadResult   3: 5904 op, 185249645.00 ns, 31.3770 us/op
WorkloadResult   4: 5904 op, 185623283.00 ns, 31.4403 us/op
WorkloadResult   5: 5904 op, 185175935.00 ns, 31.3645 us/op
WorkloadResult   6: 5904 op, 186919782.00 ns, 31.6599 us/op
WorkloadResult   7: 5904 op, 186631244.00 ns, 31.6110 us/op
WorkloadResult   8: 5904 op, 185512609.00 ns, 31.4215 us/op
WorkloadResult   9: 5904 op, 185098914.00 ns, 31.3514 us/op
WorkloadResult  10: 5904 op, 185639475.00 ns, 31.4430 us/op
WorkloadResult  11: 5904 op, 185245436.00 ns, 31.3763 us/op
WorkloadResult  12: 5904 op, 186396075.00 ns, 31.5712 us/op
WorkloadResult  13: 5904 op, 185479088.00 ns, 31.4158 us/op
WorkloadResult  14: 5904 op, 187847457.00 ns, 31.8170 us/op
// GC:  0 0 0 0 5904
// Threading:  0 0 5904

// AfterAll
// Benchmark Process 190248 has exited with code 0.

Mean = 31.493 μs, StdErr = 0.036 μs (0.12%), N = 14, StdDev = 0.136 μs
Min = 31.351 μs, Q1 = 31.387 μs, Median = 31.442 μs, Q3 = 31.578 μs, Max = 31.817 μs
IQR = 0.191 μs, LowerFence = 31.100 μs, UpperFence = 31.864 μs
ConfidenceInterval = [31.340 μs; 31.647 μs] (CI 99.9%), Margin = 0.153 μs (0.49% of Mean)
Skewness = 0.91, Kurtosis = 2.75, MValue = 2

// ** Remained 13 (92.9 %) benchmark(s) to run. Estimated finish 2026-09-23 2:02 (0h 1m from now) **
// **************************
// Benchmark: PairHandleBenchmarks.Advance: InProcess(Toolchain=InProcessEmitToolchain) [Shape=LaneUniform]
// *** Execute ***
// Launch: 1 / 1
// ! Failed to set up priority High for process System.Diagnostics.Process (PairHandles). Make sure you have the right permissions. Message: Permission denied

// Benchmark Process Environment Information:
// BenchmarkDotNet v0.15.8
// Runtime=.NET 10.0.12 (10.0.12, 10.0.1226.42308), X64 RyuJIT x86-64-v3
// GC=Concurrent Workstation
// HardwareIntrinsics=AVX2+BMI1+BMI2+F16C+FMA+LZCNT+MOVBE,AVX,SSE3+SSSE3+SSE4.1+SSE4.2+POPCNT,X86Base+SSE+SSE2,AES+PCLMUL,AvxVnni,SERIALIZE VectorSize=256
// Job: Job-JWQWGO(Toolchain=InProcessEmitToolchain)

OverheadJitting  1: 1 op, 71748.00 ns, 71.7480 us/op
WorkloadJitting  1: 1 op, 1950107.00 ns, 1.9501 ms/op

OverheadJitting  2: 16 op, 100013.00 ns, 6.2508 us/op
WorkloadJitting  2: 16 op, 760283.00 ns, 47.5177 us/op

WorkloadPilot    1: 16 op, 554210.00 ns, 34.6381 us/op
WorkloadPilot    2: 32 op, 1057396.00 ns, 33.0436 us/op
WorkloadPilot    3: 64 op, 2127969.00 ns, 33.2495 us/op
WorkloadPilot    4: 128 op, 4222105.00 ns, 32.9852 us/op
WorkloadPilot    5: 256 op, 8393992.00 ns, 32.7890 us/op
WorkloadPilot    6: 512 op, 16793424.00 ns, 32.7997 us/op
WorkloadPilot    7: 1024 op, 33590565.00 ns, 32.8033 us/op
WorkloadPilot    8: 2048 op, 67144946.00 ns, 32.7856 us/op
WorkloadPilot    9: 4096 op, 133944991.00 ns, 32.7014 us/op
WorkloadPilot   10: 8192 op, 267971884.00 ns, 32.7114 us/op
WorkloadPilot   11: 16384 op, 536342220.00 ns, 32.7357 us/op

OverheadWarmup   1: 16384 op, 23732.00 ns, 1.4485 ns/op
OverheadWarmup   2: 16384 op, 22807.00 ns, 1.3920 ns/op
OverheadWarmup   3: 16384 op, 20111.00 ns, 1.2275 ns/op
OverheadWarmup   4: 16384 op, 20129.00 ns, 1.2286 ns/op
OverheadWarmup   5: 16384 op, 20133.00 ns, 1.2288 ns/op
OverheadWarmup   6: 16384 op, 20122.00 ns, 1.2281 ns/op
OverheadWarmup   7: 16384 op, 20125.00 ns, 1.2283 ns/op
OverheadWarmup   8: 16384 op, 20082.00 ns, 1.2257 ns/op

OverheadActual   1: 16384 op, 20190.00 ns, 1.2323 ns/op
OverheadActual   2: 16384 op, 20186.00 ns, 1.2321 ns/op
OverheadActual   3: 16384 op, 20196.00 ns, 1.2327 ns/op
OverheadActual   4: 16384 op, 20121.00 ns, 1.2281 ns/op
OverheadActual   5: 16384 op, 20184.00 ns, 1.2319 ns/op
OverheadActual   6: 16384 op, 20160.00 ns, 1.2305 ns/op
OverheadActual   7: 16384 op, 20102.00 ns, 1.2269 ns/op
OverheadActual   8: 16384 op, 20078.00 ns, 1.2255 ns/op
OverheadActual   9: 16384 op, 20069.00 ns, 1.2249 ns/op
OverheadActual  10: 16384 op, 20101.00 ns, 1.2269 ns/op
OverheadActual  11: 16384 op, 20091.00 ns, 1.2263 ns/op
OverheadActual  12: 16384 op, 20115.00 ns, 1.2277 ns/op
OverheadActual  13: 16384 op, 20074.00 ns, 1.2252 ns/op
OverheadActual  14: 16384 op, 20121.00 ns, 1.2281 ns/op
OverheadActual  15: 16384 op, 20081.00 ns, 1.2256 ns/op

WorkloadWarmup   1: 16384 op, 536669374.00 ns, 32.7557 us/op
WorkloadWarmup   2: 16384 op, 536478848.00 ns, 32.7441 us/op
WorkloadWarmup   3: 16384 op, 537606259.00 ns, 32.8129 us/op
WorkloadWarmup   4: 16384 op, 636494152.00 ns, 38.8485 us/op
WorkloadWarmup   5: 16384 op, 515927502.00 ns, 31.4897 us/op
WorkloadWarmup   6: 16384 op, 516058343.00 ns, 31.4977 us/op
WorkloadWarmup   7: 16384 op, 516185386.00 ns, 31.5055 us/op
WorkloadWarmup   8: 16384 op, 519741489.00 ns, 31.7225 us/op
WorkloadWarmup   9: 16384 op, 515407600.00 ns, 31.4580 us/op

WorkloadActual   1: 16384 op, 516507910.00 ns, 31.5251 us/op
WorkloadActual   2: 16384 op, 517562369.00 ns, 31.5895 us/op
WorkloadActual   3: 16384 op, 515558052.00 ns, 31.4672 us/op
WorkloadActual   4: 16384 op, 523794485.00 ns, 31.9699 us/op
WorkloadActual   5: 16384 op, 516032020.00 ns, 31.4961 us/op
WorkloadActual   6: 16384 op, 516486349.00 ns, 31.5238 us/op
WorkloadActual   7: 16384 op, 515491195.00 ns, 31.4631 us/op
WorkloadActual   8: 16384 op, 516489194.00 ns, 31.5240 us/op
WorkloadActual   9: 16384 op, 515377767.00 ns, 31.4562 us/op
WorkloadActual  10: 16384 op, 528983360.00 ns, 32.2866 us/op
WorkloadActual  11: 16384 op, 515560531.00 ns, 31.4673 us/op
WorkloadActual  12: 16384 op, 523593175.00 ns, 31.9576 us/op
WorkloadActual  13: 16384 op, 515062015.00 ns, 31.4369 us/op
WorkloadActual  14: 16384 op, 517750288.00 ns, 31.6010 us/op
WorkloadActual  15: 16384 op, 517997368.00 ns, 31.6161 us/op

WorkloadResult   1: 16384 op, 516487795.00 ns, 31.5239 us/op
WorkloadResult   2: 16384 op, 517542254.00 ns, 31.5883 us/op
WorkloadResult   3: 16384 op, 515537937.00 ns, 31.4659 us/op
WorkloadResult   4: 16384 op, 516011905.00 ns, 31.4949 us/op
WorkloadResult   5: 16384 op, 516466234.00 ns, 31.5226 us/op
WorkloadResult   6: 16384 op, 515471080.00 ns, 31.4619 us/op
WorkloadResult   7: 16384 op, 516469079.00 ns, 31.5228 us/op
WorkloadResult   8: 16384 op, 515357652.00 ns, 31.4549 us/op
WorkloadResult   9: 16384 op, 515540416.00 ns, 31.4661 us/op
WorkloadResult  10: 16384 op, 515041900.00 ns, 31.4357 us/op
WorkloadResult  11: 16384 op, 517730173.00 ns, 31.5997 us/op
WorkloadResult  12: 16384 op, 517977253.00 ns, 31.6148 us/op
// GC:  0 0 0 0 16384
// Threading:  0 0 16384


Mean = 31.513 μs, StdErr = 0.018 μs (0.06%), N = 12, StdDev = 0.061 μs
Min = 31.436 μs, Q1 = 31.465 μs, Median = 31.509 μs, Q3 = 31.540 μs, Max = 31.615 μs
IQR = 0.075 μs, LowerFence = 31.352 μs, UpperFence = 31.653 μs
ConfidenceInterval = [31.435 μs; 31.590 μs] (CI 99.9%), Margin = 0.078 μs (0.25% of Mean)
Skewness = 0.44, Kurtosis = 1.6, MValue = 2

// ** Remained 12 (85.7 %) benchmark(s) to run. Estimated finish 2026-09-23 2:03 (0h 1m from now) **
// **************************
// Benchmark: PairHandleBenchmarks.Advance: Job-TZECNT(IterationCount=16, IterationTime=200ms, WarmupCount=8) [Shape=PairOne]
// *** Execute ***
// Launch: 1 / 1
// Execute: dotnet PairHandles-Job-TZECNT-1.dll --anonymousPipes 116 117 --benchmarkName "PairHandles.PairHandleBenchmarks.Advance(Shape: PairOne)" --job "IterationCount=16, IterationTime=200ms, WarmupCount=8" --benchmarkId 1 in /home/i/GitHub/tl-w351/benchmarks/PairHandles/bin/Release/net10.0/PairHandles-Job-TZECNT-1/bin/Release/net10.0
// Failed to set up high priority (Permission denied). In order to run benchmarks with high priority, make sure you have the right permissions.
// BeforeAnythingElse

// Benchmark Process Environment Information:
// BenchmarkDotNet v0.15.8
// Runtime=.NET 10.0.12 (10.0.12, 10.0.1226.42308), X64 RyuJIT x86-64-v3
// GC=Concurrent Workstation
// HardwareIntrinsics=AVX2+BMI1+BMI2+F16C+FMA+LZCNT+MOVBE,AVX,SSE3+SSSE3+SSE4.1+SSE4.2+POPCNT,X86Base+SSE+SSE2,AES+PCLMUL,AvxVnni,SERIALIZE VectorSize=256
// Job: Job-TZECNT(IterationCount=16, IterationTime=200ms, WarmupCount=8)

OverheadJitting  1: 1 op, 80491.00 ns, 80.4910 us/op
WorkloadJitting  1: 1 op, 10218652.00 ns, 10.2187 ms/op

OverheadJitting  2: 16 op, 94287.00 ns, 5.8929 us/op
WorkloadJitting  2: 16 op, 629781.00 ns, 39.3613 us/op

WorkloadPilot    1: 16 op, 527909.00 ns, 32.9943 us/op
WorkloadPilot    2: 6064 op, 194584360.00 ns, 32.0884 us/op
WorkloadPilot    3: 6240 op, 200172274.00 ns, 32.0789 us/op

OverheadWarmup   1: 6240 op, 7962.00 ns, 1.2760 ns/op
OverheadWarmup   2: 6240 op, 7830.00 ns, 1.2548 ns/op
OverheadWarmup   3: 6240 op, 7815.00 ns, 1.2524 ns/op
OverheadWarmup   4: 6240 op, 7838.00 ns, 1.2561 ns/op
OverheadWarmup   5: 6240 op, 7832.00 ns, 1.2551 ns/op
OverheadWarmup   6: 6240 op, 7711.00 ns, 1.2357 ns/op
OverheadWarmup   7: 6240 op, 7737.00 ns, 1.2399 ns/op
OverheadWarmup   8: 6240 op, 7721.00 ns, 1.2373 ns/op

OverheadActual   1: 6240 op, 7837.00 ns, 1.2559 ns/op
OverheadActual   2: 6240 op, 7831.00 ns, 1.2550 ns/op
OverheadActual   3: 6240 op, 7820.00 ns, 1.2532 ns/op
OverheadActual   4: 6240 op, 7720.00 ns, 1.2372 ns/op
OverheadActual   5: 6240 op, 7788.00 ns, 1.2481 ns/op
OverheadActual   6: 6240 op, 7733.00 ns, 1.2393 ns/op
OverheadActual   7: 6240 op, 7671.00 ns, 1.2293 ns/op
OverheadActual   8: 6240 op, 7691.00 ns, 1.2325 ns/op
OverheadActual   9: 6240 op, 7688.00 ns, 1.2321 ns/op
OverheadActual  10: 6240 op, 7697.00 ns, 1.2335 ns/op
OverheadActual  11: 6240 op, 7698.00 ns, 1.2337 ns/op
OverheadActual  12: 6240 op, 7694.00 ns, 1.2330 ns/op
OverheadActual  13: 6240 op, 7749.00 ns, 1.2418 ns/op
OverheadActual  14: 6240 op, 7703.00 ns, 1.2345 ns/op
OverheadActual  15: 6240 op, 7720.00 ns, 1.2372 ns/op

WorkloadWarmup   1: 6240 op, 198434137.00 ns, 31.8003 us/op
WorkloadWarmup   2: 6240 op, 200300860.00 ns, 32.0995 us/op
WorkloadWarmup   3: 6240 op, 202303624.00 ns, 32.4205 us/op
WorkloadWarmup   4: 6240 op, 200925008.00 ns, 32.1995 us/op
WorkloadWarmup   5: 6240 op, 200258613.00 ns, 32.0927 us/op
WorkloadWarmup   6: 6240 op, 199953551.00 ns, 32.0438 us/op
WorkloadWarmup   7: 6240 op, 200718938.00 ns, 32.1665 us/op
WorkloadWarmup   8: 6240 op, 203764110.00 ns, 32.6545 us/op

// BeforeActualRun
WorkloadActual   1: 6240 op, 194351354.00 ns, 31.1461 us/op
WorkloadActual   2: 6240 op, 194544927.00 ns, 31.1771 us/op
WorkloadActual   3: 6240 op, 225868047.00 ns, 36.1968 us/op
WorkloadActual   4: 6240 op, 193661070.00 ns, 31.0354 us/op
WorkloadActual   5: 6240 op, 194921852.00 ns, 31.2375 us/op
WorkloadActual   6: 6240 op, 194347480.00 ns, 31.1454 us/op
WorkloadActual   7: 6240 op, 194631388.00 ns, 31.1909 us/op
WorkloadActual   8: 6240 op, 194979156.00 ns, 31.2467 us/op
WorkloadActual   9: 6240 op, 194791076.00 ns, 31.2165 us/op
WorkloadActual  10: 6240 op, 195193623.00 ns, 31.2810 us/op
WorkloadActual  11: 6240 op, 202238873.00 ns, 32.4101 us/op
WorkloadActual  12: 6240 op, 195235873.00 ns, 31.2878 us/op
WorkloadActual  13: 6240 op, 195016688.00 ns, 31.2527 us/op
WorkloadActual  14: 6240 op, 194271593.00 ns, 31.1333 us/op
WorkloadActual  15: 6240 op, 193560721.00 ns, 31.0193 us/op
WorkloadActual  16: 6240 op, 195220115.00 ns, 31.2853 us/op

// AfterActualRun
WorkloadResult   1: 6240 op, 194343634.00 ns, 31.1448 us/op
WorkloadResult   2: 6240 op, 194537207.00 ns, 31.1758 us/op
WorkloadResult   3: 6240 op, 193653350.00 ns, 31.0342 us/op
WorkloadResult   4: 6240 op, 194914132.00 ns, 31.2362 us/op
WorkloadResult   5: 6240 op, 194339760.00 ns, 31.1442 us/op
WorkloadResult   6: 6240 op, 194623668.00 ns, 31.1897 us/op
WorkloadResult   7: 6240 op, 194971436.00 ns, 31.2454 us/op
WorkloadResult   8: 6240 op, 194783356.00 ns, 31.2153 us/op
WorkloadResult   9: 6240 op, 195185903.00 ns, 31.2798 us/op
WorkloadResult  10: 6240 op, 195228153.00 ns, 31.2866 us/op
WorkloadResult  11: 6240 op, 195008968.00 ns, 31.2514 us/op
WorkloadResult  12: 6240 op, 194263873.00 ns, 31.1320 us/op
WorkloadResult  13: 6240 op, 193553001.00 ns, 31.0181 us/op
WorkloadResult  14: 6240 op, 195212395.00 ns, 31.2840 us/op
// GC:  0 0 0 0 6240
// Threading:  0 0 6240

// AfterAll
// Benchmark Process 190278 has exited with code 0.

Mean = 31.188 μs, StdErr = 0.023 μs (0.07%), N = 14, StdDev = 0.087 μs
Min = 31.018 μs, Q1 = 31.144 μs, Median = 31.202 μs, Q3 = 31.250 μs, Max = 31.287 μs
IQR = 0.106 μs, LowerFence = 30.986 μs, UpperFence = 31.408 μs
ConfidenceInterval = [31.091 μs; 31.286 μs] (CI 99.9%), Margin = 0.098 μs (0.31% of Mean)
Skewness = -0.64, Kurtosis = 2.17, MValue = 2

// ** Remained 11 (78.6 %) benchmark(s) to run. Estimated finish 2026-09-23 2:03 (0h 1m from now) **
// **************************
// Benchmark: PairHandleBenchmarks.Advance: InProcess(Toolchain=InProcessEmitToolchain) [Shape=PairOne]
// *** Execute ***
// Launch: 1 / 1
// ! Failed to set up priority High for process System.Diagnostics.Process (PairHandles). Make sure you have the right permissions. Message: Permission denied

// Benchmark Process Environment Information:
// BenchmarkDotNet v0.15.8
// Runtime=.NET 10.0.12 (10.0.12, 10.0.1226.42308), X64 RyuJIT x86-64-v3
// GC=Concurrent Workstation
// HardwareIntrinsics=AVX2+BMI1+BMI2+F16C+FMA+LZCNT+MOVBE,AVX,SSE3+SSSE3+SSE4.1+SSE4.2+POPCNT,X86Base+SSE+SSE2,AES+PCLMUL,AvxVnni,SERIALIZE VectorSize=256
// Job: Job-JWQWGO(Toolchain=InProcessEmitToolchain)

OverheadJitting  1: 1 op, 103918.00 ns, 103.9180 us/op
WorkloadJitting  1: 1 op, 126323.00 ns, 126.3230 us/op

OverheadJitting  2: 16 op, 100608.00 ns, 6.2880 us/op
WorkloadJitting  2: 16 op, 550046.00 ns, 34.3779 us/op

WorkloadPilot    1: 16 op, 500360.00 ns, 31.2725 us/op
WorkloadPilot    2: 32 op, 1002750.00 ns, 31.3359 us/op
WorkloadPilot    3: 64 op, 1969268.00 ns, 30.7698 us/op
WorkloadPilot    4: 128 op, 3572400.00 ns, 27.9094 us/op
WorkloadPilot    5: 256 op, 7191152.00 ns, 28.0904 us/op
WorkloadPilot    6: 512 op, 14407035.00 ns, 28.1387 us/op
WorkloadPilot    7: 1024 op, 28666454.00 ns, 27.9946 us/op
WorkloadPilot    8: 2048 op, 57450838.00 ns, 28.0522 us/op
WorkloadPilot    9: 4096 op, 118652207.00 ns, 28.9678 us/op
WorkloadPilot   10: 8192 op, 229156659.00 ns, 27.9732 us/op
WorkloadPilot   11: 16384 op, 458956096.00 ns, 28.0125 us/op
WorkloadPilot   12: 32768 op, 922428151.00 ns, 28.1503 us/op

OverheadWarmup   1: 32768 op, 42849.00 ns, 1.3076 ns/op
OverheadWarmup   2: 32768 op, 40653.00 ns, 1.2406 ns/op
OverheadWarmup   3: 32768 op, 40627.00 ns, 1.2398 ns/op
OverheadWarmup   4: 32768 op, 40656.00 ns, 1.2407 ns/op
OverheadWarmup   5: 32768 op, 40606.00 ns, 1.2392 ns/op
OverheadWarmup   6: 32768 op, 40641.00 ns, 1.2403 ns/op
OverheadWarmup   7: 32768 op, 40644.00 ns, 1.2404 ns/op
OverheadWarmup   8: 32768 op, 40626.00 ns, 1.2398 ns/op

OverheadActual   1: 32768 op, 40643.00 ns, 1.2403 ns/op
OverheadActual   2: 32768 op, 40646.00 ns, 1.2404 ns/op
OverheadActual   3: 32768 op, 42378.00 ns, 1.2933 ns/op
OverheadActual   4: 32768 op, 40625.00 ns, 1.2398 ns/op
OverheadActual   5: 32768 op, 40650.00 ns, 1.2405 ns/op
OverheadActual   6: 32768 op, 40629.00 ns, 1.2399 ns/op
OverheadActual   7: 32768 op, 40621.00 ns, 1.2397 ns/op
OverheadActual   8: 32768 op, 40597.00 ns, 1.2389 ns/op
OverheadActual   9: 32768 op, 40670.00 ns, 1.2411 ns/op
OverheadActual  10: 32768 op, 44854.00 ns, 1.3688 ns/op
OverheadActual  11: 32768 op, 40629.00 ns, 1.2399 ns/op
OverheadActual  12: 32768 op, 40655.00 ns, 1.2407 ns/op
OverheadActual  13: 32768 op, 40626.00 ns, 1.2398 ns/op
OverheadActual  14: 32768 op, 39951.00 ns, 1.2192 ns/op
OverheadActual  15: 32768 op, 39959.00 ns, 1.2195 ns/op

WorkloadWarmup   1: 32768 op, 1008512613.00 ns, 30.7774 us/op
WorkloadWarmup   2: 32768 op, 920659991.00 ns, 28.0963 us/op
WorkloadWarmup   3: 32768 op, 918208524.00 ns, 28.0215 us/op
WorkloadWarmup   4: 32768 op, 924968343.00 ns, 28.2278 us/op
WorkloadWarmup   5: 32768 op, 944916580.00 ns, 28.8366 us/op
WorkloadWarmup   6: 32768 op, 926709623.00 ns, 28.2809 us/op
WorkloadWarmup   7: 32768 op, 948552775.00 ns, 28.9475 us/op
WorkloadWarmup   8: 32768 op, 953739910.00 ns, 29.1058 us/op
WorkloadWarmup   9: 32768 op, 948171901.00 ns, 28.9359 us/op

WorkloadActual   1: 32768 op, 947365130.00 ns, 28.9113 us/op
WorkloadActual   2: 32768 op, 948861920.00 ns, 28.9570 us/op
WorkloadActual   3: 32768 op, 946122349.00 ns, 28.8734 us/op
WorkloadActual   4: 32768 op, 929585101.00 ns, 28.3687 us/op
WorkloadActual   5: 32768 op, 938116809.00 ns, 28.6291 us/op
WorkloadActual   6: 32768 op, 951316706.00 ns, 29.0319 us/op
WorkloadActual   7: 32768 op, 946243790.00 ns, 28.8771 us/op
WorkloadActual   8: 32768 op, 949071118.00 ns, 28.9634 us/op
WorkloadActual   9: 32768 op, 937954729.00 ns, 28.6241 us/op
WorkloadActual  10: 32768 op, 950957880.00 ns, 29.0209 us/op
WorkloadActual  11: 32768 op, 951411768.00 ns, 29.0348 us/op
WorkloadActual  12: 32768 op, 953050734.00 ns, 29.0848 us/op
WorkloadActual  13: 32768 op, 951823964.00 ns, 29.0474 us/op
WorkloadActual  14: 32768 op, 952058453.00 ns, 29.0545 us/op
WorkloadActual  15: 32768 op, 944575914.00 ns, 28.8262 us/op

WorkloadResult   1: 32768 op, 947324501.00 ns, 28.9100 us/op
WorkloadResult   2: 32768 op, 948821291.00 ns, 28.9557 us/op
WorkloadResult   3: 32768 op, 946081720.00 ns, 28.8721 us/op
WorkloadResult   4: 32768 op, 929544472.00 ns, 28.3674 us/op
WorkloadResult   5: 32768 op, 938076180.00 ns, 28.6278 us/op
WorkloadResult   6: 32768 op, 951276077.00 ns, 29.0306 us/op
WorkloadResult   7: 32768 op, 946203161.00 ns, 28.8758 us/op
WorkloadResult   8: 32768 op, 949030489.00 ns, 28.9621 us/op
WorkloadResult   9: 32768 op, 937914100.00 ns, 28.6229 us/op
WorkloadResult  10: 32768 op, 950917251.00 ns, 29.0197 us/op
WorkloadResult  11: 32768 op, 951371139.00 ns, 29.0335 us/op
WorkloadResult  12: 32768 op, 953010105.00 ns, 29.0836 us/op
WorkloadResult  13: 32768 op, 951783335.00 ns, 29.0461 us/op
WorkloadResult  14: 32768 op, 952017824.00 ns, 29.0533 us/op
WorkloadResult  15: 32768 op, 944535285.00 ns, 28.8249 us/op
// GC:  0 0 0 0 32768
// Threading:  0 0 32768


Mean = 28.886 μs, StdErr = 0.052 μs (0.18%), N = 15, StdDev = 0.202 μs
Min = 28.367 μs, Q1 = 28.849 μs, Median = 28.956 μs, Q3 = 29.032 μs, Max = 29.084 μs
IQR = 0.184 μs, LowerFence = 28.573 μs, UpperFence = 29.307 μs
ConfidenceInterval = [28.669 μs; 29.102 μs] (CI 99.9%), Margin = 0.216 μs (0.75% of Mean)
Skewness = -1.2, Kurtosis = 3.41, MValue = 2

// ** Remained 10 (71.4 %) benchmark(s) to run. Estimated finish 2026-09-23 2:04 (0h 2m from now) **
// **************************
// Benchmark: PairHandleBenchmarks.Advance: Job-TZECNT(IterationCount=16, IterationTime=200ms, WarmupCount=8) [Shape=PairRuns8]
// *** Execute ***
// Launch: 1 / 1
// Execute: dotnet PairHandles-Job-TZECNT-1.dll --anonymousPipes 116 117 --benchmarkName "PairHandles.PairHandleBenchmarks.Advance(Shape: PairRuns8)" --job "IterationCount=16, IterationTime=200ms, WarmupCount=8" --benchmarkId 2 in /home/i/GitHub/tl-w351/benchmarks/PairHandles/bin/Release/net10.0/PairHandles-Job-TZECNT-1/bin/Release/net10.0
// Failed to set up high priority (Permission denied). In order to run benchmarks with high priority, make sure you have the right permissions.
// BeforeAnythingElse

// Benchmark Process Environment Information:
// BenchmarkDotNet v0.15.8
// Runtime=.NET 10.0.12 (10.0.12, 10.0.1226.42308), X64 RyuJIT x86-64-v3
// GC=Concurrent Workstation
// HardwareIntrinsics=AVX2+BMI1+BMI2+F16C+FMA+LZCNT+MOVBE,AVX,SSE3+SSSE3+SSE4.1+SSE4.2+POPCNT,X86Base+SSE+SSE2,AES+PCLMUL,AvxVnni,SERIALIZE VectorSize=256
// Job: Job-TZECNT(IterationCount=16, IterationTime=200ms, WarmupCount=8)

OverheadJitting  1: 1 op, 84715.00 ns, 84.7150 us/op
WorkloadJitting  1: 1 op, 15294790.00 ns, 15.2948 ms/op

WorkloadPilot    1: 4 op, 1032984.00 ns, 258.2460 us/op
WorkloadPilot    2: 774 op, 29331882.00 ns, 37.8965 us/op
WorkloadPilot    3: 5278 op, 199806950.00 ns, 37.8566 us/op
WorkloadPilot    4: 5283 op, 199815339.00 ns, 37.8223 us/op
WorkloadPilot    5: 5288 op, 199942970.00 ns, 37.8107 us/op
WorkloadPilot    6: 5290 op, 199955405.00 ns, 37.7988 us/op

WorkloadWarmup   1: 5290 op, 200316342.00 ns, 37.8670 us/op
WorkloadWarmup   2: 5290 op, 200604735.00 ns, 37.9215 us/op
WorkloadWarmup   3: 5290 op, 199966833.00 ns, 37.8009 us/op
WorkloadWarmup   4: 5290 op, 199835393.00 ns, 37.7761 us/op
WorkloadWarmup   5: 5290 op, 200113327.00 ns, 37.8286 us/op
WorkloadWarmup   6: 5290 op, 200842461.00 ns, 37.9664 us/op
WorkloadWarmup   7: 5290 op, 193481676.00 ns, 36.5750 us/op
WorkloadWarmup   8: 5290 op, 194455567.00 ns, 36.7591 us/op

// BeforeActualRun
WorkloadActual   1: 5290 op, 193933192.00 ns, 36.6603 us/op
WorkloadActual   2: 5290 op, 193052051.00 ns, 36.4938 us/op
WorkloadActual   3: 5290 op, 193216341.00 ns, 36.5248 us/op
WorkloadActual   4: 5290 op, 194349240.00 ns, 36.7390 us/op
WorkloadActual   5: 5290 op, 193405720.00 ns, 36.5606 us/op
WorkloadActual   6: 5290 op, 194019687.00 ns, 36.6767 us/op
WorkloadActual   7: 5290 op, 193691530.00 ns, 36.6147 us/op
WorkloadActual   8: 5290 op, 193680362.00 ns, 36.6125 us/op
WorkloadActual   9: 5290 op, 193256836.00 ns, 36.5325 us/op
WorkloadActual  10: 5290 op, 193273905.00 ns, 36.5357 us/op
WorkloadActual  11: 5290 op, 200774653.00 ns, 37.9536 us/op
WorkloadActual  12: 5290 op, 193157959.00 ns, 36.5138 us/op
WorkloadActual  13: 5290 op, 193149582.00 ns, 36.5122 us/op
WorkloadActual  14: 5290 op, 193545771.00 ns, 36.5871 us/op
WorkloadActual  15: 5290 op, 193694674.00 ns, 36.6153 us/op
WorkloadActual  16: 5290 op, 193269240.00 ns, 36.5348 us/op

// AfterActualRun
WorkloadResult   1: 5290 op, 193933192.00 ns, 36.6603 us/op
WorkloadResult   2: 5290 op, 193052051.00 ns, 36.4938 us/op
WorkloadResult   3: 5290 op, 193216341.00 ns, 36.5248 us/op
WorkloadResult   4: 5290 op, 194349240.00 ns, 36.7390 us/op
WorkloadResult   5: 5290 op, 193405720.00 ns, 36.5606 us/op
WorkloadResult   6: 5290 op, 194019687.00 ns, 36.6767 us/op
WorkloadResult   7: 5290 op, 193691530.00 ns, 36.6147 us/op
WorkloadResult   8: 5290 op, 193680362.00 ns, 36.6125 us/op
WorkloadResult   9: 5290 op, 193256836.00 ns, 36.5325 us/op
WorkloadResult  10: 5290 op, 193273905.00 ns, 36.5357 us/op
WorkloadResult  11: 5290 op, 193157959.00 ns, 36.5138 us/op
WorkloadResult  12: 5290 op, 193149582.00 ns, 36.5122 us/op
WorkloadResult  13: 5290 op, 193545771.00 ns, 36.5871 us/op
WorkloadResult  14: 5290 op, 193694674.00 ns, 36.6153 us/op
WorkloadResult  15: 5290 op, 193269240.00 ns, 36.5348 us/op
// GC:  0 0 0 0 5290
// Threading:  0 0 5290

// AfterAll
// Benchmark Process 190382 has exited with code 0.

Mean = 36.581 μs, StdErr = 0.018 μs (0.05%), N = 15, StdDev = 0.071 μs
Min = 36.494 μs, Q1 = 36.529 μs, Median = 36.561 μs, Q3 = 36.615 μs, Max = 36.739 μs
IQR = 0.086 μs, LowerFence = 36.399 μs, UpperFence = 36.744 μs
ConfidenceInterval = [36.505 μs; 36.657 μs] (CI 99.9%), Margin = 0.076 μs (0.21% of Mean)
Skewness = 0.68, Kurtosis = 2.29, MValue = 2

// ** Remained 9 (64.3 %) benchmark(s) to run. Estimated finish 2026-09-23 2:03 (0h 1m from now) **
// **************************
// Benchmark: PairHandleBenchmarks.Advance: InProcess(Toolchain=InProcessEmitToolchain) [Shape=PairRuns8]
// *** Execute ***
// Launch: 1 / 1
// ! Failed to set up priority High for process System.Diagnostics.Process (PairHandles). Make sure you have the right permissions. Message: Permission denied

// Benchmark Process Environment Information:
// BenchmarkDotNet v0.15.8
// Runtime=.NET 10.0.12 (10.0.12, 10.0.1226.42308), X64 RyuJIT x86-64-v3
// GC=Concurrent Workstation
// HardwareIntrinsics=AVX2+BMI1+BMI2+F16C+FMA+LZCNT+MOVBE,AVX,SSE3+SSSE3+SSE4.1+SSE4.2+POPCNT,X86Base+SSE+SSE2,AES+PCLMUL,AvxVnni,SERIALIZE VectorSize=256
// Job: Job-JWQWGO(Toolchain=InProcessEmitToolchain)

OverheadJitting  1: 1 op, 136198.00 ns, 136.1980 us/op
WorkloadJitting  1: 1 op, 142525.00 ns, 142.5250 us/op

OverheadJitting  2: 16 op, 104588.00 ns, 6.5368 us/op
WorkloadJitting  2: 16 op, 703071.00 ns, 43.9419 us/op

WorkloadPilot    1: 16 op, 598324.00 ns, 37.3953 us/op
WorkloadPilot    2: 32 op, 1168722.00 ns, 36.5226 us/op
WorkloadPilot    3: 64 op, 2327622.00 ns, 36.3691 us/op
WorkloadPilot    4: 128 op, 4693133.00 ns, 36.6651 us/op
WorkloadPilot    5: 256 op, 9332560.00 ns, 36.4553 us/op
WorkloadPilot    6: 512 op, 18594525.00 ns, 36.3174 us/op
WorkloadPilot    7: 1024 op, 37191169.00 ns, 36.3195 us/op
WorkloadPilot    8: 2048 op, 74103537.00 ns, 36.1834 us/op
WorkloadPilot    9: 4096 op, 148091814.00 ns, 36.1552 us/op
WorkloadPilot   10: 8192 op, 296409906.00 ns, 36.1828 us/op
WorkloadPilot   11: 16384 op, 642861387.00 ns, 39.2371 us/op

OverheadWarmup   1: 16384 op, 23481.00 ns, 1.4332 ns/op
OverheadWarmup   2: 16384 op, 22650.00 ns, 1.3824 ns/op
OverheadWarmup   3: 16384 op, 20008.00 ns, 1.2212 ns/op
OverheadWarmup   4: 16384 op, 19991.00 ns, 1.2202 ns/op
OverheadWarmup   5: 16384 op, 19967.00 ns, 1.2187 ns/op
OverheadWarmup   6: 16384 op, 19968.00 ns, 1.2188 ns/op
OverheadWarmup   7: 16384 op, 19995.00 ns, 1.2204 ns/op
OverheadWarmup   8: 16384 op, 19971.00 ns, 1.2189 ns/op
OverheadWarmup   9: 16384 op, 24227.00 ns, 1.4787 ns/op
OverheadWarmup  10: 16384 op, 19988.00 ns, 1.2200 ns/op

OverheadActual   1: 16384 op, 19977.00 ns, 1.2193 ns/op
OverheadActual   2: 16384 op, 19994.00 ns, 1.2203 ns/op
OverheadActual   3: 16384 op, 19982.00 ns, 1.2196 ns/op
OverheadActual   4: 16384 op, 19985.00 ns, 1.2198 ns/op
OverheadActual   5: 16384 op, 19970.00 ns, 1.2189 ns/op
OverheadActual   6: 16384 op, 19992.00 ns, 1.2202 ns/op
OverheadActual   7: 16384 op, 19973.00 ns, 1.2191 ns/op
OverheadActual   8: 16384 op, 19986.00 ns, 1.2198 ns/op
OverheadActual   9: 16384 op, 19988.00 ns, 1.2200 ns/op
OverheadActual  10: 16384 op, 19966.00 ns, 1.2186 ns/op
OverheadActual  11: 16384 op, 19993.00 ns, 1.2203 ns/op
OverheadActual  12: 16384 op, 19967.00 ns, 1.2187 ns/op
OverheadActual  13: 16384 op, 24244.00 ns, 1.4797 ns/op
OverheadActual  14: 16384 op, 19970.00 ns, 1.2189 ns/op
OverheadActual  15: 16384 op, 19993.00 ns, 1.2203 ns/op

WorkloadWarmup   1: 16384 op, 592441033.00 ns, 36.1597 us/op
WorkloadWarmup   2: 16384 op, 600453436.00 ns, 36.6488 us/op
WorkloadWarmup   3: 16384 op, 591840337.00 ns, 36.1231 us/op
WorkloadWarmup   4: 16384 op, 592273829.00 ns, 36.1495 us/op
WorkloadWarmup   5: 16384 op, 591897841.00 ns, 36.1266 us/op
WorkloadWarmup   6: 16384 op, 591761895.00 ns, 36.1183 us/op

WorkloadActual   1: 16384 op, 592318782.00 ns, 36.1523 us/op
WorkloadActual   2: 16384 op, 591998472.00 ns, 36.1327 us/op
WorkloadActual   3: 16384 op, 591833165.00 ns, 36.1226 us/op
WorkloadActual   4: 16384 op, 592344459.00 ns, 36.1538 us/op
WorkloadActual   5: 16384 op, 592634654.00 ns, 36.1715 us/op
WorkloadActual   6: 16384 op, 593307949.00 ns, 36.2126 us/op
WorkloadActual   7: 16384 op, 592131501.00 ns, 36.1408 us/op
WorkloadActual   8: 16384 op, 591719042.00 ns, 36.1157 us/op
WorkloadActual   9: 16384 op, 592805160.00 ns, 36.1820 us/op
WorkloadActual  10: 16384 op, 591540476.00 ns, 36.1048 us/op
WorkloadActual  11: 16384 op, 591432164.00 ns, 36.0982 us/op
WorkloadActual  12: 16384 op, 591356716.00 ns, 36.0935 us/op
WorkloadActual  13: 16384 op, 592761136.00 ns, 36.1793 us/op
WorkloadActual  14: 16384 op, 592267539.00 ns, 36.1491 us/op
WorkloadActual  15: 16384 op, 594403749.00 ns, 36.2795 us/op

WorkloadResult   1: 16384 op, 592298797.00 ns, 36.1510 us/op
WorkloadResult   2: 16384 op, 591978487.00 ns, 36.1315 us/op
WorkloadResult   3: 16384 op, 591813180.00 ns, 36.1214 us/op
WorkloadResult   4: 16384 op, 592324474.00 ns, 36.1526 us/op
WorkloadResult   5: 16384 op, 592614669.00 ns, 36.1703 us/op
WorkloadResult   6: 16384 op, 593287964.00 ns, 36.2114 us/op
WorkloadResult   7: 16384 op, 592111516.00 ns, 36.1396 us/op
WorkloadResult   8: 16384 op, 591699057.00 ns, 36.1144 us/op
WorkloadResult   9: 16384 op, 592785175.00 ns, 36.1807 us/op
WorkloadResult  10: 16384 op, 591520491.00 ns, 36.1035 us/op
WorkloadResult  11: 16384 op, 591412179.00 ns, 36.0969 us/op
WorkloadResult  12: 16384 op, 591336731.00 ns, 36.0923 us/op
WorkloadResult  13: 16384 op, 592741151.00 ns, 36.1780 us/op
WorkloadResult  14: 16384 op, 592247554.00 ns, 36.1479 us/op
// GC:  0 0 0 0 16384
// Threading:  0 0 16384


Mean = 36.142 μs, StdErr = 0.009 μs (0.03%), N = 14, StdDev = 0.035 μs
Min = 36.092 μs, Q1 = 36.116 μs, Median = 36.144 μs, Q3 = 36.166 μs, Max = 36.211 μs
IQR = 0.050 μs, LowerFence = 36.042 μs, UpperFence = 36.240 μs
ConfidenceInterval = [36.103 μs; 36.182 μs] (CI 99.9%), Margin = 0.039 μs (0.11% of Mean)
Skewness = 0.25, Kurtosis = 1.94, MValue = 2

// ** Remained 8 (57.1 %) benchmark(s) to run. Estimated finish 2026-09-23 2:03 (0h 1m from now) **
// **************************
// Benchmark: PairHandleBenchmarks.Advance: Job-TZECNT(IterationCount=16, IterationTime=200ms, WarmupCount=8) [Shape=PairAlternating8]
// *** Execute ***
// Launch: 1 / 1
// Execute: dotnet PairHandles-Job-TZECNT-1.dll --anonymousPipes 116 117 --benchmarkName "PairHandles.PairHandleBenchmarks.Advance(Shape: PairAlternating8)" --job "IterationCount=16, IterationTime=200ms, WarmupCount=8" --benchmarkId 3 in /home/i/GitHub/tl-w351/benchmarks/PairHandles/bin/Release/net10.0/PairHandles-Job-TZECNT-1/bin/Release/net10.0
// Failed to set up high priority (Permission denied). In order to run benchmarks with high priority, make sure you have the right permissions.
// BeforeAnythingElse

// Benchmark Process Environment Information:
// BenchmarkDotNet v0.15.8
// Runtime=.NET 10.0.12 (10.0.12, 10.0.1226.42308), X64 RyuJIT x86-64-v3
// GC=Concurrent Workstation
// HardwareIntrinsics=AVX2+BMI1+BMI2+F16C+FMA+LZCNT+MOVBE,AVX,SSE3+SSSE3+SSE4.1+SSE4.2+POPCNT,X86Base+SSE+SSE2,AES+PCLMUL,AvxVnni,SERIALIZE VectorSize=256
// Job: Job-TZECNT(IterationCount=16, IterationTime=200ms, WarmupCount=8)

OverheadJitting  1: 1 op, 74097.00 ns, 74.0970 us/op
WorkloadJitting  1: 1 op, 13153577.00 ns, 13.1536 ms/op

OverheadJitting  2: 16 op, 99191.00 ns, 6.1994 us/op
WorkloadJitting  2: 16 op, 1127080.00 ns, 70.4425 us/op

WorkloadPilot    1: 16 op, 1015697.00 ns, 63.4811 us/op
WorkloadPilot    2: 3152 op, 203995687.00 ns, 64.7194 us/op
WorkloadPilot    3: 3104 op, 205655632.00 ns, 66.2550 us/op
WorkloadPilot    4: 3024 op, 199707766.00 ns, 66.0409 us/op
WorkloadPilot    5: 3040 op, 201025127.00 ns, 66.1267 us/op

OverheadWarmup   1: 3040 op, 4498.00 ns, 1.4796 ns/op
OverheadWarmup   2: 3040 op, 3945.00 ns, 1.2977 ns/op
OverheadWarmup   3: 3040 op, 3936.00 ns, 1.2947 ns/op
OverheadWarmup   4: 3040 op, 3922.00 ns, 1.2901 ns/op
OverheadWarmup   5: 3040 op, 3923.00 ns, 1.2905 ns/op
OverheadWarmup   6: 3040 op, 3912.00 ns, 1.2868 ns/op
OverheadWarmup   7: 3040 op, 3928.00 ns, 1.2921 ns/op
OverheadWarmup   8: 3040 op, 3921.00 ns, 1.2898 ns/op

OverheadActual   1: 3040 op, 4122.00 ns, 1.3559 ns/op
OverheadActual   2: 3040 op, 4113.00 ns, 1.3530 ns/op
OverheadActual   3: 3040 op, 4139.00 ns, 1.3615 ns/op
OverheadActual   4: 3040 op, 3925.00 ns, 1.2911 ns/op
OverheadActual   5: 3040 op, 4055.00 ns, 1.3339 ns/op
OverheadActual   6: 3040 op, 3917.00 ns, 1.2885 ns/op
OverheadActual   7: 3040 op, 3930.00 ns, 1.2928 ns/op
OverheadActual   8: 3040 op, 3939.00 ns, 1.2957 ns/op
OverheadActual   9: 3040 op, 3915.00 ns, 1.2878 ns/op
OverheadActual  10: 3040 op, 3915.00 ns, 1.2878 ns/op
OverheadActual  11: 3040 op, 3922.00 ns, 1.2901 ns/op
OverheadActual  12: 3040 op, 3955.00 ns, 1.3010 ns/op
OverheadActual  13: 3040 op, 3919.00 ns, 1.2891 ns/op
OverheadActual  14: 3040 op, 3931.00 ns, 1.2931 ns/op
OverheadActual  15: 3040 op, 3923.00 ns, 1.2905 ns/op

WorkloadWarmup   1: 3040 op, 201199656.00 ns, 66.1841 us/op
WorkloadWarmup   2: 3040 op, 200696410.00 ns, 66.0186 us/op
WorkloadWarmup   3: 3040 op, 201160545.00 ns, 66.1712 us/op
WorkloadWarmup   4: 3040 op, 203051467.00 ns, 66.7932 us/op
WorkloadWarmup   5: 3040 op, 200513962.00 ns, 65.9585 us/op
WorkloadWarmup   6: 3040 op, 204805736.00 ns, 67.3703 us/op
WorkloadWarmup   7: 3040 op, 201703216.00 ns, 66.3497 us/op
WorkloadWarmup   8: 3040 op, 202069468.00 ns, 66.4702 us/op

// BeforeActualRun
WorkloadActual   1: 3040 op, 200517697.00 ns, 65.9598 us/op
WorkloadActual   2: 3040 op, 200560313.00 ns, 65.9738 us/op
WorkloadActual   3: 3040 op, 200167616.00 ns, 65.8446 us/op
WorkloadActual   4: 3040 op, 201101593.00 ns, 66.1518 us/op
WorkloadActual   5: 3040 op, 200769876.00 ns, 66.0427 us/op
WorkloadActual   6: 3040 op, 200508622.00 ns, 65.9568 us/op
WorkloadActual   7: 3040 op, 201118987.00 ns, 66.1576 us/op
WorkloadActual   8: 3040 op, 200720528.00 ns, 66.0265 us/op
WorkloadActual   9: 3040 op, 200953192.00 ns, 66.1030 us/op
WorkloadActual  10: 3040 op, 206160905.00 ns, 67.8161 us/op
WorkloadActual  11: 3040 op, 200360867.00 ns, 65.9082 us/op
WorkloadActual  12: 3040 op, 198946176.00 ns, 65.4428 us/op
WorkloadActual  13: 3040 op, 201171881.00 ns, 66.1750 us/op
WorkloadActual  14: 3040 op, 201325841.00 ns, 66.2256 us/op
WorkloadActual  15: 3040 op, 202610281.00 ns, 66.6481 us/op
WorkloadActual  16: 3040 op, 215745782.00 ns, 70.9690 us/op

// AfterActualRun
WorkloadResult   1: 3040 op, 200513767.00 ns, 65.9585 us/op
WorkloadResult   2: 3040 op, 200556383.00 ns, 65.9725 us/op
WorkloadResult   3: 3040 op, 200163686.00 ns, 65.8433 us/op
WorkloadResult   4: 3040 op, 201097663.00 ns, 66.1505 us/op
WorkloadResult   5: 3040 op, 200765946.00 ns, 66.0414 us/op
WorkloadResult   6: 3040 op, 200504692.00 ns, 65.9555 us/op
WorkloadResult   7: 3040 op, 201115057.00 ns, 66.1563 us/op
WorkloadResult   8: 3040 op, 200716598.00 ns, 66.0252 us/op
WorkloadResult   9: 3040 op, 200949262.00 ns, 66.1017 us/op
WorkloadResult  10: 3040 op, 200356937.00 ns, 65.9069 us/op
WorkloadResult  11: 3040 op, 198942246.00 ns, 65.4415 us/op
WorkloadResult  12: 3040 op, 201167951.00 ns, 66.1737 us/op
WorkloadResult  13: 3040 op, 201321911.00 ns, 66.2243 us/op
// GC:  0 0 0 0 3040
// Threading:  0 0 3040

// AfterAll
// Benchmark Process 190558 has exited with code 0.

Mean = 65.996 μs, StdErr = 0.056 μs (0.08%), N = 13, StdDev = 0.202 μs
Min = 65.442 μs, Q1 = 65.955 μs, Median = 66.025 μs, Q3 = 66.151 μs, Max = 66.224 μs
IQR = 0.195 μs, LowerFence = 65.663 μs, UpperFence = 66.443 μs
ConfidenceInterval = [65.754 μs; 66.238 μs] (CI 99.9%), Margin = 0.242 μs (0.37% of Mean)
Skewness = -1.39, Kurtosis = 4.64, MValue = 2

// ** Remained 7 (50.0 %) benchmark(s) to run. Estimated finish 2026-09-23 2:03 (0h 1m from now) **
// **************************
// Benchmark: PairHandleBenchmarks.Advance: InProcess(Toolchain=InProcessEmitToolchain) [Shape=PairAlternating8]
// *** Execute ***
// Launch: 1 / 1
// ! Failed to set up priority High for process System.Diagnostics.Process (PairHandles). Make sure you have the right permissions. Message: Permission denied

// Benchmark Process Environment Information:
// BenchmarkDotNet v0.15.8
// Runtime=.NET 10.0.12 (10.0.12, 10.0.1226.42308), X64 RyuJIT x86-64-v3
// GC=Concurrent Workstation
// HardwareIntrinsics=AVX2+BMI1+BMI2+F16C+FMA+LZCNT+MOVBE,AVX,SSE3+SSSE3+SSE4.1+SSE4.2+POPCNT,X86Base+SSE+SSE2,AES+PCLMUL,AvxVnni,SERIALIZE VectorSize=256
// Job: Job-JWQWGO(Toolchain=InProcessEmitToolchain)

OverheadJitting  1: 1 op, 99925.00 ns, 99.9250 us/op
WorkloadJitting  1: 1 op, 192953.00 ns, 192.9530 us/op

OverheadJitting  2: 16 op, 110675.00 ns, 6.9172 us/op
WorkloadJitting  2: 16 op, 1340542.00 ns, 83.7839 us/op

WorkloadPilot    1: 16 op, 1217234.00 ns, 76.0771 us/op
WorkloadPilot    2: 32 op, 2434866.00 ns, 76.0896 us/op
WorkloadPilot    3: 64 op, 4842626.00 ns, 75.6660 us/op
WorkloadPilot    4: 128 op, 9713411.00 ns, 75.8860 us/op
WorkloadPilot    5: 256 op, 19319761.00 ns, 75.4678 us/op
WorkloadPilot    6: 512 op, 38826559.00 ns, 75.8331 us/op
WorkloadPilot    7: 1024 op, 77517467.00 ns, 75.7007 us/op
WorkloadPilot    8: 2048 op, 149070770.00 ns, 72.7885 us/op
WorkloadPilot    9: 4096 op, 268926083.00 ns, 65.6558 us/op
WorkloadPilot   10: 8192 op, 542349771.00 ns, 66.2048 us/op

OverheadWarmup   1: 8192 op, 12513.00 ns, 1.5275 ns/op
OverheadWarmup   2: 8192 op, 10593.00 ns, 1.2931 ns/op
OverheadWarmup   3: 8192 op, 10603.00 ns, 1.2943 ns/op
OverheadWarmup   4: 8192 op, 10550.00 ns, 1.2878 ns/op
OverheadWarmup   5: 8192 op, 10549.00 ns, 1.2877 ns/op
OverheadWarmup   6: 8192 op, 10549.00 ns, 1.2877 ns/op
OverheadWarmup   7: 8192 op, 10541.00 ns, 1.2867 ns/op

OverheadActual   1: 8192 op, 10947.00 ns, 1.3363 ns/op
OverheadActual   2: 8192 op, 10565.00 ns, 1.2897 ns/op
OverheadActual   3: 8192 op, 10562.00 ns, 1.2893 ns/op
OverheadActual   4: 8192 op, 10553.00 ns, 1.2882 ns/op
OverheadActual   5: 8192 op, 10554.00 ns, 1.2883 ns/op
OverheadActual   6: 8192 op, 10558.00 ns, 1.2888 ns/op
OverheadActual   7: 8192 op, 10573.00 ns, 1.2906 ns/op
OverheadActual   8: 8192 op, 10563.00 ns, 1.2894 ns/op
OverheadActual   9: 8192 op, 10571.00 ns, 1.2904 ns/op
OverheadActual  10: 8192 op, 10553.00 ns, 1.2882 ns/op
OverheadActual  11: 8192 op, 10562.00 ns, 1.2893 ns/op
OverheadActual  12: 8192 op, 10559.00 ns, 1.2889 ns/op
OverheadActual  13: 8192 op, 10560.00 ns, 1.2891 ns/op
OverheadActual  14: 8192 op, 10545.00 ns, 1.2872 ns/op
OverheadActual  15: 8192 op, 10525.00 ns, 1.2848 ns/op

WorkloadWarmup   1: 8192 op, 544127852.00 ns, 66.4219 us/op
WorkloadWarmup   2: 8192 op, 599952815.00 ns, 73.2364 us/op
WorkloadWarmup   3: 8192 op, 553343386.00 ns, 67.5468 us/op
WorkloadWarmup   4: 8192 op, 551581269.00 ns, 67.3317 us/op
WorkloadWarmup   5: 8192 op, 542757627.00 ns, 66.2546 us/op
WorkloadWarmup   6: 8192 op, 541264025.00 ns, 66.0723 us/op
WorkloadWarmup   7: 8192 op, 547319842.00 ns, 66.8115 us/op
WorkloadWarmup   8: 8192 op, 557570156.00 ns, 68.0628 us/op
WorkloadWarmup   9: 8192 op, 543709536.00 ns, 66.3708 us/op

WorkloadActual   1: 8192 op, 543715670.00 ns, 66.3715 us/op
WorkloadActual   2: 8192 op, 543511430.00 ns, 66.3466 us/op
WorkloadActual   3: 8192 op, 544180848.00 ns, 66.4283 us/op
WorkloadActual   4: 8192 op, 542821628.00 ns, 66.2624 us/op
WorkloadActual   5: 8192 op, 537541894.00 ns, 65.6179 us/op
WorkloadActual   6: 8192 op, 544323467.00 ns, 66.4457 us/op
WorkloadActual   7: 8192 op, 541974947.00 ns, 66.1591 us/op
WorkloadActual   8: 8192 op, 532934805.00 ns, 65.0555 us/op
WorkloadActual   9: 8192 op, 541880791.00 ns, 66.1476 us/op
WorkloadActual  10: 8192 op, 547427825.00 ns, 66.8247 us/op
WorkloadActual  11: 8192 op, 543038263.00 ns, 66.2889 us/op
WorkloadActual  12: 8192 op, 531041940.00 ns, 64.8245 us/op
WorkloadActual  13: 8192 op, 536079419.00 ns, 65.4394 us/op
WorkloadActual  14: 8192 op, 545489554.00 ns, 66.5881 us/op
WorkloadActual  15: 8192 op, 539017825.00 ns, 65.7981 us/op

WorkloadResult   1: 8192 op, 543705110.00 ns, 66.3703 us/op
WorkloadResult   2: 8192 op, 543500870.00 ns, 66.3453 us/op
WorkloadResult   3: 8192 op, 544170288.00 ns, 66.4270 us/op
WorkloadResult   4: 8192 op, 542811068.00 ns, 66.2611 us/op
WorkloadResult   5: 8192 op, 537531334.00 ns, 65.6166 us/op
WorkloadResult   6: 8192 op, 544312907.00 ns, 66.4444 us/op
WorkloadResult   7: 8192 op, 541964387.00 ns, 66.1578 us/op
WorkloadResult   8: 8192 op, 532924245.00 ns, 65.0542 us/op
WorkloadResult   9: 8192 op, 541870231.00 ns, 66.1463 us/op
WorkloadResult  10: 8192 op, 547417265.00 ns, 66.8234 us/op
WorkloadResult  11: 8192 op, 543027703.00 ns, 66.2876 us/op
WorkloadResult  12: 8192 op, 531031380.00 ns, 64.8232 us/op
WorkloadResult  13: 8192 op, 536068859.00 ns, 65.4381 us/op
WorkloadResult  14: 8192 op, 545478994.00 ns, 66.5868 us/op
WorkloadResult  15: 8192 op, 539007265.00 ns, 65.7968 us/op
// GC:  0 0 0 0 8192
// Threading:  0 0 8192


Mean = 66.039 μs, StdErr = 0.148 μs (0.22%), N = 15, StdDev = 0.574 μs
Min = 64.823 μs, Q1 = 65.707 μs, Median = 66.261 μs, Q3 = 66.399 μs, Max = 66.823 μs
IQR = 0.692 μs, LowerFence = 64.669 μs, UpperFence = 67.437 μs
ConfidenceInterval = [65.425 μs; 66.653 μs] (CI 99.9%), Margin = 0.614 μs (0.93% of Mean)
Skewness = -0.77, Kurtosis = 2.35, MValue = 2

// ** Remained 6 (42.9 %) benchmark(s) to run. Estimated finish 2026-09-23 2:03 (0h 1m from now) **
// **************************
// Benchmark: PairHandleBenchmarks.Advance: Job-TZECNT(IterationCount=16, IterationTime=200ms, WarmupCount=8) [Shape=PairRuns8Waves]
// *** Execute ***
// Launch: 1 / 1
// Execute: dotnet PairHandles-Job-TZECNT-1.dll --anonymousPipes 116 117 --benchmarkName "PairHandles.PairHandleBenchmarks.Advance(Shape: PairRuns8Waves)" --job "IterationCount=16, IterationTime=200ms, WarmupCount=8" --benchmarkId 4 in /home/i/GitHub/tl-w351/benchmarks/PairHandles/bin/Release/net10.0/PairHandles-Job-TZECNT-1/bin/Release/net10.0
// Failed to set up high priority (Permission denied). In order to run benchmarks with high priority, make sure you have the right permissions.
// BeforeAnythingElse

// Benchmark Process Environment Information:
// BenchmarkDotNet v0.15.8
// Runtime=.NET 10.0.12 (10.0.12, 10.0.1226.42308), X64 RyuJIT x86-64-v3
// GC=Concurrent Workstation
// HardwareIntrinsics=AVX2+BMI1+BMI2+F16C+FMA+LZCNT+MOVBE,AVX,SSE3+SSSE3+SSE4.1+SSE4.2+POPCNT,X86Base+SSE+SSE2,AES+PCLMUL,AvxVnni,SERIALIZE VectorSize=256
// Job: Job-TZECNT(IterationCount=16, IterationTime=200ms, WarmupCount=8)

OverheadJitting  1: 1 op, 80280.00 ns, 80.2800 us/op
WorkloadJitting  1: 1 op, 14874343.00 ns, 14.8743 ms/op

WorkloadPilot    1: 4 op, 145698.00 ns, 36.4245 us/op
WorkloadPilot    2: 5491 op, 163036685.00 ns, 29.6916 us/op
WorkloadPilot    3: 6736 op, 199912540.00 ns, 29.6782 us/op
WorkloadPilot    4: 6739 op, 199531678.00 ns, 29.6085 us/op
WorkloadPilot    5: 6755 op, 200023591.00 ns, 29.6112 us/op

WorkloadWarmup   1: 6755 op, 200003607.00 ns, 29.6082 us/op
WorkloadWarmup   2: 6755 op, 200617972.00 ns, 29.6992 us/op
WorkloadWarmup   3: 6755 op, 201403581.00 ns, 29.8155 us/op
WorkloadWarmup   4: 6755 op, 200141798.00 ns, 29.6287 us/op
WorkloadWarmup   5: 6755 op, 200266495.00 ns, 29.6471 us/op
WorkloadWarmup   6: 6755 op, 203130558.00 ns, 30.0711 us/op
WorkloadWarmup   7: 6755 op, 190834716.00 ns, 28.2509 us/op
WorkloadWarmup   8: 6755 op, 190889076.00 ns, 28.2589 us/op

// BeforeActualRun
WorkloadActual   1: 6755 op, 191581554.00 ns, 28.3614 us/op
WorkloadActual   2: 6755 op, 192563958.00 ns, 28.5069 us/op
WorkloadActual   3: 6755 op, 191366362.00 ns, 28.3296 us/op
WorkloadActual   4: 6755 op, 192523299.00 ns, 28.5009 us/op
WorkloadActual   5: 6755 op, 191275276.00 ns, 28.3161 us/op
WorkloadActual   6: 6755 op, 191050354.00 ns, 28.2828 us/op
WorkloadActual   7: 6755 op, 191893529.00 ns, 28.4076 us/op
WorkloadActual   8: 6755 op, 192557743.00 ns, 28.5060 us/op
WorkloadActual   9: 6755 op, 192310872.00 ns, 28.4694 us/op
WorkloadActual  10: 6755 op, 191857890.00 ns, 28.4024 us/op
WorkloadActual  11: 6755 op, 199281845.00 ns, 29.5014 us/op
WorkloadActual  12: 6755 op, 192260970.00 ns, 28.4620 us/op
WorkloadActual  13: 6755 op, 191480732.00 ns, 28.3465 us/op
WorkloadActual  14: 6755 op, 188827927.00 ns, 27.9538 us/op
WorkloadActual  15: 6755 op, 188639322.00 ns, 27.9259 us/op
WorkloadActual  16: 6755 op, 189543808.00 ns, 28.0598 us/op

// AfterActualRun
WorkloadResult   1: 6755 op, 191581554.00 ns, 28.3614 us/op
WorkloadResult   2: 6755 op, 192563958.00 ns, 28.5069 us/op
WorkloadResult   3: 6755 op, 191366362.00 ns, 28.3296 us/op
WorkloadResult   4: 6755 op, 192523299.00 ns, 28.5009 us/op
WorkloadResult   5: 6755 op, 191275276.00 ns, 28.3161 us/op
WorkloadResult   6: 6755 op, 191050354.00 ns, 28.2828 us/op
WorkloadResult   7: 6755 op, 191893529.00 ns, 28.4076 us/op
WorkloadResult   8: 6755 op, 192557743.00 ns, 28.5060 us/op
WorkloadResult   9: 6755 op, 192310872.00 ns, 28.4694 us/op
WorkloadResult  10: 6755 op, 191857890.00 ns, 28.4024 us/op
WorkloadResult  11: 6755 op, 192260970.00 ns, 28.4620 us/op
WorkloadResult  12: 6755 op, 191480732.00 ns, 28.3465 us/op
WorkloadResult  13: 6755 op, 188827927.00 ns, 27.9538 us/op
WorkloadResult  14: 6755 op, 188639322.00 ns, 27.9259 us/op
WorkloadResult  15: 6755 op, 189543808.00 ns, 28.0598 us/op
// GC:  0 0 0 0 6755
// Threading:  0 0 6755

// AfterAll
// Benchmark Process 190625 has exited with code 0.

Mean = 28.322 μs, StdErr = 0.050 μs (0.18%), N = 15, StdDev = 0.193 μs
Min = 27.926 μs, Q1 = 28.299 μs, Median = 28.361 μs, Q3 = 28.466 μs, Max = 28.507 μs
IQR = 0.166 μs, LowerFence = 28.050 μs, UpperFence = 28.715 μs
ConfidenceInterval = [28.116 μs; 28.528 μs] (CI 99.9%), Margin = 0.206 μs (0.73% of Mean)
Skewness = -0.98, Kurtosis = 2.51, MValue = 2

// ** Remained 5 (35.7 %) benchmark(s) to run. Estimated finish 2026-09-23 2:03 (0h 0m from now) **
// **************************
// Benchmark: PairHandleBenchmarks.Advance: InProcess(Toolchain=InProcessEmitToolchain) [Shape=PairRuns8Waves]
// *** Execute ***
// Launch: 1 / 1
// ! Failed to set up priority High for process System.Diagnostics.Process (PairHandles). Make sure you have the right permissions. Message: Permission denied

// Benchmark Process Environment Information:
// BenchmarkDotNet v0.15.8
// Runtime=.NET 10.0.12 (10.0.12, 10.0.1226.42308), X64 RyuJIT x86-64-v3
// GC=Concurrent Workstation
// HardwareIntrinsics=AVX2+BMI1+BMI2+F16C+FMA+LZCNT+MOVBE,AVX,SSE3+SSSE3+SSE4.1+SSE4.2+POPCNT,X86Base+SSE+SSE2,AES+PCLMUL,AvxVnni,SERIALIZE VectorSize=256
// Job: Job-JWQWGO(Toolchain=InProcessEmitToolchain)

OverheadJitting  1: 1 op, 107575.00 ns, 107.5750 us/op
WorkloadJitting  1: 1 op, 130444.00 ns, 130.4440 us/op

OverheadJitting  2: 16 op, 110456.00 ns, 6.9035 us/op
WorkloadJitting  2: 16 op, 604143.00 ns, 37.7589 us/op

WorkloadPilot    1: 16 op, 455341.00 ns, 28.4588 us/op
WorkloadPilot    2: 32 op, 902177.00 ns, 28.1930 us/op
WorkloadPilot    3: 64 op, 1797491.00 ns, 28.0858 us/op
WorkloadPilot    4: 128 op, 3590070.00 ns, 28.0474 us/op
WorkloadPilot    5: 256 op, 7140337.00 ns, 27.8919 us/op
WorkloadPilot    6: 512 op, 14290361.00 ns, 27.9109 us/op
WorkloadPilot    7: 1024 op, 29279765.00 ns, 28.5935 us/op
WorkloadPilot    8: 2048 op, 57721914.00 ns, 28.1845 us/op
WorkloadPilot    9: 4096 op, 114782229.00 ns, 28.0230 us/op
WorkloadPilot   10: 8192 op, 229289332.00 ns, 27.9894 us/op
WorkloadPilot   11: 16384 op, 450536127.00 ns, 27.4985 us/op
WorkloadPilot   12: 32768 op, 946074880.00 ns, 28.8719 us/op

OverheadWarmup   1: 32768 op, 44098.00 ns, 1.3458 ns/op
OverheadWarmup   2: 32768 op, 42072.00 ns, 1.2839 ns/op
OverheadWarmup   3: 32768 op, 42062.00 ns, 1.2836 ns/op
OverheadWarmup   4: 32768 op, 46445.00 ns, 1.4174 ns/op
OverheadWarmup   5: 32768 op, 42032.00 ns, 1.2827 ns/op
OverheadWarmup   6: 32768 op, 42027.00 ns, 1.2826 ns/op
OverheadWarmup   7: 32768 op, 42048.00 ns, 1.2832 ns/op
OverheadWarmup   8: 32768 op, 42076.00 ns, 1.2841 ns/op
OverheadWarmup   9: 32768 op, 44031.00 ns, 1.3437 ns/op
OverheadWarmup  10: 32768 op, 42076.00 ns, 1.2841 ns/op

OverheadActual   1: 32768 op, 42057.00 ns, 1.2835 ns/op
OverheadActual   2: 32768 op, 42023.00 ns, 1.2824 ns/op
OverheadActual   3: 32768 op, 42150.00 ns, 1.2863 ns/op
OverheadActual   4: 32768 op, 42055.00 ns, 1.2834 ns/op
OverheadActual   5: 32768 op, 42071.00 ns, 1.2839 ns/op
OverheadActual   6: 32768 op, 46344.00 ns, 1.4143 ns/op
OverheadActual   7: 32768 op, 44361.00 ns, 1.3538 ns/op
OverheadActual   8: 32768 op, 42059.00 ns, 1.2835 ns/op
OverheadActual   9: 32768 op, 46286.00 ns, 1.4125 ns/op
OverheadActual  10: 32768 op, 42066.00 ns, 1.2838 ns/op
OverheadActual  11: 32768 op, 42033.00 ns, 1.2827 ns/op
OverheadActual  12: 32768 op, 46285.00 ns, 1.4125 ns/op
OverheadActual  13: 32768 op, 42062.00 ns, 1.2836 ns/op
OverheadActual  14: 32768 op, 43940.00 ns, 1.3409 ns/op
OverheadActual  15: 32768 op, 42055.00 ns, 1.2834 ns/op

WorkloadWarmup   1: 32768 op, 909653739.00 ns, 27.7604 us/op
WorkloadWarmup   2: 32768 op, 902540685.00 ns, 27.5434 us/op
WorkloadWarmup   3: 32768 op, 923635371.00 ns, 28.1871 us/op
WorkloadWarmup   4: 32768 op, 914260133.00 ns, 27.9010 us/op
WorkloadWarmup   5: 32768 op, 905825132.00 ns, 27.6436 us/op
WorkloadWarmup   6: 32768 op, 901696469.00 ns, 27.5176 us/op
WorkloadWarmup   7: 32768 op, 912609550.00 ns, 27.8506 us/op
WorkloadWarmup   8: 32768 op, 920660537.00 ns, 28.0963 us/op
WorkloadWarmup   9: 32768 op, 928441579.00 ns, 28.3338 us/op
WorkloadWarmup  10: 32768 op, 935445597.00 ns, 28.5475 us/op
WorkloadWarmup  11: 32768 op, 927391569.00 ns, 28.3017 us/op

WorkloadActual   1: 32768 op, 931426354.00 ns, 28.4249 us/op
WorkloadActual   2: 32768 op, 925547904.00 ns, 28.2455 us/op
WorkloadActual   3: 32768 op, 920814392.00 ns, 28.1010 us/op
WorkloadActual   4: 32768 op, 918050518.00 ns, 28.0167 us/op
WorkloadActual   5: 32768 op, 933027186.00 ns, 28.4737 us/op
WorkloadActual   6: 32768 op, 923587830.00 ns, 28.1857 us/op
WorkloadActual   7: 32768 op, 931155087.00 ns, 28.4166 us/op
WorkloadActual   8: 32768 op, 931434307.00 ns, 28.4251 us/op
WorkloadActual   9: 32768 op, 928814067.00 ns, 28.3452 us/op
WorkloadActual  10: 32768 op, 921974855.00 ns, 28.1364 us/op
WorkloadActual  11: 32768 op, 921669012.00 ns, 28.1271 us/op
WorkloadActual  12: 32768 op, 915874216.00 ns, 27.9503 us/op
WorkloadActual  13: 32768 op, 923234815.00 ns, 28.1749 us/op
WorkloadActual  14: 32768 op, 924552038.00 ns, 28.2151 us/op
WorkloadActual  15: 32768 op, 917737961.00 ns, 28.0071 us/op

WorkloadResult   1: 32768 op, 931384288.00 ns, 28.4236 us/op
WorkloadResult   2: 32768 op, 925505838.00 ns, 28.2442 us/op
WorkloadResult   3: 32768 op, 920772326.00 ns, 28.0997 us/op
WorkloadResult   4: 32768 op, 918008452.00 ns, 28.0154 us/op
WorkloadResult   5: 32768 op, 932985120.00 ns, 28.4724 us/op
WorkloadResult   6: 32768 op, 923545764.00 ns, 28.1844 us/op
WorkloadResult   7: 32768 op, 931113021.00 ns, 28.4153 us/op
WorkloadResult   8: 32768 op, 931392241.00 ns, 28.4238 us/op
WorkloadResult   9: 32768 op, 928772001.00 ns, 28.3439 us/op
WorkloadResult  10: 32768 op, 921932789.00 ns, 28.1352 us/op
WorkloadResult  11: 32768 op, 921626946.00 ns, 28.1258 us/op
WorkloadResult  12: 32768 op, 915832150.00 ns, 27.9490 us/op
WorkloadResult  13: 32768 op, 923192749.00 ns, 28.1736 us/op
WorkloadResult  14: 32768 op, 924509972.00 ns, 28.2138 us/op
WorkloadResult  15: 32768 op, 917695895.00 ns, 28.0059 us/op
// GC:  0 0 0 0 32768
// Threading:  0 0 32768


Mean = 28.215 μs, StdErr = 0.043 μs (0.15%), N = 15, StdDev = 0.168 μs
Min = 27.949 μs, Q1 = 28.113 μs, Median = 28.184 μs, Q3 = 28.380 μs, Max = 28.472 μs
IQR = 0.267 μs, LowerFence = 27.713 μs, UpperFence = 28.780 μs
ConfidenceInterval = [28.035 μs; 28.395 μs] (CI 99.9%), Margin = 0.180 μs (0.64% of Mean)
Skewness = 0.09, Kurtosis = 1.58, MValue = 2

// ** Remained 4 (28.6 %) benchmark(s) to run. Estimated finish 2026-09-23 2:04 (0h 0m from now) **
// **************************
// Benchmark: PairHandleBenchmarks.Advance: Job-TZECNT(IterationCount=16, IterationTime=200ms, WarmupCount=8) [Shape=PairBlocks8Waves]
// *** Execute ***
// Launch: 1 / 1
// Execute: dotnet PairHandles-Job-TZECNT-1.dll --anonymousPipes 116 117 --benchmarkName "PairHandles.PairHandleBenchmarks.Advance(Shape: PairBlocks8Waves)" --job "IterationCount=16, IterationTime=200ms, WarmupCount=8" --benchmarkId 5 in /home/i/GitHub/tl-w351/benchmarks/PairHandles/bin/Release/net10.0/PairHandles-Job-TZECNT-1/bin/Release/net10.0
// Failed to set up high priority (Permission denied). In order to run benchmarks with high priority, make sure you have the right permissions.
// BeforeAnythingElse

// Benchmark Process Environment Information:
// BenchmarkDotNet v0.15.8
// Runtime=.NET 10.0.12 (10.0.12, 10.0.1226.42308), X64 RyuJIT x86-64-v3
// GC=Concurrent Workstation
// HardwareIntrinsics=AVX2+BMI1+BMI2+F16C+FMA+LZCNT+MOVBE,AVX,SSE3+SSSE3+SSE4.1+SSE4.2+POPCNT,X86Base+SSE+SSE2,AES+PCLMUL,AvxVnni,SERIALIZE VectorSize=256
// Job: Job-TZECNT(IterationCount=16, IterationTime=200ms, WarmupCount=8)

OverheadJitting  1: 1 op, 78265.00 ns, 78.2650 us/op
WorkloadJitting  1: 1 op, 13646108.00 ns, 13.6461 ms/op

WorkloadPilot    1: 4 op, 160308.00 ns, 40.0770 us/op
WorkloadPilot    2: 4990 op, 167151501.00 ns, 33.4973 us/op
WorkloadPilot    3: 5971 op, 199732580.00 ns, 33.4504 us/op
WorkloadPilot    4: 5979 op, 200897094.00 ns, 33.6005 us/op
WorkloadPilot    5: 5952 op, 199090139.00 ns, 33.4493 us/op
WorkloadPilot    6: 5979 op, 200008528.00 ns, 33.4518 us/op

WorkloadWarmup   1: 5979 op, 199870989.00 ns, 33.4288 us/op
WorkloadWarmup   2: 5979 op, 199752104.00 ns, 33.4089 us/op
WorkloadWarmup   3: 5979 op, 200835795.00 ns, 33.5902 us/op
WorkloadWarmup   4: 5979 op, 199798237.00 ns, 33.4167 us/op
WorkloadWarmup   5: 5979 op, 199725000.00 ns, 33.4044 us/op
WorkloadWarmup   6: 5979 op, 199723984.00 ns, 33.4042 us/op
WorkloadWarmup   7: 5979 op, 202061139.00 ns, 33.7951 us/op
WorkloadWarmup   8: 5979 op, 200054686.00 ns, 33.4596 us/op

// BeforeActualRun
WorkloadActual   1: 5979 op, 201071400.00 ns, 33.6296 us/op
WorkloadActual   2: 5979 op, 200412517.00 ns, 33.5194 us/op
WorkloadActual   3: 5979 op, 200296474.00 ns, 33.5000 us/op
WorkloadActual   4: 5979 op, 199757514.00 ns, 33.4099 us/op
WorkloadActual   5: 5979 op, 199957614.00 ns, 33.4433 us/op
WorkloadActual   6: 5979 op, 199757016.00 ns, 33.4098 us/op
WorkloadActual   7: 5979 op, 203187961.00 ns, 33.9836 us/op
WorkloadActual   8: 5979 op, 194943325.00 ns, 32.6047 us/op
WorkloadActual   9: 5979 op, 196683136.00 ns, 32.8957 us/op
WorkloadActual  10: 5979 op, 195239388.00 ns, 32.6542 us/op
WorkloadActual  11: 5979 op, 195949172.00 ns, 32.7729 us/op
WorkloadActual  12: 5979 op, 194979779.00 ns, 32.6108 us/op
WorkloadActual  13: 5979 op, 194806331.00 ns, 32.5818 us/op
WorkloadActual  14: 5979 op, 194898076.00 ns, 32.5971 us/op
WorkloadActual  15: 5979 op, 194718369.00 ns, 32.5670 us/op
WorkloadActual  16: 5979 op, 194806182.00 ns, 32.5817 us/op

// AfterActualRun
WorkloadResult   1: 5979 op, 201071400.00 ns, 33.6296 us/op
WorkloadResult   2: 5979 op, 200412517.00 ns, 33.5194 us/op
WorkloadResult   3: 5979 op, 200296474.00 ns, 33.5000 us/op
WorkloadResult   4: 5979 op, 199757514.00 ns, 33.4099 us/op
WorkloadResult   5: 5979 op, 199957614.00 ns, 33.4433 us/op
WorkloadResult   6: 5979 op, 199757016.00 ns, 33.4098 us/op
WorkloadResult   7: 5979 op, 203187961.00 ns, 33.9836 us/op
WorkloadResult   8: 5979 op, 194943325.00 ns, 32.6047 us/op
WorkloadResult   9: 5979 op, 196683136.00 ns, 32.8957 us/op
WorkloadResult  10: 5979 op, 195239388.00 ns, 32.6542 us/op
WorkloadResult  11: 5979 op, 195949172.00 ns, 32.7729 us/op
WorkloadResult  12: 5979 op, 194979779.00 ns, 32.6108 us/op
WorkloadResult  13: 5979 op, 194806331.00 ns, 32.5818 us/op
WorkloadResult  14: 5979 op, 194898076.00 ns, 32.5971 us/op
WorkloadResult  15: 5979 op, 194718369.00 ns, 32.5670 us/op
WorkloadResult  16: 5979 op, 194806182.00 ns, 32.5817 us/op
// GC:  0 0 0 0 5979
// Threading:  0 0 5979

// AfterAll
// Benchmark Process 190700 has exited with code 0.

Mean = 33.048 μs, StdErr = 0.122 μs (0.37%), N = 16, StdDev = 0.488 μs
Min = 32.567 μs, Q1 = 32.603 μs, Median = 32.834 μs, Q3 = 33.457 μs, Max = 33.984 μs
IQR = 0.855 μs, LowerFence = 31.321 μs, UpperFence = 34.740 μs
ConfidenceInterval = [32.551 μs; 33.544 μs] (CI 99.9%), Margin = 0.497 μs (1.50% of Mean)
Skewness = 0.38, Kurtosis = 1.46, MValue = 2

// ** Remained 3 (21.4 %) benchmark(s) to run. Estimated finish 2026-09-23 2:03 (0h 0m from now) **
// **************************
// Benchmark: PairHandleBenchmarks.Advance: InProcess(Toolchain=InProcessEmitToolchain) [Shape=PairBlocks8Waves]
// *** Execute ***
// Launch: 1 / 1
// ! Failed to set up priority High for process System.Diagnostics.Process (PairHandles). Make sure you have the right permissions. Message: Permission denied

// Benchmark Process Environment Information:
// BenchmarkDotNet v0.15.8
// Runtime=.NET 10.0.12 (10.0.12, 10.0.1226.42308), X64 RyuJIT x86-64-v3
// GC=Concurrent Workstation
// HardwareIntrinsics=AVX2+BMI1+BMI2+F16C+FMA+LZCNT+MOVBE,AVX,SSE3+SSSE3+SSE4.1+SSE4.2+POPCNT,X86Base+SSE+SSE2,AES+PCLMUL,AvxVnni,SERIALIZE VectorSize=256
// Job: Job-JWQWGO(Toolchain=InProcessEmitToolchain)

OverheadJitting  1: 1 op, 131704.00 ns, 131.7040 us/op
WorkloadJitting  1: 1 op, 456890.00 ns, 456.8900 us/op

OverheadJitting  2: 16 op, 112089.00 ns, 7.0056 us/op
WorkloadJitting  2: 16 op, 647045.00 ns, 40.4403 us/op

WorkloadPilot    1: 16 op, 530287.00 ns, 33.1429 us/op
WorkloadPilot    2: 32 op, 1045031.00 ns, 32.6572 us/op
WorkloadPilot    3: 64 op, 2092180.00 ns, 32.6903 us/op
WorkloadPilot    4: 128 op, 4178276.00 ns, 32.6428 us/op
WorkloadPilot    5: 256 op, 8314061.00 ns, 32.4768 us/op
WorkloadPilot    6: 512 op, 16649282.00 ns, 32.5181 us/op
WorkloadPilot    7: 1024 op, 33293260.00 ns, 32.5129 us/op
WorkloadPilot    8: 2048 op, 66486841.00 ns, 32.4643 us/op
WorkloadPilot    9: 4096 op, 133099580.00 ns, 32.4950 us/op
WorkloadPilot   10: 8192 op, 266708562.00 ns, 32.5572 us/op
WorkloadPilot   11: 16384 op, 531827483.00 ns, 32.4602 us/op

OverheadWarmup   1: 16384 op, 24624.00 ns, 1.5029 ns/op
OverheadWarmup   2: 16384 op, 22770.00 ns, 1.3898 ns/op
OverheadWarmup   3: 16384 op, 22706.00 ns, 1.3859 ns/op
OverheadWarmup   4: 16384 op, 21083.00 ns, 1.2868 ns/op
OverheadWarmup   5: 16384 op, 21082.00 ns, 1.2867 ns/op
OverheadWarmup   6: 16384 op, 21096.00 ns, 1.2876 ns/op
OverheadWarmup   7: 16384 op, 21086.00 ns, 1.2870 ns/op
OverheadWarmup   8: 16384 op, 21085.00 ns, 1.2869 ns/op
OverheadWarmup   9: 16384 op, 21080.00 ns, 1.2866 ns/op
OverheadWarmup  10: 16384 op, 23036.00 ns, 1.4060 ns/op

OverheadActual   1: 16384 op, 21081.00 ns, 1.2867 ns/op
OverheadActual   2: 16384 op, 21089.00 ns, 1.2872 ns/op
OverheadActual   3: 16384 op, 21070.00 ns, 1.2860 ns/op
OverheadActual   4: 16384 op, 21089.00 ns, 1.2872 ns/op
OverheadActual   5: 16384 op, 21068.00 ns, 1.2859 ns/op
OverheadActual   6: 16384 op, 21100.00 ns, 1.2878 ns/op
OverheadActual   7: 16384 op, 21074.00 ns, 1.2863 ns/op
OverheadActual   8: 16384 op, 21058.00 ns, 1.2853 ns/op
OverheadActual   9: 16384 op, 21082.00 ns, 1.2867 ns/op
OverheadActual  10: 16384 op, 25375.00 ns, 1.5488 ns/op
OverheadActual  11: 16384 op, 21088.00 ns, 1.2871 ns/op
OverheadActual  12: 16384 op, 21071.00 ns, 1.2861 ns/op
OverheadActual  13: 16384 op, 21086.00 ns, 1.2870 ns/op
OverheadActual  14: 16384 op, 21110.00 ns, 1.2885 ns/op
OverheadActual  15: 16384 op, 21098.00 ns, 1.2877 ns/op

WorkloadWarmup   1: 16384 op, 531673580.00 ns, 32.4508 us/op
WorkloadWarmup   2: 16384 op, 569721238.00 ns, 34.7730 us/op
WorkloadWarmup   3: 16384 op, 532892108.00 ns, 32.5252 us/op
WorkloadWarmup   4: 16384 op, 533140074.00 ns, 32.5403 us/op
WorkloadWarmup   5: 16384 op, 532145924.00 ns, 32.4796 us/op
WorkloadWarmup   6: 16384 op, 532783513.00 ns, 32.5185 us/op

WorkloadActual   1: 16384 op, 532508830.00 ns, 32.5018 us/op
WorkloadActual   2: 16384 op, 532407620.00 ns, 32.4956 us/op
WorkloadActual   3: 16384 op, 532986758.00 ns, 32.5309 us/op
WorkloadActual   4: 16384 op, 532174821.00 ns, 32.4814 us/op
WorkloadActual   5: 16384 op, 532646833.00 ns, 32.5102 us/op
WorkloadActual   6: 16384 op, 531844973.00 ns, 32.4612 us/op
WorkloadActual   7: 16384 op, 531284611.00 ns, 32.4270 us/op
WorkloadActual   8: 16384 op, 532068727.00 ns, 32.4749 us/op
WorkloadActual   9: 16384 op, 531441689.00 ns, 32.4366 us/op
WorkloadActual  10: 16384 op, 532094751.00 ns, 32.4765 us/op
WorkloadActual  11: 16384 op, 533312528.00 ns, 32.5508 us/op
WorkloadActual  12: 16384 op, 532669872.00 ns, 32.5116 us/op
WorkloadActual  13: 16384 op, 532557416.00 ns, 32.5047 us/op
WorkloadActual  14: 16384 op, 532419652.00 ns, 32.4963 us/op
WorkloadActual  15: 16384 op, 531792713.00 ns, 32.4581 us/op

WorkloadResult   1: 16384 op, 532487744.00 ns, 32.5005 us/op
WorkloadResult   2: 16384 op, 532386534.00 ns, 32.4943 us/op
WorkloadResult   3: 16384 op, 532965672.00 ns, 32.5296 us/op
WorkloadResult   4: 16384 op, 532153735.00 ns, 32.4801 us/op
WorkloadResult   5: 16384 op, 532625747.00 ns, 32.5089 us/op
WorkloadResult   6: 16384 op, 531823887.00 ns, 32.4600 us/op
WorkloadResult   7: 16384 op, 531263525.00 ns, 32.4258 us/op
WorkloadResult   8: 16384 op, 532047641.00 ns, 32.4736 us/op
WorkloadResult   9: 16384 op, 531420603.00 ns, 32.4353 us/op
WorkloadResult  10: 16384 op, 532073665.00 ns, 32.4752 us/op
WorkloadResult  11: 16384 op, 533291442.00 ns, 32.5495 us/op
WorkloadResult  12: 16384 op, 532648786.00 ns, 32.5103 us/op
WorkloadResult  13: 16384 op, 532536330.00 ns, 32.5034 us/op
WorkloadResult  14: 16384 op, 532398566.00 ns, 32.4950 us/op
WorkloadResult  15: 16384 op, 531771627.00 ns, 32.4568 us/op
// GC:  0 0 0 4656 16384
// Threading:  0 0 16384


Mean = 32.487 μs, StdErr = 0.009 μs (0.03%), N = 15, StdDev = 0.034 μs
Min = 32.426 μs, Q1 = 32.467 μs, Median = 32.494 μs, Q3 = 32.506 μs, Max = 32.550 μs
IQR = 0.039 μs, LowerFence = 32.408 μs, UpperFence = 32.565 μs
ConfidenceInterval = [32.451 μs; 32.522 μs] (CI 99.9%), Margin = 0.036 μs (0.11% of Mean)
Skewness = -0.08, Kurtosis = 2.2, MValue = 2

// ** Remained 2 (14.3 %) benchmark(s) to run. Estimated finish 2026-09-23 2:03 (0h 0m from now) **
// **************************
// Benchmark: PairHandleBenchmarks.Advance: Job-TZECNT(IterationCount=16, IterationTime=200ms, WarmupCount=8) [Shape=PairA(...)Waves [21]]
// *** Execute ***
// Launch: 1 / 1
// Execute: dotnet PairHandles-Job-TZECNT-1.dll --anonymousPipes 116 117 --benchmarkName "PairHandles.PairHandleBenchmarks.Advance(Shape: PairAlternating8Waves)" --job "IterationCount=16, IterationTime=200ms, WarmupCount=8" --benchmarkId 6 in /home/i/GitHub/tl-w351/benchmarks/PairHandles/bin/Release/net10.0/PairHandles-Job-TZECNT-1/bin/Release/net10.0
// Failed to set up high priority (Permission denied). In order to run benchmarks with high priority, make sure you have the right permissions.
// BeforeAnythingElse

// Benchmark Process Environment Information:
// BenchmarkDotNet v0.15.8
// Runtime=.NET 10.0.12 (10.0.12, 10.0.1226.42308), X64 RyuJIT x86-64-v3
// GC=Concurrent Workstation
// HardwareIntrinsics=AVX2+BMI1+BMI2+F16C+FMA+LZCNT+MOVBE,AVX,SSE3+SSSE3+SSE4.1+SSE4.2+POPCNT,X86Base+SSE+SSE2,AES+PCLMUL,AvxVnni,SERIALIZE VectorSize=256
// Job: Job-TZECNT(IterationCount=16, IterationTime=200ms, WarmupCount=8)

OverheadJitting  1: 1 op, 79019.00 ns, 79.0190 us/op
WorkloadJitting  1: 1 op, 14149109.00 ns, 14.1491 ms/op

WorkloadPilot    1: 4 op, 262744.00 ns, 65.6860 us/op
WorkloadPilot    2: 3045 op, 179594062.00 ns, 58.9800 us/op
WorkloadPilot    3: 3391 op, 200176874.00 ns, 59.0318 us/op
WorkloadPilot    4: 3388 op, 199284593.00 ns, 58.8207 us/op
WorkloadPilot    5: 3400 op, 199794458.00 ns, 58.7631 us/op
WorkloadPilot    6: 3403 op, 200293934.00 ns, 58.8580 us/op
WorkloadPilot    7: 3398 op, 200192734.00 ns, 58.9149 us/op

WorkloadWarmup   1: 3398 op, 200210449.00 ns, 58.9201 us/op
WorkloadWarmup   2: 3398 op, 200230638.00 ns, 58.9260 us/op
WorkloadWarmup   3: 3398 op, 199568629.00 ns, 58.7312 us/op
WorkloadWarmup   4: 3398 op, 206272209.00 ns, 60.7040 us/op
WorkloadWarmup   5: 3398 op, 200095154.00 ns, 58.8862 us/op
WorkloadWarmup   6: 3398 op, 199735724.00 ns, 58.7804 us/op
WorkloadWarmup   7: 3398 op, 200042025.00 ns, 58.8705 us/op
WorkloadWarmup   8: 3398 op, 199613250.00 ns, 58.7443 us/op

// BeforeActualRun
WorkloadActual   1: 3398 op, 200324441.00 ns, 58.9536 us/op
WorkloadActual   2: 3398 op, 200303708.00 ns, 58.9475 us/op
WorkloadActual   3: 3398 op, 199461744.00 ns, 58.6997 us/op
WorkloadActual   4: 3398 op, 199989803.00 ns, 58.8552 us/op
WorkloadActual   5: 3398 op, 199788439.00 ns, 58.7959 us/op
WorkloadActual   6: 3398 op, 199645945.00 ns, 58.7540 us/op
WorkloadActual   7: 3398 op, 198012756.00 ns, 58.2733 us/op
WorkloadActual   8: 3398 op, 200751405.00 ns, 59.0793 us/op
WorkloadActual   9: 3398 op, 201605799.00 ns, 59.3307 us/op
WorkloadActual  10: 3398 op, 201884253.00 ns, 59.4127 us/op
WorkloadActual  11: 3398 op, 201443927.00 ns, 59.2831 us/op
WorkloadActual  12: 3398 op, 200175091.00 ns, 58.9097 us/op
WorkloadActual  13: 3398 op, 199832864.00 ns, 58.8090 us/op
WorkloadActual  14: 3398 op, 203947248.00 ns, 60.0198 us/op
WorkloadActual  15: 3398 op, 199901897.00 ns, 58.8293 us/op
WorkloadActual  16: 3398 op, 199995393.00 ns, 58.8568 us/op

// AfterActualRun
WorkloadResult   1: 3398 op, 200324441.00 ns, 58.9536 us/op
WorkloadResult   2: 3398 op, 200303708.00 ns, 58.9475 us/op
WorkloadResult   3: 3398 op, 199461744.00 ns, 58.6997 us/op
WorkloadResult   4: 3398 op, 199989803.00 ns, 58.8552 us/op
WorkloadResult   5: 3398 op, 199788439.00 ns, 58.7959 us/op
WorkloadResult   6: 3398 op, 199645945.00 ns, 58.7540 us/op
WorkloadResult   7: 3398 op, 198012756.00 ns, 58.2733 us/op
WorkloadResult   8: 3398 op, 200751405.00 ns, 59.0793 us/op
WorkloadResult   9: 3398 op, 201605799.00 ns, 59.3307 us/op
WorkloadResult  10: 3398 op, 201884253.00 ns, 59.4127 us/op
WorkloadResult  11: 3398 op, 201443927.00 ns, 59.2831 us/op
WorkloadResult  12: 3398 op, 200175091.00 ns, 58.9097 us/op
WorkloadResult  13: 3398 op, 199832864.00 ns, 58.8090 us/op
WorkloadResult  14: 3398 op, 199901897.00 ns, 58.8293 us/op
WorkloadResult  15: 3398 op, 199995393.00 ns, 58.8568 us/op
// GC:  0 0 0 0 3398
// Threading:  0 0 3398

// AfterAll
// Benchmark Process 190735 has exited with code 0.

Mean = 58.919 μs, StdErr = 0.073 μs (0.12%), N = 15, StdDev = 0.281 μs
Min = 58.273 μs, Q1 = 58.802 μs, Median = 58.857 μs, Q3 = 59.016 μs, Max = 59.413 μs
IQR = 0.214 μs, LowerFence = 58.481 μs, UpperFence = 59.338 μs
ConfidenceInterval = [58.618 μs; 59.220 μs] (CI 99.9%), Margin = 0.301 μs (0.51% of Mean)
Skewness = -0.14, Kurtosis = 3.01, MValue = 2

// ** Remained 1 (7.1 %) benchmark(s) to run. Estimated finish 2026-09-23 2:03 (0h 0m from now) **
// **************************
// Benchmark: PairHandleBenchmarks.Advance: InProcess(Toolchain=InProcessEmitToolchain) [Shape=PairA(...)Waves [21]]
// *** Execute ***
// Launch: 1 / 1
// ! Failed to set up priority High for process System.Diagnostics.Process (PairHandles). Make sure you have the right permissions. Message: Permission denied

// Benchmark Process Environment Information:
// BenchmarkDotNet v0.15.8
// Runtime=.NET 10.0.12 (10.0.12, 10.0.1226.42308), X64 RyuJIT x86-64-v3
// GC=Concurrent Workstation
// HardwareIntrinsics=AVX2+BMI1+BMI2+F16C+FMA+LZCNT+MOVBE,AVX,SSE3+SSSE3+SSE4.1+SSE4.2+POPCNT,X86Base+SSE+SSE2,AES+PCLMUL,AvxVnni,SERIALIZE VectorSize=256
// Job: Job-JWQWGO(Toolchain=InProcessEmitToolchain)

OverheadJitting  1: 1 op, 117432.00 ns, 117.4320 us/op
WorkloadJitting  1: 1 op, 151223.00 ns, 151.2230 us/op

OverheadJitting  2: 16 op, 110965.00 ns, 6.9353 us/op
WorkloadJitting  2: 16 op, 1127236.00 ns, 70.4523 us/op

WorkloadPilot    1: 16 op, 997234.00 ns, 62.3271 us/op
WorkloadPilot    2: 32 op, 1988670.00 ns, 62.1459 us/op
WorkloadPilot    3: 64 op, 3998488.00 ns, 62.4764 us/op
WorkloadPilot    4: 128 op, 7987353.00 ns, 62.4012 us/op
WorkloadPilot    5: 256 op, 15877157.00 ns, 62.0201 us/op
WorkloadPilot    6: 512 op, 31948380.00 ns, 62.3992 us/op
WorkloadPilot    7: 1024 op, 64027971.00 ns, 62.5273 us/op
WorkloadPilot    8: 2048 op, 126714421.00 ns, 61.8723 us/op
WorkloadPilot    9: 4096 op, 254719711.00 ns, 62.1874 us/op
WorkloadPilot   10: 8192 op, 517365162.00 ns, 63.1549 us/op

OverheadWarmup   1: 8192 op, 12518.00 ns, 1.5281 ns/op
OverheadWarmup   2: 8192 op, 10590.00 ns, 1.2927 ns/op
OverheadWarmup   3: 8192 op, 10578.00 ns, 1.2913 ns/op
OverheadWarmup   4: 8192 op, 10565.00 ns, 1.2897 ns/op
OverheadWarmup   5: 8192 op, 10565.00 ns, 1.2897 ns/op
OverheadWarmup   6: 8192 op, 10581.00 ns, 1.2916 ns/op
OverheadWarmup   7: 8192 op, 10556.00 ns, 1.2886 ns/op
OverheadWarmup   8: 8192 op, 10587.00 ns, 1.2924 ns/op

OverheadActual   1: 8192 op, 10569.00 ns, 1.2902 ns/op
OverheadActual   2: 8192 op, 10565.00 ns, 1.2897 ns/op
OverheadActual   3: 8192 op, 10589.00 ns, 1.2926 ns/op
OverheadActual   4: 8192 op, 10581.00 ns, 1.2916 ns/op
OverheadActual   5: 8192 op, 10561.00 ns, 1.2892 ns/op
OverheadActual   6: 8192 op, 10571.00 ns, 1.2904 ns/op
OverheadActual   7: 8192 op, 12819.00 ns, 1.5648 ns/op
OverheadActual   8: 8192 op, 10584.00 ns, 1.2920 ns/op
OverheadActual   9: 8192 op, 10565.00 ns, 1.2897 ns/op
OverheadActual  10: 8192 op, 10578.00 ns, 1.2913 ns/op
OverheadActual  11: 8192 op, 10563.00 ns, 1.2894 ns/op
OverheadActual  12: 8192 op, 10584.00 ns, 1.2920 ns/op
OverheadActual  13: 8192 op, 10586.00 ns, 1.2922 ns/op
OverheadActual  14: 8192 op, 10546.00 ns, 1.2874 ns/op
OverheadActual  15: 8192 op, 10552.00 ns, 1.2881 ns/op

WorkloadWarmup   1: 8192 op, 506466306.00 ns, 61.8245 us/op
WorkloadWarmup   2: 8192 op, 503662738.00 ns, 61.4823 us/op
WorkloadWarmup   3: 8192 op, 506944955.00 ns, 61.8829 us/op
WorkloadWarmup   4: 8192 op, 506696606.00 ns, 61.8526 us/op
WorkloadWarmup   5: 8192 op, 508330404.00 ns, 62.0521 us/op
WorkloadWarmup   6: 8192 op, 508507026.00 ns, 62.0736 us/op
WorkloadWarmup   7: 8192 op, 507165268.00 ns, 61.9098 us/op

WorkloadActual   1: 8192 op, 507972666.00 ns, 62.0084 us/op
WorkloadActual   2: 8192 op, 506002854.00 ns, 61.7679 us/op
WorkloadActual   3: 8192 op, 506945873.00 ns, 61.8830 us/op
WorkloadActual   4: 8192 op, 507814984.00 ns, 61.9891 us/op
WorkloadActual   5: 8192 op, 506784218.00 ns, 61.8633 us/op
WorkloadActual   6: 8192 op, 506300124.00 ns, 61.8042 us/op
WorkloadActual   7: 8192 op, 507375331.00 ns, 61.9355 us/op
WorkloadActual   8: 8192 op, 506931077.00 ns, 61.8812 us/op
WorkloadActual   9: 8192 op, 508662864.00 ns, 62.0926 us/op
WorkloadActual  10: 8192 op, 507871448.00 ns, 61.9960 us/op
WorkloadActual  11: 8192 op, 509040806.00 ns, 62.1388 us/op
WorkloadActual  12: 8192 op, 507748613.00 ns, 61.9810 us/op
WorkloadActual  13: 8192 op, 506556240.00 ns, 61.8355 us/op
WorkloadActual  14: 8192 op, 506183052.00 ns, 61.7899 us/op
WorkloadActual  15: 8192 op, 506444256.00 ns, 61.8218 us/op

WorkloadResult   1: 8192 op, 507962095.00 ns, 62.0071 us/op
WorkloadResult   2: 8192 op, 505992283.00 ns, 61.7666 us/op
WorkloadResult   3: 8192 op, 506935302.00 ns, 61.8818 us/op
WorkloadResult   4: 8192 op, 507804413.00 ns, 61.9878 us/op
WorkloadResult   5: 8192 op, 506773647.00 ns, 61.8620 us/op
WorkloadResult   6: 8192 op, 506289553.00 ns, 61.8029 us/op
WorkloadResult   7: 8192 op, 507364760.00 ns, 61.9342 us/op
WorkloadResult   8: 8192 op, 506920506.00 ns, 61.8799 us/op
WorkloadResult   9: 8192 op, 508652293.00 ns, 62.0913 us/op
WorkloadResult  10: 8192 op, 507860877.00 ns, 61.9947 us/op
WorkloadResult  11: 8192 op, 509030235.00 ns, 62.1375 us/op
WorkloadResult  12: 8192 op, 507738042.00 ns, 61.9797 us/op
WorkloadResult  13: 8192 op, 506545669.00 ns, 61.8342 us/op
WorkloadResult  14: 8192 op, 506172481.00 ns, 61.7886 us/op
WorkloadResult  15: 8192 op, 506433685.00 ns, 61.8205 us/op
// GC:  0 0 0 0 8192
// Threading:  0 0 8192


Mean = 61.918 μs, StdErr = 0.029 μs (0.05%), N = 15, StdDev = 0.112 μs
Min = 61.767 μs, Q1 = 61.827 μs, Median = 61.882 μs, Q3 = 61.991 μs, Max = 62.137 μs
IQR = 0.164 μs, LowerFence = 61.581 μs, UpperFence = 62.237 μs
ConfidenceInterval = [61.798 μs; 62.038 μs] (CI 99.9%), Margin = 0.120 μs (0.19% of Mean)
Skewness = 0.41, Kurtosis = 1.89, MValue = 2

// ** Remained 0 (0.0 %) benchmark(s) to run. Estimated finish 2026-09-23 2:03 (0h 0m from now) **
// ***** BenchmarkRunner: Finish  *****

// * Export *
  home/i/GitHub/tl-w351/benchmarks/PairHandles/results/351-atomA-runheavy-route/bdn-cand-r3/results/PairHandles.PairHandleBenchmarks-report.csv
  home/i/GitHub/tl-w351/benchmarks/PairHandles/results/351-atomA-runheavy-route/bdn-cand-r3/results/PairHandles.PairHandleBenchmarks-report-github.md
  home/i/GitHub/tl-w351/benchmarks/PairHandles/results/351-atomA-runheavy-route/bdn-cand-r3/results/PairHandles.PairHandleBenchmarks-report.html
  home/i/GitHub/tl-w351/benchmarks/PairHandles/results/351-atomA-runheavy-route/bdn-cand-r3/results/PairHandles.PairHandleBenchmarks-report-full.json

// * Detailed results *
PairHandleBenchmarks.Advance: Job-TZECNT(IterationCount=16, IterationTime=200ms, WarmupCount=8) [Shape=LaneUniform]
Runtime = .NET 10.0.12 (10.0.12, 10.0.1226.42308), X64 RyuJIT x86-64-v3; GC = Concurrent Workstation
Mean = 31.493 μs, StdErr = 0.036 μs (0.12%), N = 14, StdDev = 0.136 μs
Min = 31.351 μs, Q1 = 31.387 μs, Median = 31.442 μs, Q3 = 31.578 μs, Max = 31.817 μs
IQR = 0.191 μs, LowerFence = 31.100 μs, UpperFence = 31.864 μs
ConfidenceInterval = [31.340 μs; 31.647 μs] (CI 99.9%), Margin = 0.153 μs (0.49% of Mean)
Skewness = 0.91, Kurtosis = 2.75, MValue = 2
-------------------- Histogram --------------------
[31.277 μs ; 31.891 μs) | @@@@@@@@@@@@@@
---------------------------------------------------

PairHandleBenchmarks.Advance: InProcess(Toolchain=InProcessEmitToolchain) [Shape=LaneUniform]
Runtime = ; GC = 
Mean = 31.513 μs, StdErr = 0.018 μs (0.06%), N = 12, StdDev = 0.061 μs
Min = 31.436 μs, Q1 = 31.465 μs, Median = 31.509 μs, Q3 = 31.540 μs, Max = 31.615 μs
IQR = 0.075 μs, LowerFence = 31.352 μs, UpperFence = 31.653 μs
ConfidenceInterval = [31.435 μs; 31.590 μs] (CI 99.9%), Margin = 0.078 μs (0.25% of Mean)
Skewness = 0.44, Kurtosis = 1.6, MValue = 2
-------------------- Histogram --------------------
[31.401 μs ; 31.650 μs) | @@@@@@@@@@@@
---------------------------------------------------

PairHandleBenchmarks.Advance: Job-TZECNT(IterationCount=16, IterationTime=200ms, WarmupCount=8) [Shape=PairOne]
Runtime = .NET 10.0.12 (10.0.12, 10.0.1226.42308), X64 RyuJIT x86-64-v3; GC = Concurrent Workstation
Mean = 31.188 μs, StdErr = 0.023 μs (0.07%), N = 14, StdDev = 0.087 μs
Min = 31.018 μs, Q1 = 31.144 μs, Median = 31.202 μs, Q3 = 31.250 μs, Max = 31.287 μs
IQR = 0.106 μs, LowerFence = 30.986 μs, UpperFence = 31.408 μs
ConfidenceInterval = [31.091 μs; 31.286 μs] (CI 99.9%), Margin = 0.098 μs (0.31% of Mean)
Skewness = -0.64, Kurtosis = 2.17, MValue = 2
-------------------- Histogram --------------------
[30.971 μs ; 31.334 μs) | @@@@@@@@@@@@@@
---------------------------------------------------

PairHandleBenchmarks.Advance: InProcess(Toolchain=InProcessEmitToolchain) [Shape=PairOne]
Runtime = ; GC = 
Mean = 28.886 μs, StdErr = 0.052 μs (0.18%), N = 15, StdDev = 0.202 μs
Min = 28.367 μs, Q1 = 28.849 μs, Median = 28.956 μs, Q3 = 29.032 μs, Max = 29.084 μs
IQR = 0.184 μs, LowerFence = 28.573 μs, UpperFence = 29.307 μs
ConfidenceInterval = [28.669 μs; 29.102 μs] (CI 99.9%), Margin = 0.216 μs (0.75% of Mean)
Skewness = -1.2, Kurtosis = 3.41, MValue = 2
-------------------- Histogram --------------------
[28.260 μs ; 29.191 μs) | @@@@@@@@@@@@@@@
---------------------------------------------------

PairHandleBenchmarks.Advance: Job-TZECNT(IterationCount=16, IterationTime=200ms, WarmupCount=8) [Shape=PairRuns8]
Runtime = .NET 10.0.12 (10.0.12, 10.0.1226.42308), X64 RyuJIT x86-64-v3; GC = Concurrent Workstation
Mean = 36.581 μs, StdErr = 0.018 μs (0.05%), N = 15, StdDev = 0.071 μs
Min = 36.494 μs, Q1 = 36.529 μs, Median = 36.561 μs, Q3 = 36.615 μs, Max = 36.739 μs
IQR = 0.086 μs, LowerFence = 36.399 μs, UpperFence = 36.744 μs
ConfidenceInterval = [36.505 μs; 36.657 μs] (CI 99.9%), Margin = 0.076 μs (0.21% of Mean)
Skewness = 0.68, Kurtosis = 2.29, MValue = 2
-------------------- Histogram --------------------
[36.456 μs ; 36.777 μs) | @@@@@@@@@@@@@@@
---------------------------------------------------

PairHandleBenchmarks.Advance: InProcess(Toolchain=InProcessEmitToolchain) [Shape=PairRuns8]
Runtime = ; GC = 
Mean = 36.142 μs, StdErr = 0.009 μs (0.03%), N = 14, StdDev = 0.035 μs
Min = 36.092 μs, Q1 = 36.116 μs, Median = 36.144 μs, Q3 = 36.166 μs, Max = 36.211 μs
IQR = 0.050 μs, LowerFence = 36.042 μs, UpperFence = 36.240 μs
ConfidenceInterval = [36.103 μs; 36.182 μs] (CI 99.9%), Margin = 0.039 μs (0.11% of Mean)
Skewness = 0.25, Kurtosis = 1.94, MValue = 2
-------------------- Histogram --------------------
[36.073 μs ; 36.230 μs) | @@@@@@@@@@@@@@
---------------------------------------------------

PairHandleBenchmarks.Advance: Job-TZECNT(IterationCount=16, IterationTime=200ms, WarmupCount=8) [Shape=PairAlternating8]
Runtime = .NET 10.0.12 (10.0.12, 10.0.1226.42308), X64 RyuJIT x86-64-v3; GC = Concurrent Workstation
Mean = 65.996 μs, StdErr = 0.056 μs (0.08%), N = 13, StdDev = 0.202 μs
Min = 65.442 μs, Q1 = 65.955 μs, Median = 66.025 μs, Q3 = 66.151 μs, Max = 66.224 μs
IQR = 0.195 μs, LowerFence = 65.663 μs, UpperFence = 66.443 μs
ConfidenceInterval = [65.754 μs; 66.238 μs] (CI 99.9%), Margin = 0.242 μs (0.37% of Mean)
Skewness = -1.39, Kurtosis = 4.64, MValue = 2
-------------------- Histogram --------------------
[65.329 μs ; 66.337 μs) | @@@@@@@@@@@@@
---------------------------------------------------

PairHandleBenchmarks.Advance: InProcess(Toolchain=InProcessEmitToolchain) [Shape=PairAlternating8]
Runtime = ; GC = 
Mean = 66.039 μs, StdErr = 0.148 μs (0.22%), N = 15, StdDev = 0.574 μs
Min = 64.823 μs, Q1 = 65.707 μs, Median = 66.261 μs, Q3 = 66.399 μs, Max = 66.823 μs
IQR = 0.692 μs, LowerFence = 64.669 μs, UpperFence = 67.437 μs
ConfidenceInterval = [65.425 μs; 66.653 μs] (CI 99.9%), Margin = 0.614 μs (0.93% of Mean)
Skewness = -0.77, Kurtosis = 2.35, MValue = 2
-------------------- Histogram --------------------
[64.518 μs ; 67.030 μs) | @@@@@@@@@@@@@@@
---------------------------------------------------

PairHandleBenchmarks.Advance: Job-TZECNT(IterationCount=16, IterationTime=200ms, WarmupCount=8) [Shape=PairRuns8Waves]
Runtime = .NET 10.0.12 (10.0.12, 10.0.1226.42308), X64 RyuJIT x86-64-v3; GC = Concurrent Workstation
Mean = 28.322 μs, StdErr = 0.050 μs (0.18%), N = 15, StdDev = 0.193 μs
Min = 27.926 μs, Q1 = 28.299 μs, Median = 28.361 μs, Q3 = 28.466 μs, Max = 28.507 μs
IQR = 0.166 μs, LowerFence = 28.050 μs, UpperFence = 28.715 μs
ConfidenceInterval = [28.116 μs; 28.528 μs] (CI 99.9%), Margin = 0.206 μs (0.73% of Mean)
Skewness = -0.98, Kurtosis = 2.51, MValue = 2
-------------------- Histogram --------------------
[27.823 μs ; 28.609 μs) | @@@@@@@@@@@@@@@
---------------------------------------------------

PairHandleBenchmarks.Advance: InProcess(Toolchain=InProcessEmitToolchain) [Shape=PairRuns8Waves]
Runtime = ; GC = 
Mean = 28.215 μs, StdErr = 0.043 μs (0.15%), N = 15, StdDev = 0.168 μs
Min = 27.949 μs, Q1 = 28.113 μs, Median = 28.184 μs, Q3 = 28.380 μs, Max = 28.472 μs
IQR = 0.267 μs, LowerFence = 27.713 μs, UpperFence = 28.780 μs
ConfidenceInterval = [28.035 μs; 28.395 μs] (CI 99.9%), Margin = 0.180 μs (0.64% of Mean)
Skewness = 0.09, Kurtosis = 1.58, MValue = 2
-------------------- Histogram --------------------
[27.890 μs ; 28.562 μs) | @@@@@@@@@@@@@@@
---------------------------------------------------

PairHandleBenchmarks.Advance: Job-TZECNT(IterationCount=16, IterationTime=200ms, WarmupCount=8) [Shape=PairBlocks8Waves]
Runtime = .NET 10.0.12 (10.0.12, 10.0.1226.42308), X64 RyuJIT x86-64-v3; GC = Concurrent Workstation
Mean = 33.048 μs, StdErr = 0.122 μs (0.37%), N = 16, StdDev = 0.488 μs
Min = 32.567 μs, Q1 = 32.603 μs, Median = 32.834 μs, Q3 = 33.457 μs, Max = 33.984 μs
IQR = 0.855 μs, LowerFence = 31.321 μs, UpperFence = 34.740 μs
ConfidenceInterval = [32.551 μs; 33.544 μs] (CI 99.9%), Margin = 0.497 μs (1.50% of Mean)
Skewness = 0.38, Kurtosis = 1.46, MValue = 2
-------------------- Histogram --------------------
[32.404 μs ; 33.184 μs) | @@@@@@@@@
[33.184 μs ; 34.238 μs) | @@@@@@@
---------------------------------------------------

PairHandleBenchmarks.Advance: InProcess(Toolchain=InProcessEmitToolchain) [Shape=PairBlocks8Waves]
Runtime = ; GC = 
Mean = 32.487 μs, StdErr = 0.009 μs (0.03%), N = 15, StdDev = 0.034 μs
Min = 32.426 μs, Q1 = 32.467 μs, Median = 32.494 μs, Q3 = 32.506 μs, Max = 32.550 μs
IQR = 0.039 μs, LowerFence = 32.408 μs, UpperFence = 32.565 μs
ConfidenceInterval = [32.451 μs; 32.522 μs] (CI 99.9%), Margin = 0.036 μs (0.11% of Mean)
Skewness = -0.08, Kurtosis = 2.2, MValue = 2
-------------------- Histogram --------------------
[32.408 μs ; 32.567 μs) | @@@@@@@@@@@@@@@
---------------------------------------------------

PairHandleBenchmarks.Advance: Job-TZECNT(IterationCount=16, IterationTime=200ms, WarmupCount=8) [Shape=PairA(...)Waves [21]]
Runtime = .NET 10.0.12 (10.0.12, 10.0.1226.42308), X64 RyuJIT x86-64-v3; GC = Concurrent Workstation
Mean = 58.919 μs, StdErr = 0.073 μs (0.12%), N = 15, StdDev = 0.281 μs
Min = 58.273 μs, Q1 = 58.802 μs, Median = 58.857 μs, Q3 = 59.016 μs, Max = 59.413 μs
IQR = 0.214 μs, LowerFence = 58.481 μs, UpperFence = 59.338 μs
ConfidenceInterval = [58.618 μs; 59.220 μs] (CI 99.9%), Margin = 0.301 μs (0.51% of Mean)
Skewness = -0.14, Kurtosis = 3.01, MValue = 2
-------------------- Histogram --------------------
[58.238 μs ; 59.415 μs) | @@@@@@@@@@@@@@@
---------------------------------------------------

PairHandleBenchmarks.Advance: InProcess(Toolchain=InProcessEmitToolchain) [Shape=PairA(...)Waves [21]]
Runtime = ; GC = 
Mean = 61.918 μs, StdErr = 0.029 μs (0.05%), N = 15, StdDev = 0.112 μs
Min = 61.767 μs, Q1 = 61.827 μs, Median = 61.882 μs, Q3 = 61.991 μs, Max = 62.137 μs
IQR = 0.164 μs, LowerFence = 61.581 μs, UpperFence = 62.237 μs
ConfidenceInterval = [61.798 μs; 62.038 μs] (CI 99.9%), Margin = 0.120 μs (0.19% of Mean)
Skewness = 0.41, Kurtosis = 1.89, MValue = 2
-------------------- Histogram --------------------
[61.707 μs ; 62.197 μs) | @@@@@@@@@@@@@@@
---------------------------------------------------

// * Summary *

BenchmarkDotNet v0.15.8, Linux Omarchy
Intel Core i9-14900K 0.80GHz, 1 CPU, 32 logical and 24 physical cores
.NET SDK 10.0.401
  [Host]     : .NET 10.0.12 (10.0.12, 10.0.1226.42308), X64 RyuJIT x86-64-v3
  Job-TZECNT : .NET 10.0.12 (10.0.12, 10.0.1226.42308), X64 RyuJIT x86-64-v3


| Method  | Job        | Toolchain              | IterationCount | IterationTime | WarmupCount | Shape                | Mean     | Error    | StdDev   | Median   | Allocated |
|-------- |----------- |----------------------- |--------------- |-------------- |------------ |--------------------- |---------:|---------:|---------:|---------:|----------:|
| Advance | Job-TZECNT | Default                | 16             | 200ms         | 8           | LaneUniform          | 31.49 μs | 0.153 μs | 0.136 μs | 31.44 μs |         - |
| Advance | InProcess  | InProcessEmitToolchain | Default        | Default       | Default     | LaneUniform          | 31.51 μs | 0.078 μs | 0.061 μs | 31.51 μs |         - |
| Advance | Job-TZECNT | Default                | 16             | 200ms         | 8           | PairOne              | 31.19 μs | 0.098 μs | 0.087 μs | 31.20 μs |         - |
| Advance | InProcess  | InProcessEmitToolchain | Default        | Default       | Default     | PairOne              | 28.89 μs | 0.216 μs | 0.202 μs | 28.96 μs |         - |
| Advance | Job-TZECNT | Default                | 16             | 200ms         | 8           | PairRuns8            | 36.58 μs | 0.076 μs | 0.071 μs | 36.56 μs |         - |
| Advance | InProcess  | InProcessEmitToolchain | Default        | Default       | Default     | PairRuns8            | 36.14 μs | 0.039 μs | 0.035 μs | 36.14 μs |         - |
| Advance | Job-TZECNT | Default                | 16             | 200ms         | 8           | PairAlternating8     | 66.00 μs | 0.242 μs | 0.202 μs | 66.03 μs |         - |
| Advance | InProcess  | InProcessEmitToolchain | Default        | Default       | Default     | PairAlternating8     | 66.04 μs | 0.614 μs | 0.574 μs | 66.26 μs |         - |
| Advance | Job-TZECNT | Default                | 16             | 200ms         | 8           | PairRuns8Waves       | 28.32 μs | 0.206 μs | 0.193 μs | 28.36 μs |         - |
| Advance | InProcess  | InProcessEmitToolchain | Default        | Default       | Default     | PairRuns8Waves       | 28.22 μs | 0.180 μs | 0.168 μs | 28.18 μs |         - |
| Advance | Job-TZECNT | Default                | 16             | 200ms         | 8           | PairBlocks8Waves     | 33.05 μs | 0.497 μs | 0.488 μs | 32.83 μs |         - |
| Advance | InProcess  | InProcessEmitToolchain | Default        | Default       | Default     | PairBlocks8Waves     | 32.49 μs | 0.036 μs | 0.034 μs | 32.49 μs |         - |
| Advance | Job-TZECNT | Default                | 16             | 200ms         | 8           | PairA(...)Waves [21] | 58.92 μs | 0.301 μs | 0.281 μs | 58.86 μs |         - |
| Advance | InProcess  | InProcessEmitToolchain | Default        | Default       | Default     | PairA(...)Waves [21] | 61.92 μs | 0.120 μs | 0.112 μs | 61.88 μs |         - |

// * Hints *
Outliers
  PairHandleBenchmarks.Advance: IterationCount=16, IterationTime=200ms, WarmupCount=8 -> 2 outliers were removed (32.75 μs, 40.66 μs)
  PairHandleBenchmarks.Advance: InProcess                                             -> 3 outliers were removed (31.96 μs..32.29 μs)
  PairHandleBenchmarks.Advance: IterationCount=16, IterationTime=200ms, WarmupCount=8 -> 2 outliers were removed (32.41 μs, 36.20 μs)
  PairHandleBenchmarks.Advance: InProcess                                             -> 1 outlier  was  detected (28.37 μs)
  PairHandleBenchmarks.Advance: IterationCount=16, IterationTime=200ms, WarmupCount=8 -> 1 outlier  was  removed (37.95 μs)
  PairHandleBenchmarks.Advance: InProcess                                             -> 1 outlier  was  removed (36.28 μs)
  PairHandleBenchmarks.Advance: IterationCount=16, IterationTime=200ms, WarmupCount=8 -> 3 outliers were removed, 4 outliers were detected (65.44 μs, 66.65 μs..70.97 μs)
  PairHandleBenchmarks.Advance: IterationCount=16, IterationTime=200ms, WarmupCount=8 -> 1 outlier  was  removed, 3 outliers were detected (27.93 μs, 27.95 μs, 29.50 μs)
  PairHandleBenchmarks.Advance: IterationCount=16, IterationTime=200ms, WarmupCount=8 -> 1 outlier  was  removed, 2 outliers were detected (58.27 μs, 60.02 μs)

// * Legends *
  Shape     : Value of the 'Shape' parameter
  Mean      : Arithmetic mean of all measurements
  Error     : Half of 99.9% confidence interval
  StdDev    : Standard deviation of all measurements
  Median    : Value separating the higher half of all measurements (50th percentile)
  Allocated : Allocated memory per single operation (managed only, inclusive, 1KB = 1024B)
  1 μs      : 1 Microsecond (0.000001 sec)

// * Diagnostic Output - MemoryDiagnoser *


// ***** BenchmarkRunner: End *****
Run time: 00:02:42 (162.02 sec), executed benchmarks: 14

Global total time: 00:02:46 (166.66 sec), executed benchmarks: 14
// * Artifacts cleanup *
Artifacts cleanup is finished
