// Validating benchmarks:
// ***** BenchmarkRunner: Start   *****
// ***** Found 10 benchmark(s) in total *****
// ***** Building 1 exe(s) in Parallel: Start   *****
// start dotnet  restore --nodeReuse:false /p:UseSharedCompilation=false /p:Deterministic=true /p:Optimize=true /p:ArtifactsPath="/home/i/Work/tl-v1-alpha-checkpoint-27-docs-alpha3-plan-33-feat-generated-tick-10-perf-alpha3-query-floor/benchmarks/Alpha/bin/Release/net10.0/Alpha-Jit-1/" /p:OutDir="/home/i/Work/tl-v1-alpha-checkpoint-27-docs-alpha3-plan-33-feat-generated-tick-10-perf-alpha3-query-floor/benchmarks/Alpha/bin/Release/net10.0/Alpha-Jit-1/bin/Release/net10.0/" /p:OutputPath="/home/i/Work/tl-v1-alpha-checkpoint-27-docs-alpha3-plan-33-feat-generated-tick-10-perf-alpha3-query-floor/benchmarks/Alpha/bin/Release/net10.0/Alpha-Jit-1/bin/Release/net10.0/" /p:PublishDir="/home/i/Work/tl-v1-alpha-checkpoint-27-docs-alpha3-plan-33-feat-generated-tick-10-perf-alpha3-query-floor/benchmarks/Alpha/bin/Release/net10.0/Alpha-Jit-1/publish/" in /home/i/Work/tl-v1-alpha-checkpoint-27-docs-alpha3-plan-33-feat-generated-tick-10-perf-alpha3-query-floor/benchmarks/Alpha/bin/Release/net10.0/Alpha-Jit-1
// command took 0.82 sec and exited with 0
// start dotnet  build -c Release --no-restore --nodeReuse:false /p:UseSharedCompilation=false /p:Deterministic=true /p:Optimize=true /p:ArtifactsPath="/home/i/Work/tl-v1-alpha-checkpoint-27-docs-alpha3-plan-33-feat-generated-tick-10-perf-alpha3-query-floor/benchmarks/Alpha/bin/Release/net10.0/Alpha-Jit-1/" /p:OutDir="/home/i/Work/tl-v1-alpha-checkpoint-27-docs-alpha3-plan-33-feat-generated-tick-10-perf-alpha3-query-floor/benchmarks/Alpha/bin/Release/net10.0/Alpha-Jit-1/bin/Release/net10.0/" /p:OutputPath="/home/i/Work/tl-v1-alpha-checkpoint-27-docs-alpha3-plan-33-feat-generated-tick-10-perf-alpha3-query-floor/benchmarks/Alpha/bin/Release/net10.0/Alpha-Jit-1/bin/Release/net10.0/" /p:PublishDir="/home/i/Work/tl-v1-alpha-checkpoint-27-docs-alpha3-plan-33-feat-generated-tick-10-perf-alpha3-query-floor/benchmarks/Alpha/bin/Release/net10.0/Alpha-Jit-1/publish/" --output "/home/i/Work/tl-v1-alpha-checkpoint-27-docs-alpha3-plan-33-feat-generated-tick-10-perf-alpha3-query-floor/benchmarks/Alpha/bin/Release/net10.0/Alpha-Jit-1/bin/Release/net10.0/" in /home/i/Work/tl-v1-alpha-checkpoint-27-docs-alpha3-plan-33-feat-generated-tick-10-perf-alpha3-query-floor/benchmarks/Alpha/bin/Release/net10.0/Alpha-Jit-1
// command took 3.96 sec and exited with 0
// ***** Done, took 00:00:04 (4.81 sec)   *****
// Found 6 benchmarks:
//   BatchCatalogQueryBenchmarks.DirectBatch: Jit(IterationCount=12, IterationTime=250ms, WarmupCount=16) [Rows=1]
//   BatchCatalogQueryBenchmarks.GeneratedQueryBatch: Jit(IterationCount=12, IterationTime=250ms, WarmupCount=16) [Rows=1]
//   BatchCatalogQueryBenchmarks.DirectBatch: Jit(IterationCount=12, IterationTime=250ms, WarmupCount=16) [Rows=32]
//   BatchCatalogQueryBenchmarks.GeneratedQueryBatch: Jit(IterationCount=12, IterationTime=250ms, WarmupCount=16) [Rows=32]
//   BatchCatalogQueryBenchmarks.DirectBatch: Jit(IterationCount=12, IterationTime=250ms, WarmupCount=16) [Rows=10000]
//   BatchCatalogQueryBenchmarks.GeneratedQueryBatch: Jit(IterationCount=12, IterationTime=250ms, WarmupCount=16) [Rows=10000]

// **************************
// Benchmark: BatchCatalogQueryBenchmarks.DirectBatch: Jit(IterationCount=12, IterationTime=250ms, WarmupCount=16) [Rows=1]
// *** Execute ***
// Launch: 1 / 1
// Execute: dotnet Alpha-Jit-1.dll --anonymousPipes 132 133 --benchmarkName "BatchCatalogQueryBenchmarks.DirectBatch(Rows: 1)" --job Jit --benchmarkId 0 in /home/i/Work/tl-v1-alpha-checkpoint-27-docs-alpha3-plan-33-feat-generated-tick-10-perf-alpha3-query-floor/benchmarks/Alpha/bin/Release/net10.0/Alpha-Jit-1/bin/Release/net10.0
// Failed to set up high priority (Permission denied). In order to run benchmarks with high priority, make sure you have the right permissions.
// BeforeAnythingElse

// Benchmark Process Environment Information:
// BenchmarkDotNet v0.15.8
// Runtime=.NET 10.0.12 (10.0.12, 10.0.1226.42308), X64 RyuJIT x86-64-v3
// GC=Concurrent Workstation
// HardwareIntrinsics=AVX2+BMI1+BMI2+F16C+FMA+LZCNT+MOVBE,AVX,SSE3+SSSE3+SSE4.1+SSE4.2+POPCNT,X86Base+SSE+SSE2,AES+PCLMUL,AvxVnni,SERIALIZE VectorSize=256
// Job: Jit(IterationCount=12, IterationTime=250ms, WarmupCount=16)

OverheadJitting  1: 1 op, 103471.00 ns, 103.4710 us/op
WorkloadJitting  1: 1 op, 111681.00 ns, 111.6810 us/op

OverheadJitting  2: 16 op, 112676.00 ns, 7.0423 us/op
WorkloadJitting  2: 16 op, 137194.00 ns, 8.5746 us/op

WorkloadPilot    1: 16 op, 15821.00 ns, 988.8125 ns/op
WorkloadPilot    2: 252832 op, 157600564.00 ns, 623.3410 ns/op
WorkloadPilot    3: 401072 op, 56567074.00 ns, 141.0397 ns/op
WorkloadPilot    4: 1772560 op, 249122358.00 ns, 140.5438 ns/op
WorkloadPilot    5: 1778816 op, 253108486.00 ns, 142.2904 ns/op
WorkloadPilot    6: 1756976 op, 248135303.00 ns, 141.2286 ns/op
WorkloadPilot    7: 1770192 op, 247628146.00 ns, 139.8877 ns/op
WorkloadPilot    8: 1787152 op, 249648939.00 ns, 139.6909 ns/op
WorkloadPilot    9: 1789680 op, 248989653.00 ns, 139.1252 ns/op
WorkloadPilot   10: 1796944 op, 253497494.00 ns, 141.0714 ns/op
WorkloadPilot   11: 1772160 op, 252396026.00 ns, 142.4228 ns/op

OverheadWarmup   1: 1772160 op, 2905671.00 ns, 1.6396 ns/op
OverheadWarmup   2: 1772160 op, 2902603.00 ns, 1.6379 ns/op
OverheadWarmup   3: 1772160 op, 2900800.00 ns, 1.6369 ns/op
OverheadWarmup   4: 1772160 op, 2899814.00 ns, 1.6363 ns/op
OverheadWarmup   5: 1772160 op, 2910600.00 ns, 1.6424 ns/op
OverheadWarmup   6: 1772160 op, 2899804.00 ns, 1.6363 ns/op
OverheadWarmup   7: 1772160 op, 2901789.00 ns, 1.6374 ns/op
OverheadWarmup   8: 1772160 op, 2901011.00 ns, 1.6370 ns/op

OverheadActual   1: 1772160 op, 2904178.00 ns, 1.6388 ns/op
OverheadActual   2: 1772160 op, 2903697.00 ns, 1.6385 ns/op
OverheadActual   3: 1772160 op, 2902439.00 ns, 1.6378 ns/op
OverheadActual   4: 1772160 op, 2903747.00 ns, 1.6385 ns/op
OverheadActual   5: 1772160 op, 2906859.00 ns, 1.6403 ns/op
OverheadActual   6: 1772160 op, 2902065.00 ns, 1.6376 ns/op
OverheadActual   7: 1772160 op, 2900680.00 ns, 1.6368 ns/op
OverheadActual   8: 1772160 op, 2900287.00 ns, 1.6366 ns/op
OverheadActual   9: 1772160 op, 2900990.00 ns, 1.6370 ns/op
OverheadActual  10: 1772160 op, 2900286.00 ns, 1.6366 ns/op
OverheadActual  11: 1772160 op, 2900446.00 ns, 1.6367 ns/op
OverheadActual  12: 1772160 op, 2901146.00 ns, 1.6371 ns/op
OverheadActual  13: 1772160 op, 2900531.00 ns, 1.6367 ns/op
OverheadActual  14: 1772160 op, 2901180.00 ns, 1.6371 ns/op
OverheadActual  15: 1772160 op, 2906956.00 ns, 1.6403 ns/op

WorkloadWarmup   1: 1772160 op, 251875331.00 ns, 142.1290 ns/op
WorkloadWarmup   2: 1772160 op, 250686738.00 ns, 141.4583 ns/op
WorkloadWarmup   3: 1772160 op, 249127913.00 ns, 140.5787 ns/op
WorkloadWarmup   4: 1772160 op, 248499083.00 ns, 140.2238 ns/op
WorkloadWarmup   5: 1772160 op, 252444818.00 ns, 142.4504 ns/op
WorkloadWarmup   6: 1772160 op, 247563559.00 ns, 139.6959 ns/op
WorkloadWarmup   7: 1772160 op, 248374652.00 ns, 140.1536 ns/op
WorkloadWarmup   8: 1772160 op, 246128326.00 ns, 138.8861 ns/op
WorkloadWarmup   9: 1772160 op, 248734311.00 ns, 140.3566 ns/op
WorkloadWarmup  10: 1772160 op, 250158285.00 ns, 141.1601 ns/op
WorkloadWarmup  11: 1772160 op, 248290485.00 ns, 140.1061 ns/op
WorkloadWarmup  12: 1772160 op, 254410258.00 ns, 143.5594 ns/op
WorkloadWarmup  13: 1772160 op, 247336894.00 ns, 139.5680 ns/op
WorkloadWarmup  14: 1772160 op, 249338064.00 ns, 140.6973 ns/op
WorkloadWarmup  15: 1772160 op, 249502655.00 ns, 140.7901 ns/op
WorkloadWarmup  16: 1772160 op, 250668805.00 ns, 141.4482 ns/op

// BeforeActualRun
WorkloadActual   1: 1772160 op, 250138562.00 ns, 141.1490 ns/op
WorkloadActual   2: 1772160 op, 251879529.00 ns, 142.1314 ns/op
WorkloadActual   3: 1772160 op, 247385521.00 ns, 139.5955 ns/op
WorkloadActual   4: 1772160 op, 248663502.00 ns, 140.3166 ns/op
WorkloadActual   5: 1772160 op, 251238096.00 ns, 141.7694 ns/op
WorkloadActual   6: 1772160 op, 252057775.00 ns, 142.2320 ns/op
WorkloadActual   7: 1772160 op, 247864836.00 ns, 139.8659 ns/op
WorkloadActual   8: 1772160 op, 250085980.00 ns, 141.1193 ns/op
WorkloadActual   9: 1772160 op, 247800374.00 ns, 139.8296 ns/op
WorkloadActual  10: 1772160 op, 250326829.00 ns, 141.2552 ns/op
WorkloadActual  11: 1772160 op, 251783205.00 ns, 142.0770 ns/op
WorkloadActual  12: 1772160 op, 251903624.00 ns, 142.1450 ns/op

// AfterActualRun
WorkloadResult   1: 1772160 op, 247237382.00 ns, 139.5119 ns/op
WorkloadResult   2: 1772160 op, 248978349.00 ns, 140.4943 ns/op
WorkloadResult   3: 1772160 op, 244484341.00 ns, 137.9584 ns/op
WorkloadResult   4: 1772160 op, 245762322.00 ns, 138.6795 ns/op
WorkloadResult   5: 1772160 op, 248336916.00 ns, 140.1323 ns/op
WorkloadResult   6: 1772160 op, 249156595.00 ns, 140.5949 ns/op
WorkloadResult   7: 1772160 op, 244963656.00 ns, 138.2289 ns/op
WorkloadResult   8: 1772160 op, 247184800.00 ns, 139.4822 ns/op
WorkloadResult   9: 1772160 op, 244899194.00 ns, 138.1925 ns/op
WorkloadResult  10: 1772160 op, 247425649.00 ns, 139.6181 ns/op
WorkloadResult  11: 1772160 op, 248882025.00 ns, 140.4399 ns/op
WorkloadResult  12: 1772160 op, 249002444.00 ns, 140.5079 ns/op
// GC:  0 0 0 0 1772160
// Threading:  0 0 1772160

// AfterAll
// Benchmark Process 392233 has exited with code 0.

Mean = 139.487 ns, StdErr = 0.287 ns (0.21%), N = 12, StdDev = 0.994 ns
Min = 137.958 ns, Q1 = 138.567 ns, Median = 139.565 ns, Q3 = 140.454 ns, Max = 140.595 ns
IQR = 1.887 ns, LowerFence = 135.737 ns, UpperFence = 143.283 ns
ConfidenceInterval = [138.213 ns; 140.760 ns] (CI 99.9%), Margin = 1.273 ns (0.91% of Mean)
Skewness = -0.31, Kurtosis = 1.35, MValue = 2

// ** Remained 9 (90.0 %) benchmark(s) to run. Estimated finish 2026-09-11 6:01 (0h 1m from now) **
// **************************
// Benchmark: BatchCatalogQueryBenchmarks.GeneratedQueryBatch: Jit(IterationCount=12, IterationTime=250ms, WarmupCount=16) [Rows=1]
// *** Execute ***
// Launch: 1 / 1
// Execute: dotnet Alpha-Jit-1.dll --anonymousPipes 132 133 --benchmarkName "BatchCatalogQueryBenchmarks.GeneratedQueryBatch(Rows: 1)" --job Jit --benchmarkId 1 in /home/i/Work/tl-v1-alpha-checkpoint-27-docs-alpha3-plan-33-feat-generated-tick-10-perf-alpha3-query-floor/benchmarks/Alpha/bin/Release/net10.0/Alpha-Jit-1/bin/Release/net10.0
// Failed to set up high priority (Permission denied). In order to run benchmarks with high priority, make sure you have the right permissions.
// BeforeAnythingElse

// Benchmark Process Environment Information:
// BenchmarkDotNet v0.15.8
// Runtime=.NET 10.0.12 (10.0.12, 10.0.1226.42308), X64 RyuJIT x86-64-v3
// GC=Concurrent Workstation
// HardwareIntrinsics=AVX2+BMI1+BMI2+F16C+FMA+LZCNT+MOVBE,AVX,SSE3+SSSE3+SSE4.1+SSE4.2+POPCNT,X86Base+SSE+SSE2,AES+PCLMUL,AvxVnni,SERIALIZE VectorSize=256
// Job: Jit(IterationCount=12, IterationTime=250ms, WarmupCount=16)

OverheadJitting  1: 1 op, 99658.00 ns, 99.6580 us/op
WorkloadJitting  1: 1 op, 109780.00 ns, 109.7800 us/op

OverheadJitting  2: 16 op, 113829.00 ns, 7.1143 us/op
WorkloadJitting  2: 16 op, 175129.00 ns, 10.9456 us/op

WorkloadPilot    1: 16 op, 55987.00 ns, 3.4992 us/op
WorkloadPilot    2: 71456 op, 165067835.00 ns, 2.3101 us/op
WorkloadPilot    3: 108224 op, 28451844.00 ns, 262.8977 ns/op
WorkloadPilot    4: 950944 op, 252019677.00 ns, 265.0205 ns/op
WorkloadPilot    5: 943328 op, 250071305.00 ns, 265.0948 ns/op
WorkloadPilot    6: 943072 op, 251766279.00 ns, 266.9640 ns/op

OverheadWarmup   1: 943072 op, 1550662.00 ns, 1.6443 ns/op
OverheadWarmup   2: 943072 op, 1553824.00 ns, 1.6476 ns/op
OverheadWarmup   3: 943072 op, 1542937.00 ns, 1.6361 ns/op
OverheadWarmup   4: 943072 op, 1554337.00 ns, 1.6482 ns/op
OverheadWarmup   5: 943072 op, 1551793.00 ns, 1.6455 ns/op

OverheadActual   1: 943072 op, 1551262.00 ns, 1.6449 ns/op
OverheadActual   2: 943072 op, 1554151.00 ns, 1.6480 ns/op
OverheadActual   3: 943072 op, 1549412.00 ns, 1.6429 ns/op
OverheadActual   4: 943072 op, 1552113.00 ns, 1.6458 ns/op
OverheadActual   5: 943072 op, 1550090.00 ns, 1.6437 ns/op
OverheadActual   6: 943072 op, 1544904.00 ns, 1.6382 ns/op
OverheadActual   7: 943072 op, 1544321.00 ns, 1.6375 ns/op
OverheadActual   8: 943072 op, 1544541.00 ns, 1.6378 ns/op
OverheadActual   9: 943072 op, 1544756.00 ns, 1.6380 ns/op
OverheadActual  10: 943072 op, 1545841.00 ns, 1.6392 ns/op
OverheadActual  11: 943072 op, 1551758.00 ns, 1.6454 ns/op
OverheadActual  12: 943072 op, 1542882.00 ns, 1.6360 ns/op
OverheadActual  13: 943072 op, 1544253.00 ns, 1.6375 ns/op
OverheadActual  14: 943072 op, 1544723.00 ns, 1.6380 ns/op
OverheadActual  15: 943072 op, 1543119.00 ns, 1.6363 ns/op

WorkloadWarmup   1: 943072 op, 246737377.00 ns, 261.6315 ns/op
WorkloadWarmup   2: 943072 op, 243748744.00 ns, 258.4625 ns/op
WorkloadWarmup   3: 943072 op, 245031179.00 ns, 259.8223 ns/op
WorkloadWarmup   4: 943072 op, 249988577.00 ns, 265.0790 ns/op
WorkloadWarmup   5: 943072 op, 246195525.00 ns, 261.0570 ns/op
WorkloadWarmup   6: 943072 op, 248693538.00 ns, 263.7058 ns/op
WorkloadWarmup   7: 943072 op, 243323540.00 ns, 258.0116 ns/op
WorkloadWarmup   8: 943072 op, 247421182.00 ns, 262.3566 ns/op
WorkloadWarmup   9: 943072 op, 250089748.00 ns, 265.1863 ns/op
WorkloadWarmup  10: 943072 op, 251061244.00 ns, 266.2164 ns/op
WorkloadWarmup  11: 943072 op, 245630355.00 ns, 260.4577 ns/op
WorkloadWarmup  12: 943072 op, 243603096.00 ns, 258.3081 ns/op
WorkloadWarmup  13: 943072 op, 247309568.00 ns, 262.2383 ns/op
WorkloadWarmup  14: 943072 op, 244438380.00 ns, 259.1938 ns/op
WorkloadWarmup  15: 943072 op, 243645567.00 ns, 258.3531 ns/op
WorkloadWarmup  16: 943072 op, 247477232.00 ns, 262.4161 ns/op

// BeforeActualRun
WorkloadActual   1: 943072 op, 244741623.00 ns, 259.5153 ns/op
WorkloadActual   2: 943072 op, 249222571.00 ns, 264.2667 ns/op
WorkloadActual   3: 943072 op, 248909004.00 ns, 263.9343 ns/op
WorkloadActual   4: 943072 op, 253097788.00 ns, 268.3759 ns/op
WorkloadActual   5: 943072 op, 250235041.00 ns, 265.3403 ns/op
WorkloadActual   6: 943072 op, 247298030.00 ns, 262.2260 ns/op
WorkloadActual   7: 943072 op, 244163154.00 ns, 258.9019 ns/op
WorkloadActual   8: 943072 op, 247107094.00 ns, 262.0236 ns/op
WorkloadActual   9: 943072 op, 249525791.00 ns, 264.5883 ns/op
WorkloadActual  10: 943072 op, 246454098.00 ns, 261.3312 ns/op
WorkloadActual  11: 943072 op, 246266751.00 ns, 261.1325 ns/op
WorkloadActual  12: 943072 op, 248226056.00 ns, 263.2101 ns/op

// AfterActualRun
WorkloadResult   1: 943072 op, 243196719.00 ns, 257.8771 ns/op
WorkloadResult   2: 943072 op, 247677667.00 ns, 262.6286 ns/op
WorkloadResult   3: 943072 op, 247364100.00 ns, 262.2961 ns/op
WorkloadResult   4: 943072 op, 251552884.00 ns, 266.7377 ns/op
WorkloadResult   5: 943072 op, 248690137.00 ns, 263.7022 ns/op
WorkloadResult   6: 943072 op, 245753126.00 ns, 260.5879 ns/op
WorkloadResult   7: 943072 op, 242618250.00 ns, 257.2638 ns/op
WorkloadResult   8: 943072 op, 245562190.00 ns, 260.3854 ns/op
WorkloadResult   9: 943072 op, 247980887.00 ns, 262.9501 ns/op
WorkloadResult  10: 943072 op, 244909194.00 ns, 259.6930 ns/op
WorkloadResult  11: 943072 op, 244721847.00 ns, 259.4943 ns/op
WorkloadResult  12: 943072 op, 246681152.00 ns, 261.5719 ns/op
// GC:  0 0 0 32 943072
// Threading:  0 0 943072

// AfterAll
// Benchmark Process 392313 has exited with code 0.

Mean = 261.266 ns, StdErr = 0.759 ns (0.29%), N = 12, StdDev = 2.630 ns
Min = 257.264 ns, Q1 = 259.643 ns, Median = 261.080 ns, Q3 = 262.709 ns, Max = 266.738 ns
IQR = 3.066 ns, LowerFence = 255.045 ns, UpperFence = 267.307 ns
ConfidenceInterval = [257.897 ns; 264.634 ns] (CI 99.9%), Margin = 3.368 ns (1.29% of Mean)
Skewness = 0.34, Kurtosis = 2.35, MValue = 2

// ** Remained 8 (80.0 %) benchmark(s) to run. Estimated finish 2026-09-11 6:01 (0h 1m from now) **
// **************************
// Benchmark: BatchCatalogQueryBenchmarks.DirectBatch: Jit(IterationCount=12, IterationTime=250ms, WarmupCount=16) [Rows=32]
// *** Execute ***
// Launch: 1 / 1
// Execute: dotnet Alpha-Jit-1.dll --anonymousPipes 132 133 --benchmarkName "BatchCatalogQueryBenchmarks.DirectBatch(Rows: 32)" --job Jit --benchmarkId 2 in /home/i/Work/tl-v1-alpha-checkpoint-27-docs-alpha3-plan-33-feat-generated-tick-10-perf-alpha3-query-floor/benchmarks/Alpha/bin/Release/net10.0/Alpha-Jit-1/bin/Release/net10.0
// Failed to set up high priority (Permission denied). In order to run benchmarks with high priority, make sure you have the right permissions.
// BeforeAnythingElse

// Benchmark Process Environment Information:
// BenchmarkDotNet v0.15.8
// Runtime=.NET 10.0.12 (10.0.12, 10.0.1226.42308), X64 RyuJIT x86-64-v3
// GC=Concurrent Workstation
// HardwareIntrinsics=AVX2+BMI1+BMI2+F16C+FMA+LZCNT+MOVBE,AVX,SSE3+SSSE3+SSE4.1+SSE4.2+POPCNT,X86Base+SSE+SSE2,AES+PCLMUL,AvxVnni,SERIALIZE VectorSize=256
// Job: Jit(IterationCount=12, IterationTime=250ms, WarmupCount=16)

OverheadJitting  1: 1 op, 173654.00 ns, 173.6540 us/op
WorkloadJitting  1: 1 op, 189062.00 ns, 189.0620 us/op

OverheadJitting  2: 16 op, 168955.00 ns, 10.5597 us/op
WorkloadJitting  2: 16 op, 1570430.00 ns, 98.1519 us/op

WorkloadPilot    1: 16 op, 325333.00 ns, 20.3333 us/op
WorkloadPilot    2: 12304 op, 130651559.00 ns, 10.6186 us/op
WorkloadPilot    3: 23552 op, 101443325.00 ns, 4.3072 us/op
WorkloadPilot    4: 58048 op, 225891567.00 ns, 3.8915 us/op
WorkloadPilot    5: 64256 op, 252612197.00 ns, 3.9313 us/op
WorkloadPilot    6: 63600 op, 244422803.00 ns, 3.8431 us/op
WorkloadPilot    7: 65056 op, 250024026.00 ns, 3.8432 us/op

OverheadWarmup   1: 65056 op, 118814.00 ns, 1.8263 ns/op
OverheadWarmup   2: 65056 op, 118465.00 ns, 1.8210 ns/op
OverheadWarmup   3: 65056 op, 118112.00 ns, 1.8155 ns/op
OverheadWarmup   4: 65056 op, 117880.00 ns, 1.8120 ns/op
OverheadWarmup   5: 65056 op, 117894.00 ns, 1.8122 ns/op
OverheadWarmup   6: 65056 op, 117844.00 ns, 1.8114 ns/op
OverheadWarmup   7: 65056 op, 117859.00 ns, 1.8117 ns/op
OverheadWarmup   8: 65056 op, 118118.00 ns, 1.8156 ns/op
OverheadWarmup   9: 65056 op, 117794.00 ns, 1.8107 ns/op

OverheadActual   1: 65056 op, 118245.00 ns, 1.8176 ns/op
OverheadActual   2: 65056 op, 118286.00 ns, 1.8182 ns/op
OverheadActual   3: 65056 op, 118358.00 ns, 1.8193 ns/op
OverheadActual   4: 65056 op, 118008.00 ns, 1.8139 ns/op
OverheadActual   5: 65056 op, 118237.00 ns, 1.8175 ns/op
OverheadActual   6: 65056 op, 121341.00 ns, 1.8652 ns/op
OverheadActual   7: 65056 op, 118156.00 ns, 1.8162 ns/op
OverheadActual   8: 65056 op, 120151.00 ns, 1.8469 ns/op
OverheadActual   9: 65056 op, 117818.00 ns, 1.8110 ns/op
OverheadActual  10: 65056 op, 117793.00 ns, 1.8106 ns/op
OverheadActual  11: 65056 op, 117817.00 ns, 1.8110 ns/op
OverheadActual  12: 65056 op, 120747.00 ns, 1.8560 ns/op
OverheadActual  13: 65056 op, 117811.00 ns, 1.8109 ns/op
OverheadActual  14: 65056 op, 117826.00 ns, 1.8111 ns/op
OverheadActual  15: 65056 op, 117872.00 ns, 1.8119 ns/op

WorkloadWarmup   1: 65056 op, 255872005.00 ns, 3.9331 us/op
WorkloadWarmup   2: 65056 op, 251212750.00 ns, 3.8615 us/op
WorkloadWarmup   3: 65056 op, 256444469.00 ns, 3.9419 us/op
WorkloadWarmup   4: 65056 op, 256941280.00 ns, 3.9495 us/op
WorkloadWarmup   5: 65056 op, 254606890.00 ns, 3.9137 us/op
WorkloadWarmup   6: 65056 op, 249198093.00 ns, 3.8305 us/op
WorkloadWarmup   7: 65056 op, 254808231.00 ns, 3.9168 us/op
WorkloadWarmup   8: 65056 op, 254596373.00 ns, 3.9135 us/op
WorkloadWarmup   9: 65056 op, 258300518.00 ns, 3.9704 us/op
WorkloadWarmup  10: 65056 op, 252363181.00 ns, 3.8792 us/op
WorkloadWarmup  11: 65056 op, 251226723.00 ns, 3.8617 us/op
WorkloadWarmup  12: 65056 op, 254861991.00 ns, 3.9176 us/op
WorkloadWarmup  13: 65056 op, 254403863.00 ns, 3.9105 us/op
WorkloadWarmup  14: 65056 op, 256708464.00 ns, 3.9460 us/op
WorkloadWarmup  15: 65056 op, 256192981.00 ns, 3.9380 us/op
WorkloadWarmup  16: 65056 op, 256181457.00 ns, 3.9379 us/op

// BeforeActualRun
WorkloadActual   1: 65056 op, 258181625.00 ns, 3.9686 us/op
WorkloadActual   2: 65056 op, 257380614.00 ns, 3.9563 us/op
WorkloadActual   3: 65056 op, 259272409.00 ns, 3.9854 us/op
WorkloadActual   4: 65056 op, 253347776.00 ns, 3.8943 us/op
WorkloadActual   5: 65056 op, 250190448.00 ns, 3.8458 us/op
WorkloadActual   6: 65056 op, 255486068.00 ns, 3.9272 us/op
WorkloadActual   7: 65056 op, 255961530.00 ns, 3.9345 us/op
WorkloadActual   8: 65056 op, 256604411.00 ns, 3.9444 us/op
WorkloadActual   9: 65056 op, 257300988.00 ns, 3.9551 us/op
WorkloadActual  10: 65056 op, 258763580.00 ns, 3.9776 us/op
WorkloadActual  11: 65056 op, 262660912.00 ns, 4.0375 us/op
WorkloadActual  12: 65056 op, 253809851.00 ns, 3.9014 us/op

// AfterActualRun
WorkloadResult   1: 65056 op, 258063469.00 ns, 3.9668 us/op
WorkloadResult   2: 65056 op, 257262458.00 ns, 3.9545 us/op
WorkloadResult   3: 65056 op, 259154253.00 ns, 3.9836 us/op
WorkloadResult   4: 65056 op, 253229620.00 ns, 3.8925 us/op
WorkloadResult   5: 65056 op, 250072292.00 ns, 3.8440 us/op
WorkloadResult   6: 65056 op, 255367912.00 ns, 3.9254 us/op
WorkloadResult   7: 65056 op, 255843374.00 ns, 3.9327 us/op
WorkloadResult   8: 65056 op, 256486255.00 ns, 3.9425 us/op
WorkloadResult   9: 65056 op, 257182832.00 ns, 3.9533 us/op
WorkloadResult  10: 65056 op, 258645424.00 ns, 3.9757 us/op
WorkloadResult  11: 65056 op, 262542756.00 ns, 4.0356 us/op
WorkloadResult  12: 65056 op, 253691695.00 ns, 3.8996 us/op
// GC:  0 0 0 0 65056
// Threading:  0 0 65056

// AfterAll
// Benchmark Process 392367 has exited with code 0.

Mean = 3.942 μs, StdErr = 0.014 μs (0.36%), N = 12, StdDev = 0.049 μs
Min = 3.844 μs, Q1 = 3.919 μs, Median = 3.948 μs, Q3 = 3.969 μs, Max = 4.036 μs
IQR = 0.050 μs, LowerFence = 3.844 μs, UpperFence = 4.044 μs
ConfidenceInterval = [3.879 μs; 4.005 μs] (CI 99.9%), Margin = 0.063 μs (1.60% of Mean)
Skewness = -0.15, Kurtosis = 2.58, MValue = 2

// ** Remained 7 (70.0 %) benchmark(s) to run. Estimated finish 2026-09-11 6:01 (0h 1m from now) **
// **************************
// Benchmark: BatchCatalogQueryBenchmarks.GeneratedQueryBatch: Jit(IterationCount=12, IterationTime=250ms, WarmupCount=16) [Rows=32]
// *** Execute ***
// Launch: 1 / 1
// Execute: dotnet Alpha-Jit-1.dll --anonymousPipes 132 133 --benchmarkName "BatchCatalogQueryBenchmarks.GeneratedQueryBatch(Rows: 32)" --job Jit --benchmarkId 3 in /home/i/Work/tl-v1-alpha-checkpoint-27-docs-alpha3-plan-33-feat-generated-tick-10-perf-alpha3-query-floor/benchmarks/Alpha/bin/Release/net10.0/Alpha-Jit-1/bin/Release/net10.0
// Failed to set up high priority (Permission denied). In order to run benchmarks with high priority, make sure you have the right permissions.
// BeforeAnythingElse

// Benchmark Process Environment Information:
// BenchmarkDotNet v0.15.8
// Runtime=.NET 10.0.12 (10.0.12, 10.0.1226.42308), X64 RyuJIT x86-64-v3
// GC=Concurrent Workstation
// HardwareIntrinsics=AVX2+BMI1+BMI2+F16C+FMA+LZCNT+MOVBE,AVX,SSE3+SSSE3+SSE4.1+SSE4.2+POPCNT,X86Base+SSE+SSE2,AES+PCLMUL,AvxVnni,SERIALIZE VectorSize=256
// Job: Jit(IterationCount=12, IterationTime=250ms, WarmupCount=16)

OverheadJitting  1: 1 op, 104909.00 ns, 104.9090 us/op
WorkloadJitting  1: 1 op, 1408685.00 ns, 1.4087 ms/op

OverheadJitting  2: 16 op, 115472.00 ns, 7.2170 us/op
WorkloadJitting  2: 16 op, 783814.00 ns, 48.9884 us/op

WorkloadPilot    1: 16 op, 637059.00 ns, 39.8162 us/op
WorkloadPilot    2: 6288 op, 178517745.00 ns, 28.3902 us/op
WorkloadPilot    3: 8816 op, 164727129.00 ns, 18.6850 us/op
WorkloadPilot    4: 13392 op, 256632188.00 ns, 19.1631 us/op
WorkloadPilot    5: 13056 op, 240648242.00 ns, 18.4320 us/op
WorkloadPilot    6: 13568 op, 265762381.00 ns, 19.5874 us/op
WorkloadPilot    7: 12768 op, 246361098.00 ns, 19.2952 us/op
WorkloadPilot    8: 12960 op, 263380539.00 ns, 20.3226 us/op

OverheadWarmup   1: 12960 op, 37844.00 ns, 2.9201 ns/op
OverheadWarmup   2: 12960 op, 38883.00 ns, 3.0002 ns/op
OverheadWarmup   3: 12960 op, 31241.00 ns, 2.4106 ns/op
OverheadWarmup   4: 12960 op, 30910.00 ns, 2.3850 ns/op
OverheadWarmup   5: 12960 op, 35422.00 ns, 2.7332 ns/op
OverheadWarmup   6: 12960 op, 32303.00 ns, 2.4925 ns/op

OverheadActual   1: 12960 op, 37064.00 ns, 2.8599 ns/op
OverheadActual   2: 12960 op, 31408.00 ns, 2.4235 ns/op
OverheadActual   3: 12960 op, 31916.00 ns, 2.4627 ns/op
OverheadActual   4: 12960 op, 37129.00 ns, 2.8649 ns/op
OverheadActual   5: 12960 op, 37767.00 ns, 2.9141 ns/op
OverheadActual   6: 12960 op, 37074.00 ns, 2.8606 ns/op
OverheadActual   7: 12960 op, 37269.00 ns, 2.8757 ns/op
OverheadActual   8: 12960 op, 30348.00 ns, 2.3417 ns/op
OverheadActual   9: 12960 op, 30526.00 ns, 2.3554 ns/op
OverheadActual  10: 12960 op, 25888.00 ns, 1.9975 ns/op
OverheadActual  11: 12960 op, 29904.00 ns, 2.3074 ns/op
OverheadActual  12: 12960 op, 31498.00 ns, 2.4304 ns/op
OverheadActual  13: 12960 op, 30521.00 ns, 2.3550 ns/op
OverheadActual  14: 12960 op, 36527.00 ns, 2.8184 ns/op
OverheadActual  15: 12960 op, 31255.00 ns, 2.4117 ns/op
OverheadActual  16: 12960 op, 37340.00 ns, 2.8812 ns/op
OverheadActual  17: 12960 op, 36049.00 ns, 2.7816 ns/op
OverheadActual  18: 12960 op, 26740.00 ns, 2.0633 ns/op
OverheadActual  19: 12960 op, 31657.00 ns, 2.4427 ns/op
OverheadActual  20: 12960 op, 38350.00 ns, 2.9591 ns/op

WorkloadWarmup   1: 12960 op, 299286773.00 ns, 23.0931 us/op
WorkloadWarmup   2: 12960 op, 271904291.00 ns, 20.9803 us/op
WorkloadWarmup   3: 12960 op, 306359927.00 ns, 23.6389 us/op
WorkloadWarmup   4: 12960 op, 273581440.00 ns, 21.1097 us/op
WorkloadWarmup   5: 12960 op, 287147638.00 ns, 22.1565 us/op
WorkloadWarmup   6: 12960 op, 253440262.00 ns, 19.5556 us/op
WorkloadWarmup   7: 12960 op, 246039063.00 ns, 18.9845 us/op
WorkloadWarmup   8: 12960 op, 246020389.00 ns, 18.9831 us/op
WorkloadWarmup   9: 12960 op, 256525888.00 ns, 19.7937 us/op
WorkloadWarmup  10: 12960 op, 258702048.00 ns, 19.9616 us/op
WorkloadWarmup  11: 12960 op, 267755459.00 ns, 20.6601 us/op
WorkloadWarmup  12: 12960 op, 266981219.00 ns, 20.6004 us/op
WorkloadWarmup  13: 12960 op, 260352100.00 ns, 20.0889 us/op
WorkloadWarmup  14: 12960 op, 311422676.00 ns, 24.0295 us/op
WorkloadWarmup  15: 12960 op, 309638214.00 ns, 23.8918 us/op
WorkloadWarmup  16: 12960 op, 279284263.00 ns, 21.5497 us/op

// BeforeActualRun
WorkloadActual   1: 12960 op, 287512343.00 ns, 22.1846 us/op
WorkloadActual   2: 12960 op, 279667499.00 ns, 21.5793 us/op
WorkloadActual   3: 12960 op, 263730126.00 ns, 20.3495 us/op
WorkloadActual   4: 12960 op, 245136312.00 ns, 18.9148 us/op
WorkloadActual   5: 12960 op, 253859973.00 ns, 19.5880 us/op
WorkloadActual   6: 12960 op, 248257836.00 ns, 19.1557 us/op
WorkloadActual   7: 12960 op, 242488519.00 ns, 18.7105 us/op
WorkloadActual   8: 12960 op, 237011206.00 ns, 18.2879 us/op
WorkloadActual   9: 12960 op, 246048105.00 ns, 18.9852 us/op
WorkloadActual  10: 12960 op, 243549255.00 ns, 18.7924 us/op
WorkloadActual  11: 12960 op, 241928541.00 ns, 18.6673 us/op
WorkloadActual  12: 12960 op, 246220054.00 ns, 18.9985 us/op

// AfterActualRun
WorkloadResult   1: 12960 op, 263698339.50 ns, 20.3471 us/op
WorkloadResult   2: 12960 op, 245104525.50 ns, 18.9124 us/op
WorkloadResult   3: 12960 op, 253828186.50 ns, 19.5855 us/op
WorkloadResult   4: 12960 op, 248226049.50 ns, 19.1532 us/op
WorkloadResult   5: 12960 op, 242456732.50 ns, 18.7081 us/op
WorkloadResult   6: 12960 op, 236979419.50 ns, 18.2854 us/op
WorkloadResult   7: 12960 op, 246016318.50 ns, 18.9827 us/op
WorkloadResult   8: 12960 op, 243517468.50 ns, 18.7899 us/op
WorkloadResult   9: 12960 op, 241896754.50 ns, 18.6649 us/op
WorkloadResult  10: 12960 op, 246188267.50 ns, 18.9960 us/op
// GC:  0 0 0 0 12960
// Threading:  0 0 12960

// AfterAll
// Benchmark Process 392630 has exited with code 0.

Mean = 19.043 μs, StdErr = 0.180 μs (0.95%), N = 10, StdDev = 0.570 μs
Min = 18.285 μs, Q1 = 18.729 μs, Median = 18.948 μs, Q3 = 19.114 μs, Max = 20.347 μs
IQR = 0.385 μs, LowerFence = 18.150 μs, UpperFence = 19.692 μs
ConfidenceInterval = [18.181 μs; 19.904 μs] (CI 99.9%), Margin = 0.862 μs (4.52% of Mean)
Skewness = 0.99, Kurtosis = 3.17, MValue = 2

// ** Remained 6 (60.0 %) benchmark(s) to run. Estimated finish 2026-09-11 6:01 (0h 0m from now) **
// **************************
// Benchmark: BatchCatalogQueryBenchmarks.DirectBatch: Jit(IterationCount=12, IterationTime=250ms, WarmupCount=16) [Rows=10000]
// *** Execute ***
// Launch: 1 / 1
// Execute: dotnet Alpha-Jit-1.dll --anonymousPipes 132 133 --benchmarkName "BatchCatalogQueryBenchmarks.DirectBatch(Rows: 10000)" --job Jit --benchmarkId 4 in /home/i/Work/tl-v1-alpha-checkpoint-27-docs-alpha3-plan-33-feat-generated-tick-10-perf-alpha3-query-floor/benchmarks/Alpha/bin/Release/net10.0/Alpha-Jit-1/bin/Release/net10.0
// Failed to set up high priority (Permission denied). In order to run benchmarks with high priority, make sure you have the right permissions.
// BeforeAnythingElse

// Benchmark Process Environment Information:
// BenchmarkDotNet v0.15.8
// Runtime=.NET 10.0.12 (10.0.12, 10.0.1226.42308), X64 RyuJIT x86-64-v3
// GC=Concurrent Workstation
// HardwareIntrinsics=AVX2+BMI1+BMI2+F16C+FMA+LZCNT+MOVBE,AVX,SSE3+SSSE3+SSE4.1+SSE4.2+POPCNT,X86Base+SSE+SSE2,AES+PCLMUL,AvxVnni,SERIALIZE VectorSize=256
// Job: Jit(IterationCount=12, IterationTime=250ms, WarmupCount=16)

OverheadJitting  1: 1 op, 97463.00 ns, 97.4630 us/op
WorkloadJitting  1: 1 op, 1340052.00 ns, 1.3401 ms/op

OverheadJitting  2: 16 op, 114007.00 ns, 7.1254 us/op
WorkloadJitting  2: 16 op, 19466765.00 ns, 1.2167 ms/op

WorkloadPilot    1: 16 op, 19359202.00 ns, 1.2100 ms/op
WorkloadPilot    2: 208 op, 242906467.00 ns, 1.1678 ms/op
WorkloadPilot    3: 224 op, 252162752.00 ns, 1.1257 ms/op

OverheadWarmup   1: 224 op, 1469.00 ns, 6.5580 ns/op
OverheadWarmup   2: 224 op, 714.00 ns, 3.1875 ns/op
OverheadWarmup   3: 224 op, 722.00 ns, 3.2232 ns/op
OverheadWarmup   4: 224 op, 540.00 ns, 2.4107 ns/op
OverheadWarmup   5: 224 op, 624.00 ns, 2.7857 ns/op
OverheadWarmup   6: 224 op, 630.00 ns, 2.8125 ns/op
OverheadWarmup   7: 224 op, 539.00 ns, 2.4063 ns/op

OverheadActual   1: 224 op, 712.00 ns, 3.1786 ns/op
OverheadActual   2: 224 op, 707.00 ns, 3.1563 ns/op
OverheadActual   3: 224 op, 720.00 ns, 3.2143 ns/op
OverheadActual   4: 224 op, 564.00 ns, 2.5179 ns/op
OverheadActual   5: 224 op, 677.00 ns, 3.0223 ns/op
OverheadActual   6: 224 op, 513.00 ns, 2.2902 ns/op
OverheadActual   7: 224 op, 548.00 ns, 2.4464 ns/op
OverheadActual   8: 224 op, 570.00 ns, 2.5446 ns/op
OverheadActual   9: 224 op, 536.00 ns, 2.3929 ns/op
OverheadActual  10: 224 op, 547.00 ns, 2.4420 ns/op
OverheadActual  11: 224 op, 524.00 ns, 2.3393 ns/op
OverheadActual  12: 224 op, 525.00 ns, 2.3438 ns/op
OverheadActual  13: 224 op, 532.00 ns, 2.3750 ns/op
OverheadActual  14: 224 op, 519.00 ns, 2.3170 ns/op
OverheadActual  15: 224 op, 514.00 ns, 2.2946 ns/op
OverheadActual  16: 224 op, 519.00 ns, 2.3170 ns/op
OverheadActual  17: 224 op, 535.00 ns, 2.3884 ns/op

WorkloadWarmup   1: 224 op, 256138599.00 ns, 1.1435 ms/op
WorkloadWarmup   2: 224 op, 256960286.00 ns, 1.1471 ms/op
WorkloadWarmup   3: 224 op, 259046928.00 ns, 1.1565 ms/op
WorkloadWarmup   4: 224 op, 259167855.00 ns, 1.1570 ms/op
WorkloadWarmup   5: 224 op, 259982691.00 ns, 1.1606 ms/op
WorkloadWarmup   6: 224 op, 257947123.00 ns, 1.1515 ms/op
WorkloadWarmup   7: 224 op, 254537855.00 ns, 1.1363 ms/op
WorkloadWarmup   8: 224 op, 259007185.00 ns, 1.1563 ms/op
WorkloadWarmup   9: 224 op, 258927766.00 ns, 1.1559 ms/op
WorkloadWarmup  10: 224 op, 258147934.00 ns, 1.1524 ms/op
WorkloadWarmup  11: 224 op, 253221209.00 ns, 1.1305 ms/op
WorkloadWarmup  12: 224 op, 256266905.00 ns, 1.1440 ms/op
WorkloadWarmup  13: 224 op, 259011810.00 ns, 1.1563 ms/op
WorkloadWarmup  14: 224 op, 259026298.00 ns, 1.1564 ms/op
WorkloadWarmup  15: 224 op, 271851046.00 ns, 1.2136 ms/op
WorkloadWarmup  16: 224 op, 268442827.00 ns, 1.1984 ms/op

// BeforeActualRun
WorkloadActual   1: 224 op, 266253094.00 ns, 1.1886 ms/op
WorkloadActual   2: 224 op, 258684808.00 ns, 1.1548 ms/op
WorkloadActual   3: 224 op, 274073360.00 ns, 1.2235 ms/op
WorkloadActual   4: 224 op, 267693564.00 ns, 1.1951 ms/op
WorkloadActual   5: 224 op, 259728181.00 ns, 1.1595 ms/op
WorkloadActual   6: 224 op, 257308280.00 ns, 1.1487 ms/op
WorkloadActual   7: 224 op, 258890983.00 ns, 1.1558 ms/op
WorkloadActual   8: 224 op, 264780580.00 ns, 1.1821 ms/op
WorkloadActual   9: 224 op, 256375097.00 ns, 1.1445 ms/op
WorkloadActual  10: 224 op, 251343201.00 ns, 1.1221 ms/op
WorkloadActual  11: 224 op, 260630216.00 ns, 1.1635 ms/op
WorkloadActual  12: 224 op, 269401006.00 ns, 1.2027 ms/op

// AfterActualRun
WorkloadResult   1: 224 op, 266252558.00 ns, 1.1886 ms/op
WorkloadResult   2: 224 op, 258684272.00 ns, 1.1548 ms/op
WorkloadResult   3: 224 op, 274072824.00 ns, 1.2235 ms/op
WorkloadResult   4: 224 op, 267693028.00 ns, 1.1951 ms/op
WorkloadResult   5: 224 op, 259727645.00 ns, 1.1595 ms/op
WorkloadResult   6: 224 op, 257307744.00 ns, 1.1487 ms/op
WorkloadResult   7: 224 op, 258890447.00 ns, 1.1558 ms/op
WorkloadResult   8: 224 op, 264780044.00 ns, 1.1821 ms/op
WorkloadResult   9: 224 op, 256374561.00 ns, 1.1445 ms/op
WorkloadResult  10: 224 op, 251342665.00 ns, 1.1221 ms/op
WorkloadResult  11: 224 op, 260629680.00 ns, 1.1635 ms/op
WorkloadResult  12: 224 op, 269400470.00 ns, 1.2027 ms/op
// GC:  0 0 0 0 224
// Threading:  0 0 224

// AfterAll
// Benchmark Process 396825 has exited with code 0.

Mean = 1.170 ms, StdErr = 0.008 ms (0.71%), N = 12, StdDev = 0.029 ms
Min = 1.122 ms, Q1 = 1.153 ms, Median = 1.162 ms, Q3 = 1.190 ms, Max = 1.224 ms
IQR = 0.037 ms, LowerFence = 1.098 ms, UpperFence = 1.246 ms
ConfidenceInterval = [1.133 ms; 1.207 ms] (CI 99.9%), Margin = 0.037 ms (3.14% of Mean)
Skewness = 0.23, Kurtosis = 1.96, MValue = 2

// ** Remained 5 (50.0 %) benchmark(s) to run. Estimated finish 2026-09-11 6:01 (0h 0m from now) **
// **************************
// Benchmark: BatchCatalogQueryBenchmarks.GeneratedQueryBatch: Jit(IterationCount=12, IterationTime=250ms, WarmupCount=16) [Rows=10000]
// *** Execute ***
// Launch: 1 / 1
// Execute: dotnet Alpha-Jit-1.dll --anonymousPipes 132 133 --benchmarkName "BatchCatalogQueryBenchmarks.GeneratedQueryBatch(Rows: 10000)" --job Jit --benchmarkId 5 in /home/i/Work/tl-v1-alpha-checkpoint-27-docs-alpha3-plan-33-feat-generated-tick-10-perf-alpha3-query-floor/benchmarks/Alpha/bin/Release/net10.0/Alpha-Jit-1/bin/Release/net10.0
// Failed to set up high priority (Permission denied). In order to run benchmarks with high priority, make sure you have the right permissions.
// BeforeAnythingElse

// Benchmark Process Environment Information:
// BenchmarkDotNet v0.15.8
// Runtime=.NET 10.0.12 (10.0.12, 10.0.1226.42308), X64 RyuJIT x86-64-v3
// GC=Concurrent Workstation
// HardwareIntrinsics=AVX2+BMI1+BMI2+F16C+FMA+LZCNT+MOVBE,AVX,SSE3+SSSE3+SSE4.1+SSE4.2+POPCNT,X86Base+SSE+SSE2,AES+PCLMUL,AvxVnni,SERIALIZE VectorSize=256
// Job: Jit(IterationCount=12, IterationTime=250ms, WarmupCount=16)

OverheadJitting  1: 1 op, 102813.00 ns, 102.8130 us/op
WorkloadJitting  1: 1 op, 6295417.00 ns, 6.2954 ms/op

OverheadJitting  2: 16 op, 118354.00 ns, 7.3971 us/op
WorkloadJitting  2: 16 op, 100284737.00 ns, 6.2678 ms/op

WorkloadPilot    1: 16 op, 96816582.00 ns, 6.0510 ms/op
WorkloadPilot    2: 48 op, 296429016.00 ns, 6.1756 ms/op

OverheadWarmup   1: 48 op, 1024.00 ns, 21.3333 ns/op
OverheadWarmup   2: 48 op, 402.00 ns, 8.3750 ns/op
OverheadWarmup   3: 48 op, 351.00 ns, 7.3125 ns/op
OverheadWarmup   4: 48 op, 210.00 ns, 4.3750 ns/op
OverheadWarmup   5: 48 op, 328.00 ns, 6.8333 ns/op
OverheadWarmup   6: 48 op, 343.00 ns, 7.1458 ns/op
OverheadWarmup   7: 48 op, 179.00 ns, 3.7292 ns/op
OverheadWarmup   8: 48 op, 192.00 ns, 4.0000 ns/op
OverheadWarmup   9: 48 op, 168.00 ns, 3.5000 ns/op

OverheadActual   1: 48 op, 411.00 ns, 8.5625 ns/op
OverheadActual   2: 48 op, 391.00 ns, 8.1458 ns/op
OverheadActual   3: 48 op, 397.00 ns, 8.2708 ns/op
OverheadActual   4: 48 op, 249.00 ns, 5.1875 ns/op
OverheadActual   5: 48 op, 378.00 ns, 7.8750 ns/op
OverheadActual   6: 48 op, 201.00 ns, 4.1875 ns/op
OverheadActual   7: 48 op, 197.00 ns, 4.1042 ns/op
OverheadActual   8: 48 op, 167.00 ns, 3.4792 ns/op
OverheadActual   9: 48 op, 180.00 ns, 3.7500 ns/op
OverheadActual  10: 48 op, 170.00 ns, 3.5417 ns/op
OverheadActual  11: 48 op, 166.00 ns, 3.4583 ns/op
OverheadActual  12: 48 op, 191.00 ns, 3.9792 ns/op
OverheadActual  13: 48 op, 193.00 ns, 4.0208 ns/op
OverheadActual  14: 48 op, 187.00 ns, 3.8958 ns/op
OverheadActual  15: 48 op, 191.00 ns, 3.9792 ns/op
OverheadActual  16: 48 op, 192.00 ns, 4.0000 ns/op
OverheadActual  17: 48 op, 196.00 ns, 4.0833 ns/op
OverheadActual  18: 48 op, 285.00 ns, 5.9375 ns/op
OverheadActual  19: 48 op, 198.00 ns, 4.1250 ns/op
OverheadActual  20: 48 op, 198.00 ns, 4.1250 ns/op

WorkloadWarmup   1: 48 op, 288815172.00 ns, 6.0170 ms/op
WorkloadWarmup   2: 48 op, 263423362.00 ns, 5.4880 ms/op
WorkloadWarmup   3: 48 op, 263565423.00 ns, 5.4909 ms/op
WorkloadWarmup   4: 48 op, 260521110.00 ns, 5.4275 ms/op
WorkloadWarmup   5: 48 op, 259912919.00 ns, 5.4149 ms/op
WorkloadWarmup   6: 48 op, 260193292.00 ns, 5.4207 ms/op
WorkloadWarmup   7: 48 op, 260963285.00 ns, 5.4367 ms/op
WorkloadWarmup   8: 48 op, 264413878.00 ns, 5.5086 ms/op
WorkloadWarmup   9: 48 op, 262696564.00 ns, 5.4728 ms/op
WorkloadWarmup  10: 48 op, 262324263.00 ns, 5.4651 ms/op
WorkloadWarmup  11: 48 op, 262271396.00 ns, 5.4640 ms/op
WorkloadWarmup  12: 48 op, 267489983.00 ns, 5.5727 ms/op
WorkloadWarmup  13: 48 op, 263751086.00 ns, 5.4948 ms/op
WorkloadWarmup  14: 48 op, 263678594.00 ns, 5.4933 ms/op
WorkloadWarmup  15: 48 op, 262212411.00 ns, 5.4628 ms/op
WorkloadWarmup  16: 48 op, 259946867.00 ns, 5.4156 ms/op

// BeforeActualRun
WorkloadActual   1: 48 op, 262734622.00 ns, 5.4736 ms/op
WorkloadActual   2: 48 op, 264516388.00 ns, 5.5108 ms/op
WorkloadActual   3: 48 op, 263889897.00 ns, 5.4977 ms/op
WorkloadActual   4: 48 op, 274866274.00 ns, 5.7264 ms/op
WorkloadActual   5: 48 op, 281248172.00 ns, 5.8593 ms/op
WorkloadActual   6: 48 op, 283512572.00 ns, 5.9065 ms/op
WorkloadActual   7: 48 op, 281827462.00 ns, 5.8714 ms/op
WorkloadActual   8: 48 op, 282962406.00 ns, 5.8951 ms/op
WorkloadActual   9: 48 op, 263899876.00 ns, 5.4979 ms/op
WorkloadActual  10: 48 op, 258987854.00 ns, 5.3956 ms/op
WorkloadActual  11: 48 op, 259431048.00 ns, 5.4048 ms/op
WorkloadActual  12: 48 op, 262252194.00 ns, 5.4636 ms/op

// AfterActualRun
WorkloadResult   1: 48 op, 262734425.50 ns, 5.4736 ms/op
WorkloadResult   2: 48 op, 264516191.50 ns, 5.5108 ms/op
WorkloadResult   3: 48 op, 263889700.50 ns, 5.4977 ms/op
WorkloadResult   4: 48 op, 274866077.50 ns, 5.7264 ms/op
WorkloadResult   5: 48 op, 281247975.50 ns, 5.8593 ms/op
WorkloadResult   6: 48 op, 283512375.50 ns, 5.9065 ms/op
WorkloadResult   7: 48 op, 281827265.50 ns, 5.8714 ms/op
WorkloadResult   8: 48 op, 282962209.50 ns, 5.8950 ms/op
WorkloadResult   9: 48 op, 263899679.50 ns, 5.4979 ms/op
WorkloadResult  10: 48 op, 258987657.50 ns, 5.3956 ms/op
WorkloadResult  11: 48 op, 259430851.50 ns, 5.4048 ms/op
WorkloadResult  12: 48 op, 262251997.50 ns, 5.4636 ms/op
// GC:  0 0 0 0 48
// Threading:  0 0 48

// AfterAll
// Benchmark Process 396884 has exited with code 0.

Mean = 5.625 ms, StdErr = 0.060 ms (1.06%), N = 12, StdDev = 0.207 ms
Min = 5.396 ms, Q1 = 5.471 ms, Median = 5.504 ms, Q3 = 5.862 ms, Max = 5.907 ms
IQR = 0.391 ms, LowerFence = 4.884 ms, UpperFence = 6.449 ms
ConfidenceInterval = [5.359 ms; 5.891 ms] (CI 99.9%), Margin = 0.266 ms (4.72% of Mean)
Skewness = 0.32, Kurtosis = 1.14, MValue = 3.43

// ** Remained 4 (40.0 %) benchmark(s) to run. Estimated finish 2026-09-11 6:01 (0h 0m from now) **
// ***** BenchmarkRunner: Finish  *****

// * Export *
  tmp/tl-alpha3-outlined-run3/results/BatchCatalogQueryBenchmarks-report.csv
  tmp/tl-alpha3-outlined-run3/results/BatchCatalogQueryBenchmarks-report-github.md
  tmp/tl-alpha3-outlined-run3/results/BatchCatalogQueryBenchmarks-report.html
  tmp/tl-alpha3-outlined-run3/results/BatchCatalogQueryBenchmarks-report-full.json

// * Detailed results *
BatchCatalogQueryBenchmarks.DirectBatch: Jit(IterationCount=12, IterationTime=250ms, WarmupCount=16) [Rows=1]
Runtime = .NET 10.0.12 (10.0.12, 10.0.1226.42308), X64 RyuJIT x86-64-v3; GC = Concurrent Workstation
Mean = 139.487 ns, StdErr = 0.287 ns (0.21%), N = 12, StdDev = 0.994 ns
Min = 137.958 ns, Q1 = 138.567 ns, Median = 139.565 ns, Q3 = 140.454 ns, Max = 140.595 ns
IQR = 1.887 ns, LowerFence = 135.737 ns, UpperFence = 143.283 ns
ConfidenceInterval = [138.213 ns; 140.760 ns] (CI 99.9%), Margin = 1.273 ns (0.91% of Mean)
Skewness = -0.31, Kurtosis = 1.35, MValue = 2
-------------------- Histogram --------------------
[137.388 ns ; 141.165 ns) | @@@@@@@@@@@@
---------------------------------------------------

BatchCatalogQueryBenchmarks.GeneratedQueryBatch: Jit(IterationCount=12, IterationTime=250ms, WarmupCount=16) [Rows=1]
Runtime = .NET 10.0.12 (10.0.12, 10.0.1226.42308), X64 RyuJIT x86-64-v3; GC = Concurrent Workstation
Mean = 261.266 ns, StdErr = 0.759 ns (0.29%), N = 12, StdDev = 2.630 ns
Min = 257.264 ns, Q1 = 259.643 ns, Median = 261.080 ns, Q3 = 262.709 ns, Max = 266.738 ns
IQR = 3.066 ns, LowerFence = 255.045 ns, UpperFence = 267.307 ns
ConfidenceInterval = [257.897 ns; 264.634 ns] (CI 99.9%), Margin = 3.368 ns (1.29% of Mean)
Skewness = 0.34, Kurtosis = 2.35, MValue = 2
-------------------- Histogram --------------------
[255.756 ns ; 268.245 ns) | @@@@@@@@@@@@
---------------------------------------------------

BatchCatalogQueryBenchmarks.DirectBatch: Jit(IterationCount=12, IterationTime=250ms, WarmupCount=16) [Rows=32]
Runtime = .NET 10.0.12 (10.0.12, 10.0.1226.42308), X64 RyuJIT x86-64-v3; GC = Concurrent Workstation
Mean = 3.942 μs, StdErr = 0.014 μs (0.36%), N = 12, StdDev = 0.049 μs
Min = 3.844 μs, Q1 = 3.919 μs, Median = 3.948 μs, Q3 = 3.969 μs, Max = 4.036 μs
IQR = 0.050 μs, LowerFence = 3.844 μs, UpperFence = 4.044 μs
ConfidenceInterval = [3.879 μs; 4.005 μs] (CI 99.9%), Margin = 0.063 μs (1.60% of Mean)
Skewness = -0.15, Kurtosis = 2.58, MValue = 2
-------------------- Histogram --------------------
[3.833 μs ; 4.064 μs) | @@@@@@@@@@@@
---------------------------------------------------

BatchCatalogQueryBenchmarks.GeneratedQueryBatch: Jit(IterationCount=12, IterationTime=250ms, WarmupCount=16) [Rows=32]
Runtime = .NET 10.0.12 (10.0.12, 10.0.1226.42308), X64 RyuJIT x86-64-v3; GC = Concurrent Workstation
Mean = 19.043 μs, StdErr = 0.180 μs (0.95%), N = 10, StdDev = 0.570 μs
Min = 18.285 μs, Q1 = 18.729 μs, Median = 18.948 μs, Q3 = 19.114 μs, Max = 20.347 μs
IQR = 0.385 μs, LowerFence = 18.150 μs, UpperFence = 19.692 μs
ConfidenceInterval = [18.181 μs; 19.904 μs] (CI 99.9%), Margin = 0.862 μs (4.52% of Mean)
Skewness = 0.99, Kurtosis = 3.17, MValue = 2
-------------------- Histogram --------------------
[17.938 μs ; 18.562 μs) | @
[18.562 μs ; 19.256 μs) | @@@@@@@
[19.256 μs ; 19.933 μs) | @
[19.933 μs ; 20.694 μs) | @
---------------------------------------------------

BatchCatalogQueryBenchmarks.DirectBatch: Jit(IterationCount=12, IterationTime=250ms, WarmupCount=16) [Rows=10000]
Runtime = .NET 10.0.12 (10.0.12, 10.0.1226.42308), X64 RyuJIT x86-64-v3; GC = Concurrent Workstation
Mean = 1.170 ms, StdErr = 0.008 ms (0.71%), N = 12, StdDev = 0.029 ms
Min = 1.122 ms, Q1 = 1.153 ms, Median = 1.162 ms, Q3 = 1.190 ms, Max = 1.224 ms
IQR = 0.037 ms, LowerFence = 1.098 ms, UpperFence = 1.246 ms
ConfidenceInterval = [1.133 ms; 1.207 ms] (CI 99.9%), Margin = 0.037 ms (3.14% of Mean)
Skewness = 0.23, Kurtosis = 1.96, MValue = 2
-------------------- Histogram --------------------
[1.106 ms ; 1.138 ms) | @
[1.138 ms ; 1.170 ms) | @@@@@@
[1.170 ms ; 1.209 ms) | @@@@
[1.209 ms ; 1.240 ms) | @
---------------------------------------------------

BatchCatalogQueryBenchmarks.GeneratedQueryBatch: Jit(IterationCount=12, IterationTime=250ms, WarmupCount=16) [Rows=10000]
Runtime = .NET 10.0.12 (10.0.12, 10.0.1226.42308), X64 RyuJIT x86-64-v3; GC = Concurrent Workstation
Mean = 5.625 ms, StdErr = 0.060 ms (1.06%), N = 12, StdDev = 0.207 ms
Min = 5.396 ms, Q1 = 5.471 ms, Median = 5.504 ms, Q3 = 5.862 ms, Max = 5.907 ms
IQR = 0.391 ms, LowerFence = 4.884 ms, UpperFence = 6.449 ms
ConfidenceInterval = [5.359 ms; 5.891 ms] (CI 99.9%), Margin = 0.266 ms (4.72% of Mean)
Skewness = 0.32, Kurtosis = 1.14, MValue = 3.43
-------------------- Histogram --------------------
[5.334 ms ; 5.572 ms) | @@@@@@@
[5.572 ms ; 5.697 ms) | 
[5.697 ms ; 5.935 ms) | @@@@@
---------------------------------------------------

// * Summary *

BenchmarkDotNet v0.15.8, Linux Omarchy
Intel Core i9-14900K 0.80GHz, 1 CPU, 32 logical and 24 physical cores
.NET SDK 10.0.401
  [Host] : .NET 10.0.12 (10.0.12, 10.0.1226.42308), X64 RyuJIT x86-64-v3
  Jit    : .NET 10.0.12 (10.0.12, 10.0.1226.42308), X64 RyuJIT x86-64-v3

Job=Jit  IterationCount=12  IterationTime=250ms  
WarmupCount=16  

| Method              | Rows  | Mean           | Error         | StdDev        | Median         | Ratio | RatioSD | Allocated | Alloc Ratio |
|-------------------- |------ |---------------:|--------------:|--------------:|---------------:|------:|--------:|----------:|------------:|
| DirectBatch         | 1     |       139.5 ns |       1.27 ns |       0.99 ns |       139.6 ns |  1.00 |    0.01 |         - |          NA |
| GeneratedQueryBatch | 1     |       261.3 ns |       3.37 ns |       2.63 ns |       261.1 ns |  1.87 |    0.02 |         - |          NA |
|                     |       |                |               |               |                |       |         |           |             |
| DirectBatch         | 32    |     3,942.2 ns |      63.17 ns |      49.32 ns |     3,947.9 ns |  1.00 |    0.02 |         - |          NA |
| GeneratedQueryBatch | 32    |    19,042.5 ns |     861.61 ns |     569.90 ns |    18,947.6 ns |  4.83 |    0.15 |         - |          NA |
|                     |       |                |               |               |                |       |         |           |             |
| DirectBatch         | 10000 | 1,170,072.9 ns |  36,717.97 ns |  28,666.98 ns | 1,161,511.9 ns |  1.00 |    0.03 |         - |          NA |
| GeneratedQueryBatch | 10000 | 5,625,219.5 ns | 265,761.41 ns | 207,489.03 ns | 5,504,332.0 ns |  4.81 |    0.20 |         - |          NA |

// * Hints *
Outliers
  BatchCatalogQueryBenchmarks.GeneratedQueryBatch: Jit -> 2 outliers were removed (21.58 μs, 22.18 μs)

// * Legends *
  Rows        : Value of the 'Rows' parameter
  Mean        : Arithmetic mean of all measurements
  Error       : Half of 99.9% confidence interval
  StdDev      : Standard deviation of all measurements
  Median      : Value separating the higher half of all measurements (50th percentile)
  Ratio       : Mean of the ratio distribution ([Current]/[Baseline])
  RatioSD     : Standard deviation of the ratio distribution ([Current]/[Baseline])
  Allocated   : Allocated memory per single operation (managed only, inclusive, 1KB = 1024B)
  Alloc Ratio : Allocated memory ratio distribution ([Current]/[Baseline])
  1 ns        : 1 Nanosecond (0.000000001 sec)

// * Diagnostic Output - MemoryDiagnoser *


// ***** BenchmarkRunner: End *****
Run time: 00:00:52 (52.54 sec), executed benchmarks: 6

// Found 4 benchmarks:
//   ScalarCatalogQueryBenchmarks.DirectScalar: Jit(IterationCount=12, IterationTime=250ms, WarmupCount=16) [Pattern=Forward]
//   ScalarCatalogQueryBenchmarks.GeneratedQueryScalar: Jit(IterationCount=12, IterationTime=250ms, WarmupCount=16) [Pattern=Forward]
//   ScalarCatalogQueryBenchmarks.DirectScalar: Jit(IterationCount=12, IterationTime=250ms, WarmupCount=16) [Pattern=Alternating]
//   ScalarCatalogQueryBenchmarks.GeneratedQueryScalar: Jit(IterationCount=12, IterationTime=250ms, WarmupCount=16) [Pattern=Alternating]

// **************************
// Benchmark: ScalarCatalogQueryBenchmarks.DirectScalar: Jit(IterationCount=12, IterationTime=250ms, WarmupCount=16) [Pattern=Forward]
// *** Execute ***
// Launch: 1 / 1
// Execute: dotnet Alpha-Jit-1.dll --anonymousPipes 138 139 --benchmarkName "ScalarCatalogQueryBenchmarks.DirectScalar(Pattern: Forward)" --job Jit --benchmarkId 6 in /home/i/Work/tl-v1-alpha-checkpoint-27-docs-alpha3-plan-33-feat-generated-tick-10-perf-alpha3-query-floor/benchmarks/Alpha/bin/Release/net10.0/Alpha-Jit-1/bin/Release/net10.0
// Failed to set up high priority (Permission denied). In order to run benchmarks with high priority, make sure you have the right permissions.
// BeforeAnythingElse

// Benchmark Process Environment Information:
// BenchmarkDotNet v0.15.8
// Runtime=.NET 10.0.12 (10.0.12, 10.0.1226.42308), X64 RyuJIT x86-64-v3
// GC=Concurrent Workstation
// HardwareIntrinsics=AVX2+BMI1+BMI2+F16C+FMA+LZCNT+MOVBE,AVX,SSE3+SSSE3+SSE4.1+SSE4.2+POPCNT,X86Base+SSE+SSE2,AES+PCLMUL,AvxVnni,SERIALIZE VectorSize=256
// Job: Jit(IterationCount=12, IterationTime=250ms, WarmupCount=16)

OverheadJitting  1: 4096 op, 96482.00 ns, 23.5552 ns/op
WorkloadJitting  1: 4096 op, 144823.00 ns, 35.3572 ns/op

OverheadJitting  2: 65536 op, 111999.00 ns, 1.7090 ns/op
WorkloadJitting  2: 65536 op, 1105116.00 ns, 16.8627 ns/op

WorkloadPilot    1: 65536 op, 274242.00 ns, 4.1846 ns/op
WorkloadPilot    2: 59768832 op, 194728814.00 ns, 3.2580 ns/op
WorkloadPilot    3: 76742656 op, 160076988.00 ns, 2.0859 ns/op
WorkloadPilot    4: 119865344 op, 248164611.00 ns, 2.0704 ns/op
WorkloadPilot    5: 120782848 op, 253962031.00 ns, 2.1026 ns/op
WorkloadPilot    6: 118947840 op, 247675464.00 ns, 2.0822 ns/op
WorkloadPilot    7: 120127488 op, 242513043.00 ns, 2.0188 ns/op
WorkloadPilot    8: 123863040 op, 251409128.00 ns, 2.0297 ns/op
WorkloadPilot    9: 123207680 op, 249014374.00 ns, 2.0211 ns/op
WorkloadPilot   10: 123731968 op, 254975589.00 ns, 2.0607 ns/op

OverheadWarmup   1: 123731968 op, 55517.00 ns, 0.0004 ns/op
OverheadWarmup   2: 123731968 op, 55047.00 ns, 0.0004 ns/op
OverheadWarmup   3: 123731968 op, 54791.00 ns, 0.0004 ns/op
OverheadWarmup   4: 123731968 op, 54846.00 ns, 0.0004 ns/op
OverheadWarmup   5: 123731968 op, 54808.00 ns, 0.0004 ns/op
OverheadWarmup   6: 123731968 op, 56538.00 ns, 0.0005 ns/op
OverheadWarmup   7: 123731968 op, 54830.00 ns, 0.0004 ns/op

OverheadActual   1: 123731968 op, 54987.00 ns, 0.0004 ns/op
OverheadActual   2: 123731968 op, 55329.00 ns, 0.0004 ns/op
OverheadActual   3: 123731968 op, 54963.00 ns, 0.0004 ns/op
OverheadActual   4: 123731968 op, 55042.00 ns, 0.0004 ns/op
OverheadActual   5: 123731968 op, 55228.00 ns, 0.0004 ns/op
OverheadActual   6: 123731968 op, 54865.00 ns, 0.0004 ns/op
OverheadActual   7: 123731968 op, 54907.00 ns, 0.0004 ns/op
OverheadActual   8: 123731968 op, 54721.00 ns, 0.0004 ns/op
OverheadActual   9: 123731968 op, 54777.00 ns, 0.0004 ns/op
OverheadActual  10: 123731968 op, 54698.00 ns, 0.0004 ns/op
OverheadActual  11: 123731968 op, 54804.00 ns, 0.0004 ns/op
OverheadActual  12: 123731968 op, 54690.00 ns, 0.0004 ns/op
OverheadActual  13: 123731968 op, 54783.00 ns, 0.0004 ns/op
OverheadActual  14: 123731968 op, 54702.00 ns, 0.0004 ns/op
OverheadActual  15: 123731968 op, 57969.00 ns, 0.0005 ns/op

WorkloadWarmup   1: 123731968 op, 256767633.00 ns, 2.0752 ns/op
WorkloadWarmup   2: 123731968 op, 251313007.00 ns, 2.0311 ns/op
WorkloadWarmup   3: 123731968 op, 249985586.00 ns, 2.0204 ns/op
WorkloadWarmup   4: 123731968 op, 253656606.00 ns, 2.0500 ns/op
WorkloadWarmup   5: 123731968 op, 255351318.00 ns, 2.0637 ns/op
WorkloadWarmup   6: 123731968 op, 258938345.00 ns, 2.0927 ns/op
WorkloadWarmup   7: 123731968 op, 258472089.00 ns, 2.0890 ns/op
WorkloadWarmup   8: 123731968 op, 256474480.00 ns, 2.0728 ns/op
WorkloadWarmup   9: 123731968 op, 250943558.00 ns, 2.0281 ns/op
WorkloadWarmup  10: 123731968 op, 253970628.00 ns, 2.0526 ns/op
WorkloadWarmup  11: 123731968 op, 258605970.00 ns, 2.0900 ns/op
WorkloadWarmup  12: 123731968 op, 259564742.00 ns, 2.0978 ns/op
WorkloadWarmup  13: 123731968 op, 251430439.00 ns, 2.0321 ns/op
WorkloadWarmup  14: 123731968 op, 251043923.00 ns, 2.0289 ns/op
WorkloadWarmup  15: 123731968 op, 254981801.00 ns, 2.0608 ns/op
WorkloadWarmup  16: 123731968 op, 257405375.00 ns, 2.0803 ns/op

// BeforeActualRun
WorkloadActual   1: 123731968 op, 260244216.00 ns, 2.1033 ns/op
WorkloadActual   2: 123731968 op, 252775617.00 ns, 2.0429 ns/op
WorkloadActual   3: 123731968 op, 250873197.00 ns, 2.0276 ns/op
WorkloadActual   4: 123731968 op, 254116327.00 ns, 2.0538 ns/op
WorkloadActual   5: 123731968 op, 257574122.00 ns, 2.0817 ns/op
WorkloadActual   6: 123731968 op, 259979872.00 ns, 2.1012 ns/op
WorkloadActual   7: 123731968 op, 257738786.00 ns, 2.0830 ns/op
WorkloadActual   8: 123731968 op, 258273596.00 ns, 2.0874 ns/op
WorkloadActual   9: 123731968 op, 253509142.00 ns, 2.0489 ns/op
WorkloadActual  10: 123731968 op, 249027238.00 ns, 2.0126 ns/op
WorkloadActual  11: 123731968 op, 253977938.00 ns, 2.0526 ns/op
WorkloadActual  12: 123731968 op, 255316955.00 ns, 2.0635 ns/op

// AfterActualRun
WorkloadResult   1: 123731968 op, 260189351.00 ns, 2.1028 ns/op
WorkloadResult   2: 123731968 op, 252720752.00 ns, 2.0425 ns/op
WorkloadResult   3: 123731968 op, 250818332.00 ns, 2.0271 ns/op
WorkloadResult   4: 123731968 op, 254061462.00 ns, 2.0533 ns/op
WorkloadResult   5: 123731968 op, 257519257.00 ns, 2.0813 ns/op
WorkloadResult   6: 123731968 op, 259925007.00 ns, 2.1007 ns/op
WorkloadResult   7: 123731968 op, 257683921.00 ns, 2.0826 ns/op
WorkloadResult   8: 123731968 op, 258218731.00 ns, 2.0869 ns/op
WorkloadResult   9: 123731968 op, 253454277.00 ns, 2.0484 ns/op
WorkloadResult  10: 123731968 op, 248972373.00 ns, 2.0122 ns/op
WorkloadResult  11: 123731968 op, 253923073.00 ns, 2.0522 ns/op
WorkloadResult  12: 123731968 op, 255262090.00 ns, 2.0630 ns/op
// GC:  0 0 0 0 123731968
// Threading:  0 0 123731968

// AfterAll
// Benchmark Process 396969 has exited with code 0.

Mean = 2.063 ns, StdErr = 0.008 ns (0.40%), N = 12, StdDev = 0.029 ns
Min = 2.012 ns, Q1 = 2.047 ns, Median = 2.058 ns, Q3 = 2.084 ns, Max = 2.103 ns
IQR = 0.037 ns, LowerFence = 1.992 ns, UpperFence = 2.139 ns
ConfidenceInterval = [2.026 ns; 2.099 ns] (CI 99.9%), Margin = 0.037 ns (1.78% of Mean)
Skewness = -0.14, Kurtosis = 1.7, MValue = 2

// ** Remained 3 (30.0 %) benchmark(s) to run. Estimated finish 2026-09-11 6:01 (0h 0m from now) **
// **************************
// Benchmark: ScalarCatalogQueryBenchmarks.GeneratedQueryScalar: Jit(IterationCount=12, IterationTime=250ms, WarmupCount=16) [Pattern=Forward]
// *** Execute ***
// Launch: 1 / 1
// Execute: dotnet Alpha-Jit-1.dll --anonymousPipes 138 139 --benchmarkName "ScalarCatalogQueryBenchmarks.GeneratedQueryScalar(Pattern: Forward)" --job Jit --benchmarkId 7 in /home/i/Work/tl-v1-alpha-checkpoint-27-docs-alpha3-plan-33-feat-generated-tick-10-perf-alpha3-query-floor/benchmarks/Alpha/bin/Release/net10.0/Alpha-Jit-1/bin/Release/net10.0
// Failed to set up high priority (Permission denied). In order to run benchmarks with high priority, make sure you have the right permissions.
// BeforeAnythingElse

// Benchmark Process Environment Information:
// BenchmarkDotNet v0.15.8
// Runtime=.NET 10.0.12 (10.0.12, 10.0.1226.42308), X64 RyuJIT x86-64-v3
// GC=Concurrent Workstation
// HardwareIntrinsics=AVX2+BMI1+BMI2+F16C+FMA+LZCNT+MOVBE,AVX,SSE3+SSSE3+SSE4.1+SSE4.2+POPCNT,X86Base+SSE+SSE2,AES+PCLMUL,AvxVnni,SERIALIZE VectorSize=256
// Job: Jit(IterationCount=12, IterationTime=250ms, WarmupCount=16)

OverheadJitting  1: 4096 op, 98680.00 ns, 24.0918 ns/op
WorkloadJitting  1: 4096 op, 328024.00 ns, 80.0840 ns/op

OverheadJitting  2: 65536 op, 120319.00 ns, 1.8359 ns/op
WorkloadJitting  2: 65536 op, 2238772.00 ns, 34.1609 ns/op

WorkloadPilot    1: 65536 op, 972391.00 ns, 14.8375 ns/op
WorkloadPilot    2: 16908288 op, 177330008.00 ns, 10.4878 ns/op
WorkloadPilot    3: 23855104 op, 84376344.00 ns, 3.5370 ns/op
WorkloadPilot    4: 70713344 op, 249513264.00 ns, 3.5285 ns/op
WorkloadPilot    5: 70909952 op, 249704146.00 ns, 3.5214 ns/op
WorkloadPilot    6: 71041024 op, 246305497.00 ns, 3.4671 ns/op
WorkloadPilot    7: 72155136 op, 277752795.00 ns, 3.8494 ns/op
WorkloadPilot    8: 64946176 op, 224236671.00 ns, 3.4527 ns/op
WorkloadPilot    9: 72417280 op, 254389336.00 ns, 3.5128 ns/op
WorkloadPilot   10: 71172096 op, 252856511.00 ns, 3.5527 ns/op

OverheadWarmup   1: 71172096 op, 32792.00 ns, 0.0005 ns/op
OverheadWarmup   2: 71172096 op, 31785.00 ns, 0.0004 ns/op
OverheadWarmup   3: 71172096 op, 31509.00 ns, 0.0004 ns/op
OverheadWarmup   4: 71172096 op, 40356.00 ns, 0.0006 ns/op
OverheadWarmup   5: 71172096 op, 31631.00 ns, 0.0004 ns/op
OverheadWarmup   6: 71172096 op, 31708.00 ns, 0.0004 ns/op
OverheadWarmup   7: 71172096 op, 31507.00 ns, 0.0004 ns/op

OverheadActual   1: 71172096 op, 32053.00 ns, 0.0005 ns/op
OverheadActual   2: 71172096 op, 31778.00 ns, 0.0004 ns/op
OverheadActual   3: 71172096 op, 31772.00 ns, 0.0004 ns/op
OverheadActual   4: 71172096 op, 31541.00 ns, 0.0004 ns/op
OverheadActual   5: 71172096 op, 32030.00 ns, 0.0005 ns/op
OverheadActual   6: 71172096 op, 31506.00 ns, 0.0004 ns/op
OverheadActual   7: 71172096 op, 31473.00 ns, 0.0004 ns/op
OverheadActual   8: 71172096 op, 31502.00 ns, 0.0004 ns/op
OverheadActual   9: 71172096 op, 31605.00 ns, 0.0004 ns/op
OverheadActual  10: 71172096 op, 31493.00 ns, 0.0004 ns/op
OverheadActual  11: 71172096 op, 31492.00 ns, 0.0004 ns/op
OverheadActual  12: 71172096 op, 31558.00 ns, 0.0004 ns/op
OverheadActual  13: 71172096 op, 31502.00 ns, 0.0004 ns/op
OverheadActual  14: 71172096 op, 31502.00 ns, 0.0004 ns/op
OverheadActual  15: 71172096 op, 31508.00 ns, 0.0004 ns/op

WorkloadWarmup   1: 71172096 op, 253878056.00 ns, 3.5671 ns/op
WorkloadWarmup   2: 71172096 op, 251925231.00 ns, 3.5397 ns/op
WorkloadWarmup   3: 71172096 op, 246466384.00 ns, 3.4630 ns/op
WorkloadWarmup   4: 71172096 op, 250292454.00 ns, 3.5167 ns/op
WorkloadWarmup   5: 71172096 op, 251190362.00 ns, 3.5293 ns/op
WorkloadWarmup   6: 71172096 op, 252367867.00 ns, 3.5459 ns/op
WorkloadWarmup   7: 71172096 op, 249364415.00 ns, 3.5037 ns/op
WorkloadWarmup   8: 71172096 op, 248559904.00 ns, 3.4924 ns/op
WorkloadWarmup   9: 71172096 op, 256028410.00 ns, 3.5973 ns/op
WorkloadWarmup  10: 71172096 op, 255667314.00 ns, 3.5922 ns/op
WorkloadWarmup  11: 71172096 op, 253956125.00 ns, 3.5682 ns/op
WorkloadWarmup  12: 71172096 op, 251889506.00 ns, 3.5392 ns/op
WorkloadWarmup  13: 71172096 op, 249653112.00 ns, 3.5077 ns/op
WorkloadWarmup  14: 71172096 op, 249659603.00 ns, 3.5078 ns/op
WorkloadWarmup  15: 71172096 op, 250716847.00 ns, 3.5227 ns/op
WorkloadWarmup  16: 71172096 op, 253247066.00 ns, 3.5582 ns/op

// BeforeActualRun
WorkloadActual   1: 71172096 op, 253356877.00 ns, 3.5598 ns/op
WorkloadActual   2: 71172096 op, 246234275.00 ns, 3.4597 ns/op
WorkloadActual   3: 71172096 op, 248436057.00 ns, 3.4906 ns/op
WorkloadActual   4: 71172096 op, 249492672.00 ns, 3.5055 ns/op
WorkloadActual   5: 71172096 op, 252345979.00 ns, 3.5456 ns/op
WorkloadActual   6: 71172096 op, 252900232.00 ns, 3.5534 ns/op
WorkloadActual   7: 71172096 op, 252579776.00 ns, 3.5489 ns/op
WorkloadActual   8: 71172096 op, 250627742.00 ns, 3.5214 ns/op
WorkloadActual   9: 71172096 op, 245450674.00 ns, 3.4487 ns/op
WorkloadActual  10: 71172096 op, 246466033.00 ns, 3.4630 ns/op
WorkloadActual  11: 71172096 op, 245422270.00 ns, 3.4483 ns/op
WorkloadActual  12: 71172096 op, 245900454.00 ns, 3.4550 ns/op

// AfterActualRun
WorkloadResult   1: 71172096 op, 253325369.00 ns, 3.5593 ns/op
WorkloadResult   2: 71172096 op, 246202767.00 ns, 3.4593 ns/op
WorkloadResult   3: 71172096 op, 248404549.00 ns, 3.4902 ns/op
WorkloadResult   4: 71172096 op, 249461164.00 ns, 3.5050 ns/op
WorkloadResult   5: 71172096 op, 252314471.00 ns, 3.5451 ns/op
WorkloadResult   6: 71172096 op, 252868724.00 ns, 3.5529 ns/op
WorkloadResult   7: 71172096 op, 252548268.00 ns, 3.5484 ns/op
WorkloadResult   8: 71172096 op, 250596234.00 ns, 3.5210 ns/op
WorkloadResult   9: 71172096 op, 245419166.00 ns, 3.4482 ns/op
WorkloadResult  10: 71172096 op, 246434525.00 ns, 3.4625 ns/op
WorkloadResult  11: 71172096 op, 245390762.00 ns, 3.4479 ns/op
WorkloadResult  12: 71172096 op, 245868946.00 ns, 3.4546 ns/op
// GC:  0 0 0 32 71172096
// Threading:  0 0 71172096

// AfterAll
// Benchmark Process 396991 has exited with code 0.

Mean = 3.500 ns, StdErr = 0.013 ns (0.37%), N = 12, StdDev = 0.045 ns
Min = 3.448 ns, Q1 = 3.458 ns, Median = 3.498 ns, Q3 = 3.546 ns, Max = 3.559 ns
IQR = 0.088 ns, LowerFence = 3.326 ns, UpperFence = 3.678 ns
ConfidenceInterval = [3.443 ns; 3.557 ns] (CI 99.9%), Margin = 0.057 ns (1.63% of Mean)
Skewness = 0.1, Kurtosis = 1.14, MValue = 2

// ** Remained 2 (20.0 %) benchmark(s) to run. Estimated finish 2026-09-11 6:01 (0h 0m from now) **
// **************************
// Benchmark: ScalarCatalogQueryBenchmarks.DirectScalar: Jit(IterationCount=12, IterationTime=250ms, WarmupCount=16) [Pattern=Alternating]
// *** Execute ***
// Launch: 1 / 1
// Execute: dotnet Alpha-Jit-1.dll --anonymousPipes 138 139 --benchmarkName "ScalarCatalogQueryBenchmarks.DirectScalar(Pattern: Alternating)" --job Jit --benchmarkId 8 in /home/i/Work/tl-v1-alpha-checkpoint-27-docs-alpha3-plan-33-feat-generated-tick-10-perf-alpha3-query-floor/benchmarks/Alpha/bin/Release/net10.0/Alpha-Jit-1/bin/Release/net10.0
// Failed to set up high priority (Permission denied). In order to run benchmarks with high priority, make sure you have the right permissions.
// BeforeAnythingElse

// Benchmark Process Environment Information:
// BenchmarkDotNet v0.15.8
// Runtime=.NET 10.0.12 (10.0.12, 10.0.1226.42308), X64 RyuJIT x86-64-v3
// GC=Concurrent Workstation
// HardwareIntrinsics=AVX2+BMI1+BMI2+F16C+FMA+LZCNT+MOVBE,AVX,SSE3+SSSE3+SSE4.1+SSE4.2+POPCNT,X86Base+SSE+SSE2,AES+PCLMUL,AvxVnni,SERIALIZE VectorSize=256
// Job: Jit(IterationCount=12, IterationTime=250ms, WarmupCount=16)

OverheadJitting  1: 4096 op, 98295.00 ns, 23.9978 ns/op
WorkloadJitting  1: 4096 op, 142648.00 ns, 34.8262 ns/op

OverheadJitting  2: 65536 op, 116537.00 ns, 1.7782 ns/op
WorkloadJitting  2: 65536 op, 1099484.00 ns, 16.7768 ns/op

WorkloadPilot    1: 65536 op, 281112.00 ns, 4.2894 ns/op
WorkloadPilot    2: 58327040 op, 190427300.00 ns, 3.2648 ns/op
WorkloadPilot    3: 76611584 op, 159582471.00 ns, 2.0830 ns/op
WorkloadPilot    4: 120061952 op, 249734593.00 ns, 2.0800 ns/op
WorkloadPilot    5: 120193024 op, 246277142.00 ns, 2.0490 ns/op
WorkloadPilot    6: 122028032 op, 255623575.00 ns, 2.0948 ns/op
WorkloadPilot    7: 119406592 op, 244907321.00 ns, 2.0510 ns/op
WorkloadPilot    8: 121896960 op, 249093812.00 ns, 2.0435 ns/op
WorkloadPilot    9: 122355712 op, 256416443.00 ns, 2.0957 ns/op
WorkloadPilot   10: 119341056 op, 246387582.00 ns, 2.0646 ns/op
WorkloadPilot   11: 121110528 op, 253622802.00 ns, 2.0941 ns/op

OverheadWarmup   1: 121110528 op, 54529.00 ns, 0.0005 ns/op
OverheadWarmup   2: 121110528 op, 53810.00 ns, 0.0004 ns/op
OverheadWarmup   3: 121110528 op, 53705.00 ns, 0.0004 ns/op
OverheadWarmup   4: 121110528 op, 57505.00 ns, 0.0005 ns/op
OverheadWarmup   5: 121110528 op, 54145.00 ns, 0.0004 ns/op
OverheadWarmup   6: 121110528 op, 53774.00 ns, 0.0004 ns/op
OverheadWarmup   7: 121110528 op, 53852.00 ns, 0.0004 ns/op
OverheadWarmup   8: 121110528 op, 53710.00 ns, 0.0004 ns/op

OverheadActual   1: 121110528 op, 54001.00 ns, 0.0004 ns/op
OverheadActual   2: 121110528 op, 53976.00 ns, 0.0004 ns/op
OverheadActual   3: 121110528 op, 53815.00 ns, 0.0004 ns/op
OverheadActual   4: 121110528 op, 54034.00 ns, 0.0004 ns/op
OverheadActual   5: 121110528 op, 53814.00 ns, 0.0004 ns/op
OverheadActual   6: 121110528 op, 53884.00 ns, 0.0004 ns/op
OverheadActual   7: 121110528 op, 53701.00 ns, 0.0004 ns/op
OverheadActual   8: 121110528 op, 53768.00 ns, 0.0004 ns/op
OverheadActual   9: 121110528 op, 53744.00 ns, 0.0004 ns/op
OverheadActual  10: 121110528 op, 53761.00 ns, 0.0004 ns/op
OverheadActual  11: 121110528 op, 53689.00 ns, 0.0004 ns/op
OverheadActual  12: 121110528 op, 53780.00 ns, 0.0004 ns/op
OverheadActual  13: 121110528 op, 53679.00 ns, 0.0004 ns/op
OverheadActual  14: 121110528 op, 53737.00 ns, 0.0004 ns/op
OverheadActual  15: 121110528 op, 53844.00 ns, 0.0004 ns/op

WorkloadWarmup   1: 121110528 op, 255765502.00 ns, 2.1118 ns/op
WorkloadWarmup   2: 121110528 op, 248249143.00 ns, 2.0498 ns/op
WorkloadWarmup   3: 121110528 op, 247944670.00 ns, 2.0473 ns/op
WorkloadWarmup   4: 121110528 op, 249185596.00 ns, 2.0575 ns/op
WorkloadWarmup   5: 121110528 op, 248978277.00 ns, 2.0558 ns/op
WorkloadWarmup   6: 121110528 op, 247789950.00 ns, 2.0460 ns/op
WorkloadWarmup   7: 121110528 op, 246730089.00 ns, 2.0372 ns/op
WorkloadWarmup   8: 121110528 op, 254841361.00 ns, 2.1042 ns/op
WorkloadWarmup   9: 121110528 op, 248649878.00 ns, 2.0531 ns/op
WorkloadWarmup  10: 121110528 op, 252618392.00 ns, 2.0858 ns/op
WorkloadWarmup  11: 121110528 op, 249308289.00 ns, 2.0585 ns/op
WorkloadWarmup  12: 121110528 op, 246472876.00 ns, 2.0351 ns/op
WorkloadWarmup  13: 121110528 op, 249469833.00 ns, 2.0599 ns/op
WorkloadWarmup  14: 121110528 op, 249817604.00 ns, 2.0627 ns/op
WorkloadWarmup  15: 121110528 op, 250954280.00 ns, 2.0721 ns/op
WorkloadWarmup  16: 121110528 op, 253635660.00 ns, 2.0942 ns/op

// BeforeActualRun
WorkloadActual   1: 121110528 op, 253468038.00 ns, 2.0929 ns/op
WorkloadActual   2: 121110528 op, 249879723.00 ns, 2.0632 ns/op
WorkloadActual   3: 121110528 op, 246172273.00 ns, 2.0326 ns/op
WorkloadActual   4: 121110528 op, 252188987.00 ns, 2.0823 ns/op
WorkloadActual   5: 121110528 op, 252554029.00 ns, 2.0853 ns/op
WorkloadActual   6: 121110528 op, 253635705.00 ns, 2.0942 ns/op
WorkloadActual   7: 121110528 op, 253664557.00 ns, 2.0945 ns/op
WorkloadActual   8: 121110528 op, 247511797.00 ns, 2.0437 ns/op
WorkloadActual   9: 121110528 op, 252362681.00 ns, 2.0837 ns/op
WorkloadActual  10: 121110528 op, 248277434.00 ns, 2.0500 ns/op
WorkloadActual  11: 121110528 op, 247118170.00 ns, 2.0404 ns/op
WorkloadActual  12: 121110528 op, 245909122.00 ns, 2.0305 ns/op

// AfterActualRun
WorkloadResult   1: 121110528 op, 253414258.00 ns, 2.0924 ns/op
WorkloadResult   2: 121110528 op, 249825943.00 ns, 2.0628 ns/op
WorkloadResult   3: 121110528 op, 246118493.00 ns, 2.0322 ns/op
WorkloadResult   4: 121110528 op, 252135207.00 ns, 2.0819 ns/op
WorkloadResult   5: 121110528 op, 252500249.00 ns, 2.0849 ns/op
WorkloadResult   6: 121110528 op, 253581925.00 ns, 2.0938 ns/op
WorkloadResult   7: 121110528 op, 253610777.00 ns, 2.0940 ns/op
WorkloadResult   8: 121110528 op, 247458017.00 ns, 2.0432 ns/op
WorkloadResult   9: 121110528 op, 252308901.00 ns, 2.0833 ns/op
WorkloadResult  10: 121110528 op, 248223654.00 ns, 2.0496 ns/op
WorkloadResult  11: 121110528 op, 247064390.00 ns, 2.0400 ns/op
WorkloadResult  12: 121110528 op, 245855342.00 ns, 2.0300 ns/op
// GC:  0 0 0 0 121110528
// Threading:  0 0 121110528

// AfterAll
// Benchmark Process 397084 has exited with code 0.

Mean = 2.066 ns, StdErr = 0.007 ns (0.35%), N = 12, StdDev = 0.025 ns
Min = 2.030 ns, Q1 = 2.042 ns, Median = 2.072 ns, Q3 = 2.087 ns, Max = 2.094 ns
IQR = 0.044 ns, LowerFence = 1.976 ns, UpperFence = 2.153 ns
ConfidenceInterval = [2.033 ns; 2.098 ns] (CI 99.9%), Margin = 0.032 ns (1.57% of Mean)
Skewness = -0.18, Kurtosis = 1.15, MValue = 2

// ** Remained 1 (10.0 %) benchmark(s) to run. Estimated finish 2026-09-11 6:01 (0h 0m from now) **
// **************************
// Benchmark: ScalarCatalogQueryBenchmarks.GeneratedQueryScalar: Jit(IterationCount=12, IterationTime=250ms, WarmupCount=16) [Pattern=Alternating]
// *** Execute ***
// Launch: 1 / 1
// Execute: dotnet Alpha-Jit-1.dll --anonymousPipes 138 139 --benchmarkName "ScalarCatalogQueryBenchmarks.GeneratedQueryScalar(Pattern: Alternating)" --job Jit --benchmarkId 9 in /home/i/Work/tl-v1-alpha-checkpoint-27-docs-alpha3-plan-33-feat-generated-tick-10-perf-alpha3-query-floor/benchmarks/Alpha/bin/Release/net10.0/Alpha-Jit-1/bin/Release/net10.0
// Failed to set up high priority (Permission denied). In order to run benchmarks with high priority, make sure you have the right permissions.
// BeforeAnythingElse

// Benchmark Process Environment Information:
// BenchmarkDotNet v0.15.8
// Runtime=.NET 10.0.12 (10.0.12, 10.0.1226.42308), X64 RyuJIT x86-64-v3
// GC=Concurrent Workstation
// HardwareIntrinsics=AVX2+BMI1+BMI2+F16C+FMA+LZCNT+MOVBE,AVX,SSE3+SSSE3+SSE4.1+SSE4.2+POPCNT,X86Base+SSE+SSE2,AES+PCLMUL,AvxVnni,SERIALIZE VectorSize=256
// Job: Jit(IterationCount=12, IterationTime=250ms, WarmupCount=16)

OverheadJitting  1: 4096 op, 101443.00 ns, 24.7664 ns/op
WorkloadJitting  1: 4096 op, 334305.00 ns, 81.6174 ns/op

OverheadJitting  2: 65536 op, 116595.00 ns, 1.7791 ns/op
WorkloadJitting  2: 65536 op, 2906992.00 ns, 44.3572 ns/op

WorkloadPilot    1: 65536 op, 1041786.00 ns, 15.8964 ns/op
WorkloadPilot    2: 15728640 op, 174162441.00 ns, 11.0729 ns/op
WorkloadPilot    3: 22609920 op, 80452159.00 ns, 3.5583 ns/op
WorkloadPilot    4: 70320128 op, 254102189.00 ns, 3.6135 ns/op
WorkloadPilot    5: 69206016 op, 250176867.00 ns, 3.6150 ns/op

OverheadWarmup   1: 69206016 op, 32013.00 ns, 0.0005 ns/op
OverheadWarmup   2: 69206016 op, 30734.00 ns, 0.0004 ns/op
OverheadWarmup   3: 69206016 op, 30866.00 ns, 0.0004 ns/op
OverheadWarmup   4: 69206016 op, 30920.00 ns, 0.0004 ns/op
OverheadWarmup   5: 69206016 op, 30738.00 ns, 0.0004 ns/op
OverheadWarmup   6: 69206016 op, 30701.00 ns, 0.0004 ns/op
OverheadWarmup   7: 69206016 op, 33281.00 ns, 0.0005 ns/op
OverheadWarmup   8: 69206016 op, 30867.00 ns, 0.0004 ns/op

OverheadActual   1: 69206016 op, 31244.00 ns, 0.0005 ns/op
OverheadActual   2: 69206016 op, 30909.00 ns, 0.0004 ns/op
OverheadActual   3: 69206016 op, 30885.00 ns, 0.0004 ns/op
OverheadActual   4: 69206016 op, 30817.00 ns, 0.0004 ns/op
OverheadActual   5: 69206016 op, 30839.00 ns, 0.0004 ns/op
OverheadActual   6: 69206016 op, 34066.00 ns, 0.0005 ns/op
OverheadActual   7: 69206016 op, 30612.00 ns, 0.0004 ns/op
OverheadActual   8: 69206016 op, 30744.00 ns, 0.0004 ns/op
OverheadActual   9: 69206016 op, 30609.00 ns, 0.0004 ns/op
OverheadActual  10: 69206016 op, 30625.00 ns, 0.0004 ns/op
OverheadActual  11: 69206016 op, 30620.00 ns, 0.0004 ns/op
OverheadActual  12: 69206016 op, 30746.00 ns, 0.0004 ns/op
OverheadActual  13: 69206016 op, 30652.00 ns, 0.0004 ns/op
OverheadActual  14: 69206016 op, 30608.00 ns, 0.0004 ns/op
OverheadActual  15: 69206016 op, 30620.00 ns, 0.0004 ns/op

WorkloadWarmup   1: 69206016 op, 249265349.00 ns, 3.6018 ns/op
WorkloadWarmup   2: 69206016 op, 246537761.00 ns, 3.5624 ns/op
WorkloadWarmup   3: 69206016 op, 252450110.00 ns, 3.6478 ns/op
WorkloadWarmup   4: 69206016 op, 252028809.00 ns, 3.6417 ns/op
WorkloadWarmup   5: 69206016 op, 246561469.00 ns, 3.5627 ns/op
WorkloadWarmup   6: 69206016 op, 248774119.00 ns, 3.5947 ns/op
WorkloadWarmup   7: 69206016 op, 247631304.00 ns, 3.5782 ns/op
WorkloadWarmup   8: 69206016 op, 245842633.00 ns, 3.5523 ns/op
WorkloadWarmup   9: 69206016 op, 248108187.00 ns, 3.5851 ns/op
WorkloadWarmup  10: 69206016 op, 252977380.00 ns, 3.6554 ns/op
WorkloadWarmup  11: 69206016 op, 251496748.00 ns, 3.6340 ns/op
WorkloadWarmup  12: 69206016 op, 252491752.00 ns, 3.6484 ns/op
WorkloadWarmup  13: 69206016 op, 255918639.00 ns, 3.6979 ns/op
WorkloadWarmup  14: 69206016 op, 251714832.00 ns, 3.6372 ns/op
WorkloadWarmup  15: 69206016 op, 251732521.00 ns, 3.6374 ns/op
WorkloadWarmup  16: 69206016 op, 249626459.00 ns, 3.6070 ns/op

// BeforeActualRun
WorkloadActual   1: 69206016 op, 251857378.00 ns, 3.6392 ns/op
WorkloadActual   2: 69206016 op, 251863467.00 ns, 3.6393 ns/op
WorkloadActual   3: 69206016 op, 247820599.00 ns, 3.5809 ns/op
WorkloadActual   4: 69206016 op, 249535296.00 ns, 3.6057 ns/op
WorkloadActual   5: 69206016 op, 252514968.00 ns, 3.6487 ns/op
WorkloadActual   6: 69206016 op, 251147191.00 ns, 3.6290 ns/op
WorkloadActual   7: 69206016 op, 249864199.00 ns, 3.6104 ns/op
WorkloadActual   8: 69206016 op, 252383672.00 ns, 3.6468 ns/op
WorkloadActual   9: 69206016 op, 246948348.00 ns, 3.5683 ns/op
WorkloadActual  10: 69206016 op, 247973941.00 ns, 3.5831 ns/op
WorkloadActual  11: 69206016 op, 250352190.00 ns, 3.6175 ns/op
WorkloadActual  12: 69206016 op, 244636690.00 ns, 3.5349 ns/op

// AfterActualRun
WorkloadResult   1: 69206016 op, 251826634.00 ns, 3.6388 ns/op
WorkloadResult   2: 69206016 op, 251832723.00 ns, 3.6389 ns/op
WorkloadResult   3: 69206016 op, 247789855.00 ns, 3.5805 ns/op
WorkloadResult   4: 69206016 op, 249504552.00 ns, 3.6052 ns/op
WorkloadResult   5: 69206016 op, 252484224.00 ns, 3.6483 ns/op
WorkloadResult   6: 69206016 op, 251116447.00 ns, 3.6285 ns/op
WorkloadResult   7: 69206016 op, 249833455.00 ns, 3.6100 ns/op
WorkloadResult   8: 69206016 op, 252352928.00 ns, 3.6464 ns/op
WorkloadResult   9: 69206016 op, 246917604.00 ns, 3.5679 ns/op
WorkloadResult  10: 69206016 op, 247943197.00 ns, 3.5827 ns/op
WorkloadResult  11: 69206016 op, 250321446.00 ns, 3.6170 ns/op
WorkloadResult  12: 69206016 op, 244605946.00 ns, 3.5345 ns/op
// GC:  0 0 0 0 69206016
// Threading:  0 0 69206016

// AfterAll
// Benchmark Process 397141 has exited with code 0.

Mean = 3.608 ns, StdErr = 0.010 ns (0.28%), N = 12, StdDev = 0.036 ns
Min = 3.534 ns, Q1 = 3.582 ns, Median = 3.614 ns, Q3 = 3.639 ns, Max = 3.648 ns
IQR = 0.057 ns, LowerFence = 3.497 ns, UpperFence = 3.724 ns
ConfidenceInterval = [3.563 ns; 3.654 ns] (CI 99.9%), Margin = 0.046 ns (1.26% of Mean)
Skewness = -0.59, Kurtosis = 2.07, MValue = 2

// ** Remained 0 (0.0 %) benchmark(s) to run. Estimated finish 2026-09-11 6:01 (0h 0m from now) **
// ***** BenchmarkRunner: Finish  *****

// * Export *
  tmp/tl-alpha3-outlined-run3/results/ScalarCatalogQueryBenchmarks-report.csv
  tmp/tl-alpha3-outlined-run3/results/ScalarCatalogQueryBenchmarks-report-github.md
  tmp/tl-alpha3-outlined-run3/results/ScalarCatalogQueryBenchmarks-report.html
  tmp/tl-alpha3-outlined-run3/results/ScalarCatalogQueryBenchmarks-report-full.json

// * Detailed results *
ScalarCatalogQueryBenchmarks.DirectScalar: Jit(IterationCount=12, IterationTime=250ms, WarmupCount=16) [Pattern=Forward]
Runtime = .NET 10.0.12 (10.0.12, 10.0.1226.42308), X64 RyuJIT x86-64-v3; GC = Concurrent Workstation
Mean = 2.063 ns, StdErr = 0.008 ns (0.40%), N = 12, StdDev = 0.029 ns
Min = 2.012 ns, Q1 = 2.047 ns, Median = 2.058 ns, Q3 = 2.084 ns, Max = 2.103 ns
IQR = 0.037 ns, LowerFence = 1.992 ns, UpperFence = 2.139 ns
ConfidenceInterval = [2.026 ns; 2.099 ns] (CI 99.9%), Margin = 0.037 ns (1.78% of Mean)
Skewness = -0.14, Kurtosis = 1.7, MValue = 2
-------------------- Histogram --------------------
[1.996 ns ; 2.113 ns) | @@@@@@@@@@@@
---------------------------------------------------

ScalarCatalogQueryBenchmarks.GeneratedQueryScalar: Jit(IterationCount=12, IterationTime=250ms, WarmupCount=16) [Pattern=Forward]
Runtime = .NET 10.0.12 (10.0.12, 10.0.1226.42308), X64 RyuJIT x86-64-v3; GC = Concurrent Workstation
Mean = 3.500 ns, StdErr = 0.013 ns (0.37%), N = 12, StdDev = 0.045 ns
Min = 3.448 ns, Q1 = 3.458 ns, Median = 3.498 ns, Q3 = 3.546 ns, Max = 3.559 ns
IQR = 0.088 ns, LowerFence = 3.326 ns, UpperFence = 3.678 ns
ConfidenceInterval = [3.443 ns; 3.557 ns] (CI 99.9%), Margin = 0.057 ns (1.63% of Mean)
Skewness = 0.1, Kurtosis = 1.14, MValue = 2
-------------------- Histogram --------------------
[3.434 ns ; 3.576 ns) | @@@@@@@@@@@@
---------------------------------------------------

ScalarCatalogQueryBenchmarks.DirectScalar: Jit(IterationCount=12, IterationTime=250ms, WarmupCount=16) [Pattern=Alternating]
Runtime = .NET 10.0.12 (10.0.12, 10.0.1226.42308), X64 RyuJIT x86-64-v3; GC = Concurrent Workstation
Mean = 2.066 ns, StdErr = 0.007 ns (0.35%), N = 12, StdDev = 0.025 ns
Min = 2.030 ns, Q1 = 2.042 ns, Median = 2.072 ns, Q3 = 2.087 ns, Max = 2.094 ns
IQR = 0.044 ns, LowerFence = 1.976 ns, UpperFence = 2.153 ns
ConfidenceInterval = [2.033 ns; 2.098 ns] (CI 99.9%), Margin = 0.032 ns (1.57% of Mean)
Skewness = -0.18, Kurtosis = 1.15, MValue = 2
-------------------- Histogram --------------------
[2.019 ns ; 2.109 ns) | @@@@@@@@@@@@
---------------------------------------------------

ScalarCatalogQueryBenchmarks.GeneratedQueryScalar: Jit(IterationCount=12, IterationTime=250ms, WarmupCount=16) [Pattern=Alternating]
Runtime = .NET 10.0.12 (10.0.12, 10.0.1226.42308), X64 RyuJIT x86-64-v3; GC = Concurrent Workstation
Mean = 3.608 ns, StdErr = 0.010 ns (0.28%), N = 12, StdDev = 0.036 ns
Min = 3.534 ns, Q1 = 3.582 ns, Median = 3.614 ns, Q3 = 3.639 ns, Max = 3.648 ns
IQR = 0.057 ns, LowerFence = 3.497 ns, UpperFence = 3.724 ns
ConfidenceInterval = [3.563 ns; 3.654 ns] (CI 99.9%), Margin = 0.046 ns (1.26% of Mean)
Skewness = -0.59, Kurtosis = 2.07, MValue = 2
-------------------- Histogram --------------------
[3.514 ns ; 3.593 ns) | @@@@
[3.593 ns ; 3.669 ns) | @@@@@@@@
---------------------------------------------------

// * Summary *

BenchmarkDotNet v0.15.8, Linux Omarchy
Intel Core i9-14900K 0.80GHz, 1 CPU, 32 logical and 24 physical cores
.NET SDK 10.0.401
  [Host] : .NET 10.0.12 (10.0.12, 10.0.1226.42308), X64 RyuJIT x86-64-v3
  Jit    : .NET 10.0.12 (10.0.12, 10.0.1226.42308), X64 RyuJIT x86-64-v3

Job=Jit  IterationCount=12  IterationTime=250ms  
WarmupCount=16  

| Method               | Pattern     | Mean     | Error     | StdDev    | Median   | Ratio | RatioSD | Allocated | Alloc Ratio |
|--------------------- |------------ |---------:|----------:|----------:|---------:|------:|--------:|----------:|------------:|
| DirectScalar         | Forward     | 2.063 ns | 0.0367 ns | 0.0286 ns | 2.058 ns |  1.00 |    0.02 |         - |          NA |
| GeneratedQueryScalar | Forward     | 3.500 ns | 0.0570 ns | 0.0445 ns | 3.498 ns |  1.70 |    0.03 |         - |          NA |
|                      |             |          |           |           |          |       |         |           |             |
| DirectScalar         | Alternating | 2.066 ns | 0.0325 ns | 0.0254 ns | 2.072 ns |  1.00 |    0.02 |         - |          NA |
| GeneratedQueryScalar | Alternating | 3.608 ns | 0.0456 ns | 0.0356 ns | 3.614 ns |  1.75 |    0.03 |         - |          NA |

// * Legends *
  Pattern     : Value of the 'Pattern' parameter
  Mean        : Arithmetic mean of all measurements
  Error       : Half of 99.9% confidence interval
  StdDev      : Standard deviation of all measurements
  Median      : Value separating the higher half of all measurements (50th percentile)
  Ratio       : Mean of the ratio distribution ([Current]/[Baseline])
  RatioSD     : Standard deviation of the ratio distribution ([Current]/[Baseline])
  Allocated   : Allocated memory per single operation (managed only, inclusive, 1KB = 1024B)
  Alloc Ratio : Allocated memory ratio distribution ([Current]/[Baseline])
  1 ns        : 1 Nanosecond (0.000000001 sec)

// * Diagnostic Output - MemoryDiagnoser *


// ***** BenchmarkRunner: End *****
Run time: 00:00:36 (36.76 sec), executed benchmarks: 4

Global total time: 00:01:34 (94.19 sec), executed benchmarks: 10
// * Artifacts cleanup *
Artifacts cleanup is finished
