// Validating benchmarks:
// ***** BenchmarkRunner: Start   *****
// ***** Found 14 benchmark(s) in total *****
// ***** Building 2 exe(s) in Parallel: Start   *****
// ***** Done, took 00:00:03 (3.66 sec)   *****
// Found 14 benchmarks:
//   PairHandleBenchmarks.Advance: Job-TZECNT(IterationCount=16, IterationTime=200ms, WarmupCount=8) [Shape=LaneUniform]
//   PairHandleBenchmarks.Advance: InProcess(Toolchain=InProcessEmitToolchain) [Shape=LaneUniform]
//   PairHandleBenchmarks.Advance: Job-TZECNT(IterationCount=16, IterationTime=200ms, WarmupCount=8) [Shape=PairOne]
//   PairHandleBenchmarks.Advance: InProcess(Toolchain=InProcessEmitToolchain) [Shape=PairOne]
//   PairHandleBenchmarks.Advance: Job-TZECNT(IterationCount=16, IterationTime=200ms, WarmupCount=8) [Shape=PairRuns8]
//   PairHandleBenchmarks.Advance: InProcess(Toolchain=InProcessEmitToolchain) [Shape=PairRuns8]
//   PairHandleBenchmarks.Advance: Job-TZECNT(IterationCount=16, IterationTime=200ms, WarmupCount=8) [Shape=PairAlternating8]
//   PairHandleBenchmarks.Advance: InProcess(Toolchain=InProcessEmitToolchain) [Shape=PairAlternating8]
//   PairHandleBenchmarks.Advance: Job-TZECNT(IterationCount=16, IterationTime=200ms, WarmupCount=8) [Shape=PairRuns8Waves]
//   PairHandleBenchmarks.Advance: InProcess(Toolchain=InProcessEmitToolchain) [Shape=PairRuns8Waves]
//   PairHandleBenchmarks.Advance: Job-TZECNT(IterationCount=16, IterationTime=200ms, WarmupCount=8) [Shape=PairBlocks8Waves]
//   PairHandleBenchmarks.Advance: InProcess(Toolchain=InProcessEmitToolchain) [Shape=PairBlocks8Waves]
//   PairHandleBenchmarks.Advance: Job-TZECNT(IterationCount=16, IterationTime=200ms, WarmupCount=8) [Shape=PairA(...)Waves [21]]
//   PairHandleBenchmarks.Advance: InProcess(Toolchain=InProcessEmitToolchain) [Shape=PairA(...)Waves [21]]

// **************************
// Benchmark: PairHandleBenchmarks.Advance: Job-TZECNT(IterationCount=16, IterationTime=200ms, WarmupCount=8) [Shape=LaneUniform]
// *** Execute ***
// Launch: 1 / 1
// Execute: dotnet PairHandles-Job-TZECNT-1.dll --anonymousPipes 140 141 --benchmarkName "Tl.PairHandlesProbe.PairHandleBenchmarks.Advance(Shape: LaneUniform)" --job "IterationCount=16, IterationTime=200ms, WarmupCount=8" --benchmarkId 0 in /home/i/GitHub/tl-167-runs/benchmarks/PairHandles/bin/Release/net10.0/PairHandles-Job-TZECNT-1/bin/Release/net10.0
// Failed to set up high priority (Permission denied). In order to run benchmarks with high priority, make sure you have the right permissions.
// BeforeAnythingElse

// Benchmark Process Environment Information:
// BenchmarkDotNet v0.15.8
// Runtime=.NET 10.0.12 (10.0.12, 10.0.1226.42308), X64 RyuJIT x86-64-v3
// GC=Concurrent Workstation
// HardwareIntrinsics=AVX2+BMI1+BMI2+F16C+FMA+LZCNT+MOVBE,AVX,SSE3+SSSE3+SSE4.1+SSE4.2+POPCNT,X86Base+SSE+SSE2,AES+PCLMUL,AvxVnni,SERIALIZE VectorSize=256
// Job: Job-TZECNT(IterationCount=16, IterationTime=200ms, WarmupCount=8)

OverheadJitting  1: 1 op, 88080.00 ns, 88.0800 us/op
WorkloadJitting  1: 1 op, 6215977.00 ns, 6.2160 ms/op

OverheadJitting  2: 16 op, 118018.00 ns, 7.3761 us/op
WorkloadJitting  2: 16 op, 1773401.00 ns, 110.8376 us/op

WorkloadPilot    1: 16 op, 726629.00 ns, 45.4143 us/op
WorkloadPilot    2: 4416 op, 143544665.00 ns, 32.5056 us/op
WorkloadPilot    3: 6160 op, 133000092.00 ns, 21.5909 us/op
WorkloadPilot    4: 9264 op, 168901947.00 ns, 18.2321 us/op
WorkloadPilot    5: 10976 op, 214995011.00 ns, 19.5877 us/op
WorkloadPilot    6: 10224 op, 223680742.00 ns, 21.8780 us/op
WorkloadPilot    7: 9152 op, 174216877.00 ns, 19.0359 us/op
WorkloadPilot    8: 10512 op, 224337991.00 ns, 21.3411 us/op

OverheadWarmup   1: 10512 op, 20111.00 ns, 1.9131 ns/op
OverheadWarmup   2: 10512 op, 19257.00 ns, 1.8319 ns/op
OverheadWarmup   3: 10512 op, 19050.00 ns, 1.8122 ns/op
OverheadWarmup   4: 10512 op, 19079.00 ns, 1.8150 ns/op
OverheadWarmup   5: 10512 op, 19368.00 ns, 1.8425 ns/op
OverheadWarmup   6: 10512 op, 19111.00 ns, 1.8180 ns/op
OverheadWarmup   7: 10512 op, 19231.00 ns, 1.8294 ns/op
OverheadWarmup   8: 10512 op, 19129.00 ns, 1.8197 ns/op

OverheadActual   1: 10512 op, 19365.00 ns, 1.8422 ns/op
OverheadActual   2: 10512 op, 19363.00 ns, 1.8420 ns/op
OverheadActual   3: 10512 op, 19331.00 ns, 1.8389 ns/op
OverheadActual   4: 10512 op, 19146.00 ns, 1.8213 ns/op
OverheadActual   5: 10512 op, 19545.00 ns, 1.8593 ns/op
OverheadActual   6: 10512 op, 19113.00 ns, 1.8182 ns/op
OverheadActual   7: 10512 op, 19119.00 ns, 1.8188 ns/op
OverheadActual   8: 10512 op, 19100.00 ns, 1.8170 ns/op
OverheadActual   9: 10512 op, 19121.00 ns, 1.8190 ns/op
OverheadActual  10: 10512 op, 19109.00 ns, 1.8178 ns/op
OverheadActual  11: 10512 op, 19189.00 ns, 1.8254 ns/op
OverheadActual  12: 10512 op, 19113.00 ns, 1.8182 ns/op
OverheadActual  13: 10512 op, 19387.00 ns, 1.8443 ns/op
OverheadActual  14: 10512 op, 19115.00 ns, 1.8184 ns/op
OverheadActual  15: 10512 op, 19098.00 ns, 1.8168 ns/op

WorkloadWarmup   1: 10512 op, 191660115.00 ns, 18.2325 us/op
WorkloadWarmup   2: 10512 op, 220641190.00 ns, 20.9895 us/op
WorkloadWarmup   3: 10512 op, 229783209.00 ns, 21.8591 us/op
WorkloadWarmup   4: 10512 op, 230287906.00 ns, 21.9071 us/op
WorkloadWarmup   5: 10512 op, 230727092.00 ns, 21.9489 us/op
WorkloadWarmup   6: 10512 op, 201239117.00 ns, 19.1438 us/op
WorkloadWarmup   7: 10512 op, 230655076.00 ns, 21.9421 us/op
WorkloadWarmup   8: 10512 op, 230322016.00 ns, 21.9104 us/op

// BeforeActualRun
WorkloadActual   1: 10512 op, 212167143.00 ns, 20.1833 us/op
WorkloadActual   2: 10512 op, 202935242.00 ns, 19.3051 us/op
WorkloadActual   3: 10512 op, 229791466.00 ns, 21.8599 us/op
WorkloadActual   4: 10512 op, 200497069.00 ns, 19.0732 us/op
WorkloadActual   5: 10512 op, 230691332.00 ns, 21.9455 us/op
WorkloadActual   6: 10512 op, 226799053.00 ns, 21.5753 us/op
WorkloadActual   7: 10512 op, 203506961.00 ns, 19.3595 us/op
WorkloadActual   8: 10512 op, 225474108.00 ns, 21.4492 us/op
WorkloadActual   9: 10512 op, 201901056.00 ns, 19.2067 us/op
WorkloadActual  10: 10512 op, 196161365.00 ns, 18.6607 us/op
WorkloadActual  11: 10512 op, 200823529.00 ns, 19.1042 us/op
WorkloadActual  12: 10512 op, 206048273.00 ns, 19.6012 us/op
WorkloadActual  13: 10512 op, 191712361.00 ns, 18.2375 us/op
WorkloadActual  14: 10512 op, 195314567.00 ns, 18.5802 us/op
WorkloadActual  15: 10512 op, 191976798.00 ns, 18.2626 us/op
WorkloadActual  16: 10512 op, 227208499.00 ns, 21.6142 us/op

// AfterActualRun
WorkloadResult   1: 10512 op, 212148022.00 ns, 20.1815 us/op
WorkloadResult   2: 10512 op, 202916121.00 ns, 19.3033 us/op
WorkloadResult   3: 10512 op, 229772345.00 ns, 21.8581 us/op
WorkloadResult   4: 10512 op, 200477948.00 ns, 19.0713 us/op
WorkloadResult   5: 10512 op, 230672211.00 ns, 21.9437 us/op
WorkloadResult   6: 10512 op, 226779932.00 ns, 21.5734 us/op
WorkloadResult   7: 10512 op, 203487840.00 ns, 19.3577 us/op
WorkloadResult   8: 10512 op, 225454987.00 ns, 21.4474 us/op
WorkloadResult   9: 10512 op, 201881935.00 ns, 19.2049 us/op
WorkloadResult  10: 10512 op, 196142244.00 ns, 18.6589 us/op
WorkloadResult  11: 10512 op, 200804408.00 ns, 19.1024 us/op
WorkloadResult  12: 10512 op, 206029152.00 ns, 19.5994 us/op
WorkloadResult  13: 10512 op, 191693240.00 ns, 18.2357 us/op
WorkloadResult  14: 10512 op, 195295446.00 ns, 18.5783 us/op
WorkloadResult  15: 10512 op, 191957677.00 ns, 18.2608 us/op
WorkloadResult  16: 10512 op, 227189378.00 ns, 21.6124 us/op
// GC:  0 0 0 0 10512
// Threading:  0 0 10512

// AfterAll
// Benchmark Process 33584 has exited with code 0.

Mean = 19.874 μs, StdErr = 0.338 μs (1.70%), N = 16, StdDev = 1.354 μs
Min = 18.236 μs, Q1 = 18.968 μs, Median = 19.330 μs, Q3 = 21.479 μs, Max = 21.944 μs
IQR = 2.511 μs, LowerFence = 15.202 μs, UpperFence = 25.245 μs
ConfidenceInterval = [18.496 μs; 21.253 μs] (CI 99.9%), Margin = 1.379 μs (6.94% of Mean)
Skewness = 0.42, Kurtosis = 1.44, MValue = 2.8

// ** Remained 13 (92.9 %) benchmark(s) to run. Estimated finish 2026-09-19 0:21 (0h 1m from now) **
// **************************
// Benchmark: PairHandleBenchmarks.Advance: InProcess(Toolchain=InProcessEmitToolchain) [Shape=LaneUniform]
// *** Execute ***
// Launch: 1 / 1
// ! Failed to set up priority High for process System.Diagnostics.Process (PairHandles). Make sure you have the right permissions. Message: Permission denied

// Benchmark Process Environment Information:
// BenchmarkDotNet v0.15.8
// Runtime=.NET 10.0.12 (10.0.12, 10.0.1226.42308), X64 RyuJIT x86-64-v3
// GC=Concurrent Workstation
// HardwareIntrinsics=AVX2+BMI1+BMI2+F16C+FMA+LZCNT+MOVBE,AVX,SSE3+SSSE3+SSE4.1+SSE4.2+POPCNT,X86Base+SSE+SSE2,AES+PCLMUL,AvxVnni,SERIALIZE VectorSize=256
// Job: Job-JWQWGO(Toolchain=InProcessEmitToolchain)

OverheadJitting  1: 1 op, 81710.00 ns, 81.7100 us/op
WorkloadJitting  1: 1 op, 361365.00 ns, 361.3650 us/op

OverheadJitting  2: 16 op, 113315.00 ns, 7.0822 us/op
WorkloadJitting  2: 16 op, 845744.00 ns, 52.8590 us/op

WorkloadPilot    1: 16 op, 693405.00 ns, 43.3378 us/op
WorkloadPilot    2: 32 op, 1354944.00 ns, 42.3420 us/op
WorkloadPilot    3: 64 op, 2673727.00 ns, 41.7770 us/op
WorkloadPilot    4: 128 op, 5376719.00 ns, 42.0056 us/op
WorkloadPilot    5: 256 op, 10740455.00 ns, 41.9549 us/op
WorkloadPilot    6: 512 op, 21313595.00 ns, 41.6281 us/op
WorkloadPilot    7: 1024 op, 42652622.00 ns, 41.6530 us/op
WorkloadPilot    8: 2048 op, 84234833.00 ns, 41.1303 us/op
WorkloadPilot    9: 4096 op, 118349516.00 ns, 28.8939 us/op
WorkloadPilot   10: 8192 op, 172964058.00 ns, 21.1138 us/op
WorkloadPilot   11: 16384 op, 300317292.00 ns, 18.3299 us/op
WorkloadPilot   12: 32768 op, 598348228.00 ns, 18.2601 us/op

OverheadWarmup   1: 32768 op, 43335.00 ns, 1.3225 ns/op
OverheadWarmup   2: 32768 op, 42144.00 ns, 1.2861 ns/op
OverheadWarmup   3: 32768 op, 42103.00 ns, 1.2849 ns/op
OverheadWarmup   4: 32768 op, 42111.00 ns, 1.2851 ns/op
OverheadWarmup   5: 32768 op, 42091.00 ns, 1.2845 ns/op
OverheadWarmup   6: 32768 op, 42096.00 ns, 1.2847 ns/op
OverheadWarmup   7: 32768 op, 42091.00 ns, 1.2845 ns/op

OverheadActual   1: 32768 op, 42463.00 ns, 1.2959 ns/op
OverheadActual   2: 32768 op, 42301.00 ns, 1.2909 ns/op
OverheadActual   3: 32768 op, 42278.00 ns, 1.2902 ns/op
OverheadActual   4: 32768 op, 42180.00 ns, 1.2872 ns/op
OverheadActual   5: 32768 op, 42295.00 ns, 1.2907 ns/op
OverheadActual   6: 32768 op, 42103.00 ns, 1.2849 ns/op
OverheadActual   7: 32768 op, 45036.00 ns, 1.3744 ns/op
OverheadActual   8: 32768 op, 42140.00 ns, 1.2860 ns/op
OverheadActual   9: 32768 op, 42138.00 ns, 1.2859 ns/op
OverheadActual  10: 32768 op, 42105.00 ns, 1.2849 ns/op
OverheadActual  11: 32768 op, 42088.00 ns, 1.2844 ns/op
OverheadActual  12: 32768 op, 42087.00 ns, 1.2844 ns/op
OverheadActual  13: 32768 op, 42112.00 ns, 1.2852 ns/op
OverheadActual  14: 32768 op, 42199.00 ns, 1.2878 ns/op
OverheadActual  15: 32768 op, 42140.00 ns, 1.2860 ns/op

WorkloadWarmup   1: 32768 op, 598537617.00 ns, 18.2659 us/op
WorkloadWarmup   2: 32768 op, 598700334.00 ns, 18.2709 us/op
WorkloadWarmup   3: 32768 op, 598672197.00 ns, 18.2700 us/op
WorkloadWarmup   4: 32768 op, 599715320.00 ns, 18.3019 us/op
WorkloadWarmup   5: 32768 op, 714267211.00 ns, 21.7977 us/op
WorkloadWarmup   6: 32768 op, 655951382.00 ns, 20.0180 us/op

WorkloadActual   1: 32768 op, 696006858.00 ns, 21.2404 us/op
WorkloadActual   2: 32768 op, 694988772.00 ns, 21.2094 us/op
WorkloadActual   3: 32768 op, 599072717.00 ns, 18.2822 us/op
WorkloadActual   4: 32768 op, 597475863.00 ns, 18.2335 us/op
WorkloadActual   5: 32768 op, 597700504.00 ns, 18.2404 us/op
WorkloadActual   6: 32768 op, 599355841.00 ns, 18.2909 us/op
WorkloadActual   7: 32768 op, 608896242.00 ns, 18.5820 us/op
WorkloadActual   8: 32768 op, 600259889.00 ns, 18.3185 us/op
WorkloadActual   9: 32768 op, 696860314.00 ns, 21.2665 us/op
WorkloadActual  10: 32768 op, 619062384.00 ns, 18.8923 us/op
WorkloadActual  11: 32768 op, 599338743.00 ns, 18.2904 us/op
WorkloadActual  12: 32768 op, 598888376.00 ns, 18.2766 us/op
WorkloadActual  13: 32768 op, 598860047.00 ns, 18.2758 us/op
WorkloadActual  14: 32768 op, 599243223.00 ns, 18.2875 us/op
WorkloadActual  15: 32768 op, 599011307.00 ns, 18.2804 us/op

WorkloadResult   1: 32768 op, 599030577.00 ns, 18.2810 us/op
WorkloadResult   2: 32768 op, 597433723.00 ns, 18.2322 us/op
WorkloadResult   3: 32768 op, 597658364.00 ns, 18.2391 us/op
WorkloadResult   4: 32768 op, 599313701.00 ns, 18.2896 us/op
WorkloadResult   5: 32768 op, 608854102.00 ns, 18.5808 us/op
WorkloadResult   6: 32768 op, 600217749.00 ns, 18.3172 us/op
WorkloadResult   7: 32768 op, 619020244.00 ns, 18.8910 us/op
WorkloadResult   8: 32768 op, 599296603.00 ns, 18.2891 us/op
WorkloadResult   9: 32768 op, 598846236.00 ns, 18.2753 us/op
WorkloadResult  10: 32768 op, 598817907.00 ns, 18.2745 us/op
WorkloadResult  11: 32768 op, 599201083.00 ns, 18.2862 us/op
WorkloadResult  12: 32768 op, 598969167.00 ns, 18.2791 us/op
// GC:  0 0 0 0 32768
// Threading:  0 0 32768


Mean = 18.353 μs, StdErr = 0.055 μs (0.30%), N = 12, StdDev = 0.192 μs
Min = 18.232 μs, Q1 = 18.275 μs, Median = 18.284 μs, Q3 = 18.297 μs, Max = 18.891 μs
IQR = 0.021 μs, LowerFence = 18.243 μs, UpperFence = 18.329 μs
ConfidenceInterval = [18.107 μs; 18.599 μs] (CI 99.9%), Margin = 0.246 μs (1.34% of Mean)
Skewness = 1.9, Kurtosis = 5.34, MValue = 2

// ** Remained 12 (85.7 %) benchmark(s) to run. Estimated finish 2026-09-19 0:22 (0h 2m from now) **
// **************************
// Benchmark: PairHandleBenchmarks.Advance: Job-TZECNT(IterationCount=16, IterationTime=200ms, WarmupCount=8) [Shape=PairOne]
// *** Execute ***
// Launch: 1 / 1
// Execute: dotnet PairHandles-Job-TZECNT-1.dll --anonymousPipes 120 121 --benchmarkName "Tl.PairHandlesProbe.PairHandleBenchmarks.Advance(Shape: PairOne)" --job "IterationCount=16, IterationTime=200ms, WarmupCount=8" --benchmarkId 1 in /home/i/GitHub/tl-167-runs/benchmarks/PairHandles/bin/Release/net10.0/PairHandles-Job-TZECNT-1/bin/Release/net10.0
// Failed to set up high priority (Permission denied). In order to run benchmarks with high priority, make sure you have the right permissions.
// BeforeAnythingElse

// Benchmark Process Environment Information:
// BenchmarkDotNet v0.15.8
// Runtime=.NET 10.0.12 (10.0.12, 10.0.1226.42308), X64 RyuJIT x86-64-v3
// GC=Concurrent Workstation
// HardwareIntrinsics=AVX2+BMI1+BMI2+F16C+FMA+LZCNT+MOVBE,AVX,SSE3+SSSE3+SSE4.1+SSE4.2+POPCNT,X86Base+SSE+SSE2,AES+PCLMUL,AvxVnni,SERIALIZE VectorSize=256
// Job: Job-TZECNT(IterationCount=16, IterationTime=200ms, WarmupCount=8)

OverheadJitting  1: 1 op, 84016.00 ns, 84.0160 us/op
WorkloadJitting  1: 1 op, 6272096.00 ns, 6.2721 ms/op

OverheadJitting  2: 16 op, 116349.00 ns, 7.2718 us/op
WorkloadJitting  2: 16 op, 888272.00 ns, 55.5170 us/op

WorkloadPilot    1: 16 op, 691723.00 ns, 43.2327 us/op
WorkloadPilot    2: 4640 op, 151146137.00 ns, 32.5746 us/op
WorkloadPilot    3: 6144 op, 112400515.00 ns, 18.2944 us/op
WorkloadPilot    4: 10944 op, 200301062.00 ns, 18.3024 us/op
WorkloadPilot    5: 10928 op, 200136464.00 ns, 18.3141 us/op

OverheadWarmup   1: 10928 op, 21040.00 ns, 1.9253 ns/op
OverheadWarmup   2: 10928 op, 19849.00 ns, 1.8163 ns/op
OverheadWarmup   3: 10928 op, 19805.00 ns, 1.8123 ns/op
OverheadWarmup   4: 10928 op, 19820.00 ns, 1.8137 ns/op
OverheadWarmup   5: 10928 op, 19846.00 ns, 1.8161 ns/op
OverheadWarmup   6: 10928 op, 19944.00 ns, 1.8250 ns/op
OverheadWarmup   7: 10928 op, 19827.00 ns, 1.8143 ns/op
OverheadWarmup   8: 10928 op, 19826.00 ns, 1.8142 ns/op
OverheadWarmup   9: 10928 op, 19824.00 ns, 1.8141 ns/op
OverheadWarmup  10: 10928 op, 19831.00 ns, 1.8147 ns/op

OverheadActual   1: 10928 op, 20133.00 ns, 1.8423 ns/op
OverheadActual   2: 10928 op, 20410.00 ns, 1.8677 ns/op
OverheadActual   3: 10928 op, 20061.00 ns, 1.8357 ns/op
OverheadActual   4: 10928 op, 19892.00 ns, 1.8203 ns/op
OverheadActual   5: 10928 op, 19980.00 ns, 1.8283 ns/op
OverheadActual   6: 10928 op, 19883.00 ns, 1.8195 ns/op
OverheadActual   7: 10928 op, 19812.00 ns, 1.8130 ns/op
OverheadActual   8: 10928 op, 20077.00 ns, 1.8372 ns/op
OverheadActual   9: 10928 op, 19858.00 ns, 1.8172 ns/op
OverheadActual  10: 10928 op, 19828.00 ns, 1.8144 ns/op
OverheadActual  11: 10928 op, 19810.00 ns, 1.8128 ns/op
OverheadActual  12: 10928 op, 19824.00 ns, 1.8141 ns/op
OverheadActual  13: 10928 op, 19853.00 ns, 1.8167 ns/op
OverheadActual  14: 10928 op, 19995.00 ns, 1.8297 ns/op
OverheadActual  15: 10928 op, 19816.00 ns, 1.8133 ns/op

WorkloadWarmup   1: 10928 op, 200999389.00 ns, 18.3931 us/op
WorkloadWarmup   2: 10928 op, 200036250.00 ns, 18.3049 us/op
WorkloadWarmup   3: 10928 op, 200351484.00 ns, 18.3338 us/op
WorkloadWarmup   4: 10928 op, 238995285.00 ns, 21.8700 us/op
WorkloadWarmup   5: 10928 op, 208491918.00 ns, 19.0787 us/op
WorkloadWarmup   6: 10928 op, 200996508.00 ns, 18.3928 us/op
WorkloadWarmup   7: 10928 op, 202559290.00 ns, 18.5358 us/op
WorkloadWarmup   8: 10928 op, 200992669.00 ns, 18.3924 us/op

// BeforeActualRun
WorkloadActual   1: 10928 op, 200792977.00 ns, 18.3742 us/op
WorkloadActual   2: 10928 op, 199809304.00 ns, 18.2842 us/op
WorkloadActual   3: 10928 op, 201616007.00 ns, 18.4495 us/op
WorkloadActual   4: 10928 op, 199773325.00 ns, 18.2809 us/op
WorkloadActual   5: 10928 op, 199734407.00 ns, 18.2773 us/op
WorkloadActual   6: 10928 op, 211816913.00 ns, 19.3830 us/op
WorkloadActual   7: 10928 op, 235949175.00 ns, 21.5912 us/op
WorkloadActual   8: 10928 op, 199858179.00 ns, 18.2886 us/op
WorkloadActual   9: 10928 op, 201912159.00 ns, 18.4766 us/op
WorkloadActual  10: 10928 op, 201839790.00 ns, 18.4700 us/op
WorkloadActual  11: 10928 op, 200399409.00 ns, 18.3382 us/op
WorkloadActual  12: 10928 op, 200580824.00 ns, 18.3548 us/op
WorkloadActual  13: 10928 op, 200122564.00 ns, 18.3128 us/op
WorkloadActual  14: 10928 op, 200537839.00 ns, 18.3508 us/op
WorkloadActual  15: 10928 op, 200970799.00 ns, 18.3904 us/op
WorkloadActual  16: 10928 op, 200163464.00 ns, 18.3166 us/op

// AfterActualRun
WorkloadResult   1: 10928 op, 200773094.00 ns, 18.3724 us/op
WorkloadResult   2: 10928 op, 199789421.00 ns, 18.2823 us/op
WorkloadResult   3: 10928 op, 201596124.00 ns, 18.4477 us/op
WorkloadResult   4: 10928 op, 199753442.00 ns, 18.2790 us/op
WorkloadResult   5: 10928 op, 199714524.00 ns, 18.2755 us/op
WorkloadResult   6: 10928 op, 199838296.00 ns, 18.2868 us/op
WorkloadResult   7: 10928 op, 201892276.00 ns, 18.4748 us/op
WorkloadResult   8: 10928 op, 201819907.00 ns, 18.4681 us/op
WorkloadResult   9: 10928 op, 200379526.00 ns, 18.3363 us/op
WorkloadResult  10: 10928 op, 200560941.00 ns, 18.3529 us/op
WorkloadResult  11: 10928 op, 200102681.00 ns, 18.3110 us/op
WorkloadResult  12: 10928 op, 200517956.00 ns, 18.3490 us/op
WorkloadResult  13: 10928 op, 200950916.00 ns, 18.3886 us/op
WorkloadResult  14: 10928 op, 200143581.00 ns, 18.3147 us/op
// GC:  0 0 0 0 10928
// Threading:  0 0 10928

// AfterAll
// Benchmark Process 33814 has exited with code 0.

Mean = 18.353 μs, StdErr = 0.019 μs (0.10%), N = 14, StdDev = 0.070 μs
Min = 18.275 μs, Q1 = 18.293 μs, Median = 18.343 μs, Q3 = 18.385 μs, Max = 18.475 μs
IQR = 0.092 μs, LowerFence = 18.155 μs, UpperFence = 18.522 μs
ConfidenceInterval = [18.274 μs; 18.431 μs] (CI 99.9%), Margin = 0.079 μs (0.43% of Mean)
Skewness = 0.55, Kurtosis = 1.81, MValue = 2

// ** Remained 11 (78.6 %) benchmark(s) to run. Estimated finish 2026-09-19 0:22 (0h 1m from now) **
// **************************
// Benchmark: PairHandleBenchmarks.Advance: InProcess(Toolchain=InProcessEmitToolchain) [Shape=PairOne]
// *** Execute ***
// Launch: 1 / 1
// ! Failed to set up priority High for process System.Diagnostics.Process (PairHandles). Make sure you have the right permissions. Message: Permission denied

// Benchmark Process Environment Information:
// BenchmarkDotNet v0.15.8
// Runtime=.NET 10.0.12 (10.0.12, 10.0.1226.42308), X64 RyuJIT x86-64-v3
// GC=Concurrent Workstation
// HardwareIntrinsics=AVX2+BMI1+BMI2+F16C+FMA+LZCNT+MOVBE,AVX,SSE3+SSSE3+SSE4.1+SSE4.2+POPCNT,X86Base+SSE+SSE2,AES+PCLMUL,AvxVnni,SERIALIZE VectorSize=256
// Job: Job-JWQWGO(Toolchain=InProcessEmitToolchain)

OverheadJitting  1: 1 op, 114716.00 ns, 114.7160 us/op
WorkloadJitting  1: 1 op, 110464.00 ns, 110.4640 us/op

OverheadJitting  2: 16 op, 117529.00 ns, 7.3456 us/op
WorkloadJitting  2: 16 op, 443566.00 ns, 27.7229 us/op

WorkloadPilot    1: 16 op, 370678.00 ns, 23.1674 us/op
WorkloadPilot    2: 32 op, 725136.00 ns, 22.6605 us/op
WorkloadPilot    3: 64 op, 1302070.00 ns, 20.3448 us/op
WorkloadPilot    4: 128 op, 2315534.00 ns, 18.0901 us/op
WorkloadPilot    5: 256 op, 4668577.00 ns, 18.2366 us/op
WorkloadPilot    6: 512 op, 9382787.00 ns, 18.3258 us/op
WorkloadPilot    7: 1024 op, 18567995.00 ns, 18.1328 us/op
WorkloadPilot    8: 2048 op, 37088061.00 ns, 18.1094 us/op
WorkloadPilot    9: 4096 op, 80368407.00 ns, 19.6212 us/op
WorkloadPilot   10: 8192 op, 161597867.00 ns, 19.7263 us/op
WorkloadPilot   11: 16384 op, 301082722.00 ns, 18.3766 us/op
WorkloadPilot   12: 32768 op, 605261451.00 ns, 18.4711 us/op

OverheadWarmup   1: 32768 op, 44433.00 ns, 1.3560 ns/op
OverheadWarmup   2: 32768 op, 42291.00 ns, 1.2906 ns/op
OverheadWarmup   3: 32768 op, 42081.00 ns, 1.2842 ns/op
OverheadWarmup   4: 32768 op, 42080.00 ns, 1.2842 ns/op
OverheadWarmup   5: 32768 op, 42080.00 ns, 1.2842 ns/op
OverheadWarmup   6: 32768 op, 42067.00 ns, 1.2838 ns/op
OverheadWarmup   7: 32768 op, 42139.00 ns, 1.2860 ns/op
OverheadWarmup   8: 32768 op, 42134.00 ns, 1.2858 ns/op

OverheadActual   1: 32768 op, 42363.00 ns, 1.2928 ns/op
OverheadActual   2: 32768 op, 42248.00 ns, 1.2893 ns/op
OverheadActual   3: 32768 op, 42227.00 ns, 1.2887 ns/op
OverheadActual   4: 32768 op, 42262.00 ns, 1.2897 ns/op
OverheadActual   5: 32768 op, 42152.00 ns, 1.2864 ns/op
OverheadActual   6: 32768 op, 46419.00 ns, 1.4166 ns/op
OverheadActual   7: 32768 op, 42081.00 ns, 1.2842 ns/op
OverheadActual   8: 32768 op, 42099.00 ns, 1.2848 ns/op
OverheadActual   9: 32768 op, 42064.00 ns, 1.2837 ns/op
OverheadActual  10: 32768 op, 42078.00 ns, 1.2841 ns/op
OverheadActual  11: 32768 op, 42081.00 ns, 1.2842 ns/op
OverheadActual  12: 32768 op, 42068.00 ns, 1.2838 ns/op
OverheadActual  13: 32768 op, 42061.00 ns, 1.2836 ns/op
OverheadActual  14: 32768 op, 42080.00 ns, 1.2842 ns/op
OverheadActual  15: 32768 op, 42082.00 ns, 1.2842 ns/op

WorkloadWarmup   1: 32768 op, 597030711.00 ns, 18.2199 us/op
WorkloadWarmup   2: 32768 op, 594189265.00 ns, 18.1332 us/op
WorkloadWarmup   3: 32768 op, 593918543.00 ns, 18.1250 us/op
WorkloadWarmup   4: 32768 op, 595566805.00 ns, 18.1753 us/op
WorkloadWarmup   5: 32768 op, 591976174.00 ns, 18.0657 us/op
WorkloadWarmup   6: 32768 op, 591694497.00 ns, 18.0571 us/op
WorkloadWarmup   7: 32768 op, 592702832.00 ns, 18.0879 us/op
WorkloadWarmup   8: 32768 op, 593502003.00 ns, 18.1122 us/op
WorkloadWarmup   9: 32768 op, 591777293.00 ns, 18.0596 us/op

WorkloadActual   1: 32768 op, 593744446.00 ns, 18.1196 us/op
WorkloadActual   2: 32768 op, 594067902.00 ns, 18.1295 us/op
WorkloadActual   3: 32768 op, 592269536.00 ns, 18.0746 us/op
WorkloadActual   4: 32768 op, 593626750.00 ns, 18.1161 us/op
WorkloadActual   5: 32768 op, 592450502.00 ns, 18.0802 us/op
WorkloadActual   6: 32768 op, 592216685.00 ns, 18.0730 us/op
WorkloadActual   7: 32768 op, 591766489.00 ns, 18.0593 us/op
WorkloadActual   8: 32768 op, 591168816.00 ns, 18.0410 us/op
WorkloadActual   9: 32768 op, 591391224.00 ns, 18.0478 us/op
WorkloadActual  10: 32768 op, 591752059.00 ns, 18.0588 us/op
WorkloadActual  11: 32768 op, 591575950.00 ns, 18.0535 us/op
WorkloadActual  12: 32768 op, 591744714.00 ns, 18.0586 us/op
WorkloadActual  13: 32768 op, 592165129.00 ns, 18.0714 us/op
WorkloadActual  14: 32768 op, 592980269.00 ns, 18.0963 us/op
WorkloadActual  15: 32768 op, 592844592.00 ns, 18.0922 us/op

WorkloadResult   1: 32768 op, 593702364.00 ns, 18.1184 us/op
WorkloadResult   2: 32768 op, 594025820.00 ns, 18.1282 us/op
WorkloadResult   3: 32768 op, 592227454.00 ns, 18.0733 us/op
WorkloadResult   4: 32768 op, 593584668.00 ns, 18.1148 us/op
WorkloadResult   5: 32768 op, 592408420.00 ns, 18.0789 us/op
WorkloadResult   6: 32768 op, 592174603.00 ns, 18.0717 us/op
WorkloadResult   7: 32768 op, 591724407.00 ns, 18.0580 us/op
WorkloadResult   8: 32768 op, 591126734.00 ns, 18.0398 us/op
WorkloadResult   9: 32768 op, 591349142.00 ns, 18.0465 us/op
WorkloadResult  10: 32768 op, 591709977.00 ns, 18.0576 us/op
WorkloadResult  11: 32768 op, 591533868.00 ns, 18.0522 us/op
WorkloadResult  12: 32768 op, 591702632.00 ns, 18.0573 us/op
WorkloadResult  13: 32768 op, 592123047.00 ns, 18.0702 us/op
WorkloadResult  14: 32768 op, 592938187.00 ns, 18.0950 us/op
WorkloadResult  15: 32768 op, 592802510.00 ns, 18.0909 us/op
// GC:  0 0 0 2304 32768
// Threading:  0 0 32768


Mean = 18.077 μs, StdErr = 0.007 μs (0.04%), N = 15, StdDev = 0.027 μs
Min = 18.040 μs, Q1 = 18.057 μs, Median = 18.072 μs, Q3 = 18.093 μs, Max = 18.128 μs
IQR = 0.036 μs, LowerFence = 18.004 μs, UpperFence = 18.146 μs
ConfidenceInterval = [18.048 μs; 18.106 μs] (CI 99.9%), Margin = 0.029 μs (0.16% of Mean)
Skewness = 0.51, Kurtosis = 1.88, MValue = 2

// ** Remained 10 (71.4 %) benchmark(s) to run. Estimated finish 2026-09-19 0:22 (0h 1m from now) **
// **************************
// Benchmark: PairHandleBenchmarks.Advance: Job-TZECNT(IterationCount=16, IterationTime=200ms, WarmupCount=8) [Shape=PairRuns8]
// *** Execute ***
// Launch: 1 / 1
// Execute: dotnet PairHandles-Job-TZECNT-1.dll --anonymousPipes 120 121 --benchmarkName "Tl.PairHandlesProbe.PairHandleBenchmarks.Advance(Shape: PairRuns8)" --job "IterationCount=16, IterationTime=200ms, WarmupCount=8" --benchmarkId 2 in /home/i/GitHub/tl-167-runs/benchmarks/PairHandles/bin/Release/net10.0/PairHandles-Job-TZECNT-1/bin/Release/net10.0
// Failed to set up high priority (Permission denied). In order to run benchmarks with high priority, make sure you have the right permissions.
// BeforeAnythingElse

// Benchmark Process Environment Information:
// BenchmarkDotNet v0.15.8
// Runtime=.NET 10.0.12 (10.0.12, 10.0.1226.42308), X64 RyuJIT x86-64-v3
// GC=Concurrent Workstation
// HardwareIntrinsics=AVX2+BMI1+BMI2+F16C+FMA+LZCNT+MOVBE,AVX,SSE3+SSSE3+SSE4.1+SSE4.2+POPCNT,X86Base+SSE+SSE2,AES+PCLMUL,AvxVnni,SERIALIZE VectorSize=256
// Job: Job-TZECNT(IterationCount=16, IterationTime=200ms, WarmupCount=8)

OverheadJitting  1: 1 op, 75180.00 ns, 75.1800 us/op
WorkloadJitting  1: 1 op, 8155711.00 ns, 8.1557 ms/op

OverheadJitting  2: 16 op, 93792.00 ns, 5.8620 us/op
WorkloadJitting  2: 16 op, 1403819.00 ns, 87.7387 us/op

WorkloadPilot    1: 16 op, 1072583.00 ns, 67.0364 us/op
WorkloadPilot    2: 2992 op, 163037619.00 ns, 54.4912 us/op
WorkloadPilot    3: 3680 op, 117883770.00 ns, 32.0336 us/op
WorkloadPilot    4: 6256 op, 199037602.00 ns, 31.8155 us/op
WorkloadPilot    5: 6288 op, 200276942.00 ns, 31.8507 us/op

OverheadWarmup   1: 6288 op, 12581.00 ns, 2.0008 ns/op
OverheadWarmup   2: 6288 op, 11446.00 ns, 1.8203 ns/op
OverheadWarmup   3: 6288 op, 11461.00 ns, 1.8227 ns/op
OverheadWarmup   4: 6288 op, 11470.00 ns, 1.8241 ns/op
OverheadWarmup   5: 6288 op, 11637.00 ns, 1.8507 ns/op
OverheadWarmup   6: 6288 op, 11477.00 ns, 1.8252 ns/op
OverheadWarmup   7: 6288 op, 11461.00 ns, 1.8227 ns/op
OverheadWarmup   8: 6288 op, 11451.00 ns, 1.8211 ns/op
OverheadWarmup   9: 6288 op, 11443.00 ns, 1.8198 ns/op
OverheadWarmup  10: 6288 op, 11457.00 ns, 1.8220 ns/op

OverheadActual   1: 6288 op, 11947.00 ns, 1.9000 ns/op
OverheadActual   2: 6288 op, 11744.00 ns, 1.8677 ns/op
OverheadActual   3: 6288 op, 11852.00 ns, 1.8849 ns/op
OverheadActual   4: 6288 op, 11449.00 ns, 1.8208 ns/op
OverheadActual   5: 6288 op, 11616.00 ns, 1.8473 ns/op
OverheadActual   6: 6288 op, 11450.00 ns, 1.8209 ns/op
OverheadActual   7: 6288 op, 11460.00 ns, 1.8225 ns/op
OverheadActual   8: 6288 op, 11436.00 ns, 1.8187 ns/op
OverheadActual   9: 6288 op, 11470.00 ns, 1.8241 ns/op
OverheadActual  10: 6288 op, 11441.00 ns, 1.8195 ns/op
OverheadActual  11: 6288 op, 11647.00 ns, 1.8523 ns/op
OverheadActual  12: 6288 op, 11410.00 ns, 1.8146 ns/op
OverheadActual  13: 6288 op, 11469.00 ns, 1.8240 ns/op
OverheadActual  14: 6288 op, 11453.00 ns, 1.8214 ns/op
OverheadActual  15: 6288 op, 11435.00 ns, 1.8185 ns/op

WorkloadWarmup   1: 6288 op, 199928351.00 ns, 31.7952 us/op
WorkloadWarmup   2: 6288 op, 199460397.00 ns, 31.7208 us/op
WorkloadWarmup   3: 6288 op, 198335664.00 ns, 31.5419 us/op
WorkloadWarmup   4: 6288 op, 198836640.00 ns, 31.6216 us/op
WorkloadWarmup   5: 6288 op, 223352505.00 ns, 35.5204 us/op
WorkloadWarmup   6: 6288 op, 223980657.00 ns, 35.6203 us/op
WorkloadWarmup   7: 6288 op, 223871679.00 ns, 35.6030 us/op
WorkloadWarmup   8: 6288 op, 223545075.00 ns, 35.5511 us/op

// BeforeActualRun
WorkloadActual   1: 6288 op, 202736724.00 ns, 32.2418 us/op
WorkloadActual   2: 6288 op, 198901879.00 ns, 31.6320 us/op
WorkloadActual   3: 6288 op, 199715188.00 ns, 31.7613 us/op
WorkloadActual   4: 6288 op, 198916204.00 ns, 31.6343 us/op
WorkloadActual   5: 6288 op, 199244266.00 ns, 31.6864 us/op
WorkloadActual   6: 6288 op, 198962595.00 ns, 31.6416 us/op
WorkloadActual   7: 6288 op, 197722692.00 ns, 31.4444 us/op
WorkloadActual   8: 6288 op, 198836820.00 ns, 31.6216 us/op
WorkloadActual   9: 6288 op, 198953723.00 ns, 31.6402 us/op
WorkloadActual  10: 6288 op, 198672028.00 ns, 31.5954 us/op
WorkloadActual  11: 6288 op, 198462126.00 ns, 31.5620 us/op
WorkloadActual  12: 6288 op, 199111680.00 ns, 31.6653 us/op
WorkloadActual  13: 6288 op, 198590504.00 ns, 31.5825 us/op
WorkloadActual  14: 6288 op, 199338885.00 ns, 31.7015 us/op
WorkloadActual  15: 6288 op, 199401383.00 ns, 31.7114 us/op
WorkloadActual  16: 6288 op, 199701680.00 ns, 31.7592 us/op

// AfterActualRun
WorkloadResult   1: 6288 op, 198890419.00 ns, 31.6302 us/op
WorkloadResult   2: 6288 op, 199703728.00 ns, 31.7595 us/op
WorkloadResult   3: 6288 op, 198904744.00 ns, 31.6324 us/op
WorkloadResult   4: 6288 op, 199232806.00 ns, 31.6846 us/op
WorkloadResult   5: 6288 op, 198951135.00 ns, 31.6398 us/op
WorkloadResult   6: 6288 op, 197711232.00 ns, 31.4426 us/op
WorkloadResult   7: 6288 op, 198825360.00 ns, 31.6198 us/op
WorkloadResult   8: 6288 op, 198942263.00 ns, 31.6384 us/op
WorkloadResult   9: 6288 op, 198660568.00 ns, 31.5936 us/op
WorkloadResult  10: 6288 op, 198450666.00 ns, 31.5602 us/op
WorkloadResult  11: 6288 op, 199100220.00 ns, 31.6635 us/op
WorkloadResult  12: 6288 op, 198579044.00 ns, 31.5806 us/op
WorkloadResult  13: 6288 op, 199327425.00 ns, 31.6997 us/op
WorkloadResult  14: 6288 op, 199389923.00 ns, 31.7096 us/op
WorkloadResult  15: 6288 op, 199690220.00 ns, 31.7574 us/op
// GC:  0 0 0 0 6288
// Threading:  0 0 6288

// AfterAll
// Benchmark Process 33932 has exited with code 0.

Mean = 31.641 μs, StdErr = 0.021 μs (0.07%), N = 15, StdDev = 0.080 μs
Min = 31.443 μs, Q1 = 31.607 μs, Median = 31.638 μs, Q3 = 31.692 μs, Max = 31.759 μs
IQR = 0.085 μs, LowerFence = 31.479 μs, UpperFence = 31.820 μs
ConfidenceInterval = [31.555 μs; 31.727 μs] (CI 99.9%), Margin = 0.086 μs (0.27% of Mean)
Skewness = -0.61, Kurtosis = 3.23, MValue = 2

// ** Remained 9 (64.3 %) benchmark(s) to run. Estimated finish 2026-09-19 0:22 (0h 1m from now) **
// **************************
// Benchmark: PairHandleBenchmarks.Advance: InProcess(Toolchain=InProcessEmitToolchain) [Shape=PairRuns8]
// *** Execute ***
// Launch: 1 / 1
// ! Failed to set up priority High for process System.Diagnostics.Process (PairHandles). Make sure you have the right permissions. Message: Permission denied

// Benchmark Process Environment Information:
// BenchmarkDotNet v0.15.8
// Runtime=.NET 10.0.12 (10.0.12, 10.0.1226.42308), X64 RyuJIT x86-64-v3
// GC=Concurrent Workstation
// HardwareIntrinsics=AVX2+BMI1+BMI2+F16C+FMA+LZCNT+MOVBE,AVX,SSE3+SSSE3+SSE4.1+SSE4.2+POPCNT,X86Base+SSE+SSE2,AES+PCLMUL,AvxVnni,SERIALIZE VectorSize=256
// Job: Job-JWQWGO(Toolchain=InProcessEmitToolchain)

OverheadJitting  1: 1 op, 95208.00 ns, 95.2080 us/op
WorkloadJitting  1: 1 op, 159053.00 ns, 159.0530 us/op

OverheadJitting  2: 16 op, 106715.00 ns, 6.6697 us/op
WorkloadJitting  2: 16 op, 845868.00 ns, 52.8668 us/op

WorkloadPilot    1: 16 op, 723515.00 ns, 45.2197 us/op
WorkloadPilot    2: 32 op, 1438111.00 ns, 44.9410 us/op
WorkloadPilot    3: 64 op, 2853917.00 ns, 44.5925 us/op
WorkloadPilot    4: 128 op, 5681019.00 ns, 44.3830 us/op
WorkloadPilot    5: 256 op, 11264715.00 ns, 44.0028 us/op
WorkloadPilot    6: 512 op, 22125973.00 ns, 43.2148 us/op
WorkloadPilot    7: 1024 op, 43615961.00 ns, 42.5937 us/op
WorkloadPilot    8: 2048 op, 87408015.00 ns, 42.6797 us/op
WorkloadPilot    9: 4096 op, 152150930.00 ns, 37.1462 us/op
WorkloadPilot   10: 8192 op, 284866191.00 ns, 34.7737 us/op
WorkloadPilot   11: 16384 op, 509086809.00 ns, 31.0722 us/op

OverheadWarmup   1: 16384 op, 24228.00 ns, 1.4788 ns/op
OverheadWarmup   2: 16384 op, 21056.00 ns, 1.2852 ns/op
OverheadWarmup   3: 16384 op, 21071.00 ns, 1.2861 ns/op
OverheadWarmup   4: 16384 op, 21089.00 ns, 1.2872 ns/op
OverheadWarmup   5: 16384 op, 21039.00 ns, 1.2841 ns/op
OverheadWarmup   6: 16384 op, 21049.00 ns, 1.2847 ns/op
OverheadWarmup   7: 16384 op, 21047.00 ns, 1.2846 ns/op

OverheadActual   1: 16384 op, 21057.00 ns, 1.2852 ns/op
OverheadActual   2: 16384 op, 21047.00 ns, 1.2846 ns/op
OverheadActual   3: 16384 op, 21067.00 ns, 1.2858 ns/op
OverheadActual   4: 16384 op, 21068.00 ns, 1.2859 ns/op
OverheadActual   5: 16384 op, 21060.00 ns, 1.2854 ns/op
OverheadActual   6: 16384 op, 21029.00 ns, 1.2835 ns/op
OverheadActual   7: 16384 op, 21056.00 ns, 1.2852 ns/op
OverheadActual   8: 16384 op, 21061.00 ns, 1.2855 ns/op
OverheadActual   9: 16384 op, 21026.00 ns, 1.2833 ns/op
OverheadActual  10: 16384 op, 21028.00 ns, 1.2834 ns/op
OverheadActual  11: 16384 op, 23395.00 ns, 1.4279 ns/op
OverheadActual  12: 16384 op, 21054.00 ns, 1.2850 ns/op
OverheadActual  13: 16384 op, 21047.00 ns, 1.2846 ns/op
OverheadActual  14: 16384 op, 21033.00 ns, 1.2838 ns/op
OverheadActual  15: 16384 op, 21056.00 ns, 1.2852 ns/op

WorkloadWarmup   1: 16384 op, 508924507.00 ns, 31.0623 us/op
WorkloadWarmup   2: 16384 op, 539931904.00 ns, 32.9548 us/op
WorkloadWarmup   3: 16384 op, 574329358.00 ns, 35.0543 us/op
WorkloadWarmup   4: 16384 op, 528559047.00 ns, 32.2607 us/op
WorkloadWarmup   5: 16384 op, 509867270.00 ns, 31.1198 us/op
WorkloadWarmup   6: 16384 op, 510675784.00 ns, 31.1692 us/op
WorkloadWarmup   7: 16384 op, 511077787.00 ns, 31.1937 us/op
WorkloadWarmup   8: 16384 op, 510073717.00 ns, 31.1324 us/op

WorkloadActual   1: 16384 op, 529864011.00 ns, 32.3403 us/op
WorkloadActual   2: 16384 op, 512865437.00 ns, 31.3028 us/op
WorkloadActual   3: 16384 op, 554470732.00 ns, 33.8422 us/op
WorkloadActual   4: 16384 op, 508546367.00 ns, 31.0392 us/op
WorkloadActual   5: 16384 op, 509395387.00 ns, 31.0910 us/op
WorkloadActual   6: 16384 op, 508569994.00 ns, 31.0406 us/op
WorkloadActual   7: 16384 op, 509055626.00 ns, 31.0703 us/op
WorkloadActual   8: 16384 op, 508937037.00 ns, 31.0631 us/op
WorkloadActual   9: 16384 op, 509237214.00 ns, 31.0814 us/op
WorkloadActual  10: 16384 op, 509177014.00 ns, 31.0777 us/op
WorkloadActual  11: 16384 op, 510272756.00 ns, 31.1446 us/op
WorkloadActual  12: 16384 op, 508445954.00 ns, 31.0331 us/op
WorkloadActual  13: 16384 op, 531379735.00 ns, 32.4328 us/op
WorkloadActual  14: 16384 op, 522506574.00 ns, 31.8913 us/op
WorkloadActual  15: 16384 op, 510069142.00 ns, 31.1321 us/op

WorkloadResult   1: 16384 op, 529842955.00 ns, 32.3390 us/op
WorkloadResult   2: 16384 op, 512844381.00 ns, 31.3015 us/op
WorkloadResult   3: 16384 op, 508525311.00 ns, 31.0379 us/op
WorkloadResult   4: 16384 op, 509374331.00 ns, 31.0897 us/op
WorkloadResult   5: 16384 op, 508548938.00 ns, 31.0394 us/op
WorkloadResult   6: 16384 op, 509034570.00 ns, 31.0690 us/op
WorkloadResult   7: 16384 op, 508915981.00 ns, 31.0618 us/op
WorkloadResult   8: 16384 op, 509216158.00 ns, 31.0801 us/op
WorkloadResult   9: 16384 op, 509155958.00 ns, 31.0764 us/op
WorkloadResult  10: 16384 op, 510251700.00 ns, 31.1433 us/op
WorkloadResult  11: 16384 op, 508424898.00 ns, 31.0318 us/op
WorkloadResult  12: 16384 op, 522485518.00 ns, 31.8900 us/op
WorkloadResult  13: 16384 op, 510048086.00 ns, 31.1309 us/op
// GC:  0 0 0 2304 16384
// Threading:  0 0 16384


Mean = 31.253 μs, StdErr = 0.111 μs (0.35%), N = 13, StdDev = 0.399 μs
Min = 31.032 μs, Q1 = 31.062 μs, Median = 31.080 μs, Q3 = 31.143 μs, Max = 32.339 μs
IQR = 0.082 μs, LowerFence = 30.939 μs, UpperFence = 31.266 μs
ConfidenceInterval = [30.775 μs; 31.731 μs] (CI 99.9%), Margin = 0.478 μs (1.53% of Mean)
Skewness = 1.78, Kurtosis = 4.74, MValue = 2

// ** Remained 8 (57.1 %) benchmark(s) to run. Estimated finish 2026-09-19 0:22 (0h 1m from now) **
// **************************
// Benchmark: PairHandleBenchmarks.Advance: Job-TZECNT(IterationCount=16, IterationTime=200ms, WarmupCount=8) [Shape=PairAlternating8]
// *** Execute ***
// Launch: 1 / 1
// Execute: dotnet PairHandles-Job-TZECNT-1.dll --anonymousPipes 120 121 --benchmarkName "Tl.PairHandlesProbe.PairHandleBenchmarks.Advance(Shape: PairAlternating8)" --job "IterationCount=16, IterationTime=200ms, WarmupCount=8" --benchmarkId 3 in /home/i/GitHub/tl-167-runs/benchmarks/PairHandles/bin/Release/net10.0/PairHandles-Job-TZECNT-1/bin/Release/net10.0
// Failed to set up high priority (Permission denied). In order to run benchmarks with high priority, make sure you have the right permissions.
// BeforeAnythingElse

// Benchmark Process Environment Information:
// BenchmarkDotNet v0.15.8
// Runtime=.NET 10.0.12 (10.0.12, 10.0.1226.42308), X64 RyuJIT x86-64-v3
// GC=Concurrent Workstation
// HardwareIntrinsics=AVX2+BMI1+BMI2+F16C+FMA+LZCNT+MOVBE,AVX,SSE3+SSSE3+SSE4.1+SSE4.2+POPCNT,X86Base+SSE+SSE2,AES+PCLMUL,AvxVnni,SERIALIZE VectorSize=256
// Job: Job-TZECNT(IterationCount=16, IterationTime=200ms, WarmupCount=8)

OverheadJitting  1: 1 op, 79002.00 ns, 79.0020 us/op
WorkloadJitting  1: 1 op, 6538006.00 ns, 6.5380 ms/op

OverheadJitting  2: 16 op, 94918.00 ns, 5.9324 us/op
WorkloadJitting  2: 16 op, 2534271.00 ns, 158.3919 us/op

WorkloadPilot    1: 16 op, 2134458.00 ns, 133.4036 us/op
WorkloadPilot    2: 1504 op, 176805041.00 ns, 117.5565 us/op
WorkloadPilot    3: 1712 op, 128497642.00 ns, 75.0570 us/op
WorkloadPilot    4: 2672 op, 210888678.00 ns, 78.9254 us/op
WorkloadPilot    5: 2544 op, 205024755.00 ns, 80.5915 us/op
WorkloadPilot    6: 2496 op, 205387634.00 ns, 82.2867 us/op

OverheadWarmup   1: 2496 op, 5591.00 ns, 2.2400 ns/op
OverheadWarmup   2: 2496 op, 4825.00 ns, 1.9331 ns/op
OverheadWarmup   3: 2496 op, 4574.00 ns, 1.8325 ns/op
OverheadWarmup   4: 2496 op, 4560.00 ns, 1.8269 ns/op
OverheadWarmup   5: 2496 op, 4636.00 ns, 1.8574 ns/op
OverheadWarmup   6: 2496 op, 4578.00 ns, 1.8341 ns/op
OverheadWarmup   7: 2496 op, 4567.00 ns, 1.8297 ns/op
OverheadWarmup   8: 2496 op, 4558.00 ns, 1.8261 ns/op
OverheadWarmup   9: 2496 op, 4584.00 ns, 1.8365 ns/op
OverheadWarmup  10: 2496 op, 4594.00 ns, 1.8405 ns/op

OverheadActual   1: 2496 op, 4894.00 ns, 1.9607 ns/op
OverheadActual   2: 2496 op, 4925.00 ns, 1.9732 ns/op
OverheadActual   3: 2496 op, 4866.00 ns, 1.9495 ns/op
OverheadActual   4: 2496 op, 4728.00 ns, 1.8942 ns/op
OverheadActual   5: 2496 op, 4832.00 ns, 1.9359 ns/op
OverheadActual   6: 2496 op, 4596.00 ns, 1.8413 ns/op
OverheadActual   7: 2496 op, 4590.00 ns, 1.8389 ns/op
OverheadActual   8: 2496 op, 4605.00 ns, 1.8450 ns/op
OverheadActual   9: 2496 op, 4584.00 ns, 1.8365 ns/op
OverheadActual  10: 2496 op, 4579.00 ns, 1.8345 ns/op
OverheadActual  11: 2496 op, 4587.00 ns, 1.8377 ns/op
OverheadActual  12: 2496 op, 4583.00 ns, 1.8361 ns/op
OverheadActual  13: 2496 op, 4571.00 ns, 1.8313 ns/op
OverheadActual  14: 2496 op, 4587.00 ns, 1.8377 ns/op
OverheadActual  15: 2496 op, 4635.00 ns, 1.8570 ns/op

WorkloadWarmup   1: 2496 op, 191494777.00 ns, 76.7207 us/op
WorkloadWarmup   2: 2496 op, 187002790.00 ns, 74.9210 us/op
WorkloadWarmup   3: 2496 op, 186948647.00 ns, 74.8993 us/op
WorkloadWarmup   4: 2496 op, 186679897.00 ns, 74.7916 us/op
WorkloadWarmup   5: 2496 op, 187051947.00 ns, 74.9407 us/op
WorkloadWarmup   6: 2496 op, 204442377.00 ns, 81.9080 us/op
WorkloadWarmup   7: 2496 op, 206611849.00 ns, 82.7772 us/op
WorkloadWarmup   8: 2496 op, 189830167.00 ns, 76.0538 us/op

// BeforeActualRun
WorkloadActual   1: 2496 op, 202640169.00 ns, 81.1860 us/op
WorkloadActual   2: 2496 op, 204317696.00 ns, 81.8581 us/op
WorkloadActual   3: 2496 op, 208519004.00 ns, 83.5413 us/op
WorkloadActual   4: 2496 op, 207683426.00 ns, 83.2065 us/op
WorkloadActual   5: 2496 op, 209179209.00 ns, 83.8058 us/op
WorkloadActual   6: 2496 op, 204948269.00 ns, 82.1107 us/op
WorkloadActual   7: 2496 op, 203853171.00 ns, 81.6719 us/op
WorkloadActual   8: 2496 op, 204024047.00 ns, 81.7404 us/op
WorkloadActual   9: 2496 op, 203467902.00 ns, 81.5176 us/op
WorkloadActual  10: 2496 op, 202938666.00 ns, 81.3056 us/op
WorkloadActual  11: 2496 op, 202718431.00 ns, 81.2173 us/op
WorkloadActual  12: 2496 op, 202757939.00 ns, 81.2331 us/op
WorkloadActual  13: 2496 op, 204560386.00 ns, 81.9553 us/op
WorkloadActual  14: 2496 op, 203131202.00 ns, 81.3827 us/op
WorkloadActual  15: 2496 op, 210819708.00 ns, 84.4630 us/op
WorkloadActual  16: 2496 op, 185971994.00 ns, 74.5080 us/op

// AfterActualRun
WorkloadResult   1: 2496 op, 202635573.00 ns, 81.1841 us/op
WorkloadResult   2: 2496 op, 204313100.00 ns, 81.8562 us/op
WorkloadResult   3: 2496 op, 208514408.00 ns, 83.5394 us/op
WorkloadResult   4: 2496 op, 207678830.00 ns, 83.2047 us/op
WorkloadResult   5: 2496 op, 209174613.00 ns, 83.8039 us/op
WorkloadResult   6: 2496 op, 204943673.00 ns, 82.1088 us/op
WorkloadResult   7: 2496 op, 203848575.00 ns, 81.6701 us/op
WorkloadResult   8: 2496 op, 204019451.00 ns, 81.7386 us/op
WorkloadResult   9: 2496 op, 203463306.00 ns, 81.5157 us/op
WorkloadResult  10: 2496 op, 202934070.00 ns, 81.3037 us/op
WorkloadResult  11: 2496 op, 202713835.00 ns, 81.2155 us/op
WorkloadResult  12: 2496 op, 202753343.00 ns, 81.2313 us/op
WorkloadResult  13: 2496 op, 204555790.00 ns, 81.9534 us/op
WorkloadResult  14: 2496 op, 203126606.00 ns, 81.3809 us/op
WorkloadResult  15: 2496 op, 185967398.00 ns, 74.5062 us/op
// GC:  0 0 0 0 2496
// Threading:  0 0 2496

// AfterAll
// Benchmark Process 33968 has exited with code 0.

Mean = 81.481 μs, StdErr = 0.545 μs (0.67%), N = 15, StdDev = 2.111 μs
Min = 74.506 μs, Q1 = 81.268 μs, Median = 81.670 μs, Q3 = 82.031 μs, Max = 83.804 μs
IQR = 0.764 μs, LowerFence = 80.122 μs, UpperFence = 83.177 μs
ConfidenceInterval = [79.224 μs; 83.737 μs] (CI 99.9%), Margin = 2.257 μs (2.77% of Mean)
Skewness = -2.22, Kurtosis = 8.14, MValue = 2

// ** Remained 7 (50.0 %) benchmark(s) to run. Estimated finish 2026-09-19 0:22 (0h 1m from now) **
// **************************
// Benchmark: PairHandleBenchmarks.Advance: InProcess(Toolchain=InProcessEmitToolchain) [Shape=PairAlternating8]
// *** Execute ***
// Launch: 1 / 1
// ! Failed to set up priority High for process System.Diagnostics.Process (PairHandles). Make sure you have the right permissions. Message: Permission denied

// Benchmark Process Environment Information:
// BenchmarkDotNet v0.15.8
// Runtime=.NET 10.0.12 (10.0.12, 10.0.1226.42308), X64 RyuJIT x86-64-v3
// GC=Concurrent Workstation
// HardwareIntrinsics=AVX2+BMI1+BMI2+F16C+FMA+LZCNT+MOVBE,AVX,SSE3+SSSE3+SSE4.1+SSE4.2+POPCNT,X86Base+SSE+SSE2,AES+PCLMUL,AvxVnni,SERIALIZE VectorSize=256
// Job: Job-JWQWGO(Toolchain=InProcessEmitToolchain)

OverheadJitting  1: 1 op, 129227.00 ns, 129.2270 us/op
WorkloadJitting  1: 1 op, 200700.00 ns, 200.7000 us/op

OverheadJitting  2: 16 op, 110041.00 ns, 6.8776 us/op
WorkloadJitting  2: 16 op, 1358387.00 ns, 84.8992 us/op

WorkloadPilot    1: 16 op, 1255479.00 ns, 78.4674 us/op
WorkloadPilot    2: 32 op, 2525005.00 ns, 78.9064 us/op
WorkloadPilot    3: 64 op, 4937988.00 ns, 77.1561 us/op
WorkloadPilot    4: 128 op, 9864831.00 ns, 77.0690 us/op
WorkloadPilot    5: 256 op, 19638391.00 ns, 76.7125 us/op
WorkloadPilot    6: 512 op, 38347852.00 ns, 74.8981 us/op
WorkloadPilot    7: 1024 op, 78491667.00 ns, 76.6520 us/op
WorkloadPilot    8: 2048 op, 155448422.00 ns, 75.9025 us/op
WorkloadPilot    9: 4096 op, 313920167.00 ns, 76.6407 us/op
WorkloadPilot   10: 8192 op, 635562060.00 ns, 77.5833 us/op

OverheadWarmup   1: 8192 op, 11959.00 ns, 1.4598 ns/op
OverheadWarmup   2: 8192 op, 10278.00 ns, 1.2546 ns/op
OverheadWarmup   3: 8192 op, 10238.00 ns, 1.2498 ns/op
OverheadWarmup   4: 8192 op, 10603.00 ns, 1.2943 ns/op
OverheadWarmup   5: 8192 op, 10379.00 ns, 1.2670 ns/op
OverheadWarmup   6: 8192 op, 10256.00 ns, 1.2520 ns/op
OverheadWarmup   7: 8192 op, 10241.00 ns, 1.2501 ns/op
OverheadWarmup   8: 8192 op, 10251.00 ns, 1.2513 ns/op
OverheadWarmup   9: 8192 op, 10241.00 ns, 1.2501 ns/op

OverheadActual   1: 8192 op, 10220.00 ns, 1.2476 ns/op
OverheadActual   2: 8192 op, 10199.00 ns, 1.2450 ns/op
OverheadActual   3: 8192 op, 10231.00 ns, 1.2489 ns/op
OverheadActual   4: 8192 op, 10210.00 ns, 1.2463 ns/op
OverheadActual   5: 8192 op, 10248.00 ns, 1.2510 ns/op
OverheadActual   6: 8192 op, 10210.00 ns, 1.2463 ns/op
OverheadActual   7: 8192 op, 10229.00 ns, 1.2487 ns/op
OverheadActual   8: 8192 op, 10206.00 ns, 1.2458 ns/op
OverheadActual   9: 8192 op, 10238.00 ns, 1.2498 ns/op
OverheadActual  10: 8192 op, 10249.00 ns, 1.2511 ns/op
OverheadActual  11: 8192 op, 10241.00 ns, 1.2501 ns/op
OverheadActual  12: 8192 op, 10240.00 ns, 1.2500 ns/op
OverheadActual  13: 8192 op, 10818.00 ns, 1.3206 ns/op
OverheadActual  14: 8192 op, 10615.00 ns, 1.2958 ns/op
OverheadActual  15: 8192 op, 10575.00 ns, 1.2909 ns/op

WorkloadWarmup   1: 8192 op, 632247225.00 ns, 77.1786 us/op
WorkloadWarmup   2: 8192 op, 633987119.00 ns, 77.3910 us/op
WorkloadWarmup   3: 8192 op, 639495859.00 ns, 78.0635 us/op
WorkloadWarmup   4: 8192 op, 634064250.00 ns, 77.4004 us/op
WorkloadWarmup   5: 8192 op, 632125804.00 ns, 77.1638 us/op
WorkloadWarmup   6: 8192 op, 633083056.00 ns, 77.2806 us/op
WorkloadWarmup   7: 8192 op, 636821235.00 ns, 77.7370 us/op
WorkloadWarmup   8: 8192 op, 632460234.00 ns, 77.2046 us/op

WorkloadActual   1: 8192 op, 630990181.00 ns, 77.0252 us/op
WorkloadActual   2: 8192 op, 651240024.00 ns, 79.4971 us/op
WorkloadActual   3: 8192 op, 639011442.00 ns, 78.0043 us/op
WorkloadActual   4: 8192 op, 635740845.00 ns, 77.6051 us/op
WorkloadActual   5: 8192 op, 634492837.00 ns, 77.4527 us/op
WorkloadActual   6: 8192 op, 635014536.00 ns, 77.5164 us/op
WorkloadActual   7: 8192 op, 635011941.00 ns, 77.5161 us/op
WorkloadActual   8: 8192 op, 635442459.00 ns, 77.5687 us/op
WorkloadActual   9: 8192 op, 635954013.00 ns, 77.6311 us/op
WorkloadActual  10: 8192 op, 638478728.00 ns, 77.9393 us/op
WorkloadActual  11: 8192 op, 635947724.00 ns, 77.6303 us/op
WorkloadActual  12: 8192 op, 635106713.00 ns, 77.5277 us/op
WorkloadActual  13: 8192 op, 634429553.00 ns, 77.4450 us/op
WorkloadActual  14: 8192 op, 637613633.00 ns, 77.8337 us/op
WorkloadActual  15: 8192 op, 620987568.00 ns, 75.8041 us/op

WorkloadResult   1: 8192 op, 630979943.00 ns, 77.0239 us/op
WorkloadResult   2: 8192 op, 639001204.00 ns, 78.0031 us/op
WorkloadResult   3: 8192 op, 635730607.00 ns, 77.6038 us/op
WorkloadResult   4: 8192 op, 634482599.00 ns, 77.4515 us/op
WorkloadResult   5: 8192 op, 635004298.00 ns, 77.5152 us/op
WorkloadResult   6: 8192 op, 635001703.00 ns, 77.5149 us/op
WorkloadResult   7: 8192 op, 635432221.00 ns, 77.5674 us/op
WorkloadResult   8: 8192 op, 635943775.00 ns, 77.6299 us/op
WorkloadResult   9: 8192 op, 638468490.00 ns, 77.9380 us/op
WorkloadResult  10: 8192 op, 635937486.00 ns, 77.6291 us/op
WorkloadResult  11: 8192 op, 635096475.00 ns, 77.5264 us/op
WorkloadResult  12: 8192 op, 634419315.00 ns, 77.4438 us/op
WorkloadResult  13: 8192 op, 637603395.00 ns, 77.8324 us/op
WorkloadResult  14: 8192 op, 620977330.00 ns, 75.8029 us/op
// GC:  0 0 0 4656 8192
// Threading:  0 0 8192


Mean = 77.463 μs, StdErr = 0.143 μs (0.18%), N = 14, StdDev = 0.533 μs
Min = 75.803 μs, Q1 = 77.467 μs, Median = 77.547 μs, Q3 = 77.630 μs, Max = 78.003 μs
IQR = 0.162 μs, LowerFence = 77.224 μs, UpperFence = 77.873 μs
ConfidenceInterval = [76.861 μs; 78.065 μs] (CI 99.9%), Margin = 0.602 μs (0.78% of Mean)
Skewness = -2.04, Kurtosis = 6.87, MValue = 2

// ** Remained 6 (42.9 %) benchmark(s) to run. Estimated finish 2026-09-19 0:22 (0h 1m from now) **
// **************************
// Benchmark: PairHandleBenchmarks.Advance: Job-TZECNT(IterationCount=16, IterationTime=200ms, WarmupCount=8) [Shape=PairRuns8Waves]
// *** Execute ***
// Launch: 1 / 1
// Execute: dotnet PairHandles-Job-TZECNT-1.dll --anonymousPipes 120 121 --benchmarkName "Tl.PairHandlesProbe.PairHandleBenchmarks.Advance(Shape: PairRuns8Waves)" --job "IterationCount=16, IterationTime=200ms, WarmupCount=8" --benchmarkId 4 in /home/i/GitHub/tl-167-runs/benchmarks/PairHandles/bin/Release/net10.0/PairHandles-Job-TZECNT-1/bin/Release/net10.0
// Failed to set up high priority (Permission denied). In order to run benchmarks with high priority, make sure you have the right permissions.
// BeforeAnythingElse

// Benchmark Process Environment Information:
// BenchmarkDotNet v0.15.8
// Runtime=.NET 10.0.12 (10.0.12, 10.0.1226.42308), X64 RyuJIT x86-64-v3
// GC=Concurrent Workstation
// HardwareIntrinsics=AVX2+BMI1+BMI2+F16C+FMA+LZCNT+MOVBE,AVX,SSE3+SSSE3+SSE4.1+SSE4.2+POPCNT,X86Base+SSE+SSE2,AES+PCLMUL,AvxVnni,SERIALIZE VectorSize=256
// Job: Job-TZECNT(IterationCount=16, IterationTime=200ms, WarmupCount=8)

OverheadJitting  1: 1 op, 85106.00 ns, 85.1060 us/op
WorkloadJitting  1: 1 op, 10524741.00 ns, 10.5247 ms/op

OverheadJitting  2: 16 op, 99487.00 ns, 6.2179 us/op
WorkloadJitting  2: 16 op, 16319729.00 ns, 1.0200 ms/op

WorkloadPilot    1: 16 op, 14652755.00 ns, 915.7972 us/op
WorkloadPilot    2: 224 op, 195967916.00 ns, 874.8568 us/op
WorkloadPilot    3: 240 op, 44603790.00 ns, 185.8491 us/op
WorkloadPilot    4: 1088 op, 208442782.00 ns, 191.5834 us/op
WorkloadPilot    5: 1056 op, 201877973.00 ns, 191.1723 us/op

OverheadWarmup   1: 1056 op, 2800.00 ns, 2.6515 ns/op
OverheadWarmup   2: 1056 op, 2151.00 ns, 2.0369 ns/op
OverheadWarmup   3: 1056 op, 2170.00 ns, 2.0549 ns/op
OverheadWarmup   4: 1056 op, 2170.00 ns, 2.0549 ns/op
OverheadWarmup   5: 1056 op, 2114.00 ns, 2.0019 ns/op
OverheadWarmup   6: 1056 op, 1921.00 ns, 1.8191 ns/op
OverheadWarmup   7: 1056 op, 1928.00 ns, 1.8258 ns/op

OverheadActual   1: 1056 op, 2123.00 ns, 2.0104 ns/op
OverheadActual   2: 1056 op, 2130.00 ns, 2.0170 ns/op
OverheadActual   3: 1056 op, 2086.00 ns, 1.9754 ns/op
OverheadActual   4: 1056 op, 1971.00 ns, 1.8665 ns/op
OverheadActual   5: 1056 op, 2143.00 ns, 2.0294 ns/op
OverheadActual   6: 1056 op, 1952.00 ns, 1.8485 ns/op
OverheadActual   7: 1056 op, 1950.00 ns, 1.8466 ns/op
OverheadActual   8: 1056 op, 1962.00 ns, 1.8580 ns/op
OverheadActual   9: 1056 op, 1945.00 ns, 1.8419 ns/op
OverheadActual  10: 1056 op, 1940.00 ns, 1.8371 ns/op
OverheadActual  11: 1056 op, 1976.00 ns, 1.8712 ns/op
OverheadActual  12: 1056 op, 1958.00 ns, 1.8542 ns/op
OverheadActual  13: 1056 op, 1972.00 ns, 1.8674 ns/op
OverheadActual  14: 1056 op, 1971.00 ns, 1.8665 ns/op
OverheadActual  15: 1056 op, 1983.00 ns, 1.8778 ns/op

WorkloadWarmup   1: 1056 op, 197570733.00 ns, 187.0935 us/op
WorkloadWarmup   2: 1056 op, 199668745.00 ns, 189.0803 us/op
WorkloadWarmup   3: 1056 op, 199558408.00 ns, 188.9758 us/op
WorkloadWarmup   4: 1056 op, 200757912.00 ns, 190.1117 us/op
WorkloadWarmup   5: 1056 op, 198130161.00 ns, 187.6233 us/op
WorkloadWarmup   6: 1056 op, 201334816.00 ns, 190.6580 us/op
WorkloadWarmup   7: 1056 op, 203976597.00 ns, 193.1597 us/op
WorkloadWarmup   8: 1056 op, 201497343.00 ns, 190.8119 us/op

// BeforeActualRun
WorkloadActual   1: 1056 op, 202592737.00 ns, 191.8492 us/op
WorkloadActual   2: 1056 op, 198060273.00 ns, 187.5571 us/op
WorkloadActual   3: 1056 op, 202689591.00 ns, 191.9409 us/op
WorkloadActual   4: 1056 op, 213077634.00 ns, 201.7781 us/op
WorkloadActual   5: 1056 op, 205488491.00 ns, 194.5914 us/op
WorkloadActual   6: 1056 op, 205055933.00 ns, 194.1818 us/op
WorkloadActual   7: 1056 op, 205291826.00 ns, 194.4051 us/op
WorkloadActual   8: 1056 op, 201708896.00 ns, 191.0122 us/op
WorkloadActual   9: 1056 op, 201452744.00 ns, 190.7696 us/op
WorkloadActual  10: 1056 op, 197297722.00 ns, 186.8350 us/op
WorkloadActual  11: 1056 op, 203803773.00 ns, 192.9960 us/op
WorkloadActual  12: 1056 op, 201272756.00 ns, 190.5992 us/op
WorkloadActual  13: 1056 op, 203859267.00 ns, 193.0485 us/op
WorkloadActual  14: 1056 op, 203462873.00 ns, 192.6732 us/op
WorkloadActual  15: 1056 op, 198331911.00 ns, 187.8143 us/op
WorkloadActual  16: 1056 op, 199108845.00 ns, 188.5500 us/op

// AfterActualRun
WorkloadResult   1: 1056 op, 202590766.00 ns, 191.8473 us/op
WorkloadResult   2: 1056 op, 198058302.00 ns, 187.5552 us/op
WorkloadResult   3: 1056 op, 202687620.00 ns, 191.9390 us/op
WorkloadResult   4: 1056 op, 205486520.00 ns, 194.5895 us/op
WorkloadResult   5: 1056 op, 205053962.00 ns, 194.1799 us/op
WorkloadResult   6: 1056 op, 205289855.00 ns, 194.4033 us/op
WorkloadResult   7: 1056 op, 201706925.00 ns, 191.0103 us/op
WorkloadResult   8: 1056 op, 201450773.00 ns, 190.7678 us/op
WorkloadResult   9: 1056 op, 197295751.00 ns, 186.8331 us/op
WorkloadResult  10: 1056 op, 203801802.00 ns, 192.9941 us/op
WorkloadResult  11: 1056 op, 201270785.00 ns, 190.5973 us/op
WorkloadResult  12: 1056 op, 203857296.00 ns, 193.0467 us/op
WorkloadResult  13: 1056 op, 203460902.00 ns, 192.6713 us/op
WorkloadResult  14: 1056 op, 198329940.00 ns, 187.8124 us/op
WorkloadResult  15: 1056 op, 199106874.00 ns, 188.5482 us/op
// GC:  0 0 0 0 1056
// Threading:  0 0 1056

// AfterAll
// Benchmark Process 34103 has exited with code 0.

Mean = 191.253 μs, StdErr = 0.661 μs (0.35%), N = 15, StdDev = 2.561 μs
Min = 186.833 μs, Q1 = 189.573 μs, Median = 191.847 μs, Q3 = 193.020 μs, Max = 194.590 μs
IQR = 3.448 μs, LowerFence = 184.401 μs, UpperFence = 198.192 μs
ConfidenceInterval = [188.516 μs; 193.990 μs] (CI 99.9%), Margin = 2.737 μs (1.43% of Mean)
Skewness = -0.36, Kurtosis = 1.68, MValue = 2

// ** Remained 5 (35.7 %) benchmark(s) to run. Estimated finish 2026-09-19 0:22 (0h 0m from now) **
// **************************
// Benchmark: PairHandleBenchmarks.Advance: InProcess(Toolchain=InProcessEmitToolchain) [Shape=PairRuns8Waves]
// *** Execute ***
// Launch: 1 / 1
// ! Failed to set up priority High for process System.Diagnostics.Process (PairHandles). Make sure you have the right permissions. Message: Permission denied

// Benchmark Process Environment Information:
// BenchmarkDotNet v0.15.8
// Runtime=.NET 10.0.12 (10.0.12, 10.0.1226.42308), X64 RyuJIT x86-64-v3
// GC=Concurrent Workstation
// HardwareIntrinsics=AVX2+BMI1+BMI2+F16C+FMA+LZCNT+MOVBE,AVX,SSE3+SSSE3+SSE4.1+SSE4.2+POPCNT,X86Base+SSE+SSE2,AES+PCLMUL,AvxVnni,SERIALIZE VectorSize=256
// Job: Job-JWQWGO(Toolchain=InProcessEmitToolchain)

OverheadJitting  1: 1 op, 95306.00 ns, 95.3060 us/op
WorkloadJitting  1: 1 op, 3111700.00 ns, 3.1117 ms/op

OverheadJitting  2: 16 op, 108929.00 ns, 6.8081 us/op
WorkloadJitting  2: 16 op, 15701115.00 ns, 981.3197 us/op

WorkloadPilot    1: 16 op, 14294224.00 ns, 893.3890 us/op
WorkloadPilot    2: 32 op, 27694012.00 ns, 865.4379 us/op
WorkloadPilot    3: 64 op, 55201709.00 ns, 862.5267 us/op
WorkloadPilot    4: 128 op, 106996083.00 ns, 835.9069 us/op
WorkloadPilot    5: 256 op, 47572385.00 ns, 185.8296 us/op
WorkloadPilot    6: 512 op, 95597037.00 ns, 186.7130 us/op
WorkloadPilot    7: 1024 op, 189670801.00 ns, 185.2254 us/op
WorkloadPilot    8: 2048 op, 381644771.00 ns, 186.3500 us/op
WorkloadPilot    9: 4096 op, 771448505.00 ns, 188.3419 us/op

OverheadWarmup   1: 4096 op, 7459.00 ns, 1.8210 ns/op
OverheadWarmup   2: 4096 op, 5208.00 ns, 1.2715 ns/op
OverheadWarmup   3: 4096 op, 5132.00 ns, 1.2529 ns/op
OverheadWarmup   4: 4096 op, 5122.00 ns, 1.2505 ns/op
OverheadWarmup   5: 4096 op, 5103.00 ns, 1.2458 ns/op
OverheadWarmup   6: 4096 op, 5114.00 ns, 1.2485 ns/op
OverheadWarmup   7: 4096 op, 5112.00 ns, 1.2480 ns/op
OverheadWarmup   8: 4096 op, 5113.00 ns, 1.2483 ns/op
OverheadWarmup   9: 4096 op, 5153.00 ns, 1.2581 ns/op
OverheadWarmup  10: 4096 op, 5108.00 ns, 1.2471 ns/op

OverheadActual   1: 4096 op, 5137.00 ns, 1.2542 ns/op
OverheadActual   2: 4096 op, 5133.00 ns, 1.2532 ns/op
OverheadActual   3: 4096 op, 5114.00 ns, 1.2485 ns/op
OverheadActual   4: 4096 op, 5129.00 ns, 1.2522 ns/op
OverheadActual   5: 4096 op, 5133.00 ns, 1.2532 ns/op
OverheadActual   6: 4096 op, 5126.00 ns, 1.2515 ns/op
OverheadActual   7: 4096 op, 5133.00 ns, 1.2532 ns/op
OverheadActual   8: 4096 op, 5135.00 ns, 1.2537 ns/op
OverheadActual   9: 4096 op, 5130.00 ns, 1.2524 ns/op
OverheadActual  10: 4096 op, 5137.00 ns, 1.2542 ns/op
OverheadActual  11: 4096 op, 5142.00 ns, 1.2554 ns/op
OverheadActual  12: 4096 op, 5110.00 ns, 1.2476 ns/op
OverheadActual  13: 4096 op, 5128.00 ns, 1.2520 ns/op
OverheadActual  14: 4096 op, 5119.00 ns, 1.2498 ns/op
OverheadActual  15: 4096 op, 5145.00 ns, 1.2561 ns/op

WorkloadWarmup   1: 4096 op, 768006303.00 ns, 187.5015 us/op
WorkloadWarmup   2: 4096 op, 748225593.00 ns, 182.6723 us/op
WorkloadWarmup   3: 4096 op, 753235636.00 ns, 183.8954 us/op
WorkloadWarmup   4: 4096 op, 757179074.00 ns, 184.8582 us/op
WorkloadWarmup   5: 4096 op, 763482656.00 ns, 186.3971 us/op
WorkloadWarmup   6: 4096 op, 760658575.00 ns, 185.7077 us/op
WorkloadWarmup   7: 4096 op, 765016101.00 ns, 186.7715 us/op
WorkloadWarmup   8: 4096 op, 818403490.00 ns, 199.8055 us/op
WorkloadWarmup   9: 4096 op, 813409080.00 ns, 198.5862 us/op

WorkloadActual   1: 4096 op, 806939946.00 ns, 197.0068 us/op
WorkloadActual   2: 4096 op, 796695329.00 ns, 194.5057 us/op
WorkloadActual   3: 4096 op, 793424837.00 ns, 193.7072 us/op
WorkloadActual   4: 4096 op, 799249826.00 ns, 195.1294 us/op
WorkloadActual   5: 4096 op, 819655820.00 ns, 200.1113 us/op
WorkloadActual   6: 4096 op, 795605173.00 ns, 194.2395 us/op
WorkloadActual   7: 4096 op, 796356038.00 ns, 194.4229 us/op
WorkloadActual   8: 4096 op, 786714623.00 ns, 192.0690 us/op
WorkloadActual   9: 4096 op, 772306279.00 ns, 188.5513 us/op
WorkloadActual  10: 4096 op, 788047540.00 ns, 192.3944 us/op
WorkloadActual  11: 4096 op, 783926961.00 ns, 191.3884 us/op
WorkloadActual  12: 4096 op, 783318097.00 ns, 191.2398 us/op
WorkloadActual  13: 4096 op, 820108115.00 ns, 200.2217 us/op
WorkloadActual  14: 4096 op, 821324851.00 ns, 200.5188 us/op
WorkloadActual  15: 4096 op, 802700660.00 ns, 195.9718 us/op

WorkloadResult   1: 4096 op, 806934813.00 ns, 197.0056 us/op
WorkloadResult   2: 4096 op, 796690196.00 ns, 194.5044 us/op
WorkloadResult   3: 4096 op, 793419704.00 ns, 193.7060 us/op
WorkloadResult   4: 4096 op, 799244693.00 ns, 195.1281 us/op
WorkloadResult   5: 4096 op, 819650687.00 ns, 200.1100 us/op
WorkloadResult   6: 4096 op, 795600040.00 ns, 194.2383 us/op
WorkloadResult   7: 4096 op, 796350905.00 ns, 194.4216 us/op
WorkloadResult   8: 4096 op, 786709490.00 ns, 192.0677 us/op
WorkloadResult   9: 4096 op, 772301146.00 ns, 188.5501 us/op
WorkloadResult  10: 4096 op, 788042407.00 ns, 192.3932 us/op
WorkloadResult  11: 4096 op, 783921828.00 ns, 191.3872 us/op
WorkloadResult  12: 4096 op, 783312964.00 ns, 191.2385 us/op
WorkloadResult  13: 4096 op, 820102982.00 ns, 200.2205 us/op
WorkloadResult  14: 4096 op, 821319718.00 ns, 200.5175 us/op
WorkloadResult  15: 4096 op, 802695527.00 ns, 195.9706 us/op
// GC:  0 0 0 1680 4096
// Threading:  0 0 4096


Mean = 194.764 μs, StdErr = 0.913 μs (0.47%), N = 15, StdDev = 3.535 μs
Min = 188.550 μs, Q1 = 192.230 μs, Median = 194.422 μs, Q3 = 196.488 μs, Max = 200.518 μs
IQR = 4.258 μs, LowerFence = 185.844 μs, UpperFence = 202.875 μs
ConfidenceInterval = [190.984 μs; 198.543 μs] (CI 99.9%), Margin = 3.780 μs (1.94% of Mean)
Skewness = 0.24, Kurtosis = 2, MValue = 2

// ** Remained 4 (28.6 %) benchmark(s) to run. Estimated finish 2026-09-19 0:22 (0h 0m from now) **
// **************************
// Benchmark: PairHandleBenchmarks.Advance: Job-TZECNT(IterationCount=16, IterationTime=200ms, WarmupCount=8) [Shape=PairBlocks8Waves]
// *** Execute ***
// Launch: 1 / 1
// Execute: dotnet PairHandles-Job-TZECNT-1.dll --anonymousPipes 120 121 --benchmarkName "Tl.PairHandlesProbe.PairHandleBenchmarks.Advance(Shape: PairBlocks8Waves)" --job "IterationCount=16, IterationTime=200ms, WarmupCount=8" --benchmarkId 5 in /home/i/GitHub/tl-167-runs/benchmarks/PairHandles/bin/Release/net10.0/PairHandles-Job-TZECNT-1/bin/Release/net10.0
// Failed to set up high priority (Permission denied). In order to run benchmarks with high priority, make sure you have the right permissions.
// BeforeAnythingElse

// Benchmark Process Environment Information:
// BenchmarkDotNet v0.15.8
// Runtime=.NET 10.0.12 (10.0.12, 10.0.1226.42308), X64 RyuJIT x86-64-v3
// GC=Concurrent Workstation
// HardwareIntrinsics=AVX2+BMI1+BMI2+F16C+FMA+LZCNT+MOVBE,AVX,SSE3+SSSE3+SSE4.1+SSE4.2+POPCNT,X86Base+SSE+SSE2,AES+PCLMUL,AvxVnni,SERIALIZE VectorSize=256
// Job: Job-TZECNT(IterationCount=16, IterationTime=200ms, WarmupCount=8)

OverheadJitting  1: 1 op, 78487.00 ns, 78.4870 us/op
WorkloadJitting  1: 1 op, 11336245.00 ns, 11.3362 ms/op

OverheadJitting  2: 16 op, 105295.00 ns, 6.5809 us/op
WorkloadJitting  2: 16 op, 46338803.00 ns, 2.8962 ms/op

WorkloadPilot    1: 16 op, 45303525.00 ns, 2.8315 ms/op
WorkloadPilot    2: 80 op, 155471440.00 ns, 1.9434 ms/op
WorkloadPilot    3: 112 op, 69785858.00 ns, 623.0880 us/op
WorkloadPilot    4: 336 op, 208954495.00 ns, 621.8884 us/op

OverheadWarmup   1: 336 op, 1741.00 ns, 5.1815 ns/op
OverheadWarmup   2: 336 op, 675.00 ns, 2.0089 ns/op
OverheadWarmup   3: 336 op, 722.00 ns, 2.1488 ns/op
OverheadWarmup   4: 336 op, 670.00 ns, 1.9940 ns/op
OverheadWarmup   5: 336 op, 697.00 ns, 2.0744 ns/op
OverheadWarmup   6: 336 op, 661.00 ns, 1.9673 ns/op

OverheadActual   1: 336 op, 912.00 ns, 2.7143 ns/op
OverheadActual   2: 336 op, 908.00 ns, 2.7024 ns/op
OverheadActual   3: 336 op, 909.00 ns, 2.7054 ns/op
OverheadActual   4: 336 op, 721.00 ns, 2.1458 ns/op
OverheadActual   5: 336 op, 833.00 ns, 2.4792 ns/op
OverheadActual   6: 336 op, 711.00 ns, 2.1161 ns/op
OverheadActual   7: 336 op, 689.00 ns, 2.0506 ns/op
OverheadActual   8: 336 op, 682.00 ns, 2.0298 ns/op
OverheadActual   9: 336 op, 698.00 ns, 2.0774 ns/op
OverheadActual  10: 336 op, 673.00 ns, 2.0030 ns/op
OverheadActual  11: 336 op, 705.00 ns, 2.0982 ns/op
OverheadActual  12: 336 op, 696.00 ns, 2.0714 ns/op
OverheadActual  13: 336 op, 684.00 ns, 2.0357 ns/op
OverheadActual  14: 336 op, 685.00 ns, 2.0387 ns/op
OverheadActual  15: 336 op, 686.00 ns, 2.0417 ns/op
OverheadActual  16: 336 op, 688.00 ns, 2.0476 ns/op
OverheadActual  17: 336 op, 694.00 ns, 2.0655 ns/op

WorkloadWarmup   1: 336 op, 208411510.00 ns, 620.2724 us/op
WorkloadWarmup   2: 336 op, 207776660.00 ns, 618.3829 us/op
WorkloadWarmup   3: 336 op, 249266722.00 ns, 741.8652 us/op
WorkloadWarmup   4: 336 op, 203557278.00 ns, 605.8252 us/op
WorkloadWarmup   5: 336 op, 204094955.00 ns, 607.4255 us/op
WorkloadWarmup   6: 336 op, 244750125.00 ns, 728.4230 us/op
WorkloadWarmup   7: 336 op, 211701892.00 ns, 630.0652 us/op
WorkloadWarmup   8: 336 op, 214750758.00 ns, 639.1392 us/op

// BeforeActualRun
WorkloadActual   1: 336 op, 210923260.00 ns, 627.7478 us/op
WorkloadActual   2: 336 op, 213010693.00 ns, 633.9604 us/op
WorkloadActual   3: 336 op, 210804432.00 ns, 627.3941 us/op
WorkloadActual   4: 336 op, 207634015.00 ns, 617.9584 us/op
WorkloadActual   5: 336 op, 213761963.00 ns, 636.1963 us/op
WorkloadActual   6: 336 op, 209931330.00 ns, 624.7956 us/op
WorkloadActual   7: 336 op, 209556514.00 ns, 623.6801 us/op
WorkloadActual   8: 336 op, 202915051.00 ns, 603.9138 us/op
WorkloadActual   9: 336 op, 200934517.00 ns, 598.0194 us/op
WorkloadActual  10: 336 op, 201438175.00 ns, 599.5184 us/op
WorkloadActual  11: 336 op, 200306088.00 ns, 596.1491 us/op
WorkloadActual  12: 336 op, 202347483.00 ns, 602.2247 us/op
WorkloadActual  13: 336 op, 203551923.00 ns, 605.8093 us/op
WorkloadActual  14: 336 op, 201767296.00 ns, 600.4979 us/op
WorkloadActual  15: 336 op, 200788539.00 ns, 597.5849 us/op
WorkloadActual  16: 336 op, 203119999.00 ns, 604.5238 us/op

// AfterActualRun
WorkloadResult   1: 336 op, 210922564.00 ns, 627.7457 us/op
WorkloadResult   2: 336 op, 213009997.00 ns, 633.9583 us/op
WorkloadResult   3: 336 op, 210803736.00 ns, 627.3921 us/op
WorkloadResult   4: 336 op, 207633319.00 ns, 617.9563 us/op
WorkloadResult   5: 336 op, 213761267.00 ns, 636.1942 us/op
WorkloadResult   6: 336 op, 209930634.00 ns, 624.7936 us/op
WorkloadResult   7: 336 op, 209555818.00 ns, 623.6780 us/op
WorkloadResult   8: 336 op, 202914355.00 ns, 603.9118 us/op
WorkloadResult   9: 336 op, 200933821.00 ns, 598.0173 us/op
WorkloadResult  10: 336 op, 201437479.00 ns, 599.5163 us/op
WorkloadResult  11: 336 op, 200305392.00 ns, 596.1470 us/op
WorkloadResult  12: 336 op, 202346787.00 ns, 602.2226 us/op
WorkloadResult  13: 336 op, 203551227.00 ns, 605.8072 us/op
WorkloadResult  14: 336 op, 201766600.00 ns, 600.4958 us/op
WorkloadResult  15: 336 op, 200787843.00 ns, 597.5829 us/op
WorkloadResult  16: 336 op, 203119303.00 ns, 604.5217 us/op
// GC:  0 0 0 0 336
// Threading:  0 0 336

// AfterAll
// Benchmark Process 35429 has exited with code 0.

Mean = 612.496 μs, StdErr = 3.584 μs (0.59%), N = 16, StdDev = 14.334 μs
Min = 596.147 μs, Q1 = 600.251 μs, Median = 605.164 μs, Q3 = 625.443 μs, Max = 636.194 μs
IQR = 25.192 μs, LowerFence = 562.463 μs, UpperFence = 663.232 μs
ConfidenceInterval = [597.901 μs; 627.091 μs] (CI 99.9%), Margin = 14.595 μs (2.38% of Mean)
Skewness = 0.35, Kurtosis = 1.34, MValue = 3.11

// ** Remained 3 (21.4 %) benchmark(s) to run. Estimated finish 2026-09-19 0:22 (0h 0m from now) **
// **************************
// Benchmark: PairHandleBenchmarks.Advance: InProcess(Toolchain=InProcessEmitToolchain) [Shape=PairBlocks8Waves]
// *** Execute ***
// Launch: 1 / 1
// ! Failed to set up priority High for process System.Diagnostics.Process (PairHandles). Make sure you have the right permissions. Message: Permission denied

// Benchmark Process Environment Information:
// BenchmarkDotNet v0.15.8
// Runtime=.NET 10.0.12 (10.0.12, 10.0.1226.42308), X64 RyuJIT x86-64-v3
// GC=Concurrent Workstation
// HardwareIntrinsics=AVX2+BMI1+BMI2+F16C+FMA+LZCNT+MOVBE,AVX,SSE3+SSSE3+SSE4.1+SSE4.2+POPCNT,X86Base+SSE+SSE2,AES+PCLMUL,AvxVnni,SERIALIZE VectorSize=256
// Job: Job-JWQWGO(Toolchain=InProcessEmitToolchain)

OverheadJitting  1: 1 op, 97532.00 ns, 97.5320 us/op
WorkloadJitting  1: 1 op, 718395.00 ns, 718.3950 us/op

OverheadJitting  2: 16 op, 122816.00 ns, 7.6760 us/op
WorkloadJitting  2: 16 op, 10025101.00 ns, 626.5688 us/op

WorkloadPilot    1: 16 op, 9790797.00 ns, 611.9248 us/op
WorkloadPilot    2: 32 op, 19639804.00 ns, 613.7439 us/op
WorkloadPilot    3: 64 op, 39656308.00 ns, 619.6298 us/op
WorkloadPilot    4: 128 op, 78542366.00 ns, 613.6122 us/op
WorkloadPilot    5: 256 op, 160952631.00 ns, 628.7212 us/op
WorkloadPilot    6: 512 op, 322240654.00 ns, 629.3763 us/op
WorkloadPilot    7: 1024 op, 632334432.00 ns, 617.5141 us/op

OverheadWarmup   1: 1024 op, 3005.00 ns, 2.9346 ns/op
OverheadWarmup   2: 1024 op, 1444.00 ns, 1.4102 ns/op
OverheadWarmup   3: 1024 op, 1400.00 ns, 1.3672 ns/op
OverheadWarmup   4: 1024 op, 1364.00 ns, 1.3320 ns/op
OverheadWarmup   5: 1024 op, 1361.00 ns, 1.3291 ns/op
OverheadWarmup   6: 1024 op, 1347.00 ns, 1.3154 ns/op
OverheadWarmup   7: 1024 op, 1350.00 ns, 1.3184 ns/op
OverheadWarmup   8: 1024 op, 1387.00 ns, 1.3545 ns/op
OverheadWarmup   9: 1024 op, 1362.00 ns, 1.3301 ns/op
OverheadWarmup  10: 1024 op, 1342.00 ns, 1.3105 ns/op

OverheadActual   1: 1024 op, 1363.00 ns, 1.3311 ns/op
OverheadActual   2: 1024 op, 1327.00 ns, 1.2959 ns/op
OverheadActual   3: 1024 op, 1354.00 ns, 1.3223 ns/op
OverheadActual   4: 1024 op, 1353.00 ns, 1.3213 ns/op
OverheadActual   5: 1024 op, 1345.00 ns, 1.3135 ns/op
OverheadActual   6: 1024 op, 1344.00 ns, 1.3125 ns/op
OverheadActual   7: 1024 op, 1339.00 ns, 1.3076 ns/op
OverheadActual   8: 1024 op, 1345.00 ns, 1.3135 ns/op
OverheadActual   9: 1024 op, 1338.00 ns, 1.3066 ns/op
OverheadActual  10: 1024 op, 1344.00 ns, 1.3125 ns/op
OverheadActual  11: 1024 op, 1332.00 ns, 1.3008 ns/op
OverheadActual  12: 1024 op, 1351.00 ns, 1.3193 ns/op
OverheadActual  13: 1024 op, 1346.00 ns, 1.3145 ns/op
OverheadActual  14: 1024 op, 1360.00 ns, 1.3281 ns/op
OverheadActual  15: 1024 op, 1339.00 ns, 1.3076 ns/op

WorkloadWarmup   1: 1024 op, 642754388.00 ns, 627.6898 us/op
WorkloadWarmup   2: 1024 op, 628047917.00 ns, 613.3280 us/op
WorkloadWarmup   3: 1024 op, 629335206.00 ns, 614.5852 us/op
WorkloadWarmup   4: 1024 op, 634220772.00 ns, 619.3562 us/op
WorkloadWarmup   5: 1024 op, 638605734.00 ns, 623.6384 us/op
WorkloadWarmup   6: 1024 op, 635263820.00 ns, 620.3748 us/op
WorkloadWarmup   7: 1024 op, 631120987.00 ns, 616.3291 us/op
WorkloadWarmup   8: 1024 op, 621028921.00 ns, 606.4736 us/op
WorkloadWarmup   9: 1024 op, 627767246.00 ns, 613.0540 us/op
WorkloadWarmup  10: 1024 op, 629818904.00 ns, 615.0575 us/op
WorkloadWarmup  11: 1024 op, 621809725.00 ns, 607.2361 us/op

WorkloadActual   1: 1024 op, 625594513.00 ns, 610.9321 us/op
WorkloadActual   2: 1024 op, 625425932.00 ns, 610.7675 us/op
WorkloadActual   3: 1024 op, 623348192.00 ns, 608.7385 us/op
WorkloadActual   4: 1024 op, 630678420.00 ns, 615.8969 us/op
WorkloadActual   5: 1024 op, 625243630.00 ns, 610.5895 us/op
WorkloadActual   6: 1024 op, 628979235.00 ns, 614.2375 us/op
WorkloadActual   7: 1024 op, 624924916.00 ns, 610.2782 us/op
WorkloadActual   8: 1024 op, 632284345.00 ns, 617.4652 us/op
WorkloadActual   9: 1024 op, 625730790.00 ns, 611.0652 us/op
WorkloadActual  10: 1024 op, 625604909.00 ns, 610.9423 us/op
WorkloadActual  11: 1024 op, 627622764.00 ns, 612.9129 us/op
WorkloadActual  12: 1024 op, 625542204.00 ns, 610.8811 us/op
WorkloadActual  13: 1024 op, 625634847.00 ns, 610.9715 us/op
WorkloadActual  14: 1024 op, 628784389.00 ns, 614.0473 us/op
WorkloadActual  15: 1024 op, 628274523.00 ns, 613.5493 us/op

WorkloadResult   1: 1024 op, 625593168.00 ns, 610.9308 us/op
WorkloadResult   2: 1024 op, 625424587.00 ns, 610.7662 us/op
WorkloadResult   3: 1024 op, 623346847.00 ns, 608.7372 us/op
WorkloadResult   4: 1024 op, 630677075.00 ns, 615.8956 us/op
WorkloadResult   5: 1024 op, 625242285.00 ns, 610.5882 us/op
WorkloadResult   6: 1024 op, 628977890.00 ns, 614.2362 us/op
WorkloadResult   7: 1024 op, 624923571.00 ns, 610.2769 us/op
WorkloadResult   8: 1024 op, 632283000.00 ns, 617.4639 us/op
WorkloadResult   9: 1024 op, 625729445.00 ns, 611.0639 us/op
WorkloadResult  10: 1024 op, 625603564.00 ns, 610.9410 us/op
WorkloadResult  11: 1024 op, 627621419.00 ns, 612.9115 us/op
WorkloadResult  12: 1024 op, 625540859.00 ns, 610.8797 us/op
WorkloadResult  13: 1024 op, 625633502.00 ns, 610.9702 us/op
WorkloadResult  14: 1024 op, 628783044.00 ns, 614.0459 us/op
WorkloadResult  15: 1024 op, 628273178.00 ns, 613.5480 us/op
// GC:  0 0 0 4656 1024
// Threading:  0 0 1024


Mean = 612.217 μs, StdErr = 0.615 μs (0.10%), N = 15, StdDev = 2.380 μs
Min = 608.737 μs, Q1 = 610.823 μs, Median = 610.970 μs, Q3 = 613.797 μs, Max = 617.464 μs
IQR = 2.974 μs, LowerFence = 606.362 μs, UpperFence = 618.258 μs
ConfidenceInterval = [609.672 μs; 614.762 μs] (CI 99.9%), Margin = 2.545 μs (0.42% of Mean)
Skewness = 0.71, Kurtosis = 2.4, MValue = 2

// ** Remained 2 (14.3 %) benchmark(s) to run. Estimated finish 2026-09-19 0:22 (0h 0m from now) **
// **************************
// Benchmark: PairHandleBenchmarks.Advance: Job-TZECNT(IterationCount=16, IterationTime=200ms, WarmupCount=8) [Shape=PairA(...)Waves [21]]
// *** Execute ***
// Launch: 1 / 1
// Execute: dotnet PairHandles-Job-TZECNT-1.dll --anonymousPipes 120 121 --benchmarkName "Tl.PairHandlesProbe.PairHandleBenchmarks.Advance(Shape: PairAlternating8Waves)" --job "IterationCount=16, IterationTime=200ms, WarmupCount=8" --benchmarkId 6 in /home/i/GitHub/tl-167-runs/benchmarks/PairHandles/bin/Release/net10.0/PairHandles-Job-TZECNT-1/bin/Release/net10.0
// Failed to set up high priority (Permission denied). In order to run benchmarks with high priority, make sure you have the right permissions.
// BeforeAnythingElse

// Benchmark Process Environment Information:
// BenchmarkDotNet v0.15.8
// Runtime=.NET 10.0.12 (10.0.12, 10.0.1226.42308), X64 RyuJIT x86-64-v3
// GC=Concurrent Workstation
// HardwareIntrinsics=AVX2+BMI1+BMI2+F16C+FMA+LZCNT+MOVBE,AVX,SSE3+SSSE3+SSE4.1+SSE4.2+POPCNT,X86Base+SSE+SSE2,AES+PCLMUL,AvxVnni,SERIALIZE VectorSize=256
// Job: Job-TZECNT(IterationCount=16, IterationTime=200ms, WarmupCount=8)

OverheadJitting  1: 1 op, 78616.00 ns, 78.6160 us/op
WorkloadJitting  1: 1 op, 6805486.00 ns, 6.8055 ms/op

OverheadJitting  2: 16 op, 115106.00 ns, 7.1941 us/op
WorkloadJitting  2: 16 op, 3622394.00 ns, 226.3996 us/op

WorkloadPilot    1: 16 op, 2037509.00 ns, 127.3443 us/op
WorkloadPilot    2: 1584 op, 161741291.00 ns, 102.1094 us/op
WorkloadPilot    3: 1968 op, 129787915.00 ns, 65.9491 us/op
WorkloadPilot    4: 3040 op, 197686775.00 ns, 65.0285 us/op
WorkloadPilot    5: 3088 op, 203072409.00 ns, 65.7618 us/op
WorkloadPilot    6: 3056 op, 200421750.00 ns, 65.5830 us/op

OverheadWarmup   1: 3056 op, 6607.00 ns, 2.1620 ns/op
OverheadWarmup   2: 3056 op, 5611.00 ns, 1.8361 ns/op
OverheadWarmup   3: 3056 op, 5576.00 ns, 1.8246 ns/op
OverheadWarmup   4: 3056 op, 5610.00 ns, 1.8357 ns/op
OverheadWarmup   5: 3056 op, 5630.00 ns, 1.8423 ns/op
OverheadWarmup   6: 3056 op, 5562.00 ns, 1.8200 ns/op
OverheadWarmup   7: 3056 op, 5590.00 ns, 1.8292 ns/op
OverheadWarmup   8: 3056 op, 5581.00 ns, 1.8262 ns/op

OverheadActual   1: 3056 op, 5885.00 ns, 1.9257 ns/op
OverheadActual   2: 3056 op, 5984.00 ns, 1.9581 ns/op
OverheadActual   3: 3056 op, 5850.00 ns, 1.9143 ns/op
OverheadActual   4: 3056 op, 5704.00 ns, 1.8665 ns/op
OverheadActual   5: 3056 op, 5776.00 ns, 1.8901 ns/op
OverheadActual   6: 3056 op, 5613.00 ns, 1.8367 ns/op
OverheadActual   7: 3056 op, 5562.00 ns, 1.8200 ns/op
OverheadActual   8: 3056 op, 5595.00 ns, 1.8308 ns/op
OverheadActual   9: 3056 op, 9390.00 ns, 3.0726 ns/op
OverheadActual  10: 3056 op, 5602.00 ns, 1.8331 ns/op
OverheadActual  11: 3056 op, 5615.00 ns, 1.8374 ns/op
OverheadActual  12: 3056 op, 5576.00 ns, 1.8246 ns/op
OverheadActual  13: 3056 op, 5631.00 ns, 1.8426 ns/op
OverheadActual  14: 3056 op, 5806.00 ns, 1.8999 ns/op
OverheadActual  15: 3056 op, 5601.00 ns, 1.8328 ns/op

WorkloadWarmup   1: 3056 op, 201835181.00 ns, 66.0455 us/op
WorkloadWarmup   2: 3056 op, 200874040.00 ns, 65.7310 us/op
WorkloadWarmup   3: 3056 op, 202951548.00 ns, 66.4108 us/op
WorkloadWarmup   4: 3056 op, 202641281.00 ns, 66.3093 us/op
WorkloadWarmup   5: 3056 op, 200421740.00 ns, 65.5830 us/op
WorkloadWarmup   6: 3056 op, 202300776.00 ns, 66.1979 us/op
WorkloadWarmup   7: 3056 op, 202007957.00 ns, 66.1021 us/op
WorkloadWarmup   8: 3056 op, 202217681.00 ns, 66.1707 us/op

// BeforeActualRun
WorkloadActual   1: 3056 op, 203230118.00 ns, 66.5020 us/op
WorkloadActual   2: 3056 op, 201952866.00 ns, 66.0841 us/op
WorkloadActual   3: 3056 op, 200789296.00 ns, 65.7033 us/op
WorkloadActual   4: 3056 op, 200753720.00 ns, 65.6917 us/op
WorkloadActual   5: 3056 op, 197055578.00 ns, 64.4815 us/op
WorkloadActual   6: 3056 op, 194613023.00 ns, 63.6823 us/op
WorkloadActual   7: 3056 op, 196697751.00 ns, 64.3644 us/op
WorkloadActual   8: 3056 op, 201487467.00 ns, 65.9318 us/op
WorkloadActual   9: 3056 op, 202243084.00 ns, 66.1790 us/op
WorkloadActual  10: 3056 op, 203083189.00 ns, 66.4539 us/op
WorkloadActual  11: 3056 op, 203185457.00 ns, 66.4874 us/op
WorkloadActual  12: 3056 op, 202736349.00 ns, 66.3404 us/op
WorkloadActual  13: 3056 op, 202379470.00 ns, 66.2236 us/op
WorkloadActual  14: 3056 op, 203568007.00 ns, 66.6126 us/op
WorkloadActual  15: 3056 op, 202947845.00 ns, 66.4096 us/op
WorkloadActual  16: 3056 op, 203718621.00 ns, 66.6619 us/op

// AfterActualRun
WorkloadResult   1: 3056 op, 203224487.00 ns, 66.5002 us/op
WorkloadResult   2: 3056 op, 201947235.00 ns, 66.0822 us/op
WorkloadResult   3: 3056 op, 200783665.00 ns, 65.7015 us/op
WorkloadResult   4: 3056 op, 200748089.00 ns, 65.6898 us/op
WorkloadResult   5: 3056 op, 197049947.00 ns, 64.4797 us/op
WorkloadResult   6: 3056 op, 194607392.00 ns, 63.6804 us/op
WorkloadResult   7: 3056 op, 196692120.00 ns, 64.3626 us/op
WorkloadResult   8: 3056 op, 201481836.00 ns, 65.9299 us/op
WorkloadResult   9: 3056 op, 202237453.00 ns, 66.1772 us/op
WorkloadResult  10: 3056 op, 203077558.00 ns, 66.4521 us/op
WorkloadResult  11: 3056 op, 203179826.00 ns, 66.4855 us/op
WorkloadResult  12: 3056 op, 202730718.00 ns, 66.3386 us/op
WorkloadResult  13: 3056 op, 202373839.00 ns, 66.2218 us/op
WorkloadResult  14: 3056 op, 203562376.00 ns, 66.6107 us/op
WorkloadResult  15: 3056 op, 202942214.00 ns, 66.4078 us/op
WorkloadResult  16: 3056 op, 203712990.00 ns, 66.6600 us/op
// GC:  0 0 0 0 3056
// Threading:  0 0 3056

// AfterAll
// Benchmark Process 35807 has exited with code 0.

Mean = 65.861 μs, StdErr = 0.225 μs (0.34%), N = 16, StdDev = 0.899 μs
Min = 63.680 μs, Q1 = 65.699 μs, Median = 66.199 μs, Q3 = 66.460 μs, Max = 66.660 μs
IQR = 0.762 μs, LowerFence = 64.556 μs, UpperFence = 67.603 μs
ConfidenceInterval = [64.946 μs; 66.777 μs] (CI 99.9%), Margin = 0.915 μs (1.39% of Mean)
Skewness = -1.24, Kurtosis = 3.12, MValue = 2

// ** Remained 1 (7.1 %) benchmark(s) to run. Estimated finish 2026-09-19 0:22 (0h 0m from now) **
// **************************
// Benchmark: PairHandleBenchmarks.Advance: InProcess(Toolchain=InProcessEmitToolchain) [Shape=PairA(...)Waves [21]]
// *** Execute ***
// Launch: 1 / 1
// ! Failed to set up priority High for process System.Diagnostics.Process (PairHandles). Make sure you have the right permissions. Message: Permission denied

// Benchmark Process Environment Information:
// BenchmarkDotNet v0.15.8
// Runtime=.NET 10.0.12 (10.0.12, 10.0.1226.42308), X64 RyuJIT x86-64-v3
// GC=Concurrent Workstation
// HardwareIntrinsics=AVX2+BMI1+BMI2+F16C+FMA+LZCNT+MOVBE,AVX,SSE3+SSSE3+SSE4.1+SSE4.2+POPCNT,X86Base+SSE+SSE2,AES+PCLMUL,AvxVnni,SERIALIZE VectorSize=256
// Job: Job-JWQWGO(Toolchain=InProcessEmitToolchain)

OverheadJitting  1: 1 op, 96859.00 ns, 96.8590 us/op
WorkloadJitting  1: 1 op, 159691.00 ns, 159.6910 us/op

OverheadJitting  2: 16 op, 103185.00 ns, 6.4491 us/op
WorkloadJitting  2: 16 op, 1108404.00 ns, 69.2753 us/op

WorkloadPilot    1: 16 op, 1001850.00 ns, 62.6156 us/op
WorkloadPilot    2: 32 op, 2000837.00 ns, 62.5262 us/op
WorkloadPilot    3: 64 op, 4005383.00 ns, 62.5841 us/op
WorkloadPilot    4: 128 op, 7908784.00 ns, 61.7874 us/op
WorkloadPilot    5: 256 op, 15947340.00 ns, 62.2943 us/op
WorkloadPilot    6: 512 op, 31631591.00 ns, 61.7805 us/op
WorkloadPilot    7: 1024 op, 63604372.00 ns, 62.1136 us/op
WorkloadPilot    8: 2048 op, 124635286.00 ns, 60.8571 us/op
WorkloadPilot    9: 4096 op, 247622194.00 ns, 60.4546 us/op
WorkloadPilot   10: 8192 op, 496230297.00 ns, 60.5750 us/op
WorkloadPilot   11: 16384 op, 993531202.00 ns, 60.6403 us/op

OverheadWarmup   1: 16384 op, 23928.00 ns, 1.4604 ns/op
OverheadWarmup   2: 16384 op, 22023.00 ns, 1.3442 ns/op
OverheadWarmup   3: 16384 op, 21641.00 ns, 1.3209 ns/op
OverheadWarmup   4: 16384 op, 21624.00 ns, 1.3198 ns/op
OverheadWarmup   5: 16384 op, 21990.00 ns, 1.3422 ns/op
OverheadWarmup   6: 16384 op, 21483.00 ns, 1.3112 ns/op
OverheadWarmup   7: 16384 op, 21443.00 ns, 1.3088 ns/op
OverheadWarmup   8: 16384 op, 21458.00 ns, 1.3097 ns/op
OverheadWarmup   9: 16384 op, 21438.00 ns, 1.3085 ns/op

OverheadActual   1: 16384 op, 21070.00 ns, 1.2860 ns/op
OverheadActual   2: 16384 op, 21104.00 ns, 1.2881 ns/op
OverheadActual   3: 16384 op, 21155.00 ns, 1.2912 ns/op
OverheadActual   4: 16384 op, 21090.00 ns, 1.2872 ns/op
OverheadActual   5: 16384 op, 21083.00 ns, 1.2868 ns/op
OverheadActual   6: 16384 op, 21094.00 ns, 1.2875 ns/op
OverheadActual   7: 16384 op, 21291.00 ns, 1.2995 ns/op
OverheadActual   8: 16384 op, 21097.00 ns, 1.2877 ns/op
OverheadActual   9: 16384 op, 21273.00 ns, 1.2984 ns/op
OverheadActual  10: 16384 op, 21114.00 ns, 1.2887 ns/op
OverheadActual  11: 16384 op, 22857.00 ns, 1.3951 ns/op
OverheadActual  12: 16384 op, 21068.00 ns, 1.2859 ns/op
OverheadActual  13: 16384 op, 21065.00 ns, 1.2857 ns/op
OverheadActual  14: 16384 op, 21318.00 ns, 1.3011 ns/op
OverheadActual  15: 16384 op, 21060.00 ns, 1.2854 ns/op

WorkloadWarmup   1: 16384 op, 998116553.00 ns, 60.9202 us/op
WorkloadWarmup   2: 16384 op, 989035199.00 ns, 60.3659 us/op
WorkloadWarmup   3: 16384 op, 1001082054.00 ns, 61.1012 us/op
WorkloadWarmup   4: 16384 op, 1041276821.00 ns, 63.5545 us/op
WorkloadWarmup   5: 16384 op, 1057951722.00 ns, 64.5722 us/op
WorkloadWarmup   6: 16384 op, 1012645453.00 ns, 61.8070 us/op
WorkloadWarmup   7: 16384 op, 1003537245.00 ns, 61.2511 us/op
WorkloadWarmup   8: 16384 op, 998185307.00 ns, 60.9244 us/op
WorkloadWarmup   9: 16384 op, 1010697162.00 ns, 61.6881 us/op
WorkloadWarmup  10: 16384 op, 1012400802.00 ns, 61.7920 us/op
WorkloadWarmup  11: 16384 op, 999409691.00 ns, 60.9991 us/op

WorkloadActual   1: 16384 op, 997244802.00 ns, 60.8670 us/op
WorkloadActual   2: 16384 op, 1001128150.00 ns, 61.1040 us/op
WorkloadActual   3: 16384 op, 1007424736.00 ns, 61.4883 us/op
WorkloadActual   4: 16384 op, 1004180922.00 ns, 61.2903 us/op
WorkloadActual   5: 16384 op, 1015881999.00 ns, 62.0045 us/op
WorkloadActual   6: 16384 op, 1045359613.00 ns, 63.8037 us/op
WorkloadActual   7: 16384 op, 1019294178.00 ns, 62.2128 us/op
WorkloadActual   8: 16384 op, 1049702301.00 ns, 64.0687 us/op
WorkloadActual   9: 16384 op, 1011647382.00 ns, 61.7461 us/op
WorkloadActual  10: 16384 op, 1013194523.00 ns, 61.8405 us/op
WorkloadActual  11: 16384 op, 1005819647.00 ns, 61.3904 us/op
WorkloadActual  12: 16384 op, 1007401204.00 ns, 61.4869 us/op
WorkloadActual  13: 16384 op, 1024373270.00 ns, 62.5228 us/op
WorkloadActual  14: 16384 op, 1036518811.00 ns, 63.2641 us/op
WorkloadActual  15: 16384 op, 1029982009.00 ns, 62.8651 us/op

WorkloadResult   1: 16384 op, 997223705.00 ns, 60.8657 us/op
WorkloadResult   2: 16384 op, 1001107053.00 ns, 61.1027 us/op
WorkloadResult   3: 16384 op, 1007403639.00 ns, 61.4870 us/op
WorkloadResult   4: 16384 op, 1004159825.00 ns, 61.2891 us/op
WorkloadResult   5: 16384 op, 1015860902.00 ns, 62.0032 us/op
WorkloadResult   6: 16384 op, 1045338516.00 ns, 63.8024 us/op
WorkloadResult   7: 16384 op, 1019273081.00 ns, 62.2115 us/op
WorkloadResult   8: 16384 op, 1049681204.00 ns, 64.0675 us/op
WorkloadResult   9: 16384 op, 1011626285.00 ns, 61.7448 us/op
WorkloadResult  10: 16384 op, 1013173426.00 ns, 61.8392 us/op
WorkloadResult  11: 16384 op, 1005798550.00 ns, 61.3891 us/op
WorkloadResult  12: 16384 op, 1007380107.00 ns, 61.4856 us/op
WorkloadResult  13: 16384 op, 1024352173.00 ns, 62.5215 us/op
WorkloadResult  14: 16384 op, 1036497714.00 ns, 63.2628 us/op
WorkloadResult  15: 16384 op, 1029960912.00 ns, 62.8638 us/op
// GC:  0 0 0 1344 16384
// Threading:  0 0 16384


Mean = 62.129 μs, StdErr = 0.254 μs (0.41%), N = 15, StdDev = 0.983 μs
Min = 60.866 μs, Q1 = 61.437 μs, Median = 61.839 μs, Q3 = 62.693 μs, Max = 64.067 μs
IQR = 1.255 μs, LowerFence = 59.554 μs, UpperFence = 64.576 μs
ConfidenceInterval = [61.078 μs; 63.180 μs] (CI 99.9%), Margin = 1.051 μs (1.69% of Mean)
Skewness = 0.64, Kurtosis = 2.06, MValue = 2

// ** Remained 0 (0.0 %) benchmark(s) to run. Estimated finish 2026-09-19 0:22 (0h 0m from now) **
// ***** BenchmarkRunner: Finish  *****

// * Export *
  benchmarks/PairHandles/results/r2-packed-runendtwo/results/Tl.PairHandlesProbe.PairHandleBenchmarks-report.csv
  benchmarks/PairHandles/results/r2-packed-runendtwo/results/Tl.PairHandlesProbe.PairHandleBenchmarks-report-github.md
  benchmarks/PairHandles/results/r2-packed-runendtwo/results/Tl.PairHandlesProbe.PairHandleBenchmarks-report.html
  benchmarks/PairHandles/results/r2-packed-runendtwo/results/Tl.PairHandlesProbe.PairHandleBenchmarks-report-full.json

// * Detailed results *
PairHandleBenchmarks.Advance: Job-TZECNT(IterationCount=16, IterationTime=200ms, WarmupCount=8) [Shape=LaneUniform]
Runtime = .NET 10.0.12 (10.0.12, 10.0.1226.42308), X64 RyuJIT x86-64-v3; GC = Concurrent Workstation
Mean = 19.874 μs, StdErr = 0.338 μs (1.70%), N = 16, StdDev = 1.354 μs
Min = 18.236 μs, Q1 = 18.968 μs, Median = 19.330 μs, Q3 = 21.479 μs, Max = 21.944 μs
IQR = 2.511 μs, LowerFence = 15.202 μs, UpperFence = 25.245 μs
ConfidenceInterval = [18.496 μs; 21.253 μs] (CI 99.9%), Margin = 1.379 μs (6.94% of Mean)
Skewness = 0.42, Kurtosis = 1.44, MValue = 2.8
-------------------- Histogram --------------------
[18.212 μs ; 19.623 μs) | @@@@@@@@@@
[19.623 μs ; 20.990 μs) | @
[20.990 μs ; 22.649 μs) | @@@@@
---------------------------------------------------

PairHandleBenchmarks.Advance: InProcess(Toolchain=InProcessEmitToolchain) [Shape=LaneUniform]
Runtime = ; GC = 
Mean = 18.353 μs, StdErr = 0.055 μs (0.30%), N = 12, StdDev = 0.192 μs
Min = 18.232 μs, Q1 = 18.275 μs, Median = 18.284 μs, Q3 = 18.297 μs, Max = 18.891 μs
IQR = 0.021 μs, LowerFence = 18.243 μs, UpperFence = 18.329 μs
ConfidenceInterval = [18.107 μs; 18.599 μs] (CI 99.9%), Margin = 0.246 μs (1.34% of Mean)
Skewness = 1.9, Kurtosis = 5.34, MValue = 2
-------------------- Histogram --------------------
[18.122 μs ; 19.001 μs) | @@@@@@@@@@@@
---------------------------------------------------

PairHandleBenchmarks.Advance: Job-TZECNT(IterationCount=16, IterationTime=200ms, WarmupCount=8) [Shape=PairOne]
Runtime = .NET 10.0.12 (10.0.12, 10.0.1226.42308), X64 RyuJIT x86-64-v3; GC = Concurrent Workstation
Mean = 18.353 μs, StdErr = 0.019 μs (0.10%), N = 14, StdDev = 0.070 μs
Min = 18.275 μs, Q1 = 18.293 μs, Median = 18.343 μs, Q3 = 18.385 μs, Max = 18.475 μs
IQR = 0.092 μs, LowerFence = 18.155 μs, UpperFence = 18.522 μs
ConfidenceInterval = [18.274 μs; 18.431 μs] (CI 99.9%), Margin = 0.079 μs (0.43% of Mean)
Skewness = 0.55, Kurtosis = 1.81, MValue = 2
-------------------- Histogram --------------------
[18.238 μs ; 18.513 μs) | @@@@@@@@@@@@@@
---------------------------------------------------

PairHandleBenchmarks.Advance: InProcess(Toolchain=InProcessEmitToolchain) [Shape=PairOne]
Runtime = ; GC = 
Mean = 18.077 μs, StdErr = 0.007 μs (0.04%), N = 15, StdDev = 0.027 μs
Min = 18.040 μs, Q1 = 18.057 μs, Median = 18.072 μs, Q3 = 18.093 μs, Max = 18.128 μs
IQR = 0.036 μs, LowerFence = 18.004 μs, UpperFence = 18.146 μs
ConfidenceInterval = [18.048 μs; 18.106 μs] (CI 99.9%), Margin = 0.029 μs (0.16% of Mean)
Skewness = 0.51, Kurtosis = 1.88, MValue = 2
-------------------- Histogram --------------------
[18.025 μs ; 18.143 μs) | @@@@@@@@@@@@@@@
---------------------------------------------------

PairHandleBenchmarks.Advance: Job-TZECNT(IterationCount=16, IterationTime=200ms, WarmupCount=8) [Shape=PairRuns8]
Runtime = .NET 10.0.12 (10.0.12, 10.0.1226.42308), X64 RyuJIT x86-64-v3; GC = Concurrent Workstation
Mean = 31.641 μs, StdErr = 0.021 μs (0.07%), N = 15, StdDev = 0.080 μs
Min = 31.443 μs, Q1 = 31.607 μs, Median = 31.638 μs, Q3 = 31.692 μs, Max = 31.759 μs
IQR = 0.085 μs, LowerFence = 31.479 μs, UpperFence = 31.820 μs
ConfidenceInterval = [31.555 μs; 31.727 μs] (CI 99.9%), Margin = 0.086 μs (0.27% of Mean)
Skewness = -0.61, Kurtosis = 3.23, MValue = 2
-------------------- Histogram --------------------
[31.400 μs ; 31.802 μs) | @@@@@@@@@@@@@@@
---------------------------------------------------

PairHandleBenchmarks.Advance: InProcess(Toolchain=InProcessEmitToolchain) [Shape=PairRuns8]
Runtime = ; GC = 
Mean = 31.253 μs, StdErr = 0.111 μs (0.35%), N = 13, StdDev = 0.399 μs
Min = 31.032 μs, Q1 = 31.062 μs, Median = 31.080 μs, Q3 = 31.143 μs, Max = 32.339 μs
IQR = 0.082 μs, LowerFence = 30.939 μs, UpperFence = 31.266 μs
ConfidenceInterval = [30.775 μs; 31.731 μs] (CI 99.9%), Margin = 0.478 μs (1.53% of Mean)
Skewness = 1.78, Kurtosis = 4.74, MValue = 2
-------------------- Histogram --------------------
[30.855 μs ; 31.571 μs) | @@@@@@@@@@@
[31.571 μs ; 32.562 μs) | @@
---------------------------------------------------

PairHandleBenchmarks.Advance: Job-TZECNT(IterationCount=16, IterationTime=200ms, WarmupCount=8) [Shape=PairAlternating8]
Runtime = .NET 10.0.12 (10.0.12, 10.0.1226.42308), X64 RyuJIT x86-64-v3; GC = Concurrent Workstation
Mean = 81.481 μs, StdErr = 0.545 μs (0.67%), N = 15, StdDev = 2.111 μs
Min = 74.506 μs, Q1 = 81.268 μs, Median = 81.670 μs, Q3 = 82.031 μs, Max = 83.804 μs
IQR = 0.764 μs, LowerFence = 80.122 μs, UpperFence = 83.177 μs
ConfidenceInterval = [79.224 μs; 83.737 μs] (CI 99.9%), Margin = 2.257 μs (2.77% of Mean)
Skewness = -2.22, Kurtosis = 8.14, MValue = 2
-------------------- Histogram --------------------
[73.383 μs ; 75.630 μs) | @
[75.630 μs ; 77.876 μs) | 
[77.876 μs ; 80.123 μs) | 
[80.123 μs ; 84.927 μs) | @@@@@@@@@@@@@@
---------------------------------------------------

PairHandleBenchmarks.Advance: InProcess(Toolchain=InProcessEmitToolchain) [Shape=PairAlternating8]
Runtime = ; GC = 
Mean = 77.463 μs, StdErr = 0.143 μs (0.18%), N = 14, StdDev = 0.533 μs
Min = 75.803 μs, Q1 = 77.467 μs, Median = 77.547 μs, Q3 = 77.630 μs, Max = 78.003 μs
IQR = 0.162 μs, LowerFence = 77.224 μs, UpperFence = 77.873 μs
ConfidenceInterval = [76.861 μs; 78.065 μs] (CI 99.9%), Margin = 0.602 μs (0.78% of Mean)
Skewness = -2.04, Kurtosis = 6.87, MValue = 2
-------------------- Histogram --------------------
[75.512 μs ; 78.294 μs) | @@@@@@@@@@@@@@
---------------------------------------------------

PairHandleBenchmarks.Advance: Job-TZECNT(IterationCount=16, IterationTime=200ms, WarmupCount=8) [Shape=PairRuns8Waves]
Runtime = .NET 10.0.12 (10.0.12, 10.0.1226.42308), X64 RyuJIT x86-64-v3; GC = Concurrent Workstation
Mean = 191.253 μs, StdErr = 0.661 μs (0.35%), N = 15, StdDev = 2.561 μs
Min = 186.833 μs, Q1 = 189.573 μs, Median = 191.847 μs, Q3 = 193.020 μs, Max = 194.590 μs
IQR = 3.448 μs, LowerFence = 184.401 μs, UpperFence = 198.192 μs
ConfidenceInterval = [188.516 μs; 193.990 μs] (CI 99.9%), Margin = 2.737 μs (1.43% of Mean)
Skewness = -0.36, Kurtosis = 1.68, MValue = 2
-------------------- Histogram --------------------
[185.814 μs ; 189.904 μs) | @@@@
[189.904 μs ; 195.952 μs) | @@@@@@@@@@@
---------------------------------------------------

PairHandleBenchmarks.Advance: InProcess(Toolchain=InProcessEmitToolchain) [Shape=PairRuns8Waves]
Runtime = ; GC = 
Mean = 194.764 μs, StdErr = 0.913 μs (0.47%), N = 15, StdDev = 3.535 μs
Min = 188.550 μs, Q1 = 192.230 μs, Median = 194.422 μs, Q3 = 196.488 μs, Max = 200.518 μs
IQR = 4.258 μs, LowerFence = 185.844 μs, UpperFence = 202.875 μs
ConfidenceInterval = [190.984 μs; 198.543 μs] (CI 99.9%), Margin = 3.780 μs (1.94% of Mean)
Skewness = 0.24, Kurtosis = 2, MValue = 2
-------------------- Histogram --------------------
[186.669 μs ; 190.943 μs) | @
[190.943 μs ; 200.749 μs) | @@@@@@@@@@@@@@
---------------------------------------------------

PairHandleBenchmarks.Advance: Job-TZECNT(IterationCount=16, IterationTime=200ms, WarmupCount=8) [Shape=PairBlocks8Waves]
Runtime = .NET 10.0.12 (10.0.12, 10.0.1226.42308), X64 RyuJIT x86-64-v3; GC = Concurrent Workstation
Mean = 612.496 μs, StdErr = 3.584 μs (0.59%), N = 16, StdDev = 14.334 μs
Min = 596.147 μs, Q1 = 600.251 μs, Median = 605.164 μs, Q3 = 625.443 μs, Max = 636.194 μs
IQR = 25.192 μs, LowerFence = 562.463 μs, UpperFence = 663.232 μs
ConfidenceInterval = [597.901 μs; 627.091 μs] (CI 99.9%), Margin = 14.595 μs (2.38% of Mean)
Skewness = 0.35, Kurtosis = 1.34, MValue = 3.11
-------------------- Histogram --------------------
[593.511 μs ; 608.443 μs) | @@@@@@@@@
[608.443 μs ; 622.470 μs) | @
[622.470 μs ; 637.402 μs) | @@@@@@
---------------------------------------------------

PairHandleBenchmarks.Advance: InProcess(Toolchain=InProcessEmitToolchain) [Shape=PairBlocks8Waves]
Runtime = ; GC = 
Mean = 612.217 μs, StdErr = 0.615 μs (0.10%), N = 15, StdDev = 2.380 μs
Min = 608.737 μs, Q1 = 610.823 μs, Median = 610.970 μs, Q3 = 613.797 μs, Max = 617.464 μs
IQR = 2.974 μs, LowerFence = 606.362 μs, UpperFence = 618.258 μs
ConfidenceInterval = [609.672 μs; 614.762 μs] (CI 99.9%), Margin = 2.545 μs (0.42% of Mean)
Skewness = 0.71, Kurtosis = 2.4, MValue = 2
-------------------- Histogram --------------------
[607.470 μs ; 618.731 μs) | @@@@@@@@@@@@@@@
---------------------------------------------------

PairHandleBenchmarks.Advance: Job-TZECNT(IterationCount=16, IterationTime=200ms, WarmupCount=8) [Shape=PairA(...)Waves [21]]
Runtime = .NET 10.0.12 (10.0.12, 10.0.1226.42308), X64 RyuJIT x86-64-v3; GC = Concurrent Workstation
Mean = 65.861 μs, StdErr = 0.225 μs (0.34%), N = 16, StdDev = 0.899 μs
Min = 63.680 μs, Q1 = 65.699 μs, Median = 66.199 μs, Q3 = 66.460 μs, Max = 66.660 μs
IQR = 0.762 μs, LowerFence = 64.556 μs, UpperFence = 67.603 μs
ConfidenceInterval = [64.946 μs; 66.777 μs] (CI 99.9%), Margin = 0.915 μs (1.39% of Mean)
Skewness = -1.24, Kurtosis = 3.12, MValue = 2
-------------------- Histogram --------------------
[63.439 μs ; 66.812 μs) | @@@@@@@@@@@@@@@@
---------------------------------------------------

PairHandleBenchmarks.Advance: InProcess(Toolchain=InProcessEmitToolchain) [Shape=PairA(...)Waves [21]]
Runtime = ; GC = 
Mean = 62.129 μs, StdErr = 0.254 μs (0.41%), N = 15, StdDev = 0.983 μs
Min = 60.866 μs, Q1 = 61.437 μs, Median = 61.839 μs, Q3 = 62.693 μs, Max = 64.067 μs
IQR = 1.255 μs, LowerFence = 59.554 μs, UpperFence = 64.576 μs
ConfidenceInterval = [61.078 μs; 63.180 μs] (CI 99.9%), Margin = 1.051 μs (1.69% of Mean)
Skewness = 0.64, Kurtosis = 2.06, MValue = 2
-------------------- Histogram --------------------
[60.343 μs ; 62.169 μs) | @@@@@@@@@
[62.169 μs ; 64.302 μs) | @@@@@@
---------------------------------------------------

// * Summary *

BenchmarkDotNet v0.15.8, Linux Omarchy
Intel Core i9-14900K 0.80GHz, 1 CPU, 32 logical and 24 physical cores
.NET SDK 10.0.401
  [Host]     : .NET 10.0.12 (10.0.12, 10.0.1226.42308), X64 RyuJIT x86-64-v3
  Job-TZECNT : .NET 10.0.12 (10.0.12, 10.0.1226.42308), X64 RyuJIT x86-64-v3


| Method  | Job        | Toolchain              | IterationCount | IterationTime | WarmupCount | Shape                | Mean      | Error     | StdDev    | Median    | Allocated |
|-------- |----------- |----------------------- |--------------- |-------------- |------------ |--------------------- |----------:|----------:|----------:|----------:|----------:|
| Advance | Job-TZECNT | Default                | 16             | 200ms         | 8           | LaneUniform          |  19.87 μs |  1.379 μs |  1.354 μs |  19.33 μs |         - |
| Advance | InProcess  | InProcessEmitToolchain | Default        | Default       | Default     | LaneUniform          |  18.35 μs |  0.246 μs |  0.192 μs |  18.28 μs |         - |
| Advance | Job-TZECNT | Default                | 16             | 200ms         | 8           | PairOne              |  18.35 μs |  0.079 μs |  0.070 μs |  18.34 μs |         - |
| Advance | InProcess  | InProcessEmitToolchain | Default        | Default       | Default     | PairOne              |  18.08 μs |  0.029 μs |  0.027 μs |  18.07 μs |         - |
| Advance | Job-TZECNT | Default                | 16             | 200ms         | 8           | PairRuns8            |  31.64 μs |  0.086 μs |  0.080 μs |  31.64 μs |         - |
| Advance | InProcess  | InProcessEmitToolchain | Default        | Default       | Default     | PairRuns8            |  31.25 μs |  0.478 μs |  0.399 μs |  31.08 μs |         - |
| Advance | Job-TZECNT | Default                | 16             | 200ms         | 8           | PairAlternating8     |  81.48 μs |  2.257 μs |  2.111 μs |  81.67 μs |         - |
| Advance | InProcess  | InProcessEmitToolchain | Default        | Default       | Default     | PairAlternating8     |  77.46 μs |  0.602 μs |  0.533 μs |  77.55 μs |       1 B |
| Advance | Job-TZECNT | Default                | 16             | 200ms         | 8           | PairRuns8Waves       | 191.25 μs |  2.737 μs |  2.561 μs | 191.85 μs |         - |
| Advance | InProcess  | InProcessEmitToolchain | Default        | Default       | Default     | PairRuns8Waves       | 194.76 μs |  3.780 μs |  3.535 μs | 194.42 μs |         - |
| Advance | Job-TZECNT | Default                | 16             | 200ms         | 8           | PairBlocks8Waves     | 612.50 μs | 14.595 μs | 14.334 μs | 605.16 μs |         - |
| Advance | InProcess  | InProcessEmitToolchain | Default        | Default       | Default     | PairBlocks8Waves     | 612.22 μs |  2.545 μs |  2.380 μs | 610.97 μs |       5 B |
| Advance | Job-TZECNT | Default                | 16             | 200ms         | 8           | PairA(...)Waves [21] |  65.86 μs |  0.915 μs |  0.899 μs |  66.20 μs |         - |
| Advance | InProcess  | InProcessEmitToolchain | Default        | Default       | Default     | PairA(...)Waves [21] |  62.13 μs |  1.051 μs |  0.983 μs |  61.84 μs |         - |

// * Warnings *
MultimodalDistribution
  PairHandleBenchmarks.Advance: IterationCount=16, IterationTime=200ms, WarmupCount=8 -> It seems that the distribution can have several modes (mValue = 3.11)

// * Hints *
Outliers
  PairHandleBenchmarks.Advance: InProcess                                             -> 3 outliers were removed (21.21 μs..21.27 μs)
  PairHandleBenchmarks.Advance: IterationCount=16, IterationTime=200ms, WarmupCount=8 -> 2 outliers were removed (19.38 μs, 21.59 μs)
  PairHandleBenchmarks.Advance: IterationCount=16, IterationTime=200ms, WarmupCount=8 -> 1 outlier  was  removed, 2 outliers were detected (31.44 μs, 32.24 μs)
  PairHandleBenchmarks.Advance: InProcess                                             -> 2 outliers were removed (32.43 μs, 33.84 μs)
  PairHandleBenchmarks.Advance: IterationCount=16, IterationTime=200ms, WarmupCount=8 -> 1 outlier  was  removed, 2 outliers were detected (74.51 μs, 84.46 μs)
  PairHandleBenchmarks.Advance: InProcess                                             -> 1 outlier  was  removed, 3 outliers were detected (75.80 μs, 77.03 μs, 79.50 μs)
  PairHandleBenchmarks.Advance: IterationCount=16, IterationTime=200ms, WarmupCount=8 -> 1 outlier  was  removed (201.78 μs)
  PairHandleBenchmarks.Advance: IterationCount=16, IterationTime=200ms, WarmupCount=8 -> 3 outliers were detected (63.68 μs..64.48 μs)

// * Legends *
  Shape     : Value of the 'Shape' parameter
  Mean      : Arithmetic mean of all measurements
  Error     : Half of 99.9% confidence interval
  StdDev    : Standard deviation of all measurements
  Median    : Value separating the higher half of all measurements (50th percentile)
  Allocated : Allocated memory per single operation (managed only, inclusive, 1KB = 1024B)
  1 μs      : 1 Microsecond (0.000001 sec)

// * Diagnostic Output - MemoryDiagnoser *


// ***** BenchmarkRunner: End *****
Run time: 00:02:53 (173.02 sec), executed benchmarks: 14

Global total time: 00:02:56 (176.75 sec), executed benchmarks: 14
// * Artifacts cleanup *
Artifacts cleanup is finished
