PAIR-HANDLES PARITY PASS: 8192 rows x 240 steps over 8 variant timelines, forward and backward, bit-exact
host: Unix 7.2.5.3, .NET 10.0.12, procs 32
benchmark artifacts: /tmp/ab352/ph-cand-3
// Validating benchmarks:
// ***** BenchmarkRunner: Start   *****
// ***** Found 14 benchmark(s) in total *****
// ***** Building 2 exe(s) in Parallel: Start   *****
// ***** Done, took 00:00:03 (3.48 sec)   *****
// Found 14 benchmarks:
//   PairHandleBenchmarks.Advance: Job-TZECNT(IterationCount=16, IterationTime=200ms, WarmupCount=8) [Shape=LaneUniform]
//   PairHandleBenchmarks.Advance: InProcess(Toolchain=InProcessEmitToolchain) [Shape=LaneUniform]
//   PairHandleBenchmarks.Advance: Job-TZECNT(IterationCount=16, IterationTime=200ms, WarmupCount=8) [Shape=PairOne]
//   PairHandleBenchmarks.Advance: InProcess(Toolchain=InProcessEmitToolchain) [Shape=PairOne]
//   PairHandleBenchmarks.Advance: Job-TZECNT(IterationCount=16, IterationTime=200ms, WarmupCount=8) [Shape=PairRuns8]
//   PairHandleBenchmarks.Advance: InProcess(Toolchain=InProcessEmitToolchain) [Shape=PairRuns8]
//   PairHandleBenchmarks.Advance: Job-TZECNT(IterationCount=16, IterationTime=200ms, WarmupCount=8) [Shape=PairAlternating8]
//   PairHandleBenchmarks.Advance: InProcess(Toolchain=InProcessEmitToolchain) [Shape=PairAlternating8]
//   PairHandleBenchmarks.Advance: Job-TZECNT(IterationCount=16, IterationTime=200ms, WarmupCount=8) [Shape=PairRuns8Waves]
//   PairHandleBenchmarks.Advance: InProcess(Toolchain=InProcessEmitToolchain) [Shape=PairRuns8Waves]
//   PairHandleBenchmarks.Advance: Job-TZECNT(IterationCount=16, IterationTime=200ms, WarmupCount=8) [Shape=PairBlocks8Waves]
//   PairHandleBenchmarks.Advance: InProcess(Toolchain=InProcessEmitToolchain) [Shape=PairBlocks8Waves]
//   PairHandleBenchmarks.Advance: Job-TZECNT(IterationCount=16, IterationTime=200ms, WarmupCount=8) [Shape=PairA(...)Waves [21]]
//   PairHandleBenchmarks.Advance: InProcess(Toolchain=InProcessEmitToolchain) [Shape=PairA(...)Waves [21]]

// **************************
// Benchmark: PairHandleBenchmarks.Advance: Job-TZECNT(IterationCount=16, IterationTime=200ms, WarmupCount=8) [Shape=LaneUniform]
// *** Execute ***
// Launch: 1 / 1
// Execute: dotnet PairHandles-Job-TZECNT-1.dll --anonymousPipes 138 139 --benchmarkName "PairHandles.PairHandleBenchmarks.Advance(Shape: LaneUniform)" --job "IterationCount=16, IterationTime=200ms, WarmupCount=8" --benchmarkId 0 in /home/i/GitHub/tl-w352/benchmarks/PairHandles/bin/Release/net10.0/PairHandles-Job-TZECNT-1/bin/Release/net10.0
// Failed to set up high priority (Permission denied). In order to run benchmarks with high priority, make sure you have the right permissions.
// BeforeAnythingElse

// Benchmark Process Environment Information:
// BenchmarkDotNet v0.15.8
// Runtime=.NET 10.0.12 (10.0.12, 10.0.1226.42308), X64 RyuJIT x86-64-v3
// GC=Concurrent Workstation
// HardwareIntrinsics=AVX2+BMI1+BMI2+F16C+FMA+LZCNT+MOVBE,AVX,SSE3+SSSE3+SSE4.1+SSE4.2+POPCNT,X86Base+SSE+SSE2,AES+PCLMUL,AvxVnni,SERIALIZE VectorSize=256
// Job: Job-TZECNT(IterationCount=16, IterationTime=200ms, WarmupCount=8)

OverheadJitting  1: 1 op, 80003.00 ns, 80.0030 us/op
WorkloadJitting  1: 1 op, 10521433.00 ns, 10.5214 ms/op

OverheadJitting  2: 16 op, 101389.00 ns, 6.3368 us/op
WorkloadJitting  2: 16 op, 641476.00 ns, 40.0923 us/op

WorkloadPilot    1: 16 op, 521163.00 ns, 32.5727 us/op
WorkloadPilot    2: 6144 op, 206089694.00 ns, 33.5432 us/op
WorkloadPilot    3: 5968 op, 197983898.00 ns, 33.1742 us/op
WorkloadPilot    4: 6032 op, 190176253.00 ns, 31.5279 us/op
WorkloadPilot    5: 6352 op, 220408062.00 ns, 34.6990 us/op
WorkloadPilot    6: 5776 op, 182812026.00 ns, 31.6503 us/op
WorkloadPilot    7: 6320 op, 198377539.00 ns, 31.3889 us/op
WorkloadPilot    8: 6384 op, 201024724.00 ns, 31.4888 us/op

OverheadWarmup   1: 6384 op, 12169.00 ns, 1.9062 ns/op
OverheadWarmup   2: 6384 op, 11292.00 ns, 1.7688 ns/op
OverheadWarmup   3: 6384 op, 11285.00 ns, 1.7677 ns/op
OverheadWarmup   4: 6384 op, 11313.00 ns, 1.7721 ns/op
OverheadWarmup   5: 6384 op, 11267.00 ns, 1.7649 ns/op
OverheadWarmup   6: 6384 op, 11276.00 ns, 1.7663 ns/op
OverheadWarmup   7: 6384 op, 11255.00 ns, 1.7630 ns/op

OverheadActual   1: 6384 op, 10744.00 ns, 1.6830 ns/op
OverheadActual   2: 6384 op, 10774.00 ns, 1.6877 ns/op
OverheadActual   3: 6384 op, 10734.00 ns, 1.6814 ns/op
OverheadActual   4: 6384 op, 10826.00 ns, 1.6958 ns/op
OverheadActual   5: 6384 op, 10665.00 ns, 1.6706 ns/op
OverheadActual   6: 6384 op, 10509.00 ns, 1.6461 ns/op
OverheadActual   7: 6384 op, 10504.00 ns, 1.6454 ns/op
OverheadActual   8: 6384 op, 10510.00 ns, 1.6463 ns/op
OverheadActual   9: 6384 op, 10523.00 ns, 1.6483 ns/op
OverheadActual  10: 6384 op, 10528.00 ns, 1.6491 ns/op
OverheadActual  11: 6384 op, 10573.00 ns, 1.6562 ns/op
OverheadActual  12: 6384 op, 10498.00 ns, 1.6444 ns/op
OverheadActual  13: 6384 op, 10501.00 ns, 1.6449 ns/op
OverheadActual  14: 6384 op, 10714.00 ns, 1.6783 ns/op
OverheadActual  15: 6384 op, 10508.00 ns, 1.6460 ns/op

WorkloadWarmup   1: 6384 op, 200503548.00 ns, 31.4072 us/op
WorkloadWarmup   2: 6384 op, 199937549.00 ns, 31.3185 us/op
WorkloadWarmup   3: 6384 op, 200603596.00 ns, 31.4229 us/op
WorkloadWarmup   4: 6384 op, 200748555.00 ns, 31.4456 us/op
WorkloadWarmup   5: 6384 op, 208744685.00 ns, 32.6981 us/op
WorkloadWarmup   6: 6384 op, 221636083.00 ns, 34.7174 us/op
WorkloadWarmup   7: 6384 op, 223138730.00 ns, 34.9528 us/op
WorkloadWarmup   8: 6384 op, 200890842.00 ns, 31.4679 us/op

// BeforeActualRun
WorkloadActual   1: 6384 op, 201604924.00 ns, 31.5797 us/op
WorkloadActual   2: 6384 op, 202739107.00 ns, 31.7574 us/op
WorkloadActual   3: 6384 op, 201171882.00 ns, 31.5119 us/op
WorkloadActual   4: 6384 op, 200298160.00 ns, 31.3750 us/op
WorkloadActual   5: 6384 op, 200846718.00 ns, 31.4610 us/op
WorkloadActual   6: 6384 op, 200789358.00 ns, 31.4520 us/op
WorkloadActual   7: 6384 op, 201285964.00 ns, 31.5298 us/op
WorkloadActual   8: 6384 op, 200095157.00 ns, 31.3432 us/op
WorkloadActual   9: 6384 op, 200114109.00 ns, 31.3462 us/op
WorkloadActual  10: 6384 op, 200240917.00 ns, 31.3661 us/op
WorkloadActual  11: 6384 op, 200230602.00 ns, 31.3644 us/op
WorkloadActual  12: 6384 op, 200836521.00 ns, 31.4594 us/op
WorkloadActual  13: 6384 op, 200340766.00 ns, 31.3817 us/op
WorkloadActual  14: 6384 op, 200020123.00 ns, 31.3315 us/op
WorkloadActual  15: 6384 op, 200668383.00 ns, 31.4330 us/op
WorkloadActual  16: 6384 op, 201280526.00 ns, 31.5289 us/op

// AfterActualRun
WorkloadResult   1: 6384 op, 201594396.00 ns, 31.5781 us/op
WorkloadResult   2: 6384 op, 201161354.00 ns, 31.5102 us/op
WorkloadResult   3: 6384 op, 200287632.00 ns, 31.3734 us/op
WorkloadResult   4: 6384 op, 200836190.00 ns, 31.4593 us/op
WorkloadResult   5: 6384 op, 200778830.00 ns, 31.4503 us/op
WorkloadResult   6: 6384 op, 201275436.00 ns, 31.5281 us/op
WorkloadResult   7: 6384 op, 200084629.00 ns, 31.3416 us/op
WorkloadResult   8: 6384 op, 200103581.00 ns, 31.3445 us/op
WorkloadResult   9: 6384 op, 200230389.00 ns, 31.3644 us/op
WorkloadResult  10: 6384 op, 200220074.00 ns, 31.3628 us/op
WorkloadResult  11: 6384 op, 200825993.00 ns, 31.4577 us/op
WorkloadResult  12: 6384 op, 200330238.00 ns, 31.3800 us/op
WorkloadResult  13: 6384 op, 200009595.00 ns, 31.3298 us/op
WorkloadResult  14: 6384 op, 200657855.00 ns, 31.4314 us/op
WorkloadResult  15: 6384 op, 201269998.00 ns, 31.5273 us/op
// GC:  0 0 0 0 6384
// Threading:  0 0 6384

// AfterAll
// Benchmark Process 155448 has exited with code 0.

Mean = 31.429 us, StdErr = 0.021 us (0.07%), N = 15, StdDev = 0.080 us
Min = 31.330 us, Q1 = 31.364 us, Median = 31.431 us, Q3 = 31.485 us, Max = 31.578 us
IQR = 0.121 us, LowerFence = 31.182 us, UpperFence = 31.667 us
ConfidenceInterval = [31.344 us; 31.515 us] (CI 99.9%), Margin = 0.085 us (0.27% of Mean)
Skewness = 0.35, Kurtosis = 1.62, MValue = 2

// ** Remained 13 (92.9 %) benchmark(s) to run. Estimated finish 2026-09-22 5:06 (0h 1m from now) **
// **************************
// Benchmark: PairHandleBenchmarks.Advance: InProcess(Toolchain=InProcessEmitToolchain) [Shape=LaneUniform]
// *** Execute ***
// Launch: 1 / 1
// ! Failed to set up priority High for process System.Diagnostics.Process (PairHandles). Make sure you have the right permissions. Message: Permission denied

// Benchmark Process Environment Information:
// BenchmarkDotNet v0.15.8
// Runtime=.NET 10.0.12 (10.0.12, 10.0.1226.42308), X64 RyuJIT x86-64-v3
// GC=Concurrent Workstation
// HardwareIntrinsics=AVX2+BMI1+BMI2+F16C+FMA+LZCNT+MOVBE,AVX,SSE3+SSSE3+SSE4.1+SSE4.2+POPCNT,X86Base+SSE+SSE2,AES+PCLMUL,AvxVnni,SERIALIZE VectorSize=256
// Job: Job-JWQWGO(Toolchain=InProcessEmitToolchain)

OverheadJitting  1: 1 op, 81100.00 ns, 81.1000 us/op
WorkloadJitting  1: 1 op, 2035780.00 ns, 2.0358 ms/op

OverheadJitting  2: 16 op, 115422.00 ns, 7.2139 us/op
WorkloadJitting  2: 16 op, 760916.00 ns, 47.5573 us/op

WorkloadPilot    1: 16 op, 626581.00 ns, 39.1613 us/op
WorkloadPilot    2: 32 op, 1040259.00 ns, 32.5081 us/op
WorkloadPilot    3: 64 op, 2101861.00 ns, 32.8416 us/op
WorkloadPilot    4: 128 op, 4671838.00 ns, 36.4987 us/op
WorkloadPilot    5: 256 op, 8683510.00 ns, 33.9200 us/op
WorkloadPilot    6: 512 op, 17392506.00 ns, 33.9697 us/op
WorkloadPilot    7: 1024 op, 34150503.00 ns, 33.3501 us/op
WorkloadPilot    8: 2048 op, 67210427.00 ns, 32.8176 us/op
WorkloadPilot    9: 4096 op, 137162491.00 ns, 33.4869 us/op
WorkloadPilot   10: 8192 op, 268883361.00 ns, 32.8227 us/op
WorkloadPilot   11: 16384 op, 536547849.00 ns, 32.7483 us/op

OverheadWarmup   1: 16384 op, 23678.00 ns, 1.4452 ns/op
OverheadWarmup   2: 16384 op, 20101.00 ns, 1.2269 ns/op
OverheadWarmup   3: 16384 op, 20082.00 ns, 1.2257 ns/op
OverheadWarmup   4: 16384 op, 20409.00 ns, 1.2457 ns/op
OverheadWarmup   5: 16384 op, 20410.00 ns, 1.2457 ns/op
OverheadWarmup   6: 16384 op, 20448.00 ns, 1.2480 ns/op
OverheadWarmup   7: 16384 op, 20406.00 ns, 1.2455 ns/op
OverheadWarmup   8: 16384 op, 20415.00 ns, 1.2460 ns/op
OverheadWarmup   9: 16384 op, 20383.00 ns, 1.2441 ns/op

OverheadActual   1: 16384 op, 21289.00 ns, 1.2994 ns/op
OverheadActual   2: 16384 op, 21334.00 ns, 1.3021 ns/op
OverheadActual   3: 16384 op, 21277.00 ns, 1.2986 ns/op
OverheadActual   4: 16384 op, 21271.00 ns, 1.2983 ns/op
OverheadActual   5: 16384 op, 21245.00 ns, 1.2967 ns/op
OverheadActual   6: 16384 op, 21176.00 ns, 1.2925 ns/op
OverheadActual   7: 16384 op, 21164.00 ns, 1.2917 ns/op
OverheadActual   8: 16384 op, 21151.00 ns, 1.2910 ns/op
OverheadActual   9: 16384 op, 21148.00 ns, 1.2908 ns/op
OverheadActual  10: 16384 op, 21169.00 ns, 1.2921 ns/op
OverheadActual  11: 16384 op, 21189.00 ns, 1.2933 ns/op
OverheadActual  12: 16384 op, 21158.00 ns, 1.2914 ns/op
OverheadActual  13: 16384 op, 21148.00 ns, 1.2908 ns/op
OverheadActual  14: 16384 op, 21154.00 ns, 1.2911 ns/op
OverheadActual  15: 16384 op, 21938.00 ns, 1.3390 ns/op

WorkloadWarmup   1: 16384 op, 543375454.00 ns, 33.1650 us/op
WorkloadWarmup   2: 16384 op, 538414612.00 ns, 32.8622 us/op
WorkloadWarmup   3: 16384 op, 535844699.00 ns, 32.7054 us/op
WorkloadWarmup   4: 16384 op, 535626213.00 ns, 32.6920 us/op
WorkloadWarmup   5: 16384 op, 538518876.00 ns, 32.8686 us/op
WorkloadWarmup   6: 16384 op, 539324259.00 ns, 32.9177 us/op
WorkloadWarmup   7: 16384 op, 540256975.00 ns, 32.9747 us/op
WorkloadWarmup   8: 16384 op, 535353971.00 ns, 32.6754 us/op
WorkloadWarmup   9: 16384 op, 539536856.00 ns, 32.9307 us/op
WorkloadWarmup  10: 16384 op, 535873848.00 ns, 32.7071 us/op

WorkloadActual   1: 16384 op, 537022941.00 ns, 32.7773 us/op
WorkloadActual   2: 16384 op, 534332306.00 ns, 32.6131 us/op
WorkloadActual   3: 16384 op, 537880560.00 ns, 32.8296 us/op
WorkloadActual   4: 16384 op, 536549697.00 ns, 32.7484 us/op
WorkloadActual   5: 16384 op, 539534713.00 ns, 32.9306 us/op
WorkloadActual   6: 16384 op, 537749206.00 ns, 32.8216 us/op
WorkloadActual   7: 16384 op, 537124353.00 ns, 32.7835 us/op
WorkloadActual   8: 16384 op, 538321045.00 ns, 32.8565 us/op
WorkloadActual   9: 16384 op, 536291991.00 ns, 32.7327 us/op
WorkloadActual  10: 16384 op, 536119632.00 ns, 32.7221 us/op
WorkloadActual  11: 16384 op, 536094515.00 ns, 32.7206 us/op
WorkloadActual  12: 16384 op, 535859965.00 ns, 32.7063 us/op
WorkloadActual  13: 16384 op, 536581860.00 ns, 32.7504 us/op
WorkloadActual  14: 16384 op, 539145059.00 ns, 32.9068 us/op
WorkloadActual  15: 16384 op, 542793786.00 ns, 33.1295 us/op

WorkloadResult   1: 16384 op, 537001765.00 ns, 32.7760 us/op
WorkloadResult   2: 16384 op, 534311130.00 ns, 32.6118 us/op
WorkloadResult   3: 16384 op, 537859384.00 ns, 32.8283 us/op
WorkloadResult   4: 16384 op, 536528521.00 ns, 32.7471 us/op
WorkloadResult   5: 16384 op, 539513537.00 ns, 32.9293 us/op
WorkloadResult   6: 16384 op, 537728030.00 ns, 32.8203 us/op
WorkloadResult   7: 16384 op, 537103177.00 ns, 32.7822 us/op
WorkloadResult   8: 16384 op, 538299869.00 ns, 32.8552 us/op
WorkloadResult   9: 16384 op, 536270815.00 ns, 32.7314 us/op
WorkloadResult  10: 16384 op, 536098456.00 ns, 32.7209 us/op
WorkloadResult  11: 16384 op, 536073339.00 ns, 32.7193 us/op
WorkloadResult  12: 16384 op, 535838789.00 ns, 32.7050 us/op
WorkloadResult  13: 16384 op, 536560684.00 ns, 32.7491 us/op
WorkloadResult  14: 16384 op, 539123883.00 ns, 32.9055 us/op
// GC:  0 0 0 0 16384
// Threading:  0 0 16384


Mean = 32.777 us, StdErr = 0.023 us (0.07%), N = 14, StdDev = 0.085 us
Min = 32.612 us, Q1 = 32.723 us, Median = 32.763 us, Q3 = 32.826 us, Max = 32.929 us
IQR = 0.103 us, LowerFence = 32.569 us, UpperFence = 32.981 us
ConfidenceInterval = [32.682 us; 32.873 us] (CI 99.9%), Margin = 0.095 us (0.29% of Mean)
Skewness = 0.1, Kurtosis = 2.31, MValue = 2

// ** Remained 12 (85.7 %) benchmark(s) to run. Estimated finish 2026-09-22 5:07 (0h 2m from now) **
// **************************
// Benchmark: PairHandleBenchmarks.Advance: Job-TZECNT(IterationCount=16, IterationTime=200ms, WarmupCount=8) [Shape=PairOne]
// *** Execute ***
// Launch: 1 / 1
// Execute: dotnet PairHandles-Job-TZECNT-1.dll --anonymousPipes 118 119 --benchmarkName "PairHandles.PairHandleBenchmarks.Advance(Shape: PairOne)" --job "IterationCount=16, IterationTime=200ms, WarmupCount=8" --benchmarkId 1 in /home/i/GitHub/tl-w352/benchmarks/PairHandles/bin/Release/net10.0/PairHandles-Job-TZECNT-1/bin/Release/net10.0
// Failed to set up high priority (Permission denied). In order to run benchmarks with high priority, make sure you have the right permissions.
// BeforeAnythingElse

// Benchmark Process Environment Information:
// BenchmarkDotNet v0.15.8
// Runtime=.NET 10.0.12 (10.0.12, 10.0.1226.42308), X64 RyuJIT x86-64-v3
// GC=Concurrent Workstation
// HardwareIntrinsics=AVX2+BMI1+BMI2+F16C+FMA+LZCNT+MOVBE,AVX,SSE3+SSSE3+SSE4.1+SSE4.2+POPCNT,X86Base+SSE+SSE2,AES+PCLMUL,AvxVnni,SERIALIZE VectorSize=256
// Job: Job-TZECNT(IterationCount=16, IterationTime=200ms, WarmupCount=8)

OverheadJitting  1: 1 op, 79672.00 ns, 79.6720 us/op
WorkloadJitting  1: 1 op, 10905430.00 ns, 10.9054 ms/op

OverheadJitting  2: 16 op, 115434.00 ns, 7.2146 us/op
WorkloadJitting  2: 16 op, 650069.00 ns, 40.6293 us/op

WorkloadPilot    1: 16 op, 598551.00 ns, 37.4094 us/op
WorkloadPilot    2: 5360 op, 183030622.00 ns, 34.1475 us/op
WorkloadPilot    3: 5872 op, 184455009.00 ns, 31.4126 us/op
WorkloadPilot    4: 6368 op, 198493931.00 ns, 31.1705 us/op
WorkloadPilot    5: 6416 op, 199599653.00 ns, 31.1097 us/op
WorkloadPilot    6: 6432 op, 199789283.00 ns, 31.0618 us/op
WorkloadPilot    7: 6448 op, 218707458.00 ns, 33.9187 us/op
WorkloadPilot    8: 5904 op, 184060056.00 ns, 31.1755 us/op
WorkloadPilot    9: 6416 op, 200466869.00 ns, 31.2448 us/op

OverheadWarmup   1: 6416 op, 12227.00 ns, 1.9057 ns/op
OverheadWarmup   2: 6416 op, 12044.00 ns, 1.8772 ns/op
OverheadWarmup   3: 6416 op, 10710.00 ns, 1.6693 ns/op
OverheadWarmup   4: 6416 op, 10590.00 ns, 1.6506 ns/op
OverheadWarmup   5: 6416 op, 10701.00 ns, 1.6679 ns/op
OverheadWarmup   6: 6416 op, 10512.00 ns, 1.6384 ns/op
OverheadWarmup   7: 6416 op, 10561.00 ns, 1.6460 ns/op
OverheadWarmup   8: 6416 op, 10568.00 ns, 1.6471 ns/op
OverheadWarmup   9: 6416 op, 10576.00 ns, 1.6484 ns/op
OverheadWarmup  10: 6416 op, 10577.00 ns, 1.6485 ns/op

OverheadActual   1: 6416 op, 10940.00 ns, 1.7051 ns/op
OverheadActual   2: 6416 op, 10869.00 ns, 1.6940 ns/op
OverheadActual   3: 6416 op, 10850.00 ns, 1.6911 ns/op
OverheadActual   4: 6416 op, 10612.00 ns, 1.6540 ns/op
OverheadActual   5: 6416 op, 10785.00 ns, 1.6810 ns/op
OverheadActual   6: 6416 op, 10594.00 ns, 1.6512 ns/op
OverheadActual   7: 6416 op, 10564.00 ns, 1.6465 ns/op
OverheadActual   8: 6416 op, 10557.00 ns, 1.6454 ns/op
OverheadActual   9: 6416 op, 10546.00 ns, 1.6437 ns/op
OverheadActual  10: 6416 op, 10537.00 ns, 1.6423 ns/op
OverheadActual  11: 6416 op, 10684.00 ns, 1.6652 ns/op
OverheadActual  12: 6416 op, 10570.00 ns, 1.6474 ns/op
OverheadActual  13: 6416 op, 10583.00 ns, 1.6495 ns/op
OverheadActual  14: 6416 op, 10561.00 ns, 1.6460 ns/op
OverheadActual  15: 6416 op, 10578.00 ns, 1.6487 ns/op

WorkloadWarmup   1: 6416 op, 201217637.00 ns, 31.3619 us/op
WorkloadWarmup   2: 6416 op, 198709745.00 ns, 30.9710 us/op
WorkloadWarmup   3: 6416 op, 199963036.00 ns, 31.1663 us/op
WorkloadWarmup   4: 6416 op, 200037521.00 ns, 31.1779 us/op
WorkloadWarmup   5: 6416 op, 199954368.00 ns, 31.1650 us/op
WorkloadWarmup   6: 6416 op, 200033429.00 ns, 31.1773 us/op
WorkloadWarmup   7: 6416 op, 198368869.00 ns, 30.9178 us/op
WorkloadWarmup   8: 6416 op, 216323247.00 ns, 33.7162 us/op

// BeforeActualRun
WorkloadActual   1: 6416 op, 221783641.00 ns, 34.5673 us/op
WorkloadActual   2: 6416 op, 222854354.00 ns, 34.7342 us/op
WorkloadActual   3: 6416 op, 206447536.00 ns, 32.1770 us/op
WorkloadActual   4: 6416 op, 221893343.00 ns, 34.5844 us/op
WorkloadActual   5: 6416 op, 222405080.00 ns, 34.6641 us/op
WorkloadActual   6: 6416 op, 199954067.00 ns, 31.1649 us/op
WorkloadActual   7: 6416 op, 202186670.00 ns, 31.5129 us/op
WorkloadActual   8: 6416 op, 221216000.00 ns, 34.4788 us/op
WorkloadActual   9: 6416 op, 221695105.00 ns, 34.5535 us/op
WorkloadActual  10: 6416 op, 222545691.00 ns, 34.6860 us/op
WorkloadActual  11: 6416 op, 210093386.00 ns, 32.7452 us/op
WorkloadActual  12: 6416 op, 218982362.00 ns, 34.1307 us/op
WorkloadActual  13: 6416 op, 220459471.00 ns, 34.3609 us/op
WorkloadActual  14: 6416 op, 223404072.00 ns, 34.8198 us/op
WorkloadActual  15: 6416 op, 239204215.00 ns, 37.2825 us/op
WorkloadActual  16: 6416 op, 220881291.00 ns, 34.4266 us/op

// AfterActualRun
WorkloadResult   1: 6416 op, 221773058.00 ns, 34.5656 us/op
WorkloadResult   2: 6416 op, 222843771.00 ns, 34.7325 us/op
WorkloadResult   3: 6416 op, 206436953.00 ns, 32.1753 us/op
WorkloadResult   4: 6416 op, 221882760.00 ns, 34.5827 us/op
WorkloadResult   5: 6416 op, 222394497.00 ns, 34.6625 us/op
WorkloadResult   6: 6416 op, 199943484.00 ns, 31.1633 us/op
WorkloadResult   7: 6416 op, 202176087.00 ns, 31.5112 us/op
WorkloadResult   8: 6416 op, 221205417.00 ns, 34.4772 us/op
WorkloadResult   9: 6416 op, 221684522.00 ns, 34.5518 us/op
WorkloadResult  10: 6416 op, 222535108.00 ns, 34.6844 us/op
WorkloadResult  11: 6416 op, 210082803.00 ns, 32.7436 us/op
WorkloadResult  12: 6416 op, 218971779.00 ns, 34.1290 us/op
WorkloadResult  13: 6416 op, 220448888.00 ns, 34.3592 us/op
WorkloadResult  14: 6416 op, 223393489.00 ns, 34.8182 us/op
WorkloadResult  15: 6416 op, 220870708.00 ns, 34.4250 us/op
// GC:  0 0 0 0 6416
// Threading:  0 0 6416

// AfterAll
// Benchmark Process 155484 has exited with code 0.

Mean = 33.839 us, StdErr = 0.327 us (0.96%), N = 15, StdDev = 1.265 us
Min = 31.163 us, Q1 = 33.436 us, Median = 34.477 us, Q3 = 34.623 us, Max = 34.818 us
IQR = 1.186 us, LowerFence = 31.657 us, UpperFence = 36.402 us
ConfidenceInterval = [32.487 us; 35.191 us] (CI 99.9%), Margin = 1.352 us (4.00% of Mean)
Skewness = -1.09, Kurtosis = 2.44, MValue = 2.36

// ** Remained 11 (78.6 %) benchmark(s) to run. Estimated finish 2026-09-22 5:07 (0h 1m from now) **
// **************************
// Benchmark: PairHandleBenchmarks.Advance: InProcess(Toolchain=InProcessEmitToolchain) [Shape=PairOne]
// *** Execute ***
// Launch: 1 / 1
// ! Failed to set up priority High for process System.Diagnostics.Process (PairHandles). Make sure you have the right permissions. Message: Permission denied

// Benchmark Process Environment Information:
// BenchmarkDotNet v0.15.8
// Runtime=.NET 10.0.12 (10.0.12, 10.0.1226.42308), X64 RyuJIT x86-64-v3
// GC=Concurrent Workstation
// HardwareIntrinsics=AVX2+BMI1+BMI2+F16C+FMA+LZCNT+MOVBE,AVX,SSE3+SSSE3+SSE4.1+SSE4.2+POPCNT,X86Base+SSE+SSE2,AES+PCLMUL,AvxVnni,SERIALIZE VectorSize=256
// Job: Job-JWQWGO(Toolchain=InProcessEmitToolchain)

OverheadJitting  1: 1 op, 113003.00 ns, 113.0030 us/op
WorkloadJitting  1: 1 op, 135088.00 ns, 135.0880 us/op

OverheadJitting  2: 16 op, 116355.00 ns, 7.2722 us/op
WorkloadJitting  2: 16 op, 688362.00 ns, 43.0226 us/op

WorkloadPilot    1: 16 op, 593256.00 ns, 37.0785 us/op
WorkloadPilot    2: 32 op, 1196293.00 ns, 37.3842 us/op
WorkloadPilot    3: 64 op, 2136687.00 ns, 33.3857 us/op
WorkloadPilot    4: 128 op, 4266734.00 ns, 33.3339 us/op
WorkloadPilot    5: 256 op, 8496410.00 ns, 33.1891 us/op
WorkloadPilot    6: 512 op, 17030558.00 ns, 33.2628 us/op
WorkloadPilot    7: 1024 op, 33999202.00 ns, 33.2023 us/op
WorkloadPilot    8: 2048 op, 67508441.00 ns, 32.9631 us/op
WorkloadPilot    9: 4096 op, 136349546.00 ns, 33.2885 us/op
WorkloadPilot   10: 8192 op, 256491538.00 ns, 31.3100 us/op
WorkloadPilot   11: 16384 op, 490331765.00 ns, 29.9275 us/op
WorkloadPilot   12: 32768 op, 1032611265.00 ns, 31.5128 us/op

OverheadWarmup   1: 32768 op, 42803.00 ns, 1.3062 ns/op
OverheadWarmup   2: 32768 op, 40828.00 ns, 1.2460 ns/op
OverheadWarmup   3: 32768 op, 40866.00 ns, 1.2471 ns/op
OverheadWarmup   4: 32768 op, 40639.00 ns, 1.2402 ns/op
OverheadWarmup   5: 32768 op, 40644.00 ns, 1.2404 ns/op
OverheadWarmup   6: 32768 op, 40640.00 ns, 1.2402 ns/op

OverheadActual   1: 32768 op, 42099.00 ns, 1.2848 ns/op
OverheadActual   2: 32768 op, 42887.00 ns, 1.3088 ns/op
OverheadActual   3: 32768 op, 42079.00 ns, 1.2841 ns/op
OverheadActual   4: 32768 op, 42065.00 ns, 1.2837 ns/op
OverheadActual   5: 32768 op, 42053.00 ns, 1.2834 ns/op
OverheadActual   6: 32768 op, 42057.00 ns, 1.2835 ns/op
OverheadActual   7: 32768 op, 42047.00 ns, 1.2832 ns/op
OverheadActual   8: 32768 op, 42076.00 ns, 1.2841 ns/op
OverheadActual   9: 32768 op, 44685.00 ns, 1.3637 ns/op
OverheadActual  10: 32768 op, 42053.00 ns, 1.2834 ns/op
OverheadActual  11: 32768 op, 42054.00 ns, 1.2834 ns/op
OverheadActual  12: 32768 op, 42053.00 ns, 1.2834 ns/op
OverheadActual  13: 32768 op, 42048.00 ns, 1.2832 ns/op
OverheadActual  14: 32768 op, 42064.00 ns, 1.2837 ns/op
OverheadActual  15: 32768 op, 42060.00 ns, 1.2836 ns/op

WorkloadWarmup   1: 32768 op, 1052639249.00 ns, 32.1240 us/op
WorkloadWarmup   2: 32768 op, 987205595.00 ns, 30.1271 us/op
WorkloadWarmup   3: 32768 op, 983742305.00 ns, 30.0214 us/op
WorkloadWarmup   4: 32768 op, 998935391.00 ns, 30.4851 us/op
WorkloadWarmup   5: 32768 op, 983976642.00 ns, 30.0286 us/op
WorkloadWarmup   6: 32768 op, 975934597.00 ns, 29.7832 us/op
WorkloadWarmup   7: 32768 op, 967416330.00 ns, 29.5232 us/op
WorkloadWarmup   8: 32768 op, 969059317.00 ns, 29.5733 us/op
WorkloadWarmup   9: 32768 op, 966975442.00 ns, 29.5097 us/op

WorkloadActual   1: 32768 op, 969798008.00 ns, 29.5959 us/op
WorkloadActual   2: 32768 op, 969978874.00 ns, 29.6014 us/op
WorkloadActual   3: 32768 op, 1027777977.00 ns, 31.3653 us/op
WorkloadActual   4: 32768 op, 1002636622.00 ns, 30.5980 us/op
WorkloadActual   5: 32768 op, 1010000809.00 ns, 30.8228 us/op
WorkloadActual   6: 32768 op, 1022538618.00 ns, 31.2054 us/op
WorkloadActual   7: 32768 op, 1046385821.00 ns, 31.9332 us/op
WorkloadActual   8: 32768 op, 1000741709.00 ns, 30.5402 us/op
WorkloadActual   9: 32768 op, 1001793449.00 ns, 30.5723 us/op
WorkloadActual  10: 32768 op, 996580447.00 ns, 30.4132 us/op
WorkloadActual  11: 32768 op, 1002624472.00 ns, 30.5977 us/op
WorkloadActual  12: 32768 op, 986008280.00 ns, 30.0906 us/op
WorkloadActual  13: 32768 op, 1007974968.00 ns, 30.7610 us/op
WorkloadActual  14: 32768 op, 1004265544.00 ns, 30.6478 us/op
WorkloadActual  15: 32768 op, 970300231.00 ns, 29.6112 us/op
WorkloadActual  16: 32768 op, 968203880.00 ns, 29.5472 us/op
WorkloadActual  17: 32768 op, 1018871601.00 ns, 31.0935 us/op
WorkloadActual  18: 32768 op, 1001770544.00 ns, 30.5716 us/op

WorkloadResult   1: 32768 op, 969755948.00 ns, 29.5946 us/op
WorkloadResult   2: 32768 op, 969936814.00 ns, 29.6001 us/op
WorkloadResult   3: 32768 op, 1027735917.00 ns, 31.3640 us/op
WorkloadResult   4: 32768 op, 1002594562.00 ns, 30.5968 us/op
WorkloadResult   5: 32768 op, 1009958749.00 ns, 30.8215 us/op
WorkloadResult   6: 32768 op, 1022496558.00 ns, 31.2041 us/op
WorkloadResult   7: 32768 op, 1000699649.00 ns, 30.5389 us/op
WorkloadResult   8: 32768 op, 1001751389.00 ns, 30.5710 us/op
WorkloadResult   9: 32768 op, 996538387.00 ns, 30.4119 us/op
WorkloadResult  10: 32768 op, 1002582412.00 ns, 30.5964 us/op
WorkloadResult  11: 32768 op, 985966220.00 ns, 30.0893 us/op
WorkloadResult  12: 32768 op, 1007932908.00 ns, 30.7597 us/op
WorkloadResult  13: 32768 op, 1004223484.00 ns, 30.6465 us/op
WorkloadResult  14: 32768 op, 970258171.00 ns, 29.6099 us/op
WorkloadResult  15: 32768 op, 968161820.00 ns, 29.5460 us/op
WorkloadResult  16: 32768 op, 1018829541.00 ns, 31.0922 us/op
WorkloadResult  17: 32768 op, 1001728484.00 ns, 30.5703 us/op
// GC:  0 0 0 4656 32768
// Threading:  0 0 32768


Mean = 30.448 us, StdErr = 0.139 us (0.46%), N = 17, StdDev = 0.574 us
Min = 29.546 us, Q1 = 30.089 us, Median = 30.571 us, Q3 = 30.760 us, Max = 31.364 us
IQR = 0.670 us, LowerFence = 29.084 us, UpperFence = 31.765 us
ConfidenceInterval = [29.889 us; 31.007 us] (CI 99.9%), Margin = 0.559 us (1.84% of Mean)
Skewness = -0.32, Kurtosis = 1.87, MValue = 2

// ** Remained 10 (71.4 %) benchmark(s) to run. Estimated finish 2026-09-22 5:08 (0h 2m from now) **
// **************************
// Benchmark: PairHandleBenchmarks.Advance: Job-TZECNT(IterationCount=16, IterationTime=200ms, WarmupCount=8) [Shape=PairRuns8]
// *** Execute ***
// Launch: 1 / 1
// Execute: dotnet PairHandles-Job-TZECNT-1.dll --anonymousPipes 118 119 --benchmarkName "PairHandles.PairHandleBenchmarks.Advance(Shape: PairRuns8)" --job "IterationCount=16, IterationTime=200ms, WarmupCount=8" --benchmarkId 2 in /home/i/GitHub/tl-w352/benchmarks/PairHandles/bin/Release/net10.0/PairHandles-Job-TZECNT-1/bin/Release/net10.0
// Failed to set up high priority (Permission denied). In order to run benchmarks with high priority, make sure you have the right permissions.
// BeforeAnythingElse

// Benchmark Process Environment Information:
// BenchmarkDotNet v0.15.8
// Runtime=.NET 10.0.12 (10.0.12, 10.0.1226.42308), X64 RyuJIT x86-64-v3
// GC=Concurrent Workstation
// HardwareIntrinsics=AVX2+BMI1+BMI2+F16C+FMA+LZCNT+MOVBE,AVX,SSE3+SSSE3+SSE4.1+SSE4.2+POPCNT,X86Base+SSE+SSE2,AES+PCLMUL,AvxVnni,SERIALIZE VectorSize=256
// Job: Job-TZECNT(IterationCount=16, IterationTime=200ms, WarmupCount=8)

OverheadJitting  1: 1 op, 76596.00 ns, 76.5960 us/op
WorkloadJitting  1: 1 op, 15060788.00 ns, 15.0608 ms/op

WorkloadPilot    1: 4 op, 1015855.00 ns, 253.9638 us/op
WorkloadPilot    2: 788 op, 30003182.00 ns, 38.0751 us/op
WorkloadPilot    3: 5253 op, 198432324.00 ns, 37.7750 us/op
WorkloadPilot    4: 5295 op, 195018799.00 ns, 36.8307 us/op
WorkloadPilot    5: 5430 op, 211613841.00 ns, 38.9712 us/op
WorkloadPilot    6: 5132 op, 187506125.00 ns, 36.5367 us/op
WorkloadPilot    7: 5474 op, 200063609.00 ns, 36.5480 us/op
WorkloadPilot    8: 5472 op, 199901188.00 ns, 36.5316 us/op
WorkloadPilot    9: 5475 op, 200303316.00 ns, 36.5851 us/op

WorkloadWarmup   1: 5475 op, 200701344.00 ns, 36.6578 us/op
WorkloadWarmup   2: 5475 op, 200272855.00 ns, 36.5795 us/op
WorkloadWarmup   3: 5475 op, 200144363.00 ns, 36.5560 us/op
WorkloadWarmup   4: 5475 op, 200314018.00 ns, 36.5870 us/op
WorkloadWarmup   5: 5475 op, 200561324.00 ns, 36.6322 us/op
WorkloadWarmup   6: 5475 op, 201163911.00 ns, 36.7423 us/op
WorkloadWarmup   7: 5475 op, 199866879.00 ns, 36.5054 us/op
WorkloadWarmup   8: 5475 op, 199954850.00 ns, 36.5214 us/op

// BeforeActualRun
WorkloadActual   1: 5475 op, 200015039.00 ns, 36.5324 us/op
WorkloadActual   2: 5475 op, 200422918.00 ns, 36.6069 us/op
WorkloadActual   3: 5475 op, 201007934.00 ns, 36.7138 us/op
WorkloadActual   4: 5475 op, 200387382.00 ns, 36.6004 us/op
WorkloadActual   5: 5475 op, 200298530.00 ns, 36.5842 us/op
WorkloadActual   6: 5475 op, 200091886.00 ns, 36.5465 us/op
WorkloadActual   7: 5475 op, 200367800.00 ns, 36.5969 us/op
WorkloadActual   8: 5475 op, 200816127.00 ns, 36.6787 us/op
WorkloadActual   9: 5475 op, 200309009.00 ns, 36.5861 us/op
WorkloadActual  10: 5475 op, 200169115.00 ns, 36.5606 us/op
WorkloadActual  11: 5475 op, 199939686.00 ns, 36.5187 us/op
WorkloadActual  12: 5475 op, 200252721.00 ns, 36.5758 us/op
WorkloadActual  13: 5475 op, 200895987.00 ns, 36.6933 us/op
WorkloadActual  14: 5475 op, 200331687.00 ns, 36.5903 us/op
WorkloadActual  15: 5475 op, 200119551.00 ns, 36.5515 us/op
WorkloadActual  16: 5475 op, 200414093.00 ns, 36.6053 us/op

// AfterActualRun
WorkloadResult   1: 5475 op, 200015039.00 ns, 36.5324 us/op
WorkloadResult   2: 5475 op, 200422918.00 ns, 36.6069 us/op
WorkloadResult   3: 5475 op, 200387382.00 ns, 36.6004 us/op
WorkloadResult   4: 5475 op, 200298530.00 ns, 36.5842 us/op
WorkloadResult   5: 5475 op, 200091886.00 ns, 36.5465 us/op
WorkloadResult   6: 5475 op, 200367800.00 ns, 36.5969 us/op
WorkloadResult   7: 5475 op, 200309009.00 ns, 36.5861 us/op
WorkloadResult   8: 5475 op, 200169115.00 ns, 36.5606 us/op
WorkloadResult   9: 5475 op, 199939686.00 ns, 36.5187 us/op
WorkloadResult  10: 5475 op, 200252721.00 ns, 36.5758 us/op
WorkloadResult  11: 5475 op, 200331687.00 ns, 36.5903 us/op
WorkloadResult  12: 5475 op, 200119551.00 ns, 36.5515 us/op
WorkloadResult  13: 5475 op, 200414093.00 ns, 36.6053 us/op
// GC:  0 0 0 0 5475
// Threading:  0 0 5475

// AfterAll
// Benchmark Process 155581 has exited with code 0.

Mean = 36.574 us, StdErr = 0.008 us (0.02%), N = 13, StdDev = 0.029 us
Min = 36.519 us, Q1 = 36.552 us, Median = 36.584 us, Q3 = 36.597 us, Max = 36.607 us
IQR = 0.045 us, LowerFence = 36.484 us, UpperFence = 36.665 us
ConfidenceInterval = [36.539 us; 36.608 us] (CI 99.9%), Margin = 0.035 us (0.09% of Mean)
Skewness = -0.5, Kurtosis = 1.75, MValue = 2

// ** Remained 9 (64.3 %) benchmark(s) to run. Estimated finish 2026-09-22 5:08 (0h 1m from now) **
// **************************
// Benchmark: PairHandleBenchmarks.Advance: InProcess(Toolchain=InProcessEmitToolchain) [Shape=PairRuns8]
// *** Execute ***
// Launch: 1 / 1
// ! Failed to set up priority High for process System.Diagnostics.Process (PairHandles). Make sure you have the right permissions. Message: Permission denied

// Benchmark Process Environment Information:
// BenchmarkDotNet v0.15.8
// Runtime=.NET 10.0.12 (10.0.12, 10.0.1226.42308), X64 RyuJIT x86-64-v3
// GC=Concurrent Workstation
// HardwareIntrinsics=AVX2+BMI1+BMI2+F16C+FMA+LZCNT+MOVBE,AVX,SSE3+SSSE3+SSE4.1+SSE4.2+POPCNT,X86Base+SSE+SSE2,AES+PCLMUL,AvxVnni,SERIALIZE VectorSize=256
// Job: Job-JWQWGO(Toolchain=InProcessEmitToolchain)

OverheadJitting  1: 1 op, 95455.00 ns, 95.4550 us/op
WorkloadJitting  1: 1 op, 147300.00 ns, 147.3000 us/op

OverheadJitting  2: 16 op, 106252.00 ns, 6.6408 us/op
WorkloadJitting  2: 16 op, 729788.00 ns, 45.6118 us/op

WorkloadPilot    1: 16 op, 630237.00 ns, 39.3898 us/op
WorkloadPilot    2: 32 op, 1231412.00 ns, 38.4816 us/op
WorkloadPilot    3: 64 op, 2447929.00 ns, 38.2489 us/op
WorkloadPilot    4: 128 op, 4886620.00 ns, 38.1767 us/op
WorkloadPilot    5: 256 op, 9724893.00 ns, 37.9879 us/op
WorkloadPilot    6: 512 op, 19282036.00 ns, 37.6602 us/op
WorkloadPilot    7: 1024 op, 39697748.00 ns, 38.7673 us/op
WorkloadPilot    8: 2048 op, 77487202.00 ns, 37.8355 us/op
WorkloadPilot    9: 4096 op, 154476512.00 ns, 37.7140 us/op
WorkloadPilot   10: 8192 op, 309762636.00 ns, 37.8128 us/op
WorkloadPilot   11: 16384 op, 617653568.00 ns, 37.6986 us/op

OverheadWarmup   1: 16384 op, 24969.00 ns, 1.5240 ns/op
OverheadWarmup   2: 16384 op, 22684.00 ns, 1.3845 ns/op
OverheadWarmup   3: 16384 op, 22694.00 ns, 1.3851 ns/op
OverheadWarmup   4: 16384 op, 21290.00 ns, 1.2994 ns/op
OverheadWarmup   5: 16384 op, 20347.00 ns, 1.2419 ns/op
OverheadWarmup   6: 16384 op, 20369.00 ns, 1.2432 ns/op
OverheadWarmup   7: 16384 op, 21325.00 ns, 1.3016 ns/op
OverheadWarmup   8: 16384 op, 21249.00 ns, 1.2969 ns/op

OverheadActual   1: 16384 op, 21287.00 ns, 1.2993 ns/op
OverheadActual   2: 16384 op, 21252.00 ns, 1.2971 ns/op
OverheadActual   3: 16384 op, 21114.00 ns, 1.2887 ns/op
OverheadActual   4: 16384 op, 21096.00 ns, 1.2876 ns/op
OverheadActual   5: 16384 op, 21088.00 ns, 1.2871 ns/op
OverheadActual   6: 16384 op, 21073.00 ns, 1.2862 ns/op
OverheadActual   7: 16384 op, 21069.00 ns, 1.2859 ns/op
OverheadActual   8: 16384 op, 21052.00 ns, 1.2849 ns/op
OverheadActual   9: 16384 op, 21065.00 ns, 1.2857 ns/op
OverheadActual  10: 16384 op, 21127.00 ns, 1.2895 ns/op
OverheadActual  11: 16384 op, 21054.00 ns, 1.2850 ns/op
OverheadActual  12: 16384 op, 21081.00 ns, 1.2867 ns/op
OverheadActual  13: 16384 op, 21092.00 ns, 1.2874 ns/op
OverheadActual  14: 16384 op, 21049.00 ns, 1.2847 ns/op
OverheadActual  15: 16384 op, 21067.00 ns, 1.2858 ns/op

WorkloadWarmup   1: 16384 op, 615850428.00 ns, 37.5885 us/op
WorkloadWarmup   2: 16384 op, 618354436.00 ns, 37.7414 us/op
WorkloadWarmup   3: 16384 op, 612907301.00 ns, 37.4089 us/op
WorkloadWarmup   4: 16384 op, 615112374.00 ns, 37.5435 us/op
WorkloadWarmup   5: 16384 op, 614698308.00 ns, 37.5182 us/op
WorkloadWarmup   6: 16384 op, 619472291.00 ns, 37.8096 us/op

WorkloadActual   1: 16384 op, 616331051.00 ns, 37.6179 us/op
WorkloadActual   2: 16384 op, 620427589.00 ns, 37.8679 us/op
WorkloadActual   3: 16384 op, 615245194.00 ns, 37.5516 us/op
WorkloadActual   4: 16384 op, 616629604.00 ns, 37.6361 us/op
WorkloadActual   5: 16384 op, 615853666.00 ns, 37.5887 us/op
WorkloadActual   6: 16384 op, 618581255.00 ns, 37.7552 us/op
WorkloadActual   7: 16384 op, 617556864.00 ns, 37.6927 us/op
WorkloadActual   8: 16384 op, 615410908.00 ns, 37.5617 us/op
WorkloadActual   9: 16384 op, 616464738.00 ns, 37.6260 us/op
WorkloadActual  10: 16384 op, 622017972.00 ns, 37.9650 us/op
WorkloadActual  11: 16384 op, 615943391.00 ns, 37.5942 us/op
WorkloadActual  12: 16384 op, 616201821.00 ns, 37.6100 us/op
WorkloadActual  13: 16384 op, 615759486.00 ns, 37.5830 us/op
WorkloadActual  14: 16384 op, 616827695.00 ns, 37.6482 us/op
WorkloadActual  15: 16384 op, 621181888.00 ns, 37.9139 us/op

WorkloadResult   1: 16384 op, 616309970.00 ns, 37.6166 us/op
WorkloadResult   2: 16384 op, 620406508.00 ns, 37.8666 us/op
WorkloadResult   3: 16384 op, 615224113.00 ns, 37.5503 us/op
WorkloadResult   4: 16384 op, 616608523.00 ns, 37.6348 us/op
WorkloadResult   5: 16384 op, 615832585.00 ns, 37.5874 us/op
WorkloadResult   6: 16384 op, 618560174.00 ns, 37.7539 us/op
WorkloadResult   7: 16384 op, 617535783.00 ns, 37.6914 us/op
WorkloadResult   8: 16384 op, 615389827.00 ns, 37.5604 us/op
WorkloadResult   9: 16384 op, 616443657.00 ns, 37.6247 us/op
WorkloadResult  10: 16384 op, 615922310.00 ns, 37.5929 us/op
WorkloadResult  11: 16384 op, 616180740.00 ns, 37.6087 us/op
WorkloadResult  12: 16384 op, 615738405.00 ns, 37.5817 us/op
WorkloadResult  13: 16384 op, 616806614.00 ns, 37.6469 us/op
WorkloadResult  14: 16384 op, 621160807.00 ns, 37.9126 us/op
// GC:  0 0 0 4656 16384
// Threading:  0 0 16384


Mean = 37.659 us, StdErr = 0.030 us (0.08%), N = 14, StdDev = 0.111 us
Min = 37.550 us, Q1 = 37.589 us, Median = 37.621 us, Q3 = 37.680 us, Max = 37.913 us
IQR = 0.091 us, LowerFence = 37.452 us, UpperFence = 37.817 us
ConfidenceInterval = [37.534 us; 37.785 us] (CI 99.9%), Margin = 0.125 us (0.33% of Mean)
Skewness = 1.17, Kurtosis = 2.98, MValue = 2

// ** Remained 8 (57.1 %) benchmark(s) to run. Estimated finish 2026-09-22 5:08 (0h 1m from now) **
// **************************
// Benchmark: PairHandleBenchmarks.Advance: Job-TZECNT(IterationCount=16, IterationTime=200ms, WarmupCount=8) [Shape=PairAlternating8]
// *** Execute ***
// Launch: 1 / 1
// Execute: dotnet PairHandles-Job-TZECNT-1.dll --anonymousPipes 118 119 --benchmarkName "PairHandles.PairHandleBenchmarks.Advance(Shape: PairAlternating8)" --job "IterationCount=16, IterationTime=200ms, WarmupCount=8" --benchmarkId 3 in /home/i/GitHub/tl-w352/benchmarks/PairHandles/bin/Release/net10.0/PairHandles-Job-TZECNT-1/bin/Release/net10.0
// Failed to set up high priority (Permission denied). In order to run benchmarks with high priority, make sure you have the right permissions.
// BeforeAnythingElse

// Benchmark Process Environment Information:
// BenchmarkDotNet v0.15.8
// Runtime=.NET 10.0.12 (10.0.12, 10.0.1226.42308), X64 RyuJIT x86-64-v3
// GC=Concurrent Workstation
// HardwareIntrinsics=AVX2+BMI1+BMI2+F16C+FMA+LZCNT+MOVBE,AVX,SSE3+SSSE3+SSE4.1+SSE4.2+POPCNT,X86Base+SSE+SSE2,AES+PCLMUL,AvxVnni,SERIALIZE VectorSize=256
// Job: Job-TZECNT(IterationCount=16, IterationTime=200ms, WarmupCount=8)

OverheadJitting  1: 1 op, 78016.00 ns, 78.0160 us/op
WorkloadJitting  1: 1 op, 13856137.00 ns, 13.8561 ms/op

WorkloadPilot    1: 4 op, 342821.00 ns, 85.7053 us/op
WorkloadPilot    2: 2334 op, 160829791.00 ns, 68.9074 us/op
WorkloadPilot    3: 2902 op, 191147672.00 ns, 65.8676 us/op
WorkloadPilot    4: 3036 op, 199534706.00 ns, 65.7229 us/op
WorkloadPilot    5: 3043 op, 199874566.00 ns, 65.6834 us/op
WorkloadPilot    6: 3045 op, 198845744.00 ns, 65.3024 us/op
WorkloadPilot    7: 3063 op, 204107956.00 ns, 66.6366 us/op
WorkloadPilot    8: 3001 op, 207504495.00 ns, 69.1451 us/op
WorkloadPilot    9: 2892 op, 199144511.00 ns, 68.8605 us/op
WorkloadPilot   10: 2904 op, 199923086.00 ns, 68.8440 us/op

WorkloadWarmup   1: 2904 op, 195483265.00 ns, 67.3152 us/op
WorkloadWarmup   2: 2904 op, 190353025.00 ns, 65.5486 us/op
WorkloadWarmup   3: 2904 op, 189689152.00 ns, 65.3200 us/op
WorkloadWarmup   4: 2904 op, 185862544.00 ns, 64.0023 us/op
WorkloadWarmup   5: 2904 op, 185173335.00 ns, 63.7649 us/op
WorkloadWarmup   6: 2904 op, 185483643.00 ns, 63.8718 us/op
WorkloadWarmup   7: 2904 op, 190766272.00 ns, 65.6909 us/op
WorkloadWarmup   8: 2904 op, 190989249.00 ns, 65.7676 us/op

// BeforeActualRun
WorkloadActual   1: 2904 op, 186976593.00 ns, 64.3859 us/op
WorkloadActual   2: 2904 op, 188648379.00 ns, 64.9616 us/op
WorkloadActual   3: 2904 op, 188752002.00 ns, 64.9972 us/op
WorkloadActual   4: 2904 op, 189809920.00 ns, 65.3615 us/op
WorkloadActual   5: 2904 op, 190696916.00 ns, 65.6670 us/op
WorkloadActual   6: 2904 op, 186537332.00 ns, 64.2346 us/op
WorkloadActual   7: 2904 op, 186042811.00 ns, 64.0643 us/op
WorkloadActual   8: 2904 op, 188440724.00 ns, 64.8901 us/op
WorkloadActual   9: 2904 op, 185916665.00 ns, 64.0209 us/op
WorkloadActual  10: 2904 op, 187222800.00 ns, 64.4707 us/op
WorkloadActual  11: 2904 op, 201919115.00 ns, 69.5314 us/op
WorkloadActual  12: 2904 op, 198292512.00 ns, 68.2825 us/op
WorkloadActual  13: 2904 op, 202087580.00 ns, 69.5894 us/op
WorkloadActual  14: 2904 op, 200936796.00 ns, 69.1931 us/op
WorkloadActual  15: 2904 op, 197472320.00 ns, 68.0001 us/op
WorkloadActual  16: 2904 op, 200641867.00 ns, 69.0916 us/op

// AfterActualRun
WorkloadResult   1: 2904 op, 186976593.00 ns, 64.3859 us/op
WorkloadResult   2: 2904 op, 188648379.00 ns, 64.9616 us/op
WorkloadResult   3: 2904 op, 188752002.00 ns, 64.9972 us/op
WorkloadResult   4: 2904 op, 189809920.00 ns, 65.3615 us/op
WorkloadResult   5: 2904 op, 190696916.00 ns, 65.6670 us/op
WorkloadResult   6: 2904 op, 186537332.00 ns, 64.2346 us/op
WorkloadResult   7: 2904 op, 186042811.00 ns, 64.0643 us/op
WorkloadResult   8: 2904 op, 188440724.00 ns, 64.8901 us/op
WorkloadResult   9: 2904 op, 185916665.00 ns, 64.0209 us/op
WorkloadResult  10: 2904 op, 187222800.00 ns, 64.4707 us/op
WorkloadResult  11: 2904 op, 201919115.00 ns, 69.5314 us/op
WorkloadResult  12: 2904 op, 198292512.00 ns, 68.2825 us/op
WorkloadResult  13: 2904 op, 202087580.00 ns, 69.5894 us/op
WorkloadResult  14: 2904 op, 200936796.00 ns, 69.1931 us/op
WorkloadResult  15: 2904 op, 197472320.00 ns, 68.0001 us/op
WorkloadResult  16: 2904 op, 200641867.00 ns, 69.0916 us/op
// GC:  0 0 0 0 2904
// Threading:  0 0 2904

// AfterAll
// Benchmark Process 155628 has exited with code 0.

Mean = 66.296 us, StdErr = 0.550 us (0.83%), N = 16, StdDev = 2.198 us
Min = 64.021 us, Q1 = 64.449 us, Median = 65.179 us, Q3 = 68.485 us, Max = 69.589 us
IQR = 4.035 us, LowerFence = 58.396 us, UpperFence = 74.538 us
ConfidenceInterval = [64.058 us; 68.534 us] (CI 99.9%), Margin = 2.238 us (3.38% of Mean)
Skewness = 0.44, Kurtosis = 1.31, MValue = 3.2

// ** Remained 7 (50.0 %) benchmark(s) to run. Estimated finish 2026-09-22 5:08 (0h 1m from now) **
// **************************
// Benchmark: PairHandleBenchmarks.Advance: InProcess(Toolchain=InProcessEmitToolchain) [Shape=PairAlternating8]
// *** Execute ***
// Launch: 1 / 1
// ! Failed to set up priority High for process System.Diagnostics.Process (PairHandles). Make sure you have the right permissions. Message: Permission denied

// Benchmark Process Environment Information:
// BenchmarkDotNet v0.15.8
// Runtime=.NET 10.0.12 (10.0.12, 10.0.1226.42308), X64 RyuJIT x86-64-v3
// GC=Concurrent Workstation
// HardwareIntrinsics=AVX2+BMI1+BMI2+F16C+FMA+LZCNT+MOVBE,AVX,SSE3+SSSE3+SSE4.1+SSE4.2+POPCNT,X86Base+SSE+SSE2,AES+PCLMUL,AvxVnni,SERIALIZE VectorSize=256
// Job: Job-JWQWGO(Toolchain=InProcessEmitToolchain)

OverheadJitting  1: 1 op, 97528.00 ns, 97.5280 us/op
WorkloadJitting  1: 1 op, 181576.00 ns, 181.5760 us/op

OverheadJitting  2: 16 op, 102076.00 ns, 6.3798 us/op
WorkloadJitting  2: 16 op, 1255529.00 ns, 78.4706 us/op

WorkloadPilot    1: 16 op, 1153852.00 ns, 72.1158 us/op
WorkloadPilot    2: 32 op, 2284871.00 ns, 71.4022 us/op
WorkloadPilot    3: 64 op, 4629828.00 ns, 72.3411 us/op
WorkloadPilot    4: 128 op, 9102382.00 ns, 71.1124 us/op
WorkloadPilot    5: 256 op, 18566821.00 ns, 72.5266 us/op
WorkloadPilot    6: 512 op, 36253212.00 ns, 70.8071 us/op
WorkloadPilot    7: 1024 op, 73067968.00 ns, 71.3554 us/op
WorkloadPilot    8: 2048 op, 139236425.00 ns, 67.9865 us/op
WorkloadPilot    9: 4096 op, 286096487.00 ns, 69.8478 us/op
WorkloadPilot   10: 8192 op, 577034054.00 ns, 70.4387 us/op

OverheadWarmup   1: 8192 op, 12334.00 ns, 1.5056 ns/op
OverheadWarmup   2: 8192 op, 10770.00 ns, 1.3147 ns/op
OverheadWarmup   3: 8192 op, 10756.00 ns, 1.3130 ns/op
OverheadWarmup   4: 8192 op, 10589.00 ns, 1.2926 ns/op
OverheadWarmup   5: 8192 op, 10617.00 ns, 1.2960 ns/op
OverheadWarmup   6: 8192 op, 10567.00 ns, 1.2899 ns/op
OverheadWarmup   7: 8192 op, 10606.00 ns, 1.2947 ns/op
OverheadWarmup   8: 8192 op, 10563.00 ns, 1.2894 ns/op

OverheadActual   1: 8192 op, 10602.00 ns, 1.2942 ns/op
OverheadActual   2: 8192 op, 10605.00 ns, 1.2946 ns/op
OverheadActual   3: 8192 op, 10596.00 ns, 1.2935 ns/op
OverheadActual   4: 8192 op, 10602.00 ns, 1.2942 ns/op
OverheadActual   5: 8192 op, 10595.00 ns, 1.2933 ns/op
OverheadActual   6: 8192 op, 10592.00 ns, 1.2930 ns/op
OverheadActual   7: 8192 op, 10594.00 ns, 1.2932 ns/op
OverheadActual   8: 8192 op, 10600.00 ns, 1.2939 ns/op
OverheadActual   9: 8192 op, 10602.00 ns, 1.2942 ns/op
OverheadActual  10: 8192 op, 10575.00 ns, 1.2909 ns/op
OverheadActual  11: 8192 op, 10600.00 ns, 1.2939 ns/op
OverheadActual  12: 8192 op, 10603.00 ns, 1.2943 ns/op
OverheadActual  13: 8192 op, 10593.00 ns, 1.2931 ns/op
OverheadActual  14: 8192 op, 10600.00 ns, 1.2939 ns/op
OverheadActual  15: 8192 op, 10570.00 ns, 1.2903 ns/op

WorkloadWarmup   1: 8192 op, 558272876.00 ns, 68.1485 us/op
WorkloadWarmup   2: 8192 op, 539329169.00 ns, 65.8361 us/op
WorkloadWarmup   3: 8192 op, 583514260.00 ns, 71.2298 us/op
WorkloadWarmup   4: 8192 op, 558057337.00 ns, 68.1222 us/op
WorkloadWarmup   5: 8192 op, 550172780.00 ns, 67.1598 us/op
WorkloadWarmup   6: 8192 op, 544614769.00 ns, 66.4813 us/op
WorkloadWarmup   7: 8192 op, 550096047.00 ns, 67.1504 us/op
WorkloadWarmup   8: 8192 op, 548207799.00 ns, 66.9199 us/op

WorkloadActual   1: 8192 op, 545270391.00 ns, 66.5613 us/op
WorkloadActual   2: 8192 op, 546831326.00 ns, 66.7519 us/op
WorkloadActual   3: 8192 op, 557588005.00 ns, 68.0649 us/op
WorkloadActual   4: 8192 op, 549797069.00 ns, 67.1139 us/op
WorkloadActual   5: 8192 op, 546592561.00 ns, 66.7227 us/op
WorkloadActual   6: 8192 op, 550138807.00 ns, 67.1556 us/op
WorkloadActual   7: 8192 op, 548677743.00 ns, 66.9773 us/op
WorkloadActual   8: 8192 op, 549116171.00 ns, 67.0308 us/op
WorkloadActual   9: 8192 op, 548198228.00 ns, 66.9187 us/op
WorkloadActual  10: 8192 op, 547574291.00 ns, 66.8426 us/op
WorkloadActual  11: 8192 op, 546064512.00 ns, 66.6583 us/op
WorkloadActual  12: 8192 op, 545022857.00 ns, 66.5311 us/op
WorkloadActual  13: 8192 op, 560865079.00 ns, 68.4650 us/op
WorkloadActual  14: 8192 op, 541056542.00 ns, 66.0469 us/op
WorkloadActual  15: 8192 op, 551565621.00 ns, 67.3298 us/op

WorkloadResult   1: 8192 op, 545259791.00 ns, 66.5600 us/op
WorkloadResult   2: 8192 op, 546820726.00 ns, 66.7506 us/op
WorkloadResult   3: 8192 op, 549786469.00 ns, 67.1126 us/op
WorkloadResult   4: 8192 op, 546581961.00 ns, 66.7214 us/op
WorkloadResult   5: 8192 op, 550128207.00 ns, 67.1543 us/op
WorkloadResult   6: 8192 op, 548667143.00 ns, 66.9760 us/op
WorkloadResult   7: 8192 op, 549105571.00 ns, 67.0295 us/op
WorkloadResult   8: 8192 op, 548187628.00 ns, 66.9174 us/op
WorkloadResult   9: 8192 op, 547563691.00 ns, 66.8413 us/op
WorkloadResult  10: 8192 op, 546053912.00 ns, 66.6570 us/op
WorkloadResult  11: 8192 op, 545012257.00 ns, 66.5298 us/op
WorkloadResult  12: 8192 op, 541045942.00 ns, 66.0456 us/op
WorkloadResult  13: 8192 op, 551555021.00 ns, 67.3285 us/op
// GC:  0 0 0 4656 8192
// Threading:  0 0 8192


Mean = 66.817 us, StdErr = 0.092 us (0.14%), N = 13, StdDev = 0.332 us
Min = 66.046 us, Q1 = 66.657 us, Median = 66.841 us, Q3 = 67.029 us, Max = 67.328 us
IQR = 0.373 us, LowerFence = 66.098 us, UpperFence = 67.588 us
ConfidenceInterval = [66.419 us; 67.215 us] (CI 99.9%), Margin = 0.398 us (0.60% of Mean)
Skewness = -0.61, Kurtosis = 2.88, MValue = 2

// ** Remained 6 (42.9 %) benchmark(s) to run. Estimated finish 2026-09-22 5:08 (0h 1m from now) **
// **************************
// Benchmark: PairHandleBenchmarks.Advance: Job-TZECNT(IterationCount=16, IterationTime=200ms, WarmupCount=8) [Shape=PairRuns8Waves]
// *** Execute ***
// Launch: 1 / 1
// Execute: dotnet PairHandles-Job-TZECNT-1.dll --anonymousPipes 118 119 --benchmarkName "PairHandles.PairHandleBenchmarks.Advance(Shape: PairRuns8Waves)" --job "IterationCount=16, IterationTime=200ms, WarmupCount=8" --benchmarkId 4 in /home/i/GitHub/tl-w352/benchmarks/PairHandles/bin/Release/net10.0/PairHandles-Job-TZECNT-1/bin/Release/net10.0
// Failed to set up high priority (Permission denied). In order to run benchmarks with high priority, make sure you have the right permissions.
// BeforeAnythingElse

// Benchmark Process Environment Information:
// BenchmarkDotNet v0.15.8
// Runtime=.NET 10.0.12 (10.0.12, 10.0.1226.42308), X64 RyuJIT x86-64-v3
// GC=Concurrent Workstation
// HardwareIntrinsics=AVX2+BMI1+BMI2+F16C+FMA+LZCNT+MOVBE,AVX,SSE3+SSSE3+SSE4.1+SSE4.2+POPCNT,X86Base+SSE+SSE2,AES+PCLMUL,AvxVnni,SERIALIZE VectorSize=256
// Job: Job-TZECNT(IterationCount=16, IterationTime=200ms, WarmupCount=8)

OverheadJitting  1: 1 op, 74894.00 ns, 74.8940 us/op
WorkloadJitting  1: 1 op, 14916875.00 ns, 14.9169 ms/op

WorkloadPilot    1: 4 op, 1056604.00 ns, 264.1510 us/op
WorkloadPilot    2: 757 op, 28084379.00 ns, 37.0996 us/op
WorkloadPilot    3: 5391 op, 181916910.00 ns, 33.7446 us/op
WorkloadPilot    4: 5927 op, 194509821.00 ns, 32.8176 us/op
WorkloadPilot    5: 6094 op, 201040713.00 ns, 32.9899 us/op
WorkloadPilot    6: 6062 op, 198265790.00 ns, 32.7063 us/op
WorkloadPilot    7: 6115 op, 201249536.00 ns, 32.9108 us/op
WorkloadPilot    8: 6077 op, 201332609.00 ns, 33.1303 us/op

WorkloadWarmup   1: 6077 op, 220490455.00 ns, 36.2828 us/op
WorkloadWarmup   2: 6077 op, 219933697.00 ns, 36.1912 us/op
WorkloadWarmup   3: 6077 op, 219679974.00 ns, 36.1494 us/op
WorkloadWarmup   4: 6077 op, 211023584.00 ns, 34.7250 us/op
WorkloadWarmup   5: 6077 op, 194465149.00 ns, 32.0002 us/op
WorkloadWarmup   6: 6077 op, 198208123.00 ns, 32.6161 us/op
WorkloadWarmup   7: 6077 op, 199962625.00 ns, 32.9048 us/op
WorkloadWarmup   8: 6077 op, 200456329.00 ns, 32.9861 us/op

// BeforeActualRun
WorkloadActual   1: 6077 op, 202514477.00 ns, 33.3247 us/op
WorkloadActual   2: 6077 op, 197683420.00 ns, 32.5298 us/op
WorkloadActual   3: 6077 op, 195872538.00 ns, 32.2318 us/op
WorkloadActual   4: 6077 op, 219456014.00 ns, 36.1126 us/op
WorkloadActual   5: 6077 op, 219907904.00 ns, 36.1869 us/op
WorkloadActual   6: 6077 op, 207241281.00 ns, 34.1026 us/op
WorkloadActual   7: 6077 op, 194992973.00 ns, 32.0870 us/op
WorkloadActual   8: 6077 op, 195745840.00 ns, 32.2109 us/op
WorkloadActual   9: 6077 op, 195071445.00 ns, 32.1000 us/op
WorkloadActual  10: 6077 op, 196649525.00 ns, 32.3596 us/op
WorkloadActual  11: 6077 op, 197453313.00 ns, 32.4919 us/op
WorkloadActual  12: 6077 op, 195261956.00 ns, 32.1313 us/op
WorkloadActual  13: 6077 op, 194075610.00 ns, 31.9361 us/op
WorkloadActual  14: 6077 op, 192594581.00 ns, 31.6924 us/op
WorkloadActual  15: 6077 op, 195027943.00 ns, 32.0928 us/op
WorkloadActual  16: 6077 op, 196708992.00 ns, 32.3694 us/op

// AfterActualRun
WorkloadResult   1: 6077 op, 202514477.00 ns, 33.3247 us/op
WorkloadResult   2: 6077 op, 197683420.00 ns, 32.5298 us/op
WorkloadResult   3: 6077 op, 195872538.00 ns, 32.2318 us/op
WorkloadResult   4: 6077 op, 194992973.00 ns, 32.0870 us/op
WorkloadResult   5: 6077 op, 195745840.00 ns, 32.2109 us/op
WorkloadResult   6: 6077 op, 195071445.00 ns, 32.1000 us/op
WorkloadResult   7: 6077 op, 196649525.00 ns, 32.3596 us/op
WorkloadResult   8: 6077 op, 197453313.00 ns, 32.4919 us/op
WorkloadResult   9: 6077 op, 195261956.00 ns, 32.1313 us/op
WorkloadResult  10: 6077 op, 194075610.00 ns, 31.9361 us/op
WorkloadResult  11: 6077 op, 192594581.00 ns, 31.6924 us/op
WorkloadResult  12: 6077 op, 195027943.00 ns, 32.0928 us/op
WorkloadResult  13: 6077 op, 196708992.00 ns, 32.3694 us/op
// GC:  0 0 0 0 6077
// Threading:  0 0 6077

// AfterAll
// Benchmark Process 155681 has exited with code 0.

Mean = 32.274 us, StdErr = 0.108 us (0.33%), N = 13, StdDev = 0.388 us
Min = 31.692 us, Q1 = 32.093 us, Median = 32.211 us, Q3 = 32.369 us, Max = 33.325 us
IQR = 0.277 us, LowerFence = 31.678 us, UpperFence = 32.784 us
ConfidenceInterval = [31.809 us; 32.739 us] (CI 99.9%), Margin = 0.465 us (1.44% of Mean)
Skewness = 1.23, Kurtosis = 4.59, MValue = 2

// ** Remained 5 (35.7 %) benchmark(s) to run. Estimated finish 2026-09-22 5:07 (0h 0m from now) **
// **************************
// Benchmark: PairHandleBenchmarks.Advance: InProcess(Toolchain=InProcessEmitToolchain) [Shape=PairRuns8Waves]
// *** Execute ***
// Launch: 1 / 1
// ! Failed to set up priority High for process System.Diagnostics.Process (PairHandles). Make sure you have the right permissions. Message: Permission denied

// Benchmark Process Environment Information:
// BenchmarkDotNet v0.15.8
// Runtime=.NET 10.0.12 (10.0.12, 10.0.1226.42308), X64 RyuJIT x86-64-v3
// GC=Concurrent Workstation
// HardwareIntrinsics=AVX2+BMI1+BMI2+F16C+FMA+LZCNT+MOVBE,AVX,SSE3+SSSE3+SSE4.1+SSE4.2+POPCNT,X86Base+SSE+SSE2,AES+PCLMUL,AvxVnni,SERIALIZE VectorSize=256
// Job: Job-JWQWGO(Toolchain=InProcessEmitToolchain)

OverheadJitting  1: 1 op, 124361.00 ns, 124.3610 us/op
WorkloadJitting  1: 1 op, 225829.00 ns, 225.8290 us/op

OverheadJitting  2: 16 op, 145696.00 ns, 9.1060 us/op
WorkloadJitting  2: 16 op, 2190312.00 ns, 136.8945 us/op

WorkloadPilot    1: 16 op, 2053807.00 ns, 128.3629 us/op
WorkloadPilot    2: 32 op, 4084143.00 ns, 127.6295 us/op
WorkloadPilot    3: 64 op, 2327962.00 ns, 36.3744 us/op
WorkloadPilot    4: 128 op, 4527726.00 ns, 35.3729 us/op
WorkloadPilot    5: 256 op, 9059628.00 ns, 35.3892 us/op
WorkloadPilot    6: 512 op, 18007450.00 ns, 35.1708 us/op
WorkloadPilot    7: 1024 op, 36190905.00 ns, 35.3427 us/op
WorkloadPilot    8: 2048 op, 71311302.00 ns, 34.8200 us/op
WorkloadPilot    9: 4096 op, 143682851.00 ns, 35.0788 us/op
WorkloadPilot   10: 8192 op, 285730606.00 ns, 34.8792 us/op
WorkloadPilot   11: 16384 op, 551870642.00 ns, 33.6835 us/op

OverheadWarmup   1: 16384 op, 23257.00 ns, 1.4195 ns/op
OverheadWarmup   2: 16384 op, 21254.00 ns, 1.2972 ns/op
OverheadWarmup   3: 16384 op, 21069.00 ns, 1.2859 ns/op
OverheadWarmup   4: 16384 op, 21067.00 ns, 1.2858 ns/op
OverheadWarmup   5: 16384 op, 21071.00 ns, 1.2861 ns/op
OverheadWarmup   6: 16384 op, 21082.00 ns, 1.2867 ns/op
OverheadWarmup   7: 16384 op, 21070.00 ns, 1.2860 ns/op
OverheadWarmup   8: 16384 op, 21056.00 ns, 1.2852 ns/op
OverheadWarmup   9: 16384 op, 21095.00 ns, 1.2875 ns/op
OverheadWarmup  10: 16384 op, 21080.00 ns, 1.2866 ns/op

OverheadActual   1: 16384 op, 21082.00 ns, 1.2867 ns/op
OverheadActual   2: 16384 op, 21052.00 ns, 1.2849 ns/op
OverheadActual   3: 16384 op, 21098.00 ns, 1.2877 ns/op
OverheadActual   4: 16384 op, 21087.00 ns, 1.2870 ns/op
OverheadActual   5: 16384 op, 21076.00 ns, 1.2864 ns/op
OverheadActual   6: 16384 op, 21080.00 ns, 1.2866 ns/op
OverheadActual   7: 16384 op, 21065.00 ns, 1.2857 ns/op
OverheadActual   8: 16384 op, 21055.00 ns, 1.2851 ns/op
OverheadActual   9: 16384 op, 21070.00 ns, 1.2860 ns/op
OverheadActual  10: 16384 op, 21082.00 ns, 1.2867 ns/op
OverheadActual  11: 16384 op, 21071.00 ns, 1.2861 ns/op
OverheadActual  12: 16384 op, 21344.00 ns, 1.3027 ns/op
OverheadActual  13: 16384 op, 21253.00 ns, 1.2972 ns/op
OverheadActual  14: 16384 op, 21062.00 ns, 1.2855 ns/op
OverheadActual  15: 16384 op, 21109.00 ns, 1.2884 ns/op

WorkloadWarmup   1: 16384 op, 574863102.00 ns, 35.0869 us/op
WorkloadWarmup   2: 16384 op, 560973629.00 ns, 34.2391 us/op
WorkloadWarmup   3: 16384 op, 548704570.00 ns, 33.4903 us/op
WorkloadWarmup   4: 16384 op, 573522655.00 ns, 35.0050 us/op
WorkloadWarmup   5: 16384 op, 549696468.00 ns, 33.5508 us/op
WorkloadWarmup   6: 16384 op, 551143599.00 ns, 33.6391 us/op
WorkloadWarmup   7: 16384 op, 557305614.00 ns, 34.0152 us/op
WorkloadWarmup   8: 16384 op, 559036887.00 ns, 34.1209 us/op
WorkloadWarmup   9: 16384 op, 559381567.00 ns, 34.1419 us/op
WorkloadWarmup  10: 16384 op, 558156020.00 ns, 34.0671 us/op

WorkloadActual   1: 16384 op, 557521916.00 ns, 34.0284 us/op
WorkloadActual   2: 16384 op, 580770546.00 ns, 35.4474 us/op
WorkloadActual   3: 16384 op, 558068115.00 ns, 34.0618 us/op
WorkloadActual   4: 16384 op, 569744064.00 ns, 34.7744 us/op
WorkloadActual   5: 16384 op, 558882941.00 ns, 34.1115 us/op
WorkloadActual   6: 16384 op, 566765092.00 ns, 34.5926 us/op
WorkloadActual   7: 16384 op, 543276933.00 ns, 33.1590 us/op
WorkloadActual   8: 16384 op, 554933620.00 ns, 33.8705 us/op
WorkloadActual   9: 16384 op, 555588020.00 ns, 33.9104 us/op
WorkloadActual  10: 16384 op, 554213622.00 ns, 33.8265 us/op
WorkloadActual  11: 16384 op, 565177985.00 ns, 34.4957 us/op
WorkloadActual  12: 16384 op, 556364026.00 ns, 33.9578 us/op
WorkloadActual  13: 16384 op, 547110737.00 ns, 33.3930 us/op
WorkloadActual  14: 16384 op, 539262421.00 ns, 32.9140 us/op
WorkloadActual  15: 16384 op, 550577566.00 ns, 33.6046 us/op

WorkloadResult   1: 16384 op, 557500836.00 ns, 34.0272 us/op
WorkloadResult   2: 16384 op, 558047035.00 ns, 34.0605 us/op
WorkloadResult   3: 16384 op, 569722984.00 ns, 34.7731 us/op
WorkloadResult   4: 16384 op, 558861861.00 ns, 34.1102 us/op
WorkloadResult   5: 16384 op, 566744012.00 ns, 34.5913 us/op
WorkloadResult   6: 16384 op, 543255853.00 ns, 33.1577 us/op
WorkloadResult   7: 16384 op, 554912540.00 ns, 33.8692 us/op
WorkloadResult   8: 16384 op, 555566940.00 ns, 33.9091 us/op
WorkloadResult   9: 16384 op, 554192542.00 ns, 33.8252 us/op
WorkloadResult  10: 16384 op, 565156905.00 ns, 34.4944 us/op
WorkloadResult  11: 16384 op, 556342946.00 ns, 33.9565 us/op
WorkloadResult  12: 16384 op, 547089657.00 ns, 33.3917 us/op
WorkloadResult  13: 16384 op, 539241341.00 ns, 32.9127 us/op
WorkloadResult  14: 16384 op, 550556486.00 ns, 33.6033 us/op
// GC:  0 0 0 1680 16384
// Threading:  0 0 16384


Mean = 33.906 us, StdErr = 0.140 us (0.41%), N = 14, StdDev = 0.523 us
Min = 32.913 us, Q1 = 33.659 us, Median = 33.933 us, Q3 = 34.098 us, Max = 34.773 us
IQR = 0.439 us, LowerFence = 33.000 us, UpperFence = 34.756 us
ConfidenceInterval = [33.315 us; 34.496 us] (CI 99.9%), Margin = 0.590 us (1.74% of Mean)
Skewness = -0.18, Kurtosis = 2.16, MValue = 2

// ** Remained 4 (28.6 %) benchmark(s) to run. Estimated finish 2026-09-22 5:08 (0h 0m from now) **
// **************************
// Benchmark: PairHandleBenchmarks.Advance: Job-TZECNT(IterationCount=16, IterationTime=200ms, WarmupCount=8) [Shape=PairBlocks8Waves]
// *** Execute ***
// Launch: 1 / 1
// Execute: dotnet PairHandles-Job-TZECNT-1.dll --anonymousPipes 118 119 --benchmarkName "PairHandles.PairHandleBenchmarks.Advance(Shape: PairBlocks8Waves)" --job "IterationCount=16, IterationTime=200ms, WarmupCount=8" --benchmarkId 5 in /home/i/GitHub/tl-w352/benchmarks/PairHandles/bin/Release/net10.0/PairHandles-Job-TZECNT-1/bin/Release/net10.0
// Failed to set up high priority (Permission denied). In order to run benchmarks with high priority, make sure you have the right permissions.
// BeforeAnythingElse

// Benchmark Process Environment Information:
// BenchmarkDotNet v0.15.8
// Runtime=.NET 10.0.12 (10.0.12, 10.0.1226.42308), X64 RyuJIT x86-64-v3
// GC=Concurrent Workstation
// HardwareIntrinsics=AVX2+BMI1+BMI2+F16C+FMA+LZCNT+MOVBE,AVX,SSE3+SSSE3+SSE4.1+SSE4.2+POPCNT,X86Base+SSE+SSE2,AES+PCLMUL,AvxVnni,SERIALIZE VectorSize=256
// Job: Job-TZECNT(IterationCount=16, IterationTime=200ms, WarmupCount=8)

OverheadJitting  1: 1 op, 81124.00 ns, 81.1240 us/op
WorkloadJitting  1: 1 op, 14432707.00 ns, 14.4327 ms/op

WorkloadPilot    1: 4 op, 269644.00 ns, 67.4110 us/op
WorkloadPilot    2: 2967 op, 155356364.00 ns, 52.3614 us/op
WorkloadPilot    3: 3820 op, 192370457.00 ns, 50.3588 us/op
WorkloadPilot    4: 3972 op, 196676095.00 ns, 49.5156 us/op
WorkloadPilot    5: 4039 op, 189011957.00 ns, 46.7967 us/op
WorkloadPilot    6: 4274 op, 213088285.00 ns, 49.8569 us/op
WorkloadPilot    7: 4011 op, 202828393.00 ns, 50.5680 us/op
WorkloadPilot    8: 3955 op, 196888231.00 ns, 49.7821 us/op
WorkloadPilot    9: 4018 op, 198746887.00 ns, 49.4641 us/op
WorkloadPilot   10: 4043 op, 201531791.00 ns, 49.8471 us/op

WorkloadWarmup   1: 4043 op, 200347788.00 ns, 49.5542 us/op
WorkloadWarmup   2: 4043 op, 190663653.00 ns, 47.1590 us/op
WorkloadWarmup   3: 4043 op, 187632217.00 ns, 46.4092 us/op
WorkloadWarmup   4: 4043 op, 187952072.00 ns, 46.4883 us/op
WorkloadWarmup   5: 4043 op, 190477672.00 ns, 47.1130 us/op
WorkloadWarmup   6: 4043 op, 192967865.00 ns, 47.7289 us/op
WorkloadWarmup   7: 4043 op, 194144971.00 ns, 48.0200 us/op
WorkloadWarmup   8: 4043 op, 189078717.00 ns, 46.7669 us/op

// BeforeActualRun
WorkloadActual   1: 4043 op, 187436792.00 ns, 46.3608 us/op
WorkloadActual   2: 4043 op, 185943148.00 ns, 45.9914 us/op
WorkloadActual   3: 4043 op, 190196854.00 ns, 47.0435 us/op
WorkloadActual   4: 4043 op, 189188336.00 ns, 46.7940 us/op
WorkloadActual   5: 4043 op, 187452629.00 ns, 46.3647 us/op
WorkloadActual   6: 4043 op, 188118319.00 ns, 46.5294 us/op
WorkloadActual   7: 4043 op, 186850386.00 ns, 46.2158 us/op
WorkloadActual   8: 4043 op, 185744507.00 ns, 45.9422 us/op
WorkloadActual   9: 4043 op, 187690338.00 ns, 46.4235 us/op
WorkloadActual  10: 4043 op, 187958474.00 ns, 46.4899 us/op
WorkloadActual  11: 4043 op, 189558682.00 ns, 46.8856 us/op
WorkloadActual  12: 4043 op, 188186072.00 ns, 46.5461 us/op
WorkloadActual  13: 4043 op, 185363108.00 ns, 45.8479 us/op
WorkloadActual  14: 4043 op, 188232559.00 ns, 46.5576 us/op
WorkloadActual  15: 4043 op, 189275510.00 ns, 46.8156 us/op
WorkloadActual  16: 4043 op, 186077921.00 ns, 46.0247 us/op

// AfterActualRun
WorkloadResult   1: 4043 op, 187436792.00 ns, 46.3608 us/op
WorkloadResult   2: 4043 op, 185943148.00 ns, 45.9914 us/op
WorkloadResult   3: 4043 op, 190196854.00 ns, 47.0435 us/op
WorkloadResult   4: 4043 op, 189188336.00 ns, 46.7940 us/op
WorkloadResult   5: 4043 op, 187452629.00 ns, 46.3647 us/op
WorkloadResult   6: 4043 op, 188118319.00 ns, 46.5294 us/op
WorkloadResult   7: 4043 op, 186850386.00 ns, 46.2158 us/op
WorkloadResult   8: 4043 op, 185744507.00 ns, 45.9422 us/op
WorkloadResult   9: 4043 op, 187690338.00 ns, 46.4235 us/op
WorkloadResult  10: 4043 op, 187958474.00 ns, 46.4899 us/op
WorkloadResult  11: 4043 op, 189558682.00 ns, 46.8856 us/op
WorkloadResult  12: 4043 op, 188186072.00 ns, 46.5461 us/op
WorkloadResult  13: 4043 op, 185363108.00 ns, 45.8479 us/op
WorkloadResult  14: 4043 op, 188232559.00 ns, 46.5576 us/op
WorkloadResult  15: 4043 op, 189275510.00 ns, 46.8156 us/op
WorkloadResult  16: 4043 op, 186077921.00 ns, 46.0247 us/op
// GC:  0 0 0 0 4043
// Threading:  0 0 4043

// AfterAll
// Benchmark Process 155718 has exited with code 0.

Mean = 46.427 us, StdErr = 0.089 us (0.19%), N = 16, StdDev = 0.356 us
Min = 45.848 us, Q1 = 46.168 us, Median = 46.457 us, Q3 = 46.617 us, Max = 47.043 us
IQR = 0.449 us, LowerFence = 45.495 us, UpperFence = 47.290 us
ConfidenceInterval = [46.065 us; 46.789 us] (CI 99.9%), Margin = 0.362 us (0.78% of Mean)
Skewness = -0.03, Kurtosis = 1.81, MValue = 2

// ** Remained 3 (21.4 %) benchmark(s) to run. Estimated finish 2026-09-22 5:07 (0h 0m from now) **
// **************************
// Benchmark: PairHandleBenchmarks.Advance: InProcess(Toolchain=InProcessEmitToolchain) [Shape=PairBlocks8Waves]
// *** Execute ***
// Launch: 1 / 1
// ! Failed to set up priority High for process System.Diagnostics.Process (PairHandles). Make sure you have the right permissions. Message: Permission denied

// Benchmark Process Environment Information:
// BenchmarkDotNet v0.15.8
// Runtime=.NET 10.0.12 (10.0.12, 10.0.1226.42308), X64 RyuJIT x86-64-v3
// GC=Concurrent Workstation
// HardwareIntrinsics=AVX2+BMI1+BMI2+F16C+FMA+LZCNT+MOVBE,AVX,SSE3+SSSE3+SSE4.1+SSE4.2+POPCNT,X86Base+SSE+SSE2,AES+PCLMUL,AvxVnni,SERIALIZE VectorSize=256
// Job: Job-JWQWGO(Toolchain=InProcessEmitToolchain)

OverheadJitting  1: 1 op, 123134.00 ns, 123.1340 us/op
WorkloadJitting  1: 1 op, 445601.00 ns, 445.6010 us/op

OverheadJitting  2: 16 op, 162352.00 ns, 10.1470 us/op
WorkloadJitting  2: 16 op, 5134155.00 ns, 320.8847 us/op

WorkloadPilot    1: 16 op, 775953.00 ns, 48.4971 us/op
WorkloadPilot    2: 32 op, 1536893.00 ns, 48.0279 us/op
WorkloadPilot    3: 64 op, 3071812.00 ns, 47.9971 us/op
WorkloadPilot    4: 128 op, 6135104.00 ns, 47.9305 us/op
WorkloadPilot    5: 256 op, 12256390.00 ns, 47.8765 us/op
WorkloadPilot    6: 512 op, 24530764.00 ns, 47.9116 us/op
WorkloadPilot    7: 1024 op, 47629875.00 ns, 46.5135 us/op
WorkloadPilot    8: 2048 op, 95335345.00 ns, 46.5505 us/op
WorkloadPilot    9: 4096 op, 204856195.00 ns, 50.0137 us/op
WorkloadPilot   10: 8192 op, 387310379.00 ns, 47.2791 us/op
WorkloadPilot   11: 16384 op, 777332449.00 ns, 47.4446 us/op

OverheadWarmup   1: 16384 op, 22969.00 ns, 1.4019 ns/op
OverheadWarmup   2: 16384 op, 21247.00 ns, 1.2968 ns/op
OverheadWarmup   3: 16384 op, 21277.00 ns, 1.2986 ns/op
OverheadWarmup   4: 16384 op, 21089.00 ns, 1.2872 ns/op
OverheadWarmup   5: 16384 op, 21057.00 ns, 1.2852 ns/op
OverheadWarmup   6: 16384 op, 21085.00 ns, 1.2869 ns/op
OverheadWarmup   7: 16384 op, 21060.00 ns, 1.2854 ns/op

OverheadActual   1: 16384 op, 21102.00 ns, 1.2880 ns/op
OverheadActual   2: 16384 op, 21778.00 ns, 1.3292 ns/op
OverheadActual   3: 16384 op, 21086.00 ns, 1.2870 ns/op
OverheadActual   4: 16384 op, 21058.00 ns, 1.2853 ns/op
OverheadActual   5: 16384 op, 21073.00 ns, 1.2862 ns/op
OverheadActual   6: 16384 op, 21055.00 ns, 1.2851 ns/op
OverheadActual   7: 16384 op, 21069.00 ns, 1.2859 ns/op
OverheadActual   8: 16384 op, 23126.00 ns, 1.4115 ns/op
OverheadActual   9: 16384 op, 21049.00 ns, 1.2847 ns/op
OverheadActual  10: 16384 op, 21054.00 ns, 1.2850 ns/op
OverheadActual  11: 16384 op, 21061.00 ns, 1.2855 ns/op
OverheadActual  12: 16384 op, 21052.00 ns, 1.2849 ns/op
OverheadActual  13: 16384 op, 21094.00 ns, 1.2875 ns/op
OverheadActual  14: 16384 op, 21059.00 ns, 1.2853 ns/op
OverheadActual  15: 16384 op, 21047.00 ns, 1.2846 ns/op

WorkloadWarmup   1: 16384 op, 768906812.00 ns, 46.9303 us/op
WorkloadWarmup   2: 16384 op, 776896870.00 ns, 47.4180 us/op
WorkloadWarmup   3: 16384 op, 770352304.00 ns, 47.0186 us/op
WorkloadWarmup   4: 16384 op, 773008054.00 ns, 47.1807 us/op
WorkloadWarmup   5: 16384 op, 773292185.00 ns, 47.1980 us/op
WorkloadWarmup   6: 16384 op, 779045175.00 ns, 47.5491 us/op
WorkloadWarmup   7: 16384 op, 825777369.00 ns, 50.4015 us/op
WorkloadWarmup   8: 16384 op, 770400282.00 ns, 47.0215 us/op

WorkloadActual   1: 16384 op, 768068262.00 ns, 46.8792 us/op
WorkloadActual   2: 16384 op, 766487976.00 ns, 46.7827 us/op
WorkloadActual   3: 16384 op, 767992507.00 ns, 46.8745 us/op
WorkloadActual   4: 16384 op, 778672893.00 ns, 47.5264 us/op
WorkloadActual   5: 16384 op, 778059362.00 ns, 47.4890 us/op
WorkloadActual   6: 16384 op, 782280750.00 ns, 47.7466 us/op
WorkloadActual   7: 16384 op, 774807854.00 ns, 47.2905 us/op
WorkloadActual   8: 16384 op, 776264270.00 ns, 47.3794 us/op
WorkloadActual   9: 16384 op, 771150603.00 ns, 47.0673 us/op
WorkloadActual  10: 16384 op, 770250077.00 ns, 47.0123 us/op
WorkloadActual  11: 16384 op, 770042592.00 ns, 46.9997 us/op
WorkloadActual  12: 16384 op, 781367954.00 ns, 47.6909 us/op
WorkloadActual  13: 16384 op, 790978390.00 ns, 48.2775 us/op
WorkloadActual  14: 16384 op, 806225096.00 ns, 49.2081 us/op
WorkloadActual  15: 16384 op, 782635249.00 ns, 47.7683 us/op

WorkloadResult   1: 16384 op, 768047201.00 ns, 46.8779 us/op
WorkloadResult   2: 16384 op, 766466915.00 ns, 46.7814 us/op
WorkloadResult   3: 16384 op, 767971446.00 ns, 46.8733 us/op
WorkloadResult   4: 16384 op, 778651832.00 ns, 47.5251 us/op
WorkloadResult   5: 16384 op, 778038301.00 ns, 47.4877 us/op
WorkloadResult   6: 16384 op, 782259689.00 ns, 47.7453 us/op
WorkloadResult   7: 16384 op, 774786793.00 ns, 47.2892 us/op
WorkloadResult   8: 16384 op, 776243209.00 ns, 47.3781 us/op
WorkloadResult   9: 16384 op, 771129542.00 ns, 47.0660 us/op
WorkloadResult  10: 16384 op, 770229016.00 ns, 47.0110 us/op
WorkloadResult  11: 16384 op, 770021531.00 ns, 46.9984 us/op
WorkloadResult  12: 16384 op, 781346893.00 ns, 47.6896 us/op
WorkloadResult  13: 16384 op, 790957329.00 ns, 48.2762 us/op
WorkloadResult  14: 16384 op, 782614188.00 ns, 47.7670 us/op
// GC:  0 0 0 4656 16384
// Threading:  0 0 16384


Mean = 47.340 us, StdErr = 0.116 us (0.25%), N = 14, StdDev = 0.434 us
Min = 46.781 us, Q1 = 47.002 us, Median = 47.334 us, Q3 = 47.649 us, Max = 48.276 us
IQR = 0.647 us, LowerFence = 46.031 us, UpperFence = 48.619 us
ConfidenceInterval = [46.851 us; 47.830 us] (CI 99.9%), Margin = 0.490 us (1.03% of Mean)
Skewness = 0.47, Kurtosis = 2.14, MValue = 2

// ** Remained 2 (14.3 %) benchmark(s) to run. Estimated finish 2026-09-22 5:08 (0h 0m from now) **
// **************************
// Benchmark: PairHandleBenchmarks.Advance: Job-TZECNT(IterationCount=16, IterationTime=200ms, WarmupCount=8) [Shape=PairA(...)Waves [21]]
// *** Execute ***
// Launch: 1 / 1
// Execute: dotnet PairHandles-Job-TZECNT-1.dll --anonymousPipes 118 119 --benchmarkName "PairHandles.PairHandleBenchmarks.Advance(Shape: PairAlternating8Waves)" --job "IterationCount=16, IterationTime=200ms, WarmupCount=8" --benchmarkId 6 in /home/i/GitHub/tl-w352/benchmarks/PairHandles/bin/Release/net10.0/PairHandles-Job-TZECNT-1/bin/Release/net10.0
// Failed to set up high priority (Permission denied). In order to run benchmarks with high priority, make sure you have the right permissions.
// BeforeAnythingElse

// Benchmark Process Environment Information:
// BenchmarkDotNet v0.15.8
// Runtime=.NET 10.0.12 (10.0.12, 10.0.1226.42308), X64 RyuJIT x86-64-v3
// GC=Concurrent Workstation
// HardwareIntrinsics=AVX2+BMI1+BMI2+F16C+FMA+LZCNT+MOVBE,AVX,SSE3+SSSE3+SSE4.1+SSE4.2+POPCNT,X86Base+SSE+SSE2,AES+PCLMUL,AvxVnni,SERIALIZE VectorSize=256
// Job: Job-TZECNT(IterationCount=16, IterationTime=200ms, WarmupCount=8)

OverheadJitting  1: 1 op, 77764.00 ns, 77.7640 us/op
WorkloadJitting  1: 1 op, 13841192.00 ns, 13.8412 ms/op

WorkloadPilot    1: 4 op, 256088.00 ns, 64.0220 us/op
WorkloadPilot    2: 3124 op, 208798006.00 ns, 66.8367 us/op
WorkloadPilot    3: 2992 op, 177787757.00 ns, 59.4210 us/op
WorkloadPilot    4: 3366 op, 218378949.00 ns, 64.8779 us/op
WorkloadPilot    5: 3083 op, 188980361.00 ns, 61.2976 us/op
WorkloadPilot    6: 3263 op, 195690211.00 ns, 59.9725 us/op
WorkloadPilot    7: 3335 op, 208326132.00 ns, 62.4666 us/op

WorkloadWarmup   1: 3335 op, 216740608.00 ns, 64.9897 us/op
WorkloadWarmup   2: 3335 op, 217126693.00 ns, 65.1055 us/op
WorkloadWarmup   3: 3335 op, 213829667.00 ns, 64.1168 us/op
WorkloadWarmup   4: 3335 op, 195125017.00 ns, 58.5083 us/op
WorkloadWarmup   5: 3335 op, 210486355.00 ns, 63.1143 us/op
WorkloadWarmup   6: 3335 op, 218417732.00 ns, 65.4926 us/op
WorkloadWarmup   7: 3335 op, 218074153.00 ns, 65.3896 us/op
WorkloadWarmup   8: 3335 op, 216895045.00 ns, 65.0360 us/op

// BeforeActualRun
WorkloadActual   1: 3335 op, 204468404.00 ns, 61.3099 us/op
WorkloadActual   2: 3335 op, 194804286.00 ns, 58.4121 us/op
WorkloadActual   3: 3335 op, 193860052.00 ns, 58.1290 us/op
WorkloadActual   4: 3335 op, 193314429.00 ns, 57.9653 us/op
WorkloadActual   5: 3335 op, 193476407.00 ns, 58.0139 us/op
WorkloadActual   6: 3335 op, 194816562.00 ns, 58.4158 us/op
WorkloadActual   7: 3335 op, 193182052.00 ns, 57.9257 us/op
WorkloadActual   8: 3335 op, 192449618.00 ns, 57.7060 us/op
WorkloadActual   9: 3335 op, 192703127.00 ns, 57.7820 us/op
WorkloadActual  10: 3335 op, 192942007.00 ns, 57.8537 us/op
WorkloadActual  11: 3335 op, 194169467.00 ns, 58.2217 us/op
WorkloadActual  12: 3335 op, 194344743.00 ns, 58.2743 us/op
WorkloadActual  13: 3335 op, 192780058.00 ns, 57.8051 us/op
WorkloadActual  14: 3335 op, 192942726.00 ns, 57.8539 us/op
WorkloadActual  15: 3335 op, 209706592.00 ns, 62.8805 us/op
WorkloadActual  16: 3335 op, 194727433.00 ns, 58.3890 us/op

// AfterActualRun
WorkloadResult   1: 3335 op, 194804286.00 ns, 58.4121 us/op
WorkloadResult   2: 3335 op, 193860052.00 ns, 58.1290 us/op
WorkloadResult   3: 3335 op, 193314429.00 ns, 57.9653 us/op
WorkloadResult   4: 3335 op, 193476407.00 ns, 58.0139 us/op
WorkloadResult   5: 3335 op, 194816562.00 ns, 58.4158 us/op
WorkloadResult   6: 3335 op, 193182052.00 ns, 57.9257 us/op
WorkloadResult   7: 3335 op, 192449618.00 ns, 57.7060 us/op
WorkloadResult   8: 3335 op, 192703127.00 ns, 57.7820 us/op
WorkloadResult   9: 3335 op, 192942007.00 ns, 57.8537 us/op
WorkloadResult  10: 3335 op, 194169467.00 ns, 58.2217 us/op
WorkloadResult  11: 3335 op, 194344743.00 ns, 58.2743 us/op
WorkloadResult  12: 3335 op, 192780058.00 ns, 57.8051 us/op
WorkloadResult  13: 3335 op, 192942726.00 ns, 57.8539 us/op
WorkloadResult  14: 3335 op, 194727433.00 ns, 58.3890 us/op
// GC:  0 0 0 0 3335
// Threading:  0 0 3335

// AfterAll
// Benchmark Process 155775 has exited with code 0.

Mean = 58.053 us, StdErr = 0.067 us (0.12%), N = 14, StdDev = 0.251 us
Min = 57.706 us, Q1 = 57.854 us, Median = 57.990 us, Q3 = 58.261 us, Max = 58.416 us
IQR = 0.407 us, LowerFence = 57.243 us, UpperFence = 58.872 us
ConfidenceInterval = [57.771 us; 58.336 us] (CI 99.9%), Margin = 0.283 us (0.49% of Mean)
Skewness = 0.23, Kurtosis = 1.39, MValue = 2

// ** Remained 1 (7.1 %) benchmark(s) to run. Estimated finish 2026-09-22 5:07 (0h 0m from now) **
// **************************
// Benchmark: PairHandleBenchmarks.Advance: InProcess(Toolchain=InProcessEmitToolchain) [Shape=PairA(...)Waves [21]]
// *** Execute ***
// Launch: 1 / 1
// ! Failed to set up priority High for process System.Diagnostics.Process (PairHandles). Make sure you have the right permissions. Message: Permission denied

// Benchmark Process Environment Information:
// BenchmarkDotNet v0.15.8
// Runtime=.NET 10.0.12 (10.0.12, 10.0.1226.42308), X64 RyuJIT x86-64-v3
// GC=Concurrent Workstation
// HardwareIntrinsics=AVX2+BMI1+BMI2+F16C+FMA+LZCNT+MOVBE,AVX,SSE3+SSSE3+SSE4.1+SSE4.2+POPCNT,X86Base+SSE+SSE2,AES+PCLMUL,AvxVnni,SERIALIZE VectorSize=256
// Job: Job-JWQWGO(Toolchain=InProcessEmitToolchain)

OverheadJitting  1: 1 op, 128442.00 ns, 128.4420 us/op
WorkloadJitting  1: 1 op, 521374.00 ns, 521.3740 us/op

OverheadJitting  2: 16 op, 144196.00 ns, 9.0123 us/op
WorkloadJitting  2: 16 op, 2932654.00 ns, 183.2909 us/op

WorkloadPilot    1: 16 op, 1020246.00 ns, 63.7654 us/op
WorkloadPilot    2: 32 op, 2030479.00 ns, 63.4525 us/op
WorkloadPilot    3: 64 op, 4062770.00 ns, 63.4808 us/op
WorkloadPilot    4: 128 op, 8113562.00 ns, 63.3872 us/op
WorkloadPilot    5: 256 op, 16199456.00 ns, 63.2791 us/op
WorkloadPilot    6: 512 op, 32386600.00 ns, 63.2551 us/op
WorkloadPilot    7: 1024 op, 63029278.00 ns, 61.5520 us/op
WorkloadPilot    8: 2048 op, 126559975.00 ns, 61.7969 us/op
WorkloadPilot    9: 4096 op, 251057045.00 ns, 61.2932 us/op
WorkloadPilot   10: 8192 op, 502299001.00 ns, 61.3158 us/op

OverheadWarmup   1: 8192 op, 12519.00 ns, 1.5282 ns/op
OverheadWarmup   2: 8192 op, 10186.00 ns, 1.2434 ns/op
OverheadWarmup   3: 8192 op, 10565.00 ns, 1.2897 ns/op
OverheadWarmup   4: 8192 op, 10559.00 ns, 1.2889 ns/op
OverheadWarmup   5: 8192 op, 10562.00 ns, 1.2893 ns/op
OverheadWarmup   6: 8192 op, 10545.00 ns, 1.2872 ns/op

OverheadActual   1: 8192 op, 10594.00 ns, 1.2932 ns/op
OverheadActual   2: 8192 op, 10597.00 ns, 1.2936 ns/op
OverheadActual   3: 8192 op, 10579.00 ns, 1.2914 ns/op
OverheadActual   4: 8192 op, 10554.00 ns, 1.2883 ns/op
OverheadActual   5: 8192 op, 10546.00 ns, 1.2874 ns/op
OverheadActual   6: 8192 op, 10568.00 ns, 1.2900 ns/op
OverheadActual   7: 8192 op, 10571.00 ns, 1.2904 ns/op
OverheadActual   8: 8192 op, 10573.00 ns, 1.2906 ns/op
OverheadActual   9: 8192 op, 10575.00 ns, 1.2909 ns/op
OverheadActual  10: 8192 op, 10565.00 ns, 1.2897 ns/op
OverheadActual  11: 8192 op, 10549.00 ns, 1.2877 ns/op
OverheadActual  12: 8192 op, 10567.00 ns, 1.2899 ns/op
OverheadActual  13: 8192 op, 10558.00 ns, 1.2888 ns/op
OverheadActual  14: 8192 op, 10604.00 ns, 1.2944 ns/op
OverheadActual  15: 8192 op, 10573.00 ns, 1.2906 ns/op

WorkloadWarmup   1: 8192 op, 473829089.00 ns, 57.8405 us/op
WorkloadWarmup   2: 8192 op, 474690195.00 ns, 57.9456 us/op
WorkloadWarmup   3: 8192 op, 470512386.00 ns, 57.4356 us/op
WorkloadWarmup   4: 8192 op, 480252368.00 ns, 58.6246 us/op
WorkloadWarmup   5: 8192 op, 469725650.00 ns, 57.3396 us/op
WorkloadWarmup   6: 8192 op, 474763662.00 ns, 57.9545 us/op

WorkloadActual   1: 8192 op, 473551881.00 ns, 57.8066 us/op
WorkloadActual   2: 8192 op, 475062835.00 ns, 57.9911 us/op
WorkloadActual   3: 8192 op, 479831438.00 ns, 58.5732 us/op
WorkloadActual   4: 8192 op, 471024884.00 ns, 57.4982 us/op
WorkloadActual   5: 8192 op, 505962411.00 ns, 61.7630 us/op
WorkloadActual   6: 8192 op, 500814376.00 ns, 61.1346 us/op
WorkloadActual   7: 8192 op, 481127694.00 ns, 58.7314 us/op
WorkloadActual   8: 8192 op, 494780936.00 ns, 60.3981 us/op
WorkloadActual   9: 8192 op, 475194982.00 ns, 58.0072 us/op
WorkloadActual  10: 8192 op, 473332460.00 ns, 57.7798 us/op
WorkloadActual  11: 8192 op, 483012453.00 ns, 58.9615 us/op
WorkloadActual  12: 8192 op, 477986884.00 ns, 58.3480 us/op
WorkloadActual  13: 8192 op, 480362528.00 ns, 58.6380 us/op
WorkloadActual  14: 8192 op, 472655137.00 ns, 57.6972 us/op
WorkloadActual  15: 8192 op, 471694688.00 ns, 57.5799 us/op

WorkloadResult   1: 8192 op, 473541310.00 ns, 57.8053 us/op
WorkloadResult   2: 8192 op, 475052264.00 ns, 57.9898 us/op
WorkloadResult   3: 8192 op, 479820867.00 ns, 58.5719 us/op
WorkloadResult   4: 8192 op, 471014313.00 ns, 57.4969 us/op
WorkloadResult   5: 8192 op, 481117123.00 ns, 58.7301 us/op
WorkloadResult   6: 8192 op, 494770365.00 ns, 60.3968 us/op
WorkloadResult   7: 8192 op, 475184411.00 ns, 58.0059 us/op
WorkloadResult   8: 8192 op, 473321889.00 ns, 57.7786 us/op
WorkloadResult   9: 8192 op, 483001882.00 ns, 58.9602 us/op
WorkloadResult  10: 8192 op, 477976313.00 ns, 58.3467 us/op
WorkloadResult  11: 8192 op, 480351957.00 ns, 58.6367 us/op
WorkloadResult  12: 8192 op, 472644566.00 ns, 57.6959 us/op
WorkloadResult  13: 8192 op, 471684117.00 ns, 57.5786 us/op
// GC:  0 0 0 4656 8192
// Threading:  0 0 8192


Mean = 58.307 us, StdErr = 0.218 us (0.37%), N = 13, StdDev = 0.787 us
Min = 57.497 us, Q1 = 57.779 us, Median = 58.006 us, Q3 = 58.637 us, Max = 60.397 us
IQR = 0.858 us, LowerFence = 56.491 us, UpperFence = 59.924 us
ConfidenceInterval = [57.365 us; 59.250 us] (CI 99.9%), Margin = 0.943 us (1.62% of Mean)
Skewness = 1.27, Kurtosis = 4.07, MValue = 2

// ** Remained 0 (0.0 %) benchmark(s) to run. Estimated finish 2026-09-22 5:07 (0h 0m from now) **
// ***** BenchmarkRunner: Finish  *****

// * Export *
  tmp/ab352/ph-cand-3/results/PairHandles.PairHandleBenchmarks-report.csv
  tmp/ab352/ph-cand-3/results/PairHandles.PairHandleBenchmarks-report-github.md
  tmp/ab352/ph-cand-3/results/PairHandles.PairHandleBenchmarks-report.html
  tmp/ab352/ph-cand-3/results/PairHandles.PairHandleBenchmarks-report-full.json

// * Detailed results *
PairHandleBenchmarks.Advance: Job-TZECNT(IterationCount=16, IterationTime=200ms, WarmupCount=8) [Shape=LaneUniform]
Runtime = .NET 10.0.12 (10.0.12, 10.0.1226.42308), X64 RyuJIT x86-64-v3; GC = Concurrent Workstation
Mean = 31.429 us, StdErr = 0.021 us (0.07%), N = 15, StdDev = 0.080 us
Min = 31.330 us, Q1 = 31.364 us, Median = 31.431 us, Q3 = 31.485 us, Max = 31.578 us
IQR = 0.121 us, LowerFence = 31.182 us, UpperFence = 31.667 us
ConfidenceInterval = [31.344 us; 31.515 us] (CI 99.9%), Margin = 0.085 us (0.27% of Mean)
Skewness = 0.35, Kurtosis = 1.62, MValue = 2
-------------------- Histogram --------------------
[31.287 us ; 31.621 us) | @@@@@@@@@@@@@@@
---------------------------------------------------

PairHandleBenchmarks.Advance: InProcess(Toolchain=InProcessEmitToolchain) [Shape=LaneUniform]
Runtime = ; GC = 
Mean = 32.777 us, StdErr = 0.023 us (0.07%), N = 14, StdDev = 0.085 us
Min = 32.612 us, Q1 = 32.723 us, Median = 32.763 us, Q3 = 32.826 us, Max = 32.929 us
IQR = 0.103 us, LowerFence = 32.569 us, UpperFence = 32.981 us
ConfidenceInterval = [32.682 us; 32.873 us] (CI 99.9%), Margin = 0.095 us (0.29% of Mean)
Skewness = 0.1, Kurtosis = 2.31, MValue = 2
-------------------- Histogram --------------------
[32.566 us ; 32.975 us) | @@@@@@@@@@@@@@
---------------------------------------------------

PairHandleBenchmarks.Advance: Job-TZECNT(IterationCount=16, IterationTime=200ms, WarmupCount=8) [Shape=PairOne]
Runtime = .NET 10.0.12 (10.0.12, 10.0.1226.42308), X64 RyuJIT x86-64-v3; GC = Concurrent Workstation
Mean = 33.839 us, StdErr = 0.327 us (0.96%), N = 15, StdDev = 1.265 us
Min = 31.163 us, Q1 = 33.436 us, Median = 34.477 us, Q3 = 34.623 us, Max = 34.818 us
IQR = 1.186 us, LowerFence = 31.657 us, UpperFence = 36.402 us
ConfidenceInterval = [32.487 us; 35.191 us] (CI 99.9%), Margin = 1.352 us (4.00% of Mean)
Skewness = -1.09, Kurtosis = 2.44, MValue = 2.36
-------------------- Histogram --------------------
[30.996 us ; 32.342 us) | @@@
[32.342 us ; 33.801 us) | @
[33.801 us ; 35.147 us) | @@@@@@@@@@@
---------------------------------------------------

PairHandleBenchmarks.Advance: InProcess(Toolchain=InProcessEmitToolchain) [Shape=PairOne]
Runtime = ; GC = 
Mean = 30.448 us, StdErr = 0.139 us (0.46%), N = 17, StdDev = 0.574 us
Min = 29.546 us, Q1 = 30.089 us, Median = 30.571 us, Q3 = 30.760 us, Max = 31.364 us
IQR = 0.670 us, LowerFence = 29.084 us, UpperFence = 31.765 us
ConfidenceInterval = [29.889 us; 31.007 us] (CI 99.9%), Margin = 0.559 us (1.84% of Mean)
Skewness = -0.32, Kurtosis = 1.87, MValue = 2
-------------------- Histogram --------------------
[29.519 us ; 30.311 us) | @@@@@
[30.311 us ; 31.540 us) | @@@@@@@@@@@@
---------------------------------------------------

PairHandleBenchmarks.Advance: Job-TZECNT(IterationCount=16, IterationTime=200ms, WarmupCount=8) [Shape=PairRuns8]
Runtime = .NET 10.0.12 (10.0.12, 10.0.1226.42308), X64 RyuJIT x86-64-v3; GC = Concurrent Workstation
Mean = 36.574 us, StdErr = 0.008 us (0.02%), N = 13, StdDev = 0.029 us
Min = 36.519 us, Q1 = 36.552 us, Median = 36.584 us, Q3 = 36.597 us, Max = 36.607 us
IQR = 0.045 us, LowerFence = 36.484 us, UpperFence = 36.665 us
ConfidenceInterval = [36.539 us; 36.608 us] (CI 99.9%), Margin = 0.035 us (0.09% of Mean)
Skewness = -0.5, Kurtosis = 1.75, MValue = 2
-------------------- Histogram --------------------
[36.503 us ; 36.623 us) | @@@@@@@@@@@@@
---------------------------------------------------

PairHandleBenchmarks.Advance: InProcess(Toolchain=InProcessEmitToolchain) [Shape=PairRuns8]
Runtime = ; GC = 
Mean = 37.659 us, StdErr = 0.030 us (0.08%), N = 14, StdDev = 0.111 us
Min = 37.550 us, Q1 = 37.589 us, Median = 37.621 us, Q3 = 37.680 us, Max = 37.913 us
IQR = 0.091 us, LowerFence = 37.452 us, UpperFence = 37.817 us
ConfidenceInterval = [37.534 us; 37.785 us] (CI 99.9%), Margin = 0.125 us (0.33% of Mean)
Skewness = 1.17, Kurtosis = 2.98, MValue = 2
-------------------- Histogram --------------------
[37.490 us ; 37.973 us) | @@@@@@@@@@@@@@
---------------------------------------------------

PairHandleBenchmarks.Advance: Job-TZECNT(IterationCount=16, IterationTime=200ms, WarmupCount=8) [Shape=PairAlternating8]
Runtime = .NET 10.0.12 (10.0.12, 10.0.1226.42308), X64 RyuJIT x86-64-v3; GC = Concurrent Workstation
Mean = 66.296 us, StdErr = 0.550 us (0.83%), N = 16, StdDev = 2.198 us
Min = 64.021 us, Q1 = 64.449 us, Median = 65.179 us, Q3 = 68.485 us, Max = 69.589 us
IQR = 4.035 us, LowerFence = 58.396 us, UpperFence = 74.538 us
ConfidenceInterval = [64.058 us; 68.534 us] (CI 99.9%), Margin = 2.238 us (3.38% of Mean)
Skewness = 0.44, Kurtosis = 1.31, MValue = 3.2
-------------------- Histogram --------------------
[63.699 us ; 65.989 us) | @@@@@@@@@@
[65.989 us ; 67.650 us) | 
[67.650 us ; 69.940 us) | @@@@@@
---------------------------------------------------

PairHandleBenchmarks.Advance: InProcess(Toolchain=InProcessEmitToolchain) [Shape=PairAlternating8]
Runtime = ; GC = 
Mean = 66.817 us, StdErr = 0.092 us (0.14%), N = 13, StdDev = 0.332 us
Min = 66.046 us, Q1 = 66.657 us, Median = 66.841 us, Q3 = 67.029 us, Max = 67.328 us
IQR = 0.373 us, LowerFence = 66.098 us, UpperFence = 67.588 us
ConfidenceInterval = [66.419 us; 67.215 us] (CI 99.9%), Margin = 0.398 us (0.60% of Mean)
Skewness = -0.61, Kurtosis = 2.88, MValue = 2
-------------------- Histogram --------------------
[65.860 us ; 67.514 us) | @@@@@@@@@@@@@
---------------------------------------------------

PairHandleBenchmarks.Advance: Job-TZECNT(IterationCount=16, IterationTime=200ms, WarmupCount=8) [Shape=PairRuns8Waves]
Runtime = .NET 10.0.12 (10.0.12, 10.0.1226.42308), X64 RyuJIT x86-64-v3; GC = Concurrent Workstation
Mean = 32.274 us, StdErr = 0.108 us (0.33%), N = 13, StdDev = 0.388 us
Min = 31.692 us, Q1 = 32.093 us, Median = 32.211 us, Q3 = 32.369 us, Max = 33.325 us
IQR = 0.277 us, LowerFence = 31.678 us, UpperFence = 32.784 us
ConfidenceInterval = [31.809 us; 32.739 us] (CI 99.9%), Margin = 0.465 us (1.44% of Mean)
Skewness = 1.23, Kurtosis = 4.59, MValue = 2
-------------------- Histogram --------------------
[31.476 us ; 32.612 us) | @@@@@@@@@@@@
[32.612 us ; 33.542 us) | @
---------------------------------------------------

PairHandleBenchmarks.Advance: InProcess(Toolchain=InProcessEmitToolchain) [Shape=PairRuns8Waves]
Runtime = ; GC = 
Mean = 33.906 us, StdErr = 0.140 us (0.41%), N = 14, StdDev = 0.523 us
Min = 32.913 us, Q1 = 33.659 us, Median = 33.933 us, Q3 = 34.098 us, Max = 34.773 us
IQR = 0.439 us, LowerFence = 33.000 us, UpperFence = 34.756 us
ConfidenceInterval = [33.315 us; 34.496 us] (CI 99.9%), Margin = 0.590 us (1.74% of Mean)
Skewness = -0.18, Kurtosis = 2.16, MValue = 2
-------------------- Histogram --------------------
[32.821 us ; 33.518 us) | @@@
[33.518 us ; 34.980 us) | @@@@@@@@@@@
---------------------------------------------------

PairHandleBenchmarks.Advance: Job-TZECNT(IterationCount=16, IterationTime=200ms, WarmupCount=8) [Shape=PairBlocks8Waves]
Runtime = .NET 10.0.12 (10.0.12, 10.0.1226.42308), X64 RyuJIT x86-64-v3; GC = Concurrent Workstation
Mean = 46.427 us, StdErr = 0.089 us (0.19%), N = 16, StdDev = 0.356 us
Min = 45.848 us, Q1 = 46.168 us, Median = 46.457 us, Q3 = 46.617 us, Max = 47.043 us
IQR = 0.449 us, LowerFence = 45.495 us, UpperFence = 47.290 us
ConfidenceInterval = [46.065 us; 46.789 us] (CI 99.9%), Margin = 0.362 us (0.78% of Mean)
Skewness = -0.03, Kurtosis = 1.81, MValue = 2
-------------------- Histogram --------------------
[45.663 us ; 47.229 us) | @@@@@@@@@@@@@@@@
---------------------------------------------------

PairHandleBenchmarks.Advance: InProcess(Toolchain=InProcessEmitToolchain) [Shape=PairBlocks8Waves]
Runtime = ; GC = 
Mean = 47.340 us, StdErr = 0.116 us (0.25%), N = 14, StdDev = 0.434 us
Min = 46.781 us, Q1 = 47.002 us, Median = 47.334 us, Q3 = 47.649 us, Max = 48.276 us
IQR = 0.647 us, LowerFence = 46.031 us, UpperFence = 48.619 us
ConfidenceInterval = [46.851 us; 47.830 us] (CI 99.9%), Margin = 0.490 us (1.03% of Mean)
Skewness = 0.47, Kurtosis = 2.14, MValue = 2
-------------------- Histogram --------------------
[46.545 us ; 48.513 us) | @@@@@@@@@@@@@@
---------------------------------------------------

PairHandleBenchmarks.Advance: Job-TZECNT(IterationCount=16, IterationTime=200ms, WarmupCount=8) [Shape=PairA(...)Waves [21]]
Runtime = .NET 10.0.12 (10.0.12, 10.0.1226.42308), X64 RyuJIT x86-64-v3; GC = Concurrent Workstation
Mean = 58.053 us, StdErr = 0.067 us (0.12%), N = 14, StdDev = 0.251 us
Min = 57.706 us, Q1 = 57.854 us, Median = 57.990 us, Q3 = 58.261 us, Max = 58.416 us
IQR = 0.407 us, LowerFence = 57.243 us, UpperFence = 58.872 us
ConfidenceInterval = [57.771 us; 58.336 us] (CI 99.9%), Margin = 0.283 us (0.49% of Mean)
Skewness = 0.23, Kurtosis = 1.39, MValue = 2
-------------------- Histogram --------------------
[57.570 us ; 58.552 us) | @@@@@@@@@@@@@@
---------------------------------------------------

PairHandleBenchmarks.Advance: InProcess(Toolchain=InProcessEmitToolchain) [Shape=PairA(...)Waves [21]]
Runtime = ; GC = 
Mean = 58.307 us, StdErr = 0.218 us (0.37%), N = 13, StdDev = 0.787 us
Min = 57.497 us, Q1 = 57.779 us, Median = 58.006 us, Q3 = 58.637 us, Max = 60.397 us
IQR = 0.858 us, LowerFence = 56.491 us, UpperFence = 59.924 us
ConfidenceInterval = [57.365 us; 59.250 us] (CI 99.9%), Margin = 0.943 us (1.62% of Mean)
Skewness = 1.27, Kurtosis = 4.07, MValue = 2
-------------------- Histogram --------------------
[57.343 us ; 59.354 us) | @@@@@@@@@@@@
[59.354 us ; 60.836 us) | @
---------------------------------------------------

// * Summary *

BenchmarkDotNet v0.15.8, Linux Omarchy
Intel Core i9-14900K 0.80GHz, 1 CPU, 32 logical and 24 physical cores
.NET SDK 10.0.401
  [Host]     : .NET 10.0.12 (10.0.12, 10.0.1226.42308), X64 RyuJIT x86-64-v3
  Job-TZECNT : .NET 10.0.12 (10.0.12, 10.0.1226.42308), X64 RyuJIT x86-64-v3


| Method  | Job        | Toolchain              | IterationCount | IterationTime | WarmupCount | Shape                | Mean     | Error    | StdDev   | Median   | Allocated |
|-------- |----------- |----------------------- |--------------- |-------------- |------------ |--------------------- |---------:|---------:|---------:|---------:|----------:|
| Advance | Job-TZECNT | Default                | 16             | 200ms         | 8           | LaneUniform          | 31.43 us | 0.085 us | 0.080 us | 31.43 us |         - |
| Advance | InProcess  | InProcessEmitToolchain | Default        | Default       | Default     | LaneUniform          | 32.78 us | 0.095 us | 0.085 us | 32.76 us |         - |
| Advance | Job-TZECNT | Default                | 16             | 200ms         | 8           | PairOne              | 33.84 us | 1.352 us | 1.265 us | 34.48 us |         - |
| Advance | InProcess  | InProcessEmitToolchain | Default        | Default       | Default     | PairOne              | 30.45 us | 0.559 us | 0.574 us | 30.57 us |         - |
| Advance | Job-TZECNT | Default                | 16             | 200ms         | 8           | PairRuns8            | 36.57 us | 0.035 us | 0.029 us | 36.58 us |         - |
| Advance | InProcess  | InProcessEmitToolchain | Default        | Default       | Default     | PairRuns8            | 37.66 us | 0.125 us | 0.111 us | 37.62 us |         - |
| Advance | Job-TZECNT | Default                | 16             | 200ms         | 8           | PairAlternating8     | 66.30 us | 2.238 us | 2.198 us | 65.18 us |         - |
| Advance | InProcess  | InProcessEmitToolchain | Default        | Default       | Default     | PairAlternating8     | 66.82 us | 0.398 us | 0.332 us | 66.84 us |       1 B |
| Advance | Job-TZECNT | Default                | 16             | 200ms         | 8           | PairRuns8Waves       | 32.27 us | 0.465 us | 0.388 us | 32.21 us |         - |
| Advance | InProcess  | InProcessEmitToolchain | Default        | Default       | Default     | PairRuns8Waves       | 33.91 us | 0.590 us | 0.523 us | 33.93 us |         - |
| Advance | Job-TZECNT | Default                | 16             | 200ms         | 8           | PairBlocks8Waves     | 46.43 us | 0.362 us | 0.356 us | 46.46 us |         - |
| Advance | InProcess  | InProcessEmitToolchain | Default        | Default       | Default     | PairBlocks8Waves     | 47.34 us | 0.490 us | 0.434 us | 47.33 us |         - |
| Advance | Job-TZECNT | Default                | 16             | 200ms         | 8           | PairA(...)Waves [21] | 58.05 us | 0.283 us | 0.251 us | 57.99 us |         - |
| Advance | InProcess  | InProcessEmitToolchain | Default        | Default       | Default     | PairA(...)Waves [21] | 58.31 us | 0.943 us | 0.787 us | 58.01 us |       1 B |

// * Warnings *
MultimodalDistribution
  PairHandleBenchmarks.Advance: IterationCount=16, IterationTime=200ms, WarmupCount=8 -> It seems that the distribution can have several modes (mValue = 3.2)

// * Hints *
Outliers
  PairHandleBenchmarks.Advance: IterationCount=16, IterationTime=200ms, WarmupCount=8 -> 1 outlier  was  removed (31.76 us)
  PairHandleBenchmarks.Advance: InProcess                                             -> 1 outlier  was  removed (33.13 us)
  PairHandleBenchmarks.Advance: IterationCount=16, IterationTime=200ms, WarmupCount=8 -> 1 outlier  was  removed, 4 outliers were detected (31.16 us..32.18 us, 37.28 us)
  PairHandleBenchmarks.Advance: InProcess                                             -> 1 outlier  was  removed (31.93 us)
  PairHandleBenchmarks.Advance: IterationCount=16, IterationTime=200ms, WarmupCount=8 -> 3 outliers were removed (36.68 us..36.71 us)
  PairHandleBenchmarks.Advance: InProcess                                             -> 1 outlier  was  removed (37.96 us)
  PairHandleBenchmarks.Advance: InProcess                                             -> 2 outliers were removed (68.06 us, 68.46 us)
  PairHandleBenchmarks.Advance: IterationCount=16, IterationTime=200ms, WarmupCount=8 -> 3 outliers were removed (34.10 us..36.19 us)
  PairHandleBenchmarks.Advance: InProcess                                             -> 1 outlier  was  removed (35.45 us)
  PairHandleBenchmarks.Advance: InProcess                                             -> 1 outlier  was  removed (49.21 us)
  PairHandleBenchmarks.Advance: IterationCount=16, IterationTime=200ms, WarmupCount=8 -> 2 outliers were removed (61.31 us, 62.88 us)
  PairHandleBenchmarks.Advance: InProcess                                             -> 2 outliers were removed (61.13 us, 61.76 us)

// * Legends *
  Shape     : Value of the 'Shape' parameter
  Mean      : Arithmetic mean of all measurements
  Error     : Half of 99.9% confidence interval
  StdDev    : Standard deviation of all measurements
  Median    : Value separating the higher half of all measurements (50th percentile)
  Allocated : Allocated memory per single operation (managed only, inclusive, 1KB = 1024B)
  1 us      : 1 Microsecond (0.000001 sec)

// * Diagnostic Output - MemoryDiagnoser *


// ***** BenchmarkRunner: End *****
Run time: 00:02:48 (168.23 sec), executed benchmarks: 14

Global total time: 00:02:51 (171.78 sec), executed benchmarks: 14
// * Artifacts cleanup *
Artifacts cleanup is finished
