PAIR-HANDLES PARITY PASS: 8192 rows x 240 steps over 8 variant timelines, forward and backward, bit-exact
host: Unix 7.2.5.3, .NET 10.0.12, procs 32
benchmark artifacts: /tmp/ab352/ph-cand-4
// Validating benchmarks:
// ***** BenchmarkRunner: Start   *****
// ***** Found 14 benchmark(s) in total *****
// ***** Building 2 exe(s) in Parallel: Start   *****
// ***** Done, took 00:00:03 (3.47 sec)   *****
// Found 14 benchmarks:
//   PairHandleBenchmarks.Advance: Job-TZECNT(IterationCount=16, IterationTime=200ms, WarmupCount=8) [Shape=LaneUniform]
//   PairHandleBenchmarks.Advance: InProcess(Toolchain=InProcessEmitToolchain) [Shape=LaneUniform]
//   PairHandleBenchmarks.Advance: Job-TZECNT(IterationCount=16, IterationTime=200ms, WarmupCount=8) [Shape=PairOne]
//   PairHandleBenchmarks.Advance: InProcess(Toolchain=InProcessEmitToolchain) [Shape=PairOne]
//   PairHandleBenchmarks.Advance: Job-TZECNT(IterationCount=16, IterationTime=200ms, WarmupCount=8) [Shape=PairRuns8]
//   PairHandleBenchmarks.Advance: InProcess(Toolchain=InProcessEmitToolchain) [Shape=PairRuns8]
//   PairHandleBenchmarks.Advance: Job-TZECNT(IterationCount=16, IterationTime=200ms, WarmupCount=8) [Shape=PairAlternating8]
//   PairHandleBenchmarks.Advance: InProcess(Toolchain=InProcessEmitToolchain) [Shape=PairAlternating8]
//   PairHandleBenchmarks.Advance: Job-TZECNT(IterationCount=16, IterationTime=200ms, WarmupCount=8) [Shape=PairRuns8Waves]
//   PairHandleBenchmarks.Advance: InProcess(Toolchain=InProcessEmitToolchain) [Shape=PairRuns8Waves]
//   PairHandleBenchmarks.Advance: Job-TZECNT(IterationCount=16, IterationTime=200ms, WarmupCount=8) [Shape=PairBlocks8Waves]
//   PairHandleBenchmarks.Advance: InProcess(Toolchain=InProcessEmitToolchain) [Shape=PairBlocks8Waves]
//   PairHandleBenchmarks.Advance: Job-TZECNT(IterationCount=16, IterationTime=200ms, WarmupCount=8) [Shape=PairA(...)Waves [21]]
//   PairHandleBenchmarks.Advance: InProcess(Toolchain=InProcessEmitToolchain) [Shape=PairA(...)Waves [21]]

// **************************
// Benchmark: PairHandleBenchmarks.Advance: Job-TZECNT(IterationCount=16, IterationTime=200ms, WarmupCount=8) [Shape=LaneUniform]
// *** Execute ***
// Launch: 1 / 1
// Execute: dotnet PairHandles-Job-TZECNT-1.dll --anonymousPipes 138 139 --benchmarkName "PairHandles.PairHandleBenchmarks.Advance(Shape: LaneUniform)" --job "IterationCount=16, IterationTime=200ms, WarmupCount=8" --benchmarkId 0 in /home/i/GitHub/tl-w352/benchmarks/PairHandles/bin/Release/net10.0/PairHandles-Job-TZECNT-1/bin/Release/net10.0
// Failed to set up high priority (Permission denied). In order to run benchmarks with high priority, make sure you have the right permissions.
// BeforeAnythingElse

// Benchmark Process Environment Information:
// BenchmarkDotNet v0.15.8
// Runtime=.NET 10.0.12 (10.0.12, 10.0.1226.42308), X64 RyuJIT x86-64-v3
// GC=Concurrent Workstation
// HardwareIntrinsics=AVX2+BMI1+BMI2+F16C+FMA+LZCNT+MOVBE,AVX,SSE3+SSSE3+SSE4.1+SSE4.2+POPCNT,X86Base+SSE+SSE2,AES+PCLMUL,AvxVnni,SERIALIZE VectorSize=256
// Job: Job-TZECNT(IterationCount=16, IterationTime=200ms, WarmupCount=8)

OverheadJitting  1: 1 op, 74513.00 ns, 74.5130 us/op
WorkloadJitting  1: 1 op, 10364259.00 ns, 10.3643 ms/op

OverheadJitting  2: 16 op, 98518.00 ns, 6.1574 us/op
WorkloadJitting  2: 16 op, 653730.00 ns, 40.8581 us/op

WorkloadPilot    1: 16 op, 526660.00 ns, 32.9163 us/op
WorkloadPilot    2: 6080 op, 196310376.00 ns, 32.2879 us/op
WorkloadPilot    3: 6208 op, 194642174.00 ns, 31.3534 us/op
WorkloadPilot    4: 6384 op, 200131373.00 ns, 31.3489 us/op

OverheadWarmup   1: 6384 op, 11980.00 ns, 1.8766 ns/op
OverheadWarmup   2: 6384 op, 11473.00 ns, 1.7971 ns/op
OverheadWarmup   3: 6384 op, 11269.00 ns, 1.7652 ns/op
OverheadWarmup   4: 6384 op, 11298.00 ns, 1.7697 ns/op
OverheadWarmup   5: 6384 op, 10613.00 ns, 1.6624 ns/op
OverheadWarmup   6: 6384 op, 10563.00 ns, 1.6546 ns/op
OverheadWarmup   7: 6384 op, 10537.00 ns, 1.6505 ns/op
OverheadWarmup   8: 6384 op, 10517.00 ns, 1.6474 ns/op
OverheadWarmup   9: 6384 op, 10482.00 ns, 1.6419 ns/op
OverheadWarmup  10: 6384 op, 10531.00 ns, 1.6496 ns/op

OverheadActual   1: 6384 op, 10986.00 ns, 1.7209 ns/op
OverheadActual   2: 6384 op, 10753.00 ns, 1.6844 ns/op
OverheadActual   3: 6384 op, 10759.00 ns, 1.6853 ns/op
OverheadActual   4: 6384 op, 10597.00 ns, 1.6599 ns/op
OverheadActual   5: 6384 op, 10682.00 ns, 1.6732 ns/op
OverheadActual   6: 6384 op, 10545.00 ns, 1.6518 ns/op
OverheadActual   7: 6384 op, 10540.00 ns, 1.6510 ns/op
OverheadActual   8: 6384 op, 11963.00 ns, 1.8739 ns/op
OverheadActual   9: 6384 op, 10548.00 ns, 1.6523 ns/op
OverheadActual  10: 6384 op, 10497.00 ns, 1.6443 ns/op
OverheadActual  11: 6384 op, 10629.00 ns, 1.6649 ns/op
OverheadActual  12: 6384 op, 10501.00 ns, 1.6449 ns/op
OverheadActual  13: 6384 op, 10492.00 ns, 1.6435 ns/op
OverheadActual  14: 6384 op, 10525.00 ns, 1.6487 ns/op
OverheadActual  15: 6384 op, 10527.00 ns, 1.6490 ns/op

WorkloadWarmup   1: 6384 op, 200824143.00 ns, 31.4574 us/op
WorkloadWarmup   2: 6384 op, 200302231.00 ns, 31.3757 us/op
WorkloadWarmup   3: 6384 op, 200336169.00 ns, 31.3810 us/op
WorkloadWarmup   4: 6384 op, 200231084.00 ns, 31.3645 us/op
WorkloadWarmup   5: 6384 op, 200009547.00 ns, 31.3298 us/op
WorkloadWarmup   6: 6384 op, 201465966.00 ns, 31.5580 us/op
WorkloadWarmup   7: 6384 op, 200610201.00 ns, 31.4239 us/op
WorkloadWarmup   8: 6384 op, 200707166.00 ns, 31.4391 us/op

// BeforeActualRun
WorkloadActual   1: 6384 op, 200462649.00 ns, 31.4008 us/op
WorkloadActual   2: 6384 op, 200912484.00 ns, 31.4713 us/op
WorkloadActual   3: 6384 op, 201252174.00 ns, 31.5245 us/op
WorkloadActual   4: 6384 op, 199799489.00 ns, 31.2969 us/op
WorkloadActual   5: 6384 op, 199904316.00 ns, 31.3133 us/op
WorkloadActual   6: 6384 op, 200365913.00 ns, 31.3856 us/op
WorkloadActual   7: 6384 op, 200471977.00 ns, 31.4023 us/op
WorkloadActual   8: 6384 op, 201073994.00 ns, 31.4966 us/op
WorkloadActual   9: 6384 op, 200166913.00 ns, 31.3545 us/op
WorkloadActual  10: 6384 op, 200274835.00 ns, 31.3714 us/op
WorkloadActual  11: 6384 op, 200625488.00 ns, 31.4263 us/op
WorkloadActual  12: 6384 op, 200277112.00 ns, 31.3717 us/op
WorkloadActual  13: 6384 op, 200786011.00 ns, 31.4514 us/op
WorkloadActual  14: 6384 op, 200138760.00 ns, 31.3501 us/op
WorkloadActual  15: 6384 op, 200057596.00 ns, 31.3373 us/op
WorkloadActual  16: 6384 op, 200573191.00 ns, 31.4181 us/op

// AfterActualRun
WorkloadResult   1: 6384 op, 200452101.00 ns, 31.3991 us/op
WorkloadResult   2: 6384 op, 200901936.00 ns, 31.4696 us/op
WorkloadResult   3: 6384 op, 201241626.00 ns, 31.5228 us/op
WorkloadResult   4: 6384 op, 199788941.00 ns, 31.2953 us/op
WorkloadResult   5: 6384 op, 199893768.00 ns, 31.3117 us/op
WorkloadResult   6: 6384 op, 200355365.00 ns, 31.3840 us/op
WorkloadResult   7: 6384 op, 200461429.00 ns, 31.4006 us/op
WorkloadResult   8: 6384 op, 201063446.00 ns, 31.4949 us/op
WorkloadResult   9: 6384 op, 200156365.00 ns, 31.3528 us/op
WorkloadResult  10: 6384 op, 200264287.00 ns, 31.3697 us/op
WorkloadResult  11: 6384 op, 200614940.00 ns, 31.4246 us/op
WorkloadResult  12: 6384 op, 200266564.00 ns, 31.3701 us/op
WorkloadResult  13: 6384 op, 200775463.00 ns, 31.4498 us/op
WorkloadResult  14: 6384 op, 200128212.00 ns, 31.3484 us/op
WorkloadResult  15: 6384 op, 200047048.00 ns, 31.3357 us/op
WorkloadResult  16: 6384 op, 200562643.00 ns, 31.4165 us/op
// GC:  0 0 0 0 6384
// Threading:  0 0 6384

// AfterAll
// Benchmark Process 170747 has exited with code 0.

Mean = 31.397 us, StdErr = 0.016 us (0.05%), N = 16, StdDev = 0.064 us
Min = 31.295 us, Q1 = 31.352 us, Median = 31.392 us, Q3 = 31.431 us, Max = 31.523 us
IQR = 0.079 us, LowerFence = 31.233 us, UpperFence = 31.550 us
ConfidenceInterval = [31.331 us; 31.462 us] (CI 99.9%), Margin = 0.065 us (0.21% of Mean)
Skewness = 0.33, Kurtosis = 2.07, MValue = 2

// ** Remained 13 (92.9 %) benchmark(s) to run. Estimated finish 2026-09-22 5:46 (0h 1m from now) **
// **************************
// Benchmark: PairHandleBenchmarks.Advance: InProcess(Toolchain=InProcessEmitToolchain) [Shape=LaneUniform]
// *** Execute ***
// Launch: 1 / 1
// ! Failed to set up priority High for process System.Diagnostics.Process (PairHandles). Make sure you have the right permissions. Message: Permission denied

// Benchmark Process Environment Information:
// BenchmarkDotNet v0.15.8
// Runtime=.NET 10.0.12 (10.0.12, 10.0.1226.42308), X64 RyuJIT x86-64-v3
// GC=Concurrent Workstation
// HardwareIntrinsics=AVX2+BMI1+BMI2+F16C+FMA+LZCNT+MOVBE,AVX,SSE3+SSSE3+SSE4.1+SSE4.2+POPCNT,X86Base+SSE+SSE2,AES+PCLMUL,AvxVnni,SERIALIZE VectorSize=256
// Job: Job-JWQWGO(Toolchain=InProcessEmitToolchain)

OverheadJitting  1: 1 op, 75939.00 ns, 75.9390 us/op
WorkloadJitting  1: 1 op, 1976894.00 ns, 1.9769 ms/op

OverheadJitting  2: 16 op, 112670.00 ns, 7.0419 us/op
WorkloadJitting  2: 16 op, 760858.00 ns, 47.5536 us/op

WorkloadPilot    1: 16 op, 585768.00 ns, 36.6105 us/op
WorkloadPilot    2: 32 op, 1069133.00 ns, 33.4104 us/op
WorkloadPilot    3: 64 op, 2109890.00 ns, 32.9670 us/op
WorkloadPilot    4: 128 op, 4212929.00 ns, 32.9135 us/op
WorkloadPilot    5: 256 op, 8414137.00 ns, 32.8677 us/op
WorkloadPilot    6: 512 op, 16786358.00 ns, 32.7859 us/op
WorkloadPilot    7: 1024 op, 33498555.00 ns, 32.7134 us/op
WorkloadPilot    8: 2048 op, 66897780.00 ns, 32.6649 us/op
WorkloadPilot    9: 4096 op, 139685909.00 ns, 34.1030 us/op
WorkloadPilot   10: 8192 op, 265974895.00 ns, 32.4676 us/op
WorkloadPilot   11: 16384 op, 515032064.00 ns, 31.4351 us/op

OverheadWarmup   1: 16384 op, 23563.00 ns, 1.4382 ns/op
OverheadWarmup   2: 16384 op, 20093.00 ns, 1.2264 ns/op
OverheadWarmup   3: 16384 op, 20087.00 ns, 1.2260 ns/op
OverheadWarmup   4: 16384 op, 20445.00 ns, 1.2479 ns/op
OverheadWarmup   5: 16384 op, 20422.00 ns, 1.2465 ns/op
OverheadWarmup   6: 16384 op, 20471.00 ns, 1.2495 ns/op
OverheadWarmup   7: 16384 op, 20449.00 ns, 1.2481 ns/op

OverheadActual   1: 16384 op, 20552.00 ns, 1.2544 ns/op
OverheadActual   2: 16384 op, 20566.00 ns, 1.2552 ns/op
OverheadActual   3: 16384 op, 20543.00 ns, 1.2538 ns/op
OverheadActual   4: 16384 op, 20516.00 ns, 1.2522 ns/op
OverheadActual   5: 16384 op, 20517.00 ns, 1.2523 ns/op
OverheadActual   6: 16384 op, 20434.00 ns, 1.2472 ns/op
OverheadActual   7: 16384 op, 20429.00 ns, 1.2469 ns/op
OverheadActual   8: 16384 op, 20418.00 ns, 1.2462 ns/op
OverheadActual   9: 16384 op, 20424.00 ns, 1.2466 ns/op
OverheadActual  10: 16384 op, 20459.00 ns, 1.2487 ns/op
OverheadActual  11: 16384 op, 20416.00 ns, 1.2461 ns/op
OverheadActual  12: 16384 op, 20425.00 ns, 1.2466 ns/op
OverheadActual  13: 16384 op, 20459.00 ns, 1.2487 ns/op
OverheadActual  14: 16384 op, 25774.00 ns, 1.5731 ns/op
OverheadActual  15: 16384 op, 20416.00 ns, 1.2461 ns/op

WorkloadWarmup   1: 16384 op, 514552323.00 ns, 31.4058 us/op
WorkloadWarmup   2: 16384 op, 516026745.00 ns, 31.4958 us/op
WorkloadWarmup   3: 16384 op, 513283075.00 ns, 31.3283 us/op
WorkloadWarmup   4: 16384 op, 515236067.00 ns, 31.4475 us/op
WorkloadWarmup   5: 16384 op, 515102621.00 ns, 31.4394 us/op
WorkloadWarmup   6: 16384 op, 515206711.00 ns, 31.4457 us/op

WorkloadActual   1: 16384 op, 513717802.00 ns, 31.3548 us/op
WorkloadActual   2: 16384 op, 517557169.00 ns, 31.5892 us/op
WorkloadActual   3: 16384 op, 513922773.00 ns, 31.3674 us/op
WorkloadActual   4: 16384 op, 514639123.00 ns, 31.4111 us/op
WorkloadActual   5: 16384 op, 514127191.00 ns, 31.3798 us/op
WorkloadActual   6: 16384 op, 514744439.00 ns, 31.4175 us/op
WorkloadActual   7: 16384 op, 559011908.00 ns, 34.1194 us/op
WorkloadActual   8: 16384 op, 568483731.00 ns, 34.6975 us/op
WorkloadActual   9: 16384 op, 549282032.00 ns, 33.5255 us/op
WorkloadActual  10: 16384 op, 517391656.00 ns, 31.5791 us/op
WorkloadActual  11: 16384 op, 515377434.00 ns, 31.4561 us/op
WorkloadActual  12: 16384 op, 515457393.00 ns, 31.4610 us/op
WorkloadActual  13: 16384 op, 515220765.00 ns, 31.4466 us/op
WorkloadActual  14: 16384 op, 514173033.00 ns, 31.3826 us/op
WorkloadActual  15: 16384 op, 517025759.00 ns, 31.5567 us/op

WorkloadResult   1: 16384 op, 513697343.00 ns, 31.3536 us/op
WorkloadResult   2: 16384 op, 517536710.00 ns, 31.5879 us/op
WorkloadResult   3: 16384 op, 513902314.00 ns, 31.3661 us/op
WorkloadResult   4: 16384 op, 514618664.00 ns, 31.4098 us/op
WorkloadResult   5: 16384 op, 514106732.00 ns, 31.3786 us/op
WorkloadResult   6: 16384 op, 514723980.00 ns, 31.4163 us/op
WorkloadResult   7: 16384 op, 517371197.00 ns, 31.5778 us/op
WorkloadResult   8: 16384 op, 515356975.00 ns, 31.4549 us/op
WorkloadResult   9: 16384 op, 515436934.00 ns, 31.4598 us/op
WorkloadResult  10: 16384 op, 515200306.00 ns, 31.4453 us/op
WorkloadResult  11: 16384 op, 514152574.00 ns, 31.3814 us/op
WorkloadResult  12: 16384 op, 517005300.00 ns, 31.5555 us/op
// GC:  0 0 0 0 16384
// Threading:  0 0 16384


Mean = 31.449 us, StdErr = 0.024 us (0.08%), N = 12, StdDev = 0.083 us
Min = 31.354 us, Q1 = 31.381 us, Median = 31.431 us, Q3 = 31.484 us, Max = 31.588 us
IQR = 0.103 us, LowerFence = 31.226 us, UpperFence = 31.638 us
ConfidenceInterval = [31.343 us; 31.555 us] (CI 99.9%), Margin = 0.106 us (0.34% of Mean)
Skewness = 0.56, Kurtosis = 1.69, MValue = 2

// ** Remained 12 (85.7 %) benchmark(s) to run. Estimated finish 2026-09-22 5:47 (0h 1m from now) **
// **************************
// Benchmark: PairHandleBenchmarks.Advance: Job-TZECNT(IterationCount=16, IterationTime=200ms, WarmupCount=8) [Shape=PairOne]
// *** Execute ***
// Launch: 1 / 1
// Execute: dotnet PairHandles-Job-TZECNT-1.dll --anonymousPipes 118 119 --benchmarkName "PairHandles.PairHandleBenchmarks.Advance(Shape: PairOne)" --job "IterationCount=16, IterationTime=200ms, WarmupCount=8" --benchmarkId 1 in /home/i/GitHub/tl-w352/benchmarks/PairHandles/bin/Release/net10.0/PairHandles-Job-TZECNT-1/bin/Release/net10.0
// Failed to set up high priority (Permission denied). In order to run benchmarks with high priority, make sure you have the right permissions.
// BeforeAnythingElse

// Benchmark Process Environment Information:
// BenchmarkDotNet v0.15.8
// Runtime=.NET 10.0.12 (10.0.12, 10.0.1226.42308), X64 RyuJIT x86-64-v3
// GC=Concurrent Workstation
// HardwareIntrinsics=AVX2+BMI1+BMI2+F16C+FMA+LZCNT+MOVBE,AVX,SSE3+SSSE3+SSE4.1+SSE4.2+POPCNT,X86Base+SSE+SSE2,AES+PCLMUL,AvxVnni,SERIALIZE VectorSize=256
// Job: Job-TZECNT(IterationCount=16, IterationTime=200ms, WarmupCount=8)

OverheadJitting  1: 1 op, 78674.00 ns, 78.6740 us/op
WorkloadJitting  1: 1 op, 10923607.00 ns, 10.9236 ms/op

OverheadJitting  2: 16 op, 112354.00 ns, 7.0221 us/op
WorkloadJitting  2: 16 op, 700473.00 ns, 43.7796 us/op

WorkloadPilot    1: 16 op, 590183.00 ns, 36.8864 us/op
WorkloadPilot    2: 5424 op, 186107035.00 ns, 34.3118 us/op
WorkloadPilot    3: 5840 op, 195925372.00 ns, 33.5489 us/op
WorkloadPilot    4: 5968 op, 186713428.00 ns, 31.2858 us/op
WorkloadPilot    5: 6400 op, 221774402.00 ns, 34.6523 us/op
WorkloadPilot    6: 5776 op, 186913097.00 ns, 32.3603 us/op
WorkloadPilot    7: 6192 op, 194138174.00 ns, 31.3531 us/op
WorkloadPilot    8: 6384 op, 200561879.00 ns, 31.4163 us/op
WorkloadPilot    9: 6368 op, 221032521.00 ns, 34.7099 us/op

OverheadWarmup   1: 6368 op, 12096.00 ns, 1.8995 ns/op
OverheadWarmup   2: 6368 op, 14658.00 ns, 2.3018 ns/op
OverheadWarmup   3: 6368 op, 11300.00 ns, 1.7745 ns/op
OverheadWarmup   4: 6368 op, 11295.00 ns, 1.7737 ns/op
OverheadWarmup   5: 6368 op, 10531.00 ns, 1.6537 ns/op
OverheadWarmup   6: 6368 op, 10507.00 ns, 1.6500 ns/op
OverheadWarmup   7: 6368 op, 10447.00 ns, 1.6405 ns/op
OverheadWarmup   8: 6368 op, 10450.00 ns, 1.6410 ns/op
OverheadWarmup   9: 6368 op, 10491.00 ns, 1.6475 ns/op
OverheadWarmup  10: 6368 op, 10472.00 ns, 1.6445 ns/op

OverheadActual   1: 6368 op, 10902.00 ns, 1.7120 ns/op
OverheadActual   2: 6368 op, 10768.00 ns, 1.6910 ns/op
OverheadActual   3: 6368 op, 10732.00 ns, 1.6853 ns/op
OverheadActual   4: 6368 op, 10481.00 ns, 1.6459 ns/op
OverheadActual   5: 6368 op, 10819.00 ns, 1.6990 ns/op
OverheadActual   6: 6368 op, 10689.00 ns, 1.6785 ns/op
OverheadActual   7: 6368 op, 10507.00 ns, 1.6500 ns/op
OverheadActual   8: 6368 op, 10493.00 ns, 1.6478 ns/op
OverheadActual   9: 6368 op, 10474.00 ns, 1.6448 ns/op
OverheadActual  10: 6368 op, 10491.00 ns, 1.6475 ns/op
OverheadActual  11: 6368 op, 10607.00 ns, 1.6657 ns/op
OverheadActual  12: 6368 op, 10480.00 ns, 1.6457 ns/op
OverheadActual  13: 6368 op, 10463.00 ns, 1.6431 ns/op
OverheadActual  14: 6368 op, 10501.00 ns, 1.6490 ns/op
OverheadActual  15: 6368 op, 10492.00 ns, 1.6476 ns/op

WorkloadWarmup   1: 6368 op, 219697719.00 ns, 34.5003 us/op
WorkloadWarmup   2: 6368 op, 209528553.00 ns, 32.9034 us/op
WorkloadWarmup   3: 6368 op, 211063899.00 ns, 33.1445 us/op
WorkloadWarmup   4: 6368 op, 221136195.00 ns, 34.7262 us/op
WorkloadWarmup   5: 6368 op, 219078072.00 ns, 34.4030 us/op
WorkloadWarmup   6: 6368 op, 220260604.00 ns, 34.5887 us/op
WorkloadWarmup   7: 6368 op, 215467026.00 ns, 33.8359 us/op
WorkloadWarmup   8: 6368 op, 197631412.00 ns, 31.0351 us/op

// BeforeActualRun
WorkloadActual   1: 6368 op, 199854060.00 ns, 31.3841 us/op
WorkloadActual   2: 6368 op, 197339787.00 ns, 30.9893 us/op
WorkloadActual   3: 6368 op, 198766120.00 ns, 31.2133 us/op
WorkloadActual   4: 6368 op, 198895213.00 ns, 31.2335 us/op
WorkloadActual   5: 6368 op, 199195064.00 ns, 31.2806 us/op
WorkloadActual   6: 6368 op, 221840941.00 ns, 34.8368 us/op
WorkloadActual   7: 6368 op, 219842138.00 ns, 34.5229 us/op
WorkloadActual   8: 6368 op, 219622960.00 ns, 34.4885 us/op
WorkloadActual   9: 6368 op, 218995547.00 ns, 34.3900 us/op
WorkloadActual  10: 6368 op, 199328025.00 ns, 31.3015 us/op
WorkloadActual  11: 6368 op, 199013905.00 ns, 31.2522 us/op
WorkloadActual  12: 6368 op, 198367427.00 ns, 31.1507 us/op
WorkloadActual  13: 6368 op, 198892630.00 ns, 31.2331 us/op
WorkloadActual  14: 6368 op, 207559137.00 ns, 32.5941 us/op
WorkloadActual  15: 6368 op, 199296341.00 ns, 31.2965 us/op
WorkloadActual  16: 6368 op, 199242218.00 ns, 31.2880 us/op

// AfterActualRun
WorkloadResult   1: 6368 op, 199843559.00 ns, 31.3825 us/op
WorkloadResult   2: 6368 op, 197329286.00 ns, 30.9876 us/op
WorkloadResult   3: 6368 op, 198755619.00 ns, 31.2116 us/op
WorkloadResult   4: 6368 op, 198884712.00 ns, 31.2319 us/op
WorkloadResult   5: 6368 op, 199184563.00 ns, 31.2790 us/op
WorkloadResult   6: 6368 op, 221830440.00 ns, 34.8352 us/op
WorkloadResult   7: 6368 op, 219831637.00 ns, 34.5213 us/op
WorkloadResult   8: 6368 op, 219612459.00 ns, 34.4869 us/op
WorkloadResult   9: 6368 op, 218985046.00 ns, 34.3884 us/op
WorkloadResult  10: 6368 op, 199317524.00 ns, 31.2999 us/op
WorkloadResult  11: 6368 op, 199003404.00 ns, 31.2505 us/op
WorkloadResult  12: 6368 op, 198356926.00 ns, 31.1490 us/op
WorkloadResult  13: 6368 op, 198882129.00 ns, 31.2315 us/op
WorkloadResult  14: 6368 op, 207548636.00 ns, 32.5924 us/op
WorkloadResult  15: 6368 op, 199285840.00 ns, 31.2949 us/op
WorkloadResult  16: 6368 op, 199231717.00 ns, 31.2864 us/op
// GC:  0 0 0 0 6368
// Threading:  0 0 6368

// AfterAll
// Benchmark Process 170785 has exited with code 0.

Mean = 32.152 us, StdErr = 0.370 us (1.15%), N = 16, StdDev = 1.478 us
Min = 30.988 us, Q1 = 31.232 us, Median = 31.291 us, Q3 = 33.041 us, Max = 34.835 us
IQR = 1.810 us, LowerFence = 28.517 us, UpperFence = 35.756 us
ConfidenceInterval = [30.647 us; 33.657 us] (CI 99.9%), Margin = 1.505 us (4.68% of Mean)
Skewness = 0.93, Kurtosis = 1.92, MValue = 2.55

// ** Remained 11 (78.6 %) benchmark(s) to run. Estimated finish 2026-09-22 5:47 (0h 1m from now) **
// **************************
// Benchmark: PairHandleBenchmarks.Advance: InProcess(Toolchain=InProcessEmitToolchain) [Shape=PairOne]
// *** Execute ***
// Launch: 1 / 1
// ! Failed to set up priority High for process System.Diagnostics.Process (PairHandles). Make sure you have the right permissions. Message: Permission denied

// Benchmark Process Environment Information:
// BenchmarkDotNet v0.15.8
// Runtime=.NET 10.0.12 (10.0.12, 10.0.1226.42308), X64 RyuJIT x86-64-v3
// GC=Concurrent Workstation
// HardwareIntrinsics=AVX2+BMI1+BMI2+F16C+FMA+LZCNT+MOVBE,AVX,SSE3+SSSE3+SSE4.1+SSE4.2+POPCNT,X86Base+SSE+SSE2,AES+PCLMUL,AvxVnni,SERIALIZE VectorSize=256
// Job: Job-JWQWGO(Toolchain=InProcessEmitToolchain)

OverheadJitting  1: 1 op, 125949.00 ns, 125.9490 us/op
WorkloadJitting  1: 1 op, 137529.00 ns, 137.5290 us/op

OverheadJitting  2: 16 op, 114532.00 ns, 7.1583 us/op
WorkloadJitting  2: 16 op, 677614.00 ns, 42.3509 us/op

WorkloadPilot    1: 16 op, 556285.00 ns, 34.7678 us/op
WorkloadPilot    2: 32 op, 1107519.00 ns, 34.6100 us/op
WorkloadPilot    3: 64 op, 2209372.00 ns, 34.5214 us/op
WorkloadPilot    4: 128 op, 4415432.00 ns, 34.4956 us/op
WorkloadPilot    5: 256 op, 8721818.00 ns, 34.0696 us/op
WorkloadPilot    6: 512 op, 17624578.00 ns, 34.4230 us/op
WorkloadPilot    7: 1024 op, 30525219.00 ns, 29.8098 us/op
WorkloadPilot    8: 2048 op, 70324009.00 ns, 34.3379 us/op
WorkloadPilot    9: 4096 op, 126963036.00 ns, 30.9968 us/op
WorkloadPilot   10: 8192 op, 235230875.00 ns, 28.7147 us/op
WorkloadPilot   11: 16384 op, 471280712.00 ns, 28.7647 us/op
WorkloadPilot   12: 32768 op, 956692422.00 ns, 29.1959 us/op

OverheadWarmup   1: 32768 op, 43799.00 ns, 1.3366 ns/op
OverheadWarmup   2: 32768 op, 42119.00 ns, 1.2854 ns/op
OverheadWarmup   3: 32768 op, 42359.00 ns, 1.2927 ns/op
OverheadWarmup   4: 32768 op, 44028.00 ns, 1.3436 ns/op
OverheadWarmup   5: 32768 op, 42059.00 ns, 1.2835 ns/op
OverheadWarmup   6: 32768 op, 42077.00 ns, 1.2841 ns/op
OverheadWarmup   7: 32768 op, 42308.00 ns, 1.2911 ns/op
OverheadWarmup   8: 32768 op, 42260.00 ns, 1.2897 ns/op

OverheadActual   1: 32768 op, 42143.00 ns, 1.2861 ns/op
OverheadActual   2: 32768 op, 42075.00 ns, 1.2840 ns/op
OverheadActual   3: 32768 op, 42093.00 ns, 1.2846 ns/op
OverheadActual   4: 32768 op, 42088.00 ns, 1.2844 ns/op
OverheadActual   5: 32768 op, 42081.00 ns, 1.2842 ns/op
OverheadActual   6: 32768 op, 42092.00 ns, 1.2845 ns/op
OverheadActual   7: 32768 op, 42056.00 ns, 1.2834 ns/op
OverheadActual   8: 32768 op, 42060.00 ns, 1.2836 ns/op
OverheadActual   9: 32768 op, 42083.00 ns, 1.2843 ns/op
OverheadActual  10: 32768 op, 42060.00 ns, 1.2836 ns/op
OverheadActual  11: 32768 op, 42059.00 ns, 1.2835 ns/op
OverheadActual  12: 32768 op, 44328.00 ns, 1.3528 ns/op
OverheadActual  13: 32768 op, 42079.00 ns, 1.2841 ns/op
OverheadActual  14: 32768 op, 42092.00 ns, 1.2845 ns/op
OverheadActual  15: 32768 op, 42061.00 ns, 1.2836 ns/op

WorkloadWarmup   1: 32768 op, 1027159342.00 ns, 31.3464 us/op
WorkloadWarmup   2: 32768 op, 949120235.00 ns, 28.9649 us/op
WorkloadWarmup   3: 32768 op, 963903594.00 ns, 29.4160 us/op
WorkloadWarmup   4: 32768 op, 964599105.00 ns, 29.4372 us/op
WorkloadWarmup   5: 32768 op, 967157899.00 ns, 29.5153 us/op
WorkloadWarmup   6: 32768 op, 961718031.00 ns, 29.3493 us/op
WorkloadWarmup   7: 32768 op, 966989260.00 ns, 29.5102 us/op
WorkloadWarmup   8: 32768 op, 960869950.00 ns, 29.3234 us/op

WorkloadActual   1: 32768 op, 1066279677.00 ns, 32.5403 us/op
WorkloadActual   2: 32768 op, 953151733.00 ns, 29.0879 us/op
WorkloadActual   3: 32768 op, 952395626.00 ns, 29.0648 us/op
WorkloadActual   4: 32768 op, 959649375.00 ns, 29.2862 us/op
WorkloadActual   5: 32768 op, 956006999.00 ns, 29.1750 us/op
WorkloadActual   6: 32768 op, 956817074.00 ns, 29.1997 us/op
WorkloadActual   7: 32768 op, 949879528.00 ns, 28.9880 us/op
WorkloadActual   8: 32768 op, 957737828.00 ns, 29.2278 us/op
WorkloadActual   9: 32768 op, 968301080.00 ns, 29.5502 us/op
WorkloadActual  10: 32768 op, 970931693.00 ns, 29.6305 us/op
WorkloadActual  11: 32768 op, 963469686.00 ns, 29.4028 us/op
WorkloadActual  12: 32768 op, 968511306.00 ns, 29.5566 us/op
WorkloadActual  13: 32768 op, 994626571.00 ns, 30.3536 us/op
WorkloadActual  14: 32768 op, 962176470.00 ns, 29.3633 us/op
WorkloadActual  15: 32768 op, 974296144.00 ns, 29.7332 us/op

WorkloadResult   1: 32768 op, 953109652.00 ns, 29.0866 us/op
WorkloadResult   2: 32768 op, 952353545.00 ns, 29.0635 us/op
WorkloadResult   3: 32768 op, 959607294.00 ns, 29.2849 us/op
WorkloadResult   4: 32768 op, 955964918.00 ns, 29.1737 us/op
WorkloadResult   5: 32768 op, 956774993.00 ns, 29.1985 us/op
WorkloadResult   6: 32768 op, 949837447.00 ns, 28.9867 us/op
WorkloadResult   7: 32768 op, 957695747.00 ns, 29.2266 us/op
WorkloadResult   8: 32768 op, 968258999.00 ns, 29.5489 us/op
WorkloadResult   9: 32768 op, 970889612.00 ns, 29.6292 us/op
WorkloadResult  10: 32768 op, 963427605.00 ns, 29.4015 us/op
WorkloadResult  11: 32768 op, 968469225.00 ns, 29.5553 us/op
WorkloadResult  12: 32768 op, 962134389.00 ns, 29.3620 us/op
WorkloadResult  13: 32768 op, 974254063.00 ns, 29.7319 us/op
// GC:  0 0 0 672 32768
// Threading:  0 0 32768


Mean = 29.327 us, StdErr = 0.065 us (0.22%), N = 13, StdDev = 0.234 us
Min = 28.987 us, Q1 = 29.174 us, Median = 29.285 us, Q3 = 29.549 us, Max = 29.732 us
IQR = 0.375 us, LowerFence = 28.611 us, UpperFence = 30.112 us
ConfidenceInterval = [29.046 us; 29.607 us] (CI 99.9%), Margin = 0.280 us (0.96% of Mean)
Skewness = 0.23, Kurtosis = 1.61, MValue = 2

// ** Remained 10 (71.4 %) benchmark(s) to run. Estimated finish 2026-09-22 5:48 (0h 2m from now) **
// **************************
// Benchmark: PairHandleBenchmarks.Advance: Job-TZECNT(IterationCount=16, IterationTime=200ms, WarmupCount=8) [Shape=PairRuns8]
// *** Execute ***
// Launch: 1 / 1
// Execute: dotnet PairHandles-Job-TZECNT-1.dll --anonymousPipes 118 119 --benchmarkName "PairHandles.PairHandleBenchmarks.Advance(Shape: PairRuns8)" --job "IterationCount=16, IterationTime=200ms, WarmupCount=8" --benchmarkId 2 in /home/i/GitHub/tl-w352/benchmarks/PairHandles/bin/Release/net10.0/PairHandles-Job-TZECNT-1/bin/Release/net10.0
// Failed to set up high priority (Permission denied). In order to run benchmarks with high priority, make sure you have the right permissions.
// BeforeAnythingElse

// Benchmark Process Environment Information:
// BenchmarkDotNet v0.15.8
// Runtime=.NET 10.0.12 (10.0.12, 10.0.1226.42308), X64 RyuJIT x86-64-v3
// GC=Concurrent Workstation
// HardwareIntrinsics=AVX2+BMI1+BMI2+F16C+FMA+LZCNT+MOVBE,AVX,SSE3+SSSE3+SSE4.1+SSE4.2+POPCNT,X86Base+SSE+SSE2,AES+PCLMUL,AvxVnni,SERIALIZE VectorSize=256
// Job: Job-TZECNT(IterationCount=16, IterationTime=200ms, WarmupCount=8)

OverheadJitting  1: 1 op, 84846.00 ns, 84.8460 us/op
WorkloadJitting  1: 1 op, 15188194.00 ns, 15.1882 ms/op

WorkloadPilot    1: 4 op, 1027028.00 ns, 256.7570 us/op
WorkloadPilot    2: 779 op, 29460958.00 ns, 37.8189 us/op
WorkloadPilot    3: 5288 op, 197680035.00 ns, 37.3828 us/op
WorkloadPilot    4: 5350 op, 196306647.00 ns, 36.6928 us/op
WorkloadPilot    5: 5451 op, 211408929.00 ns, 38.7835 us/op
WorkloadPilot    6: 5157 op, 200763794.00 ns, 38.9303 us/op
WorkloadPilot    7: 5137 op, 192918356.00 ns, 37.5547 us/op
WorkloadPilot    8: 5326 op, 195622094.00 ns, 36.7296 us/op
WorkloadPilot    9: 5445 op, 204341223.00 ns, 37.5282 us/op

WorkloadWarmup   1: 5445 op, 199033570.00 ns, 36.5535 us/op
WorkloadWarmup   2: 5445 op, 199338090.00 ns, 36.6094 us/op
WorkloadWarmup   3: 5445 op, 199685812.00 ns, 36.6732 us/op
WorkloadWarmup   4: 5445 op, 199811672.00 ns, 36.6964 us/op
WorkloadWarmup   5: 5445 op, 199121904.00 ns, 36.5697 us/op
WorkloadWarmup   6: 5445 op, 199288139.00 ns, 36.6002 us/op
WorkloadWarmup   7: 5445 op, 199632743.00 ns, 36.6635 us/op
WorkloadWarmup   8: 5445 op, 199023224.00 ns, 36.5516 us/op

// BeforeActualRun
WorkloadActual   1: 5445 op, 214870083.00 ns, 39.4619 us/op
WorkloadActual   2: 5445 op, 211809170.00 ns, 38.8998 us/op
WorkloadActual   3: 5445 op, 211912080.00 ns, 38.9187 us/op
WorkloadActual   4: 5445 op, 201056251.00 ns, 36.9249 us/op
WorkloadActual   5: 5445 op, 199501862.00 ns, 36.6395 us/op
WorkloadActual   6: 5445 op, 200029339.00 ns, 36.7363 us/op
WorkloadActual   7: 5445 op, 199056156.00 ns, 36.5576 us/op
WorkloadActual   8: 5445 op, 198916557.00 ns, 36.5320 us/op
WorkloadActual   9: 5445 op, 221538728.00 ns, 40.6866 us/op
WorkloadActual  10: 5445 op, 213872984.00 ns, 39.2788 us/op
WorkloadActual  11: 5445 op, 214483889.00 ns, 39.3910 us/op
WorkloadActual  12: 5445 op, 212878238.00 ns, 39.0961 us/op
WorkloadActual  13: 5445 op, 214437536.00 ns, 39.3825 us/op
WorkloadActual  14: 5445 op, 201504116.00 ns, 37.0072 us/op
WorkloadActual  15: 5445 op, 199610548.00 ns, 36.6594 us/op
WorkloadActual  16: 5445 op, 199623434.00 ns, 36.6618 us/op

// AfterActualRun
WorkloadResult   1: 5445 op, 214870083.00 ns, 39.4619 us/op
WorkloadResult   2: 5445 op, 211809170.00 ns, 38.8998 us/op
WorkloadResult   3: 5445 op, 211912080.00 ns, 38.9187 us/op
WorkloadResult   4: 5445 op, 201056251.00 ns, 36.9249 us/op
WorkloadResult   5: 5445 op, 199501862.00 ns, 36.6395 us/op
WorkloadResult   6: 5445 op, 200029339.00 ns, 36.7363 us/op
WorkloadResult   7: 5445 op, 199056156.00 ns, 36.5576 us/op
WorkloadResult   8: 5445 op, 198916557.00 ns, 36.5320 us/op
WorkloadResult   9: 5445 op, 221538728.00 ns, 40.6866 us/op
WorkloadResult  10: 5445 op, 213872984.00 ns, 39.2788 us/op
WorkloadResult  11: 5445 op, 214483889.00 ns, 39.3910 us/op
WorkloadResult  12: 5445 op, 212878238.00 ns, 39.0961 us/op
WorkloadResult  13: 5445 op, 214437536.00 ns, 39.3825 us/op
WorkloadResult  14: 5445 op, 201504116.00 ns, 37.0072 us/op
WorkloadResult  15: 5445 op, 199610548.00 ns, 36.6594 us/op
WorkloadResult  16: 5445 op, 199623434.00 ns, 36.6618 us/op
// GC:  0 0 0 0 5445
// Threading:  0 0 5445

// AfterAll
// Benchmark Process 170866 has exited with code 0.

Mean = 38.052 us, StdErr = 0.360 us (0.95%), N = 16, StdDev = 1.439 us
Min = 36.532 us, Q1 = 36.661 us, Median = 37.953 us, Q3 = 39.305 us, Max = 40.687 us
IQR = 2.644 us, LowerFence = 32.696 us, UpperFence = 43.270 us
ConfidenceInterval = [36.587 us; 39.517 us] (CI 99.9%), Margin = 1.465 us (3.85% of Mean)
Skewness = 0.21, Kurtosis = 1.32, MValue = 3.75

// ** Remained 9 (64.3 %) benchmark(s) to run. Estimated finish 2026-09-22 5:47 (0h 1m from now) **
// **************************
// Benchmark: PairHandleBenchmarks.Advance: InProcess(Toolchain=InProcessEmitToolchain) [Shape=PairRuns8]
// *** Execute ***
// Launch: 1 / 1
// ! Failed to set up priority High for process System.Diagnostics.Process (PairHandles). Make sure you have the right permissions. Message: Permission denied

// Benchmark Process Environment Information:
// BenchmarkDotNet v0.15.8
// Runtime=.NET 10.0.12 (10.0.12, 10.0.1226.42308), X64 RyuJIT x86-64-v3
// GC=Concurrent Workstation
// HardwareIntrinsics=AVX2+BMI1+BMI2+F16C+FMA+LZCNT+MOVBE,AVX,SSE3+SSSE3+SSE4.1+SSE4.2+POPCNT,X86Base+SSE+SSE2,AES+PCLMUL,AvxVnni,SERIALIZE VectorSize=256
// Job: Job-JWQWGO(Toolchain=InProcessEmitToolchain)

OverheadJitting  1: 1 op, 94236.00 ns, 94.2360 us/op
WorkloadJitting  1: 1 op, 148436.00 ns, 148.4360 us/op

OverheadJitting  2: 16 op, 109006.00 ns, 6.8129 us/op
WorkloadJitting  2: 16 op, 707763.00 ns, 44.2352 us/op

WorkloadPilot    1: 16 op, 599055.00 ns, 37.4409 us/op
WorkloadPilot    2: 32 op, 1187530.00 ns, 37.1103 us/op
WorkloadPilot    3: 64 op, 2392188.00 ns, 37.3779 us/op
WorkloadPilot    4: 128 op, 4714799.00 ns, 36.8344 us/op
WorkloadPilot    5: 256 op, 9745875.00 ns, 38.0698 us/op
WorkloadPilot    6: 512 op, 18850818.00 ns, 36.8180 us/op
WorkloadPilot    7: 1024 op, 38152475.00 ns, 37.2583 us/op
WorkloadPilot    8: 2048 op, 74830110.00 ns, 36.5381 us/op
WorkloadPilot    9: 4096 op, 153038796.00 ns, 37.3630 us/op
WorkloadPilot   10: 8192 op, 297239448.00 ns, 36.2841 us/op
WorkloadPilot   11: 16384 op, 591588087.00 ns, 36.1077 us/op

OverheadWarmup   1: 16384 op, 25144.00 ns, 1.5347 ns/op
OverheadWarmup   2: 16384 op, 22680.00 ns, 1.3843 ns/op
OverheadWarmup   3: 16384 op, 22658.00 ns, 1.3829 ns/op
OverheadWarmup   4: 16384 op, 21323.00 ns, 1.3015 ns/op
OverheadWarmup   5: 16384 op, 22794.00 ns, 1.3912 ns/op
OverheadWarmup   6: 16384 op, 21244.00 ns, 1.2966 ns/op
OverheadWarmup   7: 16384 op, 21207.00 ns, 1.2944 ns/op
OverheadWarmup   8: 16384 op, 21104.00 ns, 1.2881 ns/op
OverheadWarmup   9: 16384 op, 21085.00 ns, 1.2869 ns/op
OverheadWarmup  10: 16384 op, 21083.00 ns, 1.2868 ns/op

OverheadActual   1: 16384 op, 21049.00 ns, 1.2847 ns/op
OverheadActual   2: 16384 op, 21052.00 ns, 1.2849 ns/op
OverheadActual   3: 16384 op, 21124.00 ns, 1.2893 ns/op
OverheadActual   4: 16384 op, 21040.00 ns, 1.2842 ns/op
OverheadActual   5: 16384 op, 21061.00 ns, 1.2855 ns/op
OverheadActual   6: 16384 op, 21082.00 ns, 1.2867 ns/op
OverheadActual   7: 16384 op, 21073.00 ns, 1.2862 ns/op
OverheadActual   8: 16384 op, 21062.00 ns, 1.2855 ns/op
OverheadActual   9: 16384 op, 21078.00 ns, 1.2865 ns/op
OverheadActual  10: 16384 op, 21076.00 ns, 1.2864 ns/op
OverheadActual  11: 16384 op, 21077.00 ns, 1.2864 ns/op
OverheadActual  12: 16384 op, 21086.00 ns, 1.2870 ns/op
OverheadActual  13: 16384 op, 23040.00 ns, 1.4063 ns/op
OverheadActual  14: 16384 op, 21068.00 ns, 1.2859 ns/op
OverheadActual  15: 16384 op, 21076.00 ns, 1.2864 ns/op

WorkloadWarmup   1: 16384 op, 610289042.00 ns, 37.2491 us/op
WorkloadWarmup   2: 16384 op, 593536124.00 ns, 36.2266 us/op
WorkloadWarmup   3: 16384 op, 593467928.00 ns, 36.2224 us/op
WorkloadWarmup   4: 16384 op, 603874250.00 ns, 36.8576 us/op
WorkloadWarmup   5: 16384 op, 593378419.00 ns, 36.2169 us/op
WorkloadWarmup   6: 16384 op, 593348457.00 ns, 36.2151 us/op
WorkloadWarmup   7: 16384 op, 592305066.00 ns, 36.1514 us/op
WorkloadWarmup   8: 16384 op, 593116227.00 ns, 36.2009 us/op
WorkloadWarmup   9: 16384 op, 594189269.00 ns, 36.2664 us/op
WorkloadWarmup  10: 16384 op, 592817075.00 ns, 36.1827 us/op

WorkloadActual   1: 16384 op, 593464502.00 ns, 36.2222 us/op
WorkloadActual   2: 16384 op, 593106855.00 ns, 36.2004 us/op
WorkloadActual   3: 16384 op, 593576543.00 ns, 36.2290 us/op
WorkloadActual   4: 16384 op, 593551615.00 ns, 36.2275 us/op
WorkloadActual   5: 16384 op, 591698567.00 ns, 36.1144 us/op
WorkloadActual   6: 16384 op, 593507875.00 ns, 36.2248 us/op
WorkloadActual   7: 16384 op, 593859975.00 ns, 36.2463 us/op
WorkloadActual   8: 16384 op, 593466674.00 ns, 36.2223 us/op
WorkloadActual   9: 16384 op, 600290639.00 ns, 36.6388 us/op
WorkloadActual  10: 16384 op, 600801994.00 ns, 36.6700 us/op
WorkloadActual  11: 16384 op, 619115593.00 ns, 37.7878 us/op
WorkloadActual  12: 16384 op, 597000569.00 ns, 36.4380 us/op
WorkloadActual  13: 16384 op, 607799295.00 ns, 37.0971 us/op
WorkloadActual  14: 16384 op, 595111406.00 ns, 36.3227 us/op
WorkloadActual  15: 16384 op, 592541648.00 ns, 36.1659 us/op

WorkloadResult   1: 16384 op, 593443426.00 ns, 36.2209 us/op
WorkloadResult   2: 16384 op, 593085779.00 ns, 36.1991 us/op
WorkloadResult   3: 16384 op, 593555467.00 ns, 36.2278 us/op
WorkloadResult   4: 16384 op, 593530539.00 ns, 36.2262 us/op
WorkloadResult   5: 16384 op, 591677491.00 ns, 36.1131 us/op
WorkloadResult   6: 16384 op, 593486799.00 ns, 36.2236 us/op
WorkloadResult   7: 16384 op, 593838899.00 ns, 36.2450 us/op
WorkloadResult   8: 16384 op, 593445598.00 ns, 36.2210 us/op
WorkloadResult   9: 16384 op, 600269563.00 ns, 36.6375 us/op
WorkloadResult  10: 16384 op, 600780918.00 ns, 36.6688 us/op
WorkloadResult  11: 16384 op, 596979493.00 ns, 36.4367 us/op
WorkloadResult  12: 16384 op, 595090330.00 ns, 36.3214 us/op
WorkloadResult  13: 16384 op, 592520572.00 ns, 36.1646 us/op
// GC:  0 0 0 4656 16384
// Threading:  0 0 16384


Mean = 36.300 us, StdErr = 0.048 us (0.13%), N = 13, StdDev = 0.174 us
Min = 36.113 us, Q1 = 36.221 us, Median = 36.226 us, Q3 = 36.321 us, Max = 36.669 us
IQR = 0.101 us, LowerFence = 36.070 us, UpperFence = 36.472 us
ConfidenceInterval = [36.092 us; 36.509 us] (CI 99.9%), Margin = 0.209 us (0.57% of Mean)
Skewness = 1.14, Kurtosis = 2.79, MValue = 2

// ** Remained 8 (57.1 %) benchmark(s) to run. Estimated finish 2026-09-22 5:47 (0h 1m from now) **
// **************************
// Benchmark: PairHandleBenchmarks.Advance: Job-TZECNT(IterationCount=16, IterationTime=200ms, WarmupCount=8) [Shape=PairAlternating8]
// *** Execute ***
// Launch: 1 / 1
// Execute: dotnet PairHandles-Job-TZECNT-1.dll --anonymousPipes 118 119 --benchmarkName "PairHandles.PairHandleBenchmarks.Advance(Shape: PairAlternating8)" --job "IterationCount=16, IterationTime=200ms, WarmupCount=8" --benchmarkId 3 in /home/i/GitHub/tl-w352/benchmarks/PairHandles/bin/Release/net10.0/PairHandles-Job-TZECNT-1/bin/Release/net10.0
// Failed to set up high priority (Permission denied). In order to run benchmarks with high priority, make sure you have the right permissions.
// BeforeAnythingElse

// Benchmark Process Environment Information:
// BenchmarkDotNet v0.15.8
// Runtime=.NET 10.0.12 (10.0.12, 10.0.1226.42308), X64 RyuJIT x86-64-v3
// GC=Concurrent Workstation
// HardwareIntrinsics=AVX2+BMI1+BMI2+F16C+FMA+LZCNT+MOVBE,AVX,SSE3+SSSE3+SSE4.1+SSE4.2+POPCNT,X86Base+SSE+SSE2,AES+PCLMUL,AvxVnni,SERIALIZE VectorSize=256
// Job: Job-TZECNT(IterationCount=16, IterationTime=200ms, WarmupCount=8)

OverheadJitting  1: 1 op, 76213.00 ns, 76.2130 us/op
WorkloadJitting  1: 1 op, 13902058.00 ns, 13.9021 ms/op

WorkloadPilot    1: 4 op, 320338.00 ns, 80.0845 us/op
WorkloadPilot    2: 2497 op, 174355648.00 ns, 69.8261 us/op
WorkloadPilot    3: 2864 op, 193788311.00 ns, 67.6635 us/op
WorkloadPilot    4: 2956 op, 199132005.00 ns, 67.3654 us/op
WorkloadPilot    5: 2969 op, 197458826.00 ns, 66.5068 us/op
WorkloadPilot    6: 3007 op, 198063645.00 ns, 65.8675 us/op
WorkloadPilot    7: 3036 op, 198603817.00 ns, 65.4163 us/op
WorkloadPilot    8: 3057 op, 198666041.00 ns, 64.9873 us/op
WorkloadPilot    9: 3078 op, 200534649.00 ns, 65.1510 us/op
WorkloadPilot   10: 3070 op, 203904513.00 ns, 66.4184 us/op
WorkloadPilot   11: 3011 op, 198698371.00 ns, 65.9908 us/op
WorkloadPilot   12: 3031 op, 199043844.00 ns, 65.6694 us/op
WorkloadPilot   13: 3046 op, 198154763.00 ns, 65.0541 us/op
WorkloadPilot   14: 3074 op, 198927998.00 ns, 64.7131 us/op
WorkloadPilot   15: 3091 op, 203831532.00 ns, 65.9436 us/op

WorkloadWarmup   1: 3091 op, 201950566.00 ns, 65.3350 us/op
WorkloadWarmup   2: 3091 op, 201487557.00 ns, 65.1852 us/op
WorkloadWarmup   3: 3091 op, 200293561.00 ns, 64.7990 us/op
WorkloadWarmup   4: 3091 op, 200939917.00 ns, 65.0081 us/op
WorkloadWarmup   5: 3091 op, 207413276.00 ns, 67.1023 us/op
WorkloadWarmup   6: 3091 op, 203844679.00 ns, 65.9478 us/op
WorkloadWarmup   7: 3091 op, 201258933.00 ns, 65.1113 us/op
WorkloadWarmup   8: 3091 op, 200867990.00 ns, 64.9848 us/op

// BeforeActualRun
WorkloadActual   1: 3091 op, 201159627.00 ns, 65.0791 us/op
WorkloadActual   2: 3091 op, 203299544.00 ns, 65.7714 us/op
WorkloadActual   3: 3091 op, 203191880.00 ns, 65.7366 us/op
WorkloadActual   4: 3091 op, 200683006.00 ns, 64.9249 us/op
WorkloadActual   5: 3091 op, 201527248.00 ns, 65.1981 us/op
WorkloadActual   6: 3091 op, 208717930.00 ns, 67.5244 us/op
WorkloadActual   7: 3091 op, 215440969.00 ns, 69.6994 us/op
WorkloadActual   8: 3091 op, 214280900.00 ns, 69.3241 us/op
WorkloadActual   9: 3091 op, 211589574.00 ns, 68.4534 us/op
WorkloadActual  10: 3091 op, 215162558.00 ns, 69.6094 us/op
WorkloadActual  11: 3091 op, 213477849.00 ns, 69.0643 us/op
WorkloadActual  12: 3091 op, 205510127.00 ns, 66.4866 us/op
WorkloadActual  13: 3091 op, 214131475.00 ns, 69.2758 us/op
WorkloadActual  14: 3091 op, 215706491.00 ns, 69.7853 us/op
WorkloadActual  15: 3091 op, 209069066.00 ns, 67.6380 us/op
WorkloadActual  16: 3091 op, 202369419.00 ns, 65.4705 us/op

// AfterActualRun
WorkloadResult   1: 3091 op, 201159627.00 ns, 65.0791 us/op
WorkloadResult   2: 3091 op, 203299544.00 ns, 65.7714 us/op
WorkloadResult   3: 3091 op, 203191880.00 ns, 65.7366 us/op
WorkloadResult   4: 3091 op, 200683006.00 ns, 64.9249 us/op
WorkloadResult   5: 3091 op, 201527248.00 ns, 65.1981 us/op
WorkloadResult   6: 3091 op, 208717930.00 ns, 67.5244 us/op
WorkloadResult   7: 3091 op, 215440969.00 ns, 69.6994 us/op
WorkloadResult   8: 3091 op, 214280900.00 ns, 69.3241 us/op
WorkloadResult   9: 3091 op, 211589574.00 ns, 68.4534 us/op
WorkloadResult  10: 3091 op, 215162558.00 ns, 69.6094 us/op
WorkloadResult  11: 3091 op, 213477849.00 ns, 69.0643 us/op
WorkloadResult  12: 3091 op, 205510127.00 ns, 66.4866 us/op
WorkloadResult  13: 3091 op, 214131475.00 ns, 69.2758 us/op
WorkloadResult  14: 3091 op, 215706491.00 ns, 69.7853 us/op
WorkloadResult  15: 3091 op, 209069066.00 ns, 67.6380 us/op
WorkloadResult  16: 3091 op, 202369419.00 ns, 65.4705 us/op
// GC:  0 0 0 0 3091
// Threading:  0 0 3091

// AfterAll
// Benchmark Process 170938 has exited with code 0.

Mean = 67.440 us, StdErr = 0.471 us (0.70%), N = 16, StdDev = 1.886 us
Min = 64.925 us, Q1 = 65.670 us, Median = 67.581 us, Q3 = 69.288 us, Max = 69.785 us
IQR = 3.618 us, LowerFence = 60.243 us, UpperFence = 74.715 us
ConfidenceInterval = [65.520 us; 69.360 us] (CI 99.9%), Margin = 1.920 us (2.85% of Mean)
Skewness = -0.05, Kurtosis = 1.18, MValue = 3.43

// ** Remained 7 (50.0 %) benchmark(s) to run. Estimated finish 2026-09-22 5:47 (0h 1m from now) **
// **************************
// Benchmark: PairHandleBenchmarks.Advance: InProcess(Toolchain=InProcessEmitToolchain) [Shape=PairAlternating8]
// *** Execute ***
// Launch: 1 / 1
// ! Failed to set up priority High for process System.Diagnostics.Process (PairHandles). Make sure you have the right permissions. Message: Permission denied

// Benchmark Process Environment Information:
// BenchmarkDotNet v0.15.8
// Runtime=.NET 10.0.12 (10.0.12, 10.0.1226.42308), X64 RyuJIT x86-64-v3
// GC=Concurrent Workstation
// HardwareIntrinsics=AVX2+BMI1+BMI2+F16C+FMA+LZCNT+MOVBE,AVX,SSE3+SSSE3+SSE4.1+SSE4.2+POPCNT,X86Base+SSE+SSE2,AES+PCLMUL,AvxVnni,SERIALIZE VectorSize=256
// Job: Job-JWQWGO(Toolchain=InProcessEmitToolchain)

OverheadJitting  1: 1 op, 121132.00 ns, 121.1320 us/op
WorkloadJitting  1: 1 op, 174168.00 ns, 174.1680 us/op

OverheadJitting  2: 16 op, 105029.00 ns, 6.5643 us/op
WorkloadJitting  2: 16 op, 1190704.00 ns, 74.4190 us/op

WorkloadPilot    1: 16 op, 1067836.00 ns, 66.7398 us/op
WorkloadPilot    2: 32 op, 2130274.00 ns, 66.5711 us/op
WorkloadPilot    3: 64 op, 4258396.00 ns, 66.5374 us/op
WorkloadPilot    4: 128 op, 8479847.00 ns, 66.2488 us/op
WorkloadPilot    5: 256 op, 16976715.00 ns, 66.3153 us/op
WorkloadPilot    6: 512 op, 33922512.00 ns, 66.2549 us/op
WorkloadPilot    7: 1024 op, 66532411.00 ns, 64.9731 us/op
WorkloadPilot    8: 2048 op, 154799927.00 ns, 75.5859 us/op
WorkloadPilot    9: 4096 op, 295320424.00 ns, 72.0997 us/op
WorkloadPilot   10: 8192 op, 534179169.00 ns, 65.2074 us/op

OverheadWarmup   1: 8192 op, 12205.00 ns, 1.4899 ns/op
OverheadWarmup   2: 8192 op, 10392.00 ns, 1.2686 ns/op
OverheadWarmup   3: 8192 op, 10239.00 ns, 1.2499 ns/op
OverheadWarmup   4: 8192 op, 10046.00 ns, 1.2263 ns/op
OverheadWarmup   5: 8192 op, 10215.00 ns, 1.2469 ns/op
OverheadWarmup   6: 8192 op, 10412.00 ns, 1.2710 ns/op
OverheadWarmup   7: 8192 op, 10210.00 ns, 1.2463 ns/op
OverheadWarmup   8: 8192 op, 10214.00 ns, 1.2468 ns/op
OverheadWarmup   9: 8192 op, 10046.00 ns, 1.2263 ns/op

OverheadActual   1: 8192 op, 10074.00 ns, 1.2297 ns/op
OverheadActual   2: 8192 op, 10208.00 ns, 1.2461 ns/op
OverheadActual   3: 8192 op, 10192.00 ns, 1.2441 ns/op
OverheadActual   4: 8192 op, 10198.00 ns, 1.2449 ns/op
OverheadActual   5: 8192 op, 10213.00 ns, 1.2467 ns/op
OverheadActual   6: 8192 op, 11589.00 ns, 1.4147 ns/op
OverheadActual   7: 8192 op, 10230.00 ns, 1.2488 ns/op
OverheadActual   8: 8192 op, 10231.00 ns, 1.2489 ns/op
OverheadActual   9: 8192 op, 11373.00 ns, 1.3883 ns/op
OverheadActual  10: 8192 op, 10203.00 ns, 1.2455 ns/op
OverheadActual  11: 8192 op, 10227.00 ns, 1.2484 ns/op
OverheadActual  12: 8192 op, 10228.00 ns, 1.2485 ns/op
OverheadActual  13: 8192 op, 12641.00 ns, 1.5431 ns/op
OverheadActual  14: 8192 op, 10236.00 ns, 1.2495 ns/op
OverheadActual  15: 8192 op, 10193.00 ns, 1.2443 ns/op

WorkloadWarmup   1: 8192 op, 585373475.00 ns, 71.4567 us/op
WorkloadWarmup   2: 8192 op, 534976227.00 ns, 65.3047 us/op
WorkloadWarmup   3: 8192 op, 537955022.00 ns, 65.6683 us/op
WorkloadWarmup   4: 8192 op, 575933102.00 ns, 70.3043 us/op
WorkloadWarmup   5: 8192 op, 533987431.00 ns, 65.1840 us/op
WorkloadWarmup   6: 8192 op, 530020675.00 ns, 64.6998 us/op
WorkloadWarmup   7: 8192 op, 529056718.00 ns, 64.5821 us/op
WorkloadWarmup   8: 8192 op, 526762427.00 ns, 64.3021 us/op
WorkloadWarmup   9: 8192 op, 530469710.00 ns, 64.7546 us/op
WorkloadWarmup  10: 8192 op, 528017729.00 ns, 64.4553 us/op

WorkloadActual   1: 8192 op, 532097884.00 ns, 64.9534 us/op
WorkloadActual   2: 8192 op, 530374040.00 ns, 64.7429 us/op
WorkloadActual   3: 8192 op, 534573862.00 ns, 65.2556 us/op
WorkloadActual   4: 8192 op, 535492117.00 ns, 65.3677 us/op
WorkloadActual   5: 8192 op, 536946596.00 ns, 65.5452 us/op
WorkloadActual   6: 8192 op, 605806917.00 ns, 73.9510 us/op
WorkloadActual   7: 8192 op, 544444486.00 ns, 66.4605 us/op
WorkloadActual   8: 8192 op, 535962236.00 ns, 65.4251 us/op
WorkloadActual   9: 8192 op, 533929638.00 ns, 65.1770 us/op
WorkloadActual  10: 8192 op, 537535293.00 ns, 65.6171 us/op
WorkloadActual  11: 8192 op, 535419888.00 ns, 65.3589 us/op
WorkloadActual  12: 8192 op, 537591153.00 ns, 65.6239 us/op
WorkloadActual  13: 8192 op, 618954558.00 ns, 75.5560 us/op
WorkloadActual  14: 8192 op, 540548983.00 ns, 65.9850 us/op
WorkloadActual  15: 8192 op, 533685670.00 ns, 65.1472 us/op

WorkloadResult   1: 8192 op, 532087657.00 ns, 64.9521 us/op
WorkloadResult   2: 8192 op, 530363813.00 ns, 64.7417 us/op
WorkloadResult   3: 8192 op, 534563635.00 ns, 65.2543 us/op
WorkloadResult   4: 8192 op, 535481890.00 ns, 65.3664 us/op
WorkloadResult   5: 8192 op, 536936369.00 ns, 65.5440 us/op
WorkloadResult   6: 8192 op, 544434259.00 ns, 66.4593 us/op
WorkloadResult   7: 8192 op, 535952009.00 ns, 65.4238 us/op
WorkloadResult   8: 8192 op, 533919411.00 ns, 65.1757 us/op
WorkloadResult   9: 8192 op, 537525066.00 ns, 65.6159 us/op
WorkloadResult  10: 8192 op, 535409661.00 ns, 65.3576 us/op
WorkloadResult  11: 8192 op, 537580926.00 ns, 65.6227 us/op
WorkloadResult  12: 8192 op, 540538756.00 ns, 65.9837 us/op
WorkloadResult  13: 8192 op, 533675443.00 ns, 65.1459 us/op
// GC:  0 0 0 0 8192
// Threading:  0 0 8192


Mean = 65.434 us, StdErr = 0.122 us (0.19%), N = 13, StdDev = 0.441 us
Min = 64.742 us, Q1 = 65.176 us, Median = 65.366 us, Q3 = 65.616 us, Max = 66.459 us
IQR = 0.440 us, LowerFence = 64.515 us, UpperFence = 66.276 us
ConfidenceInterval = [64.905 us; 65.963 us] (CI 99.9%), Margin = 0.529 us (0.81% of Mean)
Skewness = 0.68, Kurtosis = 3.03, MValue = 2

// ** Remained 6 (42.9 %) benchmark(s) to run. Estimated finish 2026-09-22 5:47 (0h 1m from now) **
// **************************
// Benchmark: PairHandleBenchmarks.Advance: Job-TZECNT(IterationCount=16, IterationTime=200ms, WarmupCount=8) [Shape=PairRuns8Waves]
// *** Execute ***
// Launch: 1 / 1
// Execute: dotnet PairHandles-Job-TZECNT-1.dll --anonymousPipes 118 119 --benchmarkName "PairHandles.PairHandleBenchmarks.Advance(Shape: PairRuns8Waves)" --job "IterationCount=16, IterationTime=200ms, WarmupCount=8" --benchmarkId 4 in /home/i/GitHub/tl-w352/benchmarks/PairHandles/bin/Release/net10.0/PairHandles-Job-TZECNT-1/bin/Release/net10.0
// Failed to set up high priority (Permission denied). In order to run benchmarks with high priority, make sure you have the right permissions.
// BeforeAnythingElse

// Benchmark Process Environment Information:
// BenchmarkDotNet v0.15.8
// Runtime=.NET 10.0.12 (10.0.12, 10.0.1226.42308), X64 RyuJIT x86-64-v3
// GC=Concurrent Workstation
// HardwareIntrinsics=AVX2+BMI1+BMI2+F16C+FMA+LZCNT+MOVBE,AVX,SSE3+SSSE3+SSE4.1+SSE4.2+POPCNT,X86Base+SSE+SSE2,AES+PCLMUL,AvxVnni,SERIALIZE VectorSize=256
// Job: Job-TZECNT(IterationCount=16, IterationTime=200ms, WarmupCount=8)

OverheadJitting  1: 1 op, 73429.00 ns, 73.4290 us/op
WorkloadJitting  1: 1 op, 14263486.00 ns, 14.2635 ms/op

WorkloadPilot    1: 4 op, 983523.00 ns, 245.8808 us/op
WorkloadPilot    2: 813 op, 26713064.00 ns, 32.8574 us/op
WorkloadPilot    3: 6087 op, 195509012.00 ns, 32.1191 us/op
WorkloadPilot    4: 6227 op, 202219685.00 ns, 32.4747 us/op
WorkloadPilot    5: 6159 op, 194312085.00 ns, 31.5493 us/op
WorkloadPilot    6: 6339 op, 200596586.00 ns, 31.6448 us/op
WorkloadPilot    7: 6320 op, 200733175.00 ns, 31.7616 us/op

WorkloadWarmup   1: 6320 op, 201342226.00 ns, 31.8579 us/op
WorkloadWarmup   2: 6320 op, 201456135.00 ns, 31.8760 us/op
WorkloadWarmup   3: 6320 op, 199686396.00 ns, 31.5959 us/op
WorkloadWarmup   4: 6320 op, 200077960.00 ns, 31.6579 us/op
WorkloadWarmup   5: 6320 op, 201396990.00 ns, 31.8666 us/op
WorkloadWarmup   6: 6320 op, 203467561.00 ns, 32.1942 us/op
WorkloadWarmup   7: 6320 op, 202212506.00 ns, 31.9956 us/op
WorkloadWarmup   8: 6320 op, 204266535.00 ns, 32.3207 us/op

// BeforeActualRun
WorkloadActual   1: 6320 op, 205571801.00 ns, 32.5272 us/op
WorkloadActual   2: 6320 op, 205368939.00 ns, 32.4951 us/op
WorkloadActual   3: 6320 op, 205900554.00 ns, 32.5792 us/op
WorkloadActual   4: 6320 op, 207260205.00 ns, 32.7943 us/op
WorkloadActual   5: 6320 op, 204488043.00 ns, 32.3557 us/op
WorkloadActual   6: 6320 op, 201440424.00 ns, 31.8735 us/op
WorkloadActual   7: 6320 op, 200285352.00 ns, 31.6907 us/op
WorkloadActual   8: 6320 op, 200099177.00 ns, 31.6613 us/op
WorkloadActual   9: 6320 op, 201505293.00 ns, 31.8837 us/op
WorkloadActual  10: 6320 op, 202359874.00 ns, 32.0190 us/op
WorkloadActual  11: 6320 op, 200154059.00 ns, 31.6699 us/op
WorkloadActual  12: 6320 op, 200776793.00 ns, 31.7685 us/op
WorkloadActual  13: 6320 op, 201526468.00 ns, 31.8871 us/op
WorkloadActual  14: 6320 op, 204448760.00 ns, 32.3495 us/op
WorkloadActual  15: 6320 op, 201481762.00 ns, 31.8800 us/op
WorkloadActual  16: 6320 op, 201587849.00 ns, 31.8968 us/op

// AfterActualRun
WorkloadResult   1: 6320 op, 205571801.00 ns, 32.5272 us/op
WorkloadResult   2: 6320 op, 205368939.00 ns, 32.4951 us/op
WorkloadResult   3: 6320 op, 205900554.00 ns, 32.5792 us/op
WorkloadResult   4: 6320 op, 207260205.00 ns, 32.7943 us/op
WorkloadResult   5: 6320 op, 204488043.00 ns, 32.3557 us/op
WorkloadResult   6: 6320 op, 201440424.00 ns, 31.8735 us/op
WorkloadResult   7: 6320 op, 200285352.00 ns, 31.6907 us/op
WorkloadResult   8: 6320 op, 200099177.00 ns, 31.6613 us/op
WorkloadResult   9: 6320 op, 201505293.00 ns, 31.8837 us/op
WorkloadResult  10: 6320 op, 202359874.00 ns, 32.0190 us/op
WorkloadResult  11: 6320 op, 200154059.00 ns, 31.6699 us/op
WorkloadResult  12: 6320 op, 200776793.00 ns, 31.7685 us/op
WorkloadResult  13: 6320 op, 201526468.00 ns, 31.8871 us/op
WorkloadResult  14: 6320 op, 204448760.00 ns, 32.3495 us/op
WorkloadResult  15: 6320 op, 201481762.00 ns, 31.8800 us/op
WorkloadResult  16: 6320 op, 201587849.00 ns, 31.8968 us/op
// GC:  0 0 0 0 6320
// Threading:  0 0 6320

// AfterAll
// Benchmark Process 170975 has exited with code 0.

Mean = 32.083 us, StdErr = 0.093 us (0.29%), N = 16, StdDev = 0.371 us
Min = 31.661 us, Q1 = 31.847 us, Median = 31.892 us, Q3 = 32.391 us, Max = 32.794 us
IQR = 0.543 us, LowerFence = 31.032 us, UpperFence = 33.206 us
ConfidenceInterval = [31.705 us; 32.461 us] (CI 99.9%), Margin = 0.378 us (1.18% of Mean)
Skewness = 0.49, Kurtosis = 1.63, MValue = 2

// ** Remained 5 (35.7 %) benchmark(s) to run. Estimated finish 2026-09-22 5:47 (0h 0m from now) **
// **************************
// Benchmark: PairHandleBenchmarks.Advance: InProcess(Toolchain=InProcessEmitToolchain) [Shape=PairRuns8Waves]
// *** Execute ***
// Launch: 1 / 1
// ! Failed to set up priority High for process System.Diagnostics.Process (PairHandles). Make sure you have the right permissions. Message: Permission denied

// Benchmark Process Environment Information:
// BenchmarkDotNet v0.15.8
// Runtime=.NET 10.0.12 (10.0.12, 10.0.1226.42308), X64 RyuJIT x86-64-v3
// GC=Concurrent Workstation
// HardwareIntrinsics=AVX2+BMI1+BMI2+F16C+FMA+LZCNT+MOVBE,AVX,SSE3+SSSE3+SSE4.1+SSE4.2+POPCNT,X86Base+SSE+SSE2,AES+PCLMUL,AvxVnni,SERIALIZE VectorSize=256
// Job: Job-JWQWGO(Toolchain=InProcessEmitToolchain)

OverheadJitting  1: 1 op, 114466.00 ns, 114.4660 us/op
WorkloadJitting  1: 1 op, 137787.00 ns, 137.7870 us/op

OverheadJitting  2: 16 op, 110894.00 ns, 6.9309 us/op
WorkloadJitting  2: 16 op, 686519.00 ns, 42.9074 us/op

WorkloadPilot    1: 16 op, 527280.00 ns, 32.9550 us/op
WorkloadPilot    2: 32 op, 1050099.00 ns, 32.8156 us/op
WorkloadPilot    3: 64 op, 2076042.00 ns, 32.4382 us/op
WorkloadPilot    4: 128 op, 4124270.00 ns, 32.2209 us/op
WorkloadPilot    5: 256 op, 8255576.00 ns, 32.2483 us/op
WorkloadPilot    6: 512 op, 16525988.00 ns, 32.2773 us/op
WorkloadPilot    7: 1024 op, 32930499.00 ns, 32.1587 us/op
WorkloadPilot    8: 2048 op, 65813829.00 ns, 32.1357 us/op
WorkloadPilot    9: 4096 op, 132049526.00 ns, 32.2387 us/op
WorkloadPilot   10: 8192 op, 267393765.00 ns, 32.6408 us/op
WorkloadPilot   11: 16384 op, 531141932.00 ns, 32.4183 us/op

OverheadWarmup   1: 16384 op, 23224.00 ns, 1.4175 ns/op
OverheadWarmup   2: 16384 op, 21092.00 ns, 1.2874 ns/op
OverheadWarmup   3: 16384 op, 21092.00 ns, 1.2874 ns/op
OverheadWarmup   4: 16384 op, 21281.00 ns, 1.2989 ns/op
OverheadWarmup   5: 16384 op, 21267.00 ns, 1.2980 ns/op
OverheadWarmup   6: 16384 op, 21098.00 ns, 1.2877 ns/op
OverheadWarmup   7: 16384 op, 21103.00 ns, 1.2880 ns/op

OverheadActual   1: 16384 op, 21068.00 ns, 1.2859 ns/op
OverheadActual   2: 16384 op, 21089.00 ns, 1.2872 ns/op
OverheadActual   3: 16384 op, 21078.00 ns, 1.2865 ns/op
OverheadActual   4: 16384 op, 21059.00 ns, 1.2853 ns/op
OverheadActual   5: 16384 op, 21087.00 ns, 1.2870 ns/op
OverheadActual   6: 16384 op, 21055.00 ns, 1.2851 ns/op
OverheadActual   7: 16384 op, 21048.00 ns, 1.2847 ns/op
OverheadActual   8: 16384 op, 21075.00 ns, 1.2863 ns/op
OverheadActual   9: 16384 op, 21068.00 ns, 1.2859 ns/op
OverheadActual  10: 16384 op, 21056.00 ns, 1.2852 ns/op
OverheadActual  11: 16384 op, 21058.00 ns, 1.2853 ns/op
OverheadActual  12: 16384 op, 21092.00 ns, 1.2874 ns/op
OverheadActual  13: 16384 op, 21046.00 ns, 1.2845 ns/op
OverheadActual  14: 16384 op, 21067.00 ns, 1.2858 ns/op
OverheadActual  15: 16384 op, 21066.00 ns, 1.2858 ns/op

WorkloadWarmup   1: 16384 op, 534094993.00 ns, 32.5986 us/op
WorkloadWarmup   2: 16384 op, 516980269.00 ns, 31.5540 us/op
WorkloadWarmup   3: 16384 op, 552317537.00 ns, 33.7108 us/op
WorkloadWarmup   4: 16384 op, 532444173.00 ns, 32.4978 us/op
WorkloadWarmup   5: 16384 op, 521677896.00 ns, 31.8407 us/op
WorkloadWarmup   6: 16384 op, 521546011.00 ns, 31.8326 us/op
WorkloadWarmup   7: 16384 op, 532036953.00 ns, 32.4730 us/op
WorkloadWarmup   8: 16384 op, 538414487.00 ns, 32.8622 us/op
WorkloadWarmup   9: 16384 op, 535732124.00 ns, 32.6985 us/op

WorkloadActual   1: 16384 op, 535052246.00 ns, 32.6570 us/op
WorkloadActual   2: 16384 op, 519413625.00 ns, 31.7025 us/op
WorkloadActual   3: 16384 op, 519957336.00 ns, 31.7357 us/op
WorkloadActual   4: 16384 op, 515104422.00 ns, 31.4395 us/op
WorkloadActual   5: 16384 op, 518242813.00 ns, 31.6310 us/op
WorkloadActual   6: 16384 op, 517125045.00 ns, 31.5628 us/op
WorkloadActual   7: 16384 op, 519525675.00 ns, 31.7093 us/op
WorkloadActual   8: 16384 op, 520321174.00 ns, 31.7579 us/op
WorkloadActual   9: 16384 op, 520624834.00 ns, 31.7764 us/op
WorkloadActual  10: 16384 op, 520699667.00 ns, 31.7810 us/op
WorkloadActual  11: 16384 op, 522045283.00 ns, 31.8631 us/op
WorkloadActual  12: 16384 op, 516503292.00 ns, 31.5249 us/op
WorkloadActual  13: 16384 op, 518356509.00 ns, 31.6380 us/op
WorkloadActual  14: 16384 op, 516804623.00 ns, 31.5433 us/op
WorkloadActual  15: 16384 op, 522115676.00 ns, 31.8674 us/op

WorkloadResult   1: 16384 op, 519392558.00 ns, 31.7012 us/op
WorkloadResult   2: 16384 op, 519936269.00 ns, 31.7344 us/op
WorkloadResult   3: 16384 op, 515083355.00 ns, 31.4382 us/op
WorkloadResult   4: 16384 op, 518221746.00 ns, 31.6297 us/op
WorkloadResult   5: 16384 op, 517103978.00 ns, 31.5615 us/op
WorkloadResult   6: 16384 op, 519504608.00 ns, 31.7080 us/op
WorkloadResult   7: 16384 op, 520300107.00 ns, 31.7566 us/op
WorkloadResult   8: 16384 op, 520603767.00 ns, 31.7751 us/op
WorkloadResult   9: 16384 op, 520678600.00 ns, 31.7797 us/op
WorkloadResult  10: 16384 op, 522024216.00 ns, 31.8618 us/op
WorkloadResult  11: 16384 op, 516482225.00 ns, 31.5236 us/op
WorkloadResult  12: 16384 op, 518335442.00 ns, 31.6367 us/op
WorkloadResult  13: 16384 op, 516783556.00 ns, 31.5420 us/op
WorkloadResult  14: 16384 op, 522094609.00 ns, 31.8661 us/op
// GC:  0 0 0 4656 16384
// Threading:  0 0 16384


Mean = 31.680 us, StdErr = 0.035 us (0.11%), N = 14, StdDev = 0.129 us
Min = 31.438 us, Q1 = 31.579 us, Median = 31.705 us, Q3 = 31.770 us, Max = 31.866 us
IQR = 0.192 us, LowerFence = 31.291 us, UpperFence = 32.058 us
ConfidenceInterval = [31.534 us; 31.825 us] (CI 99.9%), Margin = 0.146 us (0.46% of Mean)
Skewness = -0.24, Kurtosis = 1.82, MValue = 2

// ** Remained 4 (28.6 %) benchmark(s) to run. Estimated finish 2026-09-22 5:47 (0h 0m from now) **
// **************************
// Benchmark: PairHandleBenchmarks.Advance: Job-TZECNT(IterationCount=16, IterationTime=200ms, WarmupCount=8) [Shape=PairBlocks8Waves]
// *** Execute ***
// Launch: 1 / 1
// Execute: dotnet PairHandles-Job-TZECNT-1.dll --anonymousPipes 118 119 --benchmarkName "PairHandles.PairHandleBenchmarks.Advance(Shape: PairBlocks8Waves)" --job "IterationCount=16, IterationTime=200ms, WarmupCount=8" --benchmarkId 5 in /home/i/GitHub/tl-w352/benchmarks/PairHandles/bin/Release/net10.0/PairHandles-Job-TZECNT-1/bin/Release/net10.0
// Failed to set up high priority (Permission denied). In order to run benchmarks with high priority, make sure you have the right permissions.
// BeforeAnythingElse

// Benchmark Process Environment Information:
// BenchmarkDotNet v0.15.8
// Runtime=.NET 10.0.12 (10.0.12, 10.0.1226.42308), X64 RyuJIT x86-64-v3
// GC=Concurrent Workstation
// HardwareIntrinsics=AVX2+BMI1+BMI2+F16C+FMA+LZCNT+MOVBE,AVX,SSE3+SSSE3+SSE4.1+SSE4.2+POPCNT,X86Base+SSE+SSE2,AES+PCLMUL,AvxVnni,SERIALIZE VectorSize=256
// Job: Job-TZECNT(IterationCount=16, IterationTime=200ms, WarmupCount=8)

OverheadJitting  1: 1 op, 78363.00 ns, 78.3630 us/op
WorkloadJitting  1: 1 op, 14330797.00 ns, 14.3308 ms/op

WorkloadPilot    1: 4 op, 213735.00 ns, 53.4338 us/op
WorkloadPilot    2: 3743 op, 176462338.00 ns, 47.1446 us/op
WorkloadPilot    3: 4242 op, 194970026.00 ns, 45.9618 us/op
WorkloadPilot    4: 4351 op, 199426275.00 ns, 45.8346 us/op
WorkloadPilot    5: 4364 op, 202271340.00 ns, 46.3500 us/op
WorkloadPilot    6: 4315 op, 222200983.00 ns, 51.4950 us/op
WorkloadPilot    7: 3884 op, 203367590.00 ns, 52.3603 us/op

WorkloadWarmup   1: 3884 op, 178221671.00 ns, 45.8861 us/op
WorkloadWarmup   2: 3884 op, 183563393.00 ns, 47.2614 us/op
WorkloadWarmup   3: 3884 op, 193797637.00 ns, 49.8964 us/op
WorkloadWarmup   4: 3884 op, 178526749.00 ns, 45.9647 us/op
WorkloadWarmup   5: 3884 op, 200338627.00 ns, 51.5805 us/op
WorkloadWarmup   6: 3884 op, 202708886.00 ns, 52.1908 us/op
WorkloadWarmup   7: 3884 op, 185351759.00 ns, 47.7219 us/op
WorkloadWarmup   8: 3884 op, 184910659.00 ns, 47.6083 us/op

// BeforeActualRun
WorkloadActual   1: 3884 op, 202390450.00 ns, 52.1088 us/op
WorkloadActual   2: 3884 op, 178962819.00 ns, 46.0769 us/op
WorkloadActual   3: 3884 op, 178616291.00 ns, 45.9877 us/op
WorkloadActual   4: 3884 op, 175558609.00 ns, 45.2005 us/op
WorkloadActual   5: 3884 op, 175678410.00 ns, 45.2313 us/op
WorkloadActual   6: 3884 op, 179097380.00 ns, 46.1116 us/op
WorkloadActual   7: 3884 op, 192254230.00 ns, 49.4990 us/op
WorkloadActual   8: 3884 op, 192150804.00 ns, 49.4724 us/op
WorkloadActual   9: 3884 op, 176789225.00 ns, 45.5173 us/op
WorkloadActual  10: 3884 op, 178383475.00 ns, 45.9278 us/op
WorkloadActual  11: 3884 op, 178122131.00 ns, 45.8605 us/op
WorkloadActual  12: 3884 op, 180905031.00 ns, 46.5770 us/op
WorkloadActual  13: 3884 op, 181403884.00 ns, 46.7054 us/op
WorkloadActual  14: 3884 op, 177914456.00 ns, 45.8070 us/op
WorkloadActual  15: 3884 op, 177714425.00 ns, 45.7555 us/op
WorkloadActual  16: 3884 op, 177415467.00 ns, 45.6785 us/op

// AfterActualRun
WorkloadResult   1: 3884 op, 178962819.00 ns, 46.0769 us/op
WorkloadResult   2: 3884 op, 178616291.00 ns, 45.9877 us/op
WorkloadResult   3: 3884 op, 175558609.00 ns, 45.2005 us/op
WorkloadResult   4: 3884 op, 175678410.00 ns, 45.2313 us/op
WorkloadResult   5: 3884 op, 179097380.00 ns, 46.1116 us/op
WorkloadResult   6: 3884 op, 176789225.00 ns, 45.5173 us/op
WorkloadResult   7: 3884 op, 178383475.00 ns, 45.9278 us/op
WorkloadResult   8: 3884 op, 178122131.00 ns, 45.8605 us/op
WorkloadResult   9: 3884 op, 180905031.00 ns, 46.5770 us/op
WorkloadResult  10: 3884 op, 181403884.00 ns, 46.7054 us/op
WorkloadResult  11: 3884 op, 177914456.00 ns, 45.8070 us/op
WorkloadResult  12: 3884 op, 177714425.00 ns, 45.7555 us/op
WorkloadResult  13: 3884 op, 177415467.00 ns, 45.6785 us/op
// GC:  0 0 0 0 3884
// Threading:  0 0 3884

// AfterAll
// Benchmark Process 171048 has exited with code 0.

Mean = 45.880 us, StdErr = 0.123 us (0.27%), N = 13, StdDev = 0.442 us
Min = 45.200 us, Q1 = 45.679 us, Median = 45.860 us, Q3 = 46.077 us, Max = 46.705 us
IQR = 0.398 us, LowerFence = 45.081 us, UpperFence = 46.675 us
ConfidenceInterval = [45.350 us; 46.410 us] (CI 99.9%), Margin = 0.530 us (1.15% of Mean)
Skewness = 0.25, Kurtosis = 2.24, MValue = 2

// ** Remained 3 (21.4 %) benchmark(s) to run. Estimated finish 2026-09-22 5:47 (0h 0m from now) **
// **************************
// Benchmark: PairHandleBenchmarks.Advance: InProcess(Toolchain=InProcessEmitToolchain) [Shape=PairBlocks8Waves]
// *** Execute ***
// Launch: 1 / 1
// ! Failed to set up priority High for process System.Diagnostics.Process (PairHandles). Make sure you have the right permissions. Message: Permission denied

// Benchmark Process Environment Information:
// BenchmarkDotNet v0.15.8
// Runtime=.NET 10.0.12 (10.0.12, 10.0.1226.42308), X64 RyuJIT x86-64-v3
// GC=Concurrent Workstation
// HardwareIntrinsics=AVX2+BMI1+BMI2+F16C+FMA+LZCNT+MOVBE,AVX,SSE3+SSSE3+SSE4.1+SSE4.2+POPCNT,X86Base+SSE+SSE2,AES+PCLMUL,AvxVnni,SERIALIZE VectorSize=256
// Job: Job-JWQWGO(Toolchain=InProcessEmitToolchain)

OverheadJitting  1: 1 op, 135098.00 ns, 135.0980 us/op
WorkloadJitting  1: 1 op, 420334.00 ns, 420.3340 us/op

OverheadJitting  2: 16 op, 169612.00 ns, 10.6008 us/op
WorkloadJitting  2: 16 op, 5328500.00 ns, 333.0313 us/op

WorkloadPilot    1: 16 op, 5185406.00 ns, 324.0879 us/op
WorkloadPilot    2: 32 op, 2359473.00 ns, 73.7335 us/op
WorkloadPilot    3: 64 op, 3392912.00 ns, 53.0143 us/op
WorkloadPilot    4: 128 op, 6758269.00 ns, 52.7990 us/op
WorkloadPilot    5: 256 op, 13529917.00 ns, 52.8512 us/op
WorkloadPilot    6: 512 op, 27032823.00 ns, 52.7985 us/op
WorkloadPilot    7: 1024 op, 55549611.00 ns, 54.2477 us/op
WorkloadPilot    8: 2048 op, 110046174.00 ns, 53.7335 us/op
WorkloadPilot    9: 4096 op, 216729946.00 ns, 52.9126 us/op
WorkloadPilot   10: 8192 op, 392547568.00 ns, 47.9184 us/op
WorkloadPilot   11: 16384 op, 788963649.00 ns, 48.1545 us/op

OverheadWarmup   1: 16384 op, 22339.00 ns, 1.3635 ns/op
OverheadWarmup   2: 16384 op, 21277.00 ns, 1.2986 ns/op
OverheadWarmup   3: 16384 op, 21069.00 ns, 1.2859 ns/op
OverheadWarmup   4: 16384 op, 21037.00 ns, 1.2840 ns/op
OverheadWarmup   5: 16384 op, 21042.00 ns, 1.2843 ns/op
OverheadWarmup   6: 16384 op, 21069.00 ns, 1.2859 ns/op
OverheadWarmup   7: 16384 op, 21035.00 ns, 1.2839 ns/op
OverheadWarmup   8: 16384 op, 21076.00 ns, 1.2864 ns/op
OverheadWarmup   9: 16384 op, 21076.00 ns, 1.2864 ns/op

OverheadActual   1: 16384 op, 21039.00 ns, 1.2841 ns/op
OverheadActual   2: 16384 op, 21263.00 ns, 1.2978 ns/op
OverheadActual   3: 16384 op, 21101.00 ns, 1.2879 ns/op
OverheadActual   4: 16384 op, 21072.00 ns, 1.2861 ns/op
OverheadActual   5: 16384 op, 21049.00 ns, 1.2847 ns/op
OverheadActual   6: 16384 op, 21071.00 ns, 1.2861 ns/op
OverheadActual   7: 16384 op, 21051.00 ns, 1.2849 ns/op
OverheadActual   8: 16384 op, 21076.00 ns, 1.2864 ns/op
OverheadActual   9: 16384 op, 21077.00 ns, 1.2864 ns/op
OverheadActual  10: 16384 op, 21068.00 ns, 1.2859 ns/op
OverheadActual  11: 16384 op, 21065.00 ns, 1.2857 ns/op
OverheadActual  12: 16384 op, 21068.00 ns, 1.2859 ns/op
OverheadActual  13: 16384 op, 21045.00 ns, 1.2845 ns/op
OverheadActual  14: 16384 op, 21056.00 ns, 1.2852 ns/op
OverheadActual  15: 16384 op, 21077.00 ns, 1.2864 ns/op

WorkloadWarmup   1: 16384 op, 778451792.00 ns, 47.5129 us/op
WorkloadWarmup   2: 16384 op, 755256339.00 ns, 46.0972 us/op
WorkloadWarmup   3: 16384 op, 751056434.00 ns, 45.8408 us/op
WorkloadWarmup   4: 16384 op, 756723289.00 ns, 46.1867 us/op
WorkloadWarmup   5: 16384 op, 785463505.00 ns, 47.9409 us/op
WorkloadWarmup   6: 16384 op, 771150864.00 ns, 47.0673 us/op
WorkloadWarmup   7: 16384 op, 763957735.00 ns, 46.6283 us/op
WorkloadWarmup   8: 16384 op, 765283319.00 ns, 46.7092 us/op
WorkloadWarmup   9: 16384 op, 758421165.00 ns, 46.2904 us/op

WorkloadActual   1: 16384 op, 759194782.00 ns, 46.3376 us/op
WorkloadActual   2: 16384 op, 757477918.00 ns, 46.2328 us/op
WorkloadActual   3: 16384 op, 759680889.00 ns, 46.3672 us/op
WorkloadActual   4: 16384 op, 768191957.00 ns, 46.8867 us/op
WorkloadActual   5: 16384 op, 765055053.00 ns, 46.6953 us/op
WorkloadActual   6: 16384 op, 789030222.00 ns, 48.1586 us/op
WorkloadActual   7: 16384 op, 805701555.00 ns, 49.1761 us/op
WorkloadActual   8: 16384 op, 756307714.00 ns, 46.1614 us/op
WorkloadActual   9: 16384 op, 747431560.00 ns, 45.6196 us/op
WorkloadActual  10: 16384 op, 750836264.00 ns, 45.8274 us/op
WorkloadActual  11: 16384 op, 754149516.00 ns, 46.0296 us/op
WorkloadActual  12: 16384 op, 754132363.00 ns, 46.0286 us/op
WorkloadActual  13: 16384 op, 749040038.00 ns, 45.7178 us/op
WorkloadActual  14: 16384 op, 751628410.00 ns, 45.8758 us/op
WorkloadActual  15: 16384 op, 750117152.00 ns, 45.7835 us/op

WorkloadResult   1: 16384 op, 759173714.00 ns, 46.3363 us/op
WorkloadResult   2: 16384 op, 757456850.00 ns, 46.2315 us/op
WorkloadResult   3: 16384 op, 759659821.00 ns, 46.3660 us/op
WorkloadResult   4: 16384 op, 768170889.00 ns, 46.8854 us/op
WorkloadResult   5: 16384 op, 765033985.00 ns, 46.6940 us/op
WorkloadResult   6: 16384 op, 756286646.00 ns, 46.1601 us/op
WorkloadResult   7: 16384 op, 747410492.00 ns, 45.6183 us/op
WorkloadResult   8: 16384 op, 750815196.00 ns, 45.8261 us/op
WorkloadResult   9: 16384 op, 754128448.00 ns, 46.0283 us/op
WorkloadResult  10: 16384 op, 754111295.00 ns, 46.0273 us/op
WorkloadResult  11: 16384 op, 749018970.00 ns, 45.7165 us/op
WorkloadResult  12: 16384 op, 751607342.00 ns, 45.8745 us/op
WorkloadResult  13: 16384 op, 750096084.00 ns, 45.7822 us/op
// GC:  0 0 0 4656 16384
// Threading:  0 0 16384


Mean = 46.119 us, StdErr = 0.105 us (0.23%), N = 13, StdDev = 0.380 us
Min = 45.618 us, Q1 = 45.826 us, Median = 46.028 us, Q3 = 46.336 us, Max = 46.885 us
IQR = 0.510 us, LowerFence = 45.061 us, UpperFence = 47.102 us
ConfidenceInterval = [45.664 us; 46.574 us] (CI 99.9%), Margin = 0.455 us (0.99% of Mean)
Skewness = 0.56, Kurtosis = 2.13, MValue = 2

// ** Remained 2 (14.3 %) benchmark(s) to run. Estimated finish 2026-09-22 5:47 (0h 0m from now) **
// **************************
// Benchmark: PairHandleBenchmarks.Advance: Job-TZECNT(IterationCount=16, IterationTime=200ms, WarmupCount=8) [Shape=PairA(...)Waves [21]]
// *** Execute ***
// Launch: 1 / 1
// Execute: dotnet PairHandles-Job-TZECNT-1.dll --anonymousPipes 118 119 --benchmarkName "PairHandles.PairHandleBenchmarks.Advance(Shape: PairAlternating8Waves)" --job "IterationCount=16, IterationTime=200ms, WarmupCount=8" --benchmarkId 6 in /home/i/GitHub/tl-w352/benchmarks/PairHandles/bin/Release/net10.0/PairHandles-Job-TZECNT-1/bin/Release/net10.0
// Failed to set up high priority (Permission denied). In order to run benchmarks with high priority, make sure you have the right permissions.
// BeforeAnythingElse

// Benchmark Process Environment Information:
// BenchmarkDotNet v0.15.8
// Runtime=.NET 10.0.12 (10.0.12, 10.0.1226.42308), X64 RyuJIT x86-64-v3
// GC=Concurrent Workstation
// HardwareIntrinsics=AVX2+BMI1+BMI2+F16C+FMA+LZCNT+MOVBE,AVX,SSE3+SSSE3+SSE4.1+SSE4.2+POPCNT,X86Base+SSE+SSE2,AES+PCLMUL,AvxVnni,SERIALIZE VectorSize=256
// Job: Job-TZECNT(IterationCount=16, IterationTime=200ms, WarmupCount=8)

OverheadJitting  1: 1 op, 78699.00 ns, 78.6990 us/op
WorkloadJitting  1: 1 op, 13464050.00 ns, 13.4641 ms/op

WorkloadPilot    1: 4 op, 278629.00 ns, 69.6573 us/op
WorkloadPilot    2: 2871 op, 172897430.00 ns, 60.2220 us/op
WorkloadPilot    3: 3321 op, 193126538.00 ns, 58.1531 us/op
WorkloadPilot    4: 3439 op, 223516417.00 ns, 64.9946 us/op
WorkloadPilot    5: 3077 op, 196884427.00 ns, 63.9858 us/op
WorkloadPilot    6: 3126 op, 203876915.00 ns, 65.2197 us/op
WorkloadPilot    7: 3067 op, 180368474.00 ns, 58.8094 us/op
WorkloadPilot    8: 3401 op, 219981957.00 ns, 64.6816 us/op

WorkloadWarmup   1: 3401 op, 221015664.00 ns, 64.9855 us/op
WorkloadWarmup   2: 3401 op, 219811402.00 ns, 64.6314 us/op
WorkloadWarmup   3: 3401 op, 206254560.00 ns, 60.6453 us/op
WorkloadWarmup   4: 3401 op, 194398307.00 ns, 57.1592 us/op
WorkloadWarmup   5: 3401 op, 220891904.00 ns, 64.9491 us/op
WorkloadWarmup   6: 3401 op, 219734955.00 ns, 64.6089 us/op
WorkloadWarmup   7: 3401 op, 220843734.00 ns, 64.9349 us/op
WorkloadWarmup   8: 3401 op, 219663713.00 ns, 64.5880 us/op

// BeforeActualRun
WorkloadActual   1: 3401 op, 204235961.00 ns, 60.0517 us/op
WorkloadActual   2: 3401 op, 195767411.00 ns, 57.5617 us/op
WorkloadActual   3: 3401 op, 193960108.00 ns, 57.0303 us/op
WorkloadActual   4: 3401 op, 194458927.00 ns, 57.1770 us/op
WorkloadActual   5: 3401 op, 195078808.00 ns, 57.3592 us/op
WorkloadActual   6: 3401 op, 200799237.00 ns, 59.0412 us/op
WorkloadActual   7: 3401 op, 196227290.00 ns, 57.6969 us/op
WorkloadActual   8: 3401 op, 212105924.00 ns, 62.3658 us/op
WorkloadActual   9: 3401 op, 196953722.00 ns, 57.9105 us/op
WorkloadActual  10: 3401 op, 205138626.00 ns, 60.3171 us/op
WorkloadActual  11: 3401 op, 214502848.00 ns, 63.0705 us/op
WorkloadActual  12: 3401 op, 206642264.00 ns, 60.7593 us/op
WorkloadActual  13: 3401 op, 198067800.00 ns, 58.2381 us/op
WorkloadActual  14: 3401 op, 200959082.00 ns, 59.0882 us/op
WorkloadActual  15: 3401 op, 197057168.00 ns, 57.9409 us/op
WorkloadActual  16: 3401 op, 199515342.00 ns, 58.6637 us/op

// AfterActualRun
WorkloadResult   1: 3401 op, 204235961.00 ns, 60.0517 us/op
WorkloadResult   2: 3401 op, 195767411.00 ns, 57.5617 us/op
WorkloadResult   3: 3401 op, 193960108.00 ns, 57.0303 us/op
WorkloadResult   4: 3401 op, 194458927.00 ns, 57.1770 us/op
WorkloadResult   5: 3401 op, 195078808.00 ns, 57.3592 us/op
WorkloadResult   6: 3401 op, 200799237.00 ns, 59.0412 us/op
WorkloadResult   7: 3401 op, 196227290.00 ns, 57.6969 us/op
WorkloadResult   8: 3401 op, 212105924.00 ns, 62.3658 us/op
WorkloadResult   9: 3401 op, 196953722.00 ns, 57.9105 us/op
WorkloadResult  10: 3401 op, 205138626.00 ns, 60.3171 us/op
WorkloadResult  11: 3401 op, 214502848.00 ns, 63.0705 us/op
WorkloadResult  12: 3401 op, 206642264.00 ns, 60.7593 us/op
WorkloadResult  13: 3401 op, 198067800.00 ns, 58.2381 us/op
WorkloadResult  14: 3401 op, 200959082.00 ns, 59.0882 us/op
WorkloadResult  15: 3401 op, 197057168.00 ns, 57.9409 us/op
WorkloadResult  16: 3401 op, 199515342.00 ns, 58.6637 us/op
// GC:  0 0 0 0 3401
// Threading:  0 0 3401

// AfterAll
// Benchmark Process 171088 has exited with code 0.

Mean = 59.017 us, StdErr = 0.459 us (0.78%), N = 16, StdDev = 1.835 us
Min = 57.030 us, Q1 = 57.663 us, Median = 58.451 us, Q3 = 60.118 us, Max = 63.071 us
IQR = 2.455 us, LowerFence = 53.981 us, UpperFence = 63.801 us
ConfidenceInterval = [57.149 us; 60.885 us] (CI 99.9%), Margin = 1.868 us (3.17% of Mean)
Skewness = 0.87, Kurtosis = 2.5, MValue = 2

// ** Remained 1 (7.1 %) benchmark(s) to run. Estimated finish 2026-09-22 5:47 (0h 0m from now) **
// **************************
// Benchmark: PairHandleBenchmarks.Advance: InProcess(Toolchain=InProcessEmitToolchain) [Shape=PairA(...)Waves [21]]
// *** Execute ***
// Launch: 1 / 1
// ! Failed to set up priority High for process System.Diagnostics.Process (PairHandles). Make sure you have the right permissions. Message: Permission denied

// Benchmark Process Environment Information:
// BenchmarkDotNet v0.15.8
// Runtime=.NET 10.0.12 (10.0.12, 10.0.1226.42308), X64 RyuJIT x86-64-v3
// GC=Concurrent Workstation
// HardwareIntrinsics=AVX2+BMI1+BMI2+F16C+FMA+LZCNT+MOVBE,AVX,SSE3+SSSE3+SSE4.1+SSE4.2+POPCNT,X86Base+SSE+SSE2,AES+PCLMUL,AvxVnni,SERIALIZE VectorSize=256
// Job: Job-JWQWGO(Toolchain=InProcessEmitToolchain)

OverheadJitting  1: 1 op, 99685.00 ns, 99.6850 us/op
WorkloadJitting  1: 1 op, 162218.00 ns, 162.2180 us/op

OverheadJitting  2: 16 op, 123896.00 ns, 7.7435 us/op
WorkloadJitting  2: 16 op, 1190626.00 ns, 74.4141 us/op

WorkloadPilot    1: 16 op, 1061313.00 ns, 66.3321 us/op
WorkloadPilot    2: 32 op, 2118018.00 ns, 66.1881 us/op
WorkloadPilot    3: 64 op, 4230762.00 ns, 66.1057 us/op
WorkloadPilot    4: 128 op, 8434581.00 ns, 65.8952 us/op
WorkloadPilot    5: 256 op, 16040841.00 ns, 62.6595 us/op
WorkloadPilot    6: 512 op, 31882517.00 ns, 62.2705 us/op
WorkloadPilot    7: 1024 op, 63859636.00 ns, 62.3629 us/op
WorkloadPilot    8: 2048 op, 127116623.00 ns, 62.0687 us/op
WorkloadPilot    9: 4096 op, 254852100.00 ns, 62.2198 us/op
WorkloadPilot   10: 8192 op, 508068718.00 ns, 62.0201 us/op

OverheadWarmup   1: 8192 op, 12460.00 ns, 1.5210 ns/op
OverheadWarmup   2: 8192 op, 10383.00 ns, 1.2675 ns/op
OverheadWarmup   3: 8192 op, 11567.00 ns, 1.4120 ns/op
OverheadWarmup   4: 8192 op, 10204.00 ns, 1.2456 ns/op
OverheadWarmup   5: 8192 op, 10404.00 ns, 1.2700 ns/op
OverheadWarmup   6: 8192 op, 10195.00 ns, 1.2445 ns/op

OverheadActual   1: 8192 op, 10205.00 ns, 1.2457 ns/op
OverheadActual   2: 8192 op, 10187.00 ns, 1.2435 ns/op
OverheadActual   3: 8192 op, 15121.00 ns, 1.8458 ns/op
OverheadActual   4: 8192 op, 10773.00 ns, 1.3151 ns/op
OverheadActual   5: 8192 op, 10713.00 ns, 1.3077 ns/op
OverheadActual   6: 8192 op, 10735.00 ns, 1.3104 ns/op
OverheadActual   7: 8192 op, 10597.00 ns, 1.2936 ns/op
OverheadActual   8: 8192 op, 10618.00 ns, 1.2961 ns/op
OverheadActual   9: 8192 op, 10574.00 ns, 1.2908 ns/op
OverheadActual  10: 8192 op, 10553.00 ns, 1.2882 ns/op
OverheadActual  11: 8192 op, 10538.00 ns, 1.2864 ns/op
OverheadActual  12: 8192 op, 10574.00 ns, 1.2908 ns/op
OverheadActual  13: 8192 op, 10567.00 ns, 1.2899 ns/op
OverheadActual  14: 8192 op, 10568.00 ns, 1.2900 ns/op
OverheadActual  15: 8192 op, 10571.00 ns, 1.2904 ns/op

WorkloadWarmup   1: 8192 op, 508467426.00 ns, 62.0688 us/op
WorkloadWarmup   2: 8192 op, 510168548.00 ns, 62.2764 us/op
WorkloadWarmup   3: 8192 op, 509418015.00 ns, 62.1848 us/op
WorkloadWarmup   4: 8192 op, 502240352.00 ns, 61.3086 us/op
WorkloadWarmup   5: 8192 op, 504290964.00 ns, 61.5590 us/op
WorkloadWarmup   6: 8192 op, 511150066.00 ns, 62.3962 us/op
WorkloadWarmup   7: 8192 op, 509903992.00 ns, 62.2441 us/op

WorkloadActual   1: 8192 op, 510687000.00 ns, 62.3397 us/op
WorkloadActual   2: 8192 op, 509391079.00 ns, 62.1815 us/op
WorkloadActual   3: 8192 op, 502695696.00 ns, 61.3642 us/op
WorkloadActual   4: 8192 op, 508326513.00 ns, 62.0516 us/op
WorkloadActual   5: 8192 op, 510604026.00 ns, 62.3296 us/op
WorkloadActual   6: 8192 op, 505681430.00 ns, 61.7287 us/op
WorkloadActual   7: 8192 op, 508824491.00 ns, 62.1124 us/op
WorkloadActual   8: 8192 op, 511933836.00 ns, 62.4919 us/op
WorkloadActual   9: 8192 op, 510252538.00 ns, 62.2867 us/op
WorkloadActual  10: 8192 op, 510181809.00 ns, 62.2781 us/op
WorkloadActual  11: 8192 op, 510116123.00 ns, 62.2700 us/op
WorkloadActual  12: 8192 op, 510500785.00 ns, 62.3170 us/op
WorkloadActual  13: 8192 op, 510960262.00 ns, 62.3731 us/op
WorkloadActual  14: 8192 op, 509760118.00 ns, 62.2266 us/op
WorkloadActual  15: 8192 op, 509848934.00 ns, 62.2374 us/op

WorkloadResult   1: 8192 op, 510676426.00 ns, 62.3384 us/op
WorkloadResult   2: 8192 op, 509380505.00 ns, 62.1802 us/op
WorkloadResult   3: 8192 op, 502685122.00 ns, 61.3629 us/op
WorkloadResult   4: 8192 op, 508315939.00 ns, 62.0503 us/op
WorkloadResult   5: 8192 op, 510593452.00 ns, 62.3283 us/op
WorkloadResult   6: 8192 op, 505670856.00 ns, 61.7274 us/op
WorkloadResult   7: 8192 op, 508813917.00 ns, 62.1111 us/op
WorkloadResult   8: 8192 op, 511923262.00 ns, 62.4906 us/op
WorkloadResult   9: 8192 op, 510241964.00 ns, 62.2854 us/op
WorkloadResult  10: 8192 op, 510171235.00 ns, 62.2768 us/op
WorkloadResult  11: 8192 op, 510105549.00 ns, 62.2687 us/op
WorkloadResult  12: 8192 op, 510490211.00 ns, 62.3157 us/op
WorkloadResult  13: 8192 op, 510949688.00 ns, 62.3718 us/op
WorkloadResult  14: 8192 op, 509749544.00 ns, 62.2253 us/op
WorkloadResult  15: 8192 op, 509838360.00 ns, 62.2361 us/op
// GC:  0 0 0 4656 8192
// Threading:  0 0 8192


Mean = 62.171 us, StdErr = 0.073 us (0.12%), N = 15, StdDev = 0.284 us
Min = 61.363 us, Q1 = 62.146 us, Median = 62.269 us, Q3 = 62.322 us, Max = 62.491 us
IQR = 0.176 us, LowerFence = 61.881 us, UpperFence = 62.587 us
ConfidenceInterval = [61.868 us; 62.474 us] (CI 99.9%), Margin = 0.303 us (0.49% of Mean)
Skewness = -1.64, Kurtosis = 4.96, MValue = 2

// ** Remained 0 (0.0 %) benchmark(s) to run. Estimated finish 2026-09-22 5:47 (0h 0m from now) **
// ***** BenchmarkRunner: Finish  *****

// * Export *
  tmp/ab352/ph-cand-4/results/PairHandles.PairHandleBenchmarks-report.csv
  tmp/ab352/ph-cand-4/results/PairHandles.PairHandleBenchmarks-report-github.md
  tmp/ab352/ph-cand-4/results/PairHandles.PairHandleBenchmarks-report.html
  tmp/ab352/ph-cand-4/results/PairHandles.PairHandleBenchmarks-report-full.json

// * Detailed results *
PairHandleBenchmarks.Advance: Job-TZECNT(IterationCount=16, IterationTime=200ms, WarmupCount=8) [Shape=LaneUniform]
Runtime = .NET 10.0.12 (10.0.12, 10.0.1226.42308), X64 RyuJIT x86-64-v3; GC = Concurrent Workstation
Mean = 31.397 us, StdErr = 0.016 us (0.05%), N = 16, StdDev = 0.064 us
Min = 31.295 us, Q1 = 31.352 us, Median = 31.392 us, Q3 = 31.431 us, Max = 31.523 us
IQR = 0.079 us, LowerFence = 31.233 us, UpperFence = 31.550 us
ConfidenceInterval = [31.331 us; 31.462 us] (CI 99.9%), Margin = 0.065 us (0.21% of Mean)
Skewness = 0.33, Kurtosis = 2.07, MValue = 2
-------------------- Histogram --------------------
[31.262 us ; 31.556 us) | @@@@@@@@@@@@@@@@
---------------------------------------------------

PairHandleBenchmarks.Advance: InProcess(Toolchain=InProcessEmitToolchain) [Shape=LaneUniform]
Runtime = ; GC = 
Mean = 31.449 us, StdErr = 0.024 us (0.08%), N = 12, StdDev = 0.083 us
Min = 31.354 us, Q1 = 31.381 us, Median = 31.431 us, Q3 = 31.484 us, Max = 31.588 us
IQR = 0.103 us, LowerFence = 31.226 us, UpperFence = 31.638 us
ConfidenceInterval = [31.343 us; 31.555 us] (CI 99.9%), Margin = 0.106 us (0.34% of Mean)
Skewness = 0.56, Kurtosis = 1.69, MValue = 2
-------------------- Histogram --------------------
[31.306 us ; 31.635 us) | @@@@@@@@@@@@
---------------------------------------------------

PairHandleBenchmarks.Advance: Job-TZECNT(IterationCount=16, IterationTime=200ms, WarmupCount=8) [Shape=PairOne]
Runtime = .NET 10.0.12 (10.0.12, 10.0.1226.42308), X64 RyuJIT x86-64-v3; GC = Concurrent Workstation
Mean = 32.152 us, StdErr = 0.370 us (1.15%), N = 16, StdDev = 1.478 us
Min = 30.988 us, Q1 = 31.232 us, Median = 31.291 us, Q3 = 33.041 us, Max = 34.835 us
IQR = 1.810 us, LowerFence = 28.517 us, UpperFence = 35.756 us
ConfidenceInterval = [30.647 us; 33.657 us] (CI 99.9%), Margin = 1.505 us (4.68% of Mean)
Skewness = 0.93, Kurtosis = 1.92, MValue = 2.55
-------------------- Histogram --------------------
[30.415 us ; 31.955 us) | @@@@@@@@@@@
[31.955 us ; 33.842 us) | @
[33.842 us ; 35.605 us) | @@@@
---------------------------------------------------

PairHandleBenchmarks.Advance: InProcess(Toolchain=InProcessEmitToolchain) [Shape=PairOne]
Runtime = ; GC = 
Mean = 29.327 us, StdErr = 0.065 us (0.22%), N = 13, StdDev = 0.234 us
Min = 28.987 us, Q1 = 29.174 us, Median = 29.285 us, Q3 = 29.549 us, Max = 29.732 us
IQR = 0.375 us, LowerFence = 28.611 us, UpperFence = 30.112 us
ConfidenceInterval = [29.046 us; 29.607 us] (CI 99.9%), Margin = 0.280 us (0.96% of Mean)
Skewness = 0.23, Kurtosis = 1.61, MValue = 2
-------------------- Histogram --------------------
[28.882 us ; 29.863 us) | @@@@@@@@@@@@@
---------------------------------------------------

PairHandleBenchmarks.Advance: Job-TZECNT(IterationCount=16, IterationTime=200ms, WarmupCount=8) [Shape=PairRuns8]
Runtime = .NET 10.0.12 (10.0.12, 10.0.1226.42308), X64 RyuJIT x86-64-v3; GC = Concurrent Workstation
Mean = 38.052 us, StdErr = 0.360 us (0.95%), N = 16, StdDev = 1.439 us
Min = 36.532 us, Q1 = 36.661 us, Median = 37.953 us, Q3 = 39.305 us, Max = 40.687 us
IQR = 2.644 us, LowerFence = 32.696 us, UpperFence = 43.270 us
ConfidenceInterval = [36.587 us; 39.517 us] (CI 99.9%), Margin = 1.465 us (3.85% of Mean)
Skewness = 0.21, Kurtosis = 1.32, MValue = 3.75
-------------------- Histogram --------------------
[36.020 us ; 37.519 us) | @@@@@@@@
[37.519 us ; 38.431 us) | 
[38.431 us ; 39.930 us) | @@@@@@@
[39.930 us ; 41.436 us) | @
---------------------------------------------------

PairHandleBenchmarks.Advance: InProcess(Toolchain=InProcessEmitToolchain) [Shape=PairRuns8]
Runtime = ; GC = 
Mean = 36.300 us, StdErr = 0.048 us (0.13%), N = 13, StdDev = 0.174 us
Min = 36.113 us, Q1 = 36.221 us, Median = 36.226 us, Q3 = 36.321 us, Max = 36.669 us
IQR = 0.101 us, LowerFence = 36.070 us, UpperFence = 36.472 us
ConfidenceInterval = [36.092 us; 36.509 us] (CI 99.9%), Margin = 0.209 us (0.57% of Mean)
Skewness = 1.14, Kurtosis = 2.79, MValue = 2
-------------------- Histogram --------------------
[36.016 us ; 36.766 us) | @@@@@@@@@@@@@
---------------------------------------------------

PairHandleBenchmarks.Advance: Job-TZECNT(IterationCount=16, IterationTime=200ms, WarmupCount=8) [Shape=PairAlternating8]
Runtime = .NET 10.0.12 (10.0.12, 10.0.1226.42308), X64 RyuJIT x86-64-v3; GC = Concurrent Workstation
Mean = 67.440 us, StdErr = 0.471 us (0.70%), N = 16, StdDev = 1.886 us
Min = 64.925 us, Q1 = 65.670 us, Median = 67.581 us, Q3 = 69.288 us, Max = 69.785 us
IQR = 3.618 us, LowerFence = 60.243 us, UpperFence = 74.715 us
ConfidenceInterval = [65.520 us; 69.360 us] (CI 99.9%), Margin = 1.920 us (2.85% of Mean)
Skewness = -0.05, Kurtosis = 1.18, MValue = 3.43
-------------------- Histogram --------------------
[64.724 us ; 66.688 us) | @@@@@@@
[66.688 us ; 68.137 us) | @@
[68.137 us ; 70.102 us) | @@@@@@@
---------------------------------------------------

PairHandleBenchmarks.Advance: InProcess(Toolchain=InProcessEmitToolchain) [Shape=PairAlternating8]
Runtime = ; GC = 
Mean = 65.434 us, StdErr = 0.122 us (0.19%), N = 13, StdDev = 0.441 us
Min = 64.742 us, Q1 = 65.176 us, Median = 65.366 us, Q3 = 65.616 us, Max = 66.459 us
IQR = 0.440 us, LowerFence = 64.515 us, UpperFence = 66.276 us
ConfidenceInterval = [64.905 us; 65.963 us] (CI 99.9%), Margin = 0.529 us (0.81% of Mean)
Skewness = 0.68, Kurtosis = 3.03, MValue = 2
-------------------- Histogram --------------------
[64.730 us ; 66.706 us) | @@@@@@@@@@@@@
---------------------------------------------------

PairHandleBenchmarks.Advance: Job-TZECNT(IterationCount=16, IterationTime=200ms, WarmupCount=8) [Shape=PairRuns8Waves]
Runtime = .NET 10.0.12 (10.0.12, 10.0.1226.42308), X64 RyuJIT x86-64-v3; GC = Concurrent Workstation
Mean = 32.083 us, StdErr = 0.093 us (0.29%), N = 16, StdDev = 0.371 us
Min = 31.661 us, Q1 = 31.847 us, Median = 31.892 us, Q3 = 32.391 us, Max = 32.794 us
IQR = 0.543 us, LowerFence = 31.032 us, UpperFence = 33.206 us
ConfidenceInterval = [31.705 us; 32.461 us] (CI 99.9%), Margin = 0.378 us (1.18% of Mean)
Skewness = 0.49, Kurtosis = 1.63, MValue = 2
-------------------- Histogram --------------------
[31.522 us ; 32.988 us) | @@@@@@@@@@@@@@@@
---------------------------------------------------

PairHandleBenchmarks.Advance: InProcess(Toolchain=InProcessEmitToolchain) [Shape=PairRuns8Waves]
Runtime = ; GC = 
Mean = 31.680 us, StdErr = 0.035 us (0.11%), N = 14, StdDev = 0.129 us
Min = 31.438 us, Q1 = 31.579 us, Median = 31.705 us, Q3 = 31.770 us, Max = 31.866 us
IQR = 0.192 us, LowerFence = 31.291 us, UpperFence = 32.058 us
ConfidenceInterval = [31.534 us; 31.825 us] (CI 99.9%), Margin = 0.146 us (0.46% of Mean)
Skewness = -0.24, Kurtosis = 1.82, MValue = 2
-------------------- Histogram --------------------
[31.368 us ; 31.937 us) | @@@@@@@@@@@@@@
---------------------------------------------------

PairHandleBenchmarks.Advance: Job-TZECNT(IterationCount=16, IterationTime=200ms, WarmupCount=8) [Shape=PairBlocks8Waves]
Runtime = .NET 10.0.12 (10.0.12, 10.0.1226.42308), X64 RyuJIT x86-64-v3; GC = Concurrent Workstation
Mean = 45.880 us, StdErr = 0.123 us (0.27%), N = 13, StdDev = 0.442 us
Min = 45.200 us, Q1 = 45.679 us, Median = 45.860 us, Q3 = 46.077 us, Max = 46.705 us
IQR = 0.398 us, LowerFence = 45.081 us, UpperFence = 46.675 us
ConfidenceInterval = [45.350 us; 46.410 us] (CI 99.9%), Margin = 0.530 us (1.15% of Mean)
Skewness = 0.25, Kurtosis = 2.24, MValue = 2
-------------------- Histogram --------------------
[44.953 us ; 46.952 us) | @@@@@@@@@@@@@
---------------------------------------------------

PairHandleBenchmarks.Advance: InProcess(Toolchain=InProcessEmitToolchain) [Shape=PairBlocks8Waves]
Runtime = ; GC = 
Mean = 46.119 us, StdErr = 0.105 us (0.23%), N = 13, StdDev = 0.380 us
Min = 45.618 us, Q1 = 45.826 us, Median = 46.028 us, Q3 = 46.336 us, Max = 46.885 us
IQR = 0.510 us, LowerFence = 45.061 us, UpperFence = 47.102 us
ConfidenceInterval = [45.664 us; 46.574 us] (CI 99.9%), Margin = 0.455 us (0.99% of Mean)
Skewness = 0.56, Kurtosis = 2.13, MValue = 2
-------------------- Histogram --------------------
[45.406 us ; 47.097 us) | @@@@@@@@@@@@@
---------------------------------------------------

PairHandleBenchmarks.Advance: Job-TZECNT(IterationCount=16, IterationTime=200ms, WarmupCount=8) [Shape=PairA(...)Waves [21]]
Runtime = .NET 10.0.12 (10.0.12, 10.0.1226.42308), X64 RyuJIT x86-64-v3; GC = Concurrent Workstation
Mean = 59.017 us, StdErr = 0.459 us (0.78%), N = 16, StdDev = 1.835 us
Min = 57.030 us, Q1 = 57.663 us, Median = 58.451 us, Q3 = 60.118 us, Max = 63.071 us
IQR = 2.455 us, LowerFence = 53.981 us, UpperFence = 63.801 us
ConfidenceInterval = [57.149 us; 60.885 us] (CI 99.9%), Margin = 1.868 us (3.17% of Mean)
Skewness = 0.87, Kurtosis = 2.5, MValue = 2
-------------------- Histogram --------------------
[56.075 us ; 59.088 us) | @@@@@@@@@@@
[59.088 us ; 61.361 us) | @@@
[61.361 us ; 64.026 us) | @@
---------------------------------------------------

PairHandleBenchmarks.Advance: InProcess(Toolchain=InProcessEmitToolchain) [Shape=PairA(...)Waves [21]]
Runtime = ; GC = 
Mean = 62.171 us, StdErr = 0.073 us (0.12%), N = 15, StdDev = 0.284 us
Min = 61.363 us, Q1 = 62.146 us, Median = 62.269 us, Q3 = 62.322 us, Max = 62.491 us
IQR = 0.176 us, LowerFence = 61.881 us, UpperFence = 62.587 us
ConfidenceInterval = [61.868 us; 62.474 us] (CI 99.9%), Margin = 0.303 us (0.49% of Mean)
Skewness = -1.64, Kurtosis = 4.96, MValue = 2
-------------------- Histogram --------------------
[61.212 us ; 62.642 us) | @@@@@@@@@@@@@@@
---------------------------------------------------

// * Summary *

BenchmarkDotNet v0.15.8, Linux Omarchy
Intel Core i9-14900K 0.80GHz, 1 CPU, 32 logical and 24 physical cores
.NET SDK 10.0.401
  [Host]     : .NET 10.0.12 (10.0.12, 10.0.1226.42308), X64 RyuJIT x86-64-v3
  Job-TZECNT : .NET 10.0.12 (10.0.12, 10.0.1226.42308), X64 RyuJIT x86-64-v3


| Method  | Job        | Toolchain              | IterationCount | IterationTime | WarmupCount | Shape                | Mean     | Error    | StdDev   | Median   | Allocated |
|-------- |----------- |----------------------- |--------------- |-------------- |------------ |--------------------- |---------:|---------:|---------:|---------:|----------:|
| Advance | Job-TZECNT | Default                | 16             | 200ms         | 8           | LaneUniform          | 31.40 us | 0.065 us | 0.064 us | 31.39 us |         - |
| Advance | InProcess  | InProcessEmitToolchain | Default        | Default       | Default     | LaneUniform          | 31.45 us | 0.106 us | 0.083 us | 31.43 us |         - |
| Advance | Job-TZECNT | Default                | 16             | 200ms         | 8           | PairOne              | 32.15 us | 1.505 us | 1.478 us | 31.29 us |         - |
| Advance | InProcess  | InProcessEmitToolchain | Default        | Default       | Default     | PairOne              | 29.33 us | 0.280 us | 0.234 us | 29.28 us |         - |
| Advance | Job-TZECNT | Default                | 16             | 200ms         | 8           | PairRuns8            | 38.05 us | 1.465 us | 1.439 us | 37.95 us |         - |
| Advance | InProcess  | InProcessEmitToolchain | Default        | Default       | Default     | PairRuns8            | 36.30 us | 0.209 us | 0.174 us | 36.23 us |         - |
| Advance | Job-TZECNT | Default                | 16             | 200ms         | 8           | PairAlternating8     | 67.44 us | 1.920 us | 1.886 us | 67.58 us |         - |
| Advance | InProcess  | InProcessEmitToolchain | Default        | Default       | Default     | PairAlternating8     | 65.43 us | 0.529 us | 0.441 us | 65.37 us |         - |
| Advance | Job-TZECNT | Default                | 16             | 200ms         | 8           | PairRuns8Waves       | 32.08 us | 0.378 us | 0.371 us | 31.89 us |         - |
| Advance | InProcess  | InProcessEmitToolchain | Default        | Default       | Default     | PairRuns8Waves       | 31.68 us | 0.146 us | 0.129 us | 31.70 us |         - |
| Advance | Job-TZECNT | Default                | 16             | 200ms         | 8           | PairBlocks8Waves     | 45.88 us | 0.530 us | 0.442 us | 45.86 us |         - |
| Advance | InProcess  | InProcessEmitToolchain | Default        | Default       | Default     | PairBlocks8Waves     | 46.12 us | 0.455 us | 0.380 us | 46.03 us |         - |
| Advance | Job-TZECNT | Default                | 16             | 200ms         | 8           | PairA(...)Waves [21] | 59.02 us | 1.868 us | 1.835 us | 58.45 us |         - |
| Advance | InProcess  | InProcessEmitToolchain | Default        | Default       | Default     | PairA(...)Waves [21] | 62.17 us | 0.303 us | 0.284 us | 62.27 us |       1 B |

// * Warnings *
MultimodalDistribution
  PairHandleBenchmarks.Advance: IterationCount=16, IterationTime=200ms, WarmupCount=8 -> It seems that the distribution is bimodal (mValue = 3.75)
  PairHandleBenchmarks.Advance: IterationCount=16, IterationTime=200ms, WarmupCount=8 -> It seems that the distribution is bimodal (mValue = 3.43)

// * Hints *
Outliers
  PairHandleBenchmarks.Advance: InProcess                                             -> 3 outliers were removed (33.53 us..34.70 us)
  PairHandleBenchmarks.Advance: InProcess                                             -> 2 outliers were removed (30.35 us, 32.54 us)
  PairHandleBenchmarks.Advance: InProcess                                             -> 2 outliers were removed (37.10 us, 37.79 us)
  PairHandleBenchmarks.Advance: InProcess                                             -> 2 outliers were removed (73.95 us, 75.56 us)
  PairHandleBenchmarks.Advance: InProcess                                             -> 1 outlier  was  removed (32.66 us)
  PairHandleBenchmarks.Advance: IterationCount=16, IterationTime=200ms, WarmupCount=8 -> 3 outliers were removed (49.47 us..52.11 us)
  PairHandleBenchmarks.Advance: InProcess                                             -> 2 outliers were removed (48.16 us, 49.18 us)
  PairHandleBenchmarks.Advance: InProcess                                             -> 2 outliers were detected (61.36 us, 61.73 us)

// * Legends *
  Shape     : Value of the 'Shape' parameter
  Mean      : Arithmetic mean of all measurements
  Error     : Half of 99.9% confidence interval
  StdDev    : Standard deviation of all measurements
  Median    : Value separating the higher half of all measurements (50th percentile)
  Allocated : Allocated memory per single operation (managed only, inclusive, 1KB = 1024B)
  1 us      : 1 Microsecond (0.000001 sec)

// * Diagnostic Output - MemoryDiagnoser *


// ***** BenchmarkRunner: End *****
Run time: 00:02:43 (163.86 sec), executed benchmarks: 14

Global total time: 00:02:47 (167.39 sec), executed benchmarks: 14
// * Artifacts cleanup *
Artifacts cleanup is finished
