PAIR-HANDLES PARITY PASS: 8192 rows x 240 steps over 8 variant timelines, forward and backward, bit-exact
host: Unix 7.2.5.3, .NET 10.0.12, procs 32
benchmark artifacts: /tmp/ab352/ph-cand-2
// Validating benchmarks:
// ***** BenchmarkRunner: Start   *****
// ***** Found 14 benchmark(s) in total *****
// ***** Building 2 exe(s) in Parallel: Start   *****
// ***** Done, took 00:00:03 (3.52 sec)   *****
// Found 14 benchmarks:
//   PairHandleBenchmarks.Advance: Job-TZECNT(IterationCount=16, IterationTime=200ms, WarmupCount=8) [Shape=LaneUniform]
//   PairHandleBenchmarks.Advance: InProcess(Toolchain=InProcessEmitToolchain) [Shape=LaneUniform]
//   PairHandleBenchmarks.Advance: Job-TZECNT(IterationCount=16, IterationTime=200ms, WarmupCount=8) [Shape=PairOne]
//   PairHandleBenchmarks.Advance: InProcess(Toolchain=InProcessEmitToolchain) [Shape=PairOne]
//   PairHandleBenchmarks.Advance: Job-TZECNT(IterationCount=16, IterationTime=200ms, WarmupCount=8) [Shape=PairRuns8]
//   PairHandleBenchmarks.Advance: InProcess(Toolchain=InProcessEmitToolchain) [Shape=PairRuns8]
//   PairHandleBenchmarks.Advance: Job-TZECNT(IterationCount=16, IterationTime=200ms, WarmupCount=8) [Shape=PairAlternating8]
//   PairHandleBenchmarks.Advance: InProcess(Toolchain=InProcessEmitToolchain) [Shape=PairAlternating8]
//   PairHandleBenchmarks.Advance: Job-TZECNT(IterationCount=16, IterationTime=200ms, WarmupCount=8) [Shape=PairRuns8Waves]
//   PairHandleBenchmarks.Advance: InProcess(Toolchain=InProcessEmitToolchain) [Shape=PairRuns8Waves]
//   PairHandleBenchmarks.Advance: Job-TZECNT(IterationCount=16, IterationTime=200ms, WarmupCount=8) [Shape=PairBlocks8Waves]
//   PairHandleBenchmarks.Advance: InProcess(Toolchain=InProcessEmitToolchain) [Shape=PairBlocks8Waves]
//   PairHandleBenchmarks.Advance: Job-TZECNT(IterationCount=16, IterationTime=200ms, WarmupCount=8) [Shape=PairA(...)Waves [21]]
//   PairHandleBenchmarks.Advance: InProcess(Toolchain=InProcessEmitToolchain) [Shape=PairA(...)Waves [21]]

// **************************
// Benchmark: PairHandleBenchmarks.Advance: Job-TZECNT(IterationCount=16, IterationTime=200ms, WarmupCount=8) [Shape=LaneUniform]
// *** Execute ***
// Launch: 1 / 1
// Execute: dotnet PairHandles-Job-TZECNT-1.dll --anonymousPipes 138 139 --benchmarkName "PairHandles.PairHandleBenchmarks.Advance(Shape: LaneUniform)" --job "IterationCount=16, IterationTime=200ms, WarmupCount=8" --benchmarkId 0 in /home/i/GitHub/tl-w352/benchmarks/PairHandles/bin/Release/net10.0/PairHandles-Job-TZECNT-1/bin/Release/net10.0
// Failed to set up high priority (Permission denied). In order to run benchmarks with high priority, make sure you have the right permissions.
// BeforeAnythingElse

// Benchmark Process Environment Information:
// BenchmarkDotNet v0.15.8
// Runtime=.NET 10.0.12 (10.0.12, 10.0.1226.42308), X64 RyuJIT x86-64-v3
// GC=Concurrent Workstation
// HardwareIntrinsics=AVX2+BMI1+BMI2+F16C+FMA+LZCNT+MOVBE,AVX,SSE3+SSSE3+SSE4.1+SSE4.2+POPCNT,X86Base+SSE+SSE2,AES+PCLMUL,AvxVnni,SERIALIZE VectorSize=256
// Job: Job-TZECNT(IterationCount=16, IterationTime=200ms, WarmupCount=8)

OverheadJitting  1: 1 op, 78540.00 ns, 78.5400 us/op
WorkloadJitting  1: 1 op, 10458357.00 ns, 10.4584 ms/op

OverheadJitting  2: 16 op, 98232.00 ns, 6.1395 us/op
WorkloadJitting  2: 16 op, 641895.00 ns, 40.1184 us/op

WorkloadPilot    1: 16 op, 529459.00 ns, 33.0912 us/op
WorkloadPilot    2: 6048 op, 194182050.00 ns, 32.1068 us/op
WorkloadPilot    3: 6240 op, 195044337.00 ns, 31.2571 us/op
WorkloadPilot    4: 6400 op, 200120498.00 ns, 31.2688 us/op

OverheadWarmup   1: 6400 op, 11960.00 ns, 1.8688 ns/op
OverheadWarmup   2: 6400 op, 11441.00 ns, 1.7877 ns/op
OverheadWarmup   3: 6400 op, 11297.00 ns, 1.7652 ns/op
OverheadWarmup   4: 6400 op, 11391.00 ns, 1.7798 ns/op
OverheadWarmup   5: 6400 op, 10561.00 ns, 1.6502 ns/op
OverheadWarmup   6: 6400 op, 10485.00 ns, 1.6383 ns/op
OverheadWarmup   7: 6400 op, 10548.00 ns, 1.6481 ns/op
OverheadWarmup   8: 6400 op, 10527.00 ns, 1.6448 ns/op

OverheadActual   1: 6400 op, 10799.00 ns, 1.6873 ns/op
OverheadActual   2: 6400 op, 10813.00 ns, 1.6895 ns/op
OverheadActual   3: 6400 op, 11021.00 ns, 1.7220 ns/op
OverheadActual   4: 6400 op, 10578.00 ns, 1.6528 ns/op
OverheadActual   5: 6400 op, 10709.00 ns, 1.6733 ns/op
OverheadActual   6: 6400 op, 10530.00 ns, 1.6453 ns/op
OverheadActual   7: 6400 op, 10513.00 ns, 1.6427 ns/op
OverheadActual   8: 6400 op, 10514.00 ns, 1.6428 ns/op
OverheadActual   9: 6400 op, 10486.00 ns, 1.6384 ns/op
OverheadActual  10: 6400 op, 10509.00 ns, 1.6420 ns/op
OverheadActual  11: 6400 op, 10538.00 ns, 1.6466 ns/op
OverheadActual  12: 6400 op, 10497.00 ns, 1.6402 ns/op
OverheadActual  13: 6400 op, 10605.00 ns, 1.6570 ns/op
OverheadActual  14: 6400 op, 10520.00 ns, 1.6438 ns/op
OverheadActual  15: 6400 op, 10496.00 ns, 1.6400 ns/op

WorkloadWarmup   1: 6400 op, 200760717.00 ns, 31.3689 us/op
WorkloadWarmup   2: 6400 op, 199987315.00 ns, 31.2480 us/op
WorkloadWarmup   3: 6400 op, 200000754.00 ns, 31.2501 us/op
WorkloadWarmup   4: 6400 op, 200341442.00 ns, 31.3034 us/op
WorkloadWarmup   5: 6400 op, 200997206.00 ns, 31.4058 us/op
WorkloadWarmup   6: 6400 op, 202626301.00 ns, 31.6604 us/op
WorkloadWarmup   7: 6400 op, 221943168.00 ns, 34.6786 us/op
WorkloadWarmup   8: 6400 op, 223290824.00 ns, 34.8892 us/op

// BeforeActualRun
WorkloadActual   1: 6400 op, 222281989.00 ns, 34.7316 us/op
WorkloadActual   2: 6400 op, 214422356.00 ns, 33.5035 us/op
WorkloadActual   3: 6400 op, 202936880.00 ns, 31.7089 us/op
WorkloadActual   4: 6400 op, 206923309.00 ns, 32.3318 us/op
WorkloadActual   5: 6400 op, 216439161.00 ns, 33.8186 us/op
WorkloadActual   6: 6400 op, 200115277.00 ns, 31.2680 us/op
WorkloadActual   7: 6400 op, 201547777.00 ns, 31.4918 us/op
WorkloadActual   8: 6400 op, 200056143.00 ns, 31.2588 us/op
WorkloadActual   9: 6400 op, 200185239.00 ns, 31.2789 us/op
WorkloadActual  10: 6400 op, 200435535.00 ns, 31.3181 us/op
WorkloadActual  11: 6400 op, 200029319.00 ns, 31.2546 us/op
WorkloadActual  12: 6400 op, 201715030.00 ns, 31.5180 us/op
WorkloadActual  13: 6400 op, 221252540.00 ns, 34.5707 us/op
WorkloadActual  14: 6400 op, 222857489.00 ns, 34.8215 us/op
WorkloadActual  15: 6400 op, 222139244.00 ns, 34.7093 us/op
WorkloadActual  16: 6400 op, 219389483.00 ns, 34.2796 us/op

// AfterActualRun
WorkloadResult   1: 6400 op, 222271459.00 ns, 34.7299 us/op
WorkloadResult   2: 6400 op, 214411826.00 ns, 33.5018 us/op
WorkloadResult   3: 6400 op, 202926350.00 ns, 31.7072 us/op
WorkloadResult   4: 6400 op, 206912779.00 ns, 32.3301 us/op
WorkloadResult   5: 6400 op, 216428631.00 ns, 33.8170 us/op
WorkloadResult   6: 6400 op, 200104747.00 ns, 31.2664 us/op
WorkloadResult   7: 6400 op, 201537247.00 ns, 31.4902 us/op
WorkloadResult   8: 6400 op, 200045613.00 ns, 31.2571 us/op
WorkloadResult   9: 6400 op, 200174709.00 ns, 31.2773 us/op
WorkloadResult  10: 6400 op, 200425005.00 ns, 31.3164 us/op
WorkloadResult  11: 6400 op, 200018789.00 ns, 31.2529 us/op
WorkloadResult  12: 6400 op, 201704500.00 ns, 31.5163 us/op
WorkloadResult  13: 6400 op, 221242010.00 ns, 34.5691 us/op
WorkloadResult  14: 6400 op, 222846959.00 ns, 34.8198 us/op
WorkloadResult  15: 6400 op, 222128714.00 ns, 34.7076 us/op
WorkloadResult  16: 6400 op, 219378953.00 ns, 34.2780 us/op
// GC:  0 0 0 0 6400
// Threading:  0 0 6400

// AfterAll
// Benchmark Process 167493 has exited with code 0.

Mean = 32.740 us, StdErr = 0.380 us (1.16%), N = 16, StdDev = 1.520 us
Min = 31.253 us, Q1 = 31.307 us, Median = 32.019 us, Q3 = 34.351 us, Max = 34.820 us
IQR = 3.044 us, LowerFence = 26.740 us, UpperFence = 38.917 us
ConfidenceInterval = [31.192 us; 34.287 us] (CI 99.9%), Margin = 1.548 us (4.73% of Mean)
Skewness = 0.27, Kurtosis = 1.13, MValue = 3.56

// ** Remained 13 (92.9 %) benchmark(s) to run. Estimated finish 2026-09-22 5:34 (0h 1m from now) **
// **************************
// Benchmark: PairHandleBenchmarks.Advance: InProcess(Toolchain=InProcessEmitToolchain) [Shape=LaneUniform]
// *** Execute ***
// Launch: 1 / 1
// ! Failed to set up priority High for process System.Diagnostics.Process (PairHandles). Make sure you have the right permissions. Message: Permission denied

// Benchmark Process Environment Information:
// BenchmarkDotNet v0.15.8
// Runtime=.NET 10.0.12 (10.0.12, 10.0.1226.42308), X64 RyuJIT x86-64-v3
// GC=Concurrent Workstation
// HardwareIntrinsics=AVX2+BMI1+BMI2+F16C+FMA+LZCNT+MOVBE,AVX,SSE3+SSSE3+SSE4.1+SSE4.2+POPCNT,X86Base+SSE+SSE2,AES+PCLMUL,AvxVnni,SERIALIZE VectorSize=256
// Job: Job-JWQWGO(Toolchain=InProcessEmitToolchain)

OverheadJitting  1: 1 op, 77113.00 ns, 77.1130 us/op
WorkloadJitting  1: 1 op, 2006004.00 ns, 2.0060 ms/op

OverheadJitting  2: 16 op, 105003.00 ns, 6.5627 us/op
WorkloadJitting  2: 16 op, 699494.00 ns, 43.7184 us/op

WorkloadPilot    1: 16 op, 583462.00 ns, 36.4664 us/op
WorkloadPilot    2: 32 op, 1087142.00 ns, 33.9732 us/op
WorkloadPilot    3: 64 op, 2168562.00 ns, 33.8838 us/op
WorkloadPilot    4: 128 op, 4639244.00 ns, 36.2441 us/op
WorkloadPilot    5: 256 op, 8642186.00 ns, 33.7585 us/op
WorkloadPilot    6: 512 op, 17613403.00 ns, 34.4012 us/op
WorkloadPilot    7: 1024 op, 34800160.00 ns, 33.9845 us/op
WorkloadPilot    8: 2048 op, 67076616.00 ns, 32.7523 us/op
WorkloadPilot    9: 4096 op, 134384333.00 ns, 32.8087 us/op
WorkloadPilot   10: 8192 op, 267183728.00 ns, 32.6152 us/op
WorkloadPilot   11: 16384 op, 538024658.00 ns, 32.8384 us/op

OverheadWarmup   1: 16384 op, 23923.00 ns, 1.4601 ns/op
OverheadWarmup   2: 16384 op, 21274.00 ns, 1.2985 ns/op
OverheadWarmup   3: 16384 op, 20540.00 ns, 1.2537 ns/op
OverheadWarmup   4: 16384 op, 20376.00 ns, 1.2437 ns/op
OverheadWarmup   5: 16384 op, 20412.00 ns, 1.2458 ns/op
OverheadWarmup   6: 16384 op, 20399.00 ns, 1.2451 ns/op
OverheadWarmup   7: 16384 op, 20388.00 ns, 1.2444 ns/op
OverheadWarmup   8: 16384 op, 20391.00 ns, 1.2446 ns/op
OverheadWarmup   9: 16384 op, 21157.00 ns, 1.2913 ns/op
OverheadWarmup  10: 16384 op, 20415.00 ns, 1.2460 ns/op

OverheadActual   1: 16384 op, 20598.00 ns, 1.2572 ns/op
OverheadActual   2: 16384 op, 21266.00 ns, 1.2980 ns/op
OverheadActual   3: 16384 op, 20525.00 ns, 1.2527 ns/op
OverheadActual   4: 16384 op, 21144.00 ns, 1.2905 ns/op
OverheadActual   5: 16384 op, 20578.00 ns, 1.2560 ns/op
OverheadActual   6: 16384 op, 20401.00 ns, 1.2452 ns/op
OverheadActual   7: 16384 op, 20828.00 ns, 1.2712 ns/op
OverheadActual   8: 16384 op, 21095.00 ns, 1.2875 ns/op
OverheadActual   9: 16384 op, 20403.00 ns, 1.2453 ns/op
OverheadActual  10: 16384 op, 20398.00 ns, 1.2450 ns/op
OverheadActual  11: 16384 op, 20377.00 ns, 1.2437 ns/op
OverheadActual  12: 16384 op, 20386.00 ns, 1.2443 ns/op
OverheadActual  13: 16384 op, 20401.00 ns, 1.2452 ns/op
OverheadActual  14: 16384 op, 20397.00 ns, 1.2449 ns/op
OverheadActual  15: 16384 op, 20417.00 ns, 1.2462 ns/op

WorkloadWarmup   1: 16384 op, 534616257.00 ns, 32.6304 us/op
WorkloadWarmup   2: 16384 op, 538211190.00 ns, 32.8498 us/op
WorkloadWarmup   3: 16384 op, 534687908.00 ns, 32.6348 us/op
WorkloadWarmup   4: 16384 op, 535080047.00 ns, 32.6587 us/op
WorkloadWarmup   5: 16384 op, 533648053.00 ns, 32.5713 us/op
WorkloadWarmup   6: 16384 op, 533351327.00 ns, 32.5532 us/op

WorkloadActual   1: 16384 op, 534447188.00 ns, 32.6201 us/op
WorkloadActual   2: 16384 op, 534727143.00 ns, 32.6372 us/op
WorkloadActual   3: 16384 op, 538635137.00 ns, 32.8757 us/op
WorkloadActual   4: 16384 op, 541825845.00 ns, 33.0704 us/op
WorkloadActual   5: 16384 op, 535112093.00 ns, 32.6607 us/op
WorkloadActual   6: 16384 op, 538326434.00 ns, 32.8568 us/op
WorkloadActual   7: 16384 op, 533999459.00 ns, 32.5927 us/op
WorkloadActual   8: 16384 op, 533870010.00 ns, 32.5848 us/op
WorkloadActual   9: 16384 op, 538317866.00 ns, 32.8563 us/op
WorkloadActual  10: 16384 op, 533624220.00 ns, 32.5698 us/op
WorkloadActual  11: 16384 op, 534383340.00 ns, 32.6162 us/op
WorkloadActual  12: 16384 op, 534431037.00 ns, 32.6191 us/op
WorkloadActual  13: 16384 op, 534890089.00 ns, 32.6471 us/op
WorkloadActual  14: 16384 op, 535608994.00 ns, 32.6910 us/op
WorkloadActual  15: 16384 op, 533889497.00 ns, 32.5860 us/op

WorkloadResult   1: 16384 op, 534426771.00 ns, 32.6188 us/op
WorkloadResult   2: 16384 op, 534706726.00 ns, 32.6359 us/op
WorkloadResult   3: 16384 op, 538614720.00 ns, 32.8744 us/op
WorkloadResult   4: 16384 op, 535091676.00 ns, 32.6594 us/op
WorkloadResult   5: 16384 op, 538306017.00 ns, 32.8556 us/op
WorkloadResult   6: 16384 op, 533979042.00 ns, 32.5915 us/op
WorkloadResult   7: 16384 op, 533849593.00 ns, 32.5836 us/op
WorkloadResult   8: 16384 op, 538297449.00 ns, 32.8551 us/op
WorkloadResult   9: 16384 op, 533603803.00 ns, 32.5686 us/op
WorkloadResult  10: 16384 op, 534362923.00 ns, 32.6149 us/op
WorkloadResult  11: 16384 op, 534410620.00 ns, 32.6178 us/op
WorkloadResult  12: 16384 op, 534869672.00 ns, 32.6459 us/op
WorkloadResult  13: 16384 op, 535588577.00 ns, 32.6897 us/op
WorkloadResult  14: 16384 op, 533869080.00 ns, 32.5848 us/op
// GC:  0 0 0 0 16384
// Threading:  0 0 16384


Mean = 32.671 us, StdErr = 0.029 us (0.09%), N = 14, StdDev = 0.108 us
Min = 32.569 us, Q1 = 32.597 us, Median = 32.627 us, Q3 = 32.682 us, Max = 32.874 us
IQR = 0.085 us, LowerFence = 32.470 us, UpperFence = 32.809 us
ConfidenceInterval = [32.549 us; 32.793 us] (CI 99.9%), Margin = 0.122 us (0.37% of Mean)
Skewness = 0.98, Kurtosis = 2.24, MValue = 2

// ** Remained 12 (85.7 %) benchmark(s) to run. Estimated finish 2026-09-22 5:35 (0h 1m from now) **
// **************************
// Benchmark: PairHandleBenchmarks.Advance: Job-TZECNT(IterationCount=16, IterationTime=200ms, WarmupCount=8) [Shape=PairOne]
// *** Execute ***
// Launch: 1 / 1
// Execute: dotnet PairHandles-Job-TZECNT-1.dll --anonymousPipes 118 119 --benchmarkName "PairHandles.PairHandleBenchmarks.Advance(Shape: PairOne)" --job "IterationCount=16, IterationTime=200ms, WarmupCount=8" --benchmarkId 1 in /home/i/GitHub/tl-w352/benchmarks/PairHandles/bin/Release/net10.0/PairHandles-Job-TZECNT-1/bin/Release/net10.0
// Failed to set up high priority (Permission denied). In order to run benchmarks with high priority, make sure you have the right permissions.
// BeforeAnythingElse

// Benchmark Process Environment Information:
// BenchmarkDotNet v0.15.8
// Runtime=.NET 10.0.12 (10.0.12, 10.0.1226.42308), X64 RyuJIT x86-64-v3
// GC=Concurrent Workstation
// HardwareIntrinsics=AVX2+BMI1+BMI2+F16C+FMA+LZCNT+MOVBE,AVX,SSE3+SSSE3+SSE4.1+SSE4.2+POPCNT,X86Base+SSE+SSE2,AES+PCLMUL,AvxVnni,SERIALIZE VectorSize=256
// Job: Job-TZECNT(IterationCount=16, IterationTime=200ms, WarmupCount=8)

OverheadJitting  1: 1 op, 79449.00 ns, 79.4490 us/op
WorkloadJitting  1: 1 op, 10855133.00 ns, 10.8551 ms/op

OverheadJitting  2: 16 op, 118984.00 ns, 7.4365 us/op
WorkloadJitting  2: 16 op, 707695.00 ns, 44.2309 us/op

WorkloadPilot    1: 16 op, 586204.00 ns, 36.6378 us/op
WorkloadPilot    2: 5472 op, 180563583.00 ns, 32.9977 us/op
WorkloadPilot    3: 6064 op, 208396537.00 ns, 34.3662 us/op
WorkloadPilot    4: 5824 op, 186867996.00 ns, 32.0859 us/op
WorkloadPilot    5: 6240 op, 214964629.00 ns, 34.4495 us/op
WorkloadPilot    6: 5808 op, 201787981.00 ns, 34.7431 us/op

OverheadWarmup   1: 5808 op, 11543.00 ns, 1.9874 ns/op
OverheadWarmup   2: 5808 op, 10454.00 ns, 1.7999 ns/op
OverheadWarmup   3: 5808 op, 10378.00 ns, 1.7868 ns/op
OverheadWarmup   4: 5808 op, 10283.00 ns, 1.7705 ns/op
OverheadWarmup   5: 5808 op, 10316.00 ns, 1.7762 ns/op
OverheadWarmup   6: 5808 op, 10291.00 ns, 1.7719 ns/op
OverheadWarmup   7: 5808 op, 10285.00 ns, 1.7708 ns/op
OverheadWarmup   8: 5808 op, 10282.00 ns, 1.7703 ns/op
OverheadWarmup   9: 5808 op, 10253.00 ns, 1.7653 ns/op
OverheadWarmup  10: 5808 op, 10246.00 ns, 1.7641 ns/op

OverheadActual   1: 5808 op, 9780.00 ns, 1.6839 ns/op
OverheadActual   2: 5808 op, 10015.00 ns, 1.7243 ns/op
OverheadActual   3: 5808 op, 9855.00 ns, 1.6968 ns/op
OverheadActual   4: 5808 op, 9645.00 ns, 1.6606 ns/op
OverheadActual   5: 5808 op, 9793.00 ns, 1.6861 ns/op
OverheadActual   6: 5808 op, 9580.00 ns, 1.6494 ns/op
OverheadActual   7: 5808 op, 9571.00 ns, 1.6479 ns/op
OverheadActual   8: 5808 op, 9557.00 ns, 1.6455 ns/op
OverheadActual   9: 5808 op, 9551.00 ns, 1.6445 ns/op
OverheadActual  10: 5808 op, 9527.00 ns, 1.6403 ns/op
OverheadActual  11: 5808 op, 9535.00 ns, 1.6417 ns/op
OverheadActual  12: 5808 op, 9532.00 ns, 1.6412 ns/op
OverheadActual  13: 5808 op, 9701.00 ns, 1.6703 ns/op
OverheadActual  14: 5808 op, 9540.00 ns, 1.6426 ns/op
OverheadActual  15: 5808 op, 9557.00 ns, 1.6455 ns/op

WorkloadWarmup   1: 5808 op, 199190552.00 ns, 34.2959 us/op
WorkloadWarmup   2: 5808 op, 199474391.00 ns, 34.3448 us/op
WorkloadWarmup   3: 5808 op, 180469948.00 ns, 31.0726 us/op
WorkloadWarmup   4: 5808 op, 181217945.00 ns, 31.2014 us/op
WorkloadWarmup   5: 5808 op, 182462070.00 ns, 31.4156 us/op
WorkloadWarmup   6: 5808 op, 180965292.00 ns, 31.1579 us/op
WorkloadWarmup   7: 5808 op, 180652952.00 ns, 31.1042 us/op
WorkloadWarmup   8: 5808 op, 180825309.00 ns, 31.1338 us/op

// BeforeActualRun
WorkloadActual   1: 5808 op, 185166356.00 ns, 31.8813 us/op
WorkloadActual   2: 5808 op, 181825687.00 ns, 31.3061 us/op
WorkloadActual   3: 5808 op, 181043996.00 ns, 31.1715 us/op
WorkloadActual   4: 5808 op, 181278916.00 ns, 31.2119 us/op
WorkloadActual   5: 5808 op, 179642975.00 ns, 30.9303 us/op
WorkloadActual   6: 5808 op, 181942436.00 ns, 31.3262 us/op
WorkloadActual   7: 5808 op, 182419363.00 ns, 31.4083 us/op
WorkloadActual   8: 5808 op, 182502403.00 ns, 31.4226 us/op
WorkloadActual   9: 5808 op, 198358411.00 ns, 34.1526 us/op
WorkloadActual  10: 5808 op, 180805509.00 ns, 31.1304 us/op
WorkloadActual  11: 5808 op, 180920122.00 ns, 31.1502 us/op
WorkloadActual  12: 5808 op, 199852125.00 ns, 34.4098 us/op
WorkloadActual  13: 5808 op, 187561534.00 ns, 32.2937 us/op
WorkloadActual  14: 5808 op, 199825095.00 ns, 34.4051 us/op
WorkloadActual  15: 5808 op, 188004008.00 ns, 32.3698 us/op
WorkloadActual  16: 5808 op, 200564754.00 ns, 34.5325 us/op

// AfterActualRun
WorkloadResult   1: 5808 op, 185156785.00 ns, 31.8796 us/op
WorkloadResult   2: 5808 op, 181816116.00 ns, 31.3044 us/op
WorkloadResult   3: 5808 op, 181034425.00 ns, 31.1698 us/op
WorkloadResult   4: 5808 op, 181269345.00 ns, 31.2103 us/op
WorkloadResult   5: 5808 op, 179633404.00 ns, 30.9286 us/op
WorkloadResult   6: 5808 op, 181932865.00 ns, 31.3245 us/op
WorkloadResult   7: 5808 op, 182409792.00 ns, 31.4066 us/op
WorkloadResult   8: 5808 op, 182492832.00 ns, 31.4209 us/op
WorkloadResult   9: 5808 op, 198348840.00 ns, 34.1510 us/op
WorkloadResult  10: 5808 op, 180795938.00 ns, 31.1288 us/op
WorkloadResult  11: 5808 op, 180910551.00 ns, 31.1485 us/op
WorkloadResult  12: 5808 op, 199842554.00 ns, 34.4082 us/op
WorkloadResult  13: 5808 op, 187551963.00 ns, 32.2920 us/op
WorkloadResult  14: 5808 op, 199815524.00 ns, 34.4035 us/op
WorkloadResult  15: 5808 op, 187994437.00 ns, 32.3682 us/op
WorkloadResult  16: 5808 op, 200555183.00 ns, 34.5309 us/op
// GC:  0 0 0 0 5808
// Threading:  0 0 5808

// AfterAll
// Benchmark Process 167529 has exited with code 0.

Mean = 32.192 us, StdErr = 0.340 us (1.06%), N = 16, StdDev = 1.362 us
Min = 30.929 us, Q1 = 31.200 us, Median = 31.414 us, Q3 = 32.814 us, Max = 34.531 us
IQR = 1.614 us, LowerFence = 28.780 us, UpperFence = 35.234 us
ConfidenceInterval = [30.806 us; 33.579 us] (CI 99.9%), Margin = 1.387 us (4.31% of Mean)
Skewness = 0.82, Kurtosis = 1.85, MValue = 2.73

// ** Remained 11 (78.6 %) benchmark(s) to run. Estimated finish 2026-09-22 5:35 (0h 1m from now) **
// **************************
// Benchmark: PairHandleBenchmarks.Advance: InProcess(Toolchain=InProcessEmitToolchain) [Shape=PairOne]
// *** Execute ***
// Launch: 1 / 1
// ! Failed to set up priority High for process System.Diagnostics.Process (PairHandles). Make sure you have the right permissions. Message: Permission denied

// Benchmark Process Environment Information:
// BenchmarkDotNet v0.15.8
// Runtime=.NET 10.0.12 (10.0.12, 10.0.1226.42308), X64 RyuJIT x86-64-v3
// GC=Concurrent Workstation
// HardwareIntrinsics=AVX2+BMI1+BMI2+F16C+FMA+LZCNT+MOVBE,AVX,SSE3+SSSE3+SSE4.1+SSE4.2+POPCNT,X86Base+SSE+SSE2,AES+PCLMUL,AvxVnni,SERIALIZE VectorSize=256
// Job: Job-JWQWGO(Toolchain=InProcessEmitToolchain)

OverheadJitting  1: 1 op, 106631.00 ns, 106.6310 us/op
WorkloadJitting  1: 1 op, 143764.00 ns, 143.7640 us/op

OverheadJitting  2: 16 op, 116209.00 ns, 7.2631 us/op
WorkloadJitting  2: 16 op, 674692.00 ns, 42.1683 us/op

WorkloadPilot    1: 16 op, 494343.00 ns, 30.8964 us/op
WorkloadPilot    2: 32 op, 1047711.00 ns, 32.7410 us/op
WorkloadPilot    3: 64 op, 2062089.00 ns, 32.2201 us/op
WorkloadPilot    4: 128 op, 4116061.00 ns, 32.1567 us/op
WorkloadPilot    5: 256 op, 7691873.00 ns, 30.0464 us/op
WorkloadPilot    6: 512 op, 15373678.00 ns, 30.0267 us/op
WorkloadPilot    7: 1024 op, 30763969.00 ns, 30.0429 us/op
WorkloadPilot    8: 2048 op, 61636241.00 ns, 30.0958 us/op
WorkloadPilot    9: 4096 op, 122381039.00 ns, 29.8782 us/op
WorkloadPilot   10: 8192 op, 241254141.00 ns, 29.4500 us/op
WorkloadPilot   11: 16384 op, 480277749.00 ns, 29.3138 us/op
WorkloadPilot   12: 32768 op, 965669956.00 ns, 29.4699 us/op

OverheadWarmup   1: 32768 op, 42351.00 ns, 1.2924 ns/op
OverheadWarmup   2: 32768 op, 40684.00 ns, 1.2416 ns/op
OverheadWarmup   3: 32768 op, 40805.00 ns, 1.2453 ns/op
OverheadWarmup   4: 32768 op, 40663.00 ns, 1.2409 ns/op
OverheadWarmup   5: 32768 op, 40670.00 ns, 1.2411 ns/op
OverheadWarmup   6: 32768 op, 40666.00 ns, 1.2410 ns/op

OverheadActual   1: 32768 op, 42114.00 ns, 1.2852 ns/op
OverheadActual   2: 32768 op, 41286.00 ns, 1.2599 ns/op
OverheadActual   3: 32768 op, 42054.00 ns, 1.2834 ns/op
OverheadActual   4: 32768 op, 42086.00 ns, 1.2844 ns/op
OverheadActual   5: 32768 op, 42052.00 ns, 1.2833 ns/op
OverheadActual   6: 32768 op, 42066.00 ns, 1.2838 ns/op
OverheadActual   7: 32768 op, 42059.00 ns, 1.2835 ns/op
OverheadActual   8: 32768 op, 42093.00 ns, 1.2846 ns/op
OverheadActual   9: 32768 op, 42063.00 ns, 1.2837 ns/op
OverheadActual  10: 32768 op, 42035.00 ns, 1.2828 ns/op
OverheadActual  11: 32768 op, 42066.00 ns, 1.2838 ns/op
OverheadActual  12: 32768 op, 42052.00 ns, 1.2833 ns/op
OverheadActual  13: 32768 op, 42074.00 ns, 1.2840 ns/op
OverheadActual  14: 32768 op, 42053.00 ns, 1.2834 ns/op
OverheadActual  15: 32768 op, 42065.00 ns, 1.2837 ns/op

WorkloadWarmup   1: 32768 op, 966705521.00 ns, 29.5015 us/op
WorkloadWarmup   2: 32768 op, 966809713.00 ns, 29.5047 us/op
WorkloadWarmup   3: 32768 op, 975468087.00 ns, 29.7689 us/op
WorkloadWarmup   4: 32768 op, 966454682.00 ns, 29.4939 us/op
WorkloadWarmup   5: 32768 op, 969793287.00 ns, 29.5957 us/op
WorkloadWarmup   6: 32768 op, 967092630.00 ns, 29.5133 us/op

WorkloadActual   1: 32768 op, 970448449.00 ns, 29.6157 us/op
WorkloadActual   2: 32768 op, 964710143.00 ns, 29.4406 us/op
WorkloadActual   3: 32768 op, 962583902.00 ns, 29.3757 us/op
WorkloadActual   4: 32768 op, 970410769.00 ns, 29.6146 us/op
WorkloadActual   5: 32768 op, 965998635.00 ns, 29.4799 us/op
WorkloadActual   6: 32768 op, 968423055.00 ns, 29.5539 us/op
WorkloadActual   7: 32768 op, 969443847.00 ns, 29.5851 us/op
WorkloadActual   8: 32768 op, 1015719421.00 ns, 30.9973 us/op
WorkloadActual   9: 32768 op, 971441750.00 ns, 29.6460 us/op
WorkloadActual  10: 32768 op, 972569387.00 ns, 29.6805 us/op
WorkloadActual  11: 32768 op, 988221448.00 ns, 30.1581 us/op
WorkloadActual  12: 32768 op, 996483533.00 ns, 30.4103 us/op
WorkloadActual  13: 32768 op, 974775102.00 ns, 29.7478 us/op
WorkloadActual  14: 32768 op, 1017471415.00 ns, 31.0508 us/op
WorkloadActual  15: 32768 op, 971692091.00 ns, 29.6537 us/op

WorkloadResult   1: 32768 op, 970406386.00 ns, 29.6145 us/op
WorkloadResult   2: 32768 op, 964668080.00 ns, 29.4393 us/op
WorkloadResult   3: 32768 op, 962541839.00 ns, 29.3744 us/op
WorkloadResult   4: 32768 op, 970368706.00 ns, 29.6133 us/op
WorkloadResult   5: 32768 op, 965956572.00 ns, 29.4787 us/op
WorkloadResult   6: 32768 op, 968380992.00 ns, 29.5526 us/op
WorkloadResult   7: 32768 op, 969401784.00 ns, 29.5838 us/op
WorkloadResult   8: 32768 op, 971399687.00 ns, 29.6448 us/op
WorkloadResult   9: 32768 op, 972527324.00 ns, 29.6792 us/op
WorkloadResult  10: 32768 op, 988179385.00 ns, 30.1568 us/op
WorkloadResult  11: 32768 op, 996441470.00 ns, 30.4090 us/op
WorkloadResult  12: 32768 op, 974733039.00 ns, 29.7465 us/op
WorkloadResult  13: 32768 op, 971650028.00 ns, 29.6524 us/op
// GC:  0 0 0 4656 32768
// Threading:  0 0 32768


Mean = 29.688 us, StdErr = 0.080 us (0.27%), N = 13, StdDev = 0.287 us
Min = 29.374 us, Q1 = 29.553 us, Median = 29.614 us, Q3 = 29.679 us, Max = 30.409 us
IQR = 0.127 us, LowerFence = 29.363 us, UpperFence = 29.869 us
ConfidenceInterval = [29.344 us; 30.032 us] (CI 99.9%), Margin = 0.344 us (1.16% of Mean)
Skewness = 1.36, Kurtosis = 3.78, MValue = 2

// ** Remained 10 (71.4 %) benchmark(s) to run. Estimated finish 2026-09-22 5:36 (0h 2m from now) **
// **************************
// Benchmark: PairHandleBenchmarks.Advance: Job-TZECNT(IterationCount=16, IterationTime=200ms, WarmupCount=8) [Shape=PairRuns8]
// *** Execute ***
// Launch: 1 / 1
// Execute: dotnet PairHandles-Job-TZECNT-1.dll --anonymousPipes 118 119 --benchmarkName "PairHandles.PairHandleBenchmarks.Advance(Shape: PairRuns8)" --job "IterationCount=16, IterationTime=200ms, WarmupCount=8" --benchmarkId 2 in /home/i/GitHub/tl-w352/benchmarks/PairHandles/bin/Release/net10.0/PairHandles-Job-TZECNT-1/bin/Release/net10.0
// Failed to set up high priority (Permission denied). In order to run benchmarks with high priority, make sure you have the right permissions.
// BeforeAnythingElse

// Benchmark Process Environment Information:
// BenchmarkDotNet v0.15.8
// Runtime=.NET 10.0.12 (10.0.12, 10.0.1226.42308), X64 RyuJIT x86-64-v3
// GC=Concurrent Workstation
// HardwareIntrinsics=AVX2+BMI1+BMI2+F16C+FMA+LZCNT+MOVBE,AVX,SSE3+SSSE3+SSE4.1+SSE4.2+POPCNT,X86Base+SSE+SSE2,AES+PCLMUL,AvxVnni,SERIALIZE VectorSize=256
// Job: Job-TZECNT(IterationCount=16, IterationTime=200ms, WarmupCount=8)

OverheadJitting  1: 1 op, 72357.00 ns, 72.3570 us/op
WorkloadJitting  1: 1 op, 14707100.00 ns, 14.7071 ms/op

WorkloadPilot    1: 4 op, 1030973.00 ns, 257.7433 us/op
WorkloadPilot    2: 776 op, 28890739.00 ns, 37.2303 us/op
WorkloadPilot    3: 5372 op, 203693373.00 ns, 37.9176 us/op
WorkloadPilot    4: 5275 op, 206995360.00 ns, 39.2408 us/op
WorkloadPilot    5: 5097 op, 197826049.00 ns, 38.8123 us/op
WorkloadPilot    6: 5153 op, 195165983.00 ns, 37.8742 us/op
WorkloadPilot    7: 5281 op, 199191452.00 ns, 37.7185 us/op
WorkloadPilot    8: 5302 op, 209925194.00 ns, 39.5936 us/op

WorkloadWarmup   1: 5302 op, 204361583.00 ns, 38.5442 us/op
WorkloadWarmup   2: 5302 op, 200104579.00 ns, 37.7413 us/op
WorkloadWarmup   3: 5302 op, 193978351.00 ns, 36.5859 us/op
WorkloadWarmup   4: 5302 op, 197923387.00 ns, 37.3299 us/op
WorkloadWarmup   5: 5302 op, 210187158.00 ns, 39.6430 us/op
WorkloadWarmup   6: 5302 op, 206740238.00 ns, 38.9929 us/op
WorkloadWarmup   7: 5302 op, 199809859.00 ns, 37.6858 us/op
WorkloadWarmup   8: 5302 op, 193897574.00 ns, 36.5706 us/op

// BeforeActualRun
WorkloadActual   1: 5302 op, 193580810.00 ns, 36.5109 us/op
WorkloadActual   2: 5302 op, 194295151.00 ns, 36.6456 us/op
WorkloadActual   3: 5302 op, 193770959.00 ns, 36.5468 us/op
WorkloadActual   4: 5302 op, 194703907.00 ns, 36.7227 us/op
WorkloadActual   5: 5302 op, 207944346.00 ns, 39.2200 us/op
WorkloadActual   6: 5302 op, 209573338.00 ns, 39.5272 us/op
WorkloadActual   7: 5302 op, 210284261.00 ns, 39.6613 us/op
WorkloadActual   8: 5302 op, 204738089.00 ns, 38.6153 us/op
WorkloadActual   9: 5302 op, 195119493.00 ns, 36.8011 us/op
WorkloadActual  10: 5302 op, 193749966.00 ns, 36.5428 us/op
WorkloadActual  11: 5302 op, 193638545.00 ns, 36.5218 us/op
WorkloadActual  12: 5302 op, 194124086.00 ns, 36.6134 us/op
WorkloadActual  13: 5302 op, 194541150.00 ns, 36.6920 us/op
WorkloadActual  14: 5302 op, 193854500.00 ns, 36.5625 us/op
WorkloadActual  15: 5302 op, 194176530.00 ns, 36.6233 us/op
WorkloadActual  16: 5302 op, 193745832.00 ns, 36.5420 us/op

// AfterActualRun
WorkloadResult   1: 5302 op, 193580810.00 ns, 36.5109 us/op
WorkloadResult   2: 5302 op, 194295151.00 ns, 36.6456 us/op
WorkloadResult   3: 5302 op, 193770959.00 ns, 36.5468 us/op
WorkloadResult   4: 5302 op, 194703907.00 ns, 36.7227 us/op
WorkloadResult   5: 5302 op, 195119493.00 ns, 36.8011 us/op
WorkloadResult   6: 5302 op, 193749966.00 ns, 36.5428 us/op
WorkloadResult   7: 5302 op, 193638545.00 ns, 36.5218 us/op
WorkloadResult   8: 5302 op, 194124086.00 ns, 36.6134 us/op
WorkloadResult   9: 5302 op, 194541150.00 ns, 36.6920 us/op
WorkloadResult  10: 5302 op, 193854500.00 ns, 36.5625 us/op
WorkloadResult  11: 5302 op, 194176530.00 ns, 36.6233 us/op
WorkloadResult  12: 5302 op, 193745832.00 ns, 36.5420 us/op
// GC:  0 0 0 0 5302
// Threading:  0 0 5302

// AfterAll
// Benchmark Process 167595 has exited with code 0.

Mean = 36.610 us, StdErr = 0.026 us (0.07%), N = 12, StdDev = 0.091 us
Min = 36.511 us, Q1 = 36.543 us, Median = 36.588 us, Q3 = 36.657 us, Max = 36.801 us
IQR = 0.115 us, LowerFence = 36.371 us, UpperFence = 36.829 us
ConfidenceInterval = [36.494 us; 36.727 us] (CI 99.9%), Margin = 0.116 us (0.32% of Mean)
Skewness = 0.7, Kurtosis = 2.16, MValue = 2

// ** Remained 9 (64.3 %) benchmark(s) to run. Estimated finish 2026-09-22 5:35 (0h 1m from now) **
// **************************
// Benchmark: PairHandleBenchmarks.Advance: InProcess(Toolchain=InProcessEmitToolchain) [Shape=PairRuns8]
// *** Execute ***
// Launch: 1 / 1
// ! Failed to set up priority High for process System.Diagnostics.Process (PairHandles). Make sure you have the right permissions. Message: Permission denied

// Benchmark Process Environment Information:
// BenchmarkDotNet v0.15.8
// Runtime=.NET 10.0.12 (10.0.12, 10.0.1226.42308), X64 RyuJIT x86-64-v3
// GC=Concurrent Workstation
// HardwareIntrinsics=AVX2+BMI1+BMI2+F16C+FMA+LZCNT+MOVBE,AVX,SSE3+SSSE3+SSE4.1+SSE4.2+POPCNT,X86Base+SSE+SSE2,AES+PCLMUL,AvxVnni,SERIALIZE VectorSize=256
// Job: Job-JWQWGO(Toolchain=InProcessEmitToolchain)

OverheadJitting  1: 1 op, 104171.00 ns, 104.1710 us/op
WorkloadJitting  1: 1 op, 131112.00 ns, 131.1120 us/op

OverheadJitting  2: 16 op, 107187.00 ns, 6.6992 us/op
WorkloadJitting  2: 16 op, 676609.00 ns, 42.2881 us/op

WorkloadPilot    1: 16 op, 660662.00 ns, 41.2914 us/op
WorkloadPilot    2: 32 op, 1276222.00 ns, 39.8819 us/op
WorkloadPilot    3: 64 op, 2494772.00 ns, 38.9808 us/op
WorkloadPilot    4: 128 op, 4849237.00 ns, 37.8847 us/op
WorkloadPilot    5: 256 op, 9706181.00 ns, 37.9148 us/op
WorkloadPilot    6: 512 op, 19386645.00 ns, 37.8645 us/op
WorkloadPilot    7: 1024 op, 38139100.00 ns, 37.2452 us/op
WorkloadPilot    8: 2048 op, 75248458.00 ns, 36.7424 us/op
WorkloadPilot    9: 4096 op, 156448631.00 ns, 38.1955 us/op
WorkloadPilot   10: 8192 op, 306415961.00 ns, 37.4043 us/op
WorkloadPilot   11: 16384 op, 611273936.00 ns, 37.3092 us/op

OverheadWarmup   1: 16384 op, 24105.00 ns, 1.4713 ns/op
OverheadWarmup   2: 16384 op, 30315.00 ns, 1.8503 ns/op
OverheadWarmup   3: 16384 op, 21065.00 ns, 1.2857 ns/op
OverheadWarmup   4: 16384 op, 21258.00 ns, 1.2975 ns/op
OverheadWarmup   5: 16384 op, 21092.00 ns, 1.2874 ns/op

OverheadActual   1: 16384 op, 21077.00 ns, 1.2864 ns/op
OverheadActual   2: 16384 op, 21077.00 ns, 1.2864 ns/op
OverheadActual   3: 16384 op, 21064.00 ns, 1.2856 ns/op
OverheadActual   4: 16384 op, 21094.00 ns, 1.2875 ns/op
OverheadActual   5: 16384 op, 21066.00 ns, 1.2858 ns/op
OverheadActual   6: 16384 op, 21049.00 ns, 1.2847 ns/op
OverheadActual   7: 16384 op, 21058.00 ns, 1.2853 ns/op
OverheadActual   8: 16384 op, 21075.00 ns, 1.2863 ns/op
OverheadActual   9: 16384 op, 21050.00 ns, 1.2848 ns/op
OverheadActual  10: 16384 op, 21070.00 ns, 1.2860 ns/op
OverheadActual  11: 16384 op, 21051.00 ns, 1.2849 ns/op
OverheadActual  12: 16384 op, 21044.00 ns, 1.2844 ns/op
OverheadActual  13: 16384 op, 21057.00 ns, 1.2852 ns/op
OverheadActual  14: 16384 op, 21089.00 ns, 1.2872 ns/op
OverheadActual  15: 16384 op, 21045.00 ns, 1.2845 ns/op

WorkloadWarmup   1: 16384 op, 612959516.00 ns, 37.4121 us/op
WorkloadWarmup   2: 16384 op, 612679180.00 ns, 37.3950 us/op
WorkloadWarmup   3: 16384 op, 612815378.00 ns, 37.4033 us/op
WorkloadWarmup   4: 16384 op, 612628458.00 ns, 37.3919 us/op
WorkloadWarmup   5: 16384 op, 612492702.00 ns, 37.3836 us/op
WorkloadWarmup   6: 16384 op, 612091029.00 ns, 37.3591 us/op
WorkloadWarmup   7: 16384 op, 611159811.00 ns, 37.3022 us/op
WorkloadWarmup   8: 16384 op, 611315422.00 ns, 37.3117 us/op
WorkloadWarmup   9: 16384 op, 611179674.00 ns, 37.3034 us/op

WorkloadActual   1: 16384 op, 612644708.00 ns, 37.3929 us/op
WorkloadActual   2: 16384 op, 613963858.00 ns, 37.4734 us/op
WorkloadActual   3: 16384 op, 613317261.00 ns, 37.4339 us/op
WorkloadActual   4: 16384 op, 612293804.00 ns, 37.3714 us/op
WorkloadActual   5: 16384 op, 611887295.00 ns, 37.3466 us/op
WorkloadActual   6: 16384 op, 612813879.00 ns, 37.4032 us/op
WorkloadActual   7: 16384 op, 611908565.00 ns, 37.3479 us/op
WorkloadActual   8: 16384 op, 612667996.00 ns, 37.3943 us/op
WorkloadActual   9: 16384 op, 611276070.00 ns, 37.3093 us/op
WorkloadActual  10: 16384 op, 610787008.00 ns, 37.2795 us/op
WorkloadActual  11: 16384 op, 612088778.00 ns, 37.3589 us/op
WorkloadActual  12: 16384 op, 616011673.00 ns, 37.5984 us/op
WorkloadActual  13: 16384 op, 611233183.00 ns, 37.3067 us/op
WorkloadActual  14: 16384 op, 612082200.00 ns, 37.3585 us/op
WorkloadActual  15: 16384 op, 610883641.00 ns, 37.2854 us/op

WorkloadResult   1: 16384 op, 612623644.00 ns, 37.3916 us/op
WorkloadResult   2: 16384 op, 613942794.00 ns, 37.4721 us/op
WorkloadResult   3: 16384 op, 613296197.00 ns, 37.4326 us/op
WorkloadResult   4: 16384 op, 612272740.00 ns, 37.3702 us/op
WorkloadResult   5: 16384 op, 611866231.00 ns, 37.3454 us/op
WorkloadResult   6: 16384 op, 612792815.00 ns, 37.4019 us/op
WorkloadResult   7: 16384 op, 611887501.00 ns, 37.3466 us/op
WorkloadResult   8: 16384 op, 612646932.00 ns, 37.3930 us/op
WorkloadResult   9: 16384 op, 611255006.00 ns, 37.3080 us/op
WorkloadResult  10: 16384 op, 610765944.00 ns, 37.2782 us/op
WorkloadResult  11: 16384 op, 612067714.00 ns, 37.3576 us/op
WorkloadResult  12: 16384 op, 611212119.00 ns, 37.3054 us/op
WorkloadResult  13: 16384 op, 612061136.00 ns, 37.3572 us/op
WorkloadResult  14: 16384 op, 610862577.00 ns, 37.2841 us/op
// GC:  0 0 0 1008 16384
// Threading:  0 0 16384


Mean = 37.360 us, StdErr = 0.015 us (0.04%), N = 14, StdDev = 0.056 us
Min = 37.278 us, Q1 = 37.317 us, Median = 37.357 us, Q3 = 37.393 us, Max = 37.472 us
IQR = 0.075 us, LowerFence = 37.204 us, UpperFence = 37.506 us
ConfidenceInterval = [37.297 us; 37.423 us] (CI 99.9%), Margin = 0.063 us (0.17% of Mean)
Skewness = 0.25, Kurtosis = 2.11, MValue = 2

// ** Remained 8 (57.1 %) benchmark(s) to run. Estimated finish 2026-09-22 5:35 (0h 1m from now) **
// **************************
// Benchmark: PairHandleBenchmarks.Advance: Job-TZECNT(IterationCount=16, IterationTime=200ms, WarmupCount=8) [Shape=PairAlternating8]
// *** Execute ***
// Launch: 1 / 1
// Execute: dotnet PairHandles-Job-TZECNT-1.dll --anonymousPipes 118 119 --benchmarkName "PairHandles.PairHandleBenchmarks.Advance(Shape: PairAlternating8)" --job "IterationCount=16, IterationTime=200ms, WarmupCount=8" --benchmarkId 3 in /home/i/GitHub/tl-w352/benchmarks/PairHandles/bin/Release/net10.0/PairHandles-Job-TZECNT-1/bin/Release/net10.0
// Failed to set up high priority (Permission denied). In order to run benchmarks with high priority, make sure you have the right permissions.
// BeforeAnythingElse

// Benchmark Process Environment Information:
// BenchmarkDotNet v0.15.8
// Runtime=.NET 10.0.12 (10.0.12, 10.0.1226.42308), X64 RyuJIT x86-64-v3
// GC=Concurrent Workstation
// HardwareIntrinsics=AVX2+BMI1+BMI2+F16C+FMA+LZCNT+MOVBE,AVX,SSE3+SSSE3+SSE4.1+SSE4.2+POPCNT,X86Base+SSE+SSE2,AES+PCLMUL,AvxVnni,SERIALIZE VectorSize=256
// Job: Job-TZECNT(IterationCount=16, IterationTime=200ms, WarmupCount=8)

OverheadJitting  1: 1 op, 77141.00 ns, 77.1410 us/op
WorkloadJitting  1: 1 op, 13783107.00 ns, 13.7831 ms/op

WorkloadPilot    1: 4 op, 285370.00 ns, 71.3425 us/op
WorkloadPilot    2: 2803 op, 181784393.00 ns, 64.8535 us/op
WorkloadPilot    3: 3084 op, 198939871.00 ns, 64.5071 us/op
WorkloadPilot    4: 3100 op, 200756099.00 ns, 64.7600 us/op
WorkloadPilot    5: 3088 op, 202154577.00 ns, 65.4646 us/op
WorkloadPilot    6: 3055 op, 196610202.00 ns, 64.3569 us/op
WorkloadPilot    7: 3108 op, 200333366.00 ns, 64.4573 us/op

WorkloadWarmup   1: 3108 op, 199860191.00 ns, 64.3051 us/op
WorkloadWarmup   2: 3108 op, 200378800.00 ns, 64.4719 us/op
WorkloadWarmup   3: 3108 op, 206986822.00 ns, 66.5981 us/op
WorkloadWarmup   4: 3108 op, 202426550.00 ns, 65.1308 us/op
WorkloadWarmup   5: 3108 op, 214896145.00 ns, 69.1429 us/op
WorkloadWarmup   6: 3108 op, 213055552.00 ns, 68.5507 us/op
WorkloadWarmup   7: 3108 op, 212340994.00 ns, 68.3208 us/op
WorkloadWarmup   8: 3108 op, 216284779.00 ns, 69.5897 us/op

// BeforeActualRun
WorkloadActual   1: 3108 op, 216155062.00 ns, 69.5480 us/op
WorkloadActual   2: 3108 op, 207498214.00 ns, 66.7626 us/op
WorkloadActual   3: 3108 op, 203192462.00 ns, 65.3772 us/op
WorkloadActual   4: 3108 op, 229260543.00 ns, 73.7647 us/op
WorkloadActual   5: 3108 op, 201320609.00 ns, 64.7750 us/op
WorkloadActual   6: 3108 op, 202480148.00 ns, 65.1481 us/op
WorkloadActual   7: 3108 op, 205590588.00 ns, 66.1488 us/op
WorkloadActual   8: 3108 op, 211972535.00 ns, 68.2022 us/op
WorkloadActual   9: 3108 op, 215391592.00 ns, 69.3023 us/op
WorkloadActual  10: 3108 op, 213020783.00 ns, 68.5395 us/op
WorkloadActual  11: 3108 op, 209333184.00 ns, 67.3530 us/op
WorkloadActual  12: 3108 op, 203369793.00 ns, 65.4343 us/op
WorkloadActual  13: 3108 op, 203455785.00 ns, 65.4620 us/op
WorkloadActual  14: 3108 op, 206018462.00 ns, 66.2865 us/op
WorkloadActual  15: 3108 op, 203630197.00 ns, 65.5181 us/op
WorkloadActual  16: 3108 op, 212828306.00 ns, 68.4776 us/op

// AfterActualRun
WorkloadResult   1: 3108 op, 216155062.00 ns, 69.5480 us/op
WorkloadResult   2: 3108 op, 207498214.00 ns, 66.7626 us/op
WorkloadResult   3: 3108 op, 203192462.00 ns, 65.3772 us/op
WorkloadResult   4: 3108 op, 201320609.00 ns, 64.7750 us/op
WorkloadResult   5: 3108 op, 202480148.00 ns, 65.1481 us/op
WorkloadResult   6: 3108 op, 205590588.00 ns, 66.1488 us/op
WorkloadResult   7: 3108 op, 211972535.00 ns, 68.2022 us/op
WorkloadResult   8: 3108 op, 215391592.00 ns, 69.3023 us/op
WorkloadResult   9: 3108 op, 213020783.00 ns, 68.5395 us/op
WorkloadResult  10: 3108 op, 209333184.00 ns, 67.3530 us/op
WorkloadResult  11: 3108 op, 203369793.00 ns, 65.4343 us/op
WorkloadResult  12: 3108 op, 203455785.00 ns, 65.4620 us/op
WorkloadResult  13: 3108 op, 206018462.00 ns, 66.2865 us/op
WorkloadResult  14: 3108 op, 203630197.00 ns, 65.5181 us/op
WorkloadResult  15: 3108 op, 212828306.00 ns, 68.4776 us/op
// GC:  0 0 0 0 3108
// Threading:  0 0 3108

// AfterAll
// Benchmark Process 167658 has exited with code 0.

Mean = 66.822 us, StdErr = 0.418 us (0.63%), N = 15, StdDev = 1.620 us
Min = 64.775 us, Q1 = 65.448 us, Median = 66.287 us, Q3 = 68.340 us, Max = 69.548 us
IQR = 2.892 us, LowerFence = 61.110 us, UpperFence = 72.678 us
ConfidenceInterval = [65.090 us; 68.555 us] (CI 99.9%), Margin = 1.732 us (2.59% of Mean)
Skewness = 0.37, Kurtosis = 1.48, MValue = 2.75

// ** Remained 7 (50.0 %) benchmark(s) to run. Estimated finish 2026-09-22 5:35 (0h 1m from now) **
// **************************
// Benchmark: PairHandleBenchmarks.Advance: InProcess(Toolchain=InProcessEmitToolchain) [Shape=PairAlternating8]
// *** Execute ***
// Launch: 1 / 1
// ! Failed to set up priority High for process System.Diagnostics.Process (PairHandles). Make sure you have the right permissions. Message: Permission denied

// Benchmark Process Environment Information:
// BenchmarkDotNet v0.15.8
// Runtime=.NET 10.0.12 (10.0.12, 10.0.1226.42308), X64 RyuJIT x86-64-v3
// GC=Concurrent Workstation
// HardwareIntrinsics=AVX2+BMI1+BMI2+F16C+FMA+LZCNT+MOVBE,AVX,SSE3+SSSE3+SSE4.1+SSE4.2+POPCNT,X86Base+SSE+SSE2,AES+PCLMUL,AvxVnni,SERIALIZE VectorSize=256
// Job: Job-JWQWGO(Toolchain=InProcessEmitToolchain)

OverheadJitting  1: 1 op, 95833.00 ns, 95.8330 us/op
WorkloadJitting  1: 1 op, 169778.00 ns, 169.7780 us/op

OverheadJitting  2: 16 op, 137240.00 ns, 8.5775 us/op
WorkloadJitting  2: 16 op, 1186977.00 ns, 74.1861 us/op

WorkloadPilot    1: 16 op, 1275046.00 ns, 79.6904 us/op
WorkloadPilot    2: 32 op, 2433903.00 ns, 76.0595 us/op
WorkloadPilot    3: 64 op, 4882507.00 ns, 76.2892 us/op
WorkloadPilot    4: 128 op, 9701148.00 ns, 75.7902 us/op
WorkloadPilot    5: 256 op, 19526399.00 ns, 76.2750 us/op
WorkloadPilot    6: 512 op, 39097146.00 ns, 76.3616 us/op
WorkloadPilot    7: 1024 op, 77993812.00 ns, 76.1658 us/op
WorkloadPilot    8: 2048 op, 148654428.00 ns, 72.5852 us/op
WorkloadPilot    9: 4096 op, 270594142.00 ns, 66.0630 us/op
WorkloadPilot   10: 8192 op, 567647847.00 ns, 69.2930 us/op

OverheadWarmup   1: 8192 op, 12272.00 ns, 1.4980 ns/op
OverheadWarmup   2: 8192 op, 10602.00 ns, 1.2942 ns/op
OverheadWarmup   3: 8192 op, 10778.00 ns, 1.3157 ns/op
OverheadWarmup   4: 8192 op, 10558.00 ns, 1.2888 ns/op
OverheadWarmup   5: 8192 op, 10733.00 ns, 1.3102 ns/op
OverheadWarmup   6: 8192 op, 10581.00 ns, 1.2916 ns/op

OverheadActual   1: 8192 op, 10622.00 ns, 1.2966 ns/op
OverheadActual   2: 8192 op, 10572.00 ns, 1.2905 ns/op
OverheadActual   3: 8192 op, 10570.00 ns, 1.2903 ns/op
OverheadActual   4: 8192 op, 10593.00 ns, 1.2931 ns/op
OverheadActual   5: 8192 op, 10566.00 ns, 1.2898 ns/op
OverheadActual   6: 8192 op, 10586.00 ns, 1.2922 ns/op
OverheadActual   7: 8192 op, 10590.00 ns, 1.2927 ns/op
OverheadActual   8: 8192 op, 10557.00 ns, 1.2887 ns/op
OverheadActual   9: 8192 op, 10590.00 ns, 1.2927 ns/op
OverheadActual  10: 8192 op, 10574.00 ns, 1.2908 ns/op
OverheadActual  11: 8192 op, 10565.00 ns, 1.2897 ns/op
OverheadActual  12: 8192 op, 10585.00 ns, 1.2921 ns/op
OverheadActual  13: 8192 op, 10560.00 ns, 1.2891 ns/op
OverheadActual  14: 8192 op, 10577.00 ns, 1.2911 ns/op
OverheadActual  15: 8192 op, 10590.00 ns, 1.2927 ns/op

WorkloadWarmup   1: 8192 op, 536203810.00 ns, 65.4546 us/op
WorkloadWarmup   2: 8192 op, 535960783.00 ns, 65.4249 us/op
WorkloadWarmup   3: 8192 op, 535698020.00 ns, 65.3928 us/op
WorkloadWarmup   4: 8192 op, 534368943.00 ns, 65.2306 us/op
WorkloadWarmup   5: 8192 op, 531005141.00 ns, 64.8200 us/op
WorkloadWarmup   6: 8192 op, 533223560.00 ns, 65.0908 us/op
WorkloadWarmup   7: 8192 op, 534239318.00 ns, 65.2148 us/op
WorkloadWarmup   8: 8192 op, 537720652.00 ns, 65.6397 us/op
WorkloadWarmup   9: 8192 op, 544725739.00 ns, 66.4948 us/op
WorkloadWarmup  10: 8192 op, 626629947.00 ns, 76.4929 us/op
WorkloadWarmup  11: 8192 op, 558995336.00 ns, 68.2367 us/op
WorkloadWarmup  12: 8192 op, 615369622.00 ns, 75.1184 us/op
WorkloadWarmup  13: 8192 op, 535014919.00 ns, 65.3094 us/op

WorkloadActual   1: 8192 op, 534679873.00 ns, 65.2685 us/op
WorkloadActual   2: 8192 op, 534966039.00 ns, 65.3035 us/op
WorkloadActual   3: 8192 op, 534365968.00 ns, 65.2302 us/op
WorkloadActual   4: 8192 op, 535070437.00 ns, 65.3162 us/op
WorkloadActual   5: 8192 op, 535828089.00 ns, 65.4087 us/op
WorkloadActual   6: 8192 op, 538759819.00 ns, 65.7666 us/op
WorkloadActual   7: 8192 op, 533963681.00 ns, 65.1811 us/op
WorkloadActual   8: 8192 op, 535657246.00 ns, 65.3878 us/op
WorkloadActual   9: 8192 op, 531614674.00 ns, 64.8944 us/op
WorkloadActual  10: 8192 op, 535219560.00 ns, 65.3344 us/op
WorkloadActual  11: 8192 op, 542126421.00 ns, 66.1775 us/op
WorkloadActual  12: 8192 op, 534450573.00 ns, 65.2405 us/op
WorkloadActual  13: 8192 op, 538653902.00 ns, 65.7537 us/op
WorkloadActual  14: 8192 op, 538548453.00 ns, 65.7408 us/op
WorkloadActual  15: 8192 op, 626611905.00 ns, 76.4907 us/op

WorkloadResult   1: 8192 op, 534669296.00 ns, 65.2672 us/op
WorkloadResult   2: 8192 op, 534955462.00 ns, 65.3022 us/op
WorkloadResult   3: 8192 op, 534355391.00 ns, 65.2289 us/op
WorkloadResult   4: 8192 op, 535059860.00 ns, 65.3149 us/op
WorkloadResult   5: 8192 op, 535817512.00 ns, 65.4074 us/op
WorkloadResult   6: 8192 op, 538749242.00 ns, 65.7653 us/op
WorkloadResult   7: 8192 op, 533953104.00 ns, 65.1798 us/op
WorkloadResult   8: 8192 op, 535646669.00 ns, 65.3866 us/op
WorkloadResult   9: 8192 op, 531604097.00 ns, 64.8931 us/op
WorkloadResult  10: 8192 op, 535208983.00 ns, 65.3331 us/op
WorkloadResult  11: 8192 op, 542115844.00 ns, 66.1763 us/op
WorkloadResult  12: 8192 op, 534439996.00 ns, 65.2393 us/op
WorkloadResult  13: 8192 op, 538643325.00 ns, 65.7524 us/op
WorkloadResult  14: 8192 op, 538537876.00 ns, 65.7395 us/op
// GC:  0 0 0 4656 8192
// Threading:  0 0 8192


Mean = 65.428 us, StdErr = 0.087 us (0.13%), N = 14, StdDev = 0.324 us
Min = 64.893 us, Q1 = 65.246 us, Median = 65.324 us, Q3 = 65.656 us, Max = 66.176 us
IQR = 0.410 us, LowerFence = 64.631 us, UpperFence = 66.272 us
ConfidenceInterval = [65.062 us; 65.793 us] (CI 99.9%), Margin = 0.365 us (0.56% of Mean)
Skewness = 0.7, Kurtosis = 2.83, MValue = 2

// ** Remained 6 (42.9 %) benchmark(s) to run. Estimated finish 2026-09-22 5:35 (0h 1m from now) **
// **************************
// Benchmark: PairHandleBenchmarks.Advance: Job-TZECNT(IterationCount=16, IterationTime=200ms, WarmupCount=8) [Shape=PairRuns8Waves]
// *** Execute ***
// Launch: 1 / 1
// Execute: dotnet PairHandles-Job-TZECNT-1.dll --anonymousPipes 118 119 --benchmarkName "PairHandles.PairHandleBenchmarks.Advance(Shape: PairRuns8Waves)" --job "IterationCount=16, IterationTime=200ms, WarmupCount=8" --benchmarkId 4 in /home/i/GitHub/tl-w352/benchmarks/PairHandles/bin/Release/net10.0/PairHandles-Job-TZECNT-1/bin/Release/net10.0
// Failed to set up high priority (Permission denied). In order to run benchmarks with high priority, make sure you have the right permissions.
// BeforeAnythingElse

// Benchmark Process Environment Information:
// BenchmarkDotNet v0.15.8
// Runtime=.NET 10.0.12 (10.0.12, 10.0.1226.42308), X64 RyuJIT x86-64-v3
// GC=Concurrent Workstation
// HardwareIntrinsics=AVX2+BMI1+BMI2+F16C+FMA+LZCNT+MOVBE,AVX,SSE3+SSSE3+SSE4.1+SSE4.2+POPCNT,X86Base+SSE+SSE2,AES+PCLMUL,AvxVnni,SERIALIZE VectorSize=256
// Job: Job-TZECNT(IterationCount=16, IterationTime=200ms, WarmupCount=8)

OverheadJitting  1: 1 op, 79336.00 ns, 79.3360 us/op
WorkloadJitting  1: 1 op, 14933545.00 ns, 14.9335 ms/op

WorkloadPilot    1: 4 op, 1038031.00 ns, 259.5078 us/op
WorkloadPilot    2: 771 op, 26863657.00 ns, 34.8426 us/op
WorkloadPilot    3: 5740 op, 189459798.00 ns, 33.0069 us/op
WorkloadPilot    4: 6059 op, 193196665.00 ns, 31.8859 us/op
WorkloadPilot    5: 6272 op, 199617644.00 ns, 31.8268 us/op
WorkloadPilot    6: 6284 op, 200798850.00 ns, 31.9540 us/op
WorkloadPilot    7: 6259 op, 227690245.00 ns, 36.3781 us/op
WorkloadPilot    8: 5498 op, 180031602.00 ns, 32.7449 us/op
WorkloadPilot    9: 6108 op, 202196219.00 ns, 33.1035 us/op

WorkloadWarmup   1: 6108 op, 209196849.00 ns, 34.2496 us/op
WorkloadWarmup   2: 6108 op, 199263636.00 ns, 32.6234 us/op
WorkloadWarmup   3: 6108 op, 200143797.00 ns, 32.7675 us/op
WorkloadWarmup   4: 6108 op, 200754798.00 ns, 32.8675 us/op
WorkloadWarmup   5: 6108 op, 200776724.00 ns, 32.8711 us/op
WorkloadWarmup   6: 6108 op, 199194410.00 ns, 32.6121 us/op
WorkloadWarmup   7: 6108 op, 200095688.00 ns, 32.7596 us/op
WorkloadWarmup   8: 6108 op, 200418880.00 ns, 32.8125 us/op

// BeforeActualRun
WorkloadActual   1: 6108 op, 201794866.00 ns, 33.0378 us/op
WorkloadActual   2: 6108 op, 201197167.00 ns, 32.9399 us/op
WorkloadActual   3: 6108 op, 202084599.00 ns, 33.0852 us/op
WorkloadActual   4: 6108 op, 219730898.00 ns, 35.9743 us/op
WorkloadActual   5: 6108 op, 211355744.00 ns, 34.6031 us/op
WorkloadActual   6: 6108 op, 200690445.00 ns, 32.8570 us/op
WorkloadActual   7: 6108 op, 221325375.00 ns, 36.2353 us/op
WorkloadActual   8: 6108 op, 219437564.00 ns, 35.9263 us/op
WorkloadActual   9: 6108 op, 192345442.00 ns, 31.4907 us/op
WorkloadActual  10: 6108 op, 222047311.00 ns, 36.3535 us/op
WorkloadActual  11: 6108 op, 221411638.00 ns, 36.2494 us/op
WorkloadActual  12: 6108 op, 221255119.00 ns, 36.2238 us/op
WorkloadActual  13: 6108 op, 203411722.00 ns, 33.3025 us/op
WorkloadActual  14: 6108 op, 194650097.00 ns, 31.8681 us/op
WorkloadActual  15: 6108 op, 198102877.00 ns, 32.4333 us/op
WorkloadActual  16: 6108 op, 204884486.00 ns, 33.5436 us/op

// AfterActualRun
WorkloadResult   1: 6108 op, 201794866.00 ns, 33.0378 us/op
WorkloadResult   2: 6108 op, 201197167.00 ns, 32.9399 us/op
WorkloadResult   3: 6108 op, 202084599.00 ns, 33.0852 us/op
WorkloadResult   4: 6108 op, 219730898.00 ns, 35.9743 us/op
WorkloadResult   5: 6108 op, 211355744.00 ns, 34.6031 us/op
WorkloadResult   6: 6108 op, 200690445.00 ns, 32.8570 us/op
WorkloadResult   7: 6108 op, 221325375.00 ns, 36.2353 us/op
WorkloadResult   8: 6108 op, 219437564.00 ns, 35.9263 us/op
WorkloadResult   9: 6108 op, 192345442.00 ns, 31.4907 us/op
WorkloadResult  10: 6108 op, 222047311.00 ns, 36.3535 us/op
WorkloadResult  11: 6108 op, 221411638.00 ns, 36.2494 us/op
WorkloadResult  12: 6108 op, 221255119.00 ns, 36.2238 us/op
WorkloadResult  13: 6108 op, 203411722.00 ns, 33.3025 us/op
WorkloadResult  14: 6108 op, 194650097.00 ns, 31.8681 us/op
WorkloadResult  15: 6108 op, 198102877.00 ns, 32.4333 us/op
WorkloadResult  16: 6108 op, 204884486.00 ns, 33.5436 us/op
// GC:  0 0 0 0 6108
// Threading:  0 0 6108

// AfterAll
// Benchmark Process 167733 has exited with code 0.

Mean = 34.133 us, StdErr = 0.440 us (1.29%), N = 16, StdDev = 1.759 us
Min = 31.491 us, Q1 = 32.919 us, Median = 33.423 us, Q3 = 36.037 us, Max = 36.354 us
IQR = 3.117 us, LowerFence = 28.243 us, UpperFence = 40.713 us
ConfidenceInterval = [32.342 us; 35.924 us] (CI 99.9%), Margin = 1.791 us (5.25% of Mean)
Skewness = 0.1, Kurtosis = 1.28, MValue = 3.75

// ** Remained 5 (35.7 %) benchmark(s) to run. Estimated finish 2026-09-22 5:35 (0h 0m from now) **
// **************************
// Benchmark: PairHandleBenchmarks.Advance: InProcess(Toolchain=InProcessEmitToolchain) [Shape=PairRuns8Waves]
// *** Execute ***
// Launch: 1 / 1
// ! Failed to set up priority High for process System.Diagnostics.Process (PairHandles). Make sure you have the right permissions. Message: Permission denied

// Benchmark Process Environment Information:
// BenchmarkDotNet v0.15.8
// Runtime=.NET 10.0.12 (10.0.12, 10.0.1226.42308), X64 RyuJIT x86-64-v3
// GC=Concurrent Workstation
// HardwareIntrinsics=AVX2+BMI1+BMI2+F16C+FMA+LZCNT+MOVBE,AVX,SSE3+SSSE3+SSE4.1+SSE4.2+POPCNT,X86Base+SSE+SSE2,AES+PCLMUL,AvxVnni,SERIALIZE VectorSize=256
// Job: Job-JWQWGO(Toolchain=InProcessEmitToolchain)

OverheadJitting  1: 1 op, 98428.00 ns, 98.4280 us/op
WorkloadJitting  1: 1 op, 139313.00 ns, 139.3130 us/op

OverheadJitting  2: 16 op, 108109.00 ns, 6.7568 us/op
WorkloadJitting  2: 16 op, 679849.00 ns, 42.4906 us/op

WorkloadPilot    1: 16 op, 569702.00 ns, 35.6064 us/op
WorkloadPilot    2: 32 op, 1125973.00 ns, 35.1867 us/op
WorkloadPilot    3: 64 op, 2235109.00 ns, 34.9236 us/op
WorkloadPilot    4: 128 op, 4467907.00 ns, 34.9055 us/op
WorkloadPilot    5: 256 op, 8950655.00 ns, 34.9635 us/op
WorkloadPilot    6: 512 op, 17848222.00 ns, 34.8598 us/op
WorkloadPilot    7: 1024 op, 35277620.00 ns, 34.4508 us/op
WorkloadPilot    8: 2048 op, 69368945.00 ns, 33.8716 us/op
WorkloadPilot    9: 4096 op, 134543761.00 ns, 32.8476 us/op
WorkloadPilot   10: 8192 op, 275036771.00 ns, 33.5738 us/op
WorkloadPilot   11: 16384 op, 535014474.00 ns, 32.6547 us/op

OverheadWarmup   1: 16384 op, 22207.00 ns, 1.3554 ns/op
OverheadWarmup   2: 16384 op, 20351.00 ns, 1.2421 ns/op
OverheadWarmup   3: 16384 op, 20367.00 ns, 1.2431 ns/op
OverheadWarmup   4: 16384 op, 21229.00 ns, 1.2957 ns/op
OverheadWarmup   5: 16384 op, 21051.00 ns, 1.2849 ns/op
OverheadWarmup   6: 16384 op, 21100.00 ns, 1.2878 ns/op
OverheadWarmup   7: 16384 op, 21325.00 ns, 1.3016 ns/op
OverheadWarmup   8: 16384 op, 21256.00 ns, 1.2974 ns/op

OverheadActual   1: 16384 op, 21108.00 ns, 1.2883 ns/op
OverheadActual   2: 16384 op, 21240.00 ns, 1.2964 ns/op
OverheadActual   3: 16384 op, 21077.00 ns, 1.2864 ns/op
OverheadActual   4: 16384 op, 21058.00 ns, 1.2853 ns/op
OverheadActual   5: 16384 op, 21044.00 ns, 1.2844 ns/op
OverheadActual   6: 16384 op, 21069.00 ns, 1.2859 ns/op
OverheadActual   7: 16384 op, 21082.00 ns, 1.2867 ns/op
OverheadActual   8: 16384 op, 21049.00 ns, 1.2847 ns/op
OverheadActual   9: 16384 op, 21063.00 ns, 1.2856 ns/op
OverheadActual  10: 16384 op, 21074.00 ns, 1.2863 ns/op
OverheadActual  11: 16384 op, 21090.00 ns, 1.2872 ns/op
OverheadActual  12: 16384 op, 21061.00 ns, 1.2855 ns/op
OverheadActual  13: 16384 op, 21088.00 ns, 1.2871 ns/op
OverheadActual  14: 16384 op, 21064.00 ns, 1.2856 ns/op
OverheadActual  15: 16384 op, 21072.00 ns, 1.2861 ns/op

WorkloadWarmup   1: 16384 op, 553727776.00 ns, 33.7969 us/op
WorkloadWarmup   2: 16384 op, 554085495.00 ns, 33.8187 us/op
WorkloadWarmup   3: 16384 op, 549787814.00 ns, 33.5564 us/op
WorkloadWarmup   4: 16384 op, 538334265.00 ns, 32.8573 us/op
WorkloadWarmup   5: 16384 op, 537804576.00 ns, 32.8250 us/op
WorkloadWarmup   6: 16384 op, 534050460.00 ns, 32.5959 us/op
WorkloadWarmup   7: 16384 op, 540594296.00 ns, 32.9953 us/op
WorkloadWarmup   8: 16384 op, 547935154.00 ns, 33.4433 us/op
WorkloadWarmup   9: 16384 op, 545008406.00 ns, 33.2647 us/op

WorkloadActual   1: 16384 op, 540152274.00 ns, 32.9683 us/op
WorkloadActual   2: 16384 op, 537112821.00 ns, 32.7828 us/op
WorkloadActual   3: 16384 op, 539362072.00 ns, 32.9200 us/op
WorkloadActual   4: 16384 op, 551701758.00 ns, 33.6732 us/op
WorkloadActual   5: 16384 op, 562619970.00 ns, 34.3396 us/op
WorkloadActual   6: 16384 op, 544249176.00 ns, 33.2183 us/op
WorkloadActual   7: 16384 op, 548519008.00 ns, 33.4789 us/op
WorkloadActual   8: 16384 op, 536644513.00 ns, 32.7542 us/op
WorkloadActual   9: 16384 op, 541720317.00 ns, 33.0640 us/op
WorkloadActual  10: 16384 op, 536329438.00 ns, 32.7350 us/op
WorkloadActual  11: 16384 op, 536504194.00 ns, 32.7456 us/op
WorkloadActual  12: 16384 op, 541074663.00 ns, 33.0246 us/op
WorkloadActual  13: 16384 op, 536424016.00 ns, 32.7407 us/op
WorkloadActual  14: 16384 op, 536582591.00 ns, 32.7504 us/op
WorkloadActual  15: 16384 op, 537810940.00 ns, 32.8254 us/op

WorkloadResult   1: 16384 op, 540131202.00 ns, 32.9670 us/op
WorkloadResult   2: 16384 op, 537091749.00 ns, 32.7815 us/op
WorkloadResult   3: 16384 op, 539341000.00 ns, 32.9188 us/op
WorkloadResult   4: 16384 op, 551680686.00 ns, 33.6719 us/op
WorkloadResult   5: 16384 op, 544228104.00 ns, 33.2170 us/op
WorkloadResult   6: 16384 op, 548497936.00 ns, 33.4777 us/op
WorkloadResult   7: 16384 op, 536623441.00 ns, 32.7529 us/op
WorkloadResult   8: 16384 op, 541699245.00 ns, 33.0627 us/op
WorkloadResult   9: 16384 op, 536308366.00 ns, 32.7337 us/op
WorkloadResult  10: 16384 op, 536483122.00 ns, 32.7443 us/op
WorkloadResult  11: 16384 op, 541053591.00 ns, 33.0233 us/op
WorkloadResult  12: 16384 op, 536402944.00 ns, 32.7394 us/op
WorkloadResult  13: 16384 op, 536561519.00 ns, 32.7491 us/op
WorkloadResult  14: 16384 op, 537789868.00 ns, 32.8241 us/op
// GC:  0 0 0 4656 16384
// Threading:  0 0 16384


Mean = 32.976 us, StdErr = 0.079 us (0.24%), N = 14, StdDev = 0.296 us
Min = 32.734 us, Q1 = 32.750 us, Median = 32.871 us, Q3 = 33.053 us, Max = 33.672 us
IQR = 0.303 us, LowerFence = 32.296 us, UpperFence = 33.507 us
ConfidenceInterval = [32.642 us; 33.310 us] (CI 99.9%), Margin = 0.334 us (1.01% of Mean)
Skewness = 1.12, Kurtosis = 2.97, MValue = 2

// ** Remained 4 (28.6 %) benchmark(s) to run. Estimated finish 2026-09-22 5:35 (0h 0m from now) **
// **************************
// Benchmark: PairHandleBenchmarks.Advance: Job-TZECNT(IterationCount=16, IterationTime=200ms, WarmupCount=8) [Shape=PairBlocks8Waves]
// *** Execute ***
// Launch: 1 / 1
// Execute: dotnet PairHandles-Job-TZECNT-1.dll --anonymousPipes 118 119 --benchmarkName "PairHandles.PairHandleBenchmarks.Advance(Shape: PairBlocks8Waves)" --job "IterationCount=16, IterationTime=200ms, WarmupCount=8" --benchmarkId 5 in /home/i/GitHub/tl-w352/benchmarks/PairHandles/bin/Release/net10.0/PairHandles-Job-TZECNT-1/bin/Release/net10.0
// Failed to set up high priority (Permission denied). In order to run benchmarks with high priority, make sure you have the right permissions.
// BeforeAnythingElse

// Benchmark Process Environment Information:
// BenchmarkDotNet v0.15.8
// Runtime=.NET 10.0.12 (10.0.12, 10.0.1226.42308), X64 RyuJIT x86-64-v3
// GC=Concurrent Workstation
// HardwareIntrinsics=AVX2+BMI1+BMI2+F16C+FMA+LZCNT+MOVBE,AVX,SSE3+SSSE3+SSE4.1+SSE4.2+POPCNT,X86Base+SSE+SSE2,AES+PCLMUL,AvxVnni,SERIALIZE VectorSize=256
// Job: Job-TZECNT(IterationCount=16, IterationTime=200ms, WarmupCount=8)

OverheadJitting  1: 1 op, 104960.00 ns, 104.9600 us/op
WorkloadJitting  1: 1 op, 14486861.00 ns, 14.4869 ms/op

WorkloadPilot    1: 4 op, 271928.00 ns, 67.9820 us/op
WorkloadPilot    2: 2942 op, 155208035.00 ns, 52.7560 us/op
WorkloadPilot    3: 3791 op, 177748355.00 ns, 46.8869 us/op
WorkloadPilot    4: 4266 op, 213590989.00 ns, 50.0682 us/op
WorkloadPilot    5: 3995 op, 190945306.00 ns, 47.7961 us/op
WorkloadPilot    6: 4184 op, 195298803.00 ns, 46.6775 us/op
WorkloadPilot    7: 4285 op, 199833415.00 ns, 46.6356 us/op
WorkloadPilot    8: 4289 op, 203953837.00 ns, 47.5528 us/op
WorkloadPilot    9: 4206 op, 193446816.00 ns, 45.9931 us/op
WorkloadPilot   10: 4348 op, 204467972.00 ns, 47.0258 us/op

WorkloadWarmup   1: 4348 op, 202813084.00 ns, 46.6451 us/op
WorkloadWarmup   2: 4348 op, 205574282.00 ns, 47.2802 us/op
WorkloadWarmup   3: 4348 op, 205437476.00 ns, 47.2487 us/op
WorkloadWarmup   4: 4348 op, 203132197.00 ns, 46.7185 us/op
WorkloadWarmup   5: 4348 op, 207395417.00 ns, 47.6990 us/op
WorkloadWarmup   6: 4348 op, 200707412.00 ns, 46.1609 us/op
WorkloadWarmup   7: 4348 op, 202086341.00 ns, 46.4780 us/op
WorkloadWarmup   8: 4348 op, 204981183.00 ns, 47.1438 us/op

// BeforeActualRun
WorkloadActual   1: 4348 op, 200193898.00 ns, 46.0428 us/op
WorkloadActual   2: 4348 op, 202556164.00 ns, 46.5861 us/op
WorkloadActual   3: 4348 op, 200490773.00 ns, 46.1110 us/op
WorkloadActual   4: 4348 op, 199916332.00 ns, 45.9789 us/op
WorkloadActual   5: 4348 op, 199874536.00 ns, 45.9693 us/op
WorkloadActual   6: 4348 op, 201943717.00 ns, 46.4452 us/op
WorkloadActual   7: 4348 op, 201112114.00 ns, 46.2539 us/op
WorkloadActual   8: 4348 op, 202711461.00 ns, 46.6218 us/op
WorkloadActual   9: 4348 op, 201049776.00 ns, 46.2396 us/op
WorkloadActual  10: 4348 op, 201281425.00 ns, 46.2929 us/op
WorkloadActual  11: 4348 op, 205432920.00 ns, 47.2477 us/op
WorkloadActual  12: 4348 op, 205597671.00 ns, 47.2856 us/op
WorkloadActual  13: 4348 op, 203793112.00 ns, 46.8705 us/op
WorkloadActual  14: 4348 op, 203477267.00 ns, 46.7979 us/op
WorkloadActual  15: 4348 op, 203632427.00 ns, 46.8336 us/op
WorkloadActual  16: 4348 op, 204192975.00 ns, 46.9625 us/op

// AfterActualRun
WorkloadResult   1: 4348 op, 200193898.00 ns, 46.0428 us/op
WorkloadResult   2: 4348 op, 202556164.00 ns, 46.5861 us/op
WorkloadResult   3: 4348 op, 200490773.00 ns, 46.1110 us/op
WorkloadResult   4: 4348 op, 199916332.00 ns, 45.9789 us/op
WorkloadResult   5: 4348 op, 199874536.00 ns, 45.9693 us/op
WorkloadResult   6: 4348 op, 201943717.00 ns, 46.4452 us/op
WorkloadResult   7: 4348 op, 201112114.00 ns, 46.2539 us/op
WorkloadResult   8: 4348 op, 202711461.00 ns, 46.6218 us/op
WorkloadResult   9: 4348 op, 201049776.00 ns, 46.2396 us/op
WorkloadResult  10: 4348 op, 201281425.00 ns, 46.2929 us/op
WorkloadResult  11: 4348 op, 205432920.00 ns, 47.2477 us/op
WorkloadResult  12: 4348 op, 205597671.00 ns, 47.2856 us/op
WorkloadResult  13: 4348 op, 203793112.00 ns, 46.8705 us/op
WorkloadResult  14: 4348 op, 203477267.00 ns, 46.7979 us/op
WorkloadResult  15: 4348 op, 203632427.00 ns, 46.8336 us/op
WorkloadResult  16: 4348 op, 204192975.00 ns, 46.9625 us/op
// GC:  0 0 0 0 4348
// Threading:  0 0 4348

// AfterAll
// Benchmark Process 167767 has exited with code 0.

Mean = 46.534 us, StdErr = 0.108 us (0.23%), N = 16, StdDev = 0.434 us
Min = 45.969 us, Q1 = 46.207 us, Median = 46.516 us, Q3 = 46.843 us, Max = 47.286 us
IQR = 0.635 us, LowerFence = 45.254 us, UpperFence = 47.796 us
ConfidenceInterval = [46.092 us; 46.975 us] (CI 99.9%), Margin = 0.441 us (0.95% of Mean)
Skewness = 0.27, Kurtosis = 1.67, MValue = 2

// ** Remained 3 (21.4 %) benchmark(s) to run. Estimated finish 2026-09-22 5:35 (0h 0m from now) **
// **************************
// Benchmark: PairHandleBenchmarks.Advance: InProcess(Toolchain=InProcessEmitToolchain) [Shape=PairBlocks8Waves]
// *** Execute ***
// Launch: 1 / 1
// ! Failed to set up priority High for process System.Diagnostics.Process (PairHandles). Make sure you have the right permissions. Message: Permission denied

// Benchmark Process Environment Information:
// BenchmarkDotNet v0.15.8
// Runtime=.NET 10.0.12 (10.0.12, 10.0.1226.42308), X64 RyuJIT x86-64-v3
// GC=Concurrent Workstation
// HardwareIntrinsics=AVX2+BMI1+BMI2+F16C+FMA+LZCNT+MOVBE,AVX,SSE3+SSSE3+SSE4.1+SSE4.2+POPCNT,X86Base+SSE+SSE2,AES+PCLMUL,AvxVnni,SERIALIZE VectorSize=256
// Job: Job-JWQWGO(Toolchain=InProcessEmitToolchain)

OverheadJitting  1: 1 op, 95422.00 ns, 95.4220 us/op
WorkloadJitting  1: 1 op, 155854.00 ns, 155.8540 us/op

OverheadJitting  2: 16 op, 115264.00 ns, 7.2040 us/op
WorkloadJitting  2: 16 op, 1027678.00 ns, 64.2299 us/op

WorkloadPilot    1: 16 op, 771603.00 ns, 48.2252 us/op
WorkloadPilot    2: 32 op, 1531805.00 ns, 47.8689 us/op
WorkloadPilot    3: 64 op, 3056226.00 ns, 47.7535 us/op
WorkloadPilot    4: 128 op, 6101068.00 ns, 47.6646 us/op
WorkloadPilot    5: 256 op, 12205223.00 ns, 47.6767 us/op
WorkloadPilot    6: 512 op, 24429477.00 ns, 47.7138 us/op
WorkloadPilot    7: 1024 op, 48864340.00 ns, 47.7191 us/op
WorkloadPilot    8: 2048 op, 101049956.00 ns, 49.3408 us/op
WorkloadPilot    9: 4096 op, 199599380.00 ns, 48.7303 us/op
WorkloadPilot   10: 8192 op, 386401608.00 ns, 47.1682 us/op
WorkloadPilot   11: 16384 op, 843589458.00 ns, 51.4886 us/op

OverheadWarmup   1: 16384 op, 22838.00 ns, 1.3939 ns/op
OverheadWarmup   2: 16384 op, 21276.00 ns, 1.2986 ns/op
OverheadWarmup   3: 16384 op, 21066.00 ns, 1.2858 ns/op
OverheadWarmup   4: 16384 op, 21071.00 ns, 1.2861 ns/op
OverheadWarmup   5: 16384 op, 21068.00 ns, 1.2859 ns/op
OverheadWarmup   6: 16384 op, 21068.00 ns, 1.2859 ns/op
OverheadWarmup   7: 16384 op, 21061.00 ns, 1.2855 ns/op

OverheadActual   1: 16384 op, 21071.00 ns, 1.2861 ns/op
OverheadActual   2: 16384 op, 21050.00 ns, 1.2848 ns/op
OverheadActual   3: 16384 op, 21071.00 ns, 1.2861 ns/op
OverheadActual   4: 16384 op, 21054.00 ns, 1.2850 ns/op
OverheadActual   5: 16384 op, 22482.00 ns, 1.3722 ns/op
OverheadActual   6: 16384 op, 21046.00 ns, 1.2845 ns/op
OverheadActual   7: 16384 op, 21074.00 ns, 1.2863 ns/op
OverheadActual   8: 16384 op, 21076.00 ns, 1.2864 ns/op
OverheadActual   9: 16384 op, 21074.00 ns, 1.2863 ns/op
OverheadActual  10: 16384 op, 21074.00 ns, 1.2863 ns/op
OverheadActual  11: 16384 op, 21066.00 ns, 1.2858 ns/op
OverheadActual  12: 16384 op, 21057.00 ns, 1.2852 ns/op
OverheadActual  13: 16384 op, 21052.00 ns, 1.2849 ns/op
OverheadActual  14: 16384 op, 21060.00 ns, 1.2854 ns/op
OverheadActual  15: 16384 op, 21051.00 ns, 1.2849 ns/op

WorkloadWarmup   1: 16384 op, 851511540.00 ns, 51.9721 us/op
WorkloadWarmup   2: 16384 op, 776282539.00 ns, 47.3805 us/op
WorkloadWarmup   3: 16384 op, 763220601.00 ns, 46.5833 us/op
WorkloadWarmup   4: 16384 op, 764926427.00 ns, 46.6874 us/op
WorkloadWarmup   5: 16384 op, 765647048.00 ns, 46.7314 us/op
WorkloadWarmup   6: 16384 op, 763409818.00 ns, 46.5948 us/op
WorkloadWarmup   7: 16384 op, 767016621.00 ns, 46.8150 us/op
WorkloadWarmup   8: 16384 op, 763016266.00 ns, 46.5708 us/op

WorkloadActual   1: 16384 op, 761559767.00 ns, 46.4819 us/op
WorkloadActual   2: 16384 op, 762687932.00 ns, 46.5508 us/op
WorkloadActual   3: 16384 op, 762570368.00 ns, 46.5436 us/op
WorkloadActual   4: 16384 op, 767379727.00 ns, 46.8371 us/op
WorkloadActual   5: 16384 op, 764369739.00 ns, 46.6534 us/op
WorkloadActual   6: 16384 op, 786774096.00 ns, 48.0209 us/op
WorkloadActual   7: 16384 op, 820547755.00 ns, 50.0823 us/op
WorkloadActual   8: 16384 op, 769250547.00 ns, 46.9513 us/op
WorkloadActual   9: 16384 op, 769893453.00 ns, 46.9906 us/op
WorkloadActual  10: 16384 op, 770043533.00 ns, 46.9997 us/op
WorkloadActual  11: 16384 op, 809305014.00 ns, 49.3961 us/op
WorkloadActual  12: 16384 op, 776293969.00 ns, 47.3812 us/op
WorkloadActual  13: 16384 op, 785229520.00 ns, 47.9266 us/op
WorkloadActual  14: 16384 op, 774953430.00 ns, 47.2994 us/op
WorkloadActual  15: 16384 op, 768135026.00 ns, 46.8832 us/op

WorkloadResult   1: 16384 op, 761538701.00 ns, 46.4806 us/op
WorkloadResult   2: 16384 op, 762666866.00 ns, 46.5495 us/op
WorkloadResult   3: 16384 op, 762549302.00 ns, 46.5423 us/op
WorkloadResult   4: 16384 op, 767358661.00 ns, 46.8359 us/op
WorkloadResult   5: 16384 op, 764348673.00 ns, 46.6521 us/op
WorkloadResult   6: 16384 op, 786753030.00 ns, 48.0196 us/op
WorkloadResult   7: 16384 op, 769229481.00 ns, 46.9500 us/op
WorkloadResult   8: 16384 op, 769872387.00 ns, 46.9893 us/op
WorkloadResult   9: 16384 op, 770022467.00 ns, 46.9984 us/op
WorkloadResult  10: 16384 op, 776272903.00 ns, 47.3799 us/op
WorkloadResult  11: 16384 op, 785208454.00 ns, 47.9253 us/op
WorkloadResult  12: 16384 op, 774932364.00 ns, 47.2981 us/op
WorkloadResult  13: 16384 op, 768113960.00 ns, 46.8820 us/op
// GC:  0 0 0 4656 16384
// Threading:  0 0 16384


Mean = 47.039 us, StdErr = 0.138 us (0.29%), N = 13, StdDev = 0.496 us
Min = 46.481 us, Q1 = 46.652 us, Median = 46.950 us, Q3 = 47.298 us, Max = 48.020 us
IQR = 0.646 us, LowerFence = 45.683 us, UpperFence = 48.267 us
ConfidenceInterval = [46.444 us; 47.633 us] (CI 99.9%), Margin = 0.594 us (1.26% of Mean)
Skewness = 0.76, Kurtosis = 2.28, MValue = 2

// ** Remained 2 (14.3 %) benchmark(s) to run. Estimated finish 2026-09-22 5:35 (0h 0m from now) **
// **************************
// Benchmark: PairHandleBenchmarks.Advance: Job-TZECNT(IterationCount=16, IterationTime=200ms, WarmupCount=8) [Shape=PairA(...)Waves [21]]
// *** Execute ***
// Launch: 1 / 1
// Execute: dotnet PairHandles-Job-TZECNT-1.dll --anonymousPipes 118 119 --benchmarkName "PairHandles.PairHandleBenchmarks.Advance(Shape: PairAlternating8Waves)" --job "IterationCount=16, IterationTime=200ms, WarmupCount=8" --benchmarkId 6 in /home/i/GitHub/tl-w352/benchmarks/PairHandles/bin/Release/net10.0/PairHandles-Job-TZECNT-1/bin/Release/net10.0
// Failed to set up high priority (Permission denied). In order to run benchmarks with high priority, make sure you have the right permissions.
// BeforeAnythingElse

// Benchmark Process Environment Information:
// BenchmarkDotNet v0.15.8
// Runtime=.NET 10.0.12 (10.0.12, 10.0.1226.42308), X64 RyuJIT x86-64-v3
// GC=Concurrent Workstation
// HardwareIntrinsics=AVX2+BMI1+BMI2+F16C+FMA+LZCNT+MOVBE,AVX,SSE3+SSSE3+SSE4.1+SSE4.2+POPCNT,X86Base+SSE+SSE2,AES+PCLMUL,AvxVnni,SERIALIZE VectorSize=256
// Job: Job-TZECNT(IterationCount=16, IterationTime=200ms, WarmupCount=8)

OverheadJitting  1: 1 op, 71355.00 ns, 71.3550 us/op
WorkloadJitting  1: 1 op, 13572267.00 ns, 13.5723 ms/op

WorkloadPilot    1: 4 op, 307904.00 ns, 76.9760 us/op
WorkloadPilot    2: 2598 op, 155635899.00 ns, 59.9060 us/op
WorkloadPilot    3: 3339 op, 219564110.00 ns, 65.7574 us/op
WorkloadPilot    4: 3041 op, 199775369.00 ns, 65.6940 us/op
WorkloadPilot    5: 3044 op, 199554030.00 ns, 65.5565 us/op
WorkloadPilot    6: 3051 op, 197520642.00 ns, 64.7396 us/op
WorkloadPilot    7: 3089 op, 180654568.00 ns, 58.4832 us/op
WorkloadPilot    8: 3420 op, 198621458.00 ns, 58.0764 us/op
WorkloadPilot    9: 3444 op, 199712786.00 ns, 57.9886 us/op
WorkloadPilot   10: 3449 op, 201380761.00 ns, 58.3882 us/op
WorkloadPilot   11: 3425 op, 197423034.00 ns, 57.6418 us/op
WorkloadPilot   12: 3470 op, 199569775.00 ns, 57.5129 us/op
WorkloadPilot   13: 3477 op, 214145301.00 ns, 61.5891 us/op

WorkloadWarmup   1: 3477 op, 202920917.00 ns, 58.3609 us/op
WorkloadWarmup   2: 3477 op, 203304116.00 ns, 58.4711 us/op
WorkloadWarmup   3: 3477 op, 202398266.00 ns, 58.2106 us/op
WorkloadWarmup   4: 3477 op, 205400463.00 ns, 59.0740 us/op
WorkloadWarmup   5: 3477 op, 219513683.00 ns, 63.1331 us/op
WorkloadWarmup   6: 3477 op, 227253864.00 ns, 65.3592 us/op
WorkloadWarmup   7: 3477 op, 204606465.00 ns, 58.8457 us/op
WorkloadWarmup   8: 3477 op, 227981292.00 ns, 65.5684 us/op

// BeforeActualRun
WorkloadActual   1: 3477 op, 212800740.00 ns, 61.2024 us/op
WorkloadActual   2: 3477 op, 218324177.00 ns, 62.7910 us/op
WorkloadActual   3: 3477 op, 228365459.00 ns, 65.6789 us/op
WorkloadActual   4: 3477 op, 227285017.00 ns, 65.3681 us/op
WorkloadActual   5: 3477 op, 208693010.00 ns, 60.0210 us/op
WorkloadActual   6: 3477 op, 202610229.00 ns, 58.2716 us/op
WorkloadActual   7: 3477 op, 216548111.00 ns, 62.2802 us/op
WorkloadActual   8: 3477 op, 204630018.00 ns, 58.8525 us/op
WorkloadActual   9: 3477 op, 227191861.00 ns, 65.3413 us/op
WorkloadActual  10: 3477 op, 227236583.00 ns, 65.3542 us/op
WorkloadActual  11: 3477 op, 227439740.00 ns, 65.4126 us/op
WorkloadActual  12: 3477 op, 207758527.00 ns, 59.7522 us/op
WorkloadActual  13: 3477 op, 199818413.00 ns, 57.4686 us/op
WorkloadActual  14: 3477 op, 216059329.00 ns, 62.1396 us/op
WorkloadActual  15: 3477 op, 227003160.00 ns, 65.2871 us/op
WorkloadActual  16: 3477 op, 215204627.00 ns, 61.8938 us/op

// AfterActualRun
WorkloadResult   1: 3477 op, 212800740.00 ns, 61.2024 us/op
WorkloadResult   2: 3477 op, 218324177.00 ns, 62.7910 us/op
WorkloadResult   3: 3477 op, 228365459.00 ns, 65.6789 us/op
WorkloadResult   4: 3477 op, 227285017.00 ns, 65.3681 us/op
WorkloadResult   5: 3477 op, 208693010.00 ns, 60.0210 us/op
WorkloadResult   6: 3477 op, 202610229.00 ns, 58.2716 us/op
WorkloadResult   7: 3477 op, 216548111.00 ns, 62.2802 us/op
WorkloadResult   8: 3477 op, 204630018.00 ns, 58.8525 us/op
WorkloadResult   9: 3477 op, 227191861.00 ns, 65.3413 us/op
WorkloadResult  10: 3477 op, 227236583.00 ns, 65.3542 us/op
WorkloadResult  11: 3477 op, 227439740.00 ns, 65.4126 us/op
WorkloadResult  12: 3477 op, 207758527.00 ns, 59.7522 us/op
WorkloadResult  13: 3477 op, 199818413.00 ns, 57.4686 us/op
WorkloadResult  14: 3477 op, 216059329.00 ns, 62.1396 us/op
WorkloadResult  15: 3477 op, 227003160.00 ns, 65.2871 us/op
WorkloadResult  16: 3477 op, 215204627.00 ns, 61.8938 us/op
// GC:  0 0 0 0 3477
// Threading:  0 0 3477

// AfterAll
// Benchmark Process 167850 has exited with code 0.

Mean = 62.320 us, StdErr = 0.715 us (1.15%), N = 16, StdDev = 2.861 us
Min = 57.469 us, Q1 = 59.954 us, Median = 62.210 us, Q3 = 65.345 us, Max = 65.679 us
IQR = 5.391 us, LowerFence = 51.868 us, UpperFence = 73.431 us
ConfidenceInterval = [59.407 us; 65.233 us] (CI 99.9%), Margin = 2.913 us (4.67% of Mean)
Skewness = -0.2, Kurtosis = 1.48, MValue = 2

// ** Remained 1 (7.1 %) benchmark(s) to run. Estimated finish 2026-09-22 5:35 (0h 0m from now) **
// **************************
// Benchmark: PairHandleBenchmarks.Advance: InProcess(Toolchain=InProcessEmitToolchain) [Shape=PairA(...)Waves [21]]
// *** Execute ***
// Launch: 1 / 1
// ! Failed to set up priority High for process System.Diagnostics.Process (PairHandles). Make sure you have the right permissions. Message: Permission denied

// Benchmark Process Environment Information:
// BenchmarkDotNet v0.15.8
// Runtime=.NET 10.0.12 (10.0.12, 10.0.1226.42308), X64 RyuJIT x86-64-v3
// GC=Concurrent Workstation
// HardwareIntrinsics=AVX2+BMI1+BMI2+F16C+FMA+LZCNT+MOVBE,AVX,SSE3+SSSE3+SSE4.1+SSE4.2+POPCNT,X86Base+SSE+SSE2,AES+PCLMUL,AvxVnni,SERIALIZE VectorSize=256
// Job: Job-JWQWGO(Toolchain=InProcessEmitToolchain)

OverheadJitting  1: 1 op, 97140.00 ns, 97.1400 us/op
WorkloadJitting  1: 1 op, 159693.00 ns, 159.6930 us/op

OverheadJitting  2: 16 op, 108769.00 ns, 6.7981 us/op
WorkloadJitting  2: 16 op, 1051509.00 ns, 65.7193 us/op

WorkloadPilot    1: 16 op, 944945.00 ns, 59.0591 us/op
WorkloadPilot    2: 32 op, 1894218.00 ns, 59.1943 us/op
WorkloadPilot    3: 64 op, 3757120.00 ns, 58.7050 us/op
WorkloadPilot    4: 128 op, 7514626.00 ns, 58.7080 us/op
WorkloadPilot    5: 256 op, 15823865.00 ns, 61.8120 us/op
WorkloadPilot    6: 512 op, 32196989.00 ns, 62.8847 us/op
WorkloadPilot    7: 1024 op, 64068742.00 ns, 62.5671 us/op
WorkloadPilot    8: 2048 op, 123967946.00 ns, 60.5312 us/op
WorkloadPilot    9: 4096 op, 238406837.00 ns, 58.2048 us/op
WorkloadPilot   10: 8192 op, 475862655.00 ns, 58.0887 us/op
WorkloadPilot   11: 16384 op, 944625347.00 ns, 57.6554 us/op

OverheadWarmup   1: 16384 op, 23050.00 ns, 1.4069 ns/op
OverheadWarmup   2: 16384 op, 20543.00 ns, 1.2538 ns/op
OverheadWarmup   3: 16384 op, 20438.00 ns, 1.2474 ns/op
OverheadWarmup   4: 16384 op, 20440.00 ns, 1.2476 ns/op
OverheadWarmup   5: 16384 op, 20367.00 ns, 1.2431 ns/op
OverheadWarmup   6: 16384 op, 20379.00 ns, 1.2438 ns/op
OverheadWarmup   7: 16384 op, 20367.00 ns, 1.2431 ns/op

OverheadActual   1: 16384 op, 20368.00 ns, 1.2432 ns/op
OverheadActual   2: 16384 op, 20344.00 ns, 1.2417 ns/op
OverheadActual   3: 16384 op, 20352.00 ns, 1.2422 ns/op
OverheadActual   4: 16384 op, 22680.00 ns, 1.3843 ns/op
OverheadActual   5: 16384 op, 20358.00 ns, 1.2426 ns/op
OverheadActual   6: 16384 op, 20349.00 ns, 1.2420 ns/op
OverheadActual   7: 16384 op, 20699.00 ns, 1.2634 ns/op
OverheadActual   8: 16384 op, 20371.00 ns, 1.2433 ns/op
OverheadActual   9: 16384 op, 20390.00 ns, 1.2445 ns/op
OverheadActual  10: 16384 op, 20384.00 ns, 1.2441 ns/op
OverheadActual  11: 16384 op, 20385.00 ns, 1.2442 ns/op
OverheadActual  12: 16384 op, 21068.00 ns, 1.2859 ns/op
OverheadActual  13: 16384 op, 20366.00 ns, 1.2430 ns/op
OverheadActual  14: 16384 op, 20020.00 ns, 1.2219 ns/op
OverheadActual  15: 16384 op, 20043.00 ns, 1.2233 ns/op

WorkloadWarmup   1: 16384 op, 954621021.00 ns, 58.2654 us/op
WorkloadWarmup   2: 16384 op, 961662294.00 ns, 58.6952 us/op
WorkloadWarmup   3: 16384 op, 957384839.00 ns, 58.4341 us/op
WorkloadWarmup   4: 16384 op, 950320805.00 ns, 58.0030 us/op
WorkloadWarmup   5: 16384 op, 976551650.00 ns, 59.6040 us/op
WorkloadWarmup   6: 16384 op, 958885330.00 ns, 58.5257 us/op

WorkloadActual   1: 16384 op, 953418479.00 ns, 58.1920 us/op
WorkloadActual   2: 16384 op, 954920821.00 ns, 58.2837 us/op
WorkloadActual   3: 16384 op, 954360134.00 ns, 58.2495 us/op
WorkloadActual   4: 16384 op, 954546693.00 ns, 58.2609 us/op
WorkloadActual   5: 16384 op, 956529171.00 ns, 58.3819 us/op
WorkloadActual   6: 16384 op, 964261316.00 ns, 58.8538 us/op
WorkloadActual   7: 16384 op, 1002356172.00 ns, 61.1790 us/op
WorkloadActual   8: 16384 op, 1000034899.00 ns, 61.0373 us/op
WorkloadActual   9: 16384 op, 999698254.00 ns, 61.0167 us/op
WorkloadActual  10: 16384 op, 1009027629.00 ns, 61.5862 us/op
WorkloadActual  11: 16384 op, 952988681.00 ns, 58.1658 us/op
WorkloadActual  12: 16384 op, 950720323.00 ns, 58.0274 us/op
WorkloadActual  13: 16384 op, 956558217.00 ns, 58.3837 us/op
WorkloadActual  14: 16384 op, 951017832.00 ns, 58.0455 us/op
WorkloadActual  15: 16384 op, 954989666.00 ns, 58.2879 us/op
WorkloadActual  16: 16384 op, 949157786.00 ns, 57.9320 us/op
WorkloadActual  17: 16384 op, 946580680.00 ns, 57.7747 us/op

WorkloadResult   1: 16384 op, 953398111.00 ns, 58.1908 us/op
WorkloadResult   2: 16384 op, 954900453.00 ns, 58.2825 us/op
WorkloadResult   3: 16384 op, 954339766.00 ns, 58.2483 us/op
WorkloadResult   4: 16384 op, 954526325.00 ns, 58.2597 us/op
WorkloadResult   5: 16384 op, 956508803.00 ns, 58.3807 us/op
WorkloadResult   6: 16384 op, 964240948.00 ns, 58.8526 us/op
WorkloadResult   7: 16384 op, 952968313.00 ns, 58.1646 us/op
WorkloadResult   8: 16384 op, 950699955.00 ns, 58.0261 us/op
WorkloadResult   9: 16384 op, 956537849.00 ns, 58.3824 us/op
WorkloadResult  10: 16384 op, 950997464.00 ns, 58.0443 us/op
WorkloadResult  11: 16384 op, 954969298.00 ns, 58.2867 us/op
WorkloadResult  12: 16384 op, 949137418.00 ns, 57.9308 us/op
WorkloadResult  13: 16384 op, 946560312.00 ns, 57.7735 us/op
// GC:  0 0 0 4656 16384
// Threading:  0 0 16384


Mean = 58.217 us, StdErr = 0.072 us (0.12%), N = 13, StdDev = 0.261 us
Min = 57.773 us, Q1 = 58.044 us, Median = 58.248 us, Q3 = 58.287 us, Max = 58.853 us
IQR = 0.242 us, LowerFence = 57.681 us, UpperFence = 58.650 us
ConfidenceInterval = [57.904 us; 58.530 us] (CI 99.9%), Margin = 0.313 us (0.54% of Mean)
Skewness = 0.62, Kurtosis = 3.51, MValue = 2

// ** Remained 0 (0.0 %) benchmark(s) to run. Estimated finish 2026-09-22 5:36 (0h 0m from now) **
// ***** BenchmarkRunner: Finish  *****

// * Export *
  tmp/ab352/ph-cand-2/results/PairHandles.PairHandleBenchmarks-report.csv
  tmp/ab352/ph-cand-2/results/PairHandles.PairHandleBenchmarks-report-github.md
  tmp/ab352/ph-cand-2/results/PairHandles.PairHandleBenchmarks-report.html
  tmp/ab352/ph-cand-2/results/PairHandles.PairHandleBenchmarks-report-full.json

// * Detailed results *
PairHandleBenchmarks.Advance: Job-TZECNT(IterationCount=16, IterationTime=200ms, WarmupCount=8) [Shape=LaneUniform]
Runtime = .NET 10.0.12 (10.0.12, 10.0.1226.42308), X64 RyuJIT x86-64-v3; GC = Concurrent Workstation
Mean = 32.740 us, StdErr = 0.380 us (1.16%), N = 16, StdDev = 1.520 us
Min = 31.253 us, Q1 = 31.307 us, Median = 32.019 us, Q3 = 34.351 us, Max = 34.820 us
IQR = 3.044 us, LowerFence = 26.740 us, UpperFence = 38.917 us
ConfidenceInterval = [31.192 us; 34.287 us] (CI 99.9%), Margin = 1.548 us (4.73% of Mean)
Skewness = 0.27, Kurtosis = 1.13, MValue = 3.56
-------------------- Histogram --------------------
[31.000 us ; 32.583 us) | @@@@@@@@@
[32.583 us ; 33.369 us) | 
[33.369 us ; 34.952 us) | @@@@@@@
---------------------------------------------------

PairHandleBenchmarks.Advance: InProcess(Toolchain=InProcessEmitToolchain) [Shape=LaneUniform]
Runtime = ; GC = 
Mean = 32.671 us, StdErr = 0.029 us (0.09%), N = 14, StdDev = 0.108 us
Min = 32.569 us, Q1 = 32.597 us, Median = 32.627 us, Q3 = 32.682 us, Max = 32.874 us
IQR = 0.085 us, LowerFence = 32.470 us, UpperFence = 32.809 us
ConfidenceInterval = [32.549 us; 32.793 us] (CI 99.9%), Margin = 0.122 us (0.37% of Mean)
Skewness = 0.98, Kurtosis = 2.24, MValue = 2
-------------------- Histogram --------------------
[32.510 us ; 32.933 us) | @@@@@@@@@@@@@@
---------------------------------------------------

PairHandleBenchmarks.Advance: Job-TZECNT(IterationCount=16, IterationTime=200ms, WarmupCount=8) [Shape=PairOne]
Runtime = .NET 10.0.12 (10.0.12, 10.0.1226.42308), X64 RyuJIT x86-64-v3; GC = Concurrent Workstation
Mean = 32.192 us, StdErr = 0.340 us (1.06%), N = 16, StdDev = 1.362 us
Min = 30.929 us, Q1 = 31.200 us, Median = 31.414 us, Q3 = 32.814 us, Max = 34.531 us
IQR = 1.614 us, LowerFence = 28.780 us, UpperFence = 35.234 us
ConfidenceInterval = [30.806 us; 33.579 us] (CI 99.9%), Margin = 1.387 us (4.31% of Mean)
Skewness = 0.82, Kurtosis = 1.85, MValue = 2.73
-------------------- Histogram --------------------
[30.219 us ; 31.039 us) | @
[31.039 us ; 32.458 us) | @@@@@@@@@@@
[32.458 us ; 33.632 us) | 
[33.632 us ; 35.240 us) | @@@@
---------------------------------------------------

PairHandleBenchmarks.Advance: InProcess(Toolchain=InProcessEmitToolchain) [Shape=PairOne]
Runtime = ; GC = 
Mean = 29.688 us, StdErr = 0.080 us (0.27%), N = 13, StdDev = 0.287 us
Min = 29.374 us, Q1 = 29.553 us, Median = 29.614 us, Q3 = 29.679 us, Max = 30.409 us
IQR = 0.127 us, LowerFence = 29.363 us, UpperFence = 29.869 us
ConfidenceInterval = [29.344 us; 30.032 us] (CI 99.9%), Margin = 0.344 us (1.16% of Mean)
Skewness = 1.36, Kurtosis = 3.78, MValue = 2
-------------------- Histogram --------------------
[29.214 us ; 29.822 us) | @@@@@@@@@@@
[29.822 us ; 30.569 us) | @@
---------------------------------------------------

PairHandleBenchmarks.Advance: Job-TZECNT(IterationCount=16, IterationTime=200ms, WarmupCount=8) [Shape=PairRuns8]
Runtime = .NET 10.0.12 (10.0.12, 10.0.1226.42308), X64 RyuJIT x86-64-v3; GC = Concurrent Workstation
Mean = 36.610 us, StdErr = 0.026 us (0.07%), N = 12, StdDev = 0.091 us
Min = 36.511 us, Q1 = 36.543 us, Median = 36.588 us, Q3 = 36.657 us, Max = 36.801 us
IQR = 0.115 us, LowerFence = 36.371 us, UpperFence = 36.829 us
ConfidenceInterval = [36.494 us; 36.727 us] (CI 99.9%), Margin = 0.116 us (0.32% of Mean)
Skewness = 0.7, Kurtosis = 2.16, MValue = 2
-------------------- Histogram --------------------
[36.459 us ; 36.853 us) | @@@@@@@@@@@@
---------------------------------------------------

PairHandleBenchmarks.Advance: InProcess(Toolchain=InProcessEmitToolchain) [Shape=PairRuns8]
Runtime = ; GC = 
Mean = 37.360 us, StdErr = 0.015 us (0.04%), N = 14, StdDev = 0.056 us
Min = 37.278 us, Q1 = 37.317 us, Median = 37.357 us, Q3 = 37.393 us, Max = 37.472 us
IQR = 0.075 us, LowerFence = 37.204 us, UpperFence = 37.506 us
ConfidenceInterval = [37.297 us; 37.423 us] (CI 99.9%), Margin = 0.063 us (0.17% of Mean)
Skewness = 0.25, Kurtosis = 2.11, MValue = 2
-------------------- Histogram --------------------
[37.248 us ; 37.502 us) | @@@@@@@@@@@@@@
---------------------------------------------------

PairHandleBenchmarks.Advance: Job-TZECNT(IterationCount=16, IterationTime=200ms, WarmupCount=8) [Shape=PairAlternating8]
Runtime = .NET 10.0.12 (10.0.12, 10.0.1226.42308), X64 RyuJIT x86-64-v3; GC = Concurrent Workstation
Mean = 66.822 us, StdErr = 0.418 us (0.63%), N = 15, StdDev = 1.620 us
Min = 64.775 us, Q1 = 65.448 us, Median = 66.287 us, Q3 = 68.340 us, Max = 69.548 us
IQR = 2.892 us, LowerFence = 61.110 us, UpperFence = 72.678 us
ConfidenceInterval = [65.090 us; 68.555 us] (CI 99.9%), Margin = 1.732 us (2.59% of Mean)
Skewness = 0.37, Kurtosis = 1.48, MValue = 2.75
-------------------- Histogram --------------------
[64.668 us ; 66.393 us) | @@@@@@@@
[66.393 us ; 68.013 us) | @@
[68.013 us ; 69.737 us) | @@@@@
---------------------------------------------------

PairHandleBenchmarks.Advance: InProcess(Toolchain=InProcessEmitToolchain) [Shape=PairAlternating8]
Runtime = ; GC = 
Mean = 65.428 us, StdErr = 0.087 us (0.13%), N = 14, StdDev = 0.324 us
Min = 64.893 us, Q1 = 65.246 us, Median = 65.324 us, Q3 = 65.656 us, Max = 66.176 us
IQR = 0.410 us, LowerFence = 64.631 us, UpperFence = 66.272 us
ConfidenceInterval = [65.062 us; 65.793 us] (CI 99.9%), Margin = 0.365 us (0.56% of Mean)
Skewness = 0.7, Kurtosis = 2.83, MValue = 2
-------------------- Histogram --------------------
[64.717 us ; 66.353 us) | @@@@@@@@@@@@@@
---------------------------------------------------

PairHandleBenchmarks.Advance: Job-TZECNT(IterationCount=16, IterationTime=200ms, WarmupCount=8) [Shape=PairRuns8Waves]
Runtime = .NET 10.0.12 (10.0.12, 10.0.1226.42308), X64 RyuJIT x86-64-v3; GC = Concurrent Workstation
Mean = 34.133 us, StdErr = 0.440 us (1.29%), N = 16, StdDev = 1.759 us
Min = 31.491 us, Q1 = 32.919 us, Median = 33.423 us, Q3 = 36.037 us, Max = 36.354 us
IQR = 3.117 us, LowerFence = 28.243 us, UpperFence = 40.713 us
ConfidenceInterval = [32.342 us; 35.924 us] (CI 99.9%), Margin = 1.791 us (5.25% of Mean)
Skewness = 0.1, Kurtosis = 1.28, MValue = 3.75
-------------------- Histogram --------------------
[30.575 us ; 31.790 us) | @
[31.790 us ; 33.622 us) | @@@@@@@@
[33.622 us ; 34.562 us) | 
[34.562 us ; 36.395 us) | @@@@@@@
---------------------------------------------------

PairHandleBenchmarks.Advance: InProcess(Toolchain=InProcessEmitToolchain) [Shape=PairRuns8Waves]
Runtime = ; GC = 
Mean = 32.976 us, StdErr = 0.079 us (0.24%), N = 14, StdDev = 0.296 us
Min = 32.734 us, Q1 = 32.750 us, Median = 32.871 us, Q3 = 33.053 us, Max = 33.672 us
IQR = 0.303 us, LowerFence = 32.296 us, UpperFence = 33.507 us
ConfidenceInterval = [32.642 us; 33.310 us] (CI 99.9%), Margin = 0.334 us (1.01% of Mean)
Skewness = 1.12, Kurtosis = 2.97, MValue = 2
-------------------- Histogram --------------------
[32.573 us ; 33.833 us) | @@@@@@@@@@@@@@
---------------------------------------------------

PairHandleBenchmarks.Advance: Job-TZECNT(IterationCount=16, IterationTime=200ms, WarmupCount=8) [Shape=PairBlocks8Waves]
Runtime = .NET 10.0.12 (10.0.12, 10.0.1226.42308), X64 RyuJIT x86-64-v3; GC = Concurrent Workstation
Mean = 46.534 us, StdErr = 0.108 us (0.23%), N = 16, StdDev = 0.434 us
Min = 45.969 us, Q1 = 46.207 us, Median = 46.516 us, Q3 = 46.843 us, Max = 47.286 us
IQR = 0.635 us, LowerFence = 45.254 us, UpperFence = 47.796 us
ConfidenceInterval = [46.092 us; 46.975 us] (CI 99.9%), Margin = 0.441 us (0.95% of Mean)
Skewness = 0.27, Kurtosis = 1.67, MValue = 2
-------------------- Histogram --------------------
[45.743 us ; 47.511 us) | @@@@@@@@@@@@@@@@
---------------------------------------------------

PairHandleBenchmarks.Advance: InProcess(Toolchain=InProcessEmitToolchain) [Shape=PairBlocks8Waves]
Runtime = ; GC = 
Mean = 47.039 us, StdErr = 0.138 us (0.29%), N = 13, StdDev = 0.496 us
Min = 46.481 us, Q1 = 46.652 us, Median = 46.950 us, Q3 = 47.298 us, Max = 48.020 us
IQR = 0.646 us, LowerFence = 45.683 us, UpperFence = 48.267 us
ConfidenceInterval = [46.444 us; 47.633 us] (CI 99.9%), Margin = 0.594 us (1.26% of Mean)
Skewness = 0.76, Kurtosis = 2.28, MValue = 2
-------------------- Histogram --------------------
[46.272 us ; 48.297 us) | @@@@@@@@@@@@@
---------------------------------------------------

PairHandleBenchmarks.Advance: Job-TZECNT(IterationCount=16, IterationTime=200ms, WarmupCount=8) [Shape=PairA(...)Waves [21]]
Runtime = .NET 10.0.12 (10.0.12, 10.0.1226.42308), X64 RyuJIT x86-64-v3; GC = Concurrent Workstation
Mean = 62.320 us, StdErr = 0.715 us (1.15%), N = 16, StdDev = 2.861 us
Min = 57.469 us, Q1 = 59.954 us, Median = 62.210 us, Q3 = 65.345 us, Max = 65.679 us
IQR = 5.391 us, LowerFence = 51.868 us, UpperFence = 73.431 us
ConfidenceInterval = [59.407 us; 65.233 us] (CI 99.9%), Margin = 2.913 us (4.67% of Mean)
Skewness = -0.2, Kurtosis = 1.48, MValue = 2
-------------------- Histogram --------------------
[55.978 us ; 59.526 us) | @@@
[59.526 us ; 62.745 us) | @@@@@@
[62.745 us ; 65.725 us) | @@@@@@@
---------------------------------------------------

PairHandleBenchmarks.Advance: InProcess(Toolchain=InProcessEmitToolchain) [Shape=PairA(...)Waves [21]]
Runtime = ; GC = 
Mean = 58.217 us, StdErr = 0.072 us (0.12%), N = 13, StdDev = 0.261 us
Min = 57.773 us, Q1 = 58.044 us, Median = 58.248 us, Q3 = 58.287 us, Max = 58.853 us
IQR = 0.242 us, LowerFence = 57.681 us, UpperFence = 58.650 us
ConfidenceInterval = [57.904 us; 58.530 us] (CI 99.9%), Margin = 0.313 us (0.54% of Mean)
Skewness = 0.62, Kurtosis = 3.51, MValue = 2
-------------------- Histogram --------------------
[57.691 us ; 58.856 us) | @@@@@@@@@@@@@
---------------------------------------------------

// * Summary *

BenchmarkDotNet v0.15.8, Linux Omarchy
Intel Core i9-14900K 0.80GHz, 1 CPU, 32 logical and 24 physical cores
.NET SDK 10.0.401
  [Host]     : .NET 10.0.12 (10.0.12, 10.0.1226.42308), X64 RyuJIT x86-64-v3
  Job-TZECNT : .NET 10.0.12 (10.0.12, 10.0.1226.42308), X64 RyuJIT x86-64-v3


| Method  | Job        | Toolchain              | IterationCount | IterationTime | WarmupCount | Shape                | Mean     | Error    | StdDev   | Median   | Allocated |
|-------- |----------- |----------------------- |--------------- |-------------- |------------ |--------------------- |---------:|---------:|---------:|---------:|----------:|
| Advance | Job-TZECNT | Default                | 16             | 200ms         | 8           | LaneUniform          | 32.74 us | 1.548 us | 1.520 us | 32.02 us |         - |
| Advance | InProcess  | InProcessEmitToolchain | Default        | Default       | Default     | LaneUniform          | 32.67 us | 0.122 us | 0.108 us | 32.63 us |         - |
| Advance | Job-TZECNT | Default                | 16             | 200ms         | 8           | PairOne              | 32.19 us | 1.387 us | 1.362 us | 31.41 us |         - |
| Advance | InProcess  | InProcessEmitToolchain | Default        | Default       | Default     | PairOne              | 29.69 us | 0.344 us | 0.287 us | 29.61 us |         - |
| Advance | Job-TZECNT | Default                | 16             | 200ms         | 8           | PairRuns8            | 36.61 us | 0.116 us | 0.091 us | 36.59 us |         - |
| Advance | InProcess  | InProcessEmitToolchain | Default        | Default       | Default     | PairRuns8            | 37.36 us | 0.063 us | 0.056 us | 37.36 us |         - |
| Advance | Job-TZECNT | Default                | 16             | 200ms         | 8           | PairAlternating8     | 66.82 us | 1.732 us | 1.620 us | 66.29 us |         - |
| Advance | InProcess  | InProcessEmitToolchain | Default        | Default       | Default     | PairAlternating8     | 65.43 us | 0.365 us | 0.324 us | 65.32 us |       1 B |
| Advance | Job-TZECNT | Default                | 16             | 200ms         | 8           | PairRuns8Waves       | 34.13 us | 1.791 us | 1.759 us | 33.42 us |         - |
| Advance | InProcess  | InProcessEmitToolchain | Default        | Default       | Default     | PairRuns8Waves       | 32.98 us | 0.334 us | 0.296 us | 32.87 us |         - |
| Advance | Job-TZECNT | Default                | 16             | 200ms         | 8           | PairBlocks8Waves     | 46.53 us | 0.441 us | 0.434 us | 46.52 us |         - |
| Advance | InProcess  | InProcessEmitToolchain | Default        | Default       | Default     | PairBlocks8Waves     | 47.04 us | 0.594 us | 0.496 us | 46.95 us |         - |
| Advance | Job-TZECNT | Default                | 16             | 200ms         | 8           | PairA(...)Waves [21] | 62.32 us | 2.913 us | 2.861 us | 62.21 us |         - |
| Advance | InProcess  | InProcessEmitToolchain | Default        | Default       | Default     | PairA(...)Waves [21] | 58.22 us | 0.313 us | 0.261 us | 58.25 us |         - |

// * Warnings *
MultimodalDistribution
  PairHandleBenchmarks.Advance: IterationCount=16, IterationTime=200ms, WarmupCount=8 -> It seems that the distribution is bimodal (mValue = 3.56)
  PairHandleBenchmarks.Advance: IterationCount=16, IterationTime=200ms, WarmupCount=8 -> It seems that the distribution is bimodal (mValue = 3.75)

// * Hints *
Outliers
  PairHandleBenchmarks.Advance: InProcess                                             -> 1 outlier  was  removed (33.07 us)
  PairHandleBenchmarks.Advance: InProcess                                             -> 2 outliers were removed (31.00 us, 31.05 us)
  PairHandleBenchmarks.Advance: IterationCount=16, IterationTime=200ms, WarmupCount=8 -> 4 outliers were removed (38.62 us..39.66 us)
  PairHandleBenchmarks.Advance: InProcess                                             -> 1 outlier  was  removed (37.60 us)
  PairHandleBenchmarks.Advance: IterationCount=16, IterationTime=200ms, WarmupCount=8 -> 1 outlier  was  removed (73.76 us)
  PairHandleBenchmarks.Advance: InProcess                                             -> 1 outlier  was  removed (76.49 us)
  PairHandleBenchmarks.Advance: InProcess                                             -> 1 outlier  was  removed (34.34 us)
  PairHandleBenchmarks.Advance: InProcess                                             -> 2 outliers were removed (49.40 us, 50.08 us)
  PairHandleBenchmarks.Advance: InProcess                                             -> 4 outliers were removed (61.02 us..61.59 us)

// * Legends *
  Shape     : Value of the 'Shape' parameter
  Mean      : Arithmetic mean of all measurements
  Error     : Half of 99.9% confidence interval
  StdDev    : Standard deviation of all measurements
  Median    : Value separating the higher half of all measurements (50th percentile)
  Allocated : Allocated memory per single operation (managed only, inclusive, 1KB = 1024B)
  1 us      : 1 Microsecond (0.000001 sec)

// * Diagnostic Output - MemoryDiagnoser *


// ***** BenchmarkRunner: End *****
Run time: 00:02:56 (176.22 sec), executed benchmarks: 14

Global total time: 00:02:59 (179.81 sec), executed benchmarks: 14
// * Artifacts cleanup *
Artifacts cleanup is finished
