PAIR-HANDLES PARITY PASS: 8192 rows x 240 steps over 8 variant timelines, forward and backward, bit-exact
host: Unix 7.2.5.3, .NET 10.0.12, procs 32
benchmark artifacts: /tmp/ab352/ph-base-4
// Validating benchmarks:
// ***** BenchmarkRunner: Start   *****
// ***** Found 14 benchmark(s) in total *****
// ***** Building 2 exe(s) in Parallel: Start   *****
// ***** Done, took 00:00:03 (3.55 sec)   *****
// Found 14 benchmarks:
//   PairHandleBenchmarks.Advance: Job-TZECNT(IterationCount=16, IterationTime=200ms, WarmupCount=8) [Shape=LaneUniform]
//   PairHandleBenchmarks.Advance: InProcess(Toolchain=InProcessEmitToolchain) [Shape=LaneUniform]
//   PairHandleBenchmarks.Advance: Job-TZECNT(IterationCount=16, IterationTime=200ms, WarmupCount=8) [Shape=PairOne]
//   PairHandleBenchmarks.Advance: InProcess(Toolchain=InProcessEmitToolchain) [Shape=PairOne]
//   PairHandleBenchmarks.Advance: Job-TZECNT(IterationCount=16, IterationTime=200ms, WarmupCount=8) [Shape=PairRuns8]
//   PairHandleBenchmarks.Advance: InProcess(Toolchain=InProcessEmitToolchain) [Shape=PairRuns8]
//   PairHandleBenchmarks.Advance: Job-TZECNT(IterationCount=16, IterationTime=200ms, WarmupCount=8) [Shape=PairAlternating8]
//   PairHandleBenchmarks.Advance: InProcess(Toolchain=InProcessEmitToolchain) [Shape=PairAlternating8]
//   PairHandleBenchmarks.Advance: Job-TZECNT(IterationCount=16, IterationTime=200ms, WarmupCount=8) [Shape=PairRuns8Waves]
//   PairHandleBenchmarks.Advance: InProcess(Toolchain=InProcessEmitToolchain) [Shape=PairRuns8Waves]
//   PairHandleBenchmarks.Advance: Job-TZECNT(IterationCount=16, IterationTime=200ms, WarmupCount=8) [Shape=PairBlocks8Waves]
//   PairHandleBenchmarks.Advance: InProcess(Toolchain=InProcessEmitToolchain) [Shape=PairBlocks8Waves]
//   PairHandleBenchmarks.Advance: Job-TZECNT(IterationCount=16, IterationTime=200ms, WarmupCount=8) [Shape=PairA(...)Waves [21]]
//   PairHandleBenchmarks.Advance: InProcess(Toolchain=InProcessEmitToolchain) [Shape=PairA(...)Waves [21]]

// **************************
// Benchmark: PairHandleBenchmarks.Advance: Job-TZECNT(IterationCount=16, IterationTime=200ms, WarmupCount=8) [Shape=LaneUniform]
// *** Execute ***
// Launch: 1 / 1
// Execute: dotnet PairHandles-Job-TZECNT-1.dll --anonymousPipes 138 139 --benchmarkName "PairHandles.PairHandleBenchmarks.Advance(Shape: LaneUniform)" --job "IterationCount=16, IterationTime=200ms, WarmupCount=8" --benchmarkId 0 in /home/i/GitHub/tl-ab352-base/benchmarks/PairHandles/bin/Release/net10.0/PairHandles-Job-TZECNT-1/bin/Release/net10.0
// Failed to set up high priority (Permission denied). In order to run benchmarks with high priority, make sure you have the right permissions.
// BeforeAnythingElse

// Benchmark Process Environment Information:
// BenchmarkDotNet v0.15.8
// Runtime=.NET 10.0.12 (10.0.12, 10.0.1226.42308), X64 RyuJIT x86-64-v3
// GC=Concurrent Workstation
// HardwareIntrinsics=AVX2+BMI1+BMI2+F16C+FMA+LZCNT+MOVBE,AVX,SSE3+SSSE3+SSE4.1+SSE4.2+POPCNT,X86Base+SSE+SSE2,AES+PCLMUL,AvxVnni,SERIALIZE VectorSize=256
// Job: Job-TZECNT(IterationCount=16, IterationTime=200ms, WarmupCount=8)

OverheadJitting  1: 1 op, 81355.00 ns, 81.3550 us/op
WorkloadJitting  1: 1 op, 10648590.00 ns, 10.6486 ms/op

OverheadJitting  2: 16 op, 98828.00 ns, 6.1768 us/op
WorkloadJitting  2: 16 op, 662724.00 ns, 41.4203 us/op

WorkloadPilot    1: 16 op, 570908.00 ns, 35.6818 us/op
WorkloadPilot    2: 5616 op, 184576458.00 ns, 32.8662 us/op
WorkloadPilot    3: 6096 op, 189547281.00 ns, 31.0937 us/op
WorkloadPilot    4: 6432 op, 212478177.00 ns, 33.0345 us/op
WorkloadPilot    5: 6064 op, 199468624.00 ns, 32.8939 us/op
WorkloadPilot    6: 6080 op, 189192825.00 ns, 31.1172 us/op
WorkloadPilot    7: 6432 op, 199511301.00 ns, 31.0185 us/op
WorkloadPilot    8: 6448 op, 200571401.00 ns, 31.1060 us/op
WorkloadPilot    9: 6432 op, 200221236.00 ns, 31.1289 us/op

OverheadWarmup   1: 6432 op, 12281.00 ns, 1.9094 ns/op
OverheadWarmup   2: 6432 op, 11355.00 ns, 1.7654 ns/op
OverheadWarmup   3: 6432 op, 11391.00 ns, 1.7710 ns/op
OverheadWarmup   4: 6432 op, 11513.00 ns, 1.7900 ns/op
OverheadWarmup   5: 6432 op, 11515.00 ns, 1.7903 ns/op
OverheadWarmup   6: 6432 op, 11412.00 ns, 1.7743 ns/op
OverheadWarmup   7: 6432 op, 11411.00 ns, 1.7741 ns/op
OverheadWarmup   8: 6432 op, 10580.00 ns, 1.6449 ns/op
OverheadWarmup   9: 6432 op, 10575.00 ns, 1.6441 ns/op
OverheadWarmup  10: 6432 op, 10548.00 ns, 1.6399 ns/op

OverheadActual   1: 6432 op, 10997.00 ns, 1.7097 ns/op
OverheadActual   2: 6432 op, 10841.00 ns, 1.6855 ns/op
OverheadActual   3: 6432 op, 10838.00 ns, 1.6850 ns/op
OverheadActual   4: 6432 op, 10664.00 ns, 1.6580 ns/op
OverheadActual   5: 6432 op, 10769.00 ns, 1.6743 ns/op
OverheadActual   6: 6432 op, 10564.00 ns, 1.6424 ns/op
OverheadActual   7: 6432 op, 10568.00 ns, 1.6430 ns/op
OverheadActual   8: 6432 op, 10555.00 ns, 1.6410 ns/op
OverheadActual   9: 6432 op, 10593.00 ns, 1.6469 ns/op
OverheadActual  10: 6432 op, 10563.00 ns, 1.6423 ns/op
OverheadActual  11: 6432 op, 10697.00 ns, 1.6631 ns/op
OverheadActual  12: 6432 op, 10565.00 ns, 1.6426 ns/op
OverheadActual  13: 6432 op, 10590.00 ns, 1.6465 ns/op
OverheadActual  14: 6432 op, 10566.00 ns, 1.6427 ns/op
OverheadActual  15: 6432 op, 10575.00 ns, 1.6441 ns/op

WorkloadWarmup   1: 6432 op, 200424938.00 ns, 31.1606 us/op
WorkloadWarmup   2: 6432 op, 200119910.00 ns, 31.1132 us/op
WorkloadWarmup   3: 6432 op, 223518155.00 ns, 34.7510 us/op
WorkloadWarmup   4: 6432 op, 224664185.00 ns, 34.9291 us/op
WorkloadWarmup   5: 6432 op, 222281415.00 ns, 34.5587 us/op
WorkloadWarmup   6: 6432 op, 215000305.00 ns, 33.4267 us/op
WorkloadWarmup   7: 6432 op, 200663994.00 ns, 31.1978 us/op
WorkloadWarmup   8: 6432 op, 200527813.00 ns, 31.1766 us/op

// BeforeActualRun
WorkloadActual   1: 6432 op, 221793179.00 ns, 34.4828 us/op
WorkloadActual   2: 6432 op, 215059703.00 ns, 33.4359 us/op
WorkloadActual   3: 6432 op, 202494268.00 ns, 31.4823 us/op
WorkloadActual   4: 6432 op, 205015014.00 ns, 31.8742 us/op
WorkloadActual   5: 6432 op, 214566138.00 ns, 33.3592 us/op
WorkloadActual   6: 6432 op, 220075797.00 ns, 34.2158 us/op
WorkloadActual   7: 6432 op, 222871382.00 ns, 34.6504 us/op
WorkloadActual   8: 6432 op, 223680117.00 ns, 34.7761 us/op
WorkloadActual   9: 6432 op, 221739137.00 ns, 34.4744 us/op
WorkloadActual  10: 6432 op, 221455904.00 ns, 34.4303 us/op
WorkloadActual  11: 6432 op, 202867865.00 ns, 31.5404 us/op
WorkloadActual  12: 6432 op, 209282194.00 ns, 32.5377 us/op
WorkloadActual  13: 6432 op, 200739962.00 ns, 31.2096 us/op
WorkloadActual  14: 6432 op, 198731838.00 ns, 30.8974 us/op
WorkloadActual  15: 6432 op, 197888455.00 ns, 30.7662 us/op
WorkloadActual  16: 6432 op, 198680672.00 ns, 30.8894 us/op

// AfterActualRun
WorkloadResult   1: 6432 op, 221782589.00 ns, 34.4811 us/op
WorkloadResult   2: 6432 op, 215049113.00 ns, 33.4343 us/op
WorkloadResult   3: 6432 op, 202483678.00 ns, 31.4807 us/op
WorkloadResult   4: 6432 op, 205004424.00 ns, 31.8726 us/op
WorkloadResult   5: 6432 op, 214555548.00 ns, 33.3575 us/op
WorkloadResult   6: 6432 op, 220065207.00 ns, 34.2141 us/op
WorkloadResult   7: 6432 op, 222860792.00 ns, 34.6488 us/op
WorkloadResult   8: 6432 op, 223669527.00 ns, 34.7745 us/op
WorkloadResult   9: 6432 op, 221728547.00 ns, 34.4727 us/op
WorkloadResult  10: 6432 op, 221445314.00 ns, 34.4287 us/op
WorkloadResult  11: 6432 op, 202857275.00 ns, 31.5388 us/op
WorkloadResult  12: 6432 op, 209271604.00 ns, 32.5360 us/op
WorkloadResult  13: 6432 op, 200729372.00 ns, 31.2079 us/op
WorkloadResult  14: 6432 op, 198721248.00 ns, 30.8957 us/op
WorkloadResult  15: 6432 op, 197877865.00 ns, 30.7646 us/op
WorkloadResult  16: 6432 op, 198670082.00 ns, 30.8878 us/op
// GC:  0 0 0 0 6432
// Threading:  0 0 6432

// AfterAll
// Benchmark Process 156251 has exited with code 0.

Mean = 32.812 us, StdErr = 0.390 us (1.19%), N = 16, StdDev = 1.560 us
Min = 30.765 us, Q1 = 31.412 us, Median = 32.947 us, Q3 = 34.440 us, Max = 34.774 us
IQR = 3.027 us, LowerFence = 26.872 us, UpperFence = 38.981 us
ConfidenceInterval = [31.223 us; 34.401 us] (CI 99.9%), Margin = 1.589 us (4.84% of Mean)
Skewness = -0.03, Kurtosis = 1.16, MValue = 3.5

// ** Remained 13 (92.9 %) benchmark(s) to run. Estimated finish 2026-09-22 5:09 (0h 1m from now) **
// **************************
// Benchmark: PairHandleBenchmarks.Advance: InProcess(Toolchain=InProcessEmitToolchain) [Shape=LaneUniform]
// *** Execute ***
// Launch: 1 / 1
// ! Failed to set up priority High for process System.Diagnostics.Process (PairHandles). Make sure you have the right permissions. Message: Permission denied

// Benchmark Process Environment Information:
// BenchmarkDotNet v0.15.8
// Runtime=.NET 10.0.12 (10.0.12, 10.0.1226.42308), X64 RyuJIT x86-64-v3
// GC=Concurrent Workstation
// HardwareIntrinsics=AVX2+BMI1+BMI2+F16C+FMA+LZCNT+MOVBE,AVX,SSE3+SSSE3+SSE4.1+SSE4.2+POPCNT,X86Base+SSE+SSE2,AES+PCLMUL,AvxVnni,SERIALIZE VectorSize=256
// Job: Job-JWQWGO(Toolchain=InProcessEmitToolchain)

OverheadJitting  1: 1 op, 76569.00 ns, 76.5690 us/op
WorkloadJitting  1: 1 op, 1984123.00 ns, 1.9841 ms/op

OverheadJitting  2: 16 op, 113333.00 ns, 7.0833 us/op
WorkloadJitting  2: 16 op, 752923.00 ns, 47.0577 us/op

WorkloadPilot    1: 16 op, 598243.00 ns, 37.3902 us/op
WorkloadPilot    2: 32 op, 1117969.00 ns, 34.9365 us/op
WorkloadPilot    3: 64 op, 2203570.00 ns, 34.4308 us/op
WorkloadPilot    4: 128 op, 4399398.00 ns, 34.3703 us/op
WorkloadPilot    5: 256 op, 8664956.00 ns, 33.8475 us/op
WorkloadPilot    6: 512 op, 16912609.00 ns, 33.0324 us/op
WorkloadPilot    7: 1024 op, 33639798.00 ns, 32.8514 us/op
WorkloadPilot    8: 2048 op, 67197361.00 ns, 32.8112 us/op
WorkloadPilot    9: 4096 op, 132555116.00 ns, 32.3621 us/op
WorkloadPilot   10: 8192 op, 257564197.00 ns, 31.4409 us/op
WorkloadPilot   11: 16384 op, 562980699.00 ns, 34.3616 us/op

OverheadWarmup   1: 16384 op, 23581.00 ns, 1.4393 ns/op
OverheadWarmup   2: 16384 op, 20146.00 ns, 1.2296 ns/op
OverheadWarmup   3: 16384 op, 20396.00 ns, 1.2449 ns/op
OverheadWarmup   4: 16384 op, 20399.00 ns, 1.2451 ns/op
OverheadWarmup   5: 16384 op, 20374.00 ns, 1.2435 ns/op
OverheadWarmup   6: 16384 op, 20381.00 ns, 1.2440 ns/op
OverheadWarmup   7: 16384 op, 21095.00 ns, 1.2875 ns/op
OverheadWarmup   8: 16384 op, 21143.00 ns, 1.2905 ns/op
OverheadWarmup   9: 16384 op, 21120.00 ns, 1.2891 ns/op

OverheadActual   1: 16384 op, 21279.00 ns, 1.2988 ns/op
OverheadActual   2: 16384 op, 21283.00 ns, 1.2990 ns/op
OverheadActual   3: 16384 op, 21290.00 ns, 1.2994 ns/op
OverheadActual   4: 16384 op, 21140.00 ns, 1.2903 ns/op
OverheadActual   5: 16384 op, 21288.00 ns, 1.2993 ns/op
OverheadActual   6: 16384 op, 21142.00 ns, 1.2904 ns/op
OverheadActual   7: 16384 op, 21136.00 ns, 1.2900 ns/op
OverheadActual   8: 16384 op, 21131.00 ns, 1.2897 ns/op
OverheadActual   9: 16384 op, 21162.00 ns, 1.2916 ns/op
OverheadActual  10: 16384 op, 21127.00 ns, 1.2895 ns/op
OverheadActual  11: 16384 op, 21094.00 ns, 1.2875 ns/op
OverheadActual  12: 16384 op, 21096.00 ns, 1.2876 ns/op
OverheadActual  13: 16384 op, 21156.00 ns, 1.2913 ns/op
OverheadActual  14: 16384 op, 21129.00 ns, 1.2896 ns/op
OverheadActual  15: 16384 op, 21131.00 ns, 1.2897 ns/op

WorkloadWarmup   1: 16384 op, 521341961.00 ns, 31.8202 us/op
WorkloadWarmup   2: 16384 op, 517362777.00 ns, 31.5773 us/op
WorkloadWarmup   3: 16384 op, 555715073.00 ns, 33.9182 us/op
WorkloadWarmup   4: 16384 op, 516660384.00 ns, 31.5344 us/op
WorkloadWarmup   5: 16384 op, 524441440.00 ns, 32.0094 us/op
WorkloadWarmup   6: 16384 op, 524640547.00 ns, 32.0215 us/op
WorkloadWarmup   7: 16384 op, 517488571.00 ns, 31.5850 us/op

WorkloadActual   1: 16384 op, 518256660.00 ns, 31.6319 us/op
WorkloadActual   2: 16384 op, 514366539.00 ns, 31.3944 us/op
WorkloadActual   3: 16384 op, 530054705.00 ns, 32.3520 us/op
WorkloadActual   4: 16384 op, 546579267.00 ns, 33.3606 us/op
WorkloadActual   5: 16384 op, 517157218.00 ns, 31.5648 us/op
WorkloadActual   6: 16384 op, 515658269.00 ns, 31.4733 us/op
WorkloadActual   7: 16384 op, 515739216.00 ns, 31.4782 us/op
WorkloadActual   8: 16384 op, 515628821.00 ns, 31.4715 us/op
WorkloadActual   9: 16384 op, 515818870.00 ns, 31.4831 us/op
WorkloadActual  10: 16384 op, 515951965.00 ns, 31.4912 us/op
WorkloadActual  11: 16384 op, 514796582.00 ns, 31.4207 us/op
WorkloadActual  12: 16384 op, 553463457.00 ns, 33.7807 us/op
WorkloadActual  13: 16384 op, 524287140.00 ns, 31.9999 us/op
WorkloadActual  14: 16384 op, 530792961.00 ns, 32.3970 us/op
WorkloadActual  15: 16384 op, 570624713.00 ns, 34.8282 us/op
WorkloadActual  16: 16384 op, 515953748.00 ns, 31.4913 us/op
WorkloadActual  17: 16384 op, 571357620.00 ns, 34.8729 us/op
WorkloadActual  18: 16384 op, 535960179.00 ns, 32.7124 us/op
WorkloadActual  19: 16384 op, 514876972.00 ns, 31.4256 us/op
WorkloadActual  20: 16384 op, 515948607.00 ns, 31.4910 us/op
WorkloadActual  21: 16384 op, 515892716.00 ns, 31.4876 us/op

WorkloadResult   1: 16384 op, 518235520.00 ns, 31.6306 us/op
WorkloadResult   2: 16384 op, 514345399.00 ns, 31.3932 us/op
WorkloadResult   3: 16384 op, 530033565.00 ns, 32.3507 us/op
WorkloadResult   4: 16384 op, 546558127.00 ns, 33.3593 us/op
WorkloadResult   5: 16384 op, 517136078.00 ns, 31.5635 us/op
WorkloadResult   6: 16384 op, 515637129.00 ns, 31.4720 us/op
WorkloadResult   7: 16384 op, 515718076.00 ns, 31.4769 us/op
WorkloadResult   8: 16384 op, 515607681.00 ns, 31.4702 us/op
WorkloadResult   9: 16384 op, 515797730.00 ns, 31.4818 us/op
WorkloadResult  10: 16384 op, 515930825.00 ns, 31.4899 us/op
WorkloadResult  11: 16384 op, 514775442.00 ns, 31.4194 us/op
WorkloadResult  12: 16384 op, 524266000.00 ns, 31.9987 us/op
WorkloadResult  13: 16384 op, 530771821.00 ns, 32.3957 us/op
WorkloadResult  14: 16384 op, 515932608.00 ns, 31.4900 us/op
WorkloadResult  15: 16384 op, 535939039.00 ns, 32.7111 us/op
WorkloadResult  16: 16384 op, 514855832.00 ns, 31.4243 us/op
WorkloadResult  17: 16384 op, 515927467.00 ns, 31.4897 us/op
WorkloadResult  18: 16384 op, 515871576.00 ns, 31.4863 us/op
// GC:  0 0 0 0 16384
// Threading:  0 0 16384


Mean = 31.784 us, StdErr = 0.132 us (0.41%), N = 18, StdDev = 0.558 us
Min = 31.393 us, Q1 = 31.473 us, Median = 31.490 us, Q3 = 31.907 us, Max = 33.359 us
IQR = 0.433 us, LowerFence = 30.823 us, UpperFence = 32.557 us
ConfidenceInterval = [31.262 us; 32.305 us] (CI 99.9%), Margin = 0.522 us (1.64% of Mean)
Skewness = 1.51, Kurtosis = 4.16, MValue = 2

// ** Remained 12 (85.7 %) benchmark(s) to run. Estimated finish 2026-09-22 5:10 (0h 2m from now) **
// **************************
// Benchmark: PairHandleBenchmarks.Advance: Job-TZECNT(IterationCount=16, IterationTime=200ms, WarmupCount=8) [Shape=PairOne]
// *** Execute ***
// Launch: 1 / 1
// Execute: dotnet PairHandles-Job-TZECNT-1.dll --anonymousPipes 118 119 --benchmarkName "PairHandles.PairHandleBenchmarks.Advance(Shape: PairOne)" --job "IterationCount=16, IterationTime=200ms, WarmupCount=8" --benchmarkId 1 in /home/i/GitHub/tl-ab352-base/benchmarks/PairHandles/bin/Release/net10.0/PairHandles-Job-TZECNT-1/bin/Release/net10.0
// Failed to set up high priority (Permission denied). In order to run benchmarks with high priority, make sure you have the right permissions.
// BeforeAnythingElse

// Benchmark Process Environment Information:
// BenchmarkDotNet v0.15.8
// Runtime=.NET 10.0.12 (10.0.12, 10.0.1226.42308), X64 RyuJIT x86-64-v3
// GC=Concurrent Workstation
// HardwareIntrinsics=AVX2+BMI1+BMI2+F16C+FMA+LZCNT+MOVBE,AVX,SSE3+SSSE3+SSE4.1+SSE4.2+POPCNT,X86Base+SSE+SSE2,AES+PCLMUL,AvxVnni,SERIALIZE VectorSize=256
// Job: Job-TZECNT(IterationCount=16, IterationTime=200ms, WarmupCount=8)

OverheadJitting  1: 1 op, 84434.00 ns, 84.4340 us/op
WorkloadJitting  1: 1 op, 10733511.00 ns, 10.7335 ms/op

OverheadJitting  2: 16 op, 111679.00 ns, 6.9799 us/op
WorkloadJitting  2: 16 op, 629890.00 ns, 39.3681 us/op

WorkloadPilot    1: 16 op, 524240.00 ns, 32.7650 us/op
WorkloadPilot    2: 6112 op, 195914912.00 ns, 32.0541 us/op
WorkloadPilot    3: 6240 op, 194964995.00 ns, 31.2444 us/op
WorkloadPilot    4: 6416 op, 224711817.00 ns, 35.0237 us/op
WorkloadPilot    5: 5712 op, 199210941.00 ns, 34.8759 us/op
WorkloadPilot    6: 5744 op, 198944034.00 ns, 34.6351 us/op
WorkloadPilot    7: 5776 op, 179644357.00 ns, 31.1019 us/op
WorkloadPilot    8: 6432 op, 224448576.00 ns, 34.8956 us/op
WorkloadPilot    9: 5744 op, 191672518.00 ns, 33.3692 us/op
WorkloadPilot   10: 6000 op, 209314657.00 ns, 34.8858 us/op

OverheadWarmup   1: 6000 op, 11471.00 ns, 1.9118 ns/op
OverheadWarmup   2: 6000 op, 10666.00 ns, 1.7777 ns/op
OverheadWarmup   3: 6000 op, 10616.00 ns, 1.7693 ns/op
OverheadWarmup   4: 6000 op, 10748.00 ns, 1.7913 ns/op
OverheadWarmup   5: 6000 op, 10647.00 ns, 1.7745 ns/op
OverheadWarmup   6: 6000 op, 10792.00 ns, 1.7987 ns/op
OverheadWarmup   7: 6000 op, 10616.00 ns, 1.7693 ns/op

OverheadActual   1: 6000 op, 10824.00 ns, 1.8040 ns/op
OverheadActual   2: 6000 op, 10149.00 ns, 1.6915 ns/op
OverheadActual   3: 6000 op, 10139.00 ns, 1.6898 ns/op
OverheadActual   4: 6000 op, 10311.00 ns, 1.7185 ns/op
OverheadActual   5: 6000 op, 10083.00 ns, 1.6805 ns/op
OverheadActual   6: 6000 op, 9895.00 ns, 1.6492 ns/op
OverheadActual   7: 6000 op, 9882.00 ns, 1.6470 ns/op
OverheadActual   8: 6000 op, 9911.00 ns, 1.6518 ns/op
OverheadActual   9: 6000 op, 9895.00 ns, 1.6492 ns/op
OverheadActual  10: 6000 op, 9871.00 ns, 1.6452 ns/op
OverheadActual  11: 6000 op, 9888.00 ns, 1.6480 ns/op
OverheadActual  12: 6000 op, 9899.00 ns, 1.6498 ns/op
OverheadActual  13: 6000 op, 12581.00 ns, 2.0968 ns/op
OverheadActual  14: 6000 op, 9891.00 ns, 1.6485 ns/op
OverheadActual  15: 6000 op, 10046.00 ns, 1.6743 ns/op

WorkloadWarmup   1: 6000 op, 209368147.00 ns, 34.8947 us/op
WorkloadWarmup   2: 6000 op, 208754677.00 ns, 34.7924 us/op
WorkloadWarmup   3: 6000 op, 203346462.00 ns, 33.8911 us/op
WorkloadWarmup   4: 6000 op, 190520731.00 ns, 31.7535 us/op
WorkloadWarmup   5: 6000 op, 191063956.00 ns, 31.8440 us/op
WorkloadWarmup   6: 6000 op, 185387355.00 ns, 30.8979 us/op
WorkloadWarmup   7: 6000 op, 186337673.00 ns, 31.0563 us/op
WorkloadWarmup   8: 6000 op, 186975936.00 ns, 31.1627 us/op

// BeforeActualRun
WorkloadActual   1: 6000 op, 187096298.00 ns, 31.1827 us/op
WorkloadActual   2: 6000 op, 185874701.00 ns, 30.9791 us/op
WorkloadActual   3: 6000 op, 186846118.00 ns, 31.1410 us/op
WorkloadActual   4: 6000 op, 186255749.00 ns, 31.0426 us/op
WorkloadActual   5: 6000 op, 186733006.00 ns, 31.1222 us/op
WorkloadActual   6: 6000 op, 187500598.00 ns, 31.2501 us/op
WorkloadActual   7: 6000 op, 186546249.00 ns, 31.0910 us/op
WorkloadActual   8: 6000 op, 185934134.00 ns, 30.9890 us/op
WorkloadActual   9: 6000 op, 186419609.00 ns, 31.0699 us/op
WorkloadActual  10: 6000 op, 186104714.00 ns, 31.0175 us/op
WorkloadActual  11: 6000 op, 185905159.00 ns, 30.9842 us/op
WorkloadActual  12: 6000 op, 186919584.00 ns, 31.1533 us/op
WorkloadActual  13: 6000 op, 185998056.00 ns, 30.9997 us/op
WorkloadActual  14: 6000 op, 185290512.00 ns, 30.8818 us/op
WorkloadActual  15: 6000 op, 185683987.00 ns, 30.9473 us/op
WorkloadActual  16: 6000 op, 185068414.00 ns, 30.8447 us/op

// AfterActualRun
WorkloadResult   1: 6000 op, 187086387.00 ns, 31.1811 us/op
WorkloadResult   2: 6000 op, 185864790.00 ns, 30.9775 us/op
WorkloadResult   3: 6000 op, 186836207.00 ns, 31.1394 us/op
WorkloadResult   4: 6000 op, 186245838.00 ns, 31.0410 us/op
WorkloadResult   5: 6000 op, 186723095.00 ns, 31.1205 us/op
WorkloadResult   6: 6000 op, 187490687.00 ns, 31.2484 us/op
WorkloadResult   7: 6000 op, 186536338.00 ns, 31.0894 us/op
WorkloadResult   8: 6000 op, 185924223.00 ns, 30.9874 us/op
WorkloadResult   9: 6000 op, 186409698.00 ns, 31.0683 us/op
WorkloadResult  10: 6000 op, 186094803.00 ns, 31.0158 us/op
WorkloadResult  11: 6000 op, 185895248.00 ns, 30.9825 us/op
WorkloadResult  12: 6000 op, 186909673.00 ns, 31.1516 us/op
WorkloadResult  13: 6000 op, 185988145.00 ns, 30.9980 us/op
WorkloadResult  14: 6000 op, 185280601.00 ns, 30.8801 us/op
WorkloadResult  15: 6000 op, 185674076.00 ns, 30.9457 us/op
WorkloadResult  16: 6000 op, 185058503.00 ns, 30.8431 us/op
// GC:  0 0 0 0 6000
// Threading:  0 0 6000

// AfterAll
// Benchmark Process 156385 has exited with code 0.

Mean = 31.042 us, StdErr = 0.027 us (0.09%), N = 16, StdDev = 0.110 us
Min = 30.843 us, Q1 = 30.981 us, Median = 31.028 us, Q3 = 31.125 us, Max = 31.248 us
IQR = 0.144 us, LowerFence = 30.765 us, UpperFence = 31.341 us
ConfidenceInterval = [30.930 us; 31.154 us] (CI 99.9%), Margin = 0.112 us (0.36% of Mean)
Skewness = 0.03, Kurtosis = 2.08, MValue = 2

// ** Remained 11 (78.6 %) benchmark(s) to run. Estimated finish 2026-09-22 5:10 (0h 1m from now) **
// **************************
// Benchmark: PairHandleBenchmarks.Advance: InProcess(Toolchain=InProcessEmitToolchain) [Shape=PairOne]
// *** Execute ***
// Launch: 1 / 1
// ! Failed to set up priority High for process System.Diagnostics.Process (PairHandles). Make sure you have the right permissions. Message: Permission denied

// Benchmark Process Environment Information:
// BenchmarkDotNet v0.15.8
// Runtime=.NET 10.0.12 (10.0.12, 10.0.1226.42308), X64 RyuJIT x86-64-v3
// GC=Concurrent Workstation
// HardwareIntrinsics=AVX2+BMI1+BMI2+F16C+FMA+LZCNT+MOVBE,AVX,SSE3+SSSE3+SSE4.1+SSE4.2+POPCNT,X86Base+SSE+SSE2,AES+PCLMUL,AvxVnni,SERIALIZE VectorSize=256
// Job: Job-JWQWGO(Toolchain=InProcessEmitToolchain)

OverheadJitting  1: 1 op, 123566.00 ns, 123.5660 us/op
WorkloadJitting  1: 1 op, 121639.00 ns, 121.6390 us/op

OverheadJitting  2: 16 op, 114240.00 ns, 7.1400 us/op
WorkloadJitting  2: 16 op, 575279.00 ns, 35.9549 us/op

WorkloadPilot    1: 16 op, 513510.00 ns, 32.0944 us/op
WorkloadPilot    2: 32 op, 997725.00 ns, 31.1789 us/op
WorkloadPilot    3: 64 op, 1945892.00 ns, 30.4046 us/op
WorkloadPilot    4: 128 op, 3697416.00 ns, 28.8861 us/op
WorkloadPilot    5: 256 op, 7688976.00 ns, 30.0351 us/op
WorkloadPilot    6: 512 op, 15087270.00 ns, 29.4673 us/op
WorkloadPilot    7: 1024 op, 29627682.00 ns, 28.9333 us/op
WorkloadPilot    8: 2048 op, 58934203.00 ns, 28.7765 us/op
WorkloadPilot    9: 4096 op, 117692939.00 ns, 28.7336 us/op
WorkloadPilot   10: 8192 op, 234206491.00 ns, 28.5897 us/op
WorkloadPilot   11: 16384 op, 472847005.00 ns, 28.8603 us/op
WorkloadPilot   12: 32768 op, 965632168.00 ns, 29.4688 us/op

OverheadWarmup   1: 32768 op, 48319.00 ns, 1.4746 ns/op
OverheadWarmup   2: 32768 op, 43042.00 ns, 1.3135 ns/op
OverheadWarmup   3: 32768 op, 42282.00 ns, 1.2903 ns/op
OverheadWarmup   4: 32768 op, 42095.00 ns, 1.2846 ns/op
OverheadWarmup   5: 32768 op, 42102.00 ns, 1.2849 ns/op
OverheadWarmup   6: 32768 op, 42100.00 ns, 1.2848 ns/op
OverheadWarmup   7: 32768 op, 42091.00 ns, 1.2845 ns/op
OverheadWarmup   8: 32768 op, 42064.00 ns, 1.2837 ns/op
OverheadWarmup   9: 32768 op, 42158.00 ns, 1.2866 ns/op
OverheadWarmup  10: 32768 op, 42069.00 ns, 1.2838 ns/op

OverheadActual   1: 32768 op, 42062.00 ns, 1.2836 ns/op
OverheadActual   2: 32768 op, 42063.00 ns, 1.2837 ns/op
OverheadActual   3: 32768 op, 42054.00 ns, 1.2834 ns/op
OverheadActual   4: 32768 op, 42084.00 ns, 1.2843 ns/op
OverheadActual   5: 32768 op, 42102.00 ns, 1.2849 ns/op
OverheadActual   6: 32768 op, 42125.00 ns, 1.2856 ns/op
OverheadActual   7: 32768 op, 42063.00 ns, 1.2837 ns/op
OverheadActual   8: 32768 op, 42095.00 ns, 1.2846 ns/op
OverheadActual   9: 32768 op, 42087.00 ns, 1.2844 ns/op
OverheadActual  10: 32768 op, 42081.00 ns, 1.2842 ns/op
OverheadActual  11: 32768 op, 42051.00 ns, 1.2833 ns/op
OverheadActual  12: 32768 op, 42054.00 ns, 1.2834 ns/op
OverheadActual  13: 32768 op, 42093.00 ns, 1.2846 ns/op
OverheadActual  14: 32768 op, 42071.00 ns, 1.2839 ns/op
OverheadActual  15: 32768 op, 42112.00 ns, 1.2852 ns/op

WorkloadWarmup   1: 32768 op, 972361297.00 ns, 29.6741 us/op
WorkloadWarmup   2: 32768 op, 1058292118.00 ns, 32.2965 us/op
WorkloadWarmup   3: 32768 op, 925308486.00 ns, 28.2382 us/op
WorkloadWarmup   4: 32768 op, 936182840.00 ns, 28.5700 us/op
WorkloadWarmup   5: 32768 op, 933701977.00 ns, 28.4943 us/op
WorkloadWarmup   6: 32768 op, 934496567.00 ns, 28.5186 us/op

WorkloadActual   1: 32768 op, 932334165.00 ns, 28.4526 us/op
WorkloadActual   2: 32768 op, 934684745.00 ns, 28.5243 us/op
WorkloadActual   3: 32768 op, 931774729.00 ns, 28.4355 us/op
WorkloadActual   4: 32768 op, 925246087.00 ns, 28.2363 us/op
WorkloadActual   5: 32768 op, 933151547.00 ns, 28.4775 us/op
WorkloadActual   6: 32768 op, 935766889.00 ns, 28.5573 us/op
WorkloadActual   7: 32768 op, 938306303.00 ns, 28.6348 us/op
WorkloadActual   8: 32768 op, 931543502.00 ns, 28.4285 us/op
WorkloadActual   9: 32768 op, 984468345.00 ns, 30.0436 us/op
WorkloadActual  10: 32768 op, 966550485.00 ns, 29.4968 us/op
WorkloadActual  11: 32768 op, 1128669158.00 ns, 34.4442 us/op
WorkloadActual  12: 32768 op, 948467547.00 ns, 28.9449 us/op
WorkloadActual  13: 32768 op, 935972644.00 ns, 28.5636 us/op
WorkloadActual  14: 32768 op, 933302728.00 ns, 28.4821 us/op
WorkloadActual  15: 32768 op, 933967522.00 ns, 28.5024 us/op

WorkloadResult   1: 32768 op, 932292084.00 ns, 28.4513 us/op
WorkloadResult   2: 32768 op, 934642664.00 ns, 28.5230 us/op
WorkloadResult   3: 32768 op, 931732648.00 ns, 28.4342 us/op
WorkloadResult   4: 32768 op, 925204006.00 ns, 28.2350 us/op
WorkloadResult   5: 32768 op, 933109466.00 ns, 28.4762 us/op
WorkloadResult   6: 32768 op, 935724808.00 ns, 28.5561 us/op
WorkloadResult   7: 32768 op, 938264222.00 ns, 28.6336 us/op
WorkloadResult   8: 32768 op, 931501421.00 ns, 28.4272 us/op
WorkloadResult   9: 32768 op, 948425466.00 ns, 28.9436 us/op
WorkloadResult  10: 32768 op, 935930563.00 ns, 28.5623 us/op
WorkloadResult  11: 32768 op, 933260647.00 ns, 28.4809 us/op
WorkloadResult  12: 32768 op, 933925441.00 ns, 28.5011 us/op
// GC:  0 0 0 4656 32768
// Threading:  0 0 32768


Mean = 28.519 us, StdErr = 0.048 us (0.17%), N = 12, StdDev = 0.165 us
Min = 28.235 us, Q1 = 28.447 us, Median = 28.491 us, Q3 = 28.558 us, Max = 28.944 us
IQR = 0.111 us, LowerFence = 28.281 us, UpperFence = 28.724 us
ConfidenceInterval = [28.307 us; 28.731 us] (CI 99.9%), Margin = 0.212 us (0.74% of Mean)
Skewness = 0.99, Kurtosis = 4.38, MValue = 2

// ** Remained 10 (71.4 %) benchmark(s) to run. Estimated finish 2026-09-22 5:11 (0h 2m from now) **
// **************************
// Benchmark: PairHandleBenchmarks.Advance: Job-TZECNT(IterationCount=16, IterationTime=200ms, WarmupCount=8) [Shape=PairRuns8]
// *** Execute ***
// Launch: 1 / 1
// Execute: dotnet PairHandles-Job-TZECNT-1.dll --anonymousPipes 118 119 --benchmarkName "PairHandles.PairHandleBenchmarks.Advance(Shape: PairRuns8)" --job "IterationCount=16, IterationTime=200ms, WarmupCount=8" --benchmarkId 2 in /home/i/GitHub/tl-ab352-base/benchmarks/PairHandles/bin/Release/net10.0/PairHandles-Job-TZECNT-1/bin/Release/net10.0
// Failed to set up high priority (Permission denied). In order to run benchmarks with high priority, make sure you have the right permissions.
// BeforeAnythingElse

// Benchmark Process Environment Information:
// BenchmarkDotNet v0.15.8
// Runtime=.NET 10.0.12 (10.0.12, 10.0.1226.42308), X64 RyuJIT x86-64-v3
// GC=Concurrent Workstation
// HardwareIntrinsics=AVX2+BMI1+BMI2+F16C+FMA+LZCNT+MOVBE,AVX,SSE3+SSSE3+SSE4.1+SSE4.2+POPCNT,X86Base+SSE+SSE2,AES+PCLMUL,AvxVnni,SERIALIZE VectorSize=256
// Job: Job-TZECNT(IterationCount=16, IterationTime=200ms, WarmupCount=8)

OverheadJitting  1: 1 op, 80214.00 ns, 80.2140 us/op
WorkloadJitting  1: 1 op, 15608081.00 ns, 15.6081 ms/op

WorkloadPilot    1: 4 op, 1072730.00 ns, 268.1825 us/op
WorkloadPilot    2: 746 op, 30204699.00 ns, 40.4889 us/op
WorkloadPilot    3: 4940 op, 187555010.00 ns, 37.9666 us/op
WorkloadPilot    4: 5268 op, 208205471.00 ns, 39.5227 us/op
WorkloadPilot    5: 5060 op, 192679734.00 ns, 38.0790 us/op
WorkloadPilot    6: 5252 op, 194571993.00 ns, 37.0472 us/op
WorkloadPilot    7: 5399 op, 202862562.00 ns, 37.5741 us/op
WorkloadPilot    8: 5323 op, 199896274.00 ns, 37.5533 us/op
WorkloadPilot    9: 5326 op, 203637722.00 ns, 38.2346 us/op

WorkloadWarmup   1: 5326 op, 201200465.00 ns, 37.7770 us/op
WorkloadWarmup   2: 5326 op, 200713259.00 ns, 37.6856 us/op
WorkloadWarmup   3: 5326 op, 200875338.00 ns, 37.7160 us/op
WorkloadWarmup   4: 5326 op, 200854456.00 ns, 37.7121 us/op
WorkloadWarmup   5: 5326 op, 204811802.00 ns, 38.4551 us/op
WorkloadWarmup   6: 5326 op, 199861249.00 ns, 37.5256 us/op
WorkloadWarmup   7: 5326 op, 199048994.00 ns, 37.3731 us/op
WorkloadWarmup   8: 5326 op, 196785735.00 ns, 36.9481 us/op

// BeforeActualRun
WorkloadActual   1: 5326 op, 201155915.00 ns, 37.7687 us/op
WorkloadActual   2: 5326 op, 206971311.00 ns, 38.8606 us/op
WorkloadActual   3: 5326 op, 204730141.00 ns, 38.4398 us/op
WorkloadActual   4: 5326 op, 197813315.00 ns, 37.1411 us/op
WorkloadActual   5: 5326 op, 194220456.00 ns, 36.4665 us/op
WorkloadActual   6: 5326 op, 194343713.00 ns, 36.4896 us/op
WorkloadActual   7: 5326 op, 194973977.00 ns, 36.6080 us/op
WorkloadActual   8: 5326 op, 193945612.00 ns, 36.4149 us/op
WorkloadActual   9: 5326 op, 197910102.00 ns, 37.1592 us/op
WorkloadActual  10: 5326 op, 197144474.00 ns, 37.0155 us/op
WorkloadActual  11: 5326 op, 195050941.00 ns, 36.6224 us/op
WorkloadActual  12: 5326 op, 198035877.00 ns, 37.1829 us/op
WorkloadActual  13: 5326 op, 196157315.00 ns, 36.8301 us/op
WorkloadActual  14: 5326 op, 195907002.00 ns, 36.7831 us/op
WorkloadActual  15: 5326 op, 195518695.00 ns, 36.7102 us/op
WorkloadActual  16: 5326 op, 197529582.00 ns, 37.0878 us/op

// AfterActualRun
WorkloadResult   1: 5326 op, 201155915.00 ns, 37.7687 us/op
WorkloadResult   2: 5326 op, 197813315.00 ns, 37.1411 us/op
WorkloadResult   3: 5326 op, 194220456.00 ns, 36.4665 us/op
WorkloadResult   4: 5326 op, 194343713.00 ns, 36.4896 us/op
WorkloadResult   5: 5326 op, 194973977.00 ns, 36.6080 us/op
WorkloadResult   6: 5326 op, 193945612.00 ns, 36.4149 us/op
WorkloadResult   7: 5326 op, 197910102.00 ns, 37.1592 us/op
WorkloadResult   8: 5326 op, 197144474.00 ns, 37.0155 us/op
WorkloadResult   9: 5326 op, 195050941.00 ns, 36.6224 us/op
WorkloadResult  10: 5326 op, 198035877.00 ns, 37.1829 us/op
WorkloadResult  11: 5326 op, 196157315.00 ns, 36.8301 us/op
WorkloadResult  12: 5326 op, 195907002.00 ns, 36.7831 us/op
WorkloadResult  13: 5326 op, 195518695.00 ns, 36.7102 us/op
WorkloadResult  14: 5326 op, 197529582.00 ns, 37.0878 us/op
// GC:  0 0 0 0 5326
// Threading:  0 0 5326

// AfterAll
// Benchmark Process 156468 has exited with code 0.

Mean = 36.877 us, StdErr = 0.100 us (0.27%), N = 14, StdDev = 0.373 us
Min = 36.415 us, Q1 = 36.612 us, Median = 36.807 us, Q3 = 37.128 us, Max = 37.769 us
IQR = 0.516 us, LowerFence = 35.837 us, UpperFence = 37.902 us
ConfidenceInterval = [36.456 us; 37.298 us] (CI 99.9%), Margin = 0.421 us (1.14% of Mean)
Skewness = 0.72, Kurtosis = 2.8, MValue = 2

// ** Remained 9 (64.3 %) benchmark(s) to run. Estimated finish 2026-09-22 5:10 (0h 1m from now) **
// **************************
// Benchmark: PairHandleBenchmarks.Advance: InProcess(Toolchain=InProcessEmitToolchain) [Shape=PairRuns8]
// *** Execute ***
// Launch: 1 / 1
// ! Failed to set up priority High for process System.Diagnostics.Process (PairHandles). Make sure you have the right permissions. Message: Permission denied

// Benchmark Process Environment Information:
// BenchmarkDotNet v0.15.8
// Runtime=.NET 10.0.12 (10.0.12, 10.0.1226.42308), X64 RyuJIT x86-64-v3
// GC=Concurrent Workstation
// HardwareIntrinsics=AVX2+BMI1+BMI2+F16C+FMA+LZCNT+MOVBE,AVX,SSE3+SSSE3+SSE4.1+SSE4.2+POPCNT,X86Base+SSE+SSE2,AES+PCLMUL,AvxVnni,SERIALIZE VectorSize=256
// Job: Job-JWQWGO(Toolchain=InProcessEmitToolchain)

OverheadJitting  1: 1 op, 101707.00 ns, 101.7070 us/op
WorkloadJitting  1: 1 op, 135948.00 ns, 135.9480 us/op

OverheadJitting  2: 16 op, 107870.00 ns, 6.7419 us/op
WorkloadJitting  2: 16 op, 729848.00 ns, 45.6155 us/op

WorkloadPilot    1: 16 op, 618333.00 ns, 38.6458 us/op
WorkloadPilot    2: 32 op, 1236027.00 ns, 38.6258 us/op
WorkloadPilot    3: 64 op, 2404453.00 ns, 37.5696 us/op
WorkloadPilot    4: 128 op, 4730369.00 ns, 36.9560 us/op
WorkloadPilot    5: 256 op, 9442145.00 ns, 36.8834 us/op
WorkloadPilot    6: 512 op, 19007779.00 ns, 37.1246 us/op
WorkloadPilot    7: 1024 op, 37115453.00 ns, 36.2456 us/op
WorkloadPilot    8: 2048 op, 75179172.00 ns, 36.7086 us/op
WorkloadPilot    9: 4096 op, 149522121.00 ns, 36.5044 us/op
WorkloadPilot   10: 8192 op, 304080129.00 ns, 37.1192 us/op
WorkloadPilot   11: 16384 op, 595307876.00 ns, 36.3347 us/op

OverheadWarmup   1: 16384 op, 24539.00 ns, 1.4977 ns/op
OverheadWarmup   2: 16384 op, 22728.00 ns, 1.3872 ns/op
OverheadWarmup   3: 16384 op, 22840.00 ns, 1.3940 ns/op
OverheadWarmup   4: 16384 op, 21240.00 ns, 1.2964 ns/op
OverheadWarmup   5: 16384 op, 21065.00 ns, 1.2857 ns/op
OverheadWarmup   6: 16384 op, 21041.00 ns, 1.2842 ns/op
OverheadWarmup   7: 16384 op, 21074.00 ns, 1.2863 ns/op
OverheadWarmup   8: 16384 op, 21091.00 ns, 1.2873 ns/op
OverheadWarmup   9: 16384 op, 21129.00 ns, 1.2896 ns/op
OverheadWarmup  10: 16384 op, 21059.00 ns, 1.2853 ns/op

OverheadActual   1: 16384 op, 21073.00 ns, 1.2862 ns/op
OverheadActual   2: 16384 op, 21074.00 ns, 1.2863 ns/op
OverheadActual   3: 16384 op, 21083.00 ns, 1.2868 ns/op
OverheadActual   4: 16384 op, 21051.00 ns, 1.2849 ns/op
OverheadActual   5: 16384 op, 21053.00 ns, 1.2850 ns/op
OverheadActual   6: 16384 op, 21037.00 ns, 1.2840 ns/op
OverheadActual   7: 16384 op, 21108.00 ns, 1.2883 ns/op
OverheadActual   8: 16384 op, 21054.00 ns, 1.2850 ns/op
OverheadActual   9: 16384 op, 21052.00 ns, 1.2849 ns/op
OverheadActual  10: 16384 op, 21069.00 ns, 1.2859 ns/op
OverheadActual  11: 16384 op, 21079.00 ns, 1.2866 ns/op
OverheadActual  12: 16384 op, 21064.00 ns, 1.2856 ns/op
OverheadActual  13: 16384 op, 21061.00 ns, 1.2855 ns/op
OverheadActual  14: 16384 op, 21088.00 ns, 1.2871 ns/op
OverheadActual  15: 16384 op, 21059.00 ns, 1.2853 ns/op

WorkloadWarmup   1: 16384 op, 595663516.00 ns, 36.3564 us/op
WorkloadWarmup   2: 16384 op, 595376510.00 ns, 36.3389 us/op
WorkloadWarmup   3: 16384 op, 596208195.00 ns, 36.3897 us/op
WorkloadWarmup   4: 16384 op, 594969637.00 ns, 36.3141 us/op
WorkloadWarmup   5: 16384 op, 595316744.00 ns, 36.3353 us/op
WorkloadWarmup   6: 16384 op, 594919757.00 ns, 36.3110 us/op

WorkloadActual   1: 16384 op, 598273594.00 ns, 36.5157 us/op
WorkloadActual   2: 16384 op, 598067373.00 ns, 36.5031 us/op
WorkloadActual   3: 16384 op, 594554518.00 ns, 36.2887 us/op
WorkloadActual   4: 16384 op, 597676201.00 ns, 36.4793 us/op
WorkloadActual   5: 16384 op, 594824036.00 ns, 36.3052 us/op
WorkloadActual   6: 16384 op, 594960882.00 ns, 36.3135 us/op
WorkloadActual   7: 16384 op, 595994851.00 ns, 36.3766 us/op
WorkloadActual   8: 16384 op, 594348495.00 ns, 36.2762 us/op
WorkloadActual   9: 16384 op, 594542224.00 ns, 36.2880 us/op
WorkloadActual  10: 16384 op, 594095358.00 ns, 36.2607 us/op
WorkloadActual  11: 16384 op, 597906434.00 ns, 36.4933 us/op
WorkloadActual  12: 16384 op, 594544042.00 ns, 36.2881 us/op
WorkloadActual  13: 16384 op, 595005175.00 ns, 36.3162 us/op
WorkloadActual  14: 16384 op, 601435348.00 ns, 36.7087 us/op
WorkloadActual  15: 16384 op, 595930729.00 ns, 36.3727 us/op

WorkloadResult   1: 16384 op, 598252530.00 ns, 36.5144 us/op
WorkloadResult   2: 16384 op, 598046309.00 ns, 36.5018 us/op
WorkloadResult   3: 16384 op, 594533454.00 ns, 36.2874 us/op
WorkloadResult   4: 16384 op, 597655137.00 ns, 36.4780 us/op
WorkloadResult   5: 16384 op, 594802972.00 ns, 36.3039 us/op
WorkloadResult   6: 16384 op, 594939818.00 ns, 36.3122 us/op
WorkloadResult   7: 16384 op, 595973787.00 ns, 36.3754 us/op
WorkloadResult   8: 16384 op, 594327431.00 ns, 36.2749 us/op
WorkloadResult   9: 16384 op, 594521160.00 ns, 36.2867 us/op
WorkloadResult  10: 16384 op, 594074294.00 ns, 36.2594 us/op
WorkloadResult  11: 16384 op, 597885370.00 ns, 36.4920 us/op
WorkloadResult  12: 16384 op, 594522978.00 ns, 36.2868 us/op
WorkloadResult  13: 16384 op, 594984111.00 ns, 36.3149 us/op
WorkloadResult  14: 16384 op, 601414284.00 ns, 36.7074 us/op
WorkloadResult  15: 16384 op, 595909665.00 ns, 36.3714 us/op
// GC:  0 0 0 4656 16384
// Threading:  0 0 16384


Mean = 36.384 us, StdErr = 0.033 us (0.09%), N = 15, StdDev = 0.128 us
Min = 36.259 us, Q1 = 36.287 us, Median = 36.315 us, Q3 = 36.485 us, Max = 36.707 us
IQR = 0.198 us, LowerFence = 35.990 us, UpperFence = 36.782 us
ConfidenceInterval = [36.248 us; 36.521 us] (CI 99.9%), Margin = 0.136 us (0.38% of Mean)
Skewness = 1.03, Kurtosis = 3.09, MValue = 2

// ** Remained 8 (57.1 %) benchmark(s) to run. Estimated finish 2026-09-22 5:10 (0h 1m from now) **
// **************************
// Benchmark: PairHandleBenchmarks.Advance: Job-TZECNT(IterationCount=16, IterationTime=200ms, WarmupCount=8) [Shape=PairAlternating8]
// *** Execute ***
// Launch: 1 / 1
// Execute: dotnet PairHandles-Job-TZECNT-1.dll --anonymousPipes 118 119 --benchmarkName "PairHandles.PairHandleBenchmarks.Advance(Shape: PairAlternating8)" --job "IterationCount=16, IterationTime=200ms, WarmupCount=8" --benchmarkId 3 in /home/i/GitHub/tl-ab352-base/benchmarks/PairHandles/bin/Release/net10.0/PairHandles-Job-TZECNT-1/bin/Release/net10.0
// Failed to set up high priority (Permission denied). In order to run benchmarks with high priority, make sure you have the right permissions.
// BeforeAnythingElse

// Benchmark Process Environment Information:
// BenchmarkDotNet v0.15.8
// Runtime=.NET 10.0.12 (10.0.12, 10.0.1226.42308), X64 RyuJIT x86-64-v3
// GC=Concurrent Workstation
// HardwareIntrinsics=AVX2+BMI1+BMI2+F16C+FMA+LZCNT+MOVBE,AVX,SSE3+SSSE3+SSE4.1+SSE4.2+POPCNT,X86Base+SSE+SSE2,AES+PCLMUL,AvxVnni,SERIALIZE VectorSize=256
// Job: Job-TZECNT(IterationCount=16, IterationTime=200ms, WarmupCount=8)

OverheadJitting  1: 1 op, 77687.00 ns, 77.6870 us/op
WorkloadJitting  1: 1 op, 13917125.00 ns, 13.9171 ms/op

WorkloadPilot    1: 4 op, 314973.00 ns, 78.7433 us/op
WorkloadPilot    2: 2540 op, 180722635.00 ns, 71.1506 us/op
WorkloadPilot    3: 2811 op, 198255579.00 ns, 70.5285 us/op
WorkloadPilot    4: 2836 op, 201664133.00 ns, 71.1087 us/op
WorkloadPilot    5: 2813 op, 196684393.00 ns, 69.9198 us/op
WorkloadPilot    6: 2860 op, 188688785.00 ns, 65.9751 us/op
WorkloadPilot    7: 3031 op, 200395103.00 ns, 66.1152 us/op
WorkloadPilot    8: 3025 op, 198382574.00 ns, 65.5810 us/op
WorkloadPilot    9: 3050 op, 201932021.00 ns, 66.2072 us/op

WorkloadWarmup   1: 3050 op, 198553971.00 ns, 65.0997 us/op
WorkloadWarmup   2: 3050 op, 199223282.00 ns, 65.3191 us/op
WorkloadWarmup   3: 3050 op, 199470816.00 ns, 65.4003 us/op
WorkloadWarmup   4: 3050 op, 197152404.00 ns, 64.6401 us/op
WorkloadWarmup   5: 3050 op, 201810341.00 ns, 66.1673 us/op
WorkloadWarmup   6: 3050 op, 198196913.00 ns, 64.9826 us/op
WorkloadWarmup   7: 3050 op, 200060702.00 ns, 65.5937 us/op
WorkloadWarmup   8: 3050 op, 198843770.00 ns, 65.1947 us/op

// BeforeActualRun
WorkloadActual   1: 3050 op, 197808519.00 ns, 64.8553 us/op
WorkloadActual   2: 3050 op, 203091338.00 ns, 66.5873 us/op
WorkloadActual   3: 3050 op, 200405726.00 ns, 65.7068 us/op
WorkloadActual   4: 3050 op, 200405264.00 ns, 65.7066 us/op
WorkloadActual   5: 3050 op, 199482686.00 ns, 65.4042 us/op
WorkloadActual   6: 3050 op, 197806757.00 ns, 64.8547 us/op
WorkloadActual   7: 3050 op, 198736703.00 ns, 65.1596 us/op
WorkloadActual   8: 3050 op, 200029846.00 ns, 65.5836 us/op
WorkloadActual   9: 3050 op, 202078653.00 ns, 66.2553 us/op
WorkloadActual  10: 3050 op, 200010353.00 ns, 65.5772 us/op
WorkloadActual  11: 3050 op, 201540966.00 ns, 66.0790 us/op
WorkloadActual  12: 3050 op, 203072196.00 ns, 66.5810 us/op
WorkloadActual  13: 3050 op, 198006348.00 ns, 64.9201 us/op
WorkloadActual  14: 3050 op, 199353177.00 ns, 65.3617 us/op
WorkloadActual  15: 3050 op, 199228424.00 ns, 65.3208 us/op
WorkloadActual  16: 3050 op, 196592764.00 ns, 64.4566 us/op

// AfterActualRun
WorkloadResult   1: 3050 op, 197808519.00 ns, 64.8553 us/op
WorkloadResult   2: 3050 op, 203091338.00 ns, 66.5873 us/op
WorkloadResult   3: 3050 op, 200405726.00 ns, 65.7068 us/op
WorkloadResult   4: 3050 op, 200405264.00 ns, 65.7066 us/op
WorkloadResult   5: 3050 op, 199482686.00 ns, 65.4042 us/op
WorkloadResult   6: 3050 op, 197806757.00 ns, 64.8547 us/op
WorkloadResult   7: 3050 op, 198736703.00 ns, 65.1596 us/op
WorkloadResult   8: 3050 op, 200029846.00 ns, 65.5836 us/op
WorkloadResult   9: 3050 op, 202078653.00 ns, 66.2553 us/op
WorkloadResult  10: 3050 op, 200010353.00 ns, 65.5772 us/op
WorkloadResult  11: 3050 op, 201540966.00 ns, 66.0790 us/op
WorkloadResult  12: 3050 op, 203072196.00 ns, 66.5810 us/op
WorkloadResult  13: 3050 op, 198006348.00 ns, 64.9201 us/op
WorkloadResult  14: 3050 op, 199353177.00 ns, 65.3617 us/op
WorkloadResult  15: 3050 op, 199228424.00 ns, 65.3208 us/op
WorkloadResult  16: 3050 op, 196592764.00 ns, 64.4566 us/op
// GC:  0 0 0 0 3050
// Threading:  0 0 3050

// AfterAll
// Benchmark Process 156513 has exited with code 0.

Mean = 65.526 us, StdErr = 0.155 us (0.24%), N = 16, StdDev = 0.621 us
Min = 64.457 us, Q1 = 65.100 us, Median = 65.491 us, Q3 = 65.800 us, Max = 66.587 us
IQR = 0.700 us, LowerFence = 64.050 us, UpperFence = 66.850 us
ConfidenceInterval = [64.894 us; 66.158 us] (CI 99.9%), Margin = 0.632 us (0.96% of Mean)
Skewness = 0.22, Kurtosis = 2, MValue = 2

// ** Remained 7 (50.0 %) benchmark(s) to run. Estimated finish 2026-09-22 5:10 (0h 1m from now) **
// **************************
// Benchmark: PairHandleBenchmarks.Advance: InProcess(Toolchain=InProcessEmitToolchain) [Shape=PairAlternating8]
// *** Execute ***
// Launch: 1 / 1
// ! Failed to set up priority High for process System.Diagnostics.Process (PairHandles). Make sure you have the right permissions. Message: Permission denied

// Benchmark Process Environment Information:
// BenchmarkDotNet v0.15.8
// Runtime=.NET 10.0.12 (10.0.12, 10.0.1226.42308), X64 RyuJIT x86-64-v3
// GC=Concurrent Workstation
// HardwareIntrinsics=AVX2+BMI1+BMI2+F16C+FMA+LZCNT+MOVBE,AVX,SSE3+SSSE3+SSE4.1+SSE4.2+POPCNT,X86Base+SSE+SSE2,AES+PCLMUL,AvxVnni,SERIALIZE VectorSize=256
// Job: Job-JWQWGO(Toolchain=InProcessEmitToolchain)

OverheadJitting  1: 1 op, 145084.00 ns, 145.0840 us/op
WorkloadJitting  1: 1 op, 178311.00 ns, 178.3110 us/op

OverheadJitting  2: 16 op, 102549.00 ns, 6.4093 us/op
WorkloadJitting  2: 16 op, 1199779.00 ns, 74.9862 us/op

WorkloadPilot    1: 16 op, 1067408.00 ns, 66.7130 us/op
WorkloadPilot    2: 32 op, 2127727.00 ns, 66.4915 us/op
WorkloadPilot    3: 64 op, 4247287.00 ns, 66.3639 us/op
WorkloadPilot    4: 128 op, 8510575.00 ns, 66.4889 us/op
WorkloadPilot    5: 256 op, 16979634.00 ns, 66.3267 us/op
WorkloadPilot    6: 512 op, 33766528.00 ns, 65.9503 us/op
WorkloadPilot    7: 1024 op, 67097864.00 ns, 65.5253 us/op
WorkloadPilot    8: 2048 op, 132569015.00 ns, 64.7310 us/op
WorkloadPilot    9: 4096 op, 266321603.00 ns, 65.0199 us/op
WorkloadPilot   10: 8192 op, 531908529.00 ns, 64.9302 us/op

OverheadWarmup   1: 8192 op, 12114.00 ns, 1.4788 ns/op
OverheadWarmup   2: 8192 op, 10218.00 ns, 1.2473 ns/op
OverheadWarmup   3: 8192 op, 10217.00 ns, 1.2472 ns/op
OverheadWarmup   4: 8192 op, 10232.00 ns, 1.2490 ns/op
OverheadWarmup   5: 8192 op, 10187.00 ns, 1.2435 ns/op
OverheadWarmup   6: 8192 op, 10176.00 ns, 1.2422 ns/op
OverheadWarmup   7: 8192 op, 10187.00 ns, 1.2435 ns/op
OverheadWarmup   8: 8192 op, 10180.00 ns, 1.2427 ns/op

OverheadActual   1: 8192 op, 10274.00 ns, 1.2542 ns/op
OverheadActual   2: 8192 op, 10557.00 ns, 1.2887 ns/op
OverheadActual   3: 8192 op, 10537.00 ns, 1.2863 ns/op
OverheadActual   4: 8192 op, 10570.00 ns, 1.2903 ns/op
OverheadActual   5: 8192 op, 10557.00 ns, 1.2887 ns/op
OverheadActual   6: 8192 op, 10560.00 ns, 1.2891 ns/op
OverheadActual   7: 8192 op, 10547.00 ns, 1.2875 ns/op
OverheadActual   8: 8192 op, 10563.00 ns, 1.2894 ns/op
OverheadActual   9: 8192 op, 10560.00 ns, 1.2891 ns/op
OverheadActual  10: 8192 op, 10566.00 ns, 1.2898 ns/op
OverheadActual  11: 8192 op, 10569.00 ns, 1.2902 ns/op
OverheadActual  12: 8192 op, 10550.00 ns, 1.2878 ns/op
OverheadActual  13: 8192 op, 10540.00 ns, 1.2866 ns/op
OverheadActual  14: 8192 op, 10560.00 ns, 1.2891 ns/op
OverheadActual  15: 8192 op, 10562.00 ns, 1.2893 ns/op

WorkloadWarmup   1: 8192 op, 534315208.00 ns, 65.2240 us/op
WorkloadWarmup   2: 8192 op, 532626637.00 ns, 65.0179 us/op
WorkloadWarmup   3: 8192 op, 533674683.00 ns, 65.1458 us/op
WorkloadWarmup   4: 8192 op, 534090255.00 ns, 65.1966 us/op
WorkloadWarmup   5: 8192 op, 564550131.00 ns, 68.9148 us/op
WorkloadWarmup   6: 8192 op, 551482292.00 ns, 67.3196 us/op
WorkloadWarmup   7: 8192 op, 535261727.00 ns, 65.3396 us/op
WorkloadWarmup   8: 8192 op, 537738448.00 ns, 65.6419 us/op
WorkloadWarmup   9: 8192 op, 532614221.00 ns, 65.0164 us/op

WorkloadActual   1: 8192 op, 532429752.00 ns, 64.9939 us/op
WorkloadActual   2: 8192 op, 534932654.00 ns, 65.2994 us/op
WorkloadActual   3: 8192 op, 534517394.00 ns, 65.2487 us/op
WorkloadActual   4: 8192 op, 535249418.00 ns, 65.3381 us/op
WorkloadActual   5: 8192 op, 542191354.00 ns, 66.1855 us/op
WorkloadActual   6: 8192 op, 541454195.00 ns, 66.0955 us/op
WorkloadActual   7: 8192 op, 545876171.00 ns, 66.6353 us/op
WorkloadActual   8: 8192 op, 549237323.00 ns, 67.0456 us/op
WorkloadActual   9: 8192 op, 571155449.00 ns, 69.7211 us/op
WorkloadActual  10: 8192 op, 573913077.00 ns, 70.0577 us/op
WorkloadActual  11: 8192 op, 559663434.00 ns, 68.3183 us/op
WorkloadActual  12: 8192 op, 540163995.00 ns, 65.9380 us/op
WorkloadActual  13: 8192 op, 543367823.00 ns, 66.3291 us/op
WorkloadActual  14: 8192 op, 542775939.00 ns, 66.2568 us/op
WorkloadActual  15: 8192 op, 575691377.00 ns, 70.2748 us/op
WorkloadActual  16: 8192 op, 564499064.00 ns, 68.9086 us/op
WorkloadActual  17: 8192 op, 537231956.00 ns, 65.5801 us/op
WorkloadActual  18: 8192 op, 530483433.00 ns, 64.7563 us/op
WorkloadActual  19: 8192 op, 532555817.00 ns, 65.0093 us/op
WorkloadActual  20: 8192 op, 531084475.00 ns, 64.8296 us/op
WorkloadActual  21: 8192 op, 533857725.00 ns, 65.1682 us/op

WorkloadResult   1: 8192 op, 532419192.00 ns, 64.9926 us/op
WorkloadResult   2: 8192 op, 534922094.00 ns, 65.2981 us/op
WorkloadResult   3: 8192 op, 534506834.00 ns, 65.2474 us/op
WorkloadResult   4: 8192 op, 535238858.00 ns, 65.3368 us/op
WorkloadResult   5: 8192 op, 542180794.00 ns, 66.1842 us/op
WorkloadResult   6: 8192 op, 541443635.00 ns, 66.0942 us/op
WorkloadResult   7: 8192 op, 545865611.00 ns, 66.6340 us/op
WorkloadResult   8: 8192 op, 549226763.00 ns, 67.0443 us/op
WorkloadResult   9: 8192 op, 571144889.00 ns, 69.7198 us/op
WorkloadResult  10: 8192 op, 559652874.00 ns, 68.3170 us/op
WorkloadResult  11: 8192 op, 540153435.00 ns, 65.9367 us/op
WorkloadResult  12: 8192 op, 543357263.00 ns, 66.3278 us/op
WorkloadResult  13: 8192 op, 542765379.00 ns, 66.2555 us/op
WorkloadResult  14: 8192 op, 564488504.00 ns, 68.9073 us/op
WorkloadResult  15: 8192 op, 537221396.00 ns, 65.5788 us/op
WorkloadResult  16: 8192 op, 530472873.00 ns, 64.7550 us/op
WorkloadResult  17: 8192 op, 532545257.00 ns, 65.0080 us/op
WorkloadResult  18: 8192 op, 531073915.00 ns, 64.8284 us/op
WorkloadResult  19: 8192 op, 533847165.00 ns, 65.1669 us/op
// GC:  0 0 0 4656 8192
// Threading:  0 0 8192


Mean = 66.191 us, StdErr = 0.324 us (0.49%), N = 19, StdDev = 1.414 us
Min = 64.755 us, Q1 = 65.207 us, Median = 65.937 us, Q3 = 66.481 us, Max = 69.720 us
IQR = 1.274 us, LowerFence = 63.297 us, UpperFence = 68.391 us
ConfidenceInterval = [64.919 us; 67.463 us] (CI 99.9%), Margin = 1.272 us (1.92% of Mean)
Skewness = 1.15, Kurtosis = 3.23, MValue = 2

// ** Remained 6 (42.9 %) benchmark(s) to run. Estimated finish 2026-09-22 5:10 (0h 1m from now) **
// **************************
// Benchmark: PairHandleBenchmarks.Advance: Job-TZECNT(IterationCount=16, IterationTime=200ms, WarmupCount=8) [Shape=PairRuns8Waves]
// *** Execute ***
// Launch: 1 / 1
// Execute: dotnet PairHandles-Job-TZECNT-1.dll --anonymousPipes 118 119 --benchmarkName "PairHandles.PairHandleBenchmarks.Advance(Shape: PairRuns8Waves)" --job "IterationCount=16, IterationTime=200ms, WarmupCount=8" --benchmarkId 4 in /home/i/GitHub/tl-ab352-base/benchmarks/PairHandles/bin/Release/net10.0/PairHandles-Job-TZECNT-1/bin/Release/net10.0
// Failed to set up high priority (Permission denied). In order to run benchmarks with high priority, make sure you have the right permissions.
// BeforeAnythingElse

// Benchmark Process Environment Information:
// BenchmarkDotNet v0.15.8
// Runtime=.NET 10.0.12 (10.0.12, 10.0.1226.42308), X64 RyuJIT x86-64-v3
// GC=Concurrent Workstation
// HardwareIntrinsics=AVX2+BMI1+BMI2+F16C+FMA+LZCNT+MOVBE,AVX,SSE3+SSSE3+SSE4.1+SSE4.2+POPCNT,X86Base+SSE+SSE2,AES+PCLMUL,AvxVnni,SERIALIZE VectorSize=256
// Job: Job-TZECNT(IterationCount=16, IterationTime=200ms, WarmupCount=8)

OverheadJitting  1: 1 op, 76385.00 ns, 76.3850 us/op
WorkloadJitting  1: 1 op, 14780469.00 ns, 14.7805 ms/op

WorkloadPilot    1: 4 op, 1046158.00 ns, 261.5395 us/op
WorkloadPilot    2: 765 op, 26712708.00 ns, 34.9186 us/op
WorkloadPilot    3: 5728 op, 190104549.00 ns, 33.1886 us/op
WorkloadPilot    4: 6026 op, 193623881.00 ns, 32.1314 us/op
WorkloadPilot    5: 6224 op, 197415715.00 ns, 31.7185 us/op
WorkloadPilot    6: 6305 op, 200492377.00 ns, 31.7989 us/op
WorkloadPilot    7: 6290 op, 202335343.00 ns, 32.1678 us/op
WorkloadPilot    8: 6217 op, 199360453.00 ns, 32.0670 us/op
WorkloadPilot    9: 6237 op, 199282401.00 ns, 31.9516 us/op
WorkloadPilot   10: 6259 op, 198632862.00 ns, 31.7356 us/op
WorkloadPilot   11: 6302 op, 201387644.00 ns, 31.9561 us/op

WorkloadWarmup   1: 6302 op, 203287239.00 ns, 32.2576 us/op
WorkloadWarmup   2: 6302 op, 210671534.00 ns, 33.4293 us/op
WorkloadWarmup   3: 6302 op, 209296799.00 ns, 33.2112 us/op
WorkloadWarmup   4: 6302 op, 207156942.00 ns, 32.8716 us/op
WorkloadWarmup   5: 6302 op, 210585479.00 ns, 33.4157 us/op
WorkloadWarmup   6: 6302 op, 209170932.00 ns, 33.1912 us/op
WorkloadWarmup   7: 6302 op, 210808611.00 ns, 33.4511 us/op
WorkloadWarmup   8: 6302 op, 210053798.00 ns, 33.3313 us/op

// BeforeActualRun
WorkloadActual   1: 6302 op, 208911588.00 ns, 33.1500 us/op
WorkloadActual   2: 6302 op, 209475958.00 ns, 33.2396 us/op
WorkloadActual   3: 6302 op, 209885159.00 ns, 33.3045 us/op
WorkloadActual   4: 6302 op, 211447102.00 ns, 33.5524 us/op
WorkloadActual   5: 6302 op, 207294211.00 ns, 32.8934 us/op
WorkloadActual   6: 6302 op, 209197163.00 ns, 33.1954 us/op
WorkloadActual   7: 6302 op, 210657382.00 ns, 33.4271 us/op
WorkloadActual   8: 6302 op, 209764659.00 ns, 33.2854 us/op
WorkloadActual   9: 6302 op, 209470818.00 ns, 33.2388 us/op
WorkloadActual  10: 6302 op, 209529323.00 ns, 33.2481 us/op
WorkloadActual  11: 6302 op, 209208021.00 ns, 33.1971 us/op
WorkloadActual  12: 6302 op, 210775012.00 ns, 33.4457 us/op
WorkloadActual  13: 6302 op, 210238406.00 ns, 33.3606 us/op
WorkloadActual  14: 6302 op, 209276920.00 ns, 33.2080 us/op
WorkloadActual  15: 6302 op, 209533307.00 ns, 33.2487 us/op
WorkloadActual  16: 6302 op, 209078826.00 ns, 33.1766 us/op

// AfterActualRun
WorkloadResult   1: 6302 op, 208911588.00 ns, 33.1500 us/op
WorkloadResult   2: 6302 op, 209475958.00 ns, 33.2396 us/op
WorkloadResult   3: 6302 op, 209885159.00 ns, 33.3045 us/op
WorkloadResult   4: 6302 op, 207294211.00 ns, 32.8934 us/op
WorkloadResult   5: 6302 op, 209197163.00 ns, 33.1954 us/op
WorkloadResult   6: 6302 op, 210657382.00 ns, 33.4271 us/op
WorkloadResult   7: 6302 op, 209764659.00 ns, 33.2854 us/op
WorkloadResult   8: 6302 op, 209470818.00 ns, 33.2388 us/op
WorkloadResult   9: 6302 op, 209529323.00 ns, 33.2481 us/op
WorkloadResult  10: 6302 op, 209208021.00 ns, 33.1971 us/op
WorkloadResult  11: 6302 op, 210775012.00 ns, 33.4457 us/op
WorkloadResult  12: 6302 op, 210238406.00 ns, 33.3606 us/op
WorkloadResult  13: 6302 op, 209276920.00 ns, 33.2080 us/op
WorkloadResult  14: 6302 op, 209533307.00 ns, 33.2487 us/op
WorkloadResult  15: 6302 op, 209078826.00 ns, 33.1766 us/op
// GC:  0 0 0 0 6302
// Threading:  0 0 6302

// AfterAll
// Benchmark Process 156571 has exited with code 0.

Mean = 33.241 us, StdErr = 0.033 us (0.10%), N = 15, StdDev = 0.130 us
Min = 32.893 us, Q1 = 33.196 us, Median = 33.240 us, Q3 = 33.295 us, Max = 33.446 us
IQR = 0.099 us, LowerFence = 33.048 us, UpperFence = 33.443 us
ConfidenceInterval = [33.103 us; 33.380 us] (CI 99.9%), Margin = 0.139 us (0.42% of Mean)
Skewness = -0.81, Kurtosis = 4.22, MValue = 2

// ** Remained 5 (35.7 %) benchmark(s) to run. Estimated finish 2026-09-22 5:10 (0h 0m from now) **
// **************************
// Benchmark: PairHandleBenchmarks.Advance: InProcess(Toolchain=InProcessEmitToolchain) [Shape=PairRuns8Waves]
// *** Execute ***
// Launch: 1 / 1
// ! Failed to set up priority High for process System.Diagnostics.Process (PairHandles). Make sure you have the right permissions. Message: Permission denied

// Benchmark Process Environment Information:
// BenchmarkDotNet v0.15.8
// Runtime=.NET 10.0.12 (10.0.12, 10.0.1226.42308), X64 RyuJIT x86-64-v3
// GC=Concurrent Workstation
// HardwareIntrinsics=AVX2+BMI1+BMI2+F16C+FMA+LZCNT+MOVBE,AVX,SSE3+SSSE3+SSE4.1+SSE4.2+POPCNT,X86Base+SSE+SSE2,AES+PCLMUL,AvxVnni,SERIALIZE VectorSize=256
// Job: Job-JWQWGO(Toolchain=InProcessEmitToolchain)

OverheadJitting  1: 1 op, 100281.00 ns, 100.2810 us/op
WorkloadJitting  1: 1 op, 138069.00 ns, 138.0690 us/op

OverheadJitting  2: 16 op, 103207.00 ns, 6.4504 us/op
WorkloadJitting  2: 16 op, 666704.00 ns, 41.6690 us/op

WorkloadPilot    1: 16 op, 529178.00 ns, 33.0736 us/op
WorkloadPilot    2: 32 op, 1037172.00 ns, 32.4116 us/op
WorkloadPilot    3: 64 op, 2077015.00 ns, 32.4534 us/op
WorkloadPilot    4: 128 op, 4127625.00 ns, 32.2471 us/op
WorkloadPilot    5: 256 op, 8397546.00 ns, 32.8029 us/op
WorkloadPilot    6: 512 op, 17053986.00 ns, 33.3086 us/op
WorkloadPilot    7: 1024 op, 34075887.00 ns, 33.2772 us/op
WorkloadPilot    8: 2048 op, 66742703.00 ns, 32.5892 us/op
WorkloadPilot    9: 4096 op, 135730576.00 ns, 33.1373 us/op
WorkloadPilot   10: 8192 op, 270827195.00 ns, 33.0600 us/op
WorkloadPilot   11: 16384 op, 541865633.00 ns, 33.0729 us/op

OverheadWarmup   1: 16384 op, 23185.00 ns, 1.4151 ns/op
OverheadWarmup   2: 16384 op, 21138.00 ns, 1.2902 ns/op
OverheadWarmup   3: 16384 op, 21097.00 ns, 1.2877 ns/op
OverheadWarmup   4: 16384 op, 21107.00 ns, 1.2883 ns/op
OverheadWarmup   5: 16384 op, 21072.00 ns, 1.2861 ns/op
OverheadWarmup   6: 16384 op, 21083.00 ns, 1.2868 ns/op
OverheadWarmup   7: 16384 op, 21092.00 ns, 1.2874 ns/op
OverheadWarmup   8: 16384 op, 21092.00 ns, 1.2874 ns/op

OverheadActual   1: 16384 op, 21064.00 ns, 1.2856 ns/op
OverheadActual   2: 16384 op, 21064.00 ns, 1.2856 ns/op
OverheadActual   3: 16384 op, 21058.00 ns, 1.2853 ns/op
OverheadActual   4: 16384 op, 21065.00 ns, 1.2857 ns/op
OverheadActual   5: 16384 op, 21075.00 ns, 1.2863 ns/op
OverheadActual   6: 16384 op, 21080.00 ns, 1.2866 ns/op
OverheadActual   7: 16384 op, 21063.00 ns, 1.2856 ns/op
OverheadActual   8: 16384 op, 21740.00 ns, 1.3269 ns/op
OverheadActual   9: 16384 op, 21253.00 ns, 1.2972 ns/op
OverheadActual  10: 16384 op, 21269.00 ns, 1.2982 ns/op
OverheadActual  11: 16384 op, 21242.00 ns, 1.2965 ns/op
OverheadActual  12: 16384 op, 21092.00 ns, 1.2874 ns/op
OverheadActual  13: 16384 op, 21083.00 ns, 1.2868 ns/op
OverheadActual  14: 16384 op, 21077.00 ns, 1.2864 ns/op
OverheadActual  15: 16384 op, 21065.00 ns, 1.2857 ns/op

WorkloadWarmup   1: 16384 op, 519586562.00 ns, 31.7130 us/op
WorkloadWarmup   2: 16384 op, 520551801.00 ns, 31.7720 us/op
WorkloadWarmup   3: 16384 op, 523521934.00 ns, 31.9532 us/op
WorkloadWarmup   4: 16384 op, 524779261.00 ns, 32.0300 us/op
WorkloadWarmup   5: 16384 op, 522312971.00 ns, 31.8795 us/op
WorkloadWarmup   6: 16384 op, 522447919.00 ns, 31.8877 us/op
WorkloadWarmup   7: 16384 op, 517827851.00 ns, 31.6057 us/op

WorkloadActual   1: 16384 op, 520181569.00 ns, 31.7494 us/op
WorkloadActual   2: 16384 op, 519615040.00 ns, 31.7148 us/op
WorkloadActual   3: 16384 op, 519777625.00 ns, 31.7247 us/op
WorkloadActual   4: 16384 op, 517918448.00 ns, 31.6112 us/op
WorkloadActual   5: 16384 op, 518051370.00 ns, 31.6193 us/op
WorkloadActual   6: 16384 op, 524391805.00 ns, 32.0063 us/op
WorkloadActual   7: 16384 op, 521913841.00 ns, 31.8551 us/op
WorkloadActual   8: 16384 op, 519025791.00 ns, 31.6788 us/op
WorkloadActual   9: 16384 op, 520053009.00 ns, 31.7415 us/op
WorkloadActual  10: 16384 op, 520297296.00 ns, 31.7564 us/op
WorkloadActual  11: 16384 op, 517780367.00 ns, 31.6028 us/op
WorkloadActual  12: 16384 op, 520768584.00 ns, 31.7852 us/op
WorkloadActual  13: 16384 op, 519060765.00 ns, 31.6810 us/op
WorkloadActual  14: 16384 op, 520297833.00 ns, 31.7565 us/op
WorkloadActual  15: 16384 op, 520356712.00 ns, 31.7601 us/op

WorkloadResult   1: 16384 op, 520160492.00 ns, 31.7481 us/op
WorkloadResult   2: 16384 op, 519593963.00 ns, 31.7135 us/op
WorkloadResult   3: 16384 op, 519756548.00 ns, 31.7234 us/op
WorkloadResult   4: 16384 op, 517897371.00 ns, 31.6099 us/op
WorkloadResult   5: 16384 op, 518030293.00 ns, 31.6181 us/op
WorkloadResult   6: 16384 op, 521892764.00 ns, 31.8538 us/op
WorkloadResult   7: 16384 op, 519004714.00 ns, 31.6775 us/op
WorkloadResult   8: 16384 op, 520031932.00 ns, 31.7402 us/op
WorkloadResult   9: 16384 op, 520276219.00 ns, 31.7551 us/op
WorkloadResult  10: 16384 op, 517759290.00 ns, 31.6015 us/op
WorkloadResult  11: 16384 op, 520747507.00 ns, 31.7839 us/op
WorkloadResult  12: 16384 op, 519039688.00 ns, 31.6797 us/op
WorkloadResult  13: 16384 op, 520276756.00 ns, 31.7552 us/op
WorkloadResult  14: 16384 op, 520335635.00 ns, 31.7588 us/op
// GC:  0 0 0 4656 16384
// Threading:  0 0 16384


Mean = 31.716 us, StdErr = 0.019 us (0.06%), N = 14, StdDev = 0.072 us
Min = 31.602 us, Q1 = 31.678 us, Median = 31.732 us, Q3 = 31.755 us, Max = 31.854 us
IQR = 0.077 us, LowerFence = 31.562 us, UpperFence = 31.871 us
ConfidenceInterval = [31.635 us; 31.797 us] (CI 99.9%), Margin = 0.081 us (0.26% of Mean)
Skewness = -0.09, Kurtosis = 2.12, MValue = 2

// ** Remained 4 (28.6 %) benchmark(s) to run. Estimated finish 2026-09-22 5:10 (0h 0m from now) **
// **************************
// Benchmark: PairHandleBenchmarks.Advance: Job-TZECNT(IterationCount=16, IterationTime=200ms, WarmupCount=8) [Shape=PairBlocks8Waves]
// *** Execute ***
// Launch: 1 / 1
// Execute: dotnet PairHandles-Job-TZECNT-1.dll --anonymousPipes 118 119 --benchmarkName "PairHandles.PairHandleBenchmarks.Advance(Shape: PairBlocks8Waves)" --job "IterationCount=16, IterationTime=200ms, WarmupCount=8" --benchmarkId 5 in /home/i/GitHub/tl-ab352-base/benchmarks/PairHandles/bin/Release/net10.0/PairHandles-Job-TZECNT-1/bin/Release/net10.0
// Failed to set up high priority (Permission denied). In order to run benchmarks with high priority, make sure you have the right permissions.
// BeforeAnythingElse

// Benchmark Process Environment Information:
// BenchmarkDotNet v0.15.8
// Runtime=.NET 10.0.12 (10.0.12, 10.0.1226.42308), X64 RyuJIT x86-64-v3
// GC=Concurrent Workstation
// HardwareIntrinsics=AVX2+BMI1+BMI2+F16C+FMA+LZCNT+MOVBE,AVX,SSE3+SSSE3+SSE4.1+SSE4.2+POPCNT,X86Base+SSE+SSE2,AES+PCLMUL,AvxVnni,SERIALIZE VectorSize=256
// Job: Job-TZECNT(IterationCount=16, IterationTime=200ms, WarmupCount=8)

OverheadJitting  1: 1 op, 80642.00 ns, 80.6420 us/op
WorkloadJitting  1: 1 op, 14337779.00 ns, 14.3378 ms/op

WorkloadPilot    1: 4 op, 229066.00 ns, 57.2665 us/op
WorkloadPilot    2: 3492 op, 181997950.00 ns, 52.1185 us/op
WorkloadPilot    3: 3837 op, 191240980.00 ns, 49.8413 us/op
WorkloadPilot    4: 4013 op, 191059121.00 ns, 47.6100 us/op
WorkloadPilot    5: 4201 op, 212533722.00 ns, 50.5912 us/op
WorkloadPilot    6: 3953 op, 199030061.00 ns, 50.3491 us/op
WorkloadPilot    7: 3972 op, 199446649.00 ns, 50.2132 us/op
WorkloadPilot    8: 3983 op, 198857328.00 ns, 49.9265 us/op
WorkloadPilot    9: 4006 op, 202784134.00 ns, 50.6201 us/op
WorkloadPilot   10: 3951 op, 191937018.00 ns, 48.5794 us/op
WorkloadPilot   11: 4117 op, 194126020.00 ns, 47.1523 us/op
WorkloadPilot   12: 4242 op, 211864116.00 ns, 49.9444 us/op

WorkloadWarmup   1: 4242 op, 212092552.00 ns, 49.9982 us/op
WorkloadWarmup   2: 4242 op, 212390021.00 ns, 50.0684 us/op
WorkloadWarmup   3: 4242 op, 201849954.00 ns, 47.5837 us/op
WorkloadWarmup   4: 4242 op, 212130853.00 ns, 50.0073 us/op
WorkloadWarmup   5: 4242 op, 213024633.00 ns, 50.2180 us/op
WorkloadWarmup   6: 4242 op, 213595819.00 ns, 50.3526 us/op
WorkloadWarmup   7: 4242 op, 243772393.00 ns, 57.4664 us/op
WorkloadWarmup   8: 4242 op, 206798862.00 ns, 48.7503 us/op

// BeforeActualRun
WorkloadActual   1: 4242 op, 211920971.00 ns, 49.9578 us/op
WorkloadActual   2: 4242 op, 203825094.00 ns, 48.0493 us/op
WorkloadActual   3: 4242 op, 201871955.00 ns, 47.5889 us/op
WorkloadActual   4: 4242 op, 224710609.00 ns, 52.9728 us/op
WorkloadActual   5: 4242 op, 205687247.00 ns, 48.4883 us/op
WorkloadActual   6: 4242 op, 200322362.00 ns, 47.2236 us/op
WorkloadActual   7: 4242 op, 207318878.00 ns, 48.8729 us/op
WorkloadActual   8: 4242 op, 197958224.00 ns, 46.6662 us/op
WorkloadActual   9: 4242 op, 207309429.00 ns, 48.8707 us/op
WorkloadActual  10: 4242 op, 204288196.00 ns, 48.1585 us/op
WorkloadActual  11: 4242 op, 200581962.00 ns, 47.2848 us/op
WorkloadActual  12: 4242 op, 207306690.00 ns, 48.8700 us/op
WorkloadActual  13: 4242 op, 209362969.00 ns, 49.3548 us/op
WorkloadActual  14: 4242 op, 201082198.00 ns, 47.4027 us/op
WorkloadActual  15: 4242 op, 215083692.00 ns, 50.7034 us/op
WorkloadActual  16: 4242 op, 204698974.00 ns, 48.2553 us/op

// AfterActualRun
WorkloadResult   1: 4242 op, 211920971.00 ns, 49.9578 us/op
WorkloadResult   2: 4242 op, 203825094.00 ns, 48.0493 us/op
WorkloadResult   3: 4242 op, 201871955.00 ns, 47.5889 us/op
WorkloadResult   4: 4242 op, 205687247.00 ns, 48.4883 us/op
WorkloadResult   5: 4242 op, 200322362.00 ns, 47.2236 us/op
WorkloadResult   6: 4242 op, 207318878.00 ns, 48.8729 us/op
WorkloadResult   7: 4242 op, 197958224.00 ns, 46.6662 us/op
WorkloadResult   8: 4242 op, 207309429.00 ns, 48.8707 us/op
WorkloadResult   9: 4242 op, 204288196.00 ns, 48.1585 us/op
WorkloadResult  10: 4242 op, 200581962.00 ns, 47.2848 us/op
WorkloadResult  11: 4242 op, 207306690.00 ns, 48.8700 us/op
WorkloadResult  12: 4242 op, 209362969.00 ns, 49.3548 us/op
WorkloadResult  13: 4242 op, 201082198.00 ns, 47.4027 us/op
WorkloadResult  14: 4242 op, 215083692.00 ns, 50.7034 us/op
WorkloadResult  15: 4242 op, 204698974.00 ns, 48.2553 us/op
// GC:  0 0 0 0 4242
// Threading:  0 0 4242

// AfterAll
// Benchmark Process 156616 has exited with code 0.

Mean = 48.383 us, StdErr = 0.283 us (0.58%), N = 15, StdDev = 1.096 us
Min = 46.666 us, Q1 = 47.496 us, Median = 48.255 us, Q3 = 48.872 us, Max = 50.703 us
IQR = 1.376 us, LowerFence = 45.432 us, UpperFence = 50.936 us
ConfidenceInterval = [47.212 us; 49.554 us] (CI 99.9%), Margin = 1.171 us (2.42% of Mean)
Skewness = 0.42, Kurtosis = 2.29, MValue = 2

// ** Remained 3 (21.4 %) benchmark(s) to run. Estimated finish 2026-09-22 5:10 (0h 0m from now) **
// **************************
// Benchmark: PairHandleBenchmarks.Advance: InProcess(Toolchain=InProcessEmitToolchain) [Shape=PairBlocks8Waves]
// *** Execute ***
// Launch: 1 / 1
// ! Failed to set up priority High for process System.Diagnostics.Process (PairHandles). Make sure you have the right permissions. Message: Permission denied

// Benchmark Process Environment Information:
// BenchmarkDotNet v0.15.8
// Runtime=.NET 10.0.12 (10.0.12, 10.0.1226.42308), X64 RyuJIT x86-64-v3
// GC=Concurrent Workstation
// HardwareIntrinsics=AVX2+BMI1+BMI2+F16C+FMA+LZCNT+MOVBE,AVX,SSE3+SSSE3+SSE4.1+SSE4.2+POPCNT,X86Base+SSE+SSE2,AES+PCLMUL,AvxVnni,SERIALIZE VectorSize=256
// Job: Job-JWQWGO(Toolchain=InProcessEmitToolchain)

OverheadJitting  1: 1 op, 101154.00 ns, 101.1540 us/op
WorkloadJitting  1: 1 op, 154389.00 ns, 154.3890 us/op

OverheadJitting  2: 16 op, 125205.00 ns, 7.8253 us/op
WorkloadJitting  2: 16 op, 982422.00 ns, 61.4014 us/op

WorkloadPilot    1: 16 op, 848912.00 ns, 53.0570 us/op
WorkloadPilot    2: 32 op, 1707151.00 ns, 53.3485 us/op
WorkloadPilot    3: 64 op, 3380648.00 ns, 52.8226 us/op
WorkloadPilot    4: 128 op, 6758040.00 ns, 52.7972 us/op
WorkloadPilot    5: 256 op, 13549476.00 ns, 52.9276 us/op
WorkloadPilot    6: 512 op, 24495616.00 ns, 47.8430 us/op
WorkloadPilot    7: 1024 op, 52027913.00 ns, 50.8085 us/op
WorkloadPilot    8: 2048 op, 108424614.00 ns, 52.9417 us/op
WorkloadPilot    9: 4096 op, 209279170.00 ns, 51.0935 us/op
WorkloadPilot   10: 8192 op, 385384151.00 ns, 47.0440 us/op
WorkloadPilot   11: 16384 op, 757942461.00 ns, 46.2611 us/op

OverheadWarmup   1: 16384 op, 22971.00 ns, 1.4020 ns/op
OverheadWarmup   2: 16384 op, 21052.00 ns, 1.2849 ns/op
OverheadWarmup   3: 16384 op, 21078.00 ns, 1.2865 ns/op
OverheadWarmup   4: 16384 op, 21077.00 ns, 1.2864 ns/op
OverheadWarmup   5: 16384 op, 21065.00 ns, 1.2857 ns/op
OverheadWarmup   6: 16384 op, 21061.00 ns, 1.2855 ns/op
OverheadWarmup   7: 16384 op, 21086.00 ns, 1.2870 ns/op
OverheadWarmup   8: 16384 op, 21051.00 ns, 1.2849 ns/op

OverheadActual   1: 16384 op, 21054.00 ns, 1.2850 ns/op
OverheadActual   2: 16384 op, 21084.00 ns, 1.2869 ns/op
OverheadActual   3: 16384 op, 21052.00 ns, 1.2849 ns/op
OverheadActual   4: 16384 op, 21095.00 ns, 1.2875 ns/op
OverheadActual   5: 16384 op, 21078.00 ns, 1.2865 ns/op
OverheadActual   6: 16384 op, 21094.00 ns, 1.2875 ns/op
OverheadActual   7: 16384 op, 21075.00 ns, 1.2863 ns/op
OverheadActual   8: 16384 op, 21062.00 ns, 1.2855 ns/op
OverheadActual   9: 16384 op, 21077.00 ns, 1.2864 ns/op
OverheadActual  10: 16384 op, 21080.00 ns, 1.2866 ns/op
OverheadActual  11: 16384 op, 21071.00 ns, 1.2861 ns/op
OverheadActual  12: 16384 op, 21086.00 ns, 1.2870 ns/op
OverheadActual  13: 16384 op, 21083.00 ns, 1.2868 ns/op
OverheadActual  14: 16384 op, 21097.00 ns, 1.2877 ns/op
OverheadActual  15: 16384 op, 21063.00 ns, 1.2856 ns/op

WorkloadWarmup   1: 16384 op, 796243900.00 ns, 48.5989 us/op
WorkloadWarmup   2: 16384 op, 774182520.00 ns, 47.2524 us/op
WorkloadWarmup   3: 16384 op, 809081485.00 ns, 49.3824 us/op
WorkloadWarmup   4: 16384 op, 789793671.00 ns, 48.2052 us/op
WorkloadWarmup   5: 16384 op, 760107936.00 ns, 46.3933 us/op
WorkloadWarmup   6: 16384 op, 761849206.00 ns, 46.4996 us/op
WorkloadWarmup   7: 16384 op, 765036383.00 ns, 46.6941 us/op
WorkloadWarmup   8: 16384 op, 764540009.00 ns, 46.6638 us/op

WorkloadActual   1: 16384 op, 758583889.00 ns, 46.3003 us/op
WorkloadActual   2: 16384 op, 753109168.00 ns, 45.9661 us/op
WorkloadActual   3: 16384 op, 753239258.00 ns, 45.9741 us/op
WorkloadActual   4: 16384 op, 761248735.00 ns, 46.4629 us/op
WorkloadActual   5: 16384 op, 761288527.00 ns, 46.4654 us/op
WorkloadActual   6: 16384 op, 758318581.00 ns, 46.2841 us/op
WorkloadActual   7: 16384 op, 762817829.00 ns, 46.5587 us/op
WorkloadActual   8: 16384 op, 772004411.00 ns, 47.1194 us/op
WorkloadActual   9: 16384 op, 767834258.00 ns, 46.8649 us/op
WorkloadActual  10: 16384 op, 760746481.00 ns, 46.4323 us/op
WorkloadActual  11: 16384 op, 760498282.00 ns, 46.4171 us/op
WorkloadActual  12: 16384 op, 764816065.00 ns, 46.6807 us/op
WorkloadActual  13: 16384 op, 769162702.00 ns, 46.9460 us/op
WorkloadActual  14: 16384 op, 826695311.00 ns, 50.4575 us/op
WorkloadActual  15: 16384 op, 756012071.00 ns, 46.1433 us/op

WorkloadResult   1: 16384 op, 758562811.00 ns, 46.2990 us/op
WorkloadResult   2: 16384 op, 753088090.00 ns, 45.9648 us/op
WorkloadResult   3: 16384 op, 753218180.00 ns, 45.9728 us/op
WorkloadResult   4: 16384 op, 761227657.00 ns, 46.4616 us/op
WorkloadResult   5: 16384 op, 761267449.00 ns, 46.4641 us/op
WorkloadResult   6: 16384 op, 758297503.00 ns, 46.2828 us/op
WorkloadResult   7: 16384 op, 762796751.00 ns, 46.5574 us/op
WorkloadResult   8: 16384 op, 771983333.00 ns, 47.1181 us/op
WorkloadResult   9: 16384 op, 767813180.00 ns, 46.8636 us/op
WorkloadResult  10: 16384 op, 760725403.00 ns, 46.4310 us/op
WorkloadResult  11: 16384 op, 760477204.00 ns, 46.4158 us/op
WorkloadResult  12: 16384 op, 764794987.00 ns, 46.6794 us/op
WorkloadResult  13: 16384 op, 769141624.00 ns, 46.9447 us/op
WorkloadResult  14: 16384 op, 755990993.00 ns, 46.1420 us/op
// GC:  0 0 0 4656 16384
// Threading:  0 0 16384


Mean = 46.471 us, StdErr = 0.092 us (0.20%), N = 14, StdDev = 0.343 us
Min = 45.965 us, Q1 = 46.287 us, Median = 46.446 us, Q3 = 46.649 us, Max = 47.118 us
IQR = 0.362 us, LowerFence = 45.744 us, UpperFence = 47.192 us
ConfidenceInterval = [46.084 us; 46.858 us] (CI 99.9%), Margin = 0.387 us (0.83% of Mean)
Skewness = 0.26, Kurtosis = 2.02, MValue = 2

// ** Remained 2 (14.3 %) benchmark(s) to run. Estimated finish 2026-09-22 5:10 (0h 0m from now) **
// **************************
// Benchmark: PairHandleBenchmarks.Advance: Job-TZECNT(IterationCount=16, IterationTime=200ms, WarmupCount=8) [Shape=PairA(...)Waves [21]]
// *** Execute ***
// Launch: 1 / 1
// Execute: dotnet PairHandles-Job-TZECNT-1.dll --anonymousPipes 118 119 --benchmarkName "PairHandles.PairHandleBenchmarks.Advance(Shape: PairAlternating8Waves)" --job "IterationCount=16, IterationTime=200ms, WarmupCount=8" --benchmarkId 6 in /home/i/GitHub/tl-ab352-base/benchmarks/PairHandles/bin/Release/net10.0/PairHandles-Job-TZECNT-1/bin/Release/net10.0
// Failed to set up high priority (Permission denied). In order to run benchmarks with high priority, make sure you have the right permissions.
// BeforeAnythingElse

// Benchmark Process Environment Information:
// BenchmarkDotNet v0.15.8
// Runtime=.NET 10.0.12 (10.0.12, 10.0.1226.42308), X64 RyuJIT x86-64-v3
// GC=Concurrent Workstation
// HardwareIntrinsics=AVX2+BMI1+BMI2+F16C+FMA+LZCNT+MOVBE,AVX,SSE3+SSSE3+SSE4.1+SSE4.2+POPCNT,X86Base+SSE+SSE2,AES+PCLMUL,AvxVnni,SERIALIZE VectorSize=256
// Job: Job-TZECNT(IterationCount=16, IterationTime=200ms, WarmupCount=8)

OverheadJitting  1: 1 op, 78163.00 ns, 78.1630 us/op
WorkloadJitting  1: 1 op, 13811840.00 ns, 13.8118 ms/op

WorkloadPilot    1: 4 op, 275106.00 ns, 68.7765 us/op
WorkloadPilot    2: 2908 op, 188517642.00 ns, 64.8272 us/op
WorkloadPilot    3: 3085 op, 200837904.00 ns, 65.1014 us/op
WorkloadPilot    4: 3072 op, 201176801.00 ns, 65.4872 us/op
WorkloadPilot    5: 3054 op, 196777906.00 ns, 64.4328 us/op
WorkloadPilot    6: 3104 op, 201659895.00 ns, 64.9677 us/op

WorkloadWarmup   1: 3104 op, 202342678.00 ns, 65.1877 us/op
WorkloadWarmup   2: 3104 op, 201706897.00 ns, 64.9829 us/op
WorkloadWarmup   3: 3104 op, 201684246.00 ns, 64.9756 us/op
WorkloadWarmup   4: 3104 op, 200243954.00 ns, 64.5116 us/op
WorkloadWarmup   5: 3104 op, 202183338.00 ns, 65.1364 us/op
WorkloadWarmup   6: 3104 op, 201245669.00 ns, 64.8343 us/op
WorkloadWarmup   7: 3104 op, 193412095.00 ns, 62.3106 us/op
WorkloadWarmup   8: 3104 op, 202850264.00 ns, 65.3512 us/op

// BeforeActualRun
WorkloadActual   1: 3104 op, 201785199.00 ns, 65.0081 us/op
WorkloadActual   2: 3104 op, 181646321.00 ns, 58.5201 us/op
WorkloadActual   3: 3104 op, 182163872.00 ns, 58.6868 us/op
WorkloadActual   4: 3104 op, 197704375.00 ns, 63.6934 us/op
WorkloadActual   5: 3104 op, 183751870.00 ns, 59.1984 us/op
WorkloadActual   6: 3104 op, 202433342.00 ns, 65.2169 us/op
WorkloadActual   7: 3104 op, 185941495.00 ns, 59.9038 us/op
WorkloadActual   8: 3104 op, 181530484.00 ns, 58.4828 us/op
WorkloadActual   9: 3104 op, 201719142.00 ns, 64.9868 us/op
WorkloadActual  10: 3104 op, 180494201.00 ns, 58.1489 us/op
WorkloadActual  11: 3104 op, 179149289.00 ns, 57.7156 us/op
WorkloadActual  12: 3104 op, 178003810.00 ns, 57.3466 us/op
WorkloadActual  13: 3104 op, 183972281.00 ns, 59.2694 us/op
WorkloadActual  14: 3104 op, 182586481.00 ns, 58.8230 us/op
WorkloadActual  15: 3104 op, 191102692.00 ns, 61.5666 us/op
WorkloadActual  16: 3104 op, 203096100.00 ns, 65.4304 us/op

// AfterActualRun
WorkloadResult   1: 3104 op, 201785199.00 ns, 65.0081 us/op
WorkloadResult   2: 3104 op, 181646321.00 ns, 58.5201 us/op
WorkloadResult   3: 3104 op, 182163872.00 ns, 58.6868 us/op
WorkloadResult   4: 3104 op, 197704375.00 ns, 63.6934 us/op
WorkloadResult   5: 3104 op, 183751870.00 ns, 59.1984 us/op
WorkloadResult   6: 3104 op, 202433342.00 ns, 65.2169 us/op
WorkloadResult   7: 3104 op, 185941495.00 ns, 59.9038 us/op
WorkloadResult   8: 3104 op, 181530484.00 ns, 58.4828 us/op
WorkloadResult   9: 3104 op, 201719142.00 ns, 64.9868 us/op
WorkloadResult  10: 3104 op, 180494201.00 ns, 58.1489 us/op
WorkloadResult  11: 3104 op, 179149289.00 ns, 57.7156 us/op
WorkloadResult  12: 3104 op, 178003810.00 ns, 57.3466 us/op
WorkloadResult  13: 3104 op, 183972281.00 ns, 59.2694 us/op
WorkloadResult  14: 3104 op, 182586481.00 ns, 58.8230 us/op
WorkloadResult  15: 3104 op, 191102692.00 ns, 61.5666 us/op
WorkloadResult  16: 3104 op, 203096100.00 ns, 65.4304 us/op
// GC:  0 0 0 0 3104
// Threading:  0 0 3104

// AfterAll
// Benchmark Process 156677 has exited with code 0.

Mean = 60.750 us, StdErr = 0.759 us (1.25%), N = 16, StdDev = 3.036 us
Min = 57.347 us, Q1 = 58.511 us, Median = 59.234 us, Q3 = 64.017 us, Max = 65.430 us
IQR = 5.506 us, LowerFence = 50.252 us, UpperFence = 72.276 us
ConfidenceInterval = [57.659 us; 63.841 us] (CI 99.9%), Margin = 3.091 us (5.09% of Mean)
Skewness = 0.54, Kurtosis = 1.45, MValue = 2.8

// ** Remained 1 (7.1 %) benchmark(s) to run. Estimated finish 2026-09-22 5:10 (0h 0m from now) **
// **************************
// Benchmark: PairHandleBenchmarks.Advance: InProcess(Toolchain=InProcessEmitToolchain) [Shape=PairA(...)Waves [21]]
// *** Execute ***
// Launch: 1 / 1
// ! Failed to set up priority High for process System.Diagnostics.Process (PairHandles). Make sure you have the right permissions. Message: Permission denied

// Benchmark Process Environment Information:
// BenchmarkDotNet v0.15.8
// Runtime=.NET 10.0.12 (10.0.12, 10.0.1226.42308), X64 RyuJIT x86-64-v3
// GC=Concurrent Workstation
// HardwareIntrinsics=AVX2+BMI1+BMI2+F16C+FMA+LZCNT+MOVBE,AVX,SSE3+SSSE3+SSE4.1+SSE4.2+POPCNT,X86Base+SSE+SSE2,AES+PCLMUL,AvxVnni,SERIALIZE VectorSize=256
// Job: Job-JWQWGO(Toolchain=InProcessEmitToolchain)

OverheadJitting  1: 1 op, 123492.00 ns, 123.4920 us/op
WorkloadJitting  1: 1 op, 550424.00 ns, 550.4240 us/op

OverheadJitting  2: 16 op, 143978.00 ns, 8.9986 us/op
WorkloadJitting  2: 16 op, 3594837.00 ns, 224.6773 us/op

WorkloadPilot    1: 16 op, 1007747.00 ns, 62.9842 us/op
WorkloadPilot    2: 32 op, 1997183.00 ns, 62.4120 us/op
WorkloadPilot    3: 64 op, 3999455.00 ns, 62.4915 us/op
WorkloadPilot    4: 128 op, 7981961.00 ns, 62.3591 us/op
WorkloadPilot    5: 256 op, 15943471.00 ns, 62.2792 us/op
WorkloadPilot    6: 512 op, 31891676.00 ns, 62.2884 us/op
WorkloadPilot    7: 1024 op, 66590555.00 ns, 65.0298 us/op
WorkloadPilot    8: 2048 op, 127523530.00 ns, 62.2673 us/op
WorkloadPilot    9: 4096 op, 254421411.00 ns, 62.1146 us/op
WorkloadPilot   10: 8192 op, 510298388.00 ns, 62.2923 us/op

OverheadWarmup   1: 8192 op, 13230.00 ns, 1.6150 ns/op
OverheadWarmup   2: 8192 op, 11380.00 ns, 1.3892 ns/op
OverheadWarmup   3: 8192 op, 11556.00 ns, 1.4106 ns/op
OverheadWarmup   4: 8192 op, 10555.00 ns, 1.2885 ns/op
OverheadWarmup   5: 8192 op, 10539.00 ns, 1.2865 ns/op
OverheadWarmup   6: 8192 op, 10555.00 ns, 1.2885 ns/op
OverheadWarmup   7: 8192 op, 10579.00 ns, 1.2914 ns/op
OverheadWarmup   8: 8192 op, 10591.00 ns, 1.2928 ns/op
OverheadWarmup   9: 8192 op, 10842.00 ns, 1.3235 ns/op
OverheadWarmup  10: 8192 op, 10713.00 ns, 1.3077 ns/op

OverheadActual   1: 8192 op, 10578.00 ns, 1.2913 ns/op
OverheadActual   2: 8192 op, 10599.00 ns, 1.2938 ns/op
OverheadActual   3: 8192 op, 10591.00 ns, 1.2928 ns/op
OverheadActual   4: 8192 op, 10583.00 ns, 1.2919 ns/op
OverheadActual   5: 8192 op, 10584.00 ns, 1.2920 ns/op
OverheadActual   6: 8192 op, 10596.00 ns, 1.2935 ns/op
OverheadActual   7: 8192 op, 10585.00 ns, 1.2921 ns/op
OverheadActual   8: 8192 op, 10568.00 ns, 1.2900 ns/op
OverheadActual   9: 8192 op, 10592.00 ns, 1.2930 ns/op
OverheadActual  10: 8192 op, 10554.00 ns, 1.2883 ns/op
OverheadActual  11: 8192 op, 10590.00 ns, 1.2927 ns/op
OverheadActual  12: 8192 op, 11510.00 ns, 1.4050 ns/op
OverheadActual  13: 8192 op, 10599.00 ns, 1.2938 ns/op
OverheadActual  14: 8192 op, 10574.00 ns, 1.2908 ns/op
OverheadActual  15: 8192 op, 10561.00 ns, 1.2892 ns/op

WorkloadWarmup   1: 8192 op, 508369241.00 ns, 62.0568 us/op
WorkloadWarmup   2: 8192 op, 509419181.00 ns, 62.1850 us/op
WorkloadWarmup   3: 8192 op, 514758298.00 ns, 62.8367 us/op
WorkloadWarmup   4: 8192 op, 508803791.00 ns, 62.1098 us/op
WorkloadWarmup   5: 8192 op, 509250303.00 ns, 62.1643 us/op
WorkloadWarmup   6: 8192 op, 508776501.00 ns, 62.1065 us/op

WorkloadActual   1: 8192 op, 510536925.00 ns, 62.3214 us/op
WorkloadActual   2: 8192 op, 511209861.00 ns, 62.4035 us/op
WorkloadActual   3: 8192 op, 510463838.00 ns, 62.3125 us/op
WorkloadActual   4: 8192 op, 510390309.00 ns, 62.3035 us/op
WorkloadActual   5: 8192 op, 510033366.00 ns, 62.2599 us/op
WorkloadActual   6: 8192 op, 509563922.00 ns, 62.2026 us/op
WorkloadActual   7: 8192 op, 508839680.00 ns, 62.1142 us/op
WorkloadActual   8: 8192 op, 507966502.00 ns, 62.0076 us/op
WorkloadActual   9: 8192 op, 509217604.00 ns, 62.1604 us/op
WorkloadActual  10: 8192 op, 509667388.00 ns, 62.2153 us/op
WorkloadActual  11: 8192 op, 508829281.00 ns, 62.1129 us/op
WorkloadActual  12: 8192 op, 508508251.00 ns, 62.0738 us/op
WorkloadActual  13: 8192 op, 509567567.00 ns, 62.2031 us/op
WorkloadActual  14: 8192 op, 509848821.00 ns, 62.2374 us/op
WorkloadActual  15: 8192 op, 509001182.00 ns, 62.1339 us/op

WorkloadResult   1: 8192 op, 510526340.00 ns, 62.3201 us/op
WorkloadResult   2: 8192 op, 511199276.00 ns, 62.4023 us/op
WorkloadResult   3: 8192 op, 510453253.00 ns, 62.3112 us/op
WorkloadResult   4: 8192 op, 510379724.00 ns, 62.3022 us/op
WorkloadResult   5: 8192 op, 510022781.00 ns, 62.2586 us/op
WorkloadResult   6: 8192 op, 509553337.00 ns, 62.2013 us/op
WorkloadResult   7: 8192 op, 508829095.00 ns, 62.1129 us/op
WorkloadResult   8: 8192 op, 507955917.00 ns, 62.0063 us/op
WorkloadResult   9: 8192 op, 509207019.00 ns, 62.1591 us/op
WorkloadResult  10: 8192 op, 509656803.00 ns, 62.2140 us/op
WorkloadResult  11: 8192 op, 508818696.00 ns, 62.1117 us/op
WorkloadResult  12: 8192 op, 508497666.00 ns, 62.0725 us/op
WorkloadResult  13: 8192 op, 509556982.00 ns, 62.2018 us/op
WorkloadResult  14: 8192 op, 509838236.00 ns, 62.2361 us/op
WorkloadResult  15: 8192 op, 508990597.00 ns, 62.1326 us/op
// GC:  0 0 0 2304 8192
// Threading:  0 0 8192


Mean = 62.203 us, StdErr = 0.027 us (0.04%), N = 15, StdDev = 0.106 us
Min = 62.006 us, Q1 = 62.123 us, Median = 62.202 us, Q3 = 62.280 us, Max = 62.402 us
IQR = 0.158 us, LowerFence = 61.886 us, UpperFence = 62.517 us
ConfidenceInterval = [62.089 us; 62.317 us] (CI 99.9%), Margin = 0.114 us (0.18% of Mean)
Skewness = 0.02, Kurtosis = 2.06, MValue = 2

// ** Remained 0 (0.0 %) benchmark(s) to run. Estimated finish 2026-09-22 5:10 (0h 0m from now) **
// ***** BenchmarkRunner: Finish  *****

// * Export *
  tmp/ab352/ph-base-4/results/PairHandles.PairHandleBenchmarks-report.csv
  tmp/ab352/ph-base-4/results/PairHandles.PairHandleBenchmarks-report-github.md
  tmp/ab352/ph-base-4/results/PairHandles.PairHandleBenchmarks-report.html
  tmp/ab352/ph-base-4/results/PairHandles.PairHandleBenchmarks-report-full.json

// * Detailed results *
PairHandleBenchmarks.Advance: Job-TZECNT(IterationCount=16, IterationTime=200ms, WarmupCount=8) [Shape=LaneUniform]
Runtime = .NET 10.0.12 (10.0.12, 10.0.1226.42308), X64 RyuJIT x86-64-v3; GC = Concurrent Workstation
Mean = 32.812 us, StdErr = 0.390 us (1.19%), N = 16, StdDev = 1.560 us
Min = 30.765 us, Q1 = 31.412 us, Median = 32.947 us, Q3 = 34.440 us, Max = 34.774 us
IQR = 3.027 us, LowerFence = 26.872 us, UpperFence = 38.981 us
ConfidenceInterval = [31.223 us; 34.401 us] (CI 99.9%), Margin = 1.589 us (4.84% of Mean)
Skewness = -0.03, Kurtosis = 1.16, MValue = 3.5
-------------------- Histogram --------------------
[30.506 us ; 32.131 us) | @@@@@@@
[32.131 us ; 33.253 us) | @
[33.253 us ; 34.879 us) | @@@@@@@@
---------------------------------------------------

PairHandleBenchmarks.Advance: InProcess(Toolchain=InProcessEmitToolchain) [Shape=LaneUniform]
Runtime = ; GC = 
Mean = 31.784 us, StdErr = 0.132 us (0.41%), N = 18, StdDev = 0.558 us
Min = 31.393 us, Q1 = 31.473 us, Median = 31.490 us, Q3 = 31.907 us, Max = 33.359 us
IQR = 0.433 us, LowerFence = 30.823 us, UpperFence = 32.557 us
ConfidenceInterval = [31.262 us; 32.305 us] (CI 99.9%), Margin = 0.522 us (1.64% of Mean)
Skewness = 1.51, Kurtosis = 4.16, MValue = 2
-------------------- Histogram --------------------
[31.197 us ; 32.206 us) | @@@@@@@@@@@@@@
[32.206 us ; 33.639 us) | @@@@
---------------------------------------------------

PairHandleBenchmarks.Advance: Job-TZECNT(IterationCount=16, IterationTime=200ms, WarmupCount=8) [Shape=PairOne]
Runtime = .NET 10.0.12 (10.0.12, 10.0.1226.42308), X64 RyuJIT x86-64-v3; GC = Concurrent Workstation
Mean = 31.042 us, StdErr = 0.027 us (0.09%), N = 16, StdDev = 0.110 us
Min = 30.843 us, Q1 = 30.981 us, Median = 31.028 us, Q3 = 31.125 us, Max = 31.248 us
IQR = 0.144 us, LowerFence = 30.765 us, UpperFence = 31.341 us
ConfidenceInterval = [30.930 us; 31.154 us] (CI 99.9%), Margin = 0.112 us (0.36% of Mean)
Skewness = 0.03, Kurtosis = 2.08, MValue = 2
-------------------- Histogram --------------------
[30.786 us ; 31.306 us) | @@@@@@@@@@@@@@@@
---------------------------------------------------

PairHandleBenchmarks.Advance: InProcess(Toolchain=InProcessEmitToolchain) [Shape=PairOne]
Runtime = ; GC = 
Mean = 28.519 us, StdErr = 0.048 us (0.17%), N = 12, StdDev = 0.165 us
Min = 28.235 us, Q1 = 28.447 us, Median = 28.491 us, Q3 = 28.558 us, Max = 28.944 us
IQR = 0.111 us, LowerFence = 28.281 us, UpperFence = 28.724 us
ConfidenceInterval = [28.307 us; 28.731 us] (CI 99.9%), Margin = 0.212 us (0.74% of Mean)
Skewness = 0.99, Kurtosis = 4.38, MValue = 2
-------------------- Histogram --------------------
[28.210 us ; 29.039 us) | @@@@@@@@@@@@
---------------------------------------------------

PairHandleBenchmarks.Advance: Job-TZECNT(IterationCount=16, IterationTime=200ms, WarmupCount=8) [Shape=PairRuns8]
Runtime = .NET 10.0.12 (10.0.12, 10.0.1226.42308), X64 RyuJIT x86-64-v3; GC = Concurrent Workstation
Mean = 36.877 us, StdErr = 0.100 us (0.27%), N = 14, StdDev = 0.373 us
Min = 36.415 us, Q1 = 36.612 us, Median = 36.807 us, Q3 = 37.128 us, Max = 37.769 us
IQR = 0.516 us, LowerFence = 35.837 us, UpperFence = 37.902 us
ConfidenceInterval = [36.456 us; 37.298 us] (CI 99.9%), Margin = 0.421 us (1.14% of Mean)
Skewness = 0.72, Kurtosis = 2.8, MValue = 2
-------------------- Histogram --------------------
[36.282 us ; 37.972 us) | @@@@@@@@@@@@@@
---------------------------------------------------

PairHandleBenchmarks.Advance: InProcess(Toolchain=InProcessEmitToolchain) [Shape=PairRuns8]
Runtime = ; GC = 
Mean = 36.384 us, StdErr = 0.033 us (0.09%), N = 15, StdDev = 0.128 us
Min = 36.259 us, Q1 = 36.287 us, Median = 36.315 us, Q3 = 36.485 us, Max = 36.707 us
IQR = 0.198 us, LowerFence = 35.990 us, UpperFence = 36.782 us
ConfidenceInterval = [36.248 us; 36.521 us] (CI 99.9%), Margin = 0.136 us (0.38% of Mean)
Skewness = 1.03, Kurtosis = 3.09, MValue = 2
-------------------- Histogram --------------------
[36.191 us ; 36.775 us) | @@@@@@@@@@@@@@@
---------------------------------------------------

PairHandleBenchmarks.Advance: Job-TZECNT(IterationCount=16, IterationTime=200ms, WarmupCount=8) [Shape=PairAlternating8]
Runtime = .NET 10.0.12 (10.0.12, 10.0.1226.42308), X64 RyuJIT x86-64-v3; GC = Concurrent Workstation
Mean = 65.526 us, StdErr = 0.155 us (0.24%), N = 16, StdDev = 0.621 us
Min = 64.457 us, Q1 = 65.100 us, Median = 65.491 us, Q3 = 65.800 us, Max = 66.587 us
IQR = 0.700 us, LowerFence = 64.050 us, UpperFence = 66.850 us
ConfidenceInterval = [64.894 us; 66.158 us] (CI 99.9%), Margin = 0.632 us (0.96% of Mean)
Skewness = 0.22, Kurtosis = 2, MValue = 2
-------------------- Histogram --------------------
[64.133 us ; 66.911 us) | @@@@@@@@@@@@@@@@
---------------------------------------------------

PairHandleBenchmarks.Advance: InProcess(Toolchain=InProcessEmitToolchain) [Shape=PairAlternating8]
Runtime = ; GC = 
Mean = 66.191 us, StdErr = 0.324 us (0.49%), N = 19, StdDev = 1.414 us
Min = 64.755 us, Q1 = 65.207 us, Median = 65.937 us, Q3 = 66.481 us, Max = 69.720 us
IQR = 1.274 us, LowerFence = 63.297 us, UpperFence = 68.391 us
ConfidenceInterval = [64.919 us; 67.463 us] (CI 99.9%), Margin = 1.272 us (1.92% of Mean)
Skewness = 1.15, Kurtosis = 3.23, MValue = 2
-------------------- Histogram --------------------
[64.060 us ; 66.355 us) | @@@@@@@@@@@@@@
[66.355 us ; 67.917 us) | @@
[67.917 us ; 70.415 us) | @@@
---------------------------------------------------

PairHandleBenchmarks.Advance: Job-TZECNT(IterationCount=16, IterationTime=200ms, WarmupCount=8) [Shape=PairRuns8Waves]
Runtime = .NET 10.0.12 (10.0.12, 10.0.1226.42308), X64 RyuJIT x86-64-v3; GC = Concurrent Workstation
Mean = 33.241 us, StdErr = 0.033 us (0.10%), N = 15, StdDev = 0.130 us
Min = 32.893 us, Q1 = 33.196 us, Median = 33.240 us, Q3 = 33.295 us, Max = 33.446 us
IQR = 0.099 us, LowerFence = 33.048 us, UpperFence = 33.443 us
ConfidenceInterval = [33.103 us; 33.380 us] (CI 99.9%), Margin = 0.139 us (0.42% of Mean)
Skewness = -0.81, Kurtosis = 4.22, MValue = 2
-------------------- Histogram --------------------
[32.824 us ; 33.515 us) | @@@@@@@@@@@@@@@
---------------------------------------------------

PairHandleBenchmarks.Advance: InProcess(Toolchain=InProcessEmitToolchain) [Shape=PairRuns8Waves]
Runtime = ; GC = 
Mean = 31.716 us, StdErr = 0.019 us (0.06%), N = 14, StdDev = 0.072 us
Min = 31.602 us, Q1 = 31.678 us, Median = 31.732 us, Q3 = 31.755 us, Max = 31.854 us
IQR = 0.077 us, LowerFence = 31.562 us, UpperFence = 31.871 us
ConfidenceInterval = [31.635 us; 31.797 us] (CI 99.9%), Margin = 0.081 us (0.26% of Mean)
Skewness = -0.09, Kurtosis = 2.12, MValue = 2
-------------------- Histogram --------------------
[31.562 us ; 31.893 us) | @@@@@@@@@@@@@@
---------------------------------------------------

PairHandleBenchmarks.Advance: Job-TZECNT(IterationCount=16, IterationTime=200ms, WarmupCount=8) [Shape=PairBlocks8Waves]
Runtime = .NET 10.0.12 (10.0.12, 10.0.1226.42308), X64 RyuJIT x86-64-v3; GC = Concurrent Workstation
Mean = 48.383 us, StdErr = 0.283 us (0.58%), N = 15, StdDev = 1.096 us
Min = 46.666 us, Q1 = 47.496 us, Median = 48.255 us, Q3 = 48.872 us, Max = 50.703 us
IQR = 1.376 us, LowerFence = 45.432 us, UpperFence = 50.936 us
ConfidenceInterval = [47.212 us; 49.554 us] (CI 99.9%), Margin = 1.171 us (2.42% of Mean)
Skewness = 0.42, Kurtosis = 2.29, MValue = 2
-------------------- Histogram --------------------
[46.545 us ; 47.878 us) | @@@@@
[47.878 us ; 49.044 us) | @@@@@@@
[49.044 us ; 50.239 us) | @@
[50.239 us ; 51.286 us) | @
---------------------------------------------------

PairHandleBenchmarks.Advance: InProcess(Toolchain=InProcessEmitToolchain) [Shape=PairBlocks8Waves]
Runtime = ; GC = 
Mean = 46.471 us, StdErr = 0.092 us (0.20%), N = 14, StdDev = 0.343 us
Min = 45.965 us, Q1 = 46.287 us, Median = 46.446 us, Q3 = 46.649 us, Max = 47.118 us
IQR = 0.362 us, LowerFence = 45.744 us, UpperFence = 47.192 us
ConfidenceInterval = [46.084 us; 46.858 us] (CI 99.9%), Margin = 0.387 us (0.83% of Mean)
Skewness = 0.26, Kurtosis = 2.02, MValue = 2
-------------------- Histogram --------------------
[45.956 us ; 47.305 us) | @@@@@@@@@@@@@@
---------------------------------------------------

PairHandleBenchmarks.Advance: Job-TZECNT(IterationCount=16, IterationTime=200ms, WarmupCount=8) [Shape=PairA(...)Waves [21]]
Runtime = .NET 10.0.12 (10.0.12, 10.0.1226.42308), X64 RyuJIT x86-64-v3; GC = Concurrent Workstation
Mean = 60.750 us, StdErr = 0.759 us (1.25%), N = 16, StdDev = 3.036 us
Min = 57.347 us, Q1 = 58.511 us, Median = 59.234 us, Q3 = 64.017 us, Max = 65.430 us
IQR = 5.506 us, LowerFence = 50.252 us, UpperFence = 72.276 us
ConfidenceInterval = [57.659 us; 63.841 us] (CI 99.9%), Margin = 3.091 us (5.09% of Mean)
Skewness = 0.54, Kurtosis = 1.45, MValue = 2.8
-------------------- Histogram --------------------
[57.044 us ; 60.206 us) | @@@@@@@@@@
[60.206 us ; 62.981 us) | @
[62.981 us ; 66.143 us) | @@@@@
---------------------------------------------------

PairHandleBenchmarks.Advance: InProcess(Toolchain=InProcessEmitToolchain) [Shape=PairA(...)Waves [21]]
Runtime = ; GC = 
Mean = 62.203 us, StdErr = 0.027 us (0.04%), N = 15, StdDev = 0.106 us
Min = 62.006 us, Q1 = 62.123 us, Median = 62.202 us, Q3 = 62.280 us, Max = 62.402 us
IQR = 0.158 us, LowerFence = 61.886 us, UpperFence = 62.517 us
ConfidenceInterval = [62.089 us; 62.317 us] (CI 99.9%), Margin = 0.114 us (0.18% of Mean)
Skewness = 0.02, Kurtosis = 2.06, MValue = 2
-------------------- Histogram --------------------
[61.950 us ; 62.459 us) | @@@@@@@@@@@@@@@
---------------------------------------------------

// * Summary *

BenchmarkDotNet v0.15.8, Linux Omarchy
Intel Core i9-14900K 0.80GHz, 1 CPU, 32 logical and 24 physical cores
.NET SDK 10.0.401
  [Host]     : .NET 10.0.12 (10.0.12, 10.0.1226.42308), X64 RyuJIT x86-64-v3
  Job-TZECNT : .NET 10.0.12 (10.0.12, 10.0.1226.42308), X64 RyuJIT x86-64-v3


| Method  | Job        | Toolchain              | IterationCount | IterationTime | WarmupCount | Shape                | Mean     | Error    | StdDev   | Median   | Allocated |
|-------- |----------- |----------------------- |--------------- |-------------- |------------ |--------------------- |---------:|---------:|---------:|---------:|----------:|
| Advance | Job-TZECNT | Default                | 16             | 200ms         | 8           | LaneUniform          | 32.81 us | 1.589 us | 1.560 us | 32.95 us |         - |
| Advance | InProcess  | InProcessEmitToolchain | Default        | Default       | Default     | LaneUniform          | 31.78 us | 0.522 us | 0.558 us | 31.49 us |         - |
| Advance | Job-TZECNT | Default                | 16             | 200ms         | 8           | PairOne              | 31.04 us | 0.112 us | 0.110 us | 31.03 us |         - |
| Advance | InProcess  | InProcessEmitToolchain | Default        | Default       | Default     | PairOne              | 28.52 us | 0.212 us | 0.165 us | 28.49 us |         - |
| Advance | Job-TZECNT | Default                | 16             | 200ms         | 8           | PairRuns8            | 36.88 us | 0.421 us | 0.373 us | 36.81 us |         - |
| Advance | InProcess  | InProcessEmitToolchain | Default        | Default       | Default     | PairRuns8            | 36.38 us | 0.136 us | 0.128 us | 36.31 us |         - |
| Advance | Job-TZECNT | Default                | 16             | 200ms         | 8           | PairAlternating8     | 65.53 us | 0.632 us | 0.621 us | 65.49 us |         - |
| Advance | InProcess  | InProcessEmitToolchain | Default        | Default       | Default     | PairAlternating8     | 66.19 us | 1.272 us | 1.414 us | 65.94 us |       1 B |
| Advance | Job-TZECNT | Default                | 16             | 200ms         | 8           | PairRuns8Waves       | 33.24 us | 0.139 us | 0.130 us | 33.24 us |         - |
| Advance | InProcess  | InProcessEmitToolchain | Default        | Default       | Default     | PairRuns8Waves       | 31.72 us | 0.081 us | 0.072 us | 31.73 us |         - |
| Advance | Job-TZECNT | Default                | 16             | 200ms         | 8           | PairBlocks8Waves     | 48.38 us | 1.171 us | 1.096 us | 48.26 us |         - |
| Advance | InProcess  | InProcessEmitToolchain | Default        | Default       | Default     | PairBlocks8Waves     | 46.47 us | 0.387 us | 0.343 us | 46.45 us |         - |
| Advance | Job-TZECNT | Default                | 16             | 200ms         | 8           | PairA(...)Waves [21] | 60.75 us | 3.091 us | 3.036 us | 59.23 us |         - |
| Advance | InProcess  | InProcessEmitToolchain | Default        | Default       | Default     | PairA(...)Waves [21] | 62.20 us | 0.114 us | 0.106 us | 62.20 us |         - |

// * Warnings *
MultimodalDistribution
  PairHandleBenchmarks.Advance: IterationCount=16, IterationTime=200ms, WarmupCount=8 -> It seems that the distribution is bimodal (mValue = 3.5)

// * Hints *
Outliers
  PairHandleBenchmarks.Advance: InProcess                                             -> 3 outliers were removed (33.78 us..34.87 us)
  PairHandleBenchmarks.Advance: InProcess                                             -> 3 outliers were removed (29.50 us..34.44 us)
  PairHandleBenchmarks.Advance: IterationCount=16, IterationTime=200ms, WarmupCount=8 -> 2 outliers were removed (38.44 us, 38.86 us)
  PairHandleBenchmarks.Advance: InProcess                                             -> 2 outliers were removed (70.06 us, 70.27 us)
  PairHandleBenchmarks.Advance: IterationCount=16, IterationTime=200ms, WarmupCount=8 -> 1 outlier  was  removed, 2 outliers were detected (32.89 us, 33.55 us)
  PairHandleBenchmarks.Advance: InProcess                                             -> 1 outlier  was  removed (32.01 us)
  PairHandleBenchmarks.Advance: IterationCount=16, IterationTime=200ms, WarmupCount=8 -> 1 outlier  was  removed (52.97 us)
  PairHandleBenchmarks.Advance: InProcess                                             -> 1 outlier  was  removed (50.46 us)

// * Legends *
  Shape     : Value of the 'Shape' parameter
  Mean      : Arithmetic mean of all measurements
  Error     : Half of 99.9% confidence interval
  StdDev    : Standard deviation of all measurements
  Median    : Value separating the higher half of all measurements (50th percentile)
  Allocated : Allocated memory per single operation (managed only, inclusive, 1KB = 1024B)
  1 us      : 1 Microsecond (0.000001 sec)

// * Diagnostic Output - MemoryDiagnoser *


// ***** BenchmarkRunner: End *****
Run time: 00:02:44 (164.69 sec), executed benchmarks: 14

Global total time: 00:02:48 (168.31 sec), executed benchmarks: 14
// * Artifacts cleanup *
Artifacts cleanup is finished
