// Validating benchmarks:
// ***** BenchmarkRunner: Start   *****
// ***** Found 18 benchmark(s) in total *****
// ***** Building 1 exe(s) in Parallel: Start   *****
// ***** Done, took 00:00:00 (0.02 sec)   *****
// Found 18 benchmarks:
//   FusionBenchmarks.InterpreterSingle: JitCore4(IterationCount=12, IterationTime=250ms, WarmupCount=16) [Pattern=Sequential]
//   FusionBenchmarks.CompiledSingle: JitCore4(IterationCount=12, IterationTime=250ms, WarmupCount=16) [Pattern=Sequential]
//   FusionBenchmarks.FusedSingle: JitCore4(IterationCount=12, IterationTime=250ms, WarmupCount=16) [Pattern=Sequential]
//   FusionBenchmarks.InterpreterBatch8: JitCore4(IterationCount=12, IterationTime=250ms, WarmupCount=16) [Pattern=Sequential]
//   FusionBenchmarks.CompiledBatch8: JitCore4(IterationCount=12, IterationTime=250ms, WarmupCount=16) [Pattern=Sequential]
//   FusionBenchmarks.FusedBatch8: JitCore4(IterationCount=12, IterationTime=250ms, WarmupCount=16) [Pattern=Sequential]
//   FusionBenchmarks.InterpreterSingle: JitCore4(IterationCount=12, IterationTime=250ms, WarmupCount=16) [Pattern=Random]
//   FusionBenchmarks.CompiledSingle: JitCore4(IterationCount=12, IterationTime=250ms, WarmupCount=16) [Pattern=Random]
//   FusionBenchmarks.FusedSingle: JitCore4(IterationCount=12, IterationTime=250ms, WarmupCount=16) [Pattern=Random]
//   FusionBenchmarks.InterpreterBatch8: JitCore4(IterationCount=12, IterationTime=250ms, WarmupCount=16) [Pattern=Random]
//   FusionBenchmarks.CompiledBatch8: JitCore4(IterationCount=12, IterationTime=250ms, WarmupCount=16) [Pattern=Random]
//   FusionBenchmarks.FusedBatch8: JitCore4(IterationCount=12, IterationTime=250ms, WarmupCount=16) [Pattern=Random]
//   FusionBenchmarks.InterpreterSingle: JitCore4(IterationCount=12, IterationTime=250ms, WarmupCount=16) [Pattern=Repeated]
//   FusionBenchmarks.CompiledSingle: JitCore4(IterationCount=12, IterationTime=250ms, WarmupCount=16) [Pattern=Repeated]
//   FusionBenchmarks.FusedSingle: JitCore4(IterationCount=12, IterationTime=250ms, WarmupCount=16) [Pattern=Repeated]
//   FusionBenchmarks.InterpreterBatch8: JitCore4(IterationCount=12, IterationTime=250ms, WarmupCount=16) [Pattern=Repeated]
//   FusionBenchmarks.CompiledBatch8: JitCore4(IterationCount=12, IterationTime=250ms, WarmupCount=16) [Pattern=Repeated]
//   FusionBenchmarks.FusedBatch8: JitCore4(IterationCount=12, IterationTime=250ms, WarmupCount=16) [Pattern=Repeated]

// Generate Exception: System.NotSupportedException: Found more than one matching project file for FusionHour in /home/i/Work/tl-fusion-hour and its subfolders: '/home/i/Work/tl-fusion-hour/benchmarks/FusionHour/FusionHour.csproj','/home/i/Work/tl-fusion-hour/benchmarks/FusionHour/results/wide-v1-source/FusionHour.csproj','/home/i/Work/tl-fusion-hour/benchmarks/FusionHour/results/wide-v2-source/FusionHour.csproj'. Benchmark project names needs to be unique.
   at BenchmarkDotNet.Toolchains.CsProj.CsProjGenerator.GetProjectFilePath(Type benchmarkTarget, ILogger logger)
   at BenchmarkDotNet.Toolchains.CsProj.CsProjGenerator.GenerateProject(BuildPartition buildPartition, ArtifactsPaths artifactsPaths, ILogger logger)
   at BenchmarkDotNet.Toolchains.GeneratorBase.GenerateProject(BuildPartition buildPartition, ILogger logger, String rootArtifactsFolderPath)

// BenchmarkDotNet has failed to build the auto-generated boilerplate code.
// It can be found in /home/i/Work/tl-fusion-hour/benchmarks/FusionHour/bin/Release/net10.0/FusionHour-JitCore4-1
// Please follow the troubleshooting guide: https://benchmarkdotnet.org/articles/guides/troubleshooting.html

// ** Remained 0 (0.0 %) benchmark(s) to run. Estimated finish 2026-09-09 3:20 (0h 0m from now) **
// ***** BenchmarkRunner: Finish  *****

// * Export *
  benchmarks/FusionHour/results/wide-v2/results/Tl.FusionExperiment.FusionBenchmarks-report.csv
  benchmarks/FusionHour/results/wide-v2/results/Tl.FusionExperiment.FusionBenchmarks-report-github.md
  benchmarks/FusionHour/results/wide-v2/results/Tl.FusionExperiment.FusionBenchmarks-report.html
  benchmarks/FusionHour/results/wide-v2/results/Tl.FusionExperiment.FusionBenchmarks-report-full.json

// * Detailed results *
FusionBenchmarks.InterpreterSingle: JitCore4(IterationCount=12, IterationTime=250ms, WarmupCount=16) [Pattern=Sequential]
Runtime = ; GC = 
There are not any results runs

// * Summary *

BenchmarkDotNet v0.15.8, Linux Omarchy
Intel Core i9-14900K 0.80GHz, 1 CPU, 32 logical and 24 physical cores
.NET SDK 10.0.400
  [Host] : .NET 10.0.11 (10.0.11, 10.0.1126.37416), X64 RyuJIT x86-64-v3

Job=JitCore4  IterationCount=12  IterationTime=250ms  
WarmupCount=16  

| Method            | Pattern    | Mean | Error | Median | Ratio | RatioSD | Alloc Ratio |
|------------------ |----------- |-----:|------:|-------:|------:|--------:|------------:|
| InterpreterSingle | Sequential |   NA |    NA |     NA |     ? |       ? |           ? |

Benchmarks with issues:
  FusionBenchmarks.InterpreterSingle: JitCore4(IterationCount=12, IterationTime=250ms, WarmupCount=16) [Pattern=Sequential]

// * Warnings *
BaselineCustomAnalyzer
  Summary -> A question mark '?' symbol indicates that it was not possible to compute the (Ratio, RatioSD, Alloc Ratio) column(s) because the baseline or benchmark could not be found, or the baseline value is too close to zero.

// * Legends *
  Pattern     : Value of the 'Pattern' parameter
  Mean        : Arithmetic mean of all measurements
  Error       : Half of 99.9% confidence interval
  Median      : Value separating the higher half of all measurements (50th percentile)
  Ratio       : Mean of the ratio distribution ([Current]/[Baseline])
  RatioSD     : Standard deviation of the ratio distribution ([Current]/[Baseline])
  Alloc Ratio : Allocated memory ratio distribution ([Current]/[Baseline])
  1 ns        : 1 Nanosecond (0.000000001 sec)

// * Diagnostic Output - MemoryDiagnoser *


// ***** BenchmarkRunner: End *****
Run time: 00:00:00 (0 sec), executed benchmarks: 0

Global total time: 00:00:00 (0.07 sec), executed benchmarks: 0
// * Artifacts cleanup *
Artifacts cleanup is finished
