PAIR-HANDLES PARITY PASS: 8192 rows x 240 steps over 8 variant timelines, forward and backward, bit-exact
host: Unix 7.2.5.3, .NET 10.0.12, procs 32
benchmark artifacts: /tmp/ab352/ph-cand-1
// Validating benchmarks:
// ***** BenchmarkRunner: Start   *****
// ***** Found 14 benchmark(s) in total *****
// ***** Building 2 exe(s) in Parallel: Start   *****
// ***** Done, took 00:00:03 (3.51 sec)   *****
// Found 14 benchmarks:
//   PairHandleBenchmarks.Advance: Job-TZECNT(IterationCount=16, IterationTime=200ms, WarmupCount=8) [Shape=LaneUniform]
//   PairHandleBenchmarks.Advance: InProcess(Toolchain=InProcessEmitToolchain) [Shape=LaneUniform]
//   PairHandleBenchmarks.Advance: Job-TZECNT(IterationCount=16, IterationTime=200ms, WarmupCount=8) [Shape=PairOne]
//   PairHandleBenchmarks.Advance: InProcess(Toolchain=InProcessEmitToolchain) [Shape=PairOne]
//   PairHandleBenchmarks.Advance: Job-TZECNT(IterationCount=16, IterationTime=200ms, WarmupCount=8) [Shape=PairRuns8]
//   PairHandleBenchmarks.Advance: InProcess(Toolchain=InProcessEmitToolchain) [Shape=PairRuns8]
//   PairHandleBenchmarks.Advance: Job-TZECNT(IterationCount=16, IterationTime=200ms, WarmupCount=8) [Shape=PairAlternating8]
//   PairHandleBenchmarks.Advance: InProcess(Toolchain=InProcessEmitToolchain) [Shape=PairAlternating8]
//   PairHandleBenchmarks.Advance: Job-TZECNT(IterationCount=16, IterationTime=200ms, WarmupCount=8) [Shape=PairRuns8Waves]
//   PairHandleBenchmarks.Advance: InProcess(Toolchain=InProcessEmitToolchain) [Shape=PairRuns8Waves]
//   PairHandleBenchmarks.Advance: Job-TZECNT(IterationCount=16, IterationTime=200ms, WarmupCount=8) [Shape=PairBlocks8Waves]
//   PairHandleBenchmarks.Advance: InProcess(Toolchain=InProcessEmitToolchain) [Shape=PairBlocks8Waves]
//   PairHandleBenchmarks.Advance: Job-TZECNT(IterationCount=16, IterationTime=200ms, WarmupCount=8) [Shape=PairA(...)Waves [21]]
//   PairHandleBenchmarks.Advance: InProcess(Toolchain=InProcessEmitToolchain) [Shape=PairA(...)Waves [21]]

// **************************
// Benchmark: PairHandleBenchmarks.Advance: Job-TZECNT(IterationCount=16, IterationTime=200ms, WarmupCount=8) [Shape=LaneUniform]
// *** Execute ***
// Launch: 1 / 1
// Execute: dotnet PairHandles-Job-TZECNT-1.dll --anonymousPipes 138 139 --benchmarkName "PairHandles.PairHandleBenchmarks.Advance(Shape: LaneUniform)" --job "IterationCount=16, IterationTime=200ms, WarmupCount=8" --benchmarkId 0 in /home/i/GitHub/tl-w352/benchmarks/PairHandles/bin/Release/net10.0/PairHandles-Job-TZECNT-1/bin/Release/net10.0
// Failed to set up high priority (Permission denied). In order to run benchmarks with high priority, make sure you have the right permissions.
// BeforeAnythingElse

// Benchmark Process Environment Information:
// BenchmarkDotNet v0.15.8
// Runtime=.NET 10.0.12 (10.0.12, 10.0.1226.42308), X64 RyuJIT x86-64-v3
// GC=Concurrent Workstation
// HardwareIntrinsics=AVX2+BMI1+BMI2+F16C+FMA+LZCNT+MOVBE,AVX,SSE3+SSSE3+SSE4.1+SSE4.2+POPCNT,X86Base+SSE+SSE2,AES+PCLMUL,AvxVnni,SERIALIZE VectorSize=256
// Job: Job-TZECNT(IterationCount=16, IterationTime=200ms, WarmupCount=8)

OverheadJitting  1: 1 op, 80126.00 ns, 80.1260 us/op
WorkloadJitting  1: 1 op, 10642582.00 ns, 10.6426 ms/op

OverheadJitting  2: 16 op, 98662.00 ns, 6.1664 us/op
WorkloadJitting  2: 16 op, 637888.00 ns, 39.8680 us/op

WorkloadPilot    1: 16 op, 529146.00 ns, 33.0716 us/op
WorkloadPilot    2: 6048 op, 195920671.00 ns, 32.3943 us/op
WorkloadPilot    3: 6176 op, 195640168.00 ns, 31.6775 us/op
WorkloadPilot    4: 6320 op, 198009206.00 ns, 31.3306 us/op
WorkloadPilot    5: 6384 op, 200808994.00 ns, 31.4550 us/op
WorkloadPilot    6: 6368 op, 200769252.00 ns, 31.5278 us/op
WorkloadPilot    7: 6352 op, 199114851.00 ns, 31.3468 us/op
WorkloadPilot    8: 6384 op, 200349180.00 ns, 31.3830 us/op

OverheadWarmup   1: 6384 op, 12009.00 ns, 1.8811 ns/op
OverheadWarmup   2: 6384 op, 11417.00 ns, 1.7884 ns/op
OverheadWarmup   3: 6384 op, 11360.00 ns, 1.7794 ns/op
OverheadWarmup   4: 6384 op, 11295.00 ns, 1.7693 ns/op
OverheadWarmup   5: 6384 op, 11331.00 ns, 1.7749 ns/op
OverheadWarmup   6: 6384 op, 11268.00 ns, 1.7650 ns/op
OverheadWarmup   7: 6384 op, 10508.00 ns, 1.6460 ns/op
OverheadWarmup   8: 6384 op, 10477.00 ns, 1.6411 ns/op
OverheadWarmup   9: 6384 op, 10516.00 ns, 1.6472 ns/op
OverheadWarmup  10: 6384 op, 10477.00 ns, 1.6411 ns/op

OverheadActual   1: 6384 op, 11051.00 ns, 1.7310 ns/op
OverheadActual   2: 6384 op, 10757.00 ns, 1.6850 ns/op
OverheadActual   3: 6384 op, 10748.00 ns, 1.6836 ns/op
OverheadActual   4: 6384 op, 10596.00 ns, 1.6598 ns/op
OverheadActual   5: 6384 op, 10757.00 ns, 1.6850 ns/op
OverheadActual   6: 6384 op, 10551.00 ns, 1.6527 ns/op
OverheadActual   7: 6384 op, 10493.00 ns, 1.6436 ns/op
OverheadActual   8: 6384 op, 10493.00 ns, 1.6436 ns/op
OverheadActual   9: 6384 op, 11283.00 ns, 1.7674 ns/op
OverheadActual  10: 6384 op, 10473.00 ns, 1.6405 ns/op
OverheadActual  11: 6384 op, 10615.00 ns, 1.6628 ns/op
OverheadActual  12: 6384 op, 10483.00 ns, 1.6421 ns/op
OverheadActual  13: 6384 op, 10491.00 ns, 1.6433 ns/op
OverheadActual  14: 6384 op, 10501.00 ns, 1.6449 ns/op
OverheadActual  15: 6384 op, 13401.00 ns, 2.0992 ns/op

WorkloadWarmup   1: 6384 op, 223145000.00 ns, 34.9538 us/op
WorkloadWarmup   2: 6384 op, 210543529.00 ns, 32.9799 us/op
WorkloadWarmup   3: 6384 op, 201103609.00 ns, 31.5012 us/op
WorkloadWarmup   4: 6384 op, 217520927.00 ns, 34.0728 us/op
WorkloadWarmup   5: 6384 op, 203159251.00 ns, 31.8232 us/op
WorkloadWarmup   6: 6384 op, 203482118.00 ns, 31.8738 us/op
WorkloadWarmup   7: 6384 op, 202797537.00 ns, 31.7665 us/op
WorkloadWarmup   8: 6384 op, 200275757.00 ns, 31.3715 us/op

// BeforeActualRun
WorkloadActual   1: 6384 op, 222144695.00 ns, 34.7971 us/op
WorkloadActual   2: 6384 op, 221967245.00 ns, 34.7693 us/op
WorkloadActual   3: 6384 op, 206188076.00 ns, 32.2976 us/op
WorkloadActual   4: 6384 op, 206343015.00 ns, 32.3219 us/op
WorkloadActual   5: 6384 op, 201650744.00 ns, 31.5869 us/op
WorkloadActual   6: 6384 op, 222038678.00 ns, 34.7805 us/op
WorkloadActual   7: 6384 op, 222218049.00 ns, 34.8086 us/op
WorkloadActual   8: 6384 op, 202788108.00 ns, 31.7651 us/op
WorkloadActual   9: 6384 op, 203275078.00 ns, 31.8413 us/op
WorkloadActual  10: 6384 op, 202173743.00 ns, 31.6688 us/op
WorkloadActual  11: 6384 op, 199892431.00 ns, 31.3115 us/op
WorkloadActual  12: 6384 op, 200094496.00 ns, 31.3431 us/op
WorkloadActual  13: 6384 op, 200199858.00 ns, 31.3596 us/op
WorkloadActual  14: 6384 op, 202759045.00 ns, 31.7605 us/op
WorkloadActual  15: 6384 op, 199893000.00 ns, 31.3116 us/op
WorkloadActual  16: 6384 op, 200264825.00 ns, 31.3698 us/op

// AfterActualRun
WorkloadResult   1: 6384 op, 222134099.00 ns, 34.7954 us/op
WorkloadResult   2: 6384 op, 221956649.00 ns, 34.7676 us/op
WorkloadResult   3: 6384 op, 206177480.00 ns, 32.2960 us/op
WorkloadResult   4: 6384 op, 206332419.00 ns, 32.3202 us/op
WorkloadResult   5: 6384 op, 201640148.00 ns, 31.5852 us/op
WorkloadResult   6: 6384 op, 222028082.00 ns, 34.7788 us/op
WorkloadResult   7: 6384 op, 222207453.00 ns, 34.8069 us/op
WorkloadResult   8: 6384 op, 202777512.00 ns, 31.7634 us/op
WorkloadResult   9: 6384 op, 203264482.00 ns, 31.8397 us/op
WorkloadResult  10: 6384 op, 202163147.00 ns, 31.6672 us/op
WorkloadResult  11: 6384 op, 199881835.00 ns, 31.3098 us/op
WorkloadResult  12: 6384 op, 200083900.00 ns, 31.3415 us/op
WorkloadResult  13: 6384 op, 200189262.00 ns, 31.3580 us/op
WorkloadResult  14: 6384 op, 202748449.00 ns, 31.7588 us/op
WorkloadResult  15: 6384 op, 199882404.00 ns, 31.3099 us/op
WorkloadResult  16: 6384 op, 200254229.00 ns, 31.3681 us/op
// GC:  0 0 0 0 6384
// Threading:  0 0 6384

// AfterAll
// Benchmark Process 165907 has exited with code 0.

Mean = 32.442 us, StdErr = 0.358 us (1.10%), N = 16, StdDev = 1.432 us
Min = 31.310 us, Q1 = 31.366 us, Median = 31.761 us, Q3 = 32.932 us, Max = 34.807 us
IQR = 1.566 us, LowerFence = 29.016 us, UpperFence = 35.282 us
ConfidenceInterval = [30.983 us; 33.900 us] (CI 99.9%), Margin = 1.458 us (4.49% of Mean)
Skewness = 0.91, Kurtosis = 1.93, MValue = 2.67

// ** Remained 13 (92.9 %) benchmark(s) to run. Estimated finish 2026-09-22 5:28 (0h 1m from now) **
// **************************
// Benchmark: PairHandleBenchmarks.Advance: InProcess(Toolchain=InProcessEmitToolchain) [Shape=LaneUniform]
// *** Execute ***
// Launch: 1 / 1
// ! Failed to set up priority High for process System.Diagnostics.Process (PairHandles). Make sure you have the right permissions. Message: Permission denied

// Benchmark Process Environment Information:
// BenchmarkDotNet v0.15.8
// Runtime=.NET 10.0.12 (10.0.12, 10.0.1226.42308), X64 RyuJIT x86-64-v3
// GC=Concurrent Workstation
// HardwareIntrinsics=AVX2+BMI1+BMI2+F16C+FMA+LZCNT+MOVBE,AVX,SSE3+SSSE3+SSE4.1+SSE4.2+POPCNT,X86Base+SSE+SSE2,AES+PCLMUL,AvxVnni,SERIALIZE VectorSize=256
// Job: Job-JWQWGO(Toolchain=InProcessEmitToolchain)

OverheadJitting  1: 1 op, 82998.00 ns, 82.9980 us/op
WorkloadJitting  1: 1 op, 2018898.00 ns, 2.0189 ms/op

OverheadJitting  2: 16 op, 114473.00 ns, 7.1546 us/op
WorkloadJitting  2: 16 op, 702812.00 ns, 43.9258 us/op

WorkloadPilot    1: 16 op, 559399.00 ns, 34.9624 us/op
WorkloadPilot    2: 32 op, 1068966.00 ns, 33.4052 us/op
WorkloadPilot    3: 64 op, 2103030.00 ns, 32.8598 us/op
WorkloadPilot    4: 128 op, 4209086.00 ns, 32.8835 us/op
WorkloadPilot    5: 256 op, 8380425.00 ns, 32.7360 us/op
WorkloadPilot    6: 512 op, 16767444.00 ns, 32.7489 us/op
WorkloadPilot    7: 1024 op, 33472145.00 ns, 32.6876 us/op
WorkloadPilot    8: 2048 op, 66695285.00 ns, 32.5661 us/op
WorkloadPilot    9: 4096 op, 139634403.00 ns, 34.0904 us/op
WorkloadPilot   10: 8192 op, 266379236.00 ns, 32.5170 us/op
WorkloadPilot   11: 16384 op, 531667148.00 ns, 32.4504 us/op

OverheadWarmup   1: 16384 op, 23678.00 ns, 1.4452 ns/op
OverheadWarmup   2: 16384 op, 20208.00 ns, 1.2334 ns/op
OverheadWarmup   3: 16384 op, 20236.00 ns, 1.2351 ns/op
OverheadWarmup   4: 16384 op, 20273.00 ns, 1.2374 ns/op
OverheadWarmup   5: 16384 op, 24292.00 ns, 1.4827 ns/op
OverheadWarmup   6: 16384 op, 20036.00 ns, 1.2229 ns/op
OverheadWarmup   7: 16384 op, 20049.00 ns, 1.2237 ns/op
OverheadWarmup   8: 16384 op, 20058.00 ns, 1.2242 ns/op
OverheadWarmup   9: 16384 op, 20046.00 ns, 1.2235 ns/op

OverheadActual   1: 16384 op, 21290.00 ns, 1.2994 ns/op
OverheadActual   2: 16384 op, 20196.00 ns, 1.2327 ns/op
OverheadActual   3: 16384 op, 23469.00 ns, 1.4324 ns/op
OverheadActual   4: 16384 op, 20047.00 ns, 1.2236 ns/op
OverheadActual   5: 16384 op, 20175.00 ns, 1.2314 ns/op
OverheadActual   6: 16384 op, 21138.00 ns, 1.2902 ns/op
OverheadActual   7: 16384 op, 21127.00 ns, 1.2895 ns/op
OverheadActual   8: 16384 op, 20074.00 ns, 1.2252 ns/op
OverheadActual   9: 16384 op, 20077.00 ns, 1.2254 ns/op
OverheadActual  10: 16384 op, 21109.00 ns, 1.2884 ns/op
OverheadActual  11: 16384 op, 20098.00 ns, 1.2267 ns/op
OverheadActual  12: 16384 op, 20069.00 ns, 1.2249 ns/op
OverheadActual  13: 16384 op, 21119.00 ns, 1.2890 ns/op
OverheadActual  14: 16384 op, 20080.00 ns, 1.2256 ns/op
OverheadActual  15: 16384 op, 20410.00 ns, 1.2457 ns/op

WorkloadWarmup   1: 16384 op, 538649780.00 ns, 32.8766 us/op
WorkloadWarmup   2: 16384 op, 531883335.00 ns, 32.4636 us/op
WorkloadWarmup   3: 16384 op, 536227046.00 ns, 32.7287 us/op
WorkloadWarmup   4: 16384 op, 538083613.00 ns, 32.8420 us/op
WorkloadWarmup   5: 16384 op, 532687280.00 ns, 32.5127 us/op
WorkloadWarmup   6: 16384 op, 539978992.00 ns, 32.9577 us/op
WorkloadWarmup   7: 16384 op, 533053763.00 ns, 32.5350 us/op

WorkloadActual   1: 16384 op, 532162557.00 ns, 32.4806 us/op
WorkloadActual   2: 16384 op, 532437661.00 ns, 32.4974 us/op
WorkloadActual   3: 16384 op, 533314983.00 ns, 32.5510 us/op
WorkloadActual   4: 16384 op, 533146108.00 ns, 32.5407 us/op
WorkloadActual   5: 16384 op, 532896040.00 ns, 32.5254 us/op
WorkloadActual   6: 16384 op, 531890935.00 ns, 32.4640 us/op
WorkloadActual   7: 16384 op, 532782033.00 ns, 32.5184 us/op
WorkloadActual   8: 16384 op, 532469203.00 ns, 32.4993 us/op
WorkloadActual   9: 16384 op, 532508857.00 ns, 32.5018 us/op
WorkloadActual  10: 16384 op, 560148811.00 ns, 34.1888 us/op
WorkloadActual  11: 16384 op, 541176797.00 ns, 33.0308 us/op
WorkloadActual  12: 16384 op, 538777419.00 ns, 32.8844 us/op
WorkloadActual  13: 16384 op, 541114410.00 ns, 33.0270 us/op
WorkloadActual  14: 16384 op, 535448812.00 ns, 32.6812 us/op
WorkloadActual  15: 16384 op, 532570848.00 ns, 32.5055 us/op

WorkloadResult   1: 16384 op, 532142361.00 ns, 32.4794 us/op
WorkloadResult   2: 16384 op, 532417465.00 ns, 32.4962 us/op
WorkloadResult   3: 16384 op, 533294787.00 ns, 32.5497 us/op
WorkloadResult   4: 16384 op, 533125912.00 ns, 32.5394 us/op
WorkloadResult   5: 16384 op, 532875844.00 ns, 32.5242 us/op
WorkloadResult   6: 16384 op, 531870739.00 ns, 32.4628 us/op
WorkloadResult   7: 16384 op, 532761837.00 ns, 32.5172 us/op
WorkloadResult   8: 16384 op, 532449007.00 ns, 32.4981 us/op
WorkloadResult   9: 16384 op, 532488661.00 ns, 32.5005 us/op
WorkloadResult  10: 16384 op, 541156601.00 ns, 33.0296 us/op
WorkloadResult  11: 16384 op, 538757223.00 ns, 32.8831 us/op
WorkloadResult  12: 16384 op, 541094214.00 ns, 33.0258 us/op
WorkloadResult  13: 16384 op, 535428616.00 ns, 32.6800 us/op
WorkloadResult  14: 16384 op, 532550652.00 ns, 32.5043 us/op
// GC:  0 0 0 0 16384
// Threading:  0 0 16384


Mean = 32.621 us, StdErr = 0.054 us (0.17%), N = 14, StdDev = 0.204 us
Min = 32.463 us, Q1 = 32.499 us, Median = 32.521 us, Q3 = 32.647 us, Max = 33.030 us
IQR = 0.149 us, LowerFence = 32.276 us, UpperFence = 32.870 us
ConfidenceInterval = [32.391 us; 32.850 us] (CI 99.9%), Margin = 0.230 us (0.70% of Mean)
Skewness = 1.15, Kurtosis = 2.57, MValue = 2

// ** Remained 12 (85.7 %) benchmark(s) to run. Estimated finish 2026-09-22 5:29 (0h 2m from now) **
// **************************
// Benchmark: PairHandleBenchmarks.Advance: Job-TZECNT(IterationCount=16, IterationTime=200ms, WarmupCount=8) [Shape=PairOne]
// *** Execute ***
// Launch: 1 / 1
// Execute: dotnet PairHandles-Job-TZECNT-1.dll --anonymousPipes 118 119 --benchmarkName "PairHandles.PairHandleBenchmarks.Advance(Shape: PairOne)" --job "IterationCount=16, IterationTime=200ms, WarmupCount=8" --benchmarkId 1 in /home/i/GitHub/tl-w352/benchmarks/PairHandles/bin/Release/net10.0/PairHandles-Job-TZECNT-1/bin/Release/net10.0
// Failed to set up high priority (Permission denied). In order to run benchmarks with high priority, make sure you have the right permissions.
// BeforeAnythingElse

// Benchmark Process Environment Information:
// BenchmarkDotNet v0.15.8
// Runtime=.NET 10.0.12 (10.0.12, 10.0.1226.42308), X64 RyuJIT x86-64-v3
// GC=Concurrent Workstation
// HardwareIntrinsics=AVX2+BMI1+BMI2+F16C+FMA+LZCNT+MOVBE,AVX,SSE3+SSSE3+SSE4.1+SSE4.2+POPCNT,X86Base+SSE+SSE2,AES+PCLMUL,AvxVnni,SERIALIZE VectorSize=256
// Job: Job-TZECNT(IterationCount=16, IterationTime=200ms, WarmupCount=8)

OverheadJitting  1: 1 op, 75626.00 ns, 75.6260 us/op
WorkloadJitting  1: 1 op, 10275634.00 ns, 10.2756 ms/op

OverheadJitting  2: 16 op, 110332.00 ns, 6.8958 us/op
WorkloadJitting  2: 16 op, 688634.00 ns, 43.0396 us/op

WorkloadPilot    1: 16 op, 586150.00 ns, 36.6344 us/op
WorkloadPilot    2: 5472 op, 183958385.00 ns, 33.6181 us/op
WorkloadPilot    3: 5952 op, 207592499.00 ns, 34.8778 us/op
WorkloadPilot    4: 5744 op, 186208477.00 ns, 32.4179 us/op
WorkloadPilot    5: 6176 op, 208992936.00 ns, 33.8395 us/op
WorkloadPilot    6: 5920 op, 205472572.00 ns, 34.7082 us/op

OverheadWarmup   1: 5920 op, 11544.00 ns, 1.9500 ns/op
OverheadWarmup   2: 5920 op, 9918.00 ns, 1.6753 ns/op
OverheadWarmup   3: 5920 op, 9237.00 ns, 1.5603 ns/op
OverheadWarmup   4: 5920 op, 9244.00 ns, 1.5615 ns/op
OverheadWarmup   5: 5920 op, 9284.00 ns, 1.5682 ns/op
OverheadWarmup   6: 5920 op, 9274.00 ns, 1.5666 ns/op
OverheadWarmup   7: 5920 op, 10541.00 ns, 1.7806 ns/op
OverheadWarmup   8: 5920 op, 9244.00 ns, 1.5615 ns/op

OverheadActual   1: 5920 op, 9537.00 ns, 1.6110 ns/op
OverheadActual   2: 5920 op, 9677.00 ns, 1.6346 ns/op
OverheadActual   3: 5920 op, 9512.00 ns, 1.6068 ns/op
OverheadActual   4: 5920 op, 9951.00 ns, 1.6809 ns/op
OverheadActual   5: 5920 op, 9632.00 ns, 1.6270 ns/op
OverheadActual   6: 5920 op, 9442.00 ns, 1.5949 ns/op
OverheadActual   7: 5920 op, 9440.00 ns, 1.5946 ns/op
OverheadActual   8: 5920 op, 9417.00 ns, 1.5907 ns/op
OverheadActual   9: 5920 op, 9411.00 ns, 1.5897 ns/op
OverheadActual  10: 5920 op, 9433.00 ns, 1.5934 ns/op
OverheadActual  11: 5920 op, 9428.00 ns, 1.5926 ns/op
OverheadActual  12: 5920 op, 9448.00 ns, 1.5959 ns/op
OverheadActual  13: 5920 op, 10693.00 ns, 1.8063 ns/op
OverheadActual  14: 5920 op, 9415.00 ns, 1.5904 ns/op
OverheadActual  15: 5920 op, 9585.00 ns, 1.6191 ns/op

WorkloadWarmup   1: 5920 op, 186492627.00 ns, 31.5021 us/op
WorkloadWarmup   2: 5920 op, 184489197.00 ns, 31.1637 us/op
WorkloadWarmup   3: 5920 op, 184997390.00 ns, 31.2496 us/op
WorkloadWarmup   4: 5920 op, 202082028.00 ns, 34.1355 us/op
WorkloadWarmup   5: 5920 op, 203699863.00 ns, 34.4088 us/op
WorkloadWarmup   6: 5920 op, 206499263.00 ns, 34.8816 us/op
WorkloadWarmup   7: 5920 op, 188299439.00 ns, 31.8073 us/op
WorkloadWarmup   8: 5920 op, 184718012.00 ns, 31.2024 us/op

// BeforeActualRun
WorkloadActual   1: 5920 op, 184714440.00 ns, 31.2018 us/op
WorkloadActual   2: 5920 op, 184422721.00 ns, 31.1525 us/op
WorkloadActual   3: 5920 op, 184851446.00 ns, 31.2249 us/op
WorkloadActual   4: 5920 op, 196008398.00 ns, 33.1095 us/op
WorkloadActual   5: 5920 op, 204872209.00 ns, 34.6068 us/op
WorkloadActual   6: 5920 op, 195955357.00 ns, 33.1006 us/op
WorkloadActual   7: 5920 op, 201349225.00 ns, 34.0117 us/op
WorkloadActual   8: 5920 op, 205782360.00 ns, 34.7605 us/op
WorkloadActual   9: 5920 op, 205240268.00 ns, 34.6690 us/op
WorkloadActual  10: 5920 op, 199470633.00 ns, 33.6944 us/op
WorkloadActual  11: 5920 op, 211137213.00 ns, 35.6651 us/op
WorkloadActual  12: 5920 op, 205085053.00 ns, 34.6427 us/op
WorkloadActual  13: 5920 op, 205739348.00 ns, 34.7533 us/op
WorkloadActual  14: 5920 op, 203791200.00 ns, 34.4242 us/op
WorkloadActual  15: 5920 op, 203273162.00 ns, 34.3367 us/op
WorkloadActual  16: 5920 op, 185328894.00 ns, 31.3056 us/op

// AfterActualRun
WorkloadResult   1: 5920 op, 184704992.00 ns, 31.2002 us/op
WorkloadResult   2: 5920 op, 184413273.00 ns, 31.1509 us/op
WorkloadResult   3: 5920 op, 184841998.00 ns, 31.2233 us/op
WorkloadResult   4: 5920 op, 195998950.00 ns, 33.1079 us/op
WorkloadResult   5: 5920 op, 204862761.00 ns, 34.6052 us/op
WorkloadResult   6: 5920 op, 195945909.00 ns, 33.0990 us/op
WorkloadResult   7: 5920 op, 201339777.00 ns, 34.0101 us/op
WorkloadResult   8: 5920 op, 205772912.00 ns, 34.7589 us/op
WorkloadResult   9: 5920 op, 205230820.00 ns, 34.6674 us/op
WorkloadResult  10: 5920 op, 199461185.00 ns, 33.6928 us/op
WorkloadResult  11: 5920 op, 211127765.00 ns, 35.6635 us/op
WorkloadResult  12: 5920 op, 205075605.00 ns, 34.6411 us/op
WorkloadResult  13: 5920 op, 205729900.00 ns, 34.7517 us/op
WorkloadResult  14: 5920 op, 203781752.00 ns, 34.4226 us/op
WorkloadResult  15: 5920 op, 203263714.00 ns, 34.3351 us/op
WorkloadResult  16: 5920 op, 185319446.00 ns, 31.3040 us/op
// GC:  0 0 0 0 5920
// Threading:  0 0 5920

// AfterAll
// Benchmark Process 165971 has exited with code 0.

Mean = 33.540 us, StdErr = 0.380 us (1.13%), N = 16, StdDev = 1.520 us
Min = 31.151 us, Q1 = 32.650 us, Median = 34.173 us, Q3 = 34.648 us, Max = 35.663 us
IQR = 1.997 us, LowerFence = 29.654 us, UpperFence = 37.644 us
ConfidenceInterval = [31.992 us; 35.088 us] (CI 99.9%), Margin = 1.548 us (4.62% of Mean)
Skewness = -0.56, Kurtosis = 1.71, MValue = 2.44

// ** Remained 11 (78.6 %) benchmark(s) to run. Estimated finish 2026-09-22 5:29 (0h 1m from now) **
// **************************
// Benchmark: PairHandleBenchmarks.Advance: InProcess(Toolchain=InProcessEmitToolchain) [Shape=PairOne]
// *** Execute ***
// Launch: 1 / 1
// ! Failed to set up priority High for process System.Diagnostics.Process (PairHandles). Make sure you have the right permissions. Message: Permission denied

// Benchmark Process Environment Information:
// BenchmarkDotNet v0.15.8
// Runtime=.NET 10.0.12 (10.0.12, 10.0.1226.42308), X64 RyuJIT x86-64-v3
// GC=Concurrent Workstation
// HardwareIntrinsics=AVX2+BMI1+BMI2+F16C+FMA+LZCNT+MOVBE,AVX,SSE3+SSSE3+SSE4.1+SSE4.2+POPCNT,X86Base+SSE+SSE2,AES+PCLMUL,AvxVnni,SERIALIZE VectorSize=256
// Job: Job-JWQWGO(Toolchain=InProcessEmitToolchain)

OverheadJitting  1: 1 op, 104220.00 ns, 104.2200 us/op
WorkloadJitting  1: 1 op, 129433.00 ns, 129.4330 us/op

OverheadJitting  2: 16 op, 113582.00 ns, 7.0989 us/op
WorkloadJitting  2: 16 op, 2346688.00 ns, 146.6680 us/op

WorkloadPilot    1: 16 op, 766613.00 ns, 47.9133 us/op
WorkloadPilot    2: 32 op, 1144666.00 ns, 35.7708 us/op
WorkloadPilot    3: 64 op, 2208487.00 ns, 34.5076 us/op
WorkloadPilot    4: 128 op, 4242025.00 ns, 33.1408 us/op
WorkloadPilot    5: 256 op, 8475197.00 ns, 33.1062 us/op
WorkloadPilot    6: 512 op, 16927686.00 ns, 33.0619 us/op
WorkloadPilot    7: 1024 op, 33812470.00 ns, 33.0200 us/op
WorkloadPilot    8: 2048 op, 64807589.00 ns, 31.6443 us/op
WorkloadPilot    9: 4096 op, 122742623.00 ns, 29.9665 us/op
WorkloadPilot   10: 8192 op, 265861161.00 ns, 32.4538 us/op
WorkloadPilot   11: 16384 op, 505059038.00 ns, 30.8264 us/op

OverheadWarmup   1: 16384 op, 22227.00 ns, 1.3566 ns/op
OverheadWarmup   2: 16384 op, 20881.00 ns, 1.2745 ns/op
OverheadWarmup   3: 16384 op, 20709.00 ns, 1.2640 ns/op
OverheadWarmup   4: 16384 op, 20719.00 ns, 1.2646 ns/op
OverheadWarmup   5: 16384 op, 20340.00 ns, 1.2415 ns/op
OverheadWarmup   6: 16384 op, 20291.00 ns, 1.2385 ns/op
OverheadWarmup   7: 16384 op, 20368.00 ns, 1.2432 ns/op
OverheadWarmup   8: 16384 op, 20343.00 ns, 1.2416 ns/op

OverheadActual   1: 16384 op, 20376.00 ns, 1.2437 ns/op
OverheadActual   2: 16384 op, 21091.00 ns, 1.2873 ns/op
OverheadActual   3: 16384 op, 20382.00 ns, 1.2440 ns/op
OverheadActual   4: 16384 op, 20358.00 ns, 1.2426 ns/op
OverheadActual   5: 16384 op, 21074.00 ns, 1.2863 ns/op
OverheadActual   6: 16384 op, 21073.00 ns, 1.2862 ns/op
OverheadActual   7: 16384 op, 21092.00 ns, 1.2874 ns/op
OverheadActual   8: 16384 op, 21053.00 ns, 1.2850 ns/op
OverheadActual   9: 16384 op, 21052.00 ns, 1.2849 ns/op
OverheadActual  10: 16384 op, 21100.00 ns, 1.2878 ns/op
OverheadActual  11: 16384 op, 21088.00 ns, 1.2871 ns/op
OverheadActual  12: 16384 op, 21063.00 ns, 1.2856 ns/op
OverheadActual  13: 16384 op, 21102.00 ns, 1.2880 ns/op
OverheadActual  14: 16384 op, 21088.00 ns, 1.2871 ns/op
OverheadActual  15: 16384 op, 21085.00 ns, 1.2869 ns/op

WorkloadWarmup   1: 16384 op, 525508893.00 ns, 32.0745 us/op
WorkloadWarmup   2: 16384 op, 496399321.00 ns, 30.2978 us/op
WorkloadWarmup   3: 16384 op, 484900255.00 ns, 29.5960 us/op
WorkloadWarmup   4: 16384 op, 491028682.00 ns, 29.9700 us/op
WorkloadWarmup   5: 16384 op, 495420546.00 ns, 30.2381 us/op
WorkloadWarmup   6: 16384 op, 499252772.00 ns, 30.4720 us/op
WorkloadWarmup   7: 16384 op, 526132044.00 ns, 32.1126 us/op
WorkloadWarmup   8: 16384 op, 549926972.00 ns, 33.5649 us/op
WorkloadWarmup   9: 16384 op, 497092595.00 ns, 30.3401 us/op
WorkloadWarmup  10: 16384 op, 494662079.00 ns, 30.1918 us/op
WorkloadWarmup  11: 16384 op, 490248211.00 ns, 29.9224 us/op
WorkloadWarmup  12: 16384 op, 487225186.00 ns, 29.7379 us/op
WorkloadWarmup  13: 16384 op, 486882048.00 ns, 29.7169 us/op
WorkloadWarmup  14: 16384 op, 485208479.00 ns, 29.6148 us/op
WorkloadWarmup  15: 16384 op, 525129694.00 ns, 32.0514 us/op
WorkloadWarmup  16: 16384 op, 491130736.00 ns, 29.9762 us/op

WorkloadActual   1: 16384 op, 534065254.00 ns, 32.5968 us/op
WorkloadActual   2: 16384 op, 488275031.00 ns, 29.8019 us/op
WorkloadActual   3: 16384 op, 488540833.00 ns, 29.8182 us/op
WorkloadActual   4: 16384 op, 494056578.00 ns, 30.1548 us/op
WorkloadActual   5: 16384 op, 485164812.00 ns, 29.6121 us/op
WorkloadActual   6: 16384 op, 485493519.00 ns, 29.6322 us/op
WorkloadActual   7: 16384 op, 483586069.00 ns, 29.5158 us/op
WorkloadActual   8: 16384 op, 491359355.00 ns, 29.9902 us/op
WorkloadActual   9: 16384 op, 484419960.00 ns, 29.5666 us/op
WorkloadActual  10: 16384 op, 484983825.00 ns, 29.6011 us/op
WorkloadActual  11: 16384 op, 484182151.00 ns, 29.5521 us/op
WorkloadActual  12: 16384 op, 488811651.00 ns, 29.8347 us/op
WorkloadActual  13: 16384 op, 499110364.00 ns, 30.4633 us/op
WorkloadActual  14: 16384 op, 499737924.00 ns, 30.5016 us/op
WorkloadActual  15: 16384 op, 494020887.00 ns, 30.1526 us/op

WorkloadResult   1: 16384 op, 488253957.00 ns, 29.8007 us/op
WorkloadResult   2: 16384 op, 488519759.00 ns, 29.8169 us/op
WorkloadResult   3: 16384 op, 494035504.00 ns, 30.1535 us/op
WorkloadResult   4: 16384 op, 485143738.00 ns, 29.6108 us/op
WorkloadResult   5: 16384 op, 485472445.00 ns, 29.6309 us/op
WorkloadResult   6: 16384 op, 483564995.00 ns, 29.5145 us/op
WorkloadResult   7: 16384 op, 491338281.00 ns, 29.9889 us/op
WorkloadResult   8: 16384 op, 484398886.00 ns, 29.5654 us/op
WorkloadResult   9: 16384 op, 484962751.00 ns, 29.5998 us/op
WorkloadResult  10: 16384 op, 484161077.00 ns, 29.5508 us/op
WorkloadResult  11: 16384 op, 488790577.00 ns, 29.8334 us/op
WorkloadResult  12: 16384 op, 499089290.00 ns, 30.4620 us/op
WorkloadResult  13: 16384 op, 499716850.00 ns, 30.5003 us/op
WorkloadResult  14: 16384 op, 493999813.00 ns, 30.1514 us/op
// GC:  0 0 0 1296 16384
// Threading:  0 0 16384


Mean = 29.870 us, StdErr = 0.089 us (0.30%), N = 14, StdDev = 0.334 us
Min = 29.514 us, Q1 = 29.603 us, Median = 29.809 us, Q3 = 30.111 us, Max = 30.500 us
IQR = 0.508 us, LowerFence = 28.840 us, UpperFence = 30.873 us
ConfidenceInterval = [29.493 us; 30.247 us] (CI 99.9%), Margin = 0.377 us (1.26% of Mean)
Skewness = 0.67, Kurtosis = 1.97, MValue = 2

// ** Remained 10 (71.4 %) benchmark(s) to run. Estimated finish 2026-09-22 5:29 (0h 1m from now) **
// **************************
// Benchmark: PairHandleBenchmarks.Advance: Job-TZECNT(IterationCount=16, IterationTime=200ms, WarmupCount=8) [Shape=PairRuns8]
// *** Execute ***
// Launch: 1 / 1
// Execute: dotnet PairHandles-Job-TZECNT-1.dll --anonymousPipes 118 119 --benchmarkName "PairHandles.PairHandleBenchmarks.Advance(Shape: PairRuns8)" --job "IterationCount=16, IterationTime=200ms, WarmupCount=8" --benchmarkId 2 in /home/i/GitHub/tl-w352/benchmarks/PairHandles/bin/Release/net10.0/PairHandles-Job-TZECNT-1/bin/Release/net10.0
// Failed to set up high priority (Permission denied). In order to run benchmarks with high priority, make sure you have the right permissions.
// BeforeAnythingElse

// Benchmark Process Environment Information:
// BenchmarkDotNet v0.15.8
// Runtime=.NET 10.0.12 (10.0.12, 10.0.1226.42308), X64 RyuJIT x86-64-v3
// GC=Concurrent Workstation
// HardwareIntrinsics=AVX2+BMI1+BMI2+F16C+FMA+LZCNT+MOVBE,AVX,SSE3+SSSE3+SSE4.1+SSE4.2+POPCNT,X86Base+SSE+SSE2,AES+PCLMUL,AvxVnni,SERIALIZE VectorSize=256
// Job: Job-TZECNT(IterationCount=16, IterationTime=200ms, WarmupCount=8)

OverheadJitting  1: 1 op, 77554.00 ns, 77.5540 us/op
WorkloadJitting  1: 1 op, 15323398.00 ns, 15.3234 ms/op

WorkloadPilot    1: 4 op, 1075595.00 ns, 268.8988 us/op
WorkloadPilot    2: 744 op, 28586325.00 ns, 38.4225 us/op
WorkloadPilot    3: 5205 op, 193957369.00 ns, 37.2637 us/op
WorkloadPilot    4: 5367 op, 203268546.00 ns, 37.8738 us/op
WorkloadPilot    5: 5281 op, 199600328.00 ns, 37.7959 us/op
WorkloadPilot    6: 5292 op, 193403347.00 ns, 36.5464 us/op
WorkloadPilot    7: 5473 op, 200396898.00 ns, 36.6155 us/op
WorkloadPilot    8: 5462 op, 199650181.00 ns, 36.5526 us/op
WorkloadPilot    9: 5472 op, 200193054.00 ns, 36.5850 us/op

WorkloadWarmup   1: 5472 op, 200948961.00 ns, 36.7231 us/op
WorkloadWarmup   2: 5472 op, 200114407.00 ns, 36.5706 us/op
WorkloadWarmup   3: 5472 op, 200157339.00 ns, 36.5785 us/op
WorkloadWarmup   4: 5472 op, 200033005.00 ns, 36.5557 us/op
WorkloadWarmup   5: 5472 op, 200525902.00 ns, 36.6458 us/op
WorkloadWarmup   6: 5472 op, 201167448.00 ns, 36.7631 us/op
WorkloadWarmup   7: 5472 op, 200038116.00 ns, 36.5567 us/op
WorkloadWarmup   8: 5472 op, 199941339.00 ns, 36.5390 us/op

// BeforeActualRun
WorkloadActual   1: 5472 op, 200088009.00 ns, 36.5658 us/op
WorkloadActual   2: 5472 op, 200362415.00 ns, 36.6159 us/op
WorkloadActual   3: 5472 op, 200729315.00 ns, 36.6830 us/op
WorkloadActual   4: 5472 op, 200260491.00 ns, 36.5973 us/op
WorkloadActual   5: 5472 op, 200126339.00 ns, 36.5728 us/op
WorkloadActual   6: 5472 op, 200114882.00 ns, 36.5707 us/op
WorkloadActual   7: 5472 op, 201227055.00 ns, 36.7740 us/op
WorkloadActual   8: 5472 op, 200780016.00 ns, 36.6923 us/op
WorkloadActual   9: 5472 op, 200173059.00 ns, 36.5813 us/op
WorkloadActual  10: 5472 op, 199955713.00 ns, 36.5416 us/op
WorkloadActual  11: 5472 op, 199951151.00 ns, 36.5408 us/op
WorkloadActual  12: 5472 op, 200007049.00 ns, 36.5510 us/op
WorkloadActual  13: 5472 op, 201959687.00 ns, 36.9078 us/op
WorkloadActual  14: 5472 op, 200495741.00 ns, 36.6403 us/op
WorkloadActual  15: 5472 op, 200719561.00 ns, 36.6812 us/op
WorkloadActual  16: 5472 op, 199985984.00 ns, 36.5471 us/op

// AfterActualRun
WorkloadResult   1: 5472 op, 200088009.00 ns, 36.5658 us/op
WorkloadResult   2: 5472 op, 200362415.00 ns, 36.6159 us/op
WorkloadResult   3: 5472 op, 200729315.00 ns, 36.6830 us/op
WorkloadResult   4: 5472 op, 200260491.00 ns, 36.5973 us/op
WorkloadResult   5: 5472 op, 200126339.00 ns, 36.5728 us/op
WorkloadResult   6: 5472 op, 200114882.00 ns, 36.5707 us/op
WorkloadResult   7: 5472 op, 201227055.00 ns, 36.7740 us/op
WorkloadResult   8: 5472 op, 200780016.00 ns, 36.6923 us/op
WorkloadResult   9: 5472 op, 200173059.00 ns, 36.5813 us/op
WorkloadResult  10: 5472 op, 199955713.00 ns, 36.5416 us/op
WorkloadResult  11: 5472 op, 199951151.00 ns, 36.5408 us/op
WorkloadResult  12: 5472 op, 200007049.00 ns, 36.5510 us/op
WorkloadResult  13: 5472 op, 200495741.00 ns, 36.6403 us/op
WorkloadResult  14: 5472 op, 200719561.00 ns, 36.6812 us/op
WorkloadResult  15: 5472 op, 199985984.00 ns, 36.5471 us/op
// GC:  0 0 0 0 5472
// Threading:  0 0 5472

// AfterAll
// Benchmark Process 166019 has exited with code 0.

Mean = 36.610 us, StdErr = 0.018 us (0.05%), N = 15, StdDev = 0.070 us
Min = 36.541 us, Q1 = 36.558 us, Median = 36.581 us, Q3 = 36.661 us, Max = 36.774 us
IQR = 0.102 us, LowerFence = 36.405 us, UpperFence = 36.814 us
ConfidenceInterval = [36.536 us; 36.685 us] (CI 99.9%), Margin = 0.074 us (0.20% of Mean)
Skewness = 0.86, Kurtosis = 2.56, MValue = 2

// ** Remained 9 (64.3 %) benchmark(s) to run. Estimated finish 2026-09-22 5:29 (0h 1m from now) **
// **************************
// Benchmark: PairHandleBenchmarks.Advance: InProcess(Toolchain=InProcessEmitToolchain) [Shape=PairRuns8]
// *** Execute ***
// Launch: 1 / 1
// ! Failed to set up priority High for process System.Diagnostics.Process (PairHandles). Make sure you have the right permissions. Message: Permission denied

// Benchmark Process Environment Information:
// BenchmarkDotNet v0.15.8
// Runtime=.NET 10.0.12 (10.0.12, 10.0.1226.42308), X64 RyuJIT x86-64-v3
// GC=Concurrent Workstation
// HardwareIntrinsics=AVX2+BMI1+BMI2+F16C+FMA+LZCNT+MOVBE,AVX,SSE3+SSSE3+SSE4.1+SSE4.2+POPCNT,X86Base+SSE+SSE2,AES+PCLMUL,AvxVnni,SERIALIZE VectorSize=256
// Job: Job-JWQWGO(Toolchain=InProcessEmitToolchain)

OverheadJitting  1: 1 op, 97109.00 ns, 97.1090 us/op
WorkloadJitting  1: 1 op, 140011.00 ns, 140.0110 us/op

OverheadJitting  2: 16 op, 145252.00 ns, 9.0783 us/op
WorkloadJitting  2: 16 op, 759439.00 ns, 47.4649 us/op

WorkloadPilot    1: 16 op, 613260.00 ns, 38.3288 us/op
WorkloadPilot    2: 32 op, 1217162.00 ns, 38.0363 us/op
WorkloadPilot    3: 64 op, 2426450.00 ns, 37.9133 us/op
WorkloadPilot    4: 128 op, 4853883.00 ns, 37.9210 us/op
WorkloadPilot    5: 256 op, 9684899.00 ns, 37.8316 us/op
WorkloadPilot    6: 512 op, 19111219.00 ns, 37.3266 us/op
WorkloadPilot    7: 1024 op, 38693404.00 ns, 37.7865 us/op
WorkloadPilot    8: 2048 op, 77873171.00 ns, 38.0240 us/op
WorkloadPilot    9: 4096 op, 154184551.00 ns, 37.6427 us/op
WorkloadPilot   10: 8192 op, 304942955.00 ns, 37.2245 us/op
WorkloadPilot   11: 16384 op, 610241822.00 ns, 37.2462 us/op

OverheadWarmup   1: 16384 op, 22141.00 ns, 1.3514 ns/op
OverheadWarmup   2: 16384 op, 20049.00 ns, 1.2237 ns/op
OverheadWarmup   3: 16384 op, 21050.00 ns, 1.2848 ns/op
OverheadWarmup   4: 16384 op, 20006.00 ns, 1.2211 ns/op
OverheadWarmup   5: 16384 op, 20028.00 ns, 1.2224 ns/op
OverheadWarmup   6: 16384 op, 19996.00 ns, 1.2205 ns/op

OverheadActual   1: 16384 op, 20091.00 ns, 1.2263 ns/op
OverheadActual   2: 16384 op, 21340.00 ns, 1.3025 ns/op
OverheadActual   3: 16384 op, 21260.00 ns, 1.2976 ns/op
OverheadActual   4: 16384 op, 21240.00 ns, 1.2964 ns/op
OverheadActual   5: 16384 op, 21227.00 ns, 1.2956 ns/op
OverheadActual   6: 16384 op, 21101.00 ns, 1.2879 ns/op
OverheadActual   7: 16384 op, 21092.00 ns, 1.2874 ns/op
OverheadActual   8: 16384 op, 21048.00 ns, 1.2847 ns/op
OverheadActual   9: 16384 op, 22253.00 ns, 1.3582 ns/op
OverheadActual  10: 16384 op, 21086.00 ns, 1.2870 ns/op
OverheadActual  11: 16384 op, 21071.00 ns, 1.2861 ns/op
OverheadActual  12: 16384 op, 21057.00 ns, 1.2852 ns/op
OverheadActual  13: 16384 op, 21063.00 ns, 1.2856 ns/op
OverheadActual  14: 16384 op, 21068.00 ns, 1.2859 ns/op
OverheadActual  15: 16384 op, 21076.00 ns, 1.2864 ns/op

WorkloadWarmup   1: 16384 op, 609918450.00 ns, 37.2265 us/op
WorkloadWarmup   2: 16384 op, 611672137.00 ns, 37.3335 us/op
WorkloadWarmup   3: 16384 op, 606659003.00 ns, 37.0275 us/op
WorkloadWarmup   4: 16384 op, 610340299.00 ns, 37.2522 us/op
WorkloadWarmup   5: 16384 op, 608545550.00 ns, 37.1427 us/op
WorkloadWarmup   6: 16384 op, 609533511.00 ns, 37.2030 us/op

WorkloadActual   1: 16384 op, 611593597.00 ns, 37.3287 us/op
WorkloadActual   2: 16384 op, 610713512.00 ns, 37.2750 us/op
WorkloadActual   3: 16384 op, 608806838.00 ns, 37.1586 us/op
WorkloadActual   4: 16384 op, 612929659.00 ns, 37.4103 us/op
WorkloadActual   5: 16384 op, 602402601.00 ns, 36.7677 us/op
WorkloadActual   6: 16384 op, 609462827.00 ns, 37.1987 us/op
WorkloadActual   7: 16384 op, 610443693.00 ns, 37.2585 us/op
WorkloadActual   8: 16384 op, 609399381.00 ns, 37.1948 us/op
WorkloadActual   9: 16384 op, 610079153.00 ns, 37.2363 us/op
WorkloadActual  10: 16384 op, 615894773.00 ns, 37.5912 us/op
WorkloadActual  11: 16384 op, 612402434.00 ns, 37.3781 us/op
WorkloadActual  12: 16384 op, 611356667.00 ns, 37.3142 us/op
WorkloadActual  13: 16384 op, 611099833.00 ns, 37.2986 us/op
WorkloadActual  14: 16384 op, 615927117.00 ns, 37.5932 us/op
WorkloadActual  15: 16384 op, 612482786.00 ns, 37.3830 us/op

WorkloadResult   1: 16384 op, 611572511.00 ns, 37.3274 us/op
WorkloadResult   2: 16384 op, 610692426.00 ns, 37.2737 us/op
WorkloadResult   3: 16384 op, 608785752.00 ns, 37.1573 us/op
WorkloadResult   4: 16384 op, 612908573.00 ns, 37.4090 us/op
WorkloadResult   5: 16384 op, 602381515.00 ns, 36.7664 us/op
WorkloadResult   6: 16384 op, 609441741.00 ns, 37.1974 us/op
WorkloadResult   7: 16384 op, 610422607.00 ns, 37.2572 us/op
WorkloadResult   8: 16384 op, 609378295.00 ns, 37.1935 us/op
WorkloadResult   9: 16384 op, 610058067.00 ns, 37.2350 us/op
WorkloadResult  10: 16384 op, 615873687.00 ns, 37.5899 us/op
WorkloadResult  11: 16384 op, 612381348.00 ns, 37.3768 us/op
WorkloadResult  12: 16384 op, 611335581.00 ns, 37.3130 us/op
WorkloadResult  13: 16384 op, 611078747.00 ns, 37.2973 us/op
WorkloadResult  14: 16384 op, 615906031.00 ns, 37.5919 us/op
WorkloadResult  15: 16384 op, 612461700.00 ns, 37.3817 us/op
// GC:  0 0 0 4656 16384
// Threading:  0 0 16384


Mean = 37.291 us, StdErr = 0.050 us (0.13%), N = 15, StdDev = 0.194 us
Min = 36.766 us, Q1 = 37.216 us, Median = 37.297 us, Q3 = 37.379 us, Max = 37.592 us
IQR = 0.163 us, LowerFence = 36.972 us, UpperFence = 37.624 us
ConfidenceInterval = [37.084 us; 37.499 us] (CI 99.9%), Margin = 0.207 us (0.56% of Mean)
Skewness = -0.84, Kurtosis = 4.36, MValue = 2

// ** Remained 8 (57.1 %) benchmark(s) to run. Estimated finish 2026-09-22 5:29 (0h 1m from now) **
// **************************
// Benchmark: PairHandleBenchmarks.Advance: Job-TZECNT(IterationCount=16, IterationTime=200ms, WarmupCount=8) [Shape=PairAlternating8]
// *** Execute ***
// Launch: 1 / 1
// Execute: dotnet PairHandles-Job-TZECNT-1.dll --anonymousPipes 118 119 --benchmarkName "PairHandles.PairHandleBenchmarks.Advance(Shape: PairAlternating8)" --job "IterationCount=16, IterationTime=200ms, WarmupCount=8" --benchmarkId 3 in /home/i/GitHub/tl-w352/benchmarks/PairHandles/bin/Release/net10.0/PairHandles-Job-TZECNT-1/bin/Release/net10.0
// Failed to set up high priority (Permission denied). In order to run benchmarks with high priority, make sure you have the right permissions.
// BeforeAnythingElse

// Benchmark Process Environment Information:
// BenchmarkDotNet v0.15.8
// Runtime=.NET 10.0.12 (10.0.12, 10.0.1226.42308), X64 RyuJIT x86-64-v3
// GC=Concurrent Workstation
// HardwareIntrinsics=AVX2+BMI1+BMI2+F16C+FMA+LZCNT+MOVBE,AVX,SSE3+SSSE3+SSE4.1+SSE4.2+POPCNT,X86Base+SSE+SSE2,AES+PCLMUL,AvxVnni,SERIALIZE VectorSize=256
// Job: Job-TZECNT(IterationCount=16, IterationTime=200ms, WarmupCount=8)

OverheadJitting  1: 1 op, 76699.00 ns, 76.6990 us/op
WorkloadJitting  1: 1 op, 13396846.00 ns, 13.3968 ms/op

WorkloadPilot    1: 4 op, 306665.00 ns, 76.6663 us/op
WorkloadPilot    2: 2609 op, 171693688.00 ns, 65.8082 us/op
WorkloadPilot    3: 3039 op, 200072573.00 ns, 65.8350 us/op

WorkloadWarmup   1: 3039 op, 198601805.00 ns, 65.3510 us/op
WorkloadWarmup   2: 3039 op, 200867374.00 ns, 66.0965 us/op
WorkloadWarmup   3: 3039 op, 198370758.00 ns, 65.2750 us/op
WorkloadWarmup   4: 3039 op, 201612372.00 ns, 66.3417 us/op
WorkloadWarmup   5: 3039 op, 202842308.00 ns, 66.7464 us/op
WorkloadWarmup   6: 3039 op, 197706695.00 ns, 65.0565 us/op
WorkloadWarmup   7: 3039 op, 197904534.00 ns, 65.1216 us/op
WorkloadWarmup   8: 3039 op, 197086154.00 ns, 64.8523 us/op

// BeforeActualRun
WorkloadActual   1: 3039 op, 196319363.00 ns, 64.6000 us/op
WorkloadActual   2: 3039 op, 202244328.00 ns, 66.5496 us/op
WorkloadActual   3: 3039 op, 200276640.00 ns, 65.9022 us/op
WorkloadActual   4: 3039 op, 196145270.00 ns, 64.5427 us/op
WorkloadActual   5: 3039 op, 200027818.00 ns, 65.8203 us/op
WorkloadActual   6: 3039 op, 198283807.00 ns, 65.2464 us/op
WorkloadActual   7: 3039 op, 200596234.00 ns, 66.0073 us/op
WorkloadActual   8: 3039 op, 198858534.00 ns, 65.4355 us/op
WorkloadActual   9: 3039 op, 195750741.00 ns, 64.4129 us/op
WorkloadActual  10: 3039 op, 199735764.00 ns, 65.7242 us/op
WorkloadActual  11: 3039 op, 197504243.00 ns, 64.9899 us/op
WorkloadActual  12: 3039 op, 198633061.00 ns, 65.3613 us/op
WorkloadActual  13: 3039 op, 196641654.00 ns, 64.7060 us/op
WorkloadActual  14: 3039 op, 196087647.00 ns, 64.5237 us/op
WorkloadActual  15: 3039 op, 195548215.00 ns, 64.3462 us/op
WorkloadActual  16: 3039 op, 195131736.00 ns, 64.2092 us/op

// AfterActualRun
WorkloadResult   1: 3039 op, 196319363.00 ns, 64.6000 us/op
WorkloadResult   2: 3039 op, 202244328.00 ns, 66.5496 us/op
WorkloadResult   3: 3039 op, 200276640.00 ns, 65.9022 us/op
WorkloadResult   4: 3039 op, 196145270.00 ns, 64.5427 us/op
WorkloadResult   5: 3039 op, 200027818.00 ns, 65.8203 us/op
WorkloadResult   6: 3039 op, 198283807.00 ns, 65.2464 us/op
WorkloadResult   7: 3039 op, 200596234.00 ns, 66.0073 us/op
WorkloadResult   8: 3039 op, 198858534.00 ns, 65.4355 us/op
WorkloadResult   9: 3039 op, 195750741.00 ns, 64.4129 us/op
WorkloadResult  10: 3039 op, 199735764.00 ns, 65.7242 us/op
WorkloadResult  11: 3039 op, 197504243.00 ns, 64.9899 us/op
WorkloadResult  12: 3039 op, 198633061.00 ns, 65.3613 us/op
WorkloadResult  13: 3039 op, 196641654.00 ns, 64.7060 us/op
WorkloadResult  14: 3039 op, 196087647.00 ns, 64.5237 us/op
WorkloadResult  15: 3039 op, 195548215.00 ns, 64.3462 us/op
WorkloadResult  16: 3039 op, 195131736.00 ns, 64.2092 us/op
// GC:  0 0 0 0 3039
// Threading:  0 0 3039

// AfterAll
// Benchmark Process 166074 has exited with code 0.

Mean = 65.149 us, StdErr = 0.177 us (0.27%), N = 16, StdDev = 0.709 us
Min = 64.209 us, Q1 = 64.538 us, Median = 65.118 us, Q3 = 65.748 us, Max = 66.550 us
IQR = 1.210 us, LowerFence = 62.723 us, UpperFence = 67.564 us
ConfidenceInterval = [64.427 us; 65.870 us] (CI 99.9%), Margin = 0.722 us (1.11% of Mean)
Skewness = 0.33, Kurtosis = 1.72, MValue = 2

// ** Remained 7 (50.0 %) benchmark(s) to run. Estimated finish 2026-09-22 5:29 (0h 1m from now) **
// **************************
// Benchmark: PairHandleBenchmarks.Advance: InProcess(Toolchain=InProcessEmitToolchain) [Shape=PairAlternating8]
// *** Execute ***
// Launch: 1 / 1
// ! Failed to set up priority High for process System.Diagnostics.Process (PairHandles). Make sure you have the right permissions. Message: Permission denied

// Benchmark Process Environment Information:
// BenchmarkDotNet v0.15.8
// Runtime=.NET 10.0.12 (10.0.12, 10.0.1226.42308), X64 RyuJIT x86-64-v3
// GC=Concurrent Workstation
// HardwareIntrinsics=AVX2+BMI1+BMI2+F16C+FMA+LZCNT+MOVBE,AVX,SSE3+SSSE3+SSE4.1+SSE4.2+POPCNT,X86Base+SSE+SSE2,AES+PCLMUL,AvxVnni,SERIALIZE VectorSize=256
// Job: Job-JWQWGO(Toolchain=InProcessEmitToolchain)

OverheadJitting  1: 1 op, 127806.00 ns, 127.8060 us/op
WorkloadJitting  1: 1 op, 297131.00 ns, 297.1310 us/op

OverheadJitting  2: 16 op, 112612.00 ns, 7.0383 us/op
WorkloadJitting  2: 16 op, 1337724.00 ns, 83.6078 us/op

WorkloadPilot    1: 16 op, 1223987.00 ns, 76.4992 us/op
WorkloadPilot    2: 32 op, 2195114.00 ns, 68.5973 us/op
WorkloadPilot    3: 64 op, 4299230.00 ns, 67.1755 us/op
WorkloadPilot    4: 128 op, 8602494.00 ns, 67.2070 us/op
WorkloadPilot    5: 256 op, 17246981.00 ns, 67.3710 us/op
WorkloadPilot    6: 512 op, 34616393.00 ns, 67.6101 us/op
WorkloadPilot    7: 1024 op, 68594033.00 ns, 66.9864 us/op
WorkloadPilot    8: 2048 op, 136092463.00 ns, 66.4514 us/op
WorkloadPilot    9: 4096 op, 272643798.00 ns, 66.5634 us/op
WorkloadPilot   10: 8192 op, 554689088.00 ns, 67.7111 us/op

OverheadWarmup   1: 8192 op, 11820.00 ns, 1.4429 ns/op
OverheadWarmup   2: 8192 op, 10722.00 ns, 1.3088 ns/op
OverheadWarmup   3: 8192 op, 10635.00 ns, 1.2982 ns/op
OverheadWarmup   4: 8192 op, 10603.00 ns, 1.2943 ns/op
OverheadWarmup   5: 8192 op, 10623.00 ns, 1.2968 ns/op
OverheadWarmup   6: 8192 op, 10608.00 ns, 1.2949 ns/op
OverheadWarmup   7: 8192 op, 10603.00 ns, 1.2943 ns/op
OverheadWarmup   8: 8192 op, 10629.00 ns, 1.2975 ns/op
OverheadWarmup   9: 8192 op, 10598.00 ns, 1.2937 ns/op

OverheadActual   1: 8192 op, 10647.00 ns, 1.2997 ns/op
OverheadActual   2: 8192 op, 10632.00 ns, 1.2979 ns/op
OverheadActual   3: 8192 op, 10653.00 ns, 1.3004 ns/op
OverheadActual   4: 8192 op, 10625.00 ns, 1.2970 ns/op
OverheadActual   5: 8192 op, 10614.00 ns, 1.2957 ns/op
OverheadActual   6: 8192 op, 10634.00 ns, 1.2981 ns/op
OverheadActual   7: 8192 op, 10627.00 ns, 1.2972 ns/op
OverheadActual   8: 8192 op, 10613.00 ns, 1.2955 ns/op
OverheadActual   9: 8192 op, 10629.00 ns, 1.2975 ns/op
OverheadActual  10: 8192 op, 10619.00 ns, 1.2963 ns/op
OverheadActual  11: 8192 op, 10615.00 ns, 1.2958 ns/op
OverheadActual  12: 8192 op, 10632.00 ns, 1.2979 ns/op
OverheadActual  13: 8192 op, 10627.00 ns, 1.2972 ns/op
OverheadActual  14: 8192 op, 10619.00 ns, 1.2963 ns/op
OverheadActual  15: 8192 op, 10613.00 ns, 1.2955 ns/op

WorkloadWarmup   1: 8192 op, 546792108.00 ns, 66.7471 us/op
WorkloadWarmup   2: 8192 op, 547340015.00 ns, 66.8140 us/op
WorkloadWarmup   3: 8192 op, 548073515.00 ns, 66.9035 us/op
WorkloadWarmup   4: 8192 op, 548654173.00 ns, 66.9744 us/op
WorkloadWarmup   5: 8192 op, 546294461.00 ns, 66.6863 us/op
WorkloadWarmup   6: 8192 op, 550656158.00 ns, 67.2188 us/op
WorkloadWarmup   7: 8192 op, 544427887.00 ns, 66.4585 us/op

WorkloadActual   1: 8192 op, 541800159.00 ns, 66.1377 us/op
WorkloadActual   2: 8192 op, 550530794.00 ns, 67.2035 us/op
WorkloadActual   3: 8192 op, 593849787.00 ns, 72.4914 us/op
WorkloadActual   4: 8192 op, 539621450.00 ns, 65.8718 us/op
WorkloadActual   5: 8192 op, 533754684.00 ns, 65.1556 us/op
WorkloadActual   6: 8192 op, 547370703.00 ns, 66.8177 us/op
WorkloadActual   7: 8192 op, 534127652.00 ns, 65.2011 us/op
WorkloadActual   8: 8192 op, 536174501.00 ns, 65.4510 us/op
WorkloadActual   9: 8192 op, 532710665.00 ns, 65.0282 us/op
WorkloadActual  10: 8192 op, 536112957.00 ns, 65.4435 us/op
WorkloadActual  11: 8192 op, 529852612.00 ns, 64.6793 us/op
WorkloadActual  12: 8192 op, 532370409.00 ns, 64.9866 us/op
WorkloadActual  13: 8192 op, 534569642.00 ns, 65.2551 us/op
WorkloadActual  14: 8192 op, 532471800.00 ns, 64.9990 us/op
WorkloadActual  15: 8192 op, 535050302.00 ns, 65.3138 us/op

WorkloadResult   1: 8192 op, 541789532.00 ns, 66.1364 us/op
WorkloadResult   2: 8192 op, 550520167.00 ns, 67.2022 us/op
WorkloadResult   3: 8192 op, 539610823.00 ns, 65.8705 us/op
WorkloadResult   4: 8192 op, 533744057.00 ns, 65.1543 us/op
WorkloadResult   5: 8192 op, 547360076.00 ns, 66.8164 us/op
WorkloadResult   6: 8192 op, 534117025.00 ns, 65.1998 us/op
WorkloadResult   7: 8192 op, 536163874.00 ns, 65.4497 us/op
WorkloadResult   8: 8192 op, 532700038.00 ns, 65.0269 us/op
WorkloadResult   9: 8192 op, 536102330.00 ns, 65.4422 us/op
WorkloadResult  10: 8192 op, 529841985.00 ns, 64.6780 us/op
WorkloadResult  11: 8192 op, 532359782.00 ns, 64.9853 us/op
WorkloadResult  12: 8192 op, 534559015.00 ns, 65.2538 us/op
WorkloadResult  13: 8192 op, 532461173.00 ns, 64.9977 us/op
WorkloadResult  14: 8192 op, 535039675.00 ns, 65.3125 us/op
// GC:  0 0 0 4656 8192
// Threading:  0 0 8192


Mean = 65.538 us, StdErr = 0.194 us (0.30%), N = 14, StdDev = 0.728 us
Min = 64.678 us, Q1 = 65.059 us, Median = 65.283 us, Q3 = 65.765 us, Max = 67.202 us
IQR = 0.707 us, LowerFence = 63.999 us, UpperFence = 66.825 us
ConfidenceInterval = [64.717 us; 66.358 us] (CI 99.9%), Margin = 0.821 us (1.25% of Mean)
Skewness = 1.06, Kurtosis = 2.89, MValue = 2

// ** Remained 6 (42.9 %) benchmark(s) to run. Estimated finish 2026-09-22 5:29 (0h 1m from now) **
// **************************
// Benchmark: PairHandleBenchmarks.Advance: Job-TZECNT(IterationCount=16, IterationTime=200ms, WarmupCount=8) [Shape=PairRuns8Waves]
// *** Execute ***
// Launch: 1 / 1
// Execute: dotnet PairHandles-Job-TZECNT-1.dll --anonymousPipes 118 119 --benchmarkName "PairHandles.PairHandleBenchmarks.Advance(Shape: PairRuns8Waves)" --job "IterationCount=16, IterationTime=200ms, WarmupCount=8" --benchmarkId 4 in /home/i/GitHub/tl-w352/benchmarks/PairHandles/bin/Release/net10.0/PairHandles-Job-TZECNT-1/bin/Release/net10.0
// Failed to set up high priority (Permission denied). In order to run benchmarks with high priority, make sure you have the right permissions.
// BeforeAnythingElse

// Benchmark Process Environment Information:
// BenchmarkDotNet v0.15.8
// Runtime=.NET 10.0.12 (10.0.12, 10.0.1226.42308), X64 RyuJIT x86-64-v3
// GC=Concurrent Workstation
// HardwareIntrinsics=AVX2+BMI1+BMI2+F16C+FMA+LZCNT+MOVBE,AVX,SSE3+SSSE3+SSE4.1+SSE4.2+POPCNT,X86Base+SSE+SSE2,AES+PCLMUL,AvxVnni,SERIALIZE VectorSize=256
// Job: Job-TZECNT(IterationCount=16, IterationTime=200ms, WarmupCount=8)

OverheadJitting  1: 1 op, 76870.00 ns, 76.8700 us/op
WorkloadJitting  1: 1 op, 14887069.00 ns, 14.8871 ms/op

WorkloadPilot    1: 4 op, 1051225.00 ns, 262.8063 us/op
WorkloadPilot    2: 761 op, 26680201.00 ns, 35.0594 us/op
WorkloadPilot    3: 5705 op, 196572614.00 ns, 34.4562 us/op
WorkloadPilot    4: 5804 op, 211756185.00 ns, 36.4845 us/op
WorkloadPilot    5: 5482 op, 199475167.00 ns, 36.3873 us/op
WorkloadPilot    6: 5496 op, 199845175.00 ns, 36.3619 us/op
WorkloadPilot    7: 5500 op, 175952446.00 ns, 31.9914 us/op
WorkloadPilot    8: 6252 op, 197817399.00 ns, 31.6407 us/op
WorkloadPilot    9: 6321 op, 202802578.00 ns, 32.0839 us/op
WorkloadPilot   10: 6234 op, 198891443.00 ns, 31.9043 us/op
WorkloadPilot   11: 6269 op, 222831968.00 ns, 35.5451 us/op

WorkloadWarmup   1: 6269 op, 228051049.00 ns, 36.3776 us/op
WorkloadWarmup   2: 6269 op, 209986208.00 ns, 33.4960 us/op
WorkloadWarmup   3: 6269 op, 227932386.00 ns, 36.3587 us/op
WorkloadWarmup   4: 6269 op, 228136247.00 ns, 36.3912 us/op
WorkloadWarmup   5: 6269 op, 228086676.00 ns, 36.3833 us/op
WorkloadWarmup   6: 6269 op, 213900616.00 ns, 34.1204 us/op
WorkloadWarmup   7: 6269 op, 204013814.00 ns, 32.5433 us/op
WorkloadWarmup   8: 6269 op, 201461333.00 ns, 32.1361 us/op

// BeforeActualRun
WorkloadActual   1: 6269 op, 200613913.00 ns, 32.0009 us/op
WorkloadActual   2: 6269 op, 201338454.00 ns, 32.1165 us/op
WorkloadActual   3: 6269 op, 207056132.00 ns, 33.0286 us/op
WorkloadActual   4: 6269 op, 208671660.00 ns, 33.2863 us/op
WorkloadActual   5: 6269 op, 203772978.00 ns, 32.5049 us/op
WorkloadActual   6: 6269 op, 204134832.00 ns, 32.5626 us/op
WorkloadActual   7: 6269 op, 205373359.00 ns, 32.7601 us/op
WorkloadActual   8: 6269 op, 225539728.00 ns, 35.9770 us/op
WorkloadActual   9: 6269 op, 227578046.00 ns, 36.3021 us/op
WorkloadActual  10: 6269 op, 227853352.00 ns, 36.3460 us/op
WorkloadActual  11: 6269 op, 212270055.00 ns, 33.8603 us/op
WorkloadActual  12: 6269 op, 198261285.00 ns, 31.6257 us/op
WorkloadActual  13: 6269 op, 203886688.00 ns, 32.5230 us/op
WorkloadActual  14: 6269 op, 227669707.00 ns, 36.3168 us/op
WorkloadActual  15: 6269 op, 215867043.00 ns, 34.4340 us/op
WorkloadActual  16: 6269 op, 200597605.00 ns, 31.9983 us/op

// AfterActualRun
WorkloadResult   1: 6269 op, 200613913.00 ns, 32.0009 us/op
WorkloadResult   2: 6269 op, 201338454.00 ns, 32.1165 us/op
WorkloadResult   3: 6269 op, 207056132.00 ns, 33.0286 us/op
WorkloadResult   4: 6269 op, 208671660.00 ns, 33.2863 us/op
WorkloadResult   5: 6269 op, 203772978.00 ns, 32.5049 us/op
WorkloadResult   6: 6269 op, 204134832.00 ns, 32.5626 us/op
WorkloadResult   7: 6269 op, 205373359.00 ns, 32.7601 us/op
WorkloadResult   8: 6269 op, 225539728.00 ns, 35.9770 us/op
WorkloadResult   9: 6269 op, 227578046.00 ns, 36.3021 us/op
WorkloadResult  10: 6269 op, 227853352.00 ns, 36.3460 us/op
WorkloadResult  11: 6269 op, 212270055.00 ns, 33.8603 us/op
WorkloadResult  12: 6269 op, 198261285.00 ns, 31.6257 us/op
WorkloadResult  13: 6269 op, 203886688.00 ns, 32.5230 us/op
WorkloadResult  14: 6269 op, 227669707.00 ns, 36.3168 us/op
WorkloadResult  15: 6269 op, 215867043.00 ns, 34.4340 us/op
WorkloadResult  16: 6269 op, 200597605.00 ns, 31.9983 us/op
// GC:  0 0 0 0 6269
// Threading:  0 0 6269

// AfterAll
// Benchmark Process 166113 has exited with code 0.

Mean = 33.603 us, StdErr = 0.430 us (1.28%), N = 16, StdDev = 1.721 us
Min = 31.626 us, Q1 = 32.408 us, Median = 32.894 us, Q3 = 34.820 us, Max = 36.346 us
IQR = 2.412 us, LowerFence = 28.790 us, UpperFence = 38.438 us
ConfidenceInterval = [31.850 us; 35.355 us] (CI 99.9%), Margin = 1.752 us (5.21% of Mean)
Skewness = 0.62, Kurtosis = 1.67, MValue = 2.4

// ** Remained 5 (35.7 %) benchmark(s) to run. Estimated finish 2026-09-22 5:29 (0h 0m from now) **
// **************************
// Benchmark: PairHandleBenchmarks.Advance: InProcess(Toolchain=InProcessEmitToolchain) [Shape=PairRuns8Waves]
// *** Execute ***
// Launch: 1 / 1
// ! Failed to set up priority High for process System.Diagnostics.Process (PairHandles). Make sure you have the right permissions. Message: Permission denied

// Benchmark Process Environment Information:
// BenchmarkDotNet v0.15.8
// Runtime=.NET 10.0.12 (10.0.12, 10.0.1226.42308), X64 RyuJIT x86-64-v3
// GC=Concurrent Workstation
// HardwareIntrinsics=AVX2+BMI1+BMI2+F16C+FMA+LZCNT+MOVBE,AVX,SSE3+SSSE3+SSE4.1+SSE4.2+POPCNT,X86Base+SSE+SSE2,AES+PCLMUL,AvxVnni,SERIALIZE VectorSize=256
// Job: Job-JWQWGO(Toolchain=InProcessEmitToolchain)

OverheadJitting  1: 1 op, 151090.00 ns, 151.0900 us/op
WorkloadJitting  1: 1 op, 226987.00 ns, 226.9870 us/op

OverheadJitting  2: 16 op, 142741.00 ns, 8.9213 us/op
WorkloadJitting  2: 16 op, 1966784.00 ns, 122.9240 us/op

WorkloadPilot    1: 16 op, 564849.00 ns, 35.3031 us/op
WorkloadPilot    2: 32 op, 1127109.00 ns, 35.2222 us/op
WorkloadPilot    3: 64 op, 2233528.00 ns, 34.8989 us/op
WorkloadPilot    4: 128 op, 4454314.00 ns, 34.7993 us/op
WorkloadPilot    5: 256 op, 8936430.00 ns, 34.9079 us/op
WorkloadPilot    6: 512 op, 17802174.00 ns, 34.7699 us/op
WorkloadPilot    7: 1024 op, 35846266.00 ns, 35.0061 us/op
WorkloadPilot    8: 2048 op, 69544299.00 ns, 33.9572 us/op
WorkloadPilot    9: 4096 op, 141128462.00 ns, 34.4552 us/op
WorkloadPilot   10: 8192 op, 279014445.00 ns, 34.0594 us/op
WorkloadPilot   11: 16384 op, 536078286.00 ns, 32.7196 us/op

OverheadWarmup   1: 16384 op, 23278.00 ns, 1.4208 ns/op
OverheadWarmup   2: 16384 op, 21126.00 ns, 1.2894 ns/op
OverheadWarmup   3: 16384 op, 21242.00 ns, 1.2965 ns/op
OverheadWarmup   4: 16384 op, 21212.00 ns, 1.2947 ns/op
OverheadWarmup   5: 16384 op, 21096.00 ns, 1.2876 ns/op
OverheadWarmup   6: 16384 op, 21094.00 ns, 1.2875 ns/op
OverheadWarmup   7: 16384 op, 21064.00 ns, 1.2856 ns/op
OverheadWarmup   8: 16384 op, 21086.00 ns, 1.2870 ns/op
OverheadWarmup   9: 16384 op, 21095.00 ns, 1.2875 ns/op
OverheadWarmup  10: 16384 op, 21056.00 ns, 1.2852 ns/op

OverheadActual   1: 16384 op, 21064.00 ns, 1.2856 ns/op
OverheadActual   2: 16384 op, 21063.00 ns, 1.2856 ns/op
OverheadActual   3: 16384 op, 21045.00 ns, 1.2845 ns/op
OverheadActual   4: 16384 op, 21061.00 ns, 1.2855 ns/op
OverheadActual   5: 16384 op, 21096.00 ns, 1.2876 ns/op
OverheadActual   6: 16384 op, 21099.00 ns, 1.2878 ns/op
OverheadActual   7: 16384 op, 21064.00 ns, 1.2856 ns/op
OverheadActual   8: 16384 op, 21051.00 ns, 1.2849 ns/op
OverheadActual   9: 16384 op, 21058.00 ns, 1.2853 ns/op
OverheadActual  10: 16384 op, 21066.00 ns, 1.2858 ns/op
OverheadActual  11: 16384 op, 21100.00 ns, 1.2878 ns/op
OverheadActual  12: 16384 op, 21074.00 ns, 1.2863 ns/op
OverheadActual  13: 16384 op, 21071.00 ns, 1.2861 ns/op
OverheadActual  14: 16384 op, 21098.00 ns, 1.2877 ns/op
OverheadActual  15: 16384 op, 21097.00 ns, 1.2877 ns/op

WorkloadWarmup   1: 16384 op, 535449477.00 ns, 32.6812 us/op
WorkloadWarmup   2: 16384 op, 533287287.00 ns, 32.5493 us/op
WorkloadWarmup   3: 16384 op, 531133667.00 ns, 32.4178 us/op
WorkloadWarmup   4: 16384 op, 542267230.00 ns, 33.0974 us/op
WorkloadWarmup   5: 16384 op, 540062128.00 ns, 32.9628 us/op
WorkloadWarmup   6: 16384 op, 536585849.00 ns, 32.7506 us/op
WorkloadWarmup   7: 16384 op, 534576458.00 ns, 32.6280 us/op
WorkloadWarmup   8: 16384 op, 537562280.00 ns, 32.8102 us/op
WorkloadWarmup   9: 16384 op, 535814253.00 ns, 32.7035 us/op

WorkloadActual   1: 16384 op, 538553466.00 ns, 32.8707 us/op
WorkloadActual   2: 16384 op, 538375011.00 ns, 32.8598 us/op
WorkloadActual   3: 16384 op, 537808150.00 ns, 32.8252 us/op
WorkloadActual   4: 16384 op, 540282137.00 ns, 32.9762 us/op
WorkloadActual   5: 16384 op, 549818414.00 ns, 33.5583 us/op
WorkloadActual   6: 16384 op, 549406994.00 ns, 33.5331 us/op
WorkloadActual   7: 16384 op, 550070074.00 ns, 33.5736 us/op
WorkloadActual   8: 16384 op, 553359633.00 ns, 33.7744 us/op
WorkloadActual   9: 16384 op, 549380603.00 ns, 33.5315 us/op
WorkloadActual  10: 16384 op, 553444953.00 ns, 33.7796 us/op
WorkloadActual  11: 16384 op, 551593319.00 ns, 33.6666 us/op
WorkloadActual  12: 16384 op, 558898275.00 ns, 34.1124 us/op
WorkloadActual  13: 16384 op, 557193103.00 ns, 34.0084 us/op
WorkloadActual  14: 16384 op, 554572881.00 ns, 33.8484 us/op
WorkloadActual  15: 16384 op, 553829339.00 ns, 33.8031 us/op

WorkloadResult   1: 16384 op, 538532400.00 ns, 32.8694 us/op
WorkloadResult   2: 16384 op, 538353945.00 ns, 32.8585 us/op
WorkloadResult   3: 16384 op, 537787084.00 ns, 32.8239 us/op
WorkloadResult   4: 16384 op, 540261071.00 ns, 32.9749 us/op
WorkloadResult   5: 16384 op, 549797348.00 ns, 33.5570 us/op
WorkloadResult   6: 16384 op, 549385928.00 ns, 33.5319 us/op
WorkloadResult   7: 16384 op, 550049008.00 ns, 33.5723 us/op
WorkloadResult   8: 16384 op, 553338567.00 ns, 33.7731 us/op
WorkloadResult   9: 16384 op, 549359537.00 ns, 33.5302 us/op
WorkloadResult  10: 16384 op, 553423887.00 ns, 33.7783 us/op
WorkloadResult  11: 16384 op, 551572253.00 ns, 33.6653 us/op
WorkloadResult  12: 16384 op, 558877209.00 ns, 34.1112 us/op
WorkloadResult  13: 16384 op, 557172037.00 ns, 34.0071 us/op
WorkloadResult  14: 16384 op, 554551815.00 ns, 33.8472 us/op
WorkloadResult  15: 16384 op, 553808273.00 ns, 33.8018 us/op
// GC:  0 0 0 1296 16384
// Threading:  0 0 16384


Mean = 33.513 us, StdErr = 0.111 us (0.33%), N = 15, StdDev = 0.429 us
Min = 32.824 us, Q1 = 33.253 us, Median = 33.572 us, Q3 = 33.790 us, Max = 34.111 us
IQR = 0.537 us, LowerFence = 32.446 us, UpperFence = 34.596 us
ConfidenceInterval = [33.055 us; 33.972 us] (CI 99.9%), Margin = 0.458 us (1.37% of Mean)
Skewness = -0.51, Kurtosis = 1.74, MValue = 2

// ** Remained 4 (28.6 %) benchmark(s) to run. Estimated finish 2026-09-22 5:29 (0h 0m from now) **
// **************************
// Benchmark: PairHandleBenchmarks.Advance: Job-TZECNT(IterationCount=16, IterationTime=200ms, WarmupCount=8) [Shape=PairBlocks8Waves]
// *** Execute ***
// Launch: 1 / 1
// Execute: dotnet PairHandles-Job-TZECNT-1.dll --anonymousPipes 118 119 --benchmarkName "PairHandles.PairHandleBenchmarks.Advance(Shape: PairBlocks8Waves)" --job "IterationCount=16, IterationTime=200ms, WarmupCount=8" --benchmarkId 5 in /home/i/GitHub/tl-w352/benchmarks/PairHandles/bin/Release/net10.0/PairHandles-Job-TZECNT-1/bin/Release/net10.0
// Failed to set up high priority (Permission denied). In order to run benchmarks with high priority, make sure you have the right permissions.
// BeforeAnythingElse

// Benchmark Process Environment Information:
// BenchmarkDotNet v0.15.8
// Runtime=.NET 10.0.12 (10.0.12, 10.0.1226.42308), X64 RyuJIT x86-64-v3
// GC=Concurrent Workstation
// HardwareIntrinsics=AVX2+BMI1+BMI2+F16C+FMA+LZCNT+MOVBE,AVX,SSE3+SSSE3+SSE4.1+SSE4.2+POPCNT,X86Base+SSE+SSE2,AES+PCLMUL,AvxVnni,SERIALIZE VectorSize=256
// Job: Job-TZECNT(IterationCount=16, IterationTime=200ms, WarmupCount=8)

OverheadJitting  1: 1 op, 78601.00 ns, 78.6010 us/op
WorkloadJitting  1: 1 op, 14351882.00 ns, 14.3519 ms/op

WorkloadPilot    1: 4 op, 239421.00 ns, 59.8553 us/op
WorkloadPilot    2: 3341 op, 168983049.00 ns, 50.5786 us/op
WorkloadPilot    3: 3954 op, 187813210.00 ns, 47.4995 us/op
WorkloadPilot    4: 4211 op, 196976929.00 ns, 46.7768 us/op
WorkloadPilot    5: 4276 op, 201943490.00 ns, 47.2272 us/op
WorkloadPilot    6: 4235 op, 199822567.00 ns, 47.1836 us/op
WorkloadPilot    7: 4239 op, 199174851.00 ns, 46.9863 us/op
WorkloadPilot    8: 4257 op, 201386639.00 ns, 47.3072 us/op
WorkloadPilot    9: 4228 op, 198638957.00 ns, 46.9818 us/op
WorkloadPilot   10: 4257 op, 197165100.00 ns, 46.3155 us/op
WorkloadPilot   11: 4318 op, 226571314.00 ns, 52.4714 us/op

WorkloadWarmup   1: 4318 op, 226446994.00 ns, 52.4426 us/op
WorkloadWarmup   2: 4318 op, 211660829.00 ns, 49.0183 us/op
WorkloadWarmup   3: 4318 op, 200536860.00 ns, 46.4421 us/op
WorkloadWarmup   4: 4318 op, 198458977.00 ns, 45.9609 us/op
WorkloadWarmup   5: 4318 op, 202916677.00 ns, 46.9932 us/op
WorkloadWarmup   6: 4318 op, 205315245.00 ns, 47.5487 us/op
WorkloadWarmup   7: 4318 op, 204168433.00 ns, 47.2831 us/op
WorkloadWarmup   8: 4318 op, 204092117.00 ns, 47.2654 us/op

// BeforeActualRun
WorkloadActual   1: 4318 op, 202858892.00 ns, 46.9798 us/op
WorkloadActual   2: 4318 op, 202414953.00 ns, 46.8770 us/op
WorkloadActual   3: 4318 op, 202031047.00 ns, 46.7881 us/op
WorkloadActual   4: 4318 op, 201535109.00 ns, 46.6733 us/op
WorkloadActual   5: 4318 op, 200627813.00 ns, 46.4631 us/op
WorkloadActual   6: 4318 op, 198730135.00 ns, 46.0237 us/op
WorkloadActual   7: 4318 op, 200201887.00 ns, 46.3645 us/op
WorkloadActual   8: 4318 op, 198868827.00 ns, 46.0558 us/op
WorkloadActual   9: 4318 op, 198467246.00 ns, 45.9628 us/op
WorkloadActual  10: 4318 op, 199761205.00 ns, 46.2624 us/op
WorkloadActual  11: 4318 op, 198357704.00 ns, 45.9374 us/op
WorkloadActual  12: 4318 op, 202606310.00 ns, 46.9213 us/op
WorkloadActual  13: 4318 op, 226635861.00 ns, 52.4863 us/op
WorkloadActual  14: 4318 op, 225786404.00 ns, 52.2896 us/op
WorkloadActual  15: 4318 op, 227268722.00 ns, 52.6329 us/op
WorkloadActual  16: 4318 op, 222081086.00 ns, 51.4315 us/op

// AfterActualRun
WorkloadResult   1: 4318 op, 202858892.00 ns, 46.9798 us/op
WorkloadResult   2: 4318 op, 202414953.00 ns, 46.8770 us/op
WorkloadResult   3: 4318 op, 202031047.00 ns, 46.7881 us/op
WorkloadResult   4: 4318 op, 201535109.00 ns, 46.6733 us/op
WorkloadResult   5: 4318 op, 200627813.00 ns, 46.4631 us/op
WorkloadResult   6: 4318 op, 198730135.00 ns, 46.0237 us/op
WorkloadResult   7: 4318 op, 200201887.00 ns, 46.3645 us/op
WorkloadResult   8: 4318 op, 198868827.00 ns, 46.0558 us/op
WorkloadResult   9: 4318 op, 198467246.00 ns, 45.9628 us/op
WorkloadResult  10: 4318 op, 199761205.00 ns, 46.2624 us/op
WorkloadResult  11: 4318 op, 198357704.00 ns, 45.9374 us/op
WorkloadResult  12: 4318 op, 202606310.00 ns, 46.9213 us/op
// GC:  0 0 0 0 4318
// Threading:  0 0 4318

// AfterAll
// Benchmark Process 166149 has exited with code 0.

Mean = 46.442 us, StdErr = 0.114 us (0.25%), N = 12, StdDev = 0.396 us
Min = 45.937 us, Q1 = 46.048 us, Median = 46.414 us, Q3 = 46.810 us, Max = 46.980 us
IQR = 0.763 us, LowerFence = 44.904 us, UpperFence = 47.954 us
ConfidenceInterval = [45.935 us; 46.950 us] (CI 99.9%), Margin = 0.508 us (1.09% of Mean)
Skewness = 0.03, Kurtosis = 1.22, MValue = 2

// ** Remained 3 (21.4 %) benchmark(s) to run. Estimated finish 2026-09-22 5:29 (0h 0m from now) **
// **************************
// Benchmark: PairHandleBenchmarks.Advance: InProcess(Toolchain=InProcessEmitToolchain) [Shape=PairBlocks8Waves]
// *** Execute ***
// Launch: 1 / 1
// ! Failed to set up priority High for process System.Diagnostics.Process (PairHandles). Make sure you have the right permissions. Message: Permission denied

// Benchmark Process Environment Information:
// BenchmarkDotNet v0.15.8
// Runtime=.NET 10.0.12 (10.0.12, 10.0.1226.42308), X64 RyuJIT x86-64-v3
// GC=Concurrent Workstation
// HardwareIntrinsics=AVX2+BMI1+BMI2+F16C+FMA+LZCNT+MOVBE,AVX,SSE3+SSSE3+SSE4.1+SSE4.2+POPCNT,X86Base+SSE+SSE2,AES+PCLMUL,AvxVnni,SERIALIZE VectorSize=256
// Job: Job-JWQWGO(Toolchain=InProcessEmitToolchain)

OverheadJitting  1: 1 op, 129353.00 ns, 129.3530 us/op
WorkloadJitting  1: 1 op, 424123.00 ns, 424.1230 us/op

OverheadJitting  2: 16 op, 173548.00 ns, 10.8468 us/op
WorkloadJitting  2: 16 op, 5365218.00 ns, 335.3261 us/op

WorkloadPilot    1: 16 op, 950304.00 ns, 59.3940 us/op
WorkloadPilot    2: 32 op, 1855424.00 ns, 57.9820 us/op
WorkloadPilot    3: 64 op, 3663718.00 ns, 57.2456 us/op
WorkloadPilot    4: 128 op, 6883082.00 ns, 53.7741 us/op
WorkloadPilot    5: 256 op, 13762280.00 ns, 53.7589 us/op
WorkloadPilot    6: 512 op, 27428782.00 ns, 53.5718 us/op
WorkloadPilot    7: 1024 op, 51346686.00 ns, 50.1432 us/op
WorkloadPilot    8: 2048 op, 96771201.00 ns, 47.2516 us/op
WorkloadPilot    9: 4096 op, 195482400.00 ns, 47.7252 us/op
WorkloadPilot   10: 8192 op, 382709293.00 ns, 46.7174 us/op
WorkloadPilot   11: 16384 op, 771492492.00 ns, 47.0882 us/op

OverheadWarmup   1: 16384 op, 23096.00 ns, 1.4097 ns/op
OverheadWarmup   2: 16384 op, 21135.00 ns, 1.2900 ns/op
OverheadWarmup   3: 16384 op, 21105.00 ns, 1.2881 ns/op
OverheadWarmup   4: 16384 op, 21282.00 ns, 1.2990 ns/op
OverheadWarmup   5: 16384 op, 21272.00 ns, 1.2983 ns/op
OverheadWarmup   6: 16384 op, 21091.00 ns, 1.2873 ns/op
OverheadWarmup   7: 16384 op, 21068.00 ns, 1.2859 ns/op
OverheadWarmup   8: 16384 op, 21095.00 ns, 1.2875 ns/op
OverheadWarmup   9: 16384 op, 23203.00 ns, 1.4162 ns/op
OverheadWarmup  10: 16384 op, 21060.00 ns, 1.2854 ns/op

OverheadActual   1: 16384 op, 21079.00 ns, 1.2866 ns/op
OverheadActual   2: 16384 op, 21093.00 ns, 1.2874 ns/op
OverheadActual   3: 16384 op, 21074.00 ns, 1.2863 ns/op
OverheadActual   4: 16384 op, 21087.00 ns, 1.2870 ns/op
OverheadActual   5: 16384 op, 21070.00 ns, 1.2860 ns/op
OverheadActual   6: 16384 op, 21084.00 ns, 1.2869 ns/op
OverheadActual   7: 16384 op, 21076.00 ns, 1.2864 ns/op
OverheadActual   8: 16384 op, 21058.00 ns, 1.2853 ns/op
OverheadActual   9: 16384 op, 21054.00 ns, 1.2850 ns/op
OverheadActual  10: 16384 op, 21084.00 ns, 1.2869 ns/op
OverheadActual  11: 16384 op, 21069.00 ns, 1.2859 ns/op
OverheadActual  12: 16384 op, 21078.00 ns, 1.2865 ns/op
OverheadActual  13: 16384 op, 21059.00 ns, 1.2853 ns/op
OverheadActual  14: 16384 op, 21079.00 ns, 1.2866 ns/op
OverheadActual  15: 16384 op, 21076.00 ns, 1.2864 ns/op

WorkloadWarmup   1: 16384 op, 783850652.00 ns, 47.8424 us/op
WorkloadWarmup   2: 16384 op, 778667271.00 ns, 47.5261 us/op
WorkloadWarmup   3: 16384 op, 775508128.00 ns, 47.3333 us/op
WorkloadWarmup   4: 16384 op, 764349622.00 ns, 46.6522 us/op
WorkloadWarmup   5: 16384 op, 765670511.00 ns, 46.7328 us/op
WorkloadWarmup   6: 16384 op, 760644029.00 ns, 46.4260 us/op
WorkloadWarmup   7: 16384 op, 760215118.00 ns, 46.3998 us/op
WorkloadWarmup   8: 16384 op, 781277902.00 ns, 47.6854 us/op
WorkloadWarmup   9: 16384 op, 790745777.00 ns, 48.2633 us/op
WorkloadWarmup  10: 16384 op, 806978441.00 ns, 49.2541 us/op
WorkloadWarmup  11: 16384 op, 799463955.00 ns, 48.7954 us/op

WorkloadActual   1: 16384 op, 770446170.00 ns, 47.0243 us/op
WorkloadActual   2: 16384 op, 772225967.00 ns, 47.1329 us/op
WorkloadActual   3: 16384 op, 807194911.00 ns, 49.2673 us/op
WorkloadActual   4: 16384 op, 772703190.00 ns, 47.1621 us/op
WorkloadActual   5: 16384 op, 773399770.00 ns, 47.2046 us/op
WorkloadActual   6: 16384 op, 772439578.00 ns, 47.1460 us/op
WorkloadActual   7: 16384 op, 791080920.00 ns, 48.2837 us/op
WorkloadActual   8: 16384 op, 779111362.00 ns, 47.5532 us/op
WorkloadActual   9: 16384 op, 824540343.00 ns, 50.3259 us/op
WorkloadActual  10: 16384 op, 788000278.00 ns, 48.0957 us/op
WorkloadActual  11: 16384 op, 787651203.00 ns, 48.0744 us/op
WorkloadActual  12: 16384 op, 872545026.00 ns, 53.2559 us/op
WorkloadActual  13: 16384 op, 775898153.00 ns, 47.3571 us/op
WorkloadActual  14: 16384 op, 762731709.00 ns, 46.5534 us/op
WorkloadActual  15: 16384 op, 761482276.00 ns, 46.4772 us/op

WorkloadResult   1: 16384 op, 770425094.00 ns, 47.0230 us/op
WorkloadResult   2: 16384 op, 772204891.00 ns, 47.1316 us/op
WorkloadResult   3: 16384 op, 807173835.00 ns, 49.2660 us/op
WorkloadResult   4: 16384 op, 772682114.00 ns, 47.1608 us/op
WorkloadResult   5: 16384 op, 773378694.00 ns, 47.2033 us/op
WorkloadResult   6: 16384 op, 772418502.00 ns, 47.1447 us/op
WorkloadResult   7: 16384 op, 791059844.00 ns, 48.2825 us/op
WorkloadResult   8: 16384 op, 779090286.00 ns, 47.5519 us/op
WorkloadResult   9: 16384 op, 787979202.00 ns, 48.0944 us/op
WorkloadResult  10: 16384 op, 787630127.00 ns, 48.0731 us/op
WorkloadResult  11: 16384 op, 775877077.00 ns, 47.3558 us/op
WorkloadResult  12: 16384 op, 762710633.00 ns, 46.5522 us/op
WorkloadResult  13: 16384 op, 761461200.00 ns, 46.4759 us/op
// GC:  0 0 0 3024 16384
// Threading:  0 0 16384


Mean = 47.486 us, StdErr = 0.213 us (0.45%), N = 13, StdDev = 0.768 us
Min = 46.476 us, Q1 = 47.132 us, Median = 47.203 us, Q3 = 48.073 us, Max = 49.266 us
IQR = 0.941 us, LowerFence = 45.719 us, UpperFence = 49.485 us
ConfidenceInterval = [46.566 us; 48.405 us] (CI 99.9%), Margin = 0.919 us (1.94% of Mean)
Skewness = 0.76, Kurtosis = 2.79, MValue = 2

// ** Remained 2 (14.3 %) benchmark(s) to run. Estimated finish 2026-09-22 5:29 (0h 0m from now) **
// **************************
// Benchmark: PairHandleBenchmarks.Advance: Job-TZECNT(IterationCount=16, IterationTime=200ms, WarmupCount=8) [Shape=PairA(...)Waves [21]]
// *** Execute ***
// Launch: 1 / 1
// Execute: dotnet PairHandles-Job-TZECNT-1.dll --anonymousPipes 118 119 --benchmarkName "PairHandles.PairHandleBenchmarks.Advance(Shape: PairAlternating8Waves)" --job "IterationCount=16, IterationTime=200ms, WarmupCount=8" --benchmarkId 6 in /home/i/GitHub/tl-w352/benchmarks/PairHandles/bin/Release/net10.0/PairHandles-Job-TZECNT-1/bin/Release/net10.0
// Failed to set up high priority (Permission denied). In order to run benchmarks with high priority, make sure you have the right permissions.
// BeforeAnythingElse

// Benchmark Process Environment Information:
// BenchmarkDotNet v0.15.8
// Runtime=.NET 10.0.12 (10.0.12, 10.0.1226.42308), X64 RyuJIT x86-64-v3
// GC=Concurrent Workstation
// HardwareIntrinsics=AVX2+BMI1+BMI2+F16C+FMA+LZCNT+MOVBE,AVX,SSE3+SSSE3+SSE4.1+SSE4.2+POPCNT,X86Base+SSE+SSE2,AES+PCLMUL,AvxVnni,SERIALIZE VectorSize=256
// Job: Job-TZECNT(IterationCount=16, IterationTime=200ms, WarmupCount=8)

OverheadJitting  1: 1 op, 96792.00 ns, 96.7920 us/op
WorkloadJitting  1: 1 op, 13981262.00 ns, 13.9813 ms/op

WorkloadPilot    1: 4 op, 288622.00 ns, 72.1555 us/op
WorkloadPilot    2: 2772 op, 168451060.00 ns, 60.7688 us/op
WorkloadPilot    3: 3291 op, 216144285.00 ns, 65.6774 us/op
WorkloadPilot    4: 3045 op, 199396456.00 ns, 65.4832 us/op
WorkloadPilot    5: 3054 op, 193591347.00 ns, 63.3894 us/op
WorkloadPilot    6: 3155 op, 204013416.00 ns, 64.6635 us/op
WorkloadPilot    7: 3093 op, 181559145.00 ns, 58.7000 us/op
WorkloadPilot    8: 3407 op, 223601441.00 ns, 65.6300 us/op

WorkloadWarmup   1: 3407 op, 220971060.00 ns, 64.8580 us/op
WorkloadWarmup   2: 3407 op, 221518569.00 ns, 65.0187 us/op
WorkloadWarmup   3: 3407 op, 207624842.00 ns, 60.9407 us/op
WorkloadWarmup   4: 3407 op, 200404991.00 ns, 58.8215 us/op
WorkloadWarmup   5: 3407 op, 199582862.00 ns, 58.5802 us/op
WorkloadWarmup   6: 3407 op, 198388566.00 ns, 58.2297 us/op
WorkloadWarmup   7: 3407 op, 195852298.00 ns, 57.4853 us/op
WorkloadWarmup   8: 3407 op, 195910508.00 ns, 57.5024 us/op

// BeforeActualRun
WorkloadActual   1: 3407 op, 223259676.00 ns, 65.5297 us/op
WorkloadActual   2: 3407 op, 223299583.00 ns, 65.5414 us/op
WorkloadActual   3: 3407 op, 223617169.00 ns, 65.6346 us/op
WorkloadActual   4: 3407 op, 223333984.00 ns, 65.5515 us/op
WorkloadActual   5: 3407 op, 220817050.00 ns, 64.8128 us/op
WorkloadActual   6: 3407 op, 201896729.00 ns, 59.2594 us/op
WorkloadActual   7: 3407 op, 206058835.00 ns, 60.4810 us/op
WorkloadActual   8: 3407 op, 222590803.00 ns, 65.3334 us/op
WorkloadActual   9: 3407 op, 209012849.00 ns, 61.3481 us/op
WorkloadActual  10: 3407 op, 199020674.00 ns, 58.4152 us/op
WorkloadActual  11: 3407 op, 198121427.00 ns, 58.1513 us/op
WorkloadActual  12: 3407 op, 198545832.00 ns, 58.2759 us/op
WorkloadActual  13: 3407 op, 197552498.00 ns, 57.9843 us/op
WorkloadActual  14: 3407 op, 196046752.00 ns, 57.5423 us/op
WorkloadActual  15: 3407 op, 205497421.00 ns, 60.3162 us/op
WorkloadActual  16: 3407 op, 198852190.00 ns, 58.3658 us/op

// AfterActualRun
WorkloadResult   1: 3407 op, 223259676.00 ns, 65.5297 us/op
WorkloadResult   2: 3407 op, 223299583.00 ns, 65.5414 us/op
WorkloadResult   3: 3407 op, 223617169.00 ns, 65.6346 us/op
WorkloadResult   4: 3407 op, 223333984.00 ns, 65.5515 us/op
WorkloadResult   5: 3407 op, 220817050.00 ns, 64.8128 us/op
WorkloadResult   6: 3407 op, 201896729.00 ns, 59.2594 us/op
WorkloadResult   7: 3407 op, 206058835.00 ns, 60.4810 us/op
WorkloadResult   8: 3407 op, 222590803.00 ns, 65.3334 us/op
WorkloadResult   9: 3407 op, 209012849.00 ns, 61.3481 us/op
WorkloadResult  10: 3407 op, 199020674.00 ns, 58.4152 us/op
WorkloadResult  11: 3407 op, 198121427.00 ns, 58.1513 us/op
WorkloadResult  12: 3407 op, 198545832.00 ns, 58.2759 us/op
WorkloadResult  13: 3407 op, 197552498.00 ns, 57.9843 us/op
WorkloadResult  14: 3407 op, 196046752.00 ns, 57.5423 us/op
WorkloadResult  15: 3407 op, 205497421.00 ns, 60.3162 us/op
WorkloadResult  16: 3407 op, 198852190.00 ns, 58.3658 us/op
// GC:  0 0 0 0 3407
// Threading:  0 0 3407

// AfterAll
// Benchmark Process 166218 has exited with code 0.

Mean = 61.409 us, StdErr = 0.837 us (1.36%), N = 16, StdDev = 3.347 us
Min = 57.542 us, Q1 = 58.343 us, Median = 60.399 us, Q3 = 65.382 us, Max = 65.635 us
IQR = 7.039 us, LowerFence = 47.785 us, UpperFence = 75.941 us
ConfidenceInterval = [58.001 us; 64.817 us] (CI 99.9%), Margin = 3.408 us (5.55% of Mean)
Skewness = 0.26, Kurtosis = 1.16, MValue = 3.11

// ** Remained 1 (7.1 %) benchmark(s) to run. Estimated finish 2026-09-22 5:29 (0h 0m from now) **
// **************************
// Benchmark: PairHandleBenchmarks.Advance: InProcess(Toolchain=InProcessEmitToolchain) [Shape=PairA(...)Waves [21]]
// *** Execute ***
// Launch: 1 / 1
// ! Failed to set up priority High for process System.Diagnostics.Process (PairHandles). Make sure you have the right permissions. Message: Permission denied

// Benchmark Process Environment Information:
// BenchmarkDotNet v0.15.8
// Runtime=.NET 10.0.12 (10.0.12, 10.0.1226.42308), X64 RyuJIT x86-64-v3
// GC=Concurrent Workstation
// HardwareIntrinsics=AVX2+BMI1+BMI2+F16C+FMA+LZCNT+MOVBE,AVX,SSE3+SSSE3+SSE4.1+SSE4.2+POPCNT,X86Base+SSE+SSE2,AES+PCLMUL,AvxVnni,SERIALIZE VectorSize=256
// Job: Job-JWQWGO(Toolchain=InProcessEmitToolchain)

OverheadJitting  1: 1 op, 97190.00 ns, 97.1900 us/op
WorkloadJitting  1: 1 op, 227450.00 ns, 227.4500 us/op

OverheadJitting  2: 16 op, 106537.00 ns, 6.6586 us/op
WorkloadJitting  2: 16 op, 1121248.00 ns, 70.0780 us/op

WorkloadPilot    1: 16 op, 1036836.00 ns, 64.8023 us/op
WorkloadPilot    2: 32 op, 2042785.00 ns, 63.8370 us/op
WorkloadPilot    3: 64 op, 4022264.00 ns, 62.8479 us/op
WorkloadPilot    4: 128 op, 8050918.00 ns, 62.8978 us/op
WorkloadPilot    5: 256 op, 16089820.00 ns, 62.8509 us/op
WorkloadPilot    6: 512 op, 32099209.00 ns, 62.6938 us/op
WorkloadPilot    7: 1024 op, 63584281.00 ns, 62.0940 us/op
WorkloadPilot    8: 2048 op, 127263704.00 ns, 62.1405 us/op
WorkloadPilot    9: 4096 op, 245732440.00 ns, 59.9933 us/op
WorkloadPilot   10: 8192 op, 482746869.00 ns, 58.9291 us/op
WorkloadPilot   11: 16384 op, 951702526.00 ns, 58.0873 us/op

OverheadWarmup   1: 16384 op, 23701.00 ns, 1.4466 ns/op
OverheadWarmup   2: 16384 op, 20545.00 ns, 1.2540 ns/op
OverheadWarmup   3: 16384 op, 20561.00 ns, 1.2549 ns/op
OverheadWarmup   4: 16384 op, 20546.00 ns, 1.2540 ns/op
OverheadWarmup   5: 16384 op, 20519.00 ns, 1.2524 ns/op
OverheadWarmup   6: 16384 op, 20375.00 ns, 1.2436 ns/op
OverheadWarmup   7: 16384 op, 20357.00 ns, 1.2425 ns/op
OverheadWarmup   8: 16384 op, 22095.00 ns, 1.3486 ns/op
OverheadWarmup   9: 16384 op, 20367.00 ns, 1.2431 ns/op

OverheadActual   1: 16384 op, 20371.00 ns, 1.2433 ns/op
OverheadActual   2: 16384 op, 20368.00 ns, 1.2432 ns/op
OverheadActual   3: 16384 op, 21073.00 ns, 1.2862 ns/op
OverheadActual   4: 16384 op, 21064.00 ns, 1.2856 ns/op
OverheadActual   5: 16384 op, 20649.00 ns, 1.2603 ns/op
OverheadActual   6: 16384 op, 21027.00 ns, 1.2834 ns/op
OverheadActual   7: 16384 op, 21079.00 ns, 1.2866 ns/op
OverheadActual   8: 16384 op, 21078.00 ns, 1.2865 ns/op
OverheadActual   9: 16384 op, 21069.00 ns, 1.2859 ns/op
OverheadActual  10: 16384 op, 21072.00 ns, 1.2861 ns/op
OverheadActual  11: 16384 op, 21105.00 ns, 1.2881 ns/op
OverheadActual  12: 16384 op, 21064.00 ns, 1.2856 ns/op
OverheadActual  13: 16384 op, 22809.00 ns, 1.3922 ns/op
OverheadActual  14: 16384 op, 21063.00 ns, 1.2856 ns/op
OverheadActual  15: 16384 op, 21046.00 ns, 1.2845 ns/op

WorkloadWarmup   1: 16384 op, 945627394.00 ns, 57.7165 us/op
WorkloadWarmup   2: 16384 op, 968962558.00 ns, 59.1408 us/op
WorkloadWarmup   3: 16384 op, 985199297.00 ns, 60.1318 us/op
WorkloadWarmup   4: 16384 op, 999825237.00 ns, 61.0245 us/op
WorkloadWarmup   5: 16384 op, 988925141.00 ns, 60.3592 us/op
WorkloadWarmup   6: 16384 op, 948762319.00 ns, 57.9079 us/op
WorkloadWarmup   7: 16384 op, 960854014.00 ns, 58.6459 us/op
WorkloadWarmup   8: 16384 op, 980528231.00 ns, 59.8467 us/op
WorkloadWarmup   9: 16384 op, 1000382839.00 ns, 61.0585 us/op
WorkloadWarmup  10: 16384 op, 997107006.00 ns, 60.8586 us/op

WorkloadActual   1: 16384 op, 964086880.00 ns, 58.8432 us/op
WorkloadActual   2: 16384 op, 949962047.00 ns, 57.9811 us/op
WorkloadActual   3: 16384 op, 951302635.00 ns, 58.0629 us/op
WorkloadActual   4: 16384 op, 947840628.00 ns, 57.8516 us/op
WorkloadActual   5: 16384 op, 1003231011.00 ns, 61.2324 us/op
WorkloadActual   6: 16384 op, 957065142.00 ns, 58.4146 us/op
WorkloadActual   7: 16384 op, 1020996323.00 ns, 62.3167 us/op
WorkloadActual   8: 16384 op, 961304568.00 ns, 58.6734 us/op
WorkloadActual   9: 16384 op, 961167089.00 ns, 58.6650 us/op
WorkloadActual  10: 16384 op, 965922509.00 ns, 58.9552 us/op
WorkloadActual  11: 16384 op, 952377317.00 ns, 58.1285 us/op
WorkloadActual  12: 16384 op, 951768521.00 ns, 58.0913 us/op
WorkloadActual  13: 16384 op, 949004566.00 ns, 57.9226 us/op
WorkloadActual  14: 16384 op, 950138975.00 ns, 57.9919 us/op
WorkloadActual  15: 16384 op, 938571680.00 ns, 57.2859 us/op

WorkloadResult   1: 16384 op, 964065816.00 ns, 58.8419 us/op
WorkloadResult   2: 16384 op, 949940983.00 ns, 57.9798 us/op
WorkloadResult   3: 16384 op, 951281571.00 ns, 58.0616 us/op
WorkloadResult   4: 16384 op, 947819564.00 ns, 57.8503 us/op
WorkloadResult   5: 16384 op, 957044078.00 ns, 58.4133 us/op
WorkloadResult   6: 16384 op, 961283504.00 ns, 58.6721 us/op
WorkloadResult   7: 16384 op, 961146025.00 ns, 58.6637 us/op
WorkloadResult   8: 16384 op, 965901445.00 ns, 58.9539 us/op
WorkloadResult   9: 16384 op, 952356253.00 ns, 58.1272 us/op
WorkloadResult  10: 16384 op, 951747457.00 ns, 58.0901 us/op
WorkloadResult  11: 16384 op, 948983502.00 ns, 57.9214 us/op
WorkloadResult  12: 16384 op, 950117911.00 ns, 57.9906 us/op
WorkloadResult  13: 16384 op, 938550616.00 ns, 57.2846 us/op
// GC:  0 0 0 4656 16384
// Threading:  0 0 16384


Mean = 58.219 us, StdErr = 0.130 us (0.22%), N = 13, StdDev = 0.468 us
Min = 57.285 us, Q1 = 57.980 us, Median = 58.090 us, Q3 = 58.664 us, Max = 58.954 us
IQR = 0.684 us, LowerFence = 56.954 us, UpperFence = 59.690 us
ConfidenceInterval = [57.659 us; 58.779 us] (CI 99.9%), Margin = 0.560 us (0.96% of Mean)
Skewness = -0.08, Kurtosis = 2.12, MValue = 2

// ** Remained 0 (0.0 %) benchmark(s) to run. Estimated finish 2026-09-22 5:30 (0h 0m from now) **
// ***** BenchmarkRunner: Finish  *****

// * Export *
  tmp/ab352/ph-cand-1/results/PairHandles.PairHandleBenchmarks-report.csv
  tmp/ab352/ph-cand-1/results/PairHandles.PairHandleBenchmarks-report-github.md
  tmp/ab352/ph-cand-1/results/PairHandles.PairHandleBenchmarks-report.html
  tmp/ab352/ph-cand-1/results/PairHandles.PairHandleBenchmarks-report-full.json

// * Detailed results *
PairHandleBenchmarks.Advance: Job-TZECNT(IterationCount=16, IterationTime=200ms, WarmupCount=8) [Shape=LaneUniform]
Runtime = .NET 10.0.12 (10.0.12, 10.0.1226.42308), X64 RyuJIT x86-64-v3; GC = Concurrent Workstation
Mean = 32.442 us, StdErr = 0.358 us (1.10%), N = 16, StdDev = 1.432 us
Min = 31.310 us, Q1 = 31.366 us, Median = 31.761 us, Q3 = 32.932 us, Max = 34.807 us
IQR = 1.566 us, LowerFence = 29.016 us, UpperFence = 35.282 us
ConfidenceInterval = [30.983 us; 33.900 us] (CI 99.9%), Margin = 1.458 us (4.49% of Mean)
Skewness = 0.91, Kurtosis = 1.93, MValue = 2.67
-------------------- Histogram --------------------
[31.069 us ; 32.561 us) | @@@@@@@@@@@@
[32.561 us ; 34.041 us) | 
[34.041 us ; 35.553 us) | @@@@
---------------------------------------------------

PairHandleBenchmarks.Advance: InProcess(Toolchain=InProcessEmitToolchain) [Shape=LaneUniform]
Runtime = ; GC = 
Mean = 32.621 us, StdErr = 0.054 us (0.17%), N = 14, StdDev = 0.204 us
Min = 32.463 us, Q1 = 32.499 us, Median = 32.521 us, Q3 = 32.647 us, Max = 33.030 us
IQR = 0.149 us, LowerFence = 32.276 us, UpperFence = 32.870 us
ConfidenceInterval = [32.391 us; 32.850 us] (CI 99.9%), Margin = 0.230 us (0.70% of Mean)
Skewness = 1.15, Kurtosis = 2.57, MValue = 2
-------------------- Histogram --------------------
[32.352 us ; 33.140 us) | @@@@@@@@@@@@@@
---------------------------------------------------

PairHandleBenchmarks.Advance: Job-TZECNT(IterationCount=16, IterationTime=200ms, WarmupCount=8) [Shape=PairOne]
Runtime = .NET 10.0.12 (10.0.12, 10.0.1226.42308), X64 RyuJIT x86-64-v3; GC = Concurrent Workstation
Mean = 33.540 us, StdErr = 0.380 us (1.13%), N = 16, StdDev = 1.520 us
Min = 31.151 us, Q1 = 32.650 us, Median = 34.173 us, Q3 = 34.648 us, Max = 35.663 us
IQR = 1.997 us, LowerFence = 29.654 us, UpperFence = 37.644 us
ConfidenceInterval = [31.992 us; 35.088 us] (CI 99.9%), Margin = 1.548 us (4.62% of Mean)
Skewness = -0.56, Kurtosis = 1.71, MValue = 2.44
-------------------- Histogram --------------------
[30.359 us ; 32.019 us) | @@@@
[32.019 us ; 33.434 us) | @@
[33.434 us ; 35.018 us) | @@@@@@@@@
[35.018 us ; 36.455 us) | @
---------------------------------------------------

PairHandleBenchmarks.Advance: InProcess(Toolchain=InProcessEmitToolchain) [Shape=PairOne]
Runtime = ; GC = 
Mean = 29.870 us, StdErr = 0.089 us (0.30%), N = 14, StdDev = 0.334 us
Min = 29.514 us, Q1 = 29.603 us, Median = 29.809 us, Q3 = 30.111 us, Max = 30.500 us
IQR = 0.508 us, LowerFence = 28.840 us, UpperFence = 30.873 us
ConfidenceInterval = [29.493 us; 30.247 us] (CI 99.9%), Margin = 0.377 us (1.26% of Mean)
Skewness = 0.67, Kurtosis = 1.97, MValue = 2
-------------------- Histogram --------------------
[29.377 us ; 30.629 us) | @@@@@@@@@@@@@@
---------------------------------------------------

PairHandleBenchmarks.Advance: Job-TZECNT(IterationCount=16, IterationTime=200ms, WarmupCount=8) [Shape=PairRuns8]
Runtime = .NET 10.0.12 (10.0.12, 10.0.1226.42308), X64 RyuJIT x86-64-v3; GC = Concurrent Workstation
Mean = 36.610 us, StdErr = 0.018 us (0.05%), N = 15, StdDev = 0.070 us
Min = 36.541 us, Q1 = 36.558 us, Median = 36.581 us, Q3 = 36.661 us, Max = 36.774 us
IQR = 0.102 us, LowerFence = 36.405 us, UpperFence = 36.814 us
ConfidenceInterval = [36.536 us; 36.685 us] (CI 99.9%), Margin = 0.074 us (0.20% of Mean)
Skewness = 0.86, Kurtosis = 2.56, MValue = 2
-------------------- Histogram --------------------
[36.504 us ; 36.811 us) | @@@@@@@@@@@@@@@
---------------------------------------------------

PairHandleBenchmarks.Advance: InProcess(Toolchain=InProcessEmitToolchain) [Shape=PairRuns8]
Runtime = ; GC = 
Mean = 37.291 us, StdErr = 0.050 us (0.13%), N = 15, StdDev = 0.194 us
Min = 36.766 us, Q1 = 37.216 us, Median = 37.297 us, Q3 = 37.379 us, Max = 37.592 us
IQR = 0.163 us, LowerFence = 36.972 us, UpperFence = 37.624 us
ConfidenceInterval = [37.084 us; 37.499 us] (CI 99.9%), Margin = 0.207 us (0.56% of Mean)
Skewness = -0.84, Kurtosis = 4.36, MValue = 2
-------------------- Histogram --------------------
[36.663 us ; 37.660 us) | @@@@@@@@@@@@@@@
---------------------------------------------------

PairHandleBenchmarks.Advance: Job-TZECNT(IterationCount=16, IterationTime=200ms, WarmupCount=8) [Shape=PairAlternating8]
Runtime = .NET 10.0.12 (10.0.12, 10.0.1226.42308), X64 RyuJIT x86-64-v3; GC = Concurrent Workstation
Mean = 65.149 us, StdErr = 0.177 us (0.27%), N = 16, StdDev = 0.709 us
Min = 64.209 us, Q1 = 64.538 us, Median = 65.118 us, Q3 = 65.748 us, Max = 66.550 us
IQR = 1.210 us, LowerFence = 62.723 us, UpperFence = 67.564 us
ConfidenceInterval = [64.427 us; 65.870 us] (CI 99.9%), Margin = 0.722 us (1.11% of Mean)
Skewness = 0.33, Kurtosis = 1.72, MValue = 2
-------------------- Histogram --------------------
[63.840 us ; 66.919 us) | @@@@@@@@@@@@@@@@
---------------------------------------------------

PairHandleBenchmarks.Advance: InProcess(Toolchain=InProcessEmitToolchain) [Shape=PairAlternating8]
Runtime = ; GC = 
Mean = 65.538 us, StdErr = 0.194 us (0.30%), N = 14, StdDev = 0.728 us
Min = 64.678 us, Q1 = 65.059 us, Median = 65.283 us, Q3 = 65.765 us, Max = 67.202 us
IQR = 0.707 us, LowerFence = 63.999 us, UpperFence = 66.825 us
ConfidenceInterval = [64.717 us; 66.358 us] (CI 99.9%), Margin = 0.821 us (1.25% of Mean)
Skewness = 1.06, Kurtosis = 2.89, MValue = 2
-------------------- Histogram --------------------
[64.413 us ; 67.598 us) | @@@@@@@@@@@@@@
---------------------------------------------------

PairHandleBenchmarks.Advance: Job-TZECNT(IterationCount=16, IterationTime=200ms, WarmupCount=8) [Shape=PairRuns8Waves]
Runtime = .NET 10.0.12 (10.0.12, 10.0.1226.42308), X64 RyuJIT x86-64-v3; GC = Concurrent Workstation
Mean = 33.603 us, StdErr = 0.430 us (1.28%), N = 16, StdDev = 1.721 us
Min = 31.626 us, Q1 = 32.408 us, Median = 32.894 us, Q3 = 34.820 us, Max = 36.346 us
IQR = 2.412 us, LowerFence = 28.790 us, UpperFence = 38.438 us
ConfidenceInterval = [31.850 us; 35.355 us] (CI 99.9%), Margin = 1.752 us (5.21% of Mean)
Skewness = 0.62, Kurtosis = 1.67, MValue = 2.4
-------------------- Histogram --------------------
[31.560 us ; 33.352 us) | @@@@@@@@@@
[33.352 us ; 35.265 us) | @@
[35.265 us ; 37.242 us) | @@@@
---------------------------------------------------

PairHandleBenchmarks.Advance: InProcess(Toolchain=InProcessEmitToolchain) [Shape=PairRuns8Waves]
Runtime = ; GC = 
Mean = 33.513 us, StdErr = 0.111 us (0.33%), N = 15, StdDev = 0.429 us
Min = 32.824 us, Q1 = 33.253 us, Median = 33.572 us, Q3 = 33.790 us, Max = 34.111 us
IQR = 0.537 us, LowerFence = 32.446 us, UpperFence = 34.596 us
ConfidenceInterval = [33.055 us; 33.972 us] (CI 99.9%), Margin = 0.458 us (1.37% of Mean)
Skewness = -0.51, Kurtosis = 1.74, MValue = 2
-------------------- Histogram --------------------
[32.596 us ; 33.352 us) | @@@@
[33.352 us ; 34.339 us) | @@@@@@@@@@@
---------------------------------------------------

PairHandleBenchmarks.Advance: Job-TZECNT(IterationCount=16, IterationTime=200ms, WarmupCount=8) [Shape=PairBlocks8Waves]
Runtime = .NET 10.0.12 (10.0.12, 10.0.1226.42308), X64 RyuJIT x86-64-v3; GC = Concurrent Workstation
Mean = 46.442 us, StdErr = 0.114 us (0.25%), N = 12, StdDev = 0.396 us
Min = 45.937 us, Q1 = 46.048 us, Median = 46.414 us, Q3 = 46.810 us, Max = 46.980 us
IQR = 0.763 us, LowerFence = 44.904 us, UpperFence = 47.954 us
ConfidenceInterval = [45.935 us; 46.950 us] (CI 99.9%), Margin = 0.508 us (1.09% of Mean)
Skewness = 0.03, Kurtosis = 1.22, MValue = 2
-------------------- Histogram --------------------
[45.710 us ; 47.207 us) | @@@@@@@@@@@@
---------------------------------------------------

PairHandleBenchmarks.Advance: InProcess(Toolchain=InProcessEmitToolchain) [Shape=PairBlocks8Waves]
Runtime = ; GC = 
Mean = 47.486 us, StdErr = 0.213 us (0.45%), N = 13, StdDev = 0.768 us
Min = 46.476 us, Q1 = 47.132 us, Median = 47.203 us, Q3 = 48.073 us, Max = 49.266 us
IQR = 0.941 us, LowerFence = 45.719 us, UpperFence = 49.485 us
ConfidenceInterval = [46.566 us; 48.405 us] (CI 99.9%), Margin = 0.919 us (1.94% of Mean)
Skewness = 0.76, Kurtosis = 2.79, MValue = 2
-------------------- Histogram --------------------
[46.047 us ; 47.760 us) | @@@@@@@@@
[47.760 us ; 49.695 us) | @@@@
---------------------------------------------------

PairHandleBenchmarks.Advance: Job-TZECNT(IterationCount=16, IterationTime=200ms, WarmupCount=8) [Shape=PairA(...)Waves [21]]
Runtime = .NET 10.0.12 (10.0.12, 10.0.1226.42308), X64 RyuJIT x86-64-v3; GC = Concurrent Workstation
Mean = 61.409 us, StdErr = 0.837 us (1.36%), N = 16, StdDev = 3.347 us
Min = 57.542 us, Q1 = 58.343 us, Median = 60.399 us, Q3 = 65.382 us, Max = 65.635 us
IQR = 7.039 us, LowerFence = 47.785 us, UpperFence = 75.941 us
ConfidenceInterval = [58.001 us; 64.817 us] (CI 99.9%), Margin = 3.408 us (5.55% of Mean)
Skewness = 0.26, Kurtosis = 1.16, MValue = 3.11
-------------------- Histogram --------------------
[57.268 us ; 60.755 us) | @@@@@@@@@
[60.755 us ; 63.480 us) | @
[63.480 us ; 67.378 us) | @@@@@@
---------------------------------------------------

PairHandleBenchmarks.Advance: InProcess(Toolchain=InProcessEmitToolchain) [Shape=PairA(...)Waves [21]]
Runtime = ; GC = 
Mean = 58.219 us, StdErr = 0.130 us (0.22%), N = 13, StdDev = 0.468 us
Min = 57.285 us, Q1 = 57.980 us, Median = 58.090 us, Q3 = 58.664 us, Max = 58.954 us
IQR = 0.684 us, LowerFence = 56.954 us, UpperFence = 59.690 us
ConfidenceInterval = [57.659 us; 58.779 us] (CI 99.9%), Margin = 0.560 us (0.96% of Mean)
Skewness = -0.08, Kurtosis = 2.12, MValue = 2
-------------------- Histogram --------------------
[57.023 us ; 59.215 us) | @@@@@@@@@@@@@
---------------------------------------------------

// * Summary *

BenchmarkDotNet v0.15.8, Linux Omarchy
Intel Core i9-14900K 0.80GHz, 1 CPU, 32 logical and 24 physical cores
.NET SDK 10.0.401
  [Host]     : .NET 10.0.12 (10.0.12, 10.0.1226.42308), X64 RyuJIT x86-64-v3
  Job-TZECNT : .NET 10.0.12 (10.0.12, 10.0.1226.42308), X64 RyuJIT x86-64-v3


| Method  | Job        | Toolchain              | IterationCount | IterationTime | WarmupCount | Shape                | Mean     | Error    | StdDev   | Median   | Allocated |
|-------- |----------- |----------------------- |--------------- |-------------- |------------ |--------------------- |---------:|---------:|---------:|---------:|----------:|
| Advance | Job-TZECNT | Default                | 16             | 200ms         | 8           | LaneUniform          | 32.44 us | 1.458 us | 1.432 us | 31.76 us |         - |
| Advance | InProcess  | InProcessEmitToolchain | Default        | Default       | Default     | LaneUniform          | 32.62 us | 0.230 us | 0.204 us | 32.52 us |         - |
| Advance | Job-TZECNT | Default                | 16             | 200ms         | 8           | PairOne              | 33.54 us | 1.548 us | 1.520 us | 34.17 us |         - |
| Advance | InProcess  | InProcessEmitToolchain | Default        | Default       | Default     | PairOne              | 29.87 us | 0.377 us | 0.334 us | 29.81 us |         - |
| Advance | Job-TZECNT | Default                | 16             | 200ms         | 8           | PairRuns8            | 36.61 us | 0.074 us | 0.070 us | 36.58 us |         - |
| Advance | InProcess  | InProcessEmitToolchain | Default        | Default       | Default     | PairRuns8            | 37.29 us | 0.207 us | 0.194 us | 37.30 us |         - |
| Advance | Job-TZECNT | Default                | 16             | 200ms         | 8           | PairAlternating8     | 65.15 us | 0.722 us | 0.709 us | 65.12 us |         - |
| Advance | InProcess  | InProcessEmitToolchain | Default        | Default       | Default     | PairAlternating8     | 65.54 us | 0.821 us | 0.728 us | 65.28 us |       1 B |
| Advance | Job-TZECNT | Default                | 16             | 200ms         | 8           | PairRuns8Waves       | 33.60 us | 1.752 us | 1.721 us | 32.89 us |         - |
| Advance | InProcess  | InProcessEmitToolchain | Default        | Default       | Default     | PairRuns8Waves       | 33.51 us | 0.458 us | 0.429 us | 33.57 us |         - |
| Advance | Job-TZECNT | Default                | 16             | 200ms         | 8           | PairBlocks8Waves     | 46.44 us | 0.508 us | 0.396 us | 46.41 us |         - |
| Advance | InProcess  | InProcessEmitToolchain | Default        | Default       | Default     | PairBlocks8Waves     | 47.49 us | 0.919 us | 0.768 us | 47.20 us |         - |
| Advance | Job-TZECNT | Default                | 16             | 200ms         | 8           | PairA(...)Waves [21] | 61.41 us | 3.408 us | 3.347 us | 60.40 us |         - |
| Advance | InProcess  | InProcessEmitToolchain | Default        | Default       | Default     | PairA(...)Waves [21] | 58.22 us | 0.560 us | 0.468 us | 58.09 us |         - |

// * Warnings *
MultimodalDistribution
  PairHandleBenchmarks.Advance: IterationCount=16, IterationTime=200ms, WarmupCount=8 -> It seems that the distribution can have several modes (mValue = 3.11)

// * Hints *
Outliers
  PairHandleBenchmarks.Advance: InProcess                                             -> 1 outlier  was  removed (34.19 us)
  PairHandleBenchmarks.Advance: InProcess                                             -> 1 outlier  was  removed (32.60 us)
  PairHandleBenchmarks.Advance: IterationCount=16, IterationTime=200ms, WarmupCount=8 -> 1 outlier  was  removed (36.91 us)
  PairHandleBenchmarks.Advance: InProcess                                             -> 1 outlier  was  detected (36.77 us)
  PairHandleBenchmarks.Advance: InProcess                                             -> 1 outlier  was  removed (72.49 us)
  PairHandleBenchmarks.Advance: IterationCount=16, IterationTime=200ms, WarmupCount=8 -> 4 outliers were removed (51.43 us..52.63 us)
  PairHandleBenchmarks.Advance: InProcess                                             -> 2 outliers were removed (50.33 us, 53.26 us)
  PairHandleBenchmarks.Advance: InProcess                                             -> 2 outliers were removed (61.23 us, 62.32 us)

// * Legends *
  Shape     : Value of the 'Shape' parameter
  Mean      : Arithmetic mean of all measurements
  Error     : Half of 99.9% confidence interval
  StdDev    : Standard deviation of all measurements
  Median    : Value separating the higher half of all measurements (50th percentile)
  Allocated : Allocated memory per single operation (managed only, inclusive, 1KB = 1024B)
  1 us      : 1 Microsecond (0.000001 sec)

// * Diagnostic Output - MemoryDiagnoser *


// ***** BenchmarkRunner: End *****
Run time: 00:02:49 (169.6 sec), executed benchmarks: 14

Global total time: 00:02:53 (173.18 sec), executed benchmarks: 14
// * Artifacts cleanup *
Artifacts cleanup is finished
