PAIR-HANDLES PARITY PASS: 8192 rows x 240 steps over 8 variant timelines, forward and backward, bit-exact
host: Unix 7.2.5.3, .NET 10.0.12, procs 32
benchmark artifacts: /tmp/ab352/ph-cand-3
// Validating benchmarks:
// ***** BenchmarkRunner: Start   *****
// ***** Found 14 benchmark(s) in total *****
// ***** Building 2 exe(s) in Parallel: Start   *****
// ***** Done, took 00:00:03 (3.47 sec)   *****
// Found 14 benchmarks:
//   PairHandleBenchmarks.Advance: Job-TZECNT(IterationCount=16, IterationTime=200ms, WarmupCount=8) [Shape=LaneUniform]
//   PairHandleBenchmarks.Advance: InProcess(Toolchain=InProcessEmitToolchain) [Shape=LaneUniform]
//   PairHandleBenchmarks.Advance: Job-TZECNT(IterationCount=16, IterationTime=200ms, WarmupCount=8) [Shape=PairOne]
//   PairHandleBenchmarks.Advance: InProcess(Toolchain=InProcessEmitToolchain) [Shape=PairOne]
//   PairHandleBenchmarks.Advance: Job-TZECNT(IterationCount=16, IterationTime=200ms, WarmupCount=8) [Shape=PairRuns8]
//   PairHandleBenchmarks.Advance: InProcess(Toolchain=InProcessEmitToolchain) [Shape=PairRuns8]
//   PairHandleBenchmarks.Advance: Job-TZECNT(IterationCount=16, IterationTime=200ms, WarmupCount=8) [Shape=PairAlternating8]
//   PairHandleBenchmarks.Advance: InProcess(Toolchain=InProcessEmitToolchain) [Shape=PairAlternating8]
//   PairHandleBenchmarks.Advance: Job-TZECNT(IterationCount=16, IterationTime=200ms, WarmupCount=8) [Shape=PairRuns8Waves]
//   PairHandleBenchmarks.Advance: InProcess(Toolchain=InProcessEmitToolchain) [Shape=PairRuns8Waves]
//   PairHandleBenchmarks.Advance: Job-TZECNT(IterationCount=16, IterationTime=200ms, WarmupCount=8) [Shape=PairBlocks8Waves]
//   PairHandleBenchmarks.Advance: InProcess(Toolchain=InProcessEmitToolchain) [Shape=PairBlocks8Waves]
//   PairHandleBenchmarks.Advance: Job-TZECNT(IterationCount=16, IterationTime=200ms, WarmupCount=8) [Shape=PairA(...)Waves [21]]
//   PairHandleBenchmarks.Advance: InProcess(Toolchain=InProcessEmitToolchain) [Shape=PairA(...)Waves [21]]

// **************************
// Benchmark: PairHandleBenchmarks.Advance: Job-TZECNT(IterationCount=16, IterationTime=200ms, WarmupCount=8) [Shape=LaneUniform]
// *** Execute ***
// Launch: 1 / 1
// Execute: dotnet PairHandles-Job-TZECNT-1.dll --anonymousPipes 138 139 --benchmarkName "PairHandles.PairHandleBenchmarks.Advance(Shape: LaneUniform)" --job "IterationCount=16, IterationTime=200ms, WarmupCount=8" --benchmarkId 0 in /home/i/GitHub/tl-w352/benchmarks/PairHandles/bin/Release/net10.0/PairHandles-Job-TZECNT-1/bin/Release/net10.0
// Failed to set up high priority (Permission denied). In order to run benchmarks with high priority, make sure you have the right permissions.
// BeforeAnythingElse

// Benchmark Process Environment Information:
// BenchmarkDotNet v0.15.8
// Runtime=.NET 10.0.12 (10.0.12, 10.0.1226.42308), X64 RyuJIT x86-64-v3
// GC=Concurrent Workstation
// HardwareIntrinsics=AVX2+BMI1+BMI2+F16C+FMA+LZCNT+MOVBE,AVX,SSE3+SSSE3+SSE4.1+SSE4.2+POPCNT,X86Base+SSE+SSE2,AES+PCLMUL,AvxVnni,SERIALIZE VectorSize=256
// Job: Job-TZECNT(IterationCount=16, IterationTime=200ms, WarmupCount=8)

OverheadJitting  1: 1 op, 78485.00 ns, 78.4850 us/op
WorkloadJitting  1: 1 op, 10085303.00 ns, 10.0853 ms/op

OverheadJitting  2: 16 op, 109940.00 ns, 6.8713 us/op
WorkloadJitting  2: 16 op, 630465.00 ns, 39.4041 us/op

WorkloadPilot    1: 16 op, 530728.00 ns, 33.1705 us/op
WorkloadPilot    2: 6032 op, 193821057.00 ns, 32.1321 us/op
WorkloadPilot    3: 6224 op, 195042867.00 ns, 31.3372 us/op
WorkloadPilot    4: 6384 op, 200120510.00 ns, 31.3472 us/op

OverheadWarmup   1: 6384 op, 12088.00 ns, 1.8935 ns/op
OverheadWarmup   2: 6384 op, 11475.00 ns, 1.7975 ns/op
OverheadWarmup   3: 6384 op, 11308.00 ns, 1.7713 ns/op
OverheadWarmup   4: 6384 op, 11365.00 ns, 1.7802 ns/op
OverheadWarmup   5: 6384 op, 11302.00 ns, 1.7704 ns/op
OverheadWarmup   6: 6384 op, 10484.00 ns, 1.6422 ns/op
OverheadWarmup   7: 6384 op, 10500.00 ns, 1.6447 ns/op
OverheadWarmup   8: 6384 op, 10518.00 ns, 1.6476 ns/op
OverheadWarmup   9: 6384 op, 10483.00 ns, 1.6421 ns/op

OverheadActual   1: 6384 op, 10785.00 ns, 1.6894 ns/op
OverheadActual   2: 6384 op, 10980.00 ns, 1.7199 ns/op
OverheadActual   3: 6384 op, 10792.00 ns, 1.6905 ns/op
OverheadActual   4: 6384 op, 10612.00 ns, 1.6623 ns/op
OverheadActual   5: 6384 op, 10699.00 ns, 1.6759 ns/op
OverheadActual   6: 6384 op, 10563.00 ns, 1.6546 ns/op
OverheadActual   7: 6384 op, 10486.00 ns, 1.6425 ns/op
OverheadActual   8: 6384 op, 10503.00 ns, 1.6452 ns/op
OverheadActual   9: 6384 op, 10487.00 ns, 1.6427 ns/op
OverheadActual  10: 6384 op, 10516.00 ns, 1.6472 ns/op
OverheadActual  11: 6384 op, 10530.00 ns, 1.6494 ns/op
OverheadActual  12: 6384 op, 10697.00 ns, 1.6756 ns/op
OverheadActual  13: 6384 op, 10508.00 ns, 1.6460 ns/op
OverheadActual  14: 6384 op, 10473.00 ns, 1.6405 ns/op
OverheadActual  15: 6384 op, 10491.00 ns, 1.6433 ns/op

WorkloadWarmup   1: 6384 op, 199907011.00 ns, 31.3138 us/op
WorkloadWarmup   2: 6384 op, 199528916.00 ns, 31.2545 us/op
WorkloadWarmup   3: 6384 op, 200230165.00 ns, 31.3644 us/op
WorkloadWarmup   4: 6384 op, 200171841.00 ns, 31.3552 us/op
WorkloadWarmup   5: 6384 op, 199953214.00 ns, 31.3210 us/op
WorkloadWarmup   6: 6384 op, 200448531.00 ns, 31.3986 us/op
WorkloadWarmup   7: 6384 op, 200641815.00 ns, 31.4289 us/op
WorkloadWarmup   8: 6384 op, 200143061.00 ns, 31.3507 us/op

// BeforeActualRun
WorkloadActual   1: 6384 op, 222985227.00 ns, 34.9288 us/op
WorkloadActual   2: 6384 op, 222215878.00 ns, 34.8083 us/op
WorkloadActual   3: 6384 op, 222792316.00 ns, 34.8985 us/op
WorkloadActual   4: 6384 op, 199635743.00 ns, 31.2713 us/op
WorkloadActual   5: 6384 op, 199912023.00 ns, 31.3145 us/op
WorkloadActual   6: 6384 op, 199863704.00 ns, 31.3070 us/op
WorkloadActual   7: 6384 op, 199862973.00 ns, 31.3069 us/op
WorkloadActual   8: 6384 op, 213610557.00 ns, 33.4603 us/op
WorkloadActual   9: 6384 op, 200260709.00 ns, 31.3692 us/op
WorkloadActual  10: 6384 op, 200020858.00 ns, 31.3316 us/op
WorkloadActual  11: 6384 op, 199962275.00 ns, 31.3224 us/op
WorkloadActual  12: 6384 op, 199973364.00 ns, 31.3241 us/op
WorkloadActual  13: 6384 op, 215462219.00 ns, 33.7503 us/op
WorkloadActual  14: 6384 op, 223143669.00 ns, 34.9536 us/op
WorkloadActual  15: 6384 op, 201391353.00 ns, 31.5463 us/op
WorkloadActual  16: 6384 op, 209823562.00 ns, 32.8671 us/op

// AfterActualRun
WorkloadResult   1: 6384 op, 222974697.00 ns, 34.9271 us/op
WorkloadResult   2: 6384 op, 222205348.00 ns, 34.8066 us/op
WorkloadResult   3: 6384 op, 222781786.00 ns, 34.8969 us/op
WorkloadResult   4: 6384 op, 199625213.00 ns, 31.2696 us/op
WorkloadResult   5: 6384 op, 199901493.00 ns, 31.3129 us/op
WorkloadResult   6: 6384 op, 199853174.00 ns, 31.3053 us/op
WorkloadResult   7: 6384 op, 199852443.00 ns, 31.3052 us/op
WorkloadResult   8: 6384 op, 213600027.00 ns, 33.4587 us/op
WorkloadResult   9: 6384 op, 200250179.00 ns, 31.3675 us/op
WorkloadResult  10: 6384 op, 200010328.00 ns, 31.3299 us/op
WorkloadResult  11: 6384 op, 199951745.00 ns, 31.3208 us/op
WorkloadResult  12: 6384 op, 199962834.00 ns, 31.3225 us/op
WorkloadResult  13: 6384 op, 215451689.00 ns, 33.7487 us/op
WorkloadResult  14: 6384 op, 223133139.00 ns, 34.9519 us/op
WorkloadResult  15: 6384 op, 201380823.00 ns, 31.5446 us/op
WorkloadResult  16: 6384 op, 209813032.00 ns, 32.8654 us/op
// GC:  0 0 0 0 6384
// Threading:  0 0 6384

// AfterAll
// Benchmark Process 169182 has exited with code 0.

Mean = 32.608 us, StdErr = 0.395 us (1.21%), N = 16, StdDev = 1.581 us
Min = 31.270 us, Q1 = 31.319 us, Median = 31.456 us, Q3 = 34.013 us, Max = 34.952 us
IQR = 2.694 us, LowerFence = 27.277 us, UpperFence = 38.055 us
ConfidenceInterval = [30.998 us; 34.219 us] (CI 99.9%), Margin = 1.610 us (4.94% of Mean)
Skewness = 0.5, Kurtosis = 1.36, MValue = 2

// ** Remained 13 (92.9 %) benchmark(s) to run. Estimated finish 2026-09-22 5:40 (0h 1m from now) **
// **************************
// Benchmark: PairHandleBenchmarks.Advance: InProcess(Toolchain=InProcessEmitToolchain) [Shape=LaneUniform]
// *** Execute ***
// Launch: 1 / 1
// ! Failed to set up priority High for process System.Diagnostics.Process (PairHandles). Make sure you have the right permissions. Message: Permission denied

// Benchmark Process Environment Information:
// BenchmarkDotNet v0.15.8
// Runtime=.NET 10.0.12 (10.0.12, 10.0.1226.42308), X64 RyuJIT x86-64-v3
// GC=Concurrent Workstation
// HardwareIntrinsics=AVX2+BMI1+BMI2+F16C+FMA+LZCNT+MOVBE,AVX,SSE3+SSSE3+SSE4.1+SSE4.2+POPCNT,X86Base+SSE+SSE2,AES+PCLMUL,AvxVnni,SERIALIZE VectorSize=256
// Job: Job-JWQWGO(Toolchain=InProcessEmitToolchain)

OverheadJitting  1: 1 op, 77359.00 ns, 77.3590 us/op
WorkloadJitting  1: 1 op, 2002671.00 ns, 2.0027 ms/op

OverheadJitting  2: 16 op, 120871.00 ns, 7.5544 us/op
WorkloadJitting  2: 16 op, 685952.00 ns, 42.8720 us/op

WorkloadPilot    1: 16 op, 552099.00 ns, 34.5062 us/op
WorkloadPilot    2: 32 op, 1055161.00 ns, 32.9738 us/op
WorkloadPilot    3: 64 op, 2114604.00 ns, 33.0407 us/op
WorkloadPilot    4: 128 op, 4207183.00 ns, 32.8686 us/op
WorkloadPilot    5: 256 op, 8381479.00 ns, 32.7402 us/op
WorkloadPilot    6: 512 op, 16711725.00 ns, 32.6401 us/op
WorkloadPilot    7: 1024 op, 33493389.00 ns, 32.7084 us/op
WorkloadPilot    8: 2048 op, 66973546.00 ns, 32.7019 us/op
WorkloadPilot    9: 4096 op, 134294750.00 ns, 32.7868 us/op
WorkloadPilot   10: 8192 op, 270429098.00 ns, 33.0114 us/op
WorkloadPilot   11: 16384 op, 539235158.00 ns, 32.9123 us/op

OverheadWarmup   1: 16384 op, 22076.00 ns, 1.3474 ns/op
OverheadWarmup   2: 16384 op, 21132.00 ns, 1.2898 ns/op
OverheadWarmup   3: 16384 op, 21133.00 ns, 1.2899 ns/op
OverheadWarmup   4: 16384 op, 21129.00 ns, 1.2896 ns/op
OverheadWarmup   5: 16384 op, 21120.00 ns, 1.2891 ns/op
OverheadWarmup   6: 16384 op, 21122.00 ns, 1.2892 ns/op
OverheadWarmup   7: 16384 op, 21137.00 ns, 1.2901 ns/op
OverheadWarmup   8: 16384 op, 21131.00 ns, 1.2897 ns/op

OverheadActual   1: 16384 op, 21286.00 ns, 1.2992 ns/op
OverheadActual   2: 16384 op, 21298.00 ns, 1.2999 ns/op
OverheadActual   3: 16384 op, 21290.00 ns, 1.2994 ns/op
OverheadActual   4: 16384 op, 21221.00 ns, 1.2952 ns/op
OverheadActual   5: 16384 op, 21261.00 ns, 1.2977 ns/op
OverheadActual   6: 16384 op, 21160.00 ns, 1.2915 ns/op
OverheadActual   7: 16384 op, 21148.00 ns, 1.2908 ns/op
OverheadActual   8: 16384 op, 21143.00 ns, 1.2905 ns/op
OverheadActual   9: 16384 op, 21134.00 ns, 1.2899 ns/op
OverheadActual  10: 16384 op, 21102.00 ns, 1.2880 ns/op
OverheadActual  11: 16384 op, 21109.00 ns, 1.2884 ns/op
OverheadActual  12: 16384 op, 21114.00 ns, 1.2887 ns/op
OverheadActual  13: 16384 op, 21137.00 ns, 1.2901 ns/op
OverheadActual  14: 16384 op, 21131.00 ns, 1.2897 ns/op
OverheadActual  15: 16384 op, 21118.00 ns, 1.2889 ns/op

WorkloadWarmup   1: 16384 op, 534691337.00 ns, 32.6350 us/op
WorkloadWarmup   2: 16384 op, 533998683.00 ns, 32.5927 us/op
WorkloadWarmup   3: 16384 op, 533740457.00 ns, 32.5769 us/op
WorkloadWarmup   4: 16384 op, 534794652.00 ns, 32.6413 us/op
WorkloadWarmup   5: 16384 op, 533726079.00 ns, 32.5761 us/op
WorkloadWarmup   6: 16384 op, 534693748.00 ns, 32.6351 us/op
WorkloadWarmup   7: 16384 op, 533598172.00 ns, 32.5682 us/op

WorkloadActual   1: 16384 op, 533989920.00 ns, 32.5922 us/op
WorkloadActual   2: 16384 op, 534626497.00 ns, 32.6310 us/op
WorkloadActual   3: 16384 op, 534590375.00 ns, 32.6288 us/op
WorkloadActual   4: 16384 op, 533569858.00 ns, 32.5665 us/op
WorkloadActual   5: 16384 op, 534480882.00 ns, 32.6221 us/op
WorkloadActual   6: 16384 op, 534042766.00 ns, 32.5954 us/op
WorkloadActual   7: 16384 op, 533848129.00 ns, 32.5835 us/op
WorkloadActual   8: 16384 op, 534311400.00 ns, 32.6118 us/op
WorkloadActual   9: 16384 op, 543928277.00 ns, 33.1987 us/op
WorkloadActual  10: 16384 op, 535857928.00 ns, 32.7062 us/op
WorkloadActual  11: 16384 op, 535437840.00 ns, 32.6805 us/op
WorkloadActual  12: 16384 op, 537498750.00 ns, 32.8063 us/op
WorkloadActual  13: 16384 op, 535964978.00 ns, 32.7127 us/op
WorkloadActual  14: 16384 op, 535769408.00 ns, 32.7008 us/op
WorkloadActual  15: 16384 op, 533932771.00 ns, 32.5887 us/op

WorkloadResult   1: 16384 op, 533968777.00 ns, 32.5909 us/op
WorkloadResult   2: 16384 op, 534605354.00 ns, 32.6297 us/op
WorkloadResult   3: 16384 op, 534569232.00 ns, 32.6275 us/op
WorkloadResult   4: 16384 op, 533548715.00 ns, 32.5652 us/op
WorkloadResult   5: 16384 op, 534459739.00 ns, 32.6208 us/op
WorkloadResult   6: 16384 op, 534021623.00 ns, 32.5941 us/op
WorkloadResult   7: 16384 op, 533826986.00 ns, 32.5822 us/op
WorkloadResult   8: 16384 op, 534290257.00 ns, 32.6105 us/op
WorkloadResult   9: 16384 op, 535836785.00 ns, 32.7049 us/op
WorkloadResult  10: 16384 op, 535416697.00 ns, 32.6792 us/op
WorkloadResult  11: 16384 op, 537477607.00 ns, 32.8050 us/op
WorkloadResult  12: 16384 op, 535943835.00 ns, 32.7114 us/op
WorkloadResult  13: 16384 op, 535748265.00 ns, 32.6995 us/op
WorkloadResult  14: 16384 op, 533911628.00 ns, 32.5874 us/op
// GC:  0 0 0 0 16384
// Threading:  0 0 16384


Mean = 32.643 us, StdErr = 0.018 us (0.06%), N = 14, StdDev = 0.067 us
Min = 32.565 us, Q1 = 32.592 us, Median = 32.624 us, Q3 = 32.694 us, Max = 32.805 us
IQR = 0.103 us, LowerFence = 32.438 us, UpperFence = 32.849 us
ConfidenceInterval = [32.567 us; 32.720 us] (CI 99.9%), Margin = 0.076 us (0.23% of Mean)
Skewness = 0.88, Kurtosis = 2.78, MValue = 2

// ** Remained 12 (85.7 %) benchmark(s) to run. Estimated finish 2026-09-22 5:41 (0h 1m from now) **
// **************************
// Benchmark: PairHandleBenchmarks.Advance: Job-TZECNT(IterationCount=16, IterationTime=200ms, WarmupCount=8) [Shape=PairOne]
// *** Execute ***
// Launch: 1 / 1
// Execute: dotnet PairHandles-Job-TZECNT-1.dll --anonymousPipes 118 119 --benchmarkName "PairHandles.PairHandleBenchmarks.Advance(Shape: PairOne)" --job "IterationCount=16, IterationTime=200ms, WarmupCount=8" --benchmarkId 1 in /home/i/GitHub/tl-w352/benchmarks/PairHandles/bin/Release/net10.0/PairHandles-Job-TZECNT-1/bin/Release/net10.0
// Failed to set up high priority (Permission denied). In order to run benchmarks with high priority, make sure you have the right permissions.
// BeforeAnythingElse

// Benchmark Process Environment Information:
// BenchmarkDotNet v0.15.8
// Runtime=.NET 10.0.12 (10.0.12, 10.0.1226.42308), X64 RyuJIT x86-64-v3
// GC=Concurrent Workstation
// HardwareIntrinsics=AVX2+BMI1+BMI2+F16C+FMA+LZCNT+MOVBE,AVX,SSE3+SSSE3+SSE4.1+SSE4.2+POPCNT,X86Base+SSE+SSE2,AES+PCLMUL,AvxVnni,SERIALIZE VectorSize=256
// Job: Job-TZECNT(IterationCount=16, IterationTime=200ms, WarmupCount=8)

OverheadJitting  1: 1 op, 77176.00 ns, 77.1760 us/op
WorkloadJitting  1: 1 op, 10855691.00 ns, 10.8557 ms/op

OverheadJitting  2: 16 op, 112092.00 ns, 7.0058 us/op
WorkloadJitting  2: 16 op, 686191.00 ns, 42.8869 us/op

WorkloadPilot    1: 16 op, 594987.00 ns, 37.1867 us/op
WorkloadPilot    2: 5392 op, 176417585.00 ns, 32.7184 us/op
WorkloadPilot    3: 6128 op, 215226673.00 ns, 35.1218 us/op
WorkloadPilot    4: 5696 op, 181987506.00 ns, 31.9501 us/op
WorkloadPilot    5: 6272 op, 194275841.00 ns, 30.9751 us/op
WorkloadPilot    6: 6464 op, 201084252.00 ns, 31.1083 us/op
WorkloadPilot    7: 6432 op, 217291061.00 ns, 33.7828 us/op

OverheadWarmup   1: 6432 op, 11076.00 ns, 1.7220 ns/op
OverheadWarmup   2: 6432 op, 10764.00 ns, 1.6735 ns/op
OverheadWarmup   3: 6432 op, 10620.00 ns, 1.6511 ns/op
OverheadWarmup   4: 6432 op, 10711.00 ns, 1.6653 ns/op
OverheadWarmup   5: 6432 op, 10685.00 ns, 1.6612 ns/op
OverheadWarmup   6: 6432 op, 10764.00 ns, 1.6735 ns/op
OverheadWarmup   7: 6432 op, 10600.00 ns, 1.6480 ns/op

OverheadActual   1: 6432 op, 10813.00 ns, 1.6811 ns/op
OverheadActual   2: 6432 op, 10894.00 ns, 1.6937 ns/op
OverheadActual   3: 6432 op, 10800.00 ns, 1.6791 ns/op
OverheadActual   4: 6432 op, 10914.00 ns, 1.6968 ns/op
OverheadActual   5: 6432 op, 10734.00 ns, 1.6688 ns/op
OverheadActual   6: 6432 op, 10569.00 ns, 1.6432 ns/op
OverheadActual   7: 6432 op, 10540.00 ns, 1.6387 ns/op
OverheadActual   8: 6432 op, 10541.00 ns, 1.6388 ns/op
OverheadActual   9: 6432 op, 10536.00 ns, 1.6381 ns/op
OverheadActual  10: 6432 op, 10566.00 ns, 1.6427 ns/op
OverheadActual  11: 6432 op, 10553.00 ns, 1.6407 ns/op
OverheadActual  12: 6432 op, 10605.00 ns, 1.6488 ns/op
OverheadActual  13: 6432 op, 10586.00 ns, 1.6458 ns/op
OverheadActual  14: 6432 op, 10795.00 ns, 1.6783 ns/op
OverheadActual  15: 6432 op, 10580.00 ns, 1.6449 ns/op

WorkloadWarmup   1: 6432 op, 224821841.00 ns, 34.9536 us/op
WorkloadWarmup   2: 6432 op, 226235141.00 ns, 35.1734 us/op
WorkloadWarmup   3: 6432 op, 225136193.00 ns, 35.0025 us/op
WorkloadWarmup   4: 6432 op, 221405035.00 ns, 34.4224 us/op
WorkloadWarmup   5: 6432 op, 204412149.00 ns, 31.7805 us/op
WorkloadWarmup   6: 6432 op, 201670112.00 ns, 31.3542 us/op
WorkloadWarmup   7: 6432 op, 200235030.00 ns, 31.1311 us/op
WorkloadWarmup   8: 6432 op, 200574288.00 ns, 31.1838 us/op

// BeforeActualRun
WorkloadActual   1: 6432 op, 200414802.00 ns, 31.1590 us/op
WorkloadActual   2: 6432 op, 199843045.00 ns, 31.0701 us/op
WorkloadActual   3: 6432 op, 201797424.00 ns, 31.3740 us/op
WorkloadActual   4: 6432 op, 200699083.00 ns, 31.2032 us/op
WorkloadActual   5: 6432 op, 226285327.00 ns, 35.1812 us/op
WorkloadActual   6: 6432 op, 226106636.00 ns, 35.1534 us/op
WorkloadActual   7: 6432 op, 225823672.00 ns, 35.1094 us/op
WorkloadActual   8: 6432 op, 212620136.00 ns, 33.0566 us/op
WorkloadActual   9: 6432 op, 200366488.00 ns, 31.1515 us/op
WorkloadActual  10: 6432 op, 201203570.00 ns, 31.2816 us/op
WorkloadActual  11: 6432 op, 200284798.00 ns, 31.1388 us/op
WorkloadActual  12: 6432 op, 200500805.00 ns, 31.1724 us/op
WorkloadActual  13: 6432 op, 201841415.00 ns, 31.3808 us/op
WorkloadActual  14: 6432 op, 200433847.00 ns, 31.1620 us/op
WorkloadActual  15: 6432 op, 201159066.00 ns, 31.2747 us/op
WorkloadActual  16: 6432 op, 199929205.00 ns, 31.0835 us/op

// AfterActualRun
WorkloadResult   1: 6432 op, 200404216.00 ns, 31.1574 us/op
WorkloadResult   2: 6432 op, 199832459.00 ns, 31.0685 us/op
WorkloadResult   3: 6432 op, 201786838.00 ns, 31.3723 us/op
WorkloadResult   4: 6432 op, 200688497.00 ns, 31.2016 us/op
WorkloadResult   5: 6432 op, 200355902.00 ns, 31.1499 us/op
WorkloadResult   6: 6432 op, 201192984.00 ns, 31.2800 us/op
WorkloadResult   7: 6432 op, 200274212.00 ns, 31.1372 us/op
WorkloadResult   8: 6432 op, 200490219.00 ns, 31.1707 us/op
WorkloadResult   9: 6432 op, 201830829.00 ns, 31.3792 us/op
WorkloadResult  10: 6432 op, 200423261.00 ns, 31.1603 us/op
WorkloadResult  11: 6432 op, 201148480.00 ns, 31.2731 us/op
WorkloadResult  12: 6432 op, 199918619.00 ns, 31.0819 us/op
// GC:  0 0 0 0 6432
// Threading:  0 0 6432

// AfterAll
// Benchmark Process 169215 has exited with code 0.

Mean = 31.203 us, StdErr = 0.030 us (0.09%), N = 12, StdDev = 0.102 us
Min = 31.068 us, Q1 = 31.147 us, Median = 31.166 us, Q3 = 31.275 us, Max = 31.379 us
IQR = 0.128 us, LowerFence = 30.954 us, UpperFence = 31.467 us
ConfidenceInterval = [31.071 us; 31.334 us] (CI 99.9%), Margin = 0.131 us (0.42% of Mean)
Skewness = 0.5, Kurtosis = 1.84, MValue = 2

// ** Remained 11 (78.6 %) benchmark(s) to run. Estimated finish 2026-09-22 5:41 (0h 1m from now) **
// **************************
// Benchmark: PairHandleBenchmarks.Advance: InProcess(Toolchain=InProcessEmitToolchain) [Shape=PairOne]
// *** Execute ***
// Launch: 1 / 1
// ! Failed to set up priority High for process System.Diagnostics.Process (PairHandles). Make sure you have the right permissions. Message: Permission denied

// Benchmark Process Environment Information:
// BenchmarkDotNet v0.15.8
// Runtime=.NET 10.0.12 (10.0.12, 10.0.1226.42308), X64 RyuJIT x86-64-v3
// GC=Concurrent Workstation
// HardwareIntrinsics=AVX2+BMI1+BMI2+F16C+FMA+LZCNT+MOVBE,AVX,SSE3+SSSE3+SSE4.1+SSE4.2+POPCNT,X86Base+SSE+SSE2,AES+PCLMUL,AvxVnni,SERIALIZE VectorSize=256
// Job: Job-JWQWGO(Toolchain=InProcessEmitToolchain)

OverheadJitting  1: 1 op, 92110.00 ns, 92.1100 us/op
WorkloadJitting  1: 1 op, 124531.00 ns, 124.5310 us/op

OverheadJitting  2: 16 op, 111574.00 ns, 6.9734 us/op
WorkloadJitting  2: 16 op, 745302.00 ns, 46.5814 us/op

WorkloadPilot    1: 16 op, 576241.00 ns, 36.0151 us/op
WorkloadPilot    2: 32 op, 1143199.00 ns, 35.7250 us/op
WorkloadPilot    3: 64 op, 2128313.00 ns, 33.2549 us/op
WorkloadPilot    4: 128 op, 4238658.00 ns, 33.1145 us/op
WorkloadPilot    5: 256 op, 8460885.00 ns, 33.0503 us/op
WorkloadPilot    6: 512 op, 16908023.00 ns, 33.0235 us/op
WorkloadPilot    7: 1024 op, 31346192.00 ns, 30.6115 us/op
WorkloadPilot    8: 2048 op, 67942299.00 ns, 33.1750 us/op
WorkloadPilot    9: 4096 op, 135358698.00 ns, 33.0466 us/op
WorkloadPilot   10: 8192 op, 267328088.00 ns, 32.6328 us/op
WorkloadPilot   11: 16384 op, 507958112.00 ns, 31.0033 us/op

OverheadWarmup   1: 16384 op, 27667.00 ns, 1.6887 ns/op
OverheadWarmup   2: 16384 op, 21264.00 ns, 1.2979 ns/op
OverheadWarmup   3: 16384 op, 21070.00 ns, 1.2860 ns/op
OverheadWarmup   4: 16384 op, 21081.00 ns, 1.2867 ns/op
OverheadWarmup   5: 16384 op, 21069.00 ns, 1.2859 ns/op
OverheadWarmup   6: 16384 op, 21302.00 ns, 1.3002 ns/op
OverheadWarmup   7: 16384 op, 21068.00 ns, 1.2859 ns/op

OverheadActual   1: 16384 op, 21063.00 ns, 1.2856 ns/op
OverheadActual   2: 16384 op, 21045.00 ns, 1.2845 ns/op
OverheadActual   3: 16384 op, 21046.00 ns, 1.2845 ns/op
OverheadActual   4: 16384 op, 21065.00 ns, 1.2857 ns/op
OverheadActual   5: 16384 op, 21070.00 ns, 1.2860 ns/op
OverheadActual   6: 16384 op, 21054.00 ns, 1.2850 ns/op
OverheadActual   7: 16384 op, 21060.00 ns, 1.2854 ns/op
OverheadActual   8: 16384 op, 21070.00 ns, 1.2860 ns/op
OverheadActual   9: 16384 op, 21095.00 ns, 1.2875 ns/op
OverheadActual  10: 16384 op, 21060.00 ns, 1.2854 ns/op
OverheadActual  11: 16384 op, 21049.00 ns, 1.2847 ns/op
OverheadActual  12: 16384 op, 21069.00 ns, 1.2859 ns/op
OverheadActual  13: 16384 op, 21079.00 ns, 1.2866 ns/op
OverheadActual  14: 16384 op, 21047.00 ns, 1.2846 ns/op
OverheadActual  15: 16384 op, 21056.00 ns, 1.2852 ns/op

WorkloadWarmup   1: 16384 op, 500988832.00 ns, 30.5779 us/op
WorkloadWarmup   2: 16384 op, 493739742.00 ns, 30.1355 us/op
WorkloadWarmup   3: 16384 op, 503663001.00 ns, 30.7411 us/op
WorkloadWarmup   4: 16384 op, 489002389.00 ns, 29.8463 us/op
WorkloadWarmup   5: 16384 op, 536918259.00 ns, 32.7709 us/op
WorkloadWarmup   6: 16384 op, 495104284.00 ns, 30.2188 us/op

WorkloadActual   1: 16384 op, 493826041.00 ns, 30.1407 us/op
WorkloadActual   2: 16384 op, 492047449.00 ns, 30.0322 us/op
WorkloadActual   3: 16384 op, 485178809.00 ns, 29.6130 us/op
WorkloadActual   4: 16384 op, 481238872.00 ns, 29.3725 us/op
WorkloadActual   5: 16384 op, 486380225.00 ns, 29.6863 us/op
WorkloadActual   6: 16384 op, 508870274.00 ns, 31.0590 us/op
WorkloadActual   7: 16384 op, 498158012.00 ns, 30.4052 us/op
WorkloadActual   8: 16384 op, 499998024.00 ns, 30.5175 us/op
WorkloadActual   9: 16384 op, 502456781.00 ns, 30.6675 us/op
WorkloadActual  10: 16384 op, 492430353.00 ns, 30.0556 us/op
WorkloadActual  11: 16384 op, 494597201.00 ns, 30.1878 us/op
WorkloadActual  12: 16384 op, 492899314.00 ns, 30.0842 us/op
WorkloadActual  13: 16384 op, 492974660.00 ns, 30.0888 us/op
WorkloadActual  14: 16384 op, 537050990.00 ns, 32.7790 us/op
WorkloadActual  15: 16384 op, 495338202.00 ns, 30.2330 us/op

WorkloadResult   1: 16384 op, 493804981.00 ns, 30.1395 us/op
WorkloadResult   2: 16384 op, 492026389.00 ns, 30.0309 us/op
WorkloadResult   3: 16384 op, 485157749.00 ns, 29.6117 us/op
WorkloadResult   4: 16384 op, 481217812.00 ns, 29.3712 us/op
WorkloadResult   5: 16384 op, 486359165.00 ns, 29.6850 us/op
WorkloadResult   6: 16384 op, 508849214.00 ns, 31.0577 us/op
WorkloadResult   7: 16384 op, 498136952.00 ns, 30.4039 us/op
WorkloadResult   8: 16384 op, 499976964.00 ns, 30.5162 us/op
WorkloadResult   9: 16384 op, 502435721.00 ns, 30.6662 us/op
WorkloadResult  10: 16384 op, 492409293.00 ns, 30.0543 us/op
WorkloadResult  11: 16384 op, 494576141.00 ns, 30.1865 us/op
WorkloadResult  12: 16384 op, 492878254.00 ns, 30.0829 us/op
WorkloadResult  13: 16384 op, 492953600.00 ns, 30.0875 us/op
WorkloadResult  14: 16384 op, 495317142.00 ns, 30.2318 us/op
// GC:  0 0 0 4656 16384
// Threading:  0 0 16384


Mean = 30.152 us, StdErr = 0.116 us (0.38%), N = 14, StdDev = 0.433 us
Min = 29.371 us, Q1 = 30.037 us, Median = 30.113 us, Q3 = 30.361 us, Max = 31.058 us
IQR = 0.324 us, LowerFence = 29.551 us, UpperFence = 30.847 us
ConfidenceInterval = [29.663 us; 30.641 us] (CI 99.9%), Margin = 0.489 us (1.62% of Mean)
Skewness = 0.18, Kurtosis = 2.57, MValue = 2

// ** Remained 10 (71.4 %) benchmark(s) to run. Estimated finish 2026-09-22 5:41 (0h 1m from now) **
// **************************
// Benchmark: PairHandleBenchmarks.Advance: Job-TZECNT(IterationCount=16, IterationTime=200ms, WarmupCount=8) [Shape=PairRuns8]
// *** Execute ***
// Launch: 1 / 1
// Execute: dotnet PairHandles-Job-TZECNT-1.dll --anonymousPipes 118 119 --benchmarkName "PairHandles.PairHandleBenchmarks.Advance(Shape: PairRuns8)" --job "IterationCount=16, IterationTime=200ms, WarmupCount=8" --benchmarkId 2 in /home/i/GitHub/tl-w352/benchmarks/PairHandles/bin/Release/net10.0/PairHandles-Job-TZECNT-1/bin/Release/net10.0
// Failed to set up high priority (Permission denied). In order to run benchmarks with high priority, make sure you have the right permissions.
// BeforeAnythingElse

// Benchmark Process Environment Information:
// BenchmarkDotNet v0.15.8
// Runtime=.NET 10.0.12 (10.0.12, 10.0.1226.42308), X64 RyuJIT x86-64-v3
// GC=Concurrent Workstation
// HardwareIntrinsics=AVX2+BMI1+BMI2+F16C+FMA+LZCNT+MOVBE,AVX,SSE3+SSSE3+SSE4.1+SSE4.2+POPCNT,X86Base+SSE+SSE2,AES+PCLMUL,AvxVnni,SERIALIZE VectorSize=256
// Job: Job-TZECNT(IterationCount=16, IterationTime=200ms, WarmupCount=8)

OverheadJitting  1: 1 op, 78336.00 ns, 78.3360 us/op
WorkloadJitting  1: 1 op, 15445686.00 ns, 15.4457 ms/op

WorkloadPilot    1: 4 op, 1051139.00 ns, 262.7848 us/op
WorkloadPilot    2: 761 op, 28923411.00 ns, 38.0071 us/op
WorkloadPilot    3: 5262 op, 196125032.00 ns, 37.2720 us/op
WorkloadPilot    4: 5366 op, 196557443.00 ns, 36.6302 us/op
WorkloadPilot    5: 5460 op, 199838431.00 ns, 36.6004 us/op
WorkloadPilot    6: 5464 op, 201484862.00 ns, 36.8750 us/op
WorkloadPilot    7: 5424 op, 201911492.00 ns, 37.2256 us/op
WorkloadPilot    8: 5373 op, 196566280.00 ns, 36.5841 us/op
WorkloadPilot    9: 5467 op, 199784899.00 ns, 36.5438 us/op
WorkloadPilot   10: 5473 op, 200014502.00 ns, 36.5457 us/op

WorkloadWarmup   1: 5473 op, 199935283.00 ns, 36.5312 us/op
WorkloadWarmup   2: 5473 op, 200921218.00 ns, 36.7113 us/op
WorkloadWarmup   3: 5473 op, 200125990.00 ns, 36.5660 us/op
WorkloadWarmup   4: 5473 op, 200283895.00 ns, 36.5949 us/op
WorkloadWarmup   5: 5473 op, 200104128.00 ns, 36.5621 us/op
WorkloadWarmup   6: 5473 op, 200004174.00 ns, 36.5438 us/op
WorkloadWarmup   7: 5473 op, 200448987.00 ns, 36.6251 us/op
WorkloadWarmup   8: 5473 op, 200311317.00 ns, 36.5999 us/op

// BeforeActualRun
WorkloadActual   1: 5473 op, 199961561.00 ns, 36.5360 us/op
WorkloadActual   2: 5473 op, 200105684.00 ns, 36.5623 us/op
WorkloadActual   3: 5473 op, 200133008.00 ns, 36.5673 us/op
WorkloadActual   4: 5473 op, 200839765.00 ns, 36.6965 us/op
WorkloadActual   5: 5473 op, 200126827.00 ns, 36.5662 us/op
WorkloadActual   6: 5473 op, 200015497.00 ns, 36.5459 us/op
WorkloadActual   7: 5473 op, 199883533.00 ns, 36.5217 us/op
WorkloadActual   8: 5473 op, 200375203.00 ns, 36.6116 us/op
WorkloadActual   9: 5473 op, 201393369.00 ns, 36.7976 us/op
WorkloadActual  10: 5473 op, 200247286.00 ns, 36.5882 us/op
WorkloadActual  11: 5473 op, 200102095.00 ns, 36.5617 us/op
WorkloadActual  12: 5473 op, 200188838.00 ns, 36.5775 us/op
WorkloadActual  13: 5473 op, 200175410.00 ns, 36.5751 us/op
WorkloadActual  14: 5473 op, 215669650.00 ns, 39.4061 us/op
WorkloadActual  15: 5473 op, 214957271.00 ns, 39.2759 us/op
WorkloadActual  16: 5473 op, 200039490.00 ns, 36.5502 us/op

// AfterActualRun
WorkloadResult   1: 5473 op, 199961561.00 ns, 36.5360 us/op
WorkloadResult   2: 5473 op, 200105684.00 ns, 36.5623 us/op
WorkloadResult   3: 5473 op, 200133008.00 ns, 36.5673 us/op
WorkloadResult   4: 5473 op, 200839765.00 ns, 36.6965 us/op
WorkloadResult   5: 5473 op, 200126827.00 ns, 36.5662 us/op
WorkloadResult   6: 5473 op, 200015497.00 ns, 36.5459 us/op
WorkloadResult   7: 5473 op, 199883533.00 ns, 36.5217 us/op
WorkloadResult   8: 5473 op, 200375203.00 ns, 36.6116 us/op
WorkloadResult   9: 5473 op, 200247286.00 ns, 36.5882 us/op
WorkloadResult  10: 5473 op, 200102095.00 ns, 36.5617 us/op
WorkloadResult  11: 5473 op, 200188838.00 ns, 36.5775 us/op
WorkloadResult  12: 5473 op, 200175410.00 ns, 36.5751 us/op
WorkloadResult  13: 5473 op, 200039490.00 ns, 36.5502 us/op
// GC:  0 0 0 0 5473
// Threading:  0 0 5473

// AfterAll
// Benchmark Process 169284 has exited with code 0.

Mean = 36.574 us, StdErr = 0.012 us (0.03%), N = 13, StdDev = 0.043 us
Min = 36.522 us, Q1 = 36.550 us, Median = 36.566 us, Q3 = 36.578 us, Max = 36.696 us
IQR = 0.027 us, LowerFence = 36.509 us, UpperFence = 36.618 us
ConfidenceInterval = [36.522 us; 36.626 us] (CI 99.9%), Margin = 0.052 us (0.14% of Mean)
Skewness = 1.57, Kurtosis = 5.19, MValue = 2

// ** Remained 9 (64.3 %) benchmark(s) to run. Estimated finish 2026-09-22 5:41 (0h 1m from now) **
// **************************
// Benchmark: PairHandleBenchmarks.Advance: InProcess(Toolchain=InProcessEmitToolchain) [Shape=PairRuns8]
// *** Execute ***
// Launch: 1 / 1
// ! Failed to set up priority High for process System.Diagnostics.Process (PairHandles). Make sure you have the right permissions. Message: Permission denied

// Benchmark Process Environment Information:
// BenchmarkDotNet v0.15.8
// Runtime=.NET 10.0.12 (10.0.12, 10.0.1226.42308), X64 RyuJIT x86-64-v3
// GC=Concurrent Workstation
// HardwareIntrinsics=AVX2+BMI1+BMI2+F16C+FMA+LZCNT+MOVBE,AVX,SSE3+SSSE3+SSE4.1+SSE4.2+POPCNT,X86Base+SSE+SSE2,AES+PCLMUL,AvxVnni,SERIALIZE VectorSize=256
// Job: Job-JWQWGO(Toolchain=InProcessEmitToolchain)

OverheadJitting  1: 1 op, 128197.00 ns, 128.1970 us/op
WorkloadJitting  1: 1 op, 142833.00 ns, 142.8330 us/op

OverheadJitting  2: 16 op, 110716.00 ns, 6.9198 us/op
WorkloadJitting  2: 16 op, 723743.00 ns, 45.2339 us/op

WorkloadPilot    1: 16 op, 612919.00 ns, 38.3074 us/op
WorkloadPilot    2: 32 op, 1219286.00 ns, 38.1027 us/op
WorkloadPilot    3: 64 op, 2426443.00 ns, 37.9132 us/op
WorkloadPilot    4: 128 op, 4916070.00 ns, 38.4068 us/op
WorkloadPilot    5: 256 op, 9674497.00 ns, 37.7910 us/op
WorkloadPilot    6: 512 op, 19358530.00 ns, 37.8096 us/op
WorkloadPilot    7: 1024 op, 38087669.00 ns, 37.1950 us/op
WorkloadPilot    8: 2048 op, 76522658.00 ns, 37.3646 us/op
WorkloadPilot    9: 4096 op, 155108726.00 ns, 37.8683 us/op
WorkloadPilot   10: 8192 op, 305810212.00 ns, 37.3303 us/op
WorkloadPilot   11: 16384 op, 612465925.00 ns, 37.3820 us/op

OverheadWarmup   1: 16384 op, 24217.00 ns, 1.4781 ns/op
OverheadWarmup   2: 16384 op, 21261.00 ns, 1.2977 ns/op
OverheadWarmup   3: 16384 op, 21278.00 ns, 1.2987 ns/op
OverheadWarmup   4: 16384 op, 21057.00 ns, 1.2852 ns/op
OverheadWarmup   5: 16384 op, 21030.00 ns, 1.2836 ns/op
OverheadWarmup   6: 16384 op, 21071.00 ns, 1.2861 ns/op
OverheadWarmup   7: 16384 op, 21078.00 ns, 1.2865 ns/op
OverheadWarmup   8: 16384 op, 21052.00 ns, 1.2849 ns/op

OverheadActual   1: 16384 op, 21080.00 ns, 1.2866 ns/op
OverheadActual   2: 16384 op, 21071.00 ns, 1.2861 ns/op
OverheadActual   3: 16384 op, 21034.00 ns, 1.2838 ns/op
OverheadActual   4: 16384 op, 21044.00 ns, 1.2844 ns/op
OverheadActual   5: 16384 op, 21091.00 ns, 1.2873 ns/op
OverheadActual   6: 16384 op, 21046.00 ns, 1.2845 ns/op
OverheadActual   7: 16384 op, 21047.00 ns, 1.2846 ns/op
OverheadActual   8: 16384 op, 21084.00 ns, 1.2869 ns/op
OverheadActual   9: 16384 op, 21070.00 ns, 1.2860 ns/op
OverheadActual  10: 16384 op, 21063.00 ns, 1.2856 ns/op
OverheadActual  11: 16384 op, 21039.00 ns, 1.2841 ns/op
OverheadActual  12: 16384 op, 21085.00 ns, 1.2869 ns/op
OverheadActual  13: 16384 op, 23802.00 ns, 1.4528 ns/op
OverheadActual  14: 16384 op, 21099.00 ns, 1.2878 ns/op
OverheadActual  15: 16384 op, 21058.00 ns, 1.2853 ns/op

WorkloadWarmup   1: 16384 op, 611924069.00 ns, 37.3489 us/op
WorkloadWarmup   2: 16384 op, 612141299.00 ns, 37.3621 us/op
WorkloadWarmup   3: 16384 op, 611521461.00 ns, 37.3243 us/op
WorkloadWarmup   4: 16384 op, 613241995.00 ns, 37.4293 us/op
WorkloadWarmup   5: 16384 op, 610452534.00 ns, 37.2591 us/op
WorkloadWarmup   6: 16384 op, 611318491.00 ns, 37.3119 us/op

WorkloadActual   1: 16384 op, 611748822.00 ns, 37.3382 us/op
WorkloadActual   2: 16384 op, 609363325.00 ns, 37.1926 us/op
WorkloadActual   3: 16384 op, 610769469.00 ns, 37.2784 us/op
WorkloadActual   4: 16384 op, 605618223.00 ns, 36.9640 us/op
WorkloadActual   5: 16384 op, 614865850.00 ns, 37.5284 us/op
WorkloadActual   6: 16384 op, 612667737.00 ns, 37.3943 us/op
WorkloadActual   7: 16384 op, 611458586.00 ns, 37.3205 us/op
WorkloadActual   8: 16384 op, 612932637.00 ns, 37.4104 us/op
WorkloadActual   9: 16384 op, 611346063.00 ns, 37.3136 us/op
WorkloadActual  10: 16384 op, 612177340.00 ns, 37.3643 us/op
WorkloadActual  11: 16384 op, 612173154.00 ns, 37.3641 us/op
WorkloadActual  12: 16384 op, 612012034.00 ns, 37.3543 us/op
WorkloadActual  13: 16384 op, 600813321.00 ns, 36.6707 us/op
WorkloadActual  14: 16384 op, 612025967.00 ns, 37.3551 us/op
WorkloadActual  15: 16384 op, 601378088.00 ns, 36.7052 us/op

WorkloadResult   1: 16384 op, 611727752.00 ns, 37.3369 us/op
WorkloadResult   2: 16384 op, 609342255.00 ns, 37.1913 us/op
WorkloadResult   3: 16384 op, 610748399.00 ns, 37.2771 us/op
WorkloadResult   4: 16384 op, 605597153.00 ns, 36.9627 us/op
WorkloadResult   5: 16384 op, 614844780.00 ns, 37.5271 us/op
WorkloadResult   6: 16384 op, 612646667.00 ns, 37.3930 us/op
WorkloadResult   7: 16384 op, 611437516.00 ns, 37.3192 us/op
WorkloadResult   8: 16384 op, 612911567.00 ns, 37.4092 us/op
WorkloadResult   9: 16384 op, 611324993.00 ns, 37.3123 us/op
WorkloadResult  10: 16384 op, 612156270.00 ns, 37.3631 us/op
WorkloadResult  11: 16384 op, 612152084.00 ns, 37.3628 us/op
WorkloadResult  12: 16384 op, 611990964.00 ns, 37.3530 us/op
WorkloadResult  13: 16384 op, 600792251.00 ns, 36.6694 us/op
WorkloadResult  14: 16384 op, 612004897.00 ns, 37.3538 us/op
WorkloadResult  15: 16384 op, 601357018.00 ns, 36.7039 us/op
// GC:  0 0 0 4656 16384
// Threading:  0 0 16384


Mean = 37.236 us, StdErr = 0.066 us (0.18%), N = 15, StdDev = 0.254 us
Min = 36.669 us, Q1 = 37.234 us, Median = 37.337 us, Q3 = 37.363 us, Max = 37.527 us
IQR = 0.129 us, LowerFence = 37.041 us, UpperFence = 37.556 us
ConfidenceInterval = [36.964 us; 37.507 us] (CI 99.9%), Margin = 0.272 us (0.73% of Mean)
Skewness = -1.25, Kurtosis = 3.16, MValue = 2

// ** Remained 8 (57.1 %) benchmark(s) to run. Estimated finish 2026-09-22 5:41 (0h 1m from now) **
// **************************
// Benchmark: PairHandleBenchmarks.Advance: Job-TZECNT(IterationCount=16, IterationTime=200ms, WarmupCount=8) [Shape=PairAlternating8]
// *** Execute ***
// Launch: 1 / 1
// Execute: dotnet PairHandles-Job-TZECNT-1.dll --anonymousPipes 118 119 --benchmarkName "PairHandles.PairHandleBenchmarks.Advance(Shape: PairAlternating8)" --job "IterationCount=16, IterationTime=200ms, WarmupCount=8" --benchmarkId 3 in /home/i/GitHub/tl-w352/benchmarks/PairHandles/bin/Release/net10.0/PairHandles-Job-TZECNT-1/bin/Release/net10.0
// Failed to set up high priority (Permission denied). In order to run benchmarks with high priority, make sure you have the right permissions.
// BeforeAnythingElse

// Benchmark Process Environment Information:
// BenchmarkDotNet v0.15.8
// Runtime=.NET 10.0.12 (10.0.12, 10.0.1226.42308), X64 RyuJIT x86-64-v3
// GC=Concurrent Workstation
// HardwareIntrinsics=AVX2+BMI1+BMI2+F16C+FMA+LZCNT+MOVBE,AVX,SSE3+SSSE3+SSE4.1+SSE4.2+POPCNT,X86Base+SSE+SSE2,AES+PCLMUL,AvxVnni,SERIALIZE VectorSize=256
// Job: Job-TZECNT(IterationCount=16, IterationTime=200ms, WarmupCount=8)

OverheadJitting  1: 1 op, 76912.00 ns, 76.9120 us/op
WorkloadJitting  1: 1 op, 13854500.00 ns, 13.8545 ms/op

WorkloadPilot    1: 4 op, 317708.00 ns, 79.4270 us/op
WorkloadPilot    2: 2518 op, 171441360.00 ns, 68.0863 us/op
WorkloadPilot    3: 2937 op, 189626535.00 ns, 64.5647 us/op
WorkloadPilot    4: 3098 op, 215512313.00 ns, 69.5650 us/op
WorkloadPilot    5: 2875 op, 195711304.00 ns, 68.0735 us/op
WorkloadPilot    6: 2938 op, 199979000.00 ns, 68.0664 us/op

WorkloadWarmup   1: 2938 op, 201542975.00 ns, 68.5987 us/op
WorkloadWarmup   2: 2938 op, 200878377.00 ns, 68.3725 us/op
WorkloadWarmup   3: 2938 op, 197826755.00 ns, 67.3338 us/op
WorkloadWarmup   4: 2938 op, 191728724.00 ns, 65.2582 us/op
WorkloadWarmup   5: 2938 op, 191053664.00 ns, 65.0285 us/op
WorkloadWarmup   6: 2938 op, 190339330.00 ns, 64.7853 us/op
WorkloadWarmup   7: 2938 op, 190899975.00 ns, 64.9762 us/op
WorkloadWarmup   8: 2938 op, 192594459.00 ns, 65.5529 us/op

// BeforeActualRun
WorkloadActual   1: 2938 op, 191885607.00 ns, 65.3116 us/op
WorkloadActual   2: 2938 op, 190858432.00 ns, 64.9620 us/op
WorkloadActual   3: 2938 op, 191383000.00 ns, 65.1406 us/op
WorkloadActual   4: 2938 op, 191531710.00 ns, 65.1912 us/op
WorkloadActual   5: 2938 op, 199789651.00 ns, 68.0019 us/op
WorkloadActual   6: 2938 op, 202228531.00 ns, 68.8320 us/op
WorkloadActual   7: 2938 op, 201627585.00 ns, 68.6275 us/op
WorkloadActual   8: 2938 op, 200385893.00 ns, 68.2049 us/op
WorkloadActual   9: 2938 op, 192309542.00 ns, 65.4559 us/op
WorkloadActual  10: 2938 op, 188816341.00 ns, 64.2670 us/op
WorkloadActual  11: 2938 op, 188788208.00 ns, 64.2574 us/op
WorkloadActual  12: 2938 op, 190173475.00 ns, 64.7289 us/op
WorkloadActual  13: 2938 op, 188486817.00 ns, 64.1548 us/op
WorkloadActual  14: 2938 op, 188805385.00 ns, 64.2632 us/op
WorkloadActual  15: 2938 op, 189087600.00 ns, 64.3593 us/op
WorkloadActual  16: 2938 op, 189049574.00 ns, 64.3463 us/op

// AfterActualRun
WorkloadResult   1: 2938 op, 191885607.00 ns, 65.3116 us/op
WorkloadResult   2: 2938 op, 190858432.00 ns, 64.9620 us/op
WorkloadResult   3: 2938 op, 191383000.00 ns, 65.1406 us/op
WorkloadResult   4: 2938 op, 191531710.00 ns, 65.1912 us/op
WorkloadResult   5: 2938 op, 199789651.00 ns, 68.0019 us/op
WorkloadResult   6: 2938 op, 201627585.00 ns, 68.6275 us/op
WorkloadResult   7: 2938 op, 200385893.00 ns, 68.2049 us/op
WorkloadResult   8: 2938 op, 192309542.00 ns, 65.4559 us/op
WorkloadResult   9: 2938 op, 188816341.00 ns, 64.2670 us/op
WorkloadResult  10: 2938 op, 188788208.00 ns, 64.2574 us/op
WorkloadResult  11: 2938 op, 190173475.00 ns, 64.7289 us/op
WorkloadResult  12: 2938 op, 188486817.00 ns, 64.1548 us/op
WorkloadResult  13: 2938 op, 188805385.00 ns, 64.2632 us/op
WorkloadResult  14: 2938 op, 189087600.00 ns, 64.3593 us/op
WorkloadResult  15: 2938 op, 189049574.00 ns, 64.3463 us/op
// GC:  0 0 0 0 2938
// Threading:  0 0 2938

// AfterAll
// Benchmark Process 169321 has exited with code 0.

Mean = 65.418 us, StdErr = 0.399 us (0.61%), N = 15, StdDev = 1.545 us
Min = 64.155 us, Q1 = 64.307 us, Median = 64.962 us, Q3 = 65.384 us, Max = 68.627 us
IQR = 1.077 us, LowerFence = 62.691 us, UpperFence = 66.999 us
ConfidenceInterval = [63.766 us; 67.070 us] (CI 99.9%), Margin = 1.652 us (2.53% of Mean)
Skewness = 1.13, Kurtosis = 2.59, MValue = 2

// ** Remained 7 (50.0 %) benchmark(s) to run. Estimated finish 2026-09-22 5:41 (0h 1m from now) **
// **************************
// Benchmark: PairHandleBenchmarks.Advance: InProcess(Toolchain=InProcessEmitToolchain) [Shape=PairAlternating8]
// *** Execute ***
// Launch: 1 / 1
// ! Failed to set up priority High for process System.Diagnostics.Process (PairHandles). Make sure you have the right permissions. Message: Permission denied

// Benchmark Process Environment Information:
// BenchmarkDotNet v0.15.8
// Runtime=.NET 10.0.12 (10.0.12, 10.0.1226.42308), X64 RyuJIT x86-64-v3
// GC=Concurrent Workstation
// HardwareIntrinsics=AVX2+BMI1+BMI2+F16C+FMA+LZCNT+MOVBE,AVX,SSE3+SSSE3+SSE4.1+SSE4.2+POPCNT,X86Base+SSE+SSE2,AES+PCLMUL,AvxVnni,SERIALIZE VectorSize=256
// Job: Job-JWQWGO(Toolchain=InProcessEmitToolchain)

OverheadJitting  1: 1 op, 122059.00 ns, 122.0590 us/op
WorkloadJitting  1: 1 op, 185457.00 ns, 185.4570 us/op

OverheadJitting  2: 16 op, 113708.00 ns, 7.1068 us/op
WorkloadJitting  2: 16 op, 1186206.00 ns, 74.1379 us/op

WorkloadPilot    1: 16 op, 1076766.00 ns, 67.2979 us/op
WorkloadPilot    2: 32 op, 2144510.00 ns, 67.0159 us/op
WorkloadPilot    3: 64 op, 4280451.00 ns, 66.8820 us/op
WorkloadPilot    4: 128 op, 8543432.00 ns, 66.7456 us/op
WorkloadPilot    5: 256 op, 17103600.00 ns, 66.8109 us/op
WorkloadPilot    6: 512 op, 33646427.00 ns, 65.7157 us/op
WorkloadPilot    7: 1024 op, 77897806.00 ns, 76.0721 us/op
WorkloadPilot    8: 2048 op, 140824877.00 ns, 68.7621 us/op
WorkloadPilot    9: 4096 op, 270504086.00 ns, 66.0410 us/op
WorkloadPilot   10: 8192 op, 541326957.00 ns, 66.0800 us/op

OverheadWarmup   1: 8192 op, 12399.00 ns, 1.5135 ns/op
OverheadWarmup   2: 8192 op, 10412.00 ns, 1.2710 ns/op
OverheadWarmup   3: 8192 op, 10546.00 ns, 1.2874 ns/op
OverheadWarmup   4: 8192 op, 10389.00 ns, 1.2682 ns/op
OverheadWarmup   5: 8192 op, 10190.00 ns, 1.2439 ns/op
OverheadWarmup   6: 8192 op, 10205.00 ns, 1.2457 ns/op
OverheadWarmup   7: 8192 op, 10828.00 ns, 1.3218 ns/op
OverheadWarmup   8: 8192 op, 10742.00 ns, 1.3113 ns/op

OverheadActual   1: 8192 op, 10785.00 ns, 1.3165 ns/op
OverheadActual   2: 8192 op, 10775.00 ns, 1.3153 ns/op
OverheadActual   3: 8192 op, 10553.00 ns, 1.2882 ns/op
OverheadActual   4: 8192 op, 10553.00 ns, 1.2882 ns/op
OverheadActual   5: 8192 op, 10554.00 ns, 1.2883 ns/op
OverheadActual   6: 8192 op, 10577.00 ns, 1.2911 ns/op
OverheadActual   7: 8192 op, 10536.00 ns, 1.2861 ns/op
OverheadActual   8: 8192 op, 10540.00 ns, 1.2866 ns/op
OverheadActual   9: 8192 op, 10559.00 ns, 1.2889 ns/op
OverheadActual  10: 8192 op, 10549.00 ns, 1.2877 ns/op
OverheadActual  11: 8192 op, 10546.00 ns, 1.2874 ns/op
OverheadActual  12: 8192 op, 10577.00 ns, 1.2911 ns/op
OverheadActual  13: 8192 op, 10558.00 ns, 1.2888 ns/op
OverheadActual  14: 8192 op, 10568.00 ns, 1.2900 ns/op
OverheadActual  15: 8192 op, 10550.00 ns, 1.2878 ns/op

WorkloadWarmup   1: 8192 op, 551539754.00 ns, 67.3266 us/op
WorkloadWarmup   2: 8192 op, 606553596.00 ns, 74.0422 us/op
WorkloadWarmup   3: 8192 op, 623932471.00 ns, 76.1636 us/op
WorkloadWarmup   4: 8192 op, 595536850.00 ns, 72.6974 us/op
WorkloadWarmup   5: 8192 op, 541892830.00 ns, 66.1490 us/op
WorkloadWarmup   6: 8192 op, 542357152.00 ns, 66.2057 us/op
WorkloadWarmup   7: 8192 op, 540453808.00 ns, 65.9734 us/op

WorkloadActual   1: 8192 op, 546439356.00 ns, 66.7040 us/op
WorkloadActual   2: 8192 op, 540663636.00 ns, 65.9990 us/op
WorkloadActual   3: 8192 op, 587874841.00 ns, 71.7621 us/op
WorkloadActual   4: 8192 op, 570009237.00 ns, 69.5812 us/op
WorkloadActual   5: 8192 op, 581965683.00 ns, 71.0407 us/op
WorkloadActual   6: 8192 op, 547794901.00 ns, 66.8695 us/op
WorkloadActual   7: 8192 op, 546235870.00 ns, 66.6792 us/op
WorkloadActual   8: 8192 op, 606150359.00 ns, 73.9930 us/op
WorkloadActual   9: 8192 op, 577636786.00 ns, 70.5123 us/op
WorkloadActual  10: 8192 op, 542870578.00 ns, 66.2684 us/op
WorkloadActual  11: 8192 op, 542275115.00 ns, 66.1957 us/op
WorkloadActual  12: 8192 op, 541339991.00 ns, 66.0815 us/op
WorkloadActual  13: 8192 op, 539063910.00 ns, 65.8037 us/op
WorkloadActual  14: 8192 op, 540716270.00 ns, 66.0054 us/op
WorkloadActual  15: 8192 op, 541997473.00 ns, 66.1618 us/op
WorkloadActual  16: 8192 op, 541707560.00 ns, 66.1264 us/op
WorkloadActual  17: 8192 op, 540276018.00 ns, 65.9517 us/op
WorkloadActual  18: 8192 op, 545577610.00 ns, 66.5988 us/op
WorkloadActual  19: 8192 op, 542763203.00 ns, 66.2553 us/op
WorkloadActual  20: 8192 op, 541894478.00 ns, 66.1492 us/op
WorkloadActual  21: 8192 op, 543214430.00 ns, 66.3104 us/op

WorkloadResult   1: 8192 op, 546428802.00 ns, 66.7027 us/op
WorkloadResult   2: 8192 op, 540653082.00 ns, 65.9977 us/op
WorkloadResult   3: 8192 op, 547784347.00 ns, 66.8682 us/op
WorkloadResult   4: 8192 op, 546225316.00 ns, 66.6779 us/op
WorkloadResult   5: 8192 op, 542860024.00 ns, 66.2671 us/op
WorkloadResult   6: 8192 op, 542264561.00 ns, 66.1944 us/op
WorkloadResult   7: 8192 op, 541329437.00 ns, 66.0803 us/op
WorkloadResult   8: 8192 op, 539053356.00 ns, 65.8024 us/op
WorkloadResult   9: 8192 op, 540705716.00 ns, 66.0041 us/op
WorkloadResult  10: 8192 op, 541986919.00 ns, 66.1605 us/op
WorkloadResult  11: 8192 op, 541697006.00 ns, 66.1251 us/op
WorkloadResult  12: 8192 op, 540265464.00 ns, 65.9504 us/op
WorkloadResult  13: 8192 op, 545567056.00 ns, 66.5975 us/op
WorkloadResult  14: 8192 op, 542752649.00 ns, 66.2540 us/op
WorkloadResult  15: 8192 op, 541883924.00 ns, 66.1479 us/op
WorkloadResult  16: 8192 op, 543203876.00 ns, 66.3091 us/op
// GC:  0 0 0 4656 8192
// Threading:  0 0 8192


Mean = 66.259 us, StdErr = 0.076 us (0.11%), N = 16, StdDev = 0.303 us
Min = 65.802 us, Q1 = 66.061 us, Median = 66.177 us, Q3 = 66.381 us, Max = 66.868 us
IQR = 0.320 us, LowerFence = 65.581 us, UpperFence = 66.861 us
ConfidenceInterval = [65.951 us; 66.567 us] (CI 99.9%), Margin = 0.308 us (0.47% of Mean)
Skewness = 0.58, Kurtosis = 2.11, MValue = 2

// ** Remained 6 (42.9 %) benchmark(s) to run. Estimated finish 2026-09-22 5:41 (0h 1m from now) **
// **************************
// Benchmark: PairHandleBenchmarks.Advance: Job-TZECNT(IterationCount=16, IterationTime=200ms, WarmupCount=8) [Shape=PairRuns8Waves]
// *** Execute ***
// Launch: 1 / 1
// Execute: dotnet PairHandles-Job-TZECNT-1.dll --anonymousPipes 118 119 --benchmarkName "PairHandles.PairHandleBenchmarks.Advance(Shape: PairRuns8Waves)" --job "IterationCount=16, IterationTime=200ms, WarmupCount=8" --benchmarkId 4 in /home/i/GitHub/tl-w352/benchmarks/PairHandles/bin/Release/net10.0/PairHandles-Job-TZECNT-1/bin/Release/net10.0
// Failed to set up high priority (Permission denied). In order to run benchmarks with high priority, make sure you have the right permissions.
// BeforeAnythingElse

// Benchmark Process Environment Information:
// BenchmarkDotNet v0.15.8
// Runtime=.NET 10.0.12 (10.0.12, 10.0.1226.42308), X64 RyuJIT x86-64-v3
// GC=Concurrent Workstation
// HardwareIntrinsics=AVX2+BMI1+BMI2+F16C+FMA+LZCNT+MOVBE,AVX,SSE3+SSSE3+SSE4.1+SSE4.2+POPCNT,X86Base+SSE+SSE2,AES+PCLMUL,AvxVnni,SERIALIZE VectorSize=256
// Job: Job-TZECNT(IterationCount=16, IterationTime=200ms, WarmupCount=8)

OverheadJitting  1: 1 op, 77163.00 ns, 77.1630 us/op
WorkloadJitting  1: 1 op, 14732830.00 ns, 14.7328 ms/op

WorkloadPilot    1: 4 op, 1059590.00 ns, 264.8975 us/op
WorkloadPilot    2: 755 op, 26211674.00 ns, 34.7174 us/op
WorkloadPilot    3: 5761 op, 200397069.00 ns, 34.7851 us/op
WorkloadPilot    4: 5750 op, 188676884.00 ns, 32.8134 us/op
WorkloadPilot    5: 6095 op, 197496824.00 ns, 32.4031 us/op
WorkloadPilot    6: 6172 op, 195341694.00 ns, 31.6497 us/op
WorkloadPilot    7: 6319 op, 200521911.00 ns, 31.7332 us/op
WorkloadPilot    8: 6303 op, 199608007.00 ns, 31.6687 us/op
WorkloadPilot    9: 6315 op, 203640340.00 ns, 32.2471 us/op

WorkloadWarmup   1: 6315 op, 200942577.00 ns, 31.8199 us/op
WorkloadWarmup   2: 6315 op, 226621722.00 ns, 35.8863 us/op
WorkloadWarmup   3: 6315 op, 226827135.00 ns, 35.9188 us/op
WorkloadWarmup   4: 6315 op, 217082417.00 ns, 34.3757 us/op
WorkloadWarmup   5: 6315 op, 200662359.00 ns, 31.7755 us/op
WorkloadWarmup   6: 6315 op, 201355645.00 ns, 31.8853 us/op
WorkloadWarmup   7: 6315 op, 213358210.00 ns, 33.7859 us/op
WorkloadWarmup   8: 6315 op, 227814272.00 ns, 36.0751 us/op

// BeforeActualRun
WorkloadActual   1: 6315 op, 209556603.00 ns, 33.1839 us/op
WorkloadActual   2: 6315 op, 200447935.00 ns, 31.7416 us/op
WorkloadActual   3: 6315 op, 198944180.00 ns, 31.5034 us/op
WorkloadActual   4: 6315 op, 199669336.00 ns, 31.6183 us/op
WorkloadActual   5: 6315 op, 199476872.00 ns, 31.5878 us/op
WorkloadActual   6: 6315 op, 203835823.00 ns, 32.2780 us/op
WorkloadActual   7: 6315 op, 203272033.00 ns, 32.1888 us/op
WorkloadActual   8: 6315 op, 199767069.00 ns, 31.6337 us/op
WorkloadActual   9: 6315 op, 199673934.00 ns, 31.6190 us/op
WorkloadActual  10: 6315 op, 226288919.00 ns, 35.8336 us/op
WorkloadActual  11: 6315 op, 226632197.00 ns, 35.8879 us/op
WorkloadActual  12: 6315 op, 202206488.00 ns, 32.0200 us/op
WorkloadActual  13: 6315 op, 198640476.00 ns, 31.4553 us/op
WorkloadActual  14: 6315 op, 199185937.00 ns, 31.5417 us/op
WorkloadActual  15: 6315 op, 228270016.00 ns, 36.1473 us/op
WorkloadActual  16: 6315 op, 211115879.00 ns, 33.4309 us/op

// AfterActualRun
WorkloadResult   1: 6315 op, 209556603.00 ns, 33.1839 us/op
WorkloadResult   2: 6315 op, 200447935.00 ns, 31.7416 us/op
WorkloadResult   3: 6315 op, 198944180.00 ns, 31.5034 us/op
WorkloadResult   4: 6315 op, 199669336.00 ns, 31.6183 us/op
WorkloadResult   5: 6315 op, 199476872.00 ns, 31.5878 us/op
WorkloadResult   6: 6315 op, 203835823.00 ns, 32.2780 us/op
WorkloadResult   7: 6315 op, 203272033.00 ns, 32.1888 us/op
WorkloadResult   8: 6315 op, 199767069.00 ns, 31.6337 us/op
WorkloadResult   9: 6315 op, 199673934.00 ns, 31.6190 us/op
WorkloadResult  10: 6315 op, 202206488.00 ns, 32.0200 us/op
WorkloadResult  11: 6315 op, 198640476.00 ns, 31.4553 us/op
WorkloadResult  12: 6315 op, 199185937.00 ns, 31.5417 us/op
WorkloadResult  13: 6315 op, 211115879.00 ns, 33.4309 us/op
// GC:  0 0 0 0 6315
// Threading:  0 0 6315

// AfterAll
// Benchmark Process 169384 has exited with code 0.

Mean = 31.985 us, StdErr = 0.179 us (0.56%), N = 13, StdDev = 0.644 us
Min = 31.455 us, Q1 = 31.588 us, Median = 31.634 us, Q3 = 32.189 us, Max = 33.431 us
IQR = 0.601 us, LowerFence = 30.686 us, UpperFence = 33.090 us
ConfidenceInterval = [31.214 us; 32.756 us] (CI 99.9%), Margin = 0.771 us (2.41% of Mean)
Skewness = 1.22, Kurtosis = 3, MValue = 2

// ** Remained 5 (35.7 %) benchmark(s) to run. Estimated finish 2026-09-22 5:41 (0h 0m from now) **
// **************************
// Benchmark: PairHandleBenchmarks.Advance: InProcess(Toolchain=InProcessEmitToolchain) [Shape=PairRuns8Waves]
// *** Execute ***
// Launch: 1 / 1
// ! Failed to set up priority High for process System.Diagnostics.Process (PairHandles). Make sure you have the right permissions. Message: Permission denied

// Benchmark Process Environment Information:
// BenchmarkDotNet v0.15.8
// Runtime=.NET 10.0.12 (10.0.12, 10.0.1226.42308), X64 RyuJIT x86-64-v3
// GC=Concurrent Workstation
// HardwareIntrinsics=AVX2+BMI1+BMI2+F16C+FMA+LZCNT+MOVBE,AVX,SSE3+SSSE3+SSE4.1+SSE4.2+POPCNT,X86Base+SSE+SSE2,AES+PCLMUL,AvxVnni,SERIALIZE VectorSize=256
// Job: Job-JWQWGO(Toolchain=InProcessEmitToolchain)

OverheadJitting  1: 1 op, 111245.00 ns, 111.2450 us/op
WorkloadJitting  1: 1 op, 134092.00 ns, 134.0920 us/op

OverheadJitting  2: 16 op, 106056.00 ns, 6.6285 us/op
WorkloadJitting  2: 16 op, 705539.00 ns, 44.0962 us/op

WorkloadPilot    1: 16 op, 565196.00 ns, 35.3248 us/op
WorkloadPilot    2: 32 op, 1119132.00 ns, 34.9729 us/op
WorkloadPilot    3: 64 op, 2227232.00 ns, 34.8005 us/op
WorkloadPilot    4: 128 op, 4449712.00 ns, 34.7634 us/op
WorkloadPilot    5: 256 op, 8884647.00 ns, 34.7057 us/op
WorkloadPilot    6: 512 op, 17869050.00 ns, 34.9005 us/op
WorkloadPilot    7: 1024 op, 33781920.00 ns, 32.9902 us/op
WorkloadPilot    8: 2048 op, 68768829.00 ns, 33.5785 us/op
WorkloadPilot    9: 4096 op, 137673054.00 ns, 33.6116 us/op
WorkloadPilot   10: 8192 op, 269548296.00 ns, 32.9038 us/op
WorkloadPilot   11: 16384 op, 545835020.00 ns, 33.3151 us/op

OverheadWarmup   1: 16384 op, 24147.00 ns, 1.4738 ns/op
OverheadWarmup   2: 16384 op, 22274.00 ns, 1.3595 ns/op
OverheadWarmup   3: 16384 op, 21439.00 ns, 1.3085 ns/op
OverheadWarmup   4: 16384 op, 21484.00 ns, 1.3113 ns/op
OverheadWarmup   5: 16384 op, 21063.00 ns, 1.2856 ns/op
OverheadWarmup   6: 16384 op, 21066.00 ns, 1.2858 ns/op
OverheadWarmup   7: 16384 op, 21104.00 ns, 1.2881 ns/op
OverheadWarmup   8: 16384 op, 23719.00 ns, 1.4477 ns/op
OverheadWarmup   9: 16384 op, 21064.00 ns, 1.2856 ns/op

OverheadActual   1: 16384 op, 21080.00 ns, 1.2866 ns/op
OverheadActual   2: 16384 op, 21085.00 ns, 1.2869 ns/op
OverheadActual   3: 16384 op, 21046.00 ns, 1.2845 ns/op
OverheadActual   4: 16384 op, 21096.00 ns, 1.2876 ns/op
OverheadActual   5: 16384 op, 21086.00 ns, 1.2870 ns/op
OverheadActual   6: 16384 op, 21086.00 ns, 1.2870 ns/op
OverheadActual   7: 16384 op, 21073.00 ns, 1.2862 ns/op
OverheadActual   8: 16384 op, 21076.00 ns, 1.2864 ns/op
OverheadActual   9: 16384 op, 21057.00 ns, 1.2852 ns/op
OverheadActual  10: 16384 op, 21079.00 ns, 1.2866 ns/op
OverheadActual  11: 16384 op, 21076.00 ns, 1.2864 ns/op
OverheadActual  12: 16384 op, 21049.00 ns, 1.2847 ns/op
OverheadActual  13: 16384 op, 21082.00 ns, 1.2867 ns/op
OverheadActual  14: 16384 op, 21072.00 ns, 1.2861 ns/op
OverheadActual  15: 16384 op, 21069.00 ns, 1.2859 ns/op

WorkloadWarmup   1: 16384 op, 552869688.00 ns, 33.7445 us/op
WorkloadWarmup   2: 16384 op, 552138575.00 ns, 33.6999 us/op
WorkloadWarmup   3: 16384 op, 551639323.00 ns, 33.6694 us/op
WorkloadWarmup   4: 16384 op, 552068641.00 ns, 33.6956 us/op
WorkloadWarmup   5: 16384 op, 544188449.00 ns, 33.2146 us/op
WorkloadWarmup   6: 16384 op, 532630127.00 ns, 32.5092 us/op
WorkloadWarmup   7: 16384 op, 532894739.00 ns, 32.5253 us/op
WorkloadWarmup   8: 16384 op, 532326240.00 ns, 32.4906 us/op

WorkloadActual   1: 16384 op, 534898321.00 ns, 32.6476 us/op
WorkloadActual   2: 16384 op, 554856258.00 ns, 33.8657 us/op
WorkloadActual   3: 16384 op, 536767693.00 ns, 32.7617 us/op
WorkloadActual   4: 16384 op, 556832965.00 ns, 33.9864 us/op
WorkloadActual   5: 16384 op, 538329379.00 ns, 32.8570 us/op
WorkloadActual   6: 16384 op, 533386749.00 ns, 32.5553 us/op
WorkloadActual   7: 16384 op, 532705104.00 ns, 32.5137 us/op
WorkloadActual   8: 16384 op, 542157312.00 ns, 33.0907 us/op
WorkloadActual   9: 16384 op, 536519904.00 ns, 32.7466 us/op
WorkloadActual  10: 16384 op, 539233398.00 ns, 32.9122 us/op
WorkloadActual  11: 16384 op, 533920418.00 ns, 32.5879 us/op
WorkloadActual  12: 16384 op, 535281864.00 ns, 32.6710 us/op
WorkloadActual  13: 16384 op, 531045414.00 ns, 32.4124 us/op
WorkloadActual  14: 16384 op, 531947539.00 ns, 32.4675 us/op
WorkloadActual  15: 16384 op, 533604650.00 ns, 32.5686 us/op

WorkloadResult   1: 16384 op, 534877245.00 ns, 32.6463 us/op
WorkloadResult   2: 16384 op, 536746617.00 ns, 32.7604 us/op
WorkloadResult   3: 16384 op, 538308303.00 ns, 32.8557 us/op
WorkloadResult   4: 16384 op, 533365673.00 ns, 32.5541 us/op
WorkloadResult   5: 16384 op, 532684028.00 ns, 32.5125 us/op
WorkloadResult   6: 16384 op, 542136236.00 ns, 33.0894 us/op
WorkloadResult   7: 16384 op, 536498828.00 ns, 32.7453 us/op
WorkloadResult   8: 16384 op, 539212322.00 ns, 32.9109 us/op
WorkloadResult   9: 16384 op, 533899342.00 ns, 32.5866 us/op
WorkloadResult  10: 16384 op, 535260788.00 ns, 32.6697 us/op
WorkloadResult  11: 16384 op, 531024338.00 ns, 32.4112 us/op
WorkloadResult  12: 16384 op, 531926463.00 ns, 32.4662 us/op
WorkloadResult  13: 16384 op, 533583574.00 ns, 32.5674 us/op
// GC:  0 0 0 4656 16384
// Threading:  0 0 16384


Mean = 32.675 us, StdErr = 0.054 us (0.16%), N = 13, StdDev = 0.193 us
Min = 32.411 us, Q1 = 32.554 us, Median = 32.646 us, Q3 = 32.760 us, Max = 33.089 us
IQR = 0.206 us, LowerFence = 32.245 us, UpperFence = 33.070 us
ConfidenceInterval = [32.444 us; 32.906 us] (CI 99.9%), Margin = 0.231 us (0.71% of Mean)
Skewness = 0.6, Kurtosis = 2.31, MValue = 2

// ** Remained 4 (28.6 %) benchmark(s) to run. Estimated finish 2026-09-22 5:41 (0h 0m from now) **
// **************************
// Benchmark: PairHandleBenchmarks.Advance: Job-TZECNT(IterationCount=16, IterationTime=200ms, WarmupCount=8) [Shape=PairBlocks8Waves]
// *** Execute ***
// Launch: 1 / 1
// Execute: dotnet PairHandles-Job-TZECNT-1.dll --anonymousPipes 118 119 --benchmarkName "PairHandles.PairHandleBenchmarks.Advance(Shape: PairBlocks8Waves)" --job "IterationCount=16, IterationTime=200ms, WarmupCount=8" --benchmarkId 5 in /home/i/GitHub/tl-w352/benchmarks/PairHandles/bin/Release/net10.0/PairHandles-Job-TZECNT-1/bin/Release/net10.0
// Failed to set up high priority (Permission denied). In order to run benchmarks with high priority, make sure you have the right permissions.
// BeforeAnythingElse

// Benchmark Process Environment Information:
// BenchmarkDotNet v0.15.8
// Runtime=.NET 10.0.12 (10.0.12, 10.0.1226.42308), X64 RyuJIT x86-64-v3
// GC=Concurrent Workstation
// HardwareIntrinsics=AVX2+BMI1+BMI2+F16C+FMA+LZCNT+MOVBE,AVX,SSE3+SSSE3+SSE4.1+SSE4.2+POPCNT,X86Base+SSE+SSE2,AES+PCLMUL,AvxVnni,SERIALIZE VectorSize=256
// Job: Job-TZECNT(IterationCount=16, IterationTime=200ms, WarmupCount=8)

OverheadJitting  1: 1 op, 78639.00 ns, 78.6390 us/op
WorkloadJitting  1: 1 op, 14601613.00 ns, 14.6016 ms/op

WorkloadPilot    1: 4 op, 223366.00 ns, 55.8415 us/op
WorkloadPilot    2: 3582 op, 185076928.00 ns, 51.6686 us/op
WorkloadPilot    3: 3871 op, 194886294.00 ns, 50.3452 us/op
WorkloadPilot    4: 3973 op, 197491160.00 ns, 49.7083 us/op
WorkloadPilot    5: 4023 op, 187119334.00 ns, 46.5124 us/op
WorkloadPilot    6: 4300 op, 214246704.00 ns, 49.8248 us/op
WorkloadPilot    7: 4014 op, 201590526.00 ns, 50.2219 us/op
WorkloadPilot    8: 3982 op, 203973632.00 ns, 51.2239 us/op

WorkloadWarmup   1: 3982 op, 195764371.00 ns, 49.1623 us/op
WorkloadWarmup   2: 3982 op, 201773451.00 ns, 50.6714 us/op
WorkloadWarmup   3: 3982 op, 194967299.00 ns, 48.9622 us/op
WorkloadWarmup   4: 3982 op, 202372549.00 ns, 50.8218 us/op
WorkloadWarmup   5: 3982 op, 202496682.00 ns, 50.8530 us/op
WorkloadWarmup   6: 3982 op, 192977610.00 ns, 48.4625 us/op
WorkloadWarmup   7: 3982 op, 186366605.00 ns, 46.8023 us/op
WorkloadWarmup   8: 3982 op, 188184385.00 ns, 47.2588 us/op

// BeforeActualRun
WorkloadActual   1: 3982 op, 199540355.00 ns, 50.1106 us/op
WorkloadActual   2: 3982 op, 198004987.00 ns, 49.7250 us/op
WorkloadActual   3: 3982 op, 200410258.00 ns, 50.3290 us/op
WorkloadActual   4: 3982 op, 200621285.00 ns, 50.3820 us/op
WorkloadActual   5: 3982 op, 200017765.00 ns, 50.2305 us/op
WorkloadActual   6: 3982 op, 199050205.00 ns, 49.9875 us/op
WorkloadActual   7: 3982 op, 194400203.00 ns, 48.8197 us/op
WorkloadActual   8: 3982 op, 188685574.00 ns, 47.3846 us/op
WorkloadActual   9: 3982 op, 186623982.00 ns, 46.8669 us/op
WorkloadActual  10: 3982 op, 186121665.00 ns, 46.7407 us/op
WorkloadActual  11: 3982 op, 186630599.00 ns, 46.8686 us/op
WorkloadActual  12: 3982 op, 186252390.00 ns, 46.7736 us/op
WorkloadActual  13: 3982 op, 187223240.00 ns, 47.0174 us/op
WorkloadActual  14: 3982 op, 198713748.00 ns, 49.9030 us/op
WorkloadActual  15: 3982 op, 193886910.00 ns, 48.6908 us/op
WorkloadActual  16: 3982 op, 190406945.00 ns, 47.8169 us/op

// AfterActualRun
WorkloadResult   1: 3982 op, 199540355.00 ns, 50.1106 us/op
WorkloadResult   2: 3982 op, 198004987.00 ns, 49.7250 us/op
WorkloadResult   3: 3982 op, 200410258.00 ns, 50.3290 us/op
WorkloadResult   4: 3982 op, 200621285.00 ns, 50.3820 us/op
WorkloadResult   5: 3982 op, 200017765.00 ns, 50.2305 us/op
WorkloadResult   6: 3982 op, 199050205.00 ns, 49.9875 us/op
WorkloadResult   7: 3982 op, 194400203.00 ns, 48.8197 us/op
WorkloadResult   8: 3982 op, 188685574.00 ns, 47.3846 us/op
WorkloadResult   9: 3982 op, 186623982.00 ns, 46.8669 us/op
WorkloadResult  10: 3982 op, 186121665.00 ns, 46.7407 us/op
WorkloadResult  11: 3982 op, 186630599.00 ns, 46.8686 us/op
WorkloadResult  12: 3982 op, 186252390.00 ns, 46.7736 us/op
WorkloadResult  13: 3982 op, 187223240.00 ns, 47.0174 us/op
WorkloadResult  14: 3982 op, 198713748.00 ns, 49.9030 us/op
WorkloadResult  15: 3982 op, 193886910.00 ns, 48.6908 us/op
WorkloadResult  16: 3982 op, 190406945.00 ns, 47.8169 us/op
// GC:  0 0 0 0 3982
// Threading:  0 0 3982

// AfterAll
// Benchmark Process 169423 has exited with code 0.

Mean = 48.603 us, StdErr = 0.373 us (0.77%), N = 16, StdDev = 1.493 us
Min = 46.741 us, Q1 = 46.980 us, Median = 48.755 us, Q3 = 50.018 us, Max = 50.382 us
IQR = 3.038 us, LowerFence = 42.423 us, UpperFence = 54.575 us
ConfidenceInterval = [47.083 us; 50.123 us] (CI 99.9%), Margin = 1.520 us (3.13% of Mean)
Skewness = -0.08, Kurtosis = 1.13, MValue = 3.43

// ** Remained 3 (21.4 %) benchmark(s) to run. Estimated finish 2026-09-22 5:41 (0h 0m from now) **
// **************************
// Benchmark: PairHandleBenchmarks.Advance: InProcess(Toolchain=InProcessEmitToolchain) [Shape=PairBlocks8Waves]
// *** Execute ***
// Launch: 1 / 1
// ! Failed to set up priority High for process System.Diagnostics.Process (PairHandles). Make sure you have the right permissions. Message: Permission denied

// Benchmark Process Environment Information:
// BenchmarkDotNet v0.15.8
// Runtime=.NET 10.0.12 (10.0.12, 10.0.1226.42308), X64 RyuJIT x86-64-v3
// GC=Concurrent Workstation
// HardwareIntrinsics=AVX2+BMI1+BMI2+F16C+FMA+LZCNT+MOVBE,AVX,SSE3+SSSE3+SSE4.1+SSE4.2+POPCNT,X86Base+SSE+SSE2,AES+PCLMUL,AvxVnni,SERIALIZE VectorSize=256
// Job: Job-JWQWGO(Toolchain=InProcessEmitToolchain)

OverheadJitting  1: 1 op, 98700.00 ns, 98.7000 us/op
WorkloadJitting  1: 1 op, 156433.00 ns, 156.4330 us/op

OverheadJitting  2: 16 op, 121304.00 ns, 7.5815 us/op
WorkloadJitting  2: 16 op, 1016222.00 ns, 63.5139 us/op

WorkloadPilot    1: 16 op, 914994.00 ns, 57.1871 us/op
WorkloadPilot    2: 32 op, 1824279.00 ns, 57.0087 us/op
WorkloadPilot    3: 64 op, 3633644.00 ns, 56.7757 us/op
WorkloadPilot    4: 128 op, 7046827.00 ns, 55.0533 us/op
WorkloadPilot    5: 256 op, 13708288.00 ns, 53.5480 us/op
WorkloadPilot    6: 512 op, 25669633.00 ns, 50.1360 us/op
WorkloadPilot    7: 1024 op, 54988544.00 ns, 53.6998 us/op
WorkloadPilot    8: 2048 op, 110069506.00 ns, 53.7449 us/op
WorkloadPilot    9: 4096 op, 214619812.00 ns, 52.3974 us/op
WorkloadPilot   10: 8192 op, 388473509.00 ns, 47.4211 us/op
WorkloadPilot   11: 16384 op, 776328846.00 ns, 47.3834 us/op

OverheadWarmup   1: 16384 op, 23022.00 ns, 1.4052 ns/op
OverheadWarmup   2: 16384 op, 21285.00 ns, 1.2991 ns/op
OverheadWarmup   3: 16384 op, 24501.00 ns, 1.4954 ns/op
OverheadWarmup   4: 16384 op, 21065.00 ns, 1.2857 ns/op
OverheadWarmup   5: 16384 op, 21268.00 ns, 1.2981 ns/op
OverheadWarmup   6: 16384 op, 21075.00 ns, 1.2863 ns/op

OverheadActual   1: 16384 op, 21086.00 ns, 1.2870 ns/op
OverheadActual   2: 16384 op, 21066.00 ns, 1.2858 ns/op
OverheadActual   3: 16384 op, 21073.00 ns, 1.2862 ns/op
OverheadActual   4: 16384 op, 21061.00 ns, 1.2855 ns/op
OverheadActual   5: 16384 op, 21047.00 ns, 1.2846 ns/op
OverheadActual   6: 16384 op, 21048.00 ns, 1.2847 ns/op
OverheadActual   7: 16384 op, 21085.00 ns, 1.2869 ns/op
OverheadActual   8: 16384 op, 21078.00 ns, 1.2865 ns/op
OverheadActual   9: 16384 op, 21096.00 ns, 1.2876 ns/op
OverheadActual  10: 16384 op, 21065.00 ns, 1.2857 ns/op
OverheadActual  11: 16384 op, 21106.00 ns, 1.2882 ns/op
OverheadActual  12: 16384 op, 21075.00 ns, 1.2863 ns/op
OverheadActual  13: 16384 op, 21105.00 ns, 1.2881 ns/op
OverheadActual  14: 16384 op, 21093.00 ns, 1.2874 ns/op
OverheadActual  15: 16384 op, 21105.00 ns, 1.2881 ns/op

WorkloadWarmup   1: 16384 op, 780642366.00 ns, 47.6466 us/op
WorkloadWarmup   2: 16384 op, 774206862.00 ns, 47.2538 us/op
WorkloadWarmup   3: 16384 op, 780181037.00 ns, 47.6185 us/op
WorkloadWarmup   4: 16384 op, 772815232.00 ns, 47.1689 us/op
WorkloadWarmup   5: 16384 op, 775425180.00 ns, 47.3282 us/op
WorkloadWarmup   6: 16384 op, 781963933.00 ns, 47.7273 us/op
WorkloadWarmup   7: 16384 op, 778282579.00 ns, 47.5026 us/op

WorkloadActual   1: 16384 op, 813648246.00 ns, 49.6611 us/op
WorkloadActual   2: 16384 op, 779806279.00 ns, 47.5956 us/op
WorkloadActual   3: 16384 op, 784157002.00 ns, 47.8611 us/op
WorkloadActual   4: 16384 op, 782403962.00 ns, 47.7541 us/op
WorkloadActual   5: 16384 op, 777175248.00 ns, 47.4350 us/op
WorkloadActual   6: 16384 op, 785423400.00 ns, 47.9384 us/op
WorkloadActual   7: 16384 op, 802158443.00 ns, 48.9599 us/op
WorkloadActual   8: 16384 op, 826202261.00 ns, 50.4274 us/op
WorkloadActual   9: 16384 op, 779936736.00 ns, 47.6036 us/op
WorkloadActual  10: 16384 op, 869433935.00 ns, 53.0660 us/op
WorkloadActual  11: 16384 op, 810706110.00 ns, 49.4816 us/op
WorkloadActual  12: 16384 op, 778328308.00 ns, 47.5054 us/op
WorkloadActual  13: 16384 op, 773442897.00 ns, 47.2072 us/op
WorkloadActual  14: 16384 op, 761223445.00 ns, 46.4614 us/op
WorkloadActual  15: 16384 op, 765606200.00 ns, 46.7289 us/op
WorkloadActual  16: 16384 op, 770741368.00 ns, 47.0423 us/op
WorkloadActual  17: 16384 op, 765972976.00 ns, 46.7513 us/op
WorkloadActual  18: 16384 op, 771121027.00 ns, 47.0655 us/op
WorkloadActual  19: 16384 op, 771803026.00 ns, 47.1071 us/op
WorkloadActual  20: 16384 op, 788102914.00 ns, 48.1020 us/op
WorkloadActual  21: 16384 op, 816562669.00 ns, 49.8390 us/op
WorkloadActual  22: 16384 op, 777602024.00 ns, 47.4611 us/op

WorkloadResult   1: 16384 op, 813627168.00 ns, 49.6599 us/op
WorkloadResult   2: 16384 op, 779785201.00 ns, 47.5943 us/op
WorkloadResult   3: 16384 op, 784135924.00 ns, 47.8599 us/op
WorkloadResult   4: 16384 op, 782382884.00 ns, 47.7529 us/op
WorkloadResult   5: 16384 op, 777154170.00 ns, 47.4337 us/op
WorkloadResult   6: 16384 op, 785402322.00 ns, 47.9372 us/op
WorkloadResult   7: 16384 op, 802137365.00 ns, 48.9586 us/op
WorkloadResult   8: 16384 op, 826181183.00 ns, 50.4261 us/op
WorkloadResult   9: 16384 op, 779915658.00 ns, 47.6023 us/op
WorkloadResult  10: 16384 op, 810685032.00 ns, 49.4803 us/op
WorkloadResult  11: 16384 op, 778307230.00 ns, 47.5041 us/op
WorkloadResult  12: 16384 op, 773421819.00 ns, 47.2059 us/op
WorkloadResult  13: 16384 op, 761202367.00 ns, 46.4601 us/op
WorkloadResult  14: 16384 op, 765585122.00 ns, 46.7276 us/op
WorkloadResult  15: 16384 op, 770720290.00 ns, 47.0410 us/op
WorkloadResult  16: 16384 op, 765951898.00 ns, 46.7500 us/op
WorkloadResult  17: 16384 op, 771099949.00 ns, 47.0642 us/op
WorkloadResult  18: 16384 op, 771781948.00 ns, 47.1058 us/op
WorkloadResult  19: 16384 op, 788081836.00 ns, 48.1007 us/op
WorkloadResult  20: 16384 op, 816541591.00 ns, 49.8377 us/op
WorkloadResult  21: 16384 op, 777580946.00 ns, 47.4598 us/op
// GC:  0 0 0 4656 16384
// Threading:  0 0 16384


Mean = 47.903 us, StdErr = 0.244 us (0.51%), N = 21, StdDev = 1.118 us
Min = 46.460 us, Q1 = 47.106 us, Median = 47.594 us, Q3 = 48.101 us, Max = 50.426 us
IQR = 0.995 us, LowerFence = 45.614 us, UpperFence = 49.593 us
ConfidenceInterval = [46.964 us; 48.842 us] (CI 99.9%), Margin = 0.939 us (1.96% of Mean)
Skewness = 0.86, Kurtosis = 2.48, MValue = 2

// ** Remained 2 (14.3 %) benchmark(s) to run. Estimated finish 2026-09-22 5:41 (0h 0m from now) **
// **************************
// Benchmark: PairHandleBenchmarks.Advance: Job-TZECNT(IterationCount=16, IterationTime=200ms, WarmupCount=8) [Shape=PairA(...)Waves [21]]
// *** Execute ***
// Launch: 1 / 1
// Execute: dotnet PairHandles-Job-TZECNT-1.dll --anonymousPipes 118 119 --benchmarkName "PairHandles.PairHandleBenchmarks.Advance(Shape: PairAlternating8Waves)" --job "IterationCount=16, IterationTime=200ms, WarmupCount=8" --benchmarkId 6 in /home/i/GitHub/tl-w352/benchmarks/PairHandles/bin/Release/net10.0/PairHandles-Job-TZECNT-1/bin/Release/net10.0
// Failed to set up high priority (Permission denied). In order to run benchmarks with high priority, make sure you have the right permissions.
// BeforeAnythingElse

// Benchmark Process Environment Information:
// BenchmarkDotNet v0.15.8
// Runtime=.NET 10.0.12 (10.0.12, 10.0.1226.42308), X64 RyuJIT x86-64-v3
// GC=Concurrent Workstation
// HardwareIntrinsics=AVX2+BMI1+BMI2+F16C+FMA+LZCNT+MOVBE,AVX,SSE3+SSSE3+SSE4.1+SSE4.2+POPCNT,X86Base+SSE+SSE2,AES+PCLMUL,AvxVnni,SERIALIZE VectorSize=256
// Job: Job-TZECNT(IterationCount=16, IterationTime=200ms, WarmupCount=8)

OverheadJitting  1: 1 op, 78464.00 ns, 78.4640 us/op
WorkloadJitting  1: 1 op, 13810373.00 ns, 13.8104 ms/op

WorkloadPilot    1: 4 op, 274975.00 ns, 68.7438 us/op
WorkloadPilot    2: 2909 op, 189087060.00 ns, 65.0007 us/op
WorkloadPilot    3: 3077 op, 192343224.00 ns, 62.5100 us/op
WorkloadPilot    4: 3199 op, 209469564.00 ns, 65.4797 us/op
WorkloadPilot    5: 3054 op, 188167362.00 ns, 61.6134 us/op
WorkloadPilot    6: 3246 op, 212761626.00 ns, 65.5458 us/op
WorkloadPilot    7: 3051 op, 195505866.00 ns, 64.0793 us/op
WorkloadPilot    8: 3121 op, 181633741.00 ns, 58.1973 us/op
WorkloadPilot    9: 3437 op, 200359627.00 ns, 58.2949 us/op

WorkloadWarmup   1: 3437 op, 202695553.00 ns, 58.9746 us/op
WorkloadWarmup   2: 3437 op, 200305236.00 ns, 58.2791 us/op
WorkloadWarmup   3: 3437 op, 201792251.00 ns, 58.7117 us/op
WorkloadWarmup   4: 3437 op, 200468390.00 ns, 58.3266 us/op
WorkloadWarmup   5: 3437 op, 200244728.00 ns, 58.2615 us/op
WorkloadWarmup   6: 3437 op, 201677851.00 ns, 58.6785 us/op
WorkloadWarmup   7: 3437 op, 200937238.00 ns, 58.4630 us/op
WorkloadWarmup   8: 3437 op, 201523086.00 ns, 58.6334 us/op

// BeforeActualRun
WorkloadActual   1: 3437 op, 200452699.00 ns, 58.3220 us/op
WorkloadActual   2: 3437 op, 201012785.00 ns, 58.4850 us/op
WorkloadActual   3: 3437 op, 202124833.00 ns, 58.8085 us/op
WorkloadActual   4: 3437 op, 200978489.00 ns, 58.4750 us/op
WorkloadActual   5: 3437 op, 226282873.00 ns, 65.8373 us/op
WorkloadActual   6: 3437 op, 225697443.00 ns, 65.6670 us/op
WorkloadActual   7: 3437 op, 225130046.00 ns, 65.5019 us/op
WorkloadActual   8: 3437 op, 226425556.00 ns, 65.8788 us/op
WorkloadActual   9: 3437 op, 206388291.00 ns, 60.0490 us/op
WorkloadActual  10: 3437 op, 200521369.00 ns, 58.3420 us/op
WorkloadActual  11: 3437 op, 226093591.00 ns, 65.7822 us/op
WorkloadActual  12: 3437 op, 201571678.00 ns, 58.6476 us/op
WorkloadActual  13: 3437 op, 225643795.00 ns, 65.6514 us/op
WorkloadActual  14: 3437 op, 225552049.00 ns, 65.6247 us/op
WorkloadActual  15: 3437 op, 213189170.00 ns, 62.0277 us/op
WorkloadActual  16: 3437 op, 200603440.00 ns, 58.3659 us/op

// AfterActualRun
WorkloadResult   1: 3437 op, 200452699.00 ns, 58.3220 us/op
WorkloadResult   2: 3437 op, 201012785.00 ns, 58.4850 us/op
WorkloadResult   3: 3437 op, 202124833.00 ns, 58.8085 us/op
WorkloadResult   4: 3437 op, 200978489.00 ns, 58.4750 us/op
WorkloadResult   5: 3437 op, 226282873.00 ns, 65.8373 us/op
WorkloadResult   6: 3437 op, 225697443.00 ns, 65.6670 us/op
WorkloadResult   7: 3437 op, 225130046.00 ns, 65.5019 us/op
WorkloadResult   8: 3437 op, 226425556.00 ns, 65.8788 us/op
WorkloadResult   9: 3437 op, 206388291.00 ns, 60.0490 us/op
WorkloadResult  10: 3437 op, 200521369.00 ns, 58.3420 us/op
WorkloadResult  11: 3437 op, 226093591.00 ns, 65.7822 us/op
WorkloadResult  12: 3437 op, 201571678.00 ns, 58.6476 us/op
WorkloadResult  13: 3437 op, 225643795.00 ns, 65.6514 us/op
WorkloadResult  14: 3437 op, 225552049.00 ns, 65.6247 us/op
WorkloadResult  15: 3437 op, 213189170.00 ns, 62.0277 us/op
WorkloadResult  16: 3437 op, 200603440.00 ns, 58.3659 us/op
// GC:  0 0 0 0 3437
// Threading:  0 0 3437

// AfterAll
// Benchmark Process 169494 has exited with code 0.

Mean = 61.967 us, StdErr = 0.881 us (1.42%), N = 16, StdDev = 3.525 us
Min = 58.322 us, Q1 = 58.482 us, Median = 61.038 us, Q3 = 65.655 us, Max = 65.879 us
IQR = 7.173 us, LowerFence = 47.723 us, UpperFence = 76.415 us
ConfidenceInterval = [58.378 us; 65.556 us] (CI 99.9%), Margin = 3.589 us (5.79% of Mean)
Skewness = 0.09, Kurtosis = 0.98, MValue = 3.5

// ** Remained 1 (7.1 %) benchmark(s) to run. Estimated finish 2026-09-22 5:41 (0h 0m from now) **
// **************************
// Benchmark: PairHandleBenchmarks.Advance: InProcess(Toolchain=InProcessEmitToolchain) [Shape=PairA(...)Waves [21]]
// *** Execute ***
// Launch: 1 / 1
// ! Failed to set up priority High for process System.Diagnostics.Process (PairHandles). Make sure you have the right permissions. Message: Permission denied

// Benchmark Process Environment Information:
// BenchmarkDotNet v0.15.8
// Runtime=.NET 10.0.12 (10.0.12, 10.0.1226.42308), X64 RyuJIT x86-64-v3
// GC=Concurrent Workstation
// HardwareIntrinsics=AVX2+BMI1+BMI2+F16C+FMA+LZCNT+MOVBE,AVX,SSE3+SSSE3+SSE4.1+SSE4.2+POPCNT,X86Base+SSE+SSE2,AES+PCLMUL,AvxVnni,SERIALIZE VectorSize=256
// Job: Job-JWQWGO(Toolchain=InProcessEmitToolchain)

OverheadJitting  1: 1 op, 115616.00 ns, 115.6160 us/op
WorkloadJitting  1: 1 op, 165854.00 ns, 165.8540 us/op

OverheadJitting  2: 16 op, 108923.00 ns, 6.8077 us/op
WorkloadJitting  2: 16 op, 1125048.00 ns, 70.3155 us/op

WorkloadPilot    1: 16 op, 1013933.00 ns, 63.3708 us/op
WorkloadPilot    2: 32 op, 2022843.00 ns, 63.2138 us/op
WorkloadPilot    3: 64 op, 4027582.00 ns, 62.9310 us/op
WorkloadPilot    4: 128 op, 8049893.00 ns, 62.8898 us/op
WorkloadPilot    5: 256 op, 16098399.00 ns, 62.8844 us/op
WorkloadPilot    6: 512 op, 32204222.00 ns, 62.8989 us/op
WorkloadPilot    7: 1024 op, 63425532.00 ns, 61.9390 us/op
WorkloadPilot    8: 2048 op, 127102681.00 ns, 62.0619 us/op
WorkloadPilot    9: 4096 op, 246459853.00 ns, 60.1709 us/op
WorkloadPilot   10: 8192 op, 475189344.00 ns, 58.0065 us/op
WorkloadPilot   11: 16384 op, 946561863.00 ns, 57.7736 us/op

OverheadWarmup   1: 16384 op, 26526.00 ns, 1.6190 ns/op
OverheadWarmup   2: 16384 op, 21244.00 ns, 1.2966 ns/op
OverheadWarmup   3: 16384 op, 21301.00 ns, 1.3001 ns/op
OverheadWarmup   4: 16384 op, 21056.00 ns, 1.2852 ns/op
OverheadWarmup   5: 16384 op, 21052.00 ns, 1.2849 ns/op
OverheadWarmup   6: 16384 op, 21071.00 ns, 1.2861 ns/op
OverheadWarmup   7: 16384 op, 21057.00 ns, 1.2852 ns/op

OverheadActual   1: 16384 op, 21045.00 ns, 1.2845 ns/op
OverheadActual   2: 16384 op, 21057.00 ns, 1.2852 ns/op
OverheadActual   3: 16384 op, 21065.00 ns, 1.2857 ns/op
OverheadActual   4: 16384 op, 21065.00 ns, 1.2857 ns/op
OverheadActual   5: 16384 op, 21051.00 ns, 1.2849 ns/op
OverheadActual   6: 16384 op, 21071.00 ns, 1.2861 ns/op
OverheadActual   7: 16384 op, 21054.00 ns, 1.2850 ns/op
OverheadActual   8: 16384 op, 21053.00 ns, 1.2850 ns/op
OverheadActual   9: 16384 op, 21114.00 ns, 1.2887 ns/op
OverheadActual  10: 16384 op, 21080.00 ns, 1.2866 ns/op
OverheadActual  11: 16384 op, 23076.00 ns, 1.4084 ns/op
OverheadActual  12: 16384 op, 21062.00 ns, 1.2855 ns/op
OverheadActual  13: 16384 op, 21069.00 ns, 1.2859 ns/op
OverheadActual  14: 16384 op, 21074.00 ns, 1.2863 ns/op
OverheadActual  15: 16384 op, 21087.00 ns, 1.2870 ns/op

WorkloadWarmup   1: 16384 op, 970617820.00 ns, 59.2418 us/op
WorkloadWarmup   2: 16384 op, 951042603.00 ns, 58.0470 us/op
WorkloadWarmup   3: 16384 op, 954484001.00 ns, 58.2571 us/op
WorkloadWarmup   4: 16384 op, 949349160.00 ns, 57.9437 us/op
WorkloadWarmup   5: 16384 op, 950245468.00 ns, 57.9984 us/op
WorkloadWarmup   6: 16384 op, 997060248.00 ns, 60.8557 us/op
WorkloadWarmup   7: 16384 op, 988212540.00 ns, 60.3157 us/op

WorkloadActual   1: 16384 op, 952318237.00 ns, 58.1249 us/op
WorkloadActual   2: 16384 op, 948033643.00 ns, 57.8634 us/op
WorkloadActual   3: 16384 op, 949456672.00 ns, 57.9502 us/op
WorkloadActual   4: 16384 op, 956441380.00 ns, 58.3765 us/op
WorkloadActual   5: 16384 op, 952265682.00 ns, 58.1217 us/op
WorkloadActual   6: 16384 op, 977382191.00 ns, 59.6547 us/op
WorkloadActual   7: 16384 op, 950914185.00 ns, 58.0392 us/op
WorkloadActual   8: 16384 op, 950932477.00 ns, 58.0403 us/op
WorkloadActual   9: 16384 op, 966008346.00 ns, 58.9605 us/op
WorkloadActual  10: 16384 op, 949166848.00 ns, 57.9325 us/op
WorkloadActual  11: 16384 op, 951939944.00 ns, 58.1018 us/op
WorkloadActual  12: 16384 op, 952398001.00 ns, 58.1298 us/op
WorkloadActual  13: 16384 op, 958576952.00 ns, 58.5069 us/op
WorkloadActual  14: 16384 op, 998947046.00 ns, 60.9709 us/op
WorkloadActual  15: 16384 op, 1019276131.00 ns, 62.2117 us/op

WorkloadResult   1: 16384 op, 952297172.00 ns, 58.1236 us/op
WorkloadResult   2: 16384 op, 948012578.00 ns, 57.8621 us/op
WorkloadResult   3: 16384 op, 949435607.00 ns, 57.9490 us/op
WorkloadResult   4: 16384 op, 956420315.00 ns, 58.3753 us/op
WorkloadResult   5: 16384 op, 952244617.00 ns, 58.1204 us/op
WorkloadResult   6: 16384 op, 977361126.00 ns, 59.6534 us/op
WorkloadResult   7: 16384 op, 950893120.00 ns, 58.0379 us/op
WorkloadResult   8: 16384 op, 950911412.00 ns, 58.0390 us/op
WorkloadResult   9: 16384 op, 965987281.00 ns, 58.9592 us/op
WorkloadResult  10: 16384 op, 949145783.00 ns, 57.9313 us/op
WorkloadResult  11: 16384 op, 951918879.00 ns, 58.1005 us/op
WorkloadResult  12: 16384 op, 952376936.00 ns, 58.1285 us/op
WorkloadResult  13: 16384 op, 958555887.00 ns, 58.5056 us/op
// GC:  0 0 0 4656 16384
// Threading:  0 0 16384


Mean = 58.291 us, StdErr = 0.139 us (0.24%), N = 13, StdDev = 0.503 us
Min = 57.862 us, Q1 = 58.038 us, Median = 58.120 us, Q3 = 58.375 us, Max = 59.653 us
IQR = 0.337 us, LowerFence = 57.532 us, UpperFence = 58.881 us
ConfidenceInterval = [57.689 us; 58.893 us] (CI 99.9%), Margin = 0.602 us (1.03% of Mean)
Skewness = 1.58, Kurtosis = 4.48, MValue = 2

// ** Remained 0 (0.0 %) benchmark(s) to run. Estimated finish 2026-09-22 5:41 (0h 0m from now) **
// ***** BenchmarkRunner: Finish  *****

// * Export *
  tmp/ab352/ph-cand-3/results/PairHandles.PairHandleBenchmarks-report.csv
  tmp/ab352/ph-cand-3/results/PairHandles.PairHandleBenchmarks-report-github.md
  tmp/ab352/ph-cand-3/results/PairHandles.PairHandleBenchmarks-report.html
  tmp/ab352/ph-cand-3/results/PairHandles.PairHandleBenchmarks-report-full.json

// * Detailed results *
PairHandleBenchmarks.Advance: Job-TZECNT(IterationCount=16, IterationTime=200ms, WarmupCount=8) [Shape=LaneUniform]
Runtime = .NET 10.0.12 (10.0.12, 10.0.1226.42308), X64 RyuJIT x86-64-v3; GC = Concurrent Workstation
Mean = 32.608 us, StdErr = 0.395 us (1.21%), N = 16, StdDev = 1.581 us
Min = 31.270 us, Q1 = 31.319 us, Median = 31.456 us, Q3 = 34.013 us, Max = 34.952 us
IQR = 2.694 us, LowerFence = 27.277 us, UpperFence = 38.055 us
ConfidenceInterval = [30.998 us; 34.219 us] (CI 99.9%), Margin = 1.610 us (4.94% of Mean)
Skewness = 0.5, Kurtosis = 1.36, MValue = 2
-------------------- Histogram --------------------
[31.244 us ; 32.891 us) | @@@@@@@@@@
[32.891 us ; 35.029 us) | @@@@@@
---------------------------------------------------

PairHandleBenchmarks.Advance: InProcess(Toolchain=InProcessEmitToolchain) [Shape=LaneUniform]
Runtime = ; GC = 
Mean = 32.643 us, StdErr = 0.018 us (0.06%), N = 14, StdDev = 0.067 us
Min = 32.565 us, Q1 = 32.592 us, Median = 32.624 us, Q3 = 32.694 us, Max = 32.805 us
IQR = 0.103 us, LowerFence = 32.438 us, UpperFence = 32.849 us
ConfidenceInterval = [32.567 us; 32.720 us] (CI 99.9%), Margin = 0.076 us (0.23% of Mean)
Skewness = 0.88, Kurtosis = 2.78, MValue = 2
-------------------- Histogram --------------------
[32.528 us ; 32.842 us) | @@@@@@@@@@@@@@
---------------------------------------------------

PairHandleBenchmarks.Advance: Job-TZECNT(IterationCount=16, IterationTime=200ms, WarmupCount=8) [Shape=PairOne]
Runtime = .NET 10.0.12 (10.0.12, 10.0.1226.42308), X64 RyuJIT x86-64-v3; GC = Concurrent Workstation
Mean = 31.203 us, StdErr = 0.030 us (0.09%), N = 12, StdDev = 0.102 us
Min = 31.068 us, Q1 = 31.147 us, Median = 31.166 us, Q3 = 31.275 us, Max = 31.379 us
IQR = 0.128 us, LowerFence = 30.954 us, UpperFence = 31.467 us
ConfidenceInterval = [31.071 us; 31.334 us] (CI 99.9%), Margin = 0.131 us (0.42% of Mean)
Skewness = 0.5, Kurtosis = 1.84, MValue = 2
-------------------- Histogram --------------------
[31.010 us ; 31.438 us) | @@@@@@@@@@@@
---------------------------------------------------

PairHandleBenchmarks.Advance: InProcess(Toolchain=InProcessEmitToolchain) [Shape=PairOne]
Runtime = ; GC = 
Mean = 30.152 us, StdErr = 0.116 us (0.38%), N = 14, StdDev = 0.433 us
Min = 29.371 us, Q1 = 30.037 us, Median = 30.113 us, Q3 = 30.361 us, Max = 31.058 us
IQR = 0.324 us, LowerFence = 29.551 us, UpperFence = 30.847 us
ConfidenceInterval = [29.663 us; 30.641 us] (CI 99.9%), Margin = 0.489 us (1.62% of Mean)
Skewness = 0.18, Kurtosis = 2.57, MValue = 2
-------------------- Histogram --------------------
[29.233 us ; 29.915 us) | @@@
[29.915 us ; 31.171 us) | @@@@@@@@@@@
---------------------------------------------------

PairHandleBenchmarks.Advance: Job-TZECNT(IterationCount=16, IterationTime=200ms, WarmupCount=8) [Shape=PairRuns8]
Runtime = .NET 10.0.12 (10.0.12, 10.0.1226.42308), X64 RyuJIT x86-64-v3; GC = Concurrent Workstation
Mean = 36.574 us, StdErr = 0.012 us (0.03%), N = 13, StdDev = 0.043 us
Min = 36.522 us, Q1 = 36.550 us, Median = 36.566 us, Q3 = 36.578 us, Max = 36.696 us
IQR = 0.027 us, LowerFence = 36.509 us, UpperFence = 36.618 us
ConfidenceInterval = [36.522 us; 36.626 us] (CI 99.9%), Margin = 0.052 us (0.14% of Mean)
Skewness = 1.57, Kurtosis = 5.19, MValue = 2
-------------------- Histogram --------------------
[36.498 us ; 36.721 us) | @@@@@@@@@@@@@
---------------------------------------------------

PairHandleBenchmarks.Advance: InProcess(Toolchain=InProcessEmitToolchain) [Shape=PairRuns8]
Runtime = ; GC = 
Mean = 37.236 us, StdErr = 0.066 us (0.18%), N = 15, StdDev = 0.254 us
Min = 36.669 us, Q1 = 37.234 us, Median = 37.337 us, Q3 = 37.363 us, Max = 37.527 us
IQR = 0.129 us, LowerFence = 37.041 us, UpperFence = 37.556 us
ConfidenceInterval = [36.964 us; 37.507 us] (CI 99.9%), Margin = 0.272 us (0.73% of Mean)
Skewness = -1.25, Kurtosis = 3.16, MValue = 2
-------------------- Histogram --------------------
[36.534 us ; 37.662 us) | @@@@@@@@@@@@@@@
---------------------------------------------------

PairHandleBenchmarks.Advance: Job-TZECNT(IterationCount=16, IterationTime=200ms, WarmupCount=8) [Shape=PairAlternating8]
Runtime = .NET 10.0.12 (10.0.12, 10.0.1226.42308), X64 RyuJIT x86-64-v3; GC = Concurrent Workstation
Mean = 65.418 us, StdErr = 0.399 us (0.61%), N = 15, StdDev = 1.545 us
Min = 64.155 us, Q1 = 64.307 us, Median = 64.962 us, Q3 = 65.384 us, Max = 68.627 us
IQR = 1.077 us, LowerFence = 62.691 us, UpperFence = 66.999 us
ConfidenceInterval = [63.766 us; 67.070 us] (CI 99.9%), Margin = 1.652 us (2.53% of Mean)
Skewness = 1.13, Kurtosis = 2.59, MValue = 2
-------------------- Histogram --------------------
[63.983 us ; 65.628 us) | @@@@@@@@@@@@
[65.628 us ; 67.492 us) | 
[67.492 us ; 69.450 us) | @@@
---------------------------------------------------

PairHandleBenchmarks.Advance: InProcess(Toolchain=InProcessEmitToolchain) [Shape=PairAlternating8]
Runtime = ; GC = 
Mean = 66.259 us, StdErr = 0.076 us (0.11%), N = 16, StdDev = 0.303 us
Min = 65.802 us, Q1 = 66.061 us, Median = 66.177 us, Q3 = 66.381 us, Max = 66.868 us
IQR = 0.320 us, LowerFence = 65.581 us, UpperFence = 66.861 us
ConfidenceInterval = [65.951 us; 66.567 us] (CI 99.9%), Margin = 0.308 us (0.47% of Mean)
Skewness = 0.58, Kurtosis = 2.11, MValue = 2
-------------------- Histogram --------------------
[65.645 us ; 67.026 us) | @@@@@@@@@@@@@@@@
---------------------------------------------------

PairHandleBenchmarks.Advance: Job-TZECNT(IterationCount=16, IterationTime=200ms, WarmupCount=8) [Shape=PairRuns8Waves]
Runtime = .NET 10.0.12 (10.0.12, 10.0.1226.42308), X64 RyuJIT x86-64-v3; GC = Concurrent Workstation
Mean = 31.985 us, StdErr = 0.179 us (0.56%), N = 13, StdDev = 0.644 us
Min = 31.455 us, Q1 = 31.588 us, Median = 31.634 us, Q3 = 32.189 us, Max = 33.431 us
IQR = 0.601 us, LowerFence = 30.686 us, UpperFence = 33.090 us
ConfidenceInterval = [31.214 us; 32.756 us] (CI 99.9%), Margin = 0.771 us (2.41% of Mean)
Skewness = 1.22, Kurtosis = 3, MValue = 2
-------------------- Histogram --------------------
[31.378 us ; 32.097 us) | @@@@@@@@@
[32.097 us ; 32.948 us) | @@
[32.948 us ; 33.790 us) | @@
---------------------------------------------------

PairHandleBenchmarks.Advance: InProcess(Toolchain=InProcessEmitToolchain) [Shape=PairRuns8Waves]
Runtime = ; GC = 
Mean = 32.675 us, StdErr = 0.054 us (0.16%), N = 13, StdDev = 0.193 us
Min = 32.411 us, Q1 = 32.554 us, Median = 32.646 us, Q3 = 32.760 us, Max = 33.089 us
IQR = 0.206 us, LowerFence = 32.245 us, UpperFence = 33.070 us
ConfidenceInterval = [32.444 us; 32.906 us] (CI 99.9%), Margin = 0.231 us (0.71% of Mean)
Skewness = 0.6, Kurtosis = 2.31, MValue = 2
-------------------- Histogram --------------------
[32.303 us ; 33.197 us) | @@@@@@@@@@@@@
---------------------------------------------------

PairHandleBenchmarks.Advance: Job-TZECNT(IterationCount=16, IterationTime=200ms, WarmupCount=8) [Shape=PairBlocks8Waves]
Runtime = .NET 10.0.12 (10.0.12, 10.0.1226.42308), X64 RyuJIT x86-64-v3; GC = Concurrent Workstation
Mean = 48.603 us, StdErr = 0.373 us (0.77%), N = 16, StdDev = 1.493 us
Min = 46.741 us, Q1 = 46.980 us, Median = 48.755 us, Q3 = 50.018 us, Max = 50.382 us
IQR = 3.038 us, LowerFence = 42.423 us, UpperFence = 54.575 us
ConfidenceInterval = [47.083 us; 50.123 us] (CI 99.9%), Margin = 1.520 us (3.13% of Mean)
Skewness = -0.08, Kurtosis = 1.13, MValue = 3.43
-------------------- Histogram --------------------
[46.501 us ; 48.057 us) | @@@@@@@
[48.057 us ; 49.276 us) | @@
[49.276 us ; 50.831 us) | @@@@@@@
---------------------------------------------------

PairHandleBenchmarks.Advance: InProcess(Toolchain=InProcessEmitToolchain) [Shape=PairBlocks8Waves]
Runtime = ; GC = 
Mean = 47.903 us, StdErr = 0.244 us (0.51%), N = 21, StdDev = 1.118 us
Min = 46.460 us, Q1 = 47.106 us, Median = 47.594 us, Q3 = 48.101 us, Max = 50.426 us
IQR = 0.995 us, LowerFence = 45.614 us, UpperFence = 49.593 us
ConfidenceInterval = [46.964 us; 48.842 us] (CI 99.9%), Margin = 0.939 us (1.96% of Mean)
Skewness = 0.86, Kurtosis = 2.48, MValue = 2
-------------------- Histogram --------------------
[45.928 us ; 47.039 us) | @@@
[47.039 us ; 48.103 us) | @@@@@@@@@@@@@
[48.103 us ; 49.930 us) | @@@@
[49.930 us ; 50.958 us) | @
---------------------------------------------------

PairHandleBenchmarks.Advance: Job-TZECNT(IterationCount=16, IterationTime=200ms, WarmupCount=8) [Shape=PairA(...)Waves [21]]
Runtime = .NET 10.0.12 (10.0.12, 10.0.1226.42308), X64 RyuJIT x86-64-v3; GC = Concurrent Workstation
Mean = 61.967 us, StdErr = 0.881 us (1.42%), N = 16, StdDev = 3.525 us
Min = 58.322 us, Q1 = 58.482 us, Median = 61.038 us, Q3 = 65.655 us, Max = 65.879 us
IQR = 7.173 us, LowerFence = 47.723 us, UpperFence = 76.415 us
ConfidenceInterval = [58.378 us; 65.556 us] (CI 99.9%), Margin = 3.589 us (5.79% of Mean)
Skewness = 0.09, Kurtosis = 0.98, MValue = 3.5
-------------------- Histogram --------------------
[57.350 us ; 61.021 us) | @@@@@@@@
[61.021 us ; 63.854 us) | @
[63.854 us ; 67.715 us) | @@@@@@@
---------------------------------------------------

PairHandleBenchmarks.Advance: InProcess(Toolchain=InProcessEmitToolchain) [Shape=PairA(...)Waves [21]]
Runtime = ; GC = 
Mean = 58.291 us, StdErr = 0.139 us (0.24%), N = 13, StdDev = 0.503 us
Min = 57.862 us, Q1 = 58.038 us, Median = 58.120 us, Q3 = 58.375 us, Max = 59.653 us
IQR = 0.337 us, LowerFence = 57.532 us, UpperFence = 58.881 us
ConfidenceInterval = [57.689 us; 58.893 us] (CI 99.9%), Margin = 0.602 us (1.03% of Mean)
Skewness = 1.58, Kurtosis = 4.48, MValue = 2
-------------------- Histogram --------------------
[57.581 us ; 59.934 us) | @@@@@@@@@@@@@
---------------------------------------------------

// * Summary *

BenchmarkDotNet v0.15.8, Linux Omarchy
Intel Core i9-14900K 0.80GHz, 1 CPU, 32 logical and 24 physical cores
.NET SDK 10.0.401
  [Host]     : .NET 10.0.12 (10.0.12, 10.0.1226.42308), X64 RyuJIT x86-64-v3
  Job-TZECNT : .NET 10.0.12 (10.0.12, 10.0.1226.42308), X64 RyuJIT x86-64-v3


| Method  | Job        | Toolchain              | IterationCount | IterationTime | WarmupCount | Shape                | Mean     | Error    | StdDev   | Median   | Allocated |
|-------- |----------- |----------------------- |--------------- |-------------- |------------ |--------------------- |---------:|---------:|---------:|---------:|----------:|
| Advance | Job-TZECNT | Default                | 16             | 200ms         | 8           | LaneUniform          | 32.61 us | 1.610 us | 1.581 us | 31.46 us |         - |
| Advance | InProcess  | InProcessEmitToolchain | Default        | Default       | Default     | LaneUniform          | 32.64 us | 0.076 us | 0.067 us | 32.62 us |         - |
| Advance | Job-TZECNT | Default                | 16             | 200ms         | 8           | PairOne              | 31.20 us | 0.131 us | 0.102 us | 31.17 us |         - |
| Advance | InProcess  | InProcessEmitToolchain | Default        | Default       | Default     | PairOne              | 30.15 us | 0.489 us | 0.433 us | 30.11 us |         - |
| Advance | Job-TZECNT | Default                | 16             | 200ms         | 8           | PairRuns8            | 36.57 us | 0.052 us | 0.043 us | 36.57 us |         - |
| Advance | InProcess  | InProcessEmitToolchain | Default        | Default       | Default     | PairRuns8            | 37.24 us | 0.272 us | 0.254 us | 37.34 us |         - |
| Advance | Job-TZECNT | Default                | 16             | 200ms         | 8           | PairAlternating8     | 65.42 us | 1.652 us | 1.545 us | 64.96 us |         - |
| Advance | InProcess  | InProcessEmitToolchain | Default        | Default       | Default     | PairAlternating8     | 66.26 us | 0.308 us | 0.303 us | 66.18 us |       1 B |
| Advance | Job-TZECNT | Default                | 16             | 200ms         | 8           | PairRuns8Waves       | 31.98 us | 0.771 us | 0.644 us | 31.63 us |         - |
| Advance | InProcess  | InProcessEmitToolchain | Default        | Default       | Default     | PairRuns8Waves       | 32.68 us | 0.231 us | 0.193 us | 32.65 us |         - |
| Advance | Job-TZECNT | Default                | 16             | 200ms         | 8           | PairBlocks8Waves     | 48.60 us | 1.520 us | 1.493 us | 48.76 us |         - |
| Advance | InProcess  | InProcessEmitToolchain | Default        | Default       | Default     | PairBlocks8Waves     | 47.90 us | 0.939 us | 1.118 us | 47.59 us |         - |
| Advance | Job-TZECNT | Default                | 16             | 200ms         | 8           | PairA(...)Waves [21] | 61.97 us | 3.589 us | 3.525 us | 61.04 us |         - |
| Advance | InProcess  | InProcessEmitToolchain | Default        | Default       | Default     | PairA(...)Waves [21] | 58.29 us | 0.602 us | 0.503 us | 58.12 us |         - |

// * Warnings *
MultimodalDistribution
  PairHandleBenchmarks.Advance: IterationCount=16, IterationTime=200ms, WarmupCount=8 -> It seems that the distribution is bimodal (mValue = 3.43)
  PairHandleBenchmarks.Advance: IterationCount=16, IterationTime=200ms, WarmupCount=8 -> It seems that the distribution is bimodal (mValue = 3.5)

// * Hints *
Outliers
  PairHandleBenchmarks.Advance: InProcess                                             -> 1 outlier  was  removed (33.20 us)
  PairHandleBenchmarks.Advance: IterationCount=16, IterationTime=200ms, WarmupCount=8 -> 4 outliers were removed (33.06 us..35.18 us)
  PairHandleBenchmarks.Advance: InProcess                                             -> 1 outlier  was  removed, 2 outliers were detected (29.37 us, 32.78 us)
  PairHandleBenchmarks.Advance: IterationCount=16, IterationTime=200ms, WarmupCount=8 -> 3 outliers were removed (36.80 us..39.41 us)
  PairHandleBenchmarks.Advance: InProcess                                             -> 3 outliers were detected (36.67 us..36.96 us)
  PairHandleBenchmarks.Advance: IterationCount=16, IterationTime=200ms, WarmupCount=8 -> 1 outlier  was  removed (68.83 us)
  PairHandleBenchmarks.Advance: InProcess                                             -> 5 outliers were removed (69.58 us..73.99 us)
  PairHandleBenchmarks.Advance: IterationCount=16, IterationTime=200ms, WarmupCount=8 -> 3 outliers were removed (35.83 us..36.15 us)
  PairHandleBenchmarks.Advance: InProcess                                             -> 2 outliers were removed (33.87 us, 33.99 us)
  PairHandleBenchmarks.Advance: InProcess                                             -> 1 outlier  was  removed (53.07 us)
  PairHandleBenchmarks.Advance: InProcess                                             -> 2 outliers were removed (60.97 us, 62.21 us)

// * Legends *
  Shape     : Value of the 'Shape' parameter
  Mean      : Arithmetic mean of all measurements
  Error     : Half of 99.9% confidence interval
  StdDev    : Standard deviation of all measurements
  Median    : Value separating the higher half of all measurements (50th percentile)
  Allocated : Allocated memory per single operation (managed only, inclusive, 1KB = 1024B)
  1 us      : 1 Microsecond (0.000001 sec)

// * Diagnostic Output - MemoryDiagnoser *


// ***** BenchmarkRunner: End *****
Run time: 00:02:46 (166.27 sec), executed benchmarks: 14

Global total time: 00:02:49 (169.8 sec), executed benchmarks: 14
// * Artifacts cleanup *
Artifacts cleanup is finished
