// Validating benchmarks:
// ***** BenchmarkRunner: Start   *****
// ***** Found 6 benchmark(s) in total *****
// ***** Building 1 exe(s) in Parallel: Start   *****
// start dotnet  restore --nodeReuse:false /p:UseSharedCompilation=false /p:Deterministic=true /p:Optimize=true /p:ArtifactsPath="/home/i/Work/tl-v1-coordination-16-signed-seek-integration/benchmarks/Alpha/bin/Release/net10.0/Alpha-Jit-1/" /p:OutDir="/home/i/Work/tl-v1-coordination-16-signed-seek-integration/benchmarks/Alpha/bin/Release/net10.0/Alpha-Jit-1/bin/Release/net10.0/" /p:OutputPath="/home/i/Work/tl-v1-coordination-16-signed-seek-integration/benchmarks/Alpha/bin/Release/net10.0/Alpha-Jit-1/bin/Release/net10.0/" /p:PublishDir="/home/i/Work/tl-v1-coordination-16-signed-seek-integration/benchmarks/Alpha/bin/Release/net10.0/Alpha-Jit-1/publish/" in /home/i/Work/tl-v1-coordination-16-signed-seek-integration/benchmarks/Alpha/bin/Release/net10.0/Alpha-Jit-1
// command took 0.69 sec and exited with 0
// start dotnet  build -c Release --no-restore --nodeReuse:false /p:UseSharedCompilation=false /p:Deterministic=true /p:Optimize=true /p:ArtifactsPath="/home/i/Work/tl-v1-coordination-16-signed-seek-integration/benchmarks/Alpha/bin/Release/net10.0/Alpha-Jit-1/" /p:OutDir="/home/i/Work/tl-v1-coordination-16-signed-seek-integration/benchmarks/Alpha/bin/Release/net10.0/Alpha-Jit-1/bin/Release/net10.0/" /p:OutputPath="/home/i/Work/tl-v1-coordination-16-signed-seek-integration/benchmarks/Alpha/bin/Release/net10.0/Alpha-Jit-1/bin/Release/net10.0/" /p:PublishDir="/home/i/Work/tl-v1-coordination-16-signed-seek-integration/benchmarks/Alpha/bin/Release/net10.0/Alpha-Jit-1/publish/" --output "/home/i/Work/tl-v1-coordination-16-signed-seek-integration/benchmarks/Alpha/bin/Release/net10.0/Alpha-Jit-1/bin/Release/net10.0/" in /home/i/Work/tl-v1-coordination-16-signed-seek-integration/benchmarks/Alpha/bin/Release/net10.0/Alpha-Jit-1
// command took 5.35 sec and exited with 0
// ***** Done, took 00:00:06 (6.06 sec)   *****
// Found 6 benchmarks:
//   CombatBenchmarks.DirectScalar: Jit(IterationCount=12, IterationTime=250ms, WarmupCount=16) [Pattern=Forward]
//   CombatBenchmarks.TypedScalar: Jit(IterationCount=12, IterationTime=250ms, WarmupCount=16) [Pattern=Forward]
//   CombatBenchmarks.DynamicScalar: Jit(IterationCount=12, IterationTime=250ms, WarmupCount=16) [Pattern=Forward]
//   CombatBenchmarks.DirectScalar: Jit(IterationCount=12, IterationTime=250ms, WarmupCount=16) [Pattern=Alternating]
//   CombatBenchmarks.TypedScalar: Jit(IterationCount=12, IterationTime=250ms, WarmupCount=16) [Pattern=Alternating]
//   CombatBenchmarks.DynamicScalar: Jit(IterationCount=12, IterationTime=250ms, WarmupCount=16) [Pattern=Alternating]

// **************************
// Benchmark: CombatBenchmarks.DirectScalar: Jit(IterationCount=12, IterationTime=250ms, WarmupCount=16) [Pattern=Forward]
// *** Execute ***
// Launch: 1 / 1
// Execute: dotnet Alpha-Jit-1.dll --anonymousPipes 128 129 --benchmarkName "CombatBenchmarks.DirectScalar(Pattern: Forward)" --job Jit --benchmarkId 0 in /home/i/Work/tl-v1-coordination-16-signed-seek-integration/benchmarks/Alpha/bin/Release/net10.0/Alpha-Jit-1/bin/Release/net10.0
// Failed to set up high priority (Permission denied). In order to run benchmarks with high priority, make sure you have the right permissions.
// BeforeAnythingElse

// Benchmark Process Environment Information:
// BenchmarkDotNet v0.15.8
// Runtime=.NET 10.0.12 (10.0.12, 10.0.1226.42308), X64 RyuJIT x86-64-v3
// GC=Concurrent Workstation
// HardwareIntrinsics=AVX2+BMI1+BMI2+F16C+FMA+LZCNT+MOVBE,AVX,SSE3+SSSE3+SSE4.1+SSE4.2+POPCNT,X86Base+SSE+SSE2,AES+PCLMUL,AvxVnni,SERIALIZE VectorSize=256
// Job: Jit(IterationCount=12, IterationTime=250ms, WarmupCount=16)

OverheadJitting  1: 65536 op, 113769.00 ns, 1.7360 ns/op
WorkloadJitting  1: 65536 op, 515310.00 ns, 7.8630 ns/op

OverheadJitting  2: 1048576 op, 116703.00 ns, 0.1113 ns/op
WorkloadJitting  2: 1048576 op, 6284650.00 ns, 5.9935 ns/op

WorkloadPilot    1: 1048576 op, 6063320.00 ns, 5.7824 ns/op
WorkloadPilot    2: 44040192 op, 248408815.00 ns, 5.6405 ns/op
WorkloadPilot    3: 45088768 op, 254278615.00 ns, 5.6395 ns/op

OverheadWarmup   1: 45088768 op, 1541.00 ns, 0.0000 ns/op
OverheadWarmup   2: 45088768 op, 1146.00 ns, 0.0000 ns/op
OverheadWarmup   3: 45088768 op, 1087.00 ns, 0.0000 ns/op
OverheadWarmup   4: 45088768 op, 1063.00 ns, 0.0000 ns/op
OverheadWarmup   5: 45088768 op, 1133.00 ns, 0.0000 ns/op
OverheadWarmup   6: 45088768 op, 1106.00 ns, 0.0000 ns/op
OverheadWarmup   7: 45088768 op, 1110.00 ns, 0.0000 ns/op
OverheadWarmup   8: 45088768 op, 1110.00 ns, 0.0000 ns/op

OverheadActual   1: 45088768 op, 1310.00 ns, 0.0000 ns/op
OverheadActual   2: 45088768 op, 1278.00 ns, 0.0000 ns/op
OverheadActual   3: 45088768 op, 1290.00 ns, 0.0000 ns/op
OverheadActual   4: 45088768 op, 1153.00 ns, 0.0000 ns/op
OverheadActual   5: 45088768 op, 1278.00 ns, 0.0000 ns/op
OverheadActual   6: 45088768 op, 1121.00 ns, 0.0000 ns/op
OverheadActual   7: 45088768 op, 1067.00 ns, 0.0000 ns/op
OverheadActual   8: 45088768 op, 1071.00 ns, 0.0000 ns/op
OverheadActual   9: 45088768 op, 1054.00 ns, 0.0000 ns/op
OverheadActual  10: 45088768 op, 1124.00 ns, 0.0000 ns/op
OverheadActual  11: 45088768 op, 1120.00 ns, 0.0000 ns/op
OverheadActual  12: 45088768 op, 1102.00 ns, 0.0000 ns/op
OverheadActual  13: 45088768 op, 1108.00 ns, 0.0000 ns/op
OverheadActual  14: 45088768 op, 1097.00 ns, 0.0000 ns/op
OverheadActual  15: 45088768 op, 1099.00 ns, 0.0000 ns/op
OverheadActual  16: 45088768 op, 1116.00 ns, 0.0000 ns/op
OverheadActual  17: 45088768 op, 1104.00 ns, 0.0000 ns/op

WorkloadWarmup   1: 45088768 op, 252156094.00 ns, 5.5924 ns/op
WorkloadWarmup   2: 45088768 op, 254439026.00 ns, 5.6431 ns/op
WorkloadWarmup   3: 45088768 op, 254094704.00 ns, 5.6354 ns/op
WorkloadWarmup   4: 45088768 op, 253979129.00 ns, 5.6329 ns/op
WorkloadWarmup   5: 45088768 op, 252454597.00 ns, 5.5991 ns/op
WorkloadWarmup   6: 45088768 op, 269409104.00 ns, 5.9751 ns/op
WorkloadWarmup   7: 45088768 op, 168242567.00 ns, 3.7314 ns/op
WorkloadWarmup   8: 45088768 op, 177090413.00 ns, 3.9276 ns/op
WorkloadWarmup   9: 45088768 op, 171426170.00 ns, 3.8020 ns/op
WorkloadWarmup  10: 45088768 op, 170835407.00 ns, 3.7889 ns/op
WorkloadWarmup  11: 45088768 op, 172740389.00 ns, 3.8311 ns/op
WorkloadWarmup  12: 45088768 op, 170326303.00 ns, 3.7776 ns/op
WorkloadWarmup  13: 45088768 op, 171041436.00 ns, 3.7934 ns/op
WorkloadWarmup  14: 45088768 op, 170203391.00 ns, 3.7749 ns/op
WorkloadWarmup  15: 45088768 op, 172042034.00 ns, 3.8156 ns/op
WorkloadWarmup  16: 45088768 op, 172608843.00 ns, 3.8282 ns/op

// BeforeActualRun
WorkloadActual   1: 45088768 op, 170793433.00 ns, 3.7879 ns/op
WorkloadActual   2: 45088768 op, 171735846.00 ns, 3.8088 ns/op
WorkloadActual   3: 45088768 op, 172152098.00 ns, 3.8181 ns/op
WorkloadActual   4: 45088768 op, 171075107.00 ns, 3.7942 ns/op
WorkloadActual   5: 45088768 op, 171070468.00 ns, 3.7941 ns/op
WorkloadActual   6: 45088768 op, 169939784.00 ns, 3.7690 ns/op
WorkloadActual   7: 45088768 op, 167791009.00 ns, 3.7213 ns/op
WorkloadActual   8: 45088768 op, 168992757.00 ns, 3.7480 ns/op
WorkloadActual   9: 45088768 op, 169639439.00 ns, 3.7623 ns/op
WorkloadActual  10: 45088768 op, 169107235.00 ns, 3.7505 ns/op
WorkloadActual  11: 45088768 op, 193478058.00 ns, 4.2910 ns/op
WorkloadActual  12: 45088768 op, 228381615.00 ns, 5.0652 ns/op

// AfterActualRun
WorkloadResult   1: 45088768 op, 170792317.00 ns, 3.7879 ns/op
WorkloadResult   2: 45088768 op, 171734730.00 ns, 3.8088 ns/op
WorkloadResult   3: 45088768 op, 172150982.00 ns, 3.8180 ns/op
WorkloadResult   4: 45088768 op, 171073991.00 ns, 3.7942 ns/op
WorkloadResult   5: 45088768 op, 171069352.00 ns, 3.7941 ns/op
WorkloadResult   6: 45088768 op, 169938668.00 ns, 3.7690 ns/op
WorkloadResult   7: 45088768 op, 167789893.00 ns, 3.7213 ns/op
WorkloadResult   8: 45088768 op, 168991641.00 ns, 3.7480 ns/op
WorkloadResult   9: 45088768 op, 169638323.00 ns, 3.7623 ns/op
WorkloadResult  10: 45088768 op, 169106119.00 ns, 3.7505 ns/op
// GC:  0 0 0 0 45088768
// Threading:  0 0 45088768

// AfterAll
// Benchmark Process 516603 has exited with code 0.

Mean = 3.775 ns, StdErr = 0.010 ns (0.25%), N = 10, StdDev = 0.030 ns
Min = 3.721 ns, Q1 = 3.753 ns, Median = 3.778 ns, Q3 = 3.794 ns, Max = 3.818 ns
IQR = 0.041 ns, LowerFence = 3.692 ns, UpperFence = 3.855 ns
ConfidenceInterval = [3.729 ns; 3.821 ns] (CI 99.9%), Margin = 0.046 ns (1.22% of Mean)
Skewness = -0.24, Kurtosis = 1.69, MValue = 2

// ** Remained 5 (83.3 %) benchmark(s) to run. Estimated finish 2026-09-10 18:03 (0h 0m from now) **
// **************************
// Benchmark: CombatBenchmarks.TypedScalar: Jit(IterationCount=12, IterationTime=250ms, WarmupCount=16) [Pattern=Forward]
// *** Execute ***
// Launch: 1 / 1
// Execute: dotnet Alpha-Jit-1.dll --anonymousPipes 128 129 --benchmarkName "CombatBenchmarks.TypedScalar(Pattern: Forward)" --job Jit --benchmarkId 1 in /home/i/Work/tl-v1-coordination-16-signed-seek-integration/benchmarks/Alpha/bin/Release/net10.0/Alpha-Jit-1/bin/Release/net10.0
// Failed to set up high priority (Permission denied). In order to run benchmarks with high priority, make sure you have the right permissions.
// BeforeAnythingElse

// Benchmark Process Environment Information:
// BenchmarkDotNet v0.15.8
// Runtime=.NET 10.0.12 (10.0.12, 10.0.1226.42308), X64 RyuJIT x86-64-v3
// GC=Concurrent Workstation
// HardwareIntrinsics=AVX2+BMI1+BMI2+F16C+FMA+LZCNT+MOVBE,AVX,SSE3+SSSE3+SSE4.1+SSE4.2+POPCNT,X86Base+SSE+SSE2,AES+PCLMUL,AvxVnni,SERIALIZE VectorSize=256
// Job: Jit(IterationCount=12, IterationTime=250ms, WarmupCount=16)

OverheadJitting  1: 65536 op, 120958.00 ns, 1.8457 ns/op
WorkloadJitting  1: 65536 op, 499928.00 ns, 7.6283 ns/op

OverheadJitting  2: 1048576 op, 137340.00 ns, 0.1310 ns/op
WorkloadJitting  2: 1048576 op, 5563227.00 ns, 5.3055 ns/op

WorkloadPilot    1: 1048576 op, 5349766.00 ns, 5.1019 ns/op
WorkloadPilot    2: 49283072 op, 248431180.00 ns, 5.0409 ns/op
WorkloadPilot    3: 50331648 op, 253030954.00 ns, 5.0273 ns/op

OverheadWarmup   1: 50331648 op, 1433.00 ns, 0.0000 ns/op
OverheadWarmup   2: 50331648 op, 1214.00 ns, 0.0000 ns/op
OverheadWarmup   3: 50331648 op, 1174.00 ns, 0.0000 ns/op
OverheadWarmup   4: 50331648 op, 1186.00 ns, 0.0000 ns/op
OverheadWarmup   5: 50331648 op, 1255.00 ns, 0.0000 ns/op
OverheadWarmup   6: 50331648 op, 1240.00 ns, 0.0000 ns/op
OverheadWarmup   7: 50331648 op, 1236.00 ns, 0.0000 ns/op
OverheadWarmup   8: 50331648 op, 1230.00 ns, 0.0000 ns/op
OverheadWarmup   9: 50331648 op, 1222.00 ns, 0.0000 ns/op
OverheadWarmup  10: 50331648 op, 1241.00 ns, 0.0000 ns/op

OverheadActual   1: 50331648 op, 1366.00 ns, 0.0000 ns/op
OverheadActual   2: 50331648 op, 1372.00 ns, 0.0000 ns/op
OverheadActual   3: 50331648 op, 1369.00 ns, 0.0000 ns/op
OverheadActual   4: 50331648 op, 1309.00 ns, 0.0000 ns/op
OverheadActual   5: 50331648 op, 1345.00 ns, 0.0000 ns/op
OverheadActual   6: 50331648 op, 1199.00 ns, 0.0000 ns/op
OverheadActual   7: 50331648 op, 1199.00 ns, 0.0000 ns/op
OverheadActual   8: 50331648 op, 1172.00 ns, 0.0000 ns/op
OverheadActual   9: 50331648 op, 1185.00 ns, 0.0000 ns/op
OverheadActual  10: 50331648 op, 1185.00 ns, 0.0000 ns/op
OverheadActual  11: 50331648 op, 1191.00 ns, 0.0000 ns/op
OverheadActual  12: 50331648 op, 1189.00 ns, 0.0000 ns/op
OverheadActual  13: 50331648 op, 1225.00 ns, 0.0000 ns/op
OverheadActual  14: 50331648 op, 1205.00 ns, 0.0000 ns/op
OverheadActual  15: 50331648 op, 1214.00 ns, 0.0000 ns/op
OverheadActual  16: 50331648 op, 1219.00 ns, 0.0000 ns/op
OverheadActual  17: 50331648 op, 1204.00 ns, 0.0000 ns/op
OverheadActual  18: 50331648 op, 1370.00 ns, 0.0000 ns/op
OverheadActual  19: 50331648 op, 1258.00 ns, 0.0000 ns/op
OverheadActual  20: 50331648 op, 1241.00 ns, 0.0000 ns/op

WorkloadWarmup   1: 50331648 op, 252674556.00 ns, 5.0202 ns/op
WorkloadWarmup   2: 50331648 op, 252917061.00 ns, 5.0250 ns/op
WorkloadWarmup   3: 50331648 op, 252707926.00 ns, 5.0209 ns/op
WorkloadWarmup   4: 50331648 op, 252470248.00 ns, 5.0161 ns/op
WorkloadWarmup   5: 50331648 op, 252905121.00 ns, 5.0248 ns/op
WorkloadWarmup   6: 50331648 op, 307137937.00 ns, 6.1023 ns/op
WorkloadWarmup   7: 50331648 op, 206104838.00 ns, 4.0949 ns/op
WorkloadWarmup   8: 50331648 op, 206491608.00 ns, 4.1026 ns/op
WorkloadWarmup   9: 50331648 op, 206113042.00 ns, 4.0951 ns/op
WorkloadWarmup  10: 50331648 op, 206919965.00 ns, 4.1111 ns/op
WorkloadWarmup  11: 50331648 op, 208271772.00 ns, 4.1380 ns/op
WorkloadWarmup  12: 50331648 op, 206218347.00 ns, 4.0972 ns/op
WorkloadWarmup  13: 50331648 op, 204944692.00 ns, 4.0719 ns/op
WorkloadWarmup  14: 50331648 op, 208815473.00 ns, 4.1488 ns/op
WorkloadWarmup  15: 50331648 op, 205248092.00 ns, 4.0779 ns/op
WorkloadWarmup  16: 50331648 op, 204945191.00 ns, 4.0719 ns/op

// BeforeActualRun
WorkloadActual   1: 50331648 op, 206076386.00 ns, 4.0944 ns/op
WorkloadActual   2: 50331648 op, 204638649.00 ns, 4.0658 ns/op
WorkloadActual   3: 50331648 op, 204728467.00 ns, 4.0676 ns/op
WorkloadActual   4: 50331648 op, 204717986.00 ns, 4.0674 ns/op
WorkloadActual   5: 50331648 op, 204681080.00 ns, 4.0666 ns/op
WorkloadActual   6: 50331648 op, 204451220.00 ns, 4.0621 ns/op
WorkloadActual   7: 50331648 op, 204660522.00 ns, 4.0662 ns/op
WorkloadActual   8: 50331648 op, 225868998.00 ns, 4.4876 ns/op
WorkloadActual   9: 50331648 op, 205456756.00 ns, 4.0821 ns/op
WorkloadActual  10: 50331648 op, 205999914.00 ns, 4.0929 ns/op
WorkloadActual  11: 50331648 op, 205120189.00 ns, 4.0754 ns/op
WorkloadActual  12: 50331648 op, 204526311.00 ns, 4.0636 ns/op

// AfterActualRun
WorkloadResult   1: 50331648 op, 206075169.50 ns, 4.0943 ns/op
WorkloadResult   2: 50331648 op, 204637432.50 ns, 4.0658 ns/op
WorkloadResult   3: 50331648 op, 204727250.50 ns, 4.0676 ns/op
WorkloadResult   4: 50331648 op, 204716769.50 ns, 4.0674 ns/op
WorkloadResult   5: 50331648 op, 204679863.50 ns, 4.0666 ns/op
WorkloadResult   6: 50331648 op, 204450003.50 ns, 4.0621 ns/op
WorkloadResult   7: 50331648 op, 204659305.50 ns, 4.0662 ns/op
WorkloadResult   8: 50331648 op, 205455539.50 ns, 4.0820 ns/op
WorkloadResult   9: 50331648 op, 205998697.50 ns, 4.0928 ns/op
WorkloadResult  10: 50331648 op, 205118972.50 ns, 4.0753 ns/op
WorkloadResult  11: 50331648 op, 204525094.50 ns, 4.0635 ns/op
// GC:  0 0 0 0 50331648
// Threading:  0 0 50331648

// AfterAll
// Benchmark Process 516645 has exited with code 0.

Mean = 4.073 ns, StdErr = 0.003 ns (0.09%), N = 11, StdDev = 0.012 ns
Min = 4.062 ns, Q1 = 4.066 ns, Median = 4.067 ns, Q3 = 4.079 ns, Max = 4.094 ns
IQR = 0.013 ns, LowerFence = 4.047 ns, UpperFence = 4.098 ns
ConfidenceInterval = [4.057 ns; 4.089 ns] (CI 99.9%), Margin = 0.016 ns (0.39% of Mean)
Skewness = 0.85, Kurtosis = 1.99, MValue = 2

// ** Remained 4 (66.7 %) benchmark(s) to run. Estimated finish 2026-09-10 18:03 (0h 0m from now) **
// **************************
// Benchmark: CombatBenchmarks.DynamicScalar: Jit(IterationCount=12, IterationTime=250ms, WarmupCount=16) [Pattern=Forward]
// *** Execute ***
// Launch: 1 / 1
// Execute: dotnet Alpha-Jit-1.dll --anonymousPipes 128 129 --benchmarkName "CombatBenchmarks.DynamicScalar(Pattern: Forward)" --job Jit --benchmarkId 2 in /home/i/Work/tl-v1-coordination-16-signed-seek-integration/benchmarks/Alpha/bin/Release/net10.0/Alpha-Jit-1/bin/Release/net10.0
// Failed to set up high priority (Permission denied). In order to run benchmarks with high priority, make sure you have the right permissions.
// BeforeAnythingElse

// Benchmark Process Environment Information:
// BenchmarkDotNet v0.15.8
// Runtime=.NET 10.0.12 (10.0.12, 10.0.1226.42308), X64 RyuJIT x86-64-v3
// GC=Concurrent Workstation
// HardwareIntrinsics=AVX2+BMI1+BMI2+F16C+FMA+LZCNT+MOVBE,AVX,SSE3+SSSE3+SSE4.1+SSE4.2+POPCNT,X86Base+SSE+SSE2,AES+PCLMUL,AvxVnni,SERIALIZE VectorSize=256
// Job: Jit(IterationCount=12, IterationTime=250ms, WarmupCount=16)

OverheadJitting  1: 65536 op, 101864.00 ns, 1.5543 ns/op
WorkloadJitting  1: 65536 op, 4897353.00 ns, 74.7277 ns/op

OverheadJitting  2: 1048576 op, 120372.00 ns, 0.1148 ns/op
WorkloadJitting  2: 1048576 op, 71864762.00 ns, 68.5356 ns/op

WorkloadPilot    1: 1048576 op, 71717268.00 ns, 68.3949 ns/op
WorkloadPilot    2: 4194304 op, 288600947.00 ns, 68.8078 ns/op

OverheadWarmup   1: 4194304 op, 462.00 ns, 0.0001 ns/op
OverheadWarmup   2: 4194304 op, 207.00 ns, 0.0000 ns/op
OverheadWarmup   3: 4194304 op, 158.00 ns, 0.0000 ns/op
OverheadWarmup   4: 4194304 op, 201.00 ns, 0.0000 ns/op
OverheadWarmup   5: 4194304 op, 235.00 ns, 0.0001 ns/op
OverheadWarmup   6: 4194304 op, 193.00 ns, 0.0000 ns/op
OverheadWarmup   7: 4194304 op, 212.00 ns, 0.0001 ns/op
OverheadWarmup   8: 4194304 op, 199.00 ns, 0.0000 ns/op

OverheadActual   1: 4194304 op, 348.00 ns, 0.0001 ns/op
OverheadActual   2: 4194304 op, 327.00 ns, 0.0001 ns/op
OverheadActual   3: 4194304 op, 336.00 ns, 0.0001 ns/op
OverheadActual   4: 4194304 op, 253.00 ns, 0.0001 ns/op
OverheadActual   5: 4194304 op, 334.00 ns, 0.0001 ns/op
OverheadActual   6: 4194304 op, 160.00 ns, 0.0000 ns/op
OverheadActual   7: 4194304 op, 162.00 ns, 0.0000 ns/op
OverheadActual   8: 4194304 op, 155.00 ns, 0.0000 ns/op
OverheadActual   9: 4194304 op, 148.00 ns, 0.0000 ns/op
OverheadActual  10: 4194304 op, 144.00 ns, 0.0000 ns/op
OverheadActual  11: 4194304 op, 191.00 ns, 0.0000 ns/op
OverheadActual  12: 4194304 op, 219.00 ns, 0.0001 ns/op
OverheadActual  13: 4194304 op, 218.00 ns, 0.0001 ns/op
OverheadActual  14: 4194304 op, 187.00 ns, 0.0000 ns/op
OverheadActual  15: 4194304 op, 214.00 ns, 0.0001 ns/op
OverheadActual  16: 4194304 op, 181.00 ns, 0.0000 ns/op
OverheadActual  17: 4194304 op, 181.00 ns, 0.0000 ns/op
OverheadActual  18: 4194304 op, 304.00 ns, 0.0001 ns/op
OverheadActual  19: 4194304 op, 231.00 ns, 0.0001 ns/op
OverheadActual  20: 4194304 op, 207.00 ns, 0.0000 ns/op

WorkloadWarmup   1: 4194304 op, 286493172.00 ns, 68.3053 ns/op
WorkloadWarmup   2: 4194304 op, 286290315.00 ns, 68.2569 ns/op
WorkloadWarmup   3: 4194304 op, 286795766.00 ns, 68.3774 ns/op
WorkloadWarmup   4: 4194304 op, 285730100.00 ns, 68.1234 ns/op
WorkloadWarmup   5: 4194304 op, 285651209.00 ns, 68.1046 ns/op
WorkloadWarmup   6: 4194304 op, 119840367.00 ns, 28.5722 ns/op
WorkloadWarmup   7: 4194304 op, 37197680.00 ns, 8.8686 ns/op
WorkloadWarmup   8: 4194304 op, 27141686.00 ns, 6.4711 ns/op
WorkloadWarmup   9: 4194304 op, 25908932.00 ns, 6.1772 ns/op
WorkloadWarmup  10: 4194304 op, 27465647.00 ns, 6.5483 ns/op
WorkloadWarmup  11: 4194304 op, 26418916.00 ns, 6.2988 ns/op
WorkloadWarmup  12: 4194304 op, 25638463.00 ns, 6.1127 ns/op
WorkloadWarmup  13: 4194304 op, 25423057.00 ns, 6.0613 ns/op
WorkloadWarmup  14: 4194304 op, 25475073.00 ns, 6.0737 ns/op
WorkloadWarmup  15: 4194304 op, 25406487.00 ns, 6.0574 ns/op
WorkloadWarmup  16: 4194304 op, 25331454.00 ns, 6.0395 ns/op

// BeforeActualRun
WorkloadActual   1: 4194304 op, 25453359.00 ns, 6.0686 ns/op
WorkloadActual   2: 4194304 op, 25346545.00 ns, 6.0431 ns/op
WorkloadActual   3: 4194304 op, 25296305.00 ns, 6.0311 ns/op
WorkloadActual   4: 4194304 op, 25384620.00 ns, 6.0522 ns/op
WorkloadActual   5: 4194304 op, 25279461.00 ns, 6.0271 ns/op
WorkloadActual   6: 4194304 op, 25330109.00 ns, 6.0392 ns/op
WorkloadActual   7: 4194304 op, 25372390.00 ns, 6.0492 ns/op
WorkloadActual   8: 4194304 op, 25302189.00 ns, 6.0325 ns/op
WorkloadActual   9: 4194304 op, 25314660.00 ns, 6.0355 ns/op
WorkloadActual  10: 4194304 op, 25285208.00 ns, 6.0285 ns/op
WorkloadActual  11: 4194304 op, 25386855.00 ns, 6.0527 ns/op
WorkloadActual  12: 4194304 op, 25326187.00 ns, 6.0382 ns/op

// AfterActualRun
WorkloadResult   1: 4194304 op, 25453148.50 ns, 6.0685 ns/op
WorkloadResult   2: 4194304 op, 25346334.50 ns, 6.0430 ns/op
WorkloadResult   3: 4194304 op, 25296094.50 ns, 6.0311 ns/op
WorkloadResult   4: 4194304 op, 25384409.50 ns, 6.0521 ns/op
WorkloadResult   5: 4194304 op, 25279250.50 ns, 6.0270 ns/op
WorkloadResult   6: 4194304 op, 25329898.50 ns, 6.0391 ns/op
WorkloadResult   7: 4194304 op, 25372179.50 ns, 6.0492 ns/op
WorkloadResult   8: 4194304 op, 25301978.50 ns, 6.0325 ns/op
WorkloadResult   9: 4194304 op, 25314449.50 ns, 6.0354 ns/op
WorkloadResult  10: 4194304 op, 25284997.50 ns, 6.0284 ns/op
WorkloadResult  11: 4194304 op, 25386644.50 ns, 6.0526 ns/op
WorkloadResult  12: 4194304 op, 25325976.50 ns, 6.0382 ns/op
// GC:  0 0 0 0 4194304
// Threading:  0 0 4194304

// AfterAll
// Benchmark Process 516687 has exited with code 0.

Mean = 6.041 ns, StdErr = 0.004 ns (0.06%), N = 12, StdDev = 0.012 ns
Min = 6.027 ns, Q1 = 6.032 ns, Median = 6.039 ns, Q3 = 6.050 ns, Max = 6.069 ns
IQR = 0.018 ns, LowerFence = 6.005 ns, UpperFence = 6.077 ns
ConfidenceInterval = [6.026 ns; 6.057 ns] (CI 99.9%), Margin = 0.016 ns (0.26% of Mean)
Skewness = 0.71, Kurtosis = 2.44, MValue = 2

// ** Remained 3 (50.0 %) benchmark(s) to run. Estimated finish 2026-09-10 18:03 (0h 0m from now) **
// **************************
// Benchmark: CombatBenchmarks.DirectScalar: Jit(IterationCount=12, IterationTime=250ms, WarmupCount=16) [Pattern=Alternating]
// *** Execute ***
// Launch: 1 / 1
// Execute: dotnet Alpha-Jit-1.dll --anonymousPipes 128 129 --benchmarkName "CombatBenchmarks.DirectScalar(Pattern: Alternating)" --job Jit --benchmarkId 3 in /home/i/Work/tl-v1-coordination-16-signed-seek-integration/benchmarks/Alpha/bin/Release/net10.0/Alpha-Jit-1/bin/Release/net10.0
// Failed to set up high priority (Permission denied). In order to run benchmarks with high priority, make sure you have the right permissions.
// BeforeAnythingElse

// Benchmark Process Environment Information:
// BenchmarkDotNet v0.15.8
// Runtime=.NET 10.0.12 (10.0.12, 10.0.1226.42308), X64 RyuJIT x86-64-v3
// GC=Concurrent Workstation
// HardwareIntrinsics=AVX2+BMI1+BMI2+F16C+FMA+LZCNT+MOVBE,AVX,SSE3+SSSE3+SSE4.1+SSE4.2+POPCNT,X86Base+SSE+SSE2,AES+PCLMUL,AvxVnni,SERIALIZE VectorSize=256
// Job: Jit(IterationCount=12, IterationTime=250ms, WarmupCount=16)

OverheadJitting  1: 65536 op, 97141.00 ns, 1.4823 ns/op
WorkloadJitting  1: 65536 op, 765605.00 ns, 11.6822 ns/op

OverheadJitting  2: 1048576 op, 133953.00 ns, 0.1277 ns/op
WorkloadJitting  2: 1048576 op, 13158200.00 ns, 12.5486 ns/op

WorkloadPilot    1: 1048576 op, 9876676.00 ns, 9.4191 ns/op
WorkloadPilot    2: 27262976 op, 254802171.00 ns, 9.3461 ns/op

OverheadWarmup   1: 27262976 op, 785.00 ns, 0.0000 ns/op
OverheadWarmup   2: 27262976 op, 647.00 ns, 0.0000 ns/op
OverheadWarmup   3: 27262976 op, 605.00 ns, 0.0000 ns/op
OverheadWarmup   4: 27262976 op, 607.00 ns, 0.0000 ns/op
OverheadWarmup   5: 27262976 op, 604.00 ns, 0.0000 ns/op
OverheadWarmup   6: 27262976 op, 594.00 ns, 0.0000 ns/op
OverheadWarmup   7: 27262976 op, 644.00 ns, 0.0000 ns/op
OverheadWarmup   8: 27262976 op, 610.00 ns, 0.0000 ns/op

OverheadActual   1: 27262976 op, 810.00 ns, 0.0000 ns/op
OverheadActual   2: 27262976 op, 801.00 ns, 0.0000 ns/op
OverheadActual   3: 27262976 op, 818.00 ns, 0.0000 ns/op
OverheadActual   4: 27262976 op, 636.00 ns, 0.0000 ns/op
OverheadActual   5: 27262976 op, 801.00 ns, 0.0000 ns/op
OverheadActual   6: 27262976 op, 674.00 ns, 0.0000 ns/op
OverheadActual   7: 27262976 op, 607.00 ns, 0.0000 ns/op
OverheadActual   8: 27262976 op, 602.00 ns, 0.0000 ns/op
OverheadActual   9: 27262976 op, 609.00 ns, 0.0000 ns/op
OverheadActual  10: 27262976 op, 603.00 ns, 0.0000 ns/op
OverheadActual  11: 27262976 op, 714.00 ns, 0.0000 ns/op
OverheadActual  12: 27262976 op, 624.00 ns, 0.0000 ns/op
OverheadActual  13: 27262976 op, 604.00 ns, 0.0000 ns/op
OverheadActual  14: 27262976 op, 625.00 ns, 0.0000 ns/op
OverheadActual  15: 27262976 op, 595.00 ns, 0.0000 ns/op
OverheadActual  16: 27262976 op, 618.00 ns, 0.0000 ns/op
OverheadActual  17: 27262976 op, 643.00 ns, 0.0000 ns/op
OverheadActual  18: 27262976 op, 736.00 ns, 0.0000 ns/op
OverheadActual  19: 27262976 op, 624.00 ns, 0.0000 ns/op
OverheadActual  20: 27262976 op, 611.00 ns, 0.0000 ns/op

WorkloadWarmup   1: 27262976 op, 254031750.00 ns, 9.3178 ns/op
WorkloadWarmup   2: 27262976 op, 254925462.00 ns, 9.3506 ns/op
WorkloadWarmup   3: 27262976 op, 254562501.00 ns, 9.3373 ns/op
WorkloadWarmup   4: 27262976 op, 254481469.00 ns, 9.3343 ns/op
WorkloadWarmup   5: 27262976 op, 254346268.00 ns, 9.3294 ns/op
WorkloadWarmup   6: 27262976 op, 254495146.00 ns, 9.3348 ns/op
WorkloadWarmup   7: 27262976 op, 230367797.00 ns, 8.4498 ns/op
WorkloadWarmup   8: 27262976 op, 206050221.00 ns, 7.5579 ns/op
WorkloadWarmup   9: 27262976 op, 207391237.00 ns, 7.6071 ns/op
WorkloadWarmup  10: 27262976 op, 206187260.00 ns, 7.5629 ns/op
WorkloadWarmup  11: 27262976 op, 207546634.00 ns, 7.6128 ns/op
WorkloadWarmup  12: 27262976 op, 207399200.00 ns, 7.6074 ns/op
WorkloadWarmup  13: 27262976 op, 206308117.00 ns, 7.5673 ns/op
WorkloadWarmup  14: 27262976 op, 207168032.00 ns, 7.5989 ns/op
WorkloadWarmup  15: 27262976 op, 208713187.00 ns, 7.6556 ns/op
WorkloadWarmup  16: 27262976 op, 206449141.00 ns, 7.5725 ns/op

// BeforeActualRun
WorkloadActual   1: 27262976 op, 205332235.00 ns, 7.5315 ns/op
WorkloadActual   2: 27262976 op, 205446742.00 ns, 7.5357 ns/op
WorkloadActual   3: 27262976 op, 206122920.00 ns, 7.5605 ns/op
WorkloadActual   4: 27262976 op, 205548615.00 ns, 7.5395 ns/op
WorkloadActual   5: 27262976 op, 205073663.00 ns, 7.5221 ns/op
WorkloadActual   6: 27262976 op, 205211629.00 ns, 7.5271 ns/op
WorkloadActual   7: 27262976 op, 205719193.00 ns, 7.5457 ns/op
WorkloadActual   8: 27262976 op, 205892070.00 ns, 7.5521 ns/op
WorkloadActual   9: 27262976 op, 226395209.00 ns, 8.3041 ns/op
WorkloadActual  10: 27262976 op, 207461130.00 ns, 7.6096 ns/op
WorkloadActual  11: 27262976 op, 205785060.00 ns, 7.5482 ns/op
WorkloadActual  12: 27262976 op, 205417623.00 ns, 7.5347 ns/op

// AfterActualRun
WorkloadResult   1: 27262976 op, 205331610.50 ns, 7.5315 ns/op
WorkloadResult   2: 27262976 op, 205446117.50 ns, 7.5357 ns/op
WorkloadResult   3: 27262976 op, 206122295.50 ns, 7.5605 ns/op
WorkloadResult   4: 27262976 op, 205547990.50 ns, 7.5395 ns/op
WorkloadResult   5: 27262976 op, 205073038.50 ns, 7.5220 ns/op
WorkloadResult   6: 27262976 op, 205211004.50 ns, 7.5271 ns/op
WorkloadResult   7: 27262976 op, 205718568.50 ns, 7.5457 ns/op
WorkloadResult   8: 27262976 op, 205891445.50 ns, 7.5521 ns/op
WorkloadResult   9: 27262976 op, 205784435.50 ns, 7.5481 ns/op
WorkloadResult  10: 27262976 op, 205416998.50 ns, 7.5347 ns/op
// GC:  0 0 0 0 27262976
// Threading:  0 0 27262976

// AfterAll
// Benchmark Process 516729 has exited with code 0.

Mean = 7.540 ns, StdErr = 0.004 ns (0.05%), N = 10, StdDev = 0.012 ns
Min = 7.522 ns, Q1 = 7.532 ns, Median = 7.538 ns, Q3 = 7.548 ns, Max = 7.561 ns
IQR = 0.015 ns, LowerFence = 7.509 ns, UpperFence = 7.570 ns
ConfidenceInterval = [7.522 ns; 7.558 ns] (CI 99.9%), Margin = 0.018 ns (0.24% of Mean)
Skewness = 0.21, Kurtosis = 1.73, MValue = 2

// ** Remained 2 (33.3 %) benchmark(s) to run. Estimated finish 2026-09-10 18:03 (0h 0m from now) **
// **************************
// Benchmark: CombatBenchmarks.TypedScalar: Jit(IterationCount=12, IterationTime=250ms, WarmupCount=16) [Pattern=Alternating]
// *** Execute ***
// Launch: 1 / 1
// Execute: dotnet Alpha-Jit-1.dll --anonymousPipes 128 129 --benchmarkName "CombatBenchmarks.TypedScalar(Pattern: Alternating)" --job Jit --benchmarkId 4 in /home/i/Work/tl-v1-coordination-16-signed-seek-integration/benchmarks/Alpha/bin/Release/net10.0/Alpha-Jit-1/bin/Release/net10.0
// Failed to set up high priority (Permission denied). In order to run benchmarks with high priority, make sure you have the right permissions.
// BeforeAnythingElse

// Benchmark Process Environment Information:
// BenchmarkDotNet v0.15.8
// Runtime=.NET 10.0.12 (10.0.12, 10.0.1226.42308), X64 RyuJIT x86-64-v3
// GC=Concurrent Workstation
// HardwareIntrinsics=AVX2+BMI1+BMI2+F16C+FMA+LZCNT+MOVBE,AVX,SSE3+SSSE3+SSE4.1+SSE4.2+POPCNT,X86Base+SSE+SSE2,AES+PCLMUL,AvxVnni,SERIALIZE VectorSize=256
// Job: Jit(IterationCount=12, IterationTime=250ms, WarmupCount=16)

OverheadJitting  1: 65536 op, 107917.00 ns, 1.6467 ns/op
WorkloadJitting  1: 65536 op, 754843.00 ns, 11.5180 ns/op

OverheadJitting  2: 1048576 op, 119105.00 ns, 0.1136 ns/op
WorkloadJitting  2: 1048576 op, 9417863.00 ns, 8.9816 ns/op

WorkloadPilot    1: 1048576 op, 9345068.00 ns, 8.9122 ns/op
WorkloadPilot    2: 28311552 op, 248874172.00 ns, 8.7906 ns/op
WorkloadPilot    3: 29360128 op, 257598717.00 ns, 8.7738 ns/op

OverheadWarmup   1: 29360128 op, 891.00 ns, 0.0000 ns/op
OverheadWarmup   2: 29360128 op, 637.00 ns, 0.0000 ns/op
OverheadWarmup   3: 29360128 op, 634.00 ns, 0.0000 ns/op
OverheadWarmup   4: 29360128 op, 657.00 ns, 0.0000 ns/op
OverheadWarmup   5: 29360128 op, 636.00 ns, 0.0000 ns/op
OverheadWarmup   6: 29360128 op, 661.00 ns, 0.0000 ns/op
OverheadWarmup   7: 29360128 op, 645.00 ns, 0.0000 ns/op

OverheadActual   1: 29360128 op, 818.00 ns, 0.0000 ns/op
OverheadActual   2: 29360128 op, 5105.00 ns, 0.0002 ns/op
OverheadActual   3: 29360128 op, 838.00 ns, 0.0000 ns/op
OverheadActual   4: 29360128 op, 700.00 ns, 0.0000 ns/op
OverheadActual   5: 29360128 op, 833.00 ns, 0.0000 ns/op
OverheadActual   6: 29360128 op, 655.00 ns, 0.0000 ns/op
OverheadActual   7: 29360128 op, 644.00 ns, 0.0000 ns/op
OverheadActual   8: 29360128 op, 629.00 ns, 0.0000 ns/op
OverheadActual   9: 29360128 op, 634.00 ns, 0.0000 ns/op
OverheadActual  10: 29360128 op, 650.00 ns, 0.0000 ns/op
OverheadActual  11: 29360128 op, 725.00 ns, 0.0000 ns/op
OverheadActual  12: 29360128 op, 658.00 ns, 0.0000 ns/op
OverheadActual  13: 29360128 op, 651.00 ns, 0.0000 ns/op
OverheadActual  14: 29360128 op, 654.00 ns, 0.0000 ns/op
OverheadActual  15: 29360128 op, 644.00 ns, 0.0000 ns/op
OverheadActual  16: 29360128 op, 651.00 ns, 0.0000 ns/op
OverheadActual  17: 29360128 op, 681.00 ns, 0.0000 ns/op
OverheadActual  18: 29360128 op, 819.00 ns, 0.0000 ns/op
OverheadActual  19: 29360128 op, 646.00 ns, 0.0000 ns/op
OverheadActual  20: 29360128 op, 691.00 ns, 0.0000 ns/op

WorkloadWarmup   1: 29360128 op, 257044274.00 ns, 8.7549 ns/op
WorkloadWarmup   2: 29360128 op, 273411712.00 ns, 9.3123 ns/op
WorkloadWarmup   3: 29360128 op, 258158597.00 ns, 8.7928 ns/op
WorkloadWarmup   4: 29360128 op, 257785878.00 ns, 8.7801 ns/op
WorkloadWarmup   5: 29360128 op, 257702674.00 ns, 8.7773 ns/op
WorkloadWarmup   6: 29360128 op, 267696626.00 ns, 9.1177 ns/op
WorkloadWarmup   7: 29360128 op, 226099027.00 ns, 7.7009 ns/op
WorkloadWarmup   8: 29360128 op, 227055739.00 ns, 7.7335 ns/op
WorkloadWarmup   9: 29360128 op, 226298806.00 ns, 7.7077 ns/op
WorkloadWarmup  10: 29360128 op, 227986551.00 ns, 7.7652 ns/op
WorkloadWarmup  11: 29360128 op, 227031381.00 ns, 7.7326 ns/op
WorkloadWarmup  12: 29360128 op, 225932173.00 ns, 7.6952 ns/op
WorkloadWarmup  13: 29360128 op, 225908684.00 ns, 7.6944 ns/op
WorkloadWarmup  14: 29360128 op, 225871206.00 ns, 7.6931 ns/op
WorkloadWarmup  15: 29360128 op, 226132066.00 ns, 7.7020 ns/op
WorkloadWarmup  16: 29360128 op, 225935649.00 ns, 7.6953 ns/op

// BeforeActualRun
WorkloadActual   1: 29360128 op, 225930620.00 ns, 7.6952 ns/op
WorkloadActual   2: 29360128 op, 225747806.00 ns, 7.6889 ns/op
WorkloadActual   3: 29360128 op, 226208361.00 ns, 7.7046 ns/op
WorkloadActual   4: 29360128 op, 225877961.00 ns, 7.6934 ns/op
WorkloadActual   5: 29360128 op, 225918524.00 ns, 7.6947 ns/op
WorkloadActual   6: 29360128 op, 246772478.00 ns, 8.4050 ns/op
WorkloadActual   7: 29360128 op, 232291861.00 ns, 7.9118 ns/op
WorkloadActual   8: 29360128 op, 226106355.00 ns, 7.7011 ns/op
WorkloadActual   9: 29360128 op, 230503808.00 ns, 7.8509 ns/op
WorkloadActual  10: 29360128 op, 225968430.00 ns, 7.6964 ns/op
WorkloadActual  11: 29360128 op, 228065801.00 ns, 7.7679 ns/op
WorkloadActual  12: 29360128 op, 226263950.00 ns, 7.7065 ns/op

// AfterActualRun
WorkloadResult   1: 29360128 op, 225929963.50 ns, 7.6951 ns/op
WorkloadResult   2: 29360128 op, 225747149.50 ns, 7.6889 ns/op
WorkloadResult   3: 29360128 op, 226207704.50 ns, 7.7046 ns/op
WorkloadResult   4: 29360128 op, 225877304.50 ns, 7.6933 ns/op
WorkloadResult   5: 29360128 op, 225917867.50 ns, 7.6947 ns/op
WorkloadResult   6: 29360128 op, 232291204.50 ns, 7.9118 ns/op
WorkloadResult   7: 29360128 op, 226105698.50 ns, 7.7011 ns/op
WorkloadResult   8: 29360128 op, 230503151.50 ns, 7.8509 ns/op
WorkloadResult   9: 29360128 op, 225967773.50 ns, 7.6964 ns/op
WorkloadResult  10: 29360128 op, 228065144.50 ns, 7.7679 ns/op
WorkloadResult  11: 29360128 op, 226263293.50 ns, 7.7065 ns/op
// GC:  0 0 0 0 29360128
// Threading:  0 0 29360128

// AfterAll
// Benchmark Process 516770 has exited with code 0.

Mean = 7.737 ns, StdErr = 0.023 ns (0.29%), N = 11, StdDev = 0.076 ns
Min = 7.689 ns, Q1 = 7.695 ns, Median = 7.701 ns, Q3 = 7.737 ns, Max = 7.912 ns
IQR = 0.042 ns, LowerFence = 7.632 ns, UpperFence = 7.801 ns
ConfidenceInterval = [7.633 ns; 7.842 ns] (CI 99.9%), Margin = 0.105 ns (1.35% of Mean)
Skewness = 1.32, Kurtosis = 3.1, MValue = 2

// ** Remained 1 (16.7 %) benchmark(s) to run. Estimated finish 2026-09-10 18:03 (0h 0m from now) **
// **************************
// Benchmark: CombatBenchmarks.DynamicScalar: Jit(IterationCount=12, IterationTime=250ms, WarmupCount=16) [Pattern=Alternating]
// *** Execute ***
// Launch: 1 / 1
// Execute: dotnet Alpha-Jit-1.dll --anonymousPipes 128 129 --benchmarkName "CombatBenchmarks.DynamicScalar(Pattern: Alternating)" --job Jit --benchmarkId 5 in /home/i/Work/tl-v1-coordination-16-signed-seek-integration/benchmarks/Alpha/bin/Release/net10.0/Alpha-Jit-1/bin/Release/net10.0
// Failed to set up high priority (Permission denied). In order to run benchmarks with high priority, make sure you have the right permissions.
// BeforeAnythingElse

// Benchmark Process Environment Information:
// BenchmarkDotNet v0.15.8
// Runtime=.NET 10.0.12 (10.0.12, 10.0.1226.42308), X64 RyuJIT x86-64-v3
// GC=Concurrent Workstation
// HardwareIntrinsics=AVX2+BMI1+BMI2+F16C+FMA+LZCNT+MOVBE,AVX,SSE3+SSSE3+SSE4.1+SSE4.2+POPCNT,X86Base+SSE+SSE2,AES+PCLMUL,AvxVnni,SERIALIZE VectorSize=256
// Job: Jit(IterationCount=12, IterationTime=250ms, WarmupCount=16)

OverheadJitting  1: 65536 op, 96949.00 ns, 1.4793 ns/op
WorkloadJitting  1: 65536 op, 4797791.00 ns, 73.2085 ns/op

OverheadJitting  2: 1048576 op, 124919.00 ns, 0.1191 ns/op
WorkloadJitting  2: 1048576 op, 73456154.00 ns, 70.0532 ns/op

WorkloadPilot    1: 1048576 op, 72945213.00 ns, 69.5660 ns/op
WorkloadPilot    2: 4194304 op, 290729793.00 ns, 69.3154 ns/op

OverheadWarmup   1: 4194304 op, 426.00 ns, 0.0001 ns/op
OverheadWarmup   2: 4194304 op, 4442.00 ns, 0.0011 ns/op
OverheadWarmup   3: 4194304 op, 143.00 ns, 0.0000 ns/op
OverheadWarmup   4: 4194304 op, 148.00 ns, 0.0000 ns/op
OverheadWarmup   5: 4194304 op, 167.00 ns, 0.0000 ns/op
OverheadWarmup   6: 4194304 op, 154.00 ns, 0.0000 ns/op

OverheadActual   1: 4194304 op, 400.00 ns, 0.0001 ns/op
OverheadActual   2: 4194304 op, 401.00 ns, 0.0001 ns/op
OverheadActual   3: 4194304 op, 446.00 ns, 0.0001 ns/op
OverheadActual   4: 4194304 op, 154.00 ns, 0.0000 ns/op
OverheadActual   5: 4194304 op, 290.00 ns, 0.0001 ns/op
OverheadActual   6: 4194304 op, 186.00 ns, 0.0000 ns/op
OverheadActual   7: 4194304 op, 148.00 ns, 0.0000 ns/op
OverheadActual   8: 4194304 op, 141.00 ns, 0.0000 ns/op
OverheadActual   9: 4194304 op, 141.00 ns, 0.0000 ns/op
OverheadActual  10: 4194304 op, 142.00 ns, 0.0000 ns/op
OverheadActual  11: 4194304 op, 176.00 ns, 0.0000 ns/op
OverheadActual  12: 4194304 op, 143.00 ns, 0.0000 ns/op
OverheadActual  13: 4194304 op, 145.00 ns, 0.0000 ns/op
OverheadActual  14: 4194304 op, 135.00 ns, 0.0000 ns/op
OverheadActual  15: 4194304 op, 137.00 ns, 0.0000 ns/op
OverheadActual  16: 4194304 op, 168.00 ns, 0.0000 ns/op
OverheadActual  17: 4194304 op, 136.00 ns, 0.0000 ns/op
OverheadActual  18: 4194304 op, 336.00 ns, 0.0001 ns/op
OverheadActual  19: 4194304 op, 185.00 ns, 0.0000 ns/op
OverheadActual  20: 4194304 op, 159.00 ns, 0.0000 ns/op

WorkloadWarmup   1: 4194304 op, 290393550.00 ns, 69.2352 ns/op
WorkloadWarmup   2: 4194304 op, 292064091.00 ns, 69.6335 ns/op
WorkloadWarmup   3: 4194304 op, 290207599.00 ns, 69.1909 ns/op
WorkloadWarmup   4: 4194304 op, 290401313.00 ns, 69.2371 ns/op
WorkloadWarmup   5: 4194304 op, 293726041.00 ns, 70.0297 ns/op
WorkloadWarmup   6: 4194304 op, 121991830.00 ns, 29.0851 ns/op
WorkloadWarmup   7: 4194304 op, 85937402.00 ns, 20.4891 ns/op
WorkloadWarmup   8: 4194304 op, 86096805.00 ns, 20.5271 ns/op
WorkloadWarmup   9: 4194304 op, 85432655.00 ns, 20.3687 ns/op
WorkloadWarmup  10: 4194304 op, 87086103.00 ns, 20.7629 ns/op
WorkloadWarmup  11: 4194304 op, 86248734.00 ns, 20.5633 ns/op
WorkloadWarmup  12: 4194304 op, 85710029.00 ns, 20.4349 ns/op
WorkloadWarmup  13: 4194304 op, 85103351.00 ns, 20.2902 ns/op
WorkloadWarmup  14: 4194304 op, 85063226.00 ns, 20.2807 ns/op
WorkloadWarmup  15: 4194304 op, 84982246.00 ns, 20.2613 ns/op
WorkloadWarmup  16: 4194304 op, 84991666.00 ns, 20.2636 ns/op

// BeforeActualRun
WorkloadActual   1: 4194304 op, 84912398.00 ns, 20.2447 ns/op
WorkloadActual   2: 4194304 op, 84999250.00 ns, 20.2654 ns/op
WorkloadActual   3: 4194304 op, 84982304.00 ns, 20.2614 ns/op
WorkloadActual   4: 4194304 op, 84919135.00 ns, 20.2463 ns/op
WorkloadActual   5: 4194304 op, 84900350.00 ns, 20.2418 ns/op
WorkloadActual   6: 4194304 op, 85279071.00 ns, 20.3321 ns/op
WorkloadActual   7: 4194304 op, 85025713.00 ns, 20.2717 ns/op
WorkloadActual   8: 4194304 op, 85073571.00 ns, 20.2831 ns/op
WorkloadActual   9: 4194304 op, 85020229.00 ns, 20.2704 ns/op
WorkloadActual  10: 4194304 op, 85237945.00 ns, 20.3223 ns/op
WorkloadActual  11: 4194304 op, 84959333.00 ns, 20.2559 ns/op
WorkloadActual  12: 4194304 op, 84961085.00 ns, 20.2563 ns/op

// AfterActualRun
WorkloadResult   1: 4194304 op, 84912241.50 ns, 20.2447 ns/op
WorkloadResult   2: 4194304 op, 84999093.50 ns, 20.2654 ns/op
WorkloadResult   3: 4194304 op, 84982147.50 ns, 20.2613 ns/op
WorkloadResult   4: 4194304 op, 84918978.50 ns, 20.2463 ns/op
WorkloadResult   5: 4194304 op, 84900193.50 ns, 20.2418 ns/op
WorkloadResult   6: 4194304 op, 85025556.50 ns, 20.2717 ns/op
WorkloadResult   7: 4194304 op, 85073414.50 ns, 20.2831 ns/op
WorkloadResult   8: 4194304 op, 85020072.50 ns, 20.2704 ns/op
WorkloadResult   9: 4194304 op, 84959176.50 ns, 20.2558 ns/op
WorkloadResult  10: 4194304 op, 84960928.50 ns, 20.2563 ns/op
// GC:  0 0 0 0 4194304
// Threading:  0 0 4194304

// AfterAll
// Benchmark Process 516855 has exited with code 0.

Mean = 20.260 ns, StdErr = 0.004 ns (0.02%), N = 10, StdDev = 0.013 ns
Min = 20.242 ns, Q1 = 20.249 ns, Median = 20.259 ns, Q3 = 20.269 ns, Max = 20.283 ns
IQR = 0.020 ns, LowerFence = 20.218 ns, UpperFence = 20.300 ns
ConfidenceInterval = [20.240 ns; 20.280 ns] (CI 99.9%), Margin = 0.020 ns (0.10% of Mean)
Skewness = 0.19, Kurtosis = 1.66, MValue = 2

// ** Remained 0 (0.0 %) benchmark(s) to run. Estimated finish 2026-09-10 18:03 (0h 0m from now) **
// ***** BenchmarkRunner: Finish  *****

// * Export *
  tmp/tl16-rebased-combat-r3/results/CombatBenchmarks-report.csv
  tmp/tl16-rebased-combat-r3/results/CombatBenchmarks-report-github.md
  tmp/tl16-rebased-combat-r3/results/CombatBenchmarks-report.html
  tmp/tl16-rebased-combat-r3/results/CombatBenchmarks-report-full.json

// * Detailed results *
CombatBenchmarks.DirectScalar: Jit(IterationCount=12, IterationTime=250ms, WarmupCount=16) [Pattern=Forward]
Runtime = .NET 10.0.12 (10.0.12, 10.0.1226.42308), X64 RyuJIT x86-64-v3; GC = Concurrent Workstation
Mean = 3.775 ns, StdErr = 0.010 ns (0.25%), N = 10, StdDev = 0.030 ns
Min = 3.721 ns, Q1 = 3.753 ns, Median = 3.778 ns, Q3 = 3.794 ns, Max = 3.818 ns
IQR = 0.041 ns, LowerFence = 3.692 ns, UpperFence = 3.855 ns
ConfidenceInterval = [3.729 ns; 3.821 ns] (CI 99.9%), Margin = 0.046 ns (1.22% of Mean)
Skewness = -0.24, Kurtosis = 1.69, MValue = 2
-------------------- Histogram --------------------
[3.703 ns ; 3.837 ns) | @@@@@@@@@@
---------------------------------------------------

CombatBenchmarks.TypedScalar: Jit(IterationCount=12, IterationTime=250ms, WarmupCount=16) [Pattern=Forward]
Runtime = .NET 10.0.12 (10.0.12, 10.0.1226.42308), X64 RyuJIT x86-64-v3; GC = Concurrent Workstation
Mean = 4.073 ns, StdErr = 0.003 ns (0.09%), N = 11, StdDev = 0.012 ns
Min = 4.062 ns, Q1 = 4.066 ns, Median = 4.067 ns, Q3 = 4.079 ns, Max = 4.094 ns
IQR = 0.013 ns, LowerFence = 4.047 ns, UpperFence = 4.098 ns
ConfidenceInterval = [4.057 ns; 4.089 ns] (CI 99.9%), Margin = 0.016 ns (0.39% of Mean)
Skewness = 0.85, Kurtosis = 1.99, MValue = 2
-------------------- Histogram --------------------
[4.055 ns ; 4.101 ns) | @@@@@@@@@@@
---------------------------------------------------

CombatBenchmarks.DynamicScalar: Jit(IterationCount=12, IterationTime=250ms, WarmupCount=16) [Pattern=Forward]
Runtime = .NET 10.0.12 (10.0.12, 10.0.1226.42308), X64 RyuJIT x86-64-v3; GC = Concurrent Workstation
Mean = 6.041 ns, StdErr = 0.004 ns (0.06%), N = 12, StdDev = 0.012 ns
Min = 6.027 ns, Q1 = 6.032 ns, Median = 6.039 ns, Q3 = 6.050 ns, Max = 6.069 ns
IQR = 0.018 ns, LowerFence = 6.005 ns, UpperFence = 6.077 ns
ConfidenceInterval = [6.026 ns; 6.057 ns] (CI 99.9%), Margin = 0.016 ns (0.26% of Mean)
Skewness = 0.71, Kurtosis = 2.44, MValue = 2
-------------------- Histogram --------------------
[6.020 ns ; 6.076 ns) | @@@@@@@@@@@@
---------------------------------------------------

CombatBenchmarks.DirectScalar: Jit(IterationCount=12, IterationTime=250ms, WarmupCount=16) [Pattern=Alternating]
Runtime = .NET 10.0.12 (10.0.12, 10.0.1226.42308), X64 RyuJIT x86-64-v3; GC = Concurrent Workstation
Mean = 7.540 ns, StdErr = 0.004 ns (0.05%), N = 10, StdDev = 0.012 ns
Min = 7.522 ns, Q1 = 7.532 ns, Median = 7.538 ns, Q3 = 7.548 ns, Max = 7.561 ns
IQR = 0.015 ns, LowerFence = 7.509 ns, UpperFence = 7.570 ns
ConfidenceInterval = [7.522 ns; 7.558 ns] (CI 99.9%), Margin = 0.018 ns (0.24% of Mean)
Skewness = 0.21, Kurtosis = 1.73, MValue = 2
-------------------- Histogram --------------------
[7.515 ns ; 7.568 ns) | @@@@@@@@@@
---------------------------------------------------

CombatBenchmarks.TypedScalar: Jit(IterationCount=12, IterationTime=250ms, WarmupCount=16) [Pattern=Alternating]
Runtime = .NET 10.0.12 (10.0.12, 10.0.1226.42308), X64 RyuJIT x86-64-v3; GC = Concurrent Workstation
Mean = 7.737 ns, StdErr = 0.023 ns (0.29%), N = 11, StdDev = 0.076 ns
Min = 7.689 ns, Q1 = 7.695 ns, Median = 7.701 ns, Q3 = 7.737 ns, Max = 7.912 ns
IQR = 0.042 ns, LowerFence = 7.632 ns, UpperFence = 7.801 ns
ConfidenceInterval = [7.633 ns; 7.842 ns] (CI 99.9%), Margin = 0.105 ns (1.35% of Mean)
Skewness = 1.32, Kurtosis = 3.1, MValue = 2
-------------------- Histogram --------------------
[7.644 ns ; 7.957 ns) | @@@@@@@@@@@
---------------------------------------------------

CombatBenchmarks.DynamicScalar: Jit(IterationCount=12, IterationTime=250ms, WarmupCount=16) [Pattern=Alternating]
Runtime = .NET 10.0.12 (10.0.12, 10.0.1226.42308), X64 RyuJIT x86-64-v3; GC = Concurrent Workstation
Mean = 20.260 ns, StdErr = 0.004 ns (0.02%), N = 10, StdDev = 0.013 ns
Min = 20.242 ns, Q1 = 20.249 ns, Median = 20.259 ns, Q3 = 20.269 ns, Max = 20.283 ns
IQR = 0.020 ns, LowerFence = 20.218 ns, UpperFence = 20.300 ns
ConfidenceInterval = [20.240 ns; 20.280 ns] (CI 99.9%), Margin = 0.020 ns (0.10% of Mean)
Skewness = 0.19, Kurtosis = 1.66, MValue = 2
-------------------- Histogram --------------------
[20.234 ns ; 20.291 ns) | @@@@@@@@@@
---------------------------------------------------

// * Summary *

BenchmarkDotNet v0.15.8, Linux Omarchy
Intel Core i9-14900K 0.80GHz, 1 CPU, 32 logical and 24 physical cores
.NET SDK 10.0.401
  [Host] : .NET 10.0.12 (10.0.12, 10.0.1226.42308), X64 RyuJIT x86-64-v3
  Jit    : .NET 10.0.12 (10.0.12, 10.0.1226.42308), X64 RyuJIT x86-64-v3

Job=Jit  IterationCount=12  IterationTime=250ms  
WarmupCount=16  

| Method        | Pattern     | Mean      | Error     | StdDev    | Median    | Ratio | Allocated | Alloc Ratio |
|-------------- |------------ |----------:|----------:|----------:|----------:|------:|----------:|------------:|
| DirectScalar  | Forward     |  3.775 ns | 0.0459 ns | 0.0304 ns |  3.778 ns |  1.00 |         - |          NA |
| TypedScalar   | Forward     |  4.073 ns | 0.0160 ns | 0.0116 ns |  4.067 ns |  1.08 |         - |          NA |
| DynamicScalar | Forward     |  6.041 ns | 0.0157 ns | 0.0123 ns |  6.039 ns |  1.60 |         - |          NA |
|               |             |           |           |           |           |       |           |             |
| DirectScalar  | Alternating |  7.540 ns | 0.0180 ns | 0.0119 ns |  7.538 ns |  1.00 |         - |          NA |
| TypedScalar   | Alternating |  7.737 ns | 0.1046 ns | 0.0756 ns |  7.701 ns |  1.03 |         - |          NA |
| DynamicScalar | Alternating | 20.260 ns | 0.0201 ns | 0.0133 ns | 20.259 ns |  2.69 |         - |          NA |

// * Warnings *
MinIterationTime
  CombatBenchmarks.DynamicScalar: Jit -> The minimum observed iteration time is 25.279ms which is very small. It's recommended to increase it to at least 100ms using more operations.
  CombatBenchmarks.DynamicScalar: Jit -> The minimum observed iteration time is 84.9ms which is very small. It's recommended to increase it to at least 100ms using more operations.

// * Hints *
Outliers
  CombatBenchmarks.DirectScalar: Jit  -> 2 outliers were removed (4.29 ns, 5.07 ns)
  CombatBenchmarks.TypedScalar: Jit   -> 1 outlier  was  removed (4.49 ns)
  CombatBenchmarks.DirectScalar: Jit  -> 2 outliers were removed (7.61 ns, 8.30 ns)
  CombatBenchmarks.TypedScalar: Jit   -> 1 outlier  was  removed (8.41 ns)
  CombatBenchmarks.DynamicScalar: Jit -> 2 outliers were removed (20.32 ns, 20.33 ns)

// * Legends *
  Pattern     : Value of the 'Pattern' parameter
  Mean        : Arithmetic mean of all measurements
  Error       : Half of 99.9% confidence interval
  StdDev      : Standard deviation of all measurements
  Median      : Value separating the higher half of all measurements (50th percentile)
  Ratio       : Mean of the ratio distribution ([Current]/[Baseline])
  Allocated   : Allocated memory per single operation (managed only, inclusive, 1KB = 1024B)
  Alloc Ratio : Allocated memory ratio distribution ([Current]/[Baseline])
  1 ns        : 1 Nanosecond (0.000000001 sec)

// * Diagnostic Output - MemoryDiagnoser *


// ***** BenchmarkRunner: End *****
Run time: 00:00:34 (34.14 sec), executed benchmarks: 6

Global total time: 00:00:40 (40.28 sec), executed benchmarks: 6
// * Artifacts cleanup *
Artifacts cleanup is finished
