// Validating benchmarks:
// ***** BenchmarkRunner: Start   *****
// ***** Found 8 benchmark(s) in total *****
// ***** Building 2 exe(s) in Parallel: Start   *****
// ***** Done, took 00:00:03 (3.54 sec)   *****
// Found 8 benchmarks:
//   PairHandleBenchmarks.Advance: Job-TZECNT(IterationCount=16, IterationTime=200ms, WarmupCount=8) [Shape=LaneUniform]
//   PairHandleBenchmarks.Advance: InProcess(Toolchain=InProcessEmitToolchain) [Shape=LaneUniform]
//   PairHandleBenchmarks.Advance: Job-TZECNT(IterationCount=16, IterationTime=200ms, WarmupCount=8) [Shape=PairOne]
//   PairHandleBenchmarks.Advance: InProcess(Toolchain=InProcessEmitToolchain) [Shape=PairOne]
//   PairHandleBenchmarks.Advance: Job-TZECNT(IterationCount=16, IterationTime=200ms, WarmupCount=8) [Shape=PairRuns8]
//   PairHandleBenchmarks.Advance: InProcess(Toolchain=InProcessEmitToolchain) [Shape=PairRuns8]
//   PairHandleBenchmarks.Advance: Job-TZECNT(IterationCount=16, IterationTime=200ms, WarmupCount=8) [Shape=PairAlternating8]
//   PairHandleBenchmarks.Advance: InProcess(Toolchain=InProcessEmitToolchain) [Shape=PairAlternating8]

// **************************
// Benchmark: PairHandleBenchmarks.Advance: Job-TZECNT(IterationCount=16, IterationTime=200ms, WarmupCount=8) [Shape=LaneUniform]
// *** Execute ***
// Launch: 1 / 1
// Execute: dotnet PairHandles-Job-TZECNT-1.dll --anonymousPipes 135 136 --benchmarkName "Tl.PairHandlesProbe.PairHandleBenchmarks.Advance(Shape: LaneUniform)" --job "IterationCount=16, IterationTime=200ms, WarmupCount=8" --benchmarkId 0 in /home/i/GitHub/tl-perf167/benchmarks/PairHandles/bin/Release/net10.0/PairHandles-Job-TZECNT-1/bin/Release/net10.0
// Failed to set up high priority (Permission denied). In order to run benchmarks with high priority, make sure you have the right permissions.
// BeforeAnythingElse

// Benchmark Process Environment Information:
// BenchmarkDotNet v0.15.8
// Runtime=.NET 10.0.12 (10.0.12, 10.0.1226.42308), X64 RyuJIT x86-64-v3
// GC=Concurrent Workstation
// HardwareIntrinsics=AVX2+BMI1+BMI2+F16C+FMA+LZCNT+MOVBE,AVX,SSE3+SSSE3+SSE4.1+SSE4.2+POPCNT,X86Base+SSE+SSE2,AES+PCLMUL,AvxVnni,SERIALIZE VectorSize=256
// Job: Job-TZECNT(IterationCount=16, IterationTime=200ms, WarmupCount=8)

OverheadJitting  1: 1 op, 77156.00 ns, 77.1560 us/op
WorkloadJitting  1: 1 op, 2598512.00 ns, 2.5985 ms/op

OverheadJitting  2: 16 op, 121838.00 ns, 7.6149 us/op
WorkloadJitting  2: 16 op, 591544.00 ns, 36.9715 us/op

WorkloadPilot    1: 16 op, 444209.00 ns, 27.7631 us/op
WorkloadPilot    2: 7216 op, 163247422.00 ns, 22.6230 us/op
WorkloadPilot    3: 8848 op, 181697309.00 ns, 20.5354 us/op
WorkloadPilot    4: 9744 op, 186710975.00 ns, 19.1616 us/op
WorkloadPilot    5: 10448 op, 180043219.00 ns, 17.2323 us/op
WorkloadPilot    6: 11616 op, 187070711.00 ns, 16.1046 us/op
WorkloadPilot    7: 12432 op, 233438826.00 ns, 18.7773 us/op
WorkloadPilot    8: 10656 op, 170389875.00 ns, 15.9900 us/op
WorkloadPilot    9: 12512 op, 200404774.00 ns, 16.0170 us/op
WorkloadPilot   10: 12496 op, 200275899.00 ns, 16.0272 us/op

OverheadWarmup   1: 12496 op, 22485.00 ns, 1.7994 ns/op
OverheadWarmup   2: 12496 op, 33524.00 ns, 2.6828 ns/op
OverheadWarmup   3: 12496 op, 21045.00 ns, 1.6841 ns/op
OverheadWarmup   4: 12496 op, 20972.00 ns, 1.6783 ns/op
OverheadWarmup   5: 12496 op, 20944.00 ns, 1.6761 ns/op
OverheadWarmup   6: 12496 op, 21600.00 ns, 1.7286 ns/op
OverheadWarmup   7: 12496 op, 20968.00 ns, 1.6780 ns/op

OverheadActual   1: 12496 op, 21427.00 ns, 1.7147 ns/op
OverheadActual   2: 12496 op, 21567.00 ns, 1.7259 ns/op
OverheadActual   3: 12496 op, 21567.00 ns, 1.7259 ns/op
OverheadActual   4: 12496 op, 21747.00 ns, 1.7403 ns/op
OverheadActual   5: 12496 op, 21306.00 ns, 1.7050 ns/op
OverheadActual   6: 12496 op, 21148.00 ns, 1.6924 ns/op
OverheadActual   7: 12496 op, 21021.00 ns, 1.6822 ns/op
OverheadActual   8: 12496 op, 21003.00 ns, 1.6808 ns/op
OverheadActual   9: 12496 op, 21406.00 ns, 1.7130 ns/op
OverheadActual  10: 12496 op, 20947.00 ns, 1.6763 ns/op
OverheadActual  11: 12496 op, 21007.00 ns, 1.6811 ns/op
OverheadActual  12: 12496 op, 21014.00 ns, 1.6817 ns/op
OverheadActual  13: 12496 op, 21018.00 ns, 1.6820 ns/op
OverheadActual  14: 12496 op, 21280.00 ns, 1.7029 ns/op
OverheadActual  15: 12496 op, 21038.00 ns, 1.6836 ns/op

WorkloadWarmup   1: 12496 op, 199864980.00 ns, 15.9943 us/op
WorkloadWarmup   2: 12496 op, 199641656.00 ns, 15.9764 us/op
WorkloadWarmup   3: 12496 op, 199873683.00 ns, 15.9950 us/op
WorkloadWarmup   4: 12496 op, 199683503.00 ns, 15.9798 us/op
WorkloadWarmup   5: 12496 op, 199713565.00 ns, 15.9822 us/op
WorkloadWarmup   6: 12496 op, 226410301.00 ns, 18.1186 us/op
WorkloadWarmup   7: 12496 op, 202451358.00 ns, 16.2013 us/op
WorkloadWarmup   8: 12496 op, 222226783.00 ns, 17.7838 us/op

// BeforeActualRun
WorkloadActual   1: 12496 op, 223982902.00 ns, 17.9244 us/op
WorkloadActual   2: 12496 op, 240913866.00 ns, 19.2793 us/op
WorkloadActual   3: 12496 op, 240876855.00 ns, 19.2763 us/op
WorkloadActual   4: 12496 op, 240088302.00 ns, 19.2132 us/op
WorkloadActual   5: 12496 op, 199584460.00 ns, 15.9719 us/op
WorkloadActual   6: 12496 op, 199732492.00 ns, 15.9837 us/op
WorkloadActual   7: 12496 op, 199675705.00 ns, 15.9792 us/op
WorkloadActual   8: 12496 op, 199917452.00 ns, 15.9985 us/op
WorkloadActual   9: 12496 op, 199802857.00 ns, 15.9893 us/op
WorkloadActual  10: 12496 op, 199747183.00 ns, 15.9849 us/op
WorkloadActual  11: 12496 op, 199616089.00 ns, 15.9744 us/op
WorkloadActual  12: 12496 op, 199318294.00 ns, 15.9506 us/op
WorkloadActual  13: 12496 op, 199959593.00 ns, 16.0019 us/op
WorkloadActual  14: 12496 op, 199739000.00 ns, 15.9842 us/op
WorkloadActual  15: 12496 op, 199484083.00 ns, 15.9638 us/op
WorkloadActual  16: 12496 op, 200130007.00 ns, 16.0155 us/op

// AfterActualRun
WorkloadResult   1: 12496 op, 199563312.00 ns, 15.9702 us/op
WorkloadResult   2: 12496 op, 199711344.00 ns, 15.9820 us/op
WorkloadResult   3: 12496 op, 199654557.00 ns, 15.9775 us/op
WorkloadResult   4: 12496 op, 199896304.00 ns, 15.9968 us/op
WorkloadResult   5: 12496 op, 199781709.00 ns, 15.9877 us/op
WorkloadResult   6: 12496 op, 199726035.00 ns, 15.9832 us/op
WorkloadResult   7: 12496 op, 199594941.00 ns, 15.9727 us/op
WorkloadResult   8: 12496 op, 199297146.00 ns, 15.9489 us/op
WorkloadResult   9: 12496 op, 199938445.00 ns, 16.0002 us/op
WorkloadResult  10: 12496 op, 199717852.00 ns, 15.9825 us/op
WorkloadResult  11: 12496 op, 199462935.00 ns, 15.9621 us/op
WorkloadResult  12: 12496 op, 200108859.00 ns, 16.0138 us/op
// GC:  0 0 0 0 12496
// Threading:  0 0 12496

// AfterAll
// Benchmark Process 50879 has exited with code 0.

Mean = 15.981 μs, StdErr = 0.005 μs (0.03%), N = 12, StdDev = 0.017 μs
Min = 15.949 μs, Q1 = 15.972 μs, Median = 15.982 μs, Q3 = 15.990 μs, Max = 16.014 μs
IQR = 0.018 μs, LowerFence = 15.945 μs, UpperFence = 16.017 μs
ConfidenceInterval = [15.959 μs; 16.004 μs] (CI 99.9%), Margin = 0.022 μs (0.14% of Mean)
Skewness = 0, Kurtosis = 2.33, MValue = 2

// ** Remained 7 (87.5 %) benchmark(s) to run. Estimated finish 2026-09-17 23:17 (0h 0m from now) **
// **************************
// Benchmark: PairHandleBenchmarks.Advance: InProcess(Toolchain=InProcessEmitToolchain) [Shape=LaneUniform]
// *** Execute ***
// Launch: 1 / 1
// ! Failed to set up priority High for process System.Diagnostics.Process (PairHandles). Make sure you have the right permissions. Message: Permission denied

// Benchmark Process Environment Information:
// BenchmarkDotNet v0.15.8
// Runtime=.NET 10.0.12 (10.0.12, 10.0.1226.42308), X64 RyuJIT x86-64-v3
// GC=Concurrent Workstation
// HardwareIntrinsics=AVX2+BMI1+BMI2+F16C+FMA+LZCNT+MOVBE,AVX,SSE3+SSSE3+SSE4.1+SSE4.2+POPCNT,X86Base+SSE+SSE2,AES+PCLMUL,AvxVnni,SERIALIZE VectorSize=256
// Job: Job-JWQWGO(Toolchain=InProcessEmitToolchain)

OverheadJitting  1: 1 op, 78780.00 ns, 78.7800 us/op
WorkloadJitting  1: 1 op, 1469528.00 ns, 1.4695 ms/op

OverheadJitting  2: 16 op, 109755.00 ns, 6.8597 us/op
WorkloadJitting  2: 16 op, 595501.00 ns, 37.2188 us/op

WorkloadPilot    1: 16 op, 404030.00 ns, 25.2519 us/op
WorkloadPilot    2: 32 op, 770565.00 ns, 24.0802 us/op
WorkloadPilot    3: 64 op, 1458949.00 ns, 22.7961 us/op
WorkloadPilot    4: 128 op, 2861036.00 ns, 22.3518 us/op
WorkloadPilot    5: 256 op, 5676001.00 ns, 22.1719 us/op
WorkloadPilot    6: 512 op, 11333820.00 ns, 22.1364 us/op
WorkloadPilot    7: 1024 op, 22303363.00 ns, 21.7806 us/op
WorkloadPilot    8: 2048 op, 45066547.00 ns, 22.0051 us/op
WorkloadPilot    9: 4096 op, 89132942.00 ns, 21.7610 us/op
WorkloadPilot   10: 8192 op, 163114102.00 ns, 19.9114 us/op
WorkloadPilot   11: 16384 op, 256132477.00 ns, 15.6331 us/op
WorkloadPilot   12: 32768 op, 513444144.00 ns, 15.6691 us/op

OverheadWarmup   1: 32768 op, 44833.00 ns, 1.3682 ns/op
OverheadWarmup   2: 32768 op, 44461.00 ns, 1.3568 ns/op
OverheadWarmup   3: 32768 op, 42888.00 ns, 1.3088 ns/op
OverheadWarmup   4: 32768 op, 42862.00 ns, 1.3080 ns/op
OverheadWarmup   5: 32768 op, 43652.00 ns, 1.3322 ns/op
OverheadWarmup   6: 32768 op, 43657.00 ns, 1.3323 ns/op
OverheadWarmup   7: 32768 op, 46346.00 ns, 1.4144 ns/op
OverheadWarmup   8: 32768 op, 43624.00 ns, 1.3313 ns/op
OverheadWarmup   9: 32768 op, 43632.00 ns, 1.3315 ns/op
OverheadWarmup  10: 32768 op, 43649.00 ns, 1.3321 ns/op

OverheadActual   1: 32768 op, 43851.00 ns, 1.3382 ns/op
OverheadActual   2: 32768 op, 44941.00 ns, 1.3715 ns/op
OverheadActual   3: 32768 op, 43027.00 ns, 1.3131 ns/op
OverheadActual   4: 32768 op, 42951.00 ns, 1.3108 ns/op
OverheadActual   5: 32768 op, 43008.00 ns, 1.3125 ns/op
OverheadActual   6: 32768 op, 42909.00 ns, 1.3095 ns/op
OverheadActual   7: 32768 op, 42879.00 ns, 1.3086 ns/op
OverheadActual   8: 32768 op, 42821.00 ns, 1.3068 ns/op
OverheadActual   9: 32768 op, 43593.00 ns, 1.3304 ns/op
OverheadActual  10: 32768 op, 43634.00 ns, 1.3316 ns/op
OverheadActual  11: 32768 op, 44470.00 ns, 1.3571 ns/op
OverheadActual  12: 32768 op, 44456.00 ns, 1.3567 ns/op
OverheadActual  13: 32768 op, 44421.00 ns, 1.3556 ns/op
OverheadActual  14: 32768 op, 43697.00 ns, 1.3335 ns/op
OverheadActual  15: 32768 op, 43634.00 ns, 1.3316 ns/op

WorkloadWarmup   1: 32768 op, 528318673.00 ns, 16.1230 us/op
WorkloadWarmup   2: 32768 op, 515519792.00 ns, 15.7324 us/op
WorkloadWarmup   3: 32768 op, 513226867.00 ns, 15.6624 us/op
WorkloadWarmup   4: 32768 op, 511169012.00 ns, 15.5996 us/op
WorkloadWarmup   5: 32768 op, 517774838.00 ns, 15.8012 us/op
WorkloadWarmup   6: 32768 op, 513750034.00 ns, 15.6784 us/op
WorkloadWarmup   7: 32768 op, 512618169.00 ns, 15.6439 us/op
WorkloadWarmup   8: 32768 op, 512322049.00 ns, 15.6348 us/op
WorkloadWarmup   9: 32768 op, 512404001.00 ns, 15.6373 us/op
WorkloadWarmup  10: 32768 op, 554675234.00 ns, 16.9273 us/op
WorkloadWarmup  11: 32768 op, 527430660.00 ns, 16.0959 us/op

WorkloadActual   1: 32768 op, 510886029.00 ns, 15.5910 us/op
WorkloadActual   2: 32768 op, 554179438.00 ns, 16.9122 us/op
WorkloadActual   3: 32768 op, 512677241.00 ns, 15.6457 us/op
WorkloadActual   4: 32768 op, 541358518.00 ns, 16.5210 us/op
WorkloadActual   5: 32768 op, 515660937.00 ns, 15.7367 us/op
WorkloadActual   6: 32768 op, 515963392.00 ns, 15.7460 us/op
WorkloadActual   7: 32768 op, 536438146.00 ns, 16.3708 us/op
WorkloadActual   8: 32768 op, 528951167.00 ns, 16.1423 us/op
WorkloadActual   9: 32768 op, 544960989.00 ns, 16.6309 us/op
WorkloadActual  10: 32768 op, 542668207.00 ns, 16.5609 us/op
WorkloadActual  11: 32768 op, 543912387.00 ns, 16.5989 us/op
WorkloadActual  12: 32768 op, 544088637.00 ns, 16.6043 us/op
WorkloadActual  13: 32768 op, 546334031.00 ns, 16.6728 us/op
WorkloadActual  14: 32768 op, 543815288.00 ns, 16.5959 us/op
WorkloadActual  15: 32768 op, 536410551.00 ns, 16.3700 us/op
WorkloadActual  16: 32768 op, 523854361.00 ns, 15.9868 us/op
WorkloadActual  17: 32768 op, 520424396.00 ns, 15.8821 us/op
WorkloadActual  18: 32768 op, 513581896.00 ns, 15.6733 us/op
WorkloadActual  19: 32768 op, 517649011.00 ns, 15.7974 us/op
WorkloadActual  20: 32768 op, 513093351.00 ns, 15.6584 us/op
WorkloadActual  21: 32768 op, 512853283.00 ns, 15.6510 us/op
WorkloadActual  22: 32768 op, 512380846.00 ns, 15.6366 us/op
WorkloadActual  23: 32768 op, 512866933.00 ns, 15.6515 us/op
WorkloadActual  24: 32768 op, 512625347.00 ns, 15.6441 us/op
WorkloadActual  25: 32768 op, 513900519.00 ns, 15.6830 us/op
WorkloadActual  26: 32768 op, 524578677.00 ns, 16.0089 us/op

WorkloadResult   1: 32768 op, 510842395.00 ns, 15.5897 us/op
WorkloadResult   2: 32768 op, 554135804.00 ns, 16.9109 us/op
WorkloadResult   3: 32768 op, 512633607.00 ns, 15.6443 us/op
WorkloadResult   4: 32768 op, 541314884.00 ns, 16.5196 us/op
WorkloadResult   5: 32768 op, 515617303.00 ns, 15.7354 us/op
WorkloadResult   6: 32768 op, 515919758.00 ns, 15.7446 us/op
WorkloadResult   7: 32768 op, 536394512.00 ns, 16.3695 us/op
WorkloadResult   8: 32768 op, 528907533.00 ns, 16.1410 us/op
WorkloadResult   9: 32768 op, 544917355.00 ns, 16.6296 us/op
WorkloadResult  10: 32768 op, 542624573.00 ns, 16.5596 us/op
WorkloadResult  11: 32768 op, 543868753.00 ns, 16.5976 us/op
WorkloadResult  12: 32768 op, 544045003.00 ns, 16.6029 us/op
WorkloadResult  13: 32768 op, 546290397.00 ns, 16.6715 us/op
WorkloadResult  14: 32768 op, 543771654.00 ns, 16.5946 us/op
WorkloadResult  15: 32768 op, 536366917.00 ns, 16.3686 us/op
WorkloadResult  16: 32768 op, 523810727.00 ns, 15.9854 us/op
WorkloadResult  17: 32768 op, 520380762.00 ns, 15.8808 us/op
WorkloadResult  18: 32768 op, 513538262.00 ns, 15.6719 us/op
WorkloadResult  19: 32768 op, 517605377.00 ns, 15.7961 us/op
WorkloadResult  20: 32768 op, 513049717.00 ns, 15.6570 us/op
WorkloadResult  21: 32768 op, 512809649.00 ns, 15.6497 us/op
WorkloadResult  22: 32768 op, 512337212.00 ns, 15.6353 us/op
WorkloadResult  23: 32768 op, 512823299.00 ns, 15.6501 us/op
WorkloadResult  24: 32768 op, 512581713.00 ns, 15.6428 us/op
WorkloadResult  25: 32768 op, 513856885.00 ns, 15.6817 us/op
WorkloadResult  26: 32768 op, 524535043.00 ns, 16.0075 us/op
// GC:  0 0 0 0 32768
// Threading:  0 0 32768


Mean = 16.075 μs, StdErr = 0.086 μs (0.53%), N = 26, StdDev = 0.438 μs
Min = 15.590 μs, Q1 = 15.661 μs, Median = 15.933 μs, Q3 = 16.550 μs, Max = 16.911 μs
IQR = 0.889 μs, LowerFence = 14.328 μs, UpperFence = 17.883 μs
ConfidenceInterval = [15.754 μs; 16.395 μs] (CI 99.9%), Margin = 0.320 μs (1.99% of Mean)
Skewness = 0.38, Kurtosis = 1.45, MValue = 2

// ** Remained 6 (75.0 %) benchmark(s) to run. Estimated finish 2026-09-17 23:18 (0h 1m from now) **
// **************************
// Benchmark: PairHandleBenchmarks.Advance: Job-TZECNT(IterationCount=16, IterationTime=200ms, WarmupCount=8) [Shape=PairOne]
// *** Execute ***
// Launch: 1 / 1
// Execute: dotnet PairHandles-Job-TZECNT-1.dll --anonymousPipes 118 119 --benchmarkName "Tl.PairHandlesProbe.PairHandleBenchmarks.Advance(Shape: PairOne)" --job "IterationCount=16, IterationTime=200ms, WarmupCount=8" --benchmarkId 1 in /home/i/GitHub/tl-perf167/benchmarks/PairHandles/bin/Release/net10.0/PairHandles-Job-TZECNT-1/bin/Release/net10.0
// Failed to set up high priority (Permission denied). In order to run benchmarks with high priority, make sure you have the right permissions.
// BeforeAnythingElse

// Benchmark Process Environment Information:
// BenchmarkDotNet v0.15.8
// Runtime=.NET 10.0.12 (10.0.12, 10.0.1226.42308), X64 RyuJIT x86-64-v3
// GC=Concurrent Workstation
// HardwareIntrinsics=AVX2+BMI1+BMI2+F16C+FMA+LZCNT+MOVBE,AVX,SSE3+SSSE3+SSE4.1+SSE4.2+POPCNT,X86Base+SSE+SSE2,AES+PCLMUL,AvxVnni,SERIALIZE VectorSize=256
// Job: Job-TZECNT(IterationCount=16, IterationTime=200ms, WarmupCount=8)

OverheadJitting  1: 1 op, 75905.00 ns, 75.9050 us/op
WorkloadJitting  1: 1 op, 3152841.00 ns, 3.1528 ms/op

OverheadJitting  2: 16 op, 100876.00 ns, 6.3048 us/op
WorkloadJitting  2: 16 op, 935130.00 ns, 58.4456 us/op

WorkloadPilot    1: 16 op, 685142.00 ns, 42.8214 us/op
WorkloadPilot    2: 4672 op, 151540557.00 ns, 32.4359 us/op
WorkloadPilot    3: 6176 op, 112662271.00 ns, 18.2419 us/op
WorkloadPilot    4: 10976 op, 202248680.00 ns, 18.4264 us/op
WorkloadPilot    5: 10864 op, 197709546.00 ns, 18.1986 us/op
WorkloadPilot    6: 10992 op, 203362368.00 ns, 18.5009 us/op
WorkloadPilot    7: 10816 op, 196758260.00 ns, 18.1914 us/op
WorkloadPilot    8: 11008 op, 203240682.00 ns, 18.4630 us/op

OverheadWarmup   1: 11008 op, 18952.00 ns, 1.7217 ns/op
OverheadWarmup   2: 11008 op, 18365.00 ns, 1.6683 ns/op
OverheadWarmup   3: 11008 op, 18328.00 ns, 1.6650 ns/op
OverheadWarmup   4: 11008 op, 18139.00 ns, 1.6478 ns/op
OverheadWarmup   5: 11008 op, 18201.00 ns, 1.6534 ns/op
OverheadWarmup   6: 11008 op, 18294.00 ns, 1.6619 ns/op
OverheadWarmup   7: 11008 op, 18075.00 ns, 1.6420 ns/op
OverheadWarmup   8: 11008 op, 18091.00 ns, 1.6434 ns/op
OverheadWarmup   9: 11008 op, 18098.00 ns, 1.6441 ns/op
OverheadWarmup  10: 11008 op, 18102.00 ns, 1.6444 ns/op

OverheadActual   1: 11008 op, 18341.00 ns, 1.6662 ns/op
OverheadActual   2: 11008 op, 18552.00 ns, 1.6853 ns/op
OverheadActual   3: 11008 op, 18343.00 ns, 1.6663 ns/op
OverheadActual   4: 11008 op, 18285.00 ns, 1.6611 ns/op
OverheadActual   5: 11008 op, 18295.00 ns, 1.6620 ns/op
OverheadActual   6: 11008 op, 18149.00 ns, 1.6487 ns/op
OverheadActual   7: 11008 op, 18154.00 ns, 1.6492 ns/op
OverheadActual   8: 11008 op, 18310.00 ns, 1.6633 ns/op
OverheadActual   9: 11008 op, 18071.00 ns, 1.6416 ns/op
OverheadActual  10: 11008 op, 18177.00 ns, 1.6513 ns/op
OverheadActual  11: 11008 op, 18086.00 ns, 1.6430 ns/op
OverheadActual  12: 11008 op, 18121.00 ns, 1.6462 ns/op
OverheadActual  13: 11008 op, 18073.00 ns, 1.6418 ns/op
OverheadActual  14: 11008 op, 18239.00 ns, 1.6569 ns/op
OverheadActual  15: 11008 op, 18117.00 ns, 1.6458 ns/op

WorkloadWarmup   1: 11008 op, 203418508.00 ns, 18.4792 us/op
WorkloadWarmup   2: 11008 op, 200211164.00 ns, 18.1878 us/op
WorkloadWarmup   3: 11008 op, 200159165.00 ns, 18.1831 us/op
WorkloadWarmup   4: 11008 op, 238574305.00 ns, 21.6728 us/op
WorkloadWarmup   5: 11008 op, 212477295.00 ns, 19.3021 us/op
WorkloadWarmup   6: 11008 op, 200243837.00 ns, 18.1908 us/op
WorkloadWarmup   7: 11008 op, 200296767.00 ns, 18.1956 us/op
WorkloadWarmup   8: 11008 op, 200096912.00 ns, 18.1774 us/op

// BeforeActualRun
WorkloadActual   1: 11008 op, 200110284.00 ns, 18.1786 us/op
WorkloadActual   2: 11008 op, 200959705.00 ns, 18.2558 us/op
WorkloadActual   3: 11008 op, 200060113.00 ns, 18.1741 us/op
WorkloadActual   4: 11008 op, 214093932.00 ns, 19.4489 us/op
WorkloadActual   5: 11008 op, 221729094.00 ns, 20.1425 us/op
WorkloadActual   6: 11008 op, 204578060.00 ns, 18.5845 us/op
WorkloadActual   7: 11008 op, 203296124.00 ns, 18.4680 us/op
WorkloadActual   8: 11008 op, 228245944.00 ns, 20.7346 us/op
WorkloadActual   9: 11008 op, 231833829.00 ns, 21.0605 us/op
WorkloadActual  10: 11008 op, 205419089.00 ns, 18.6609 us/op
WorkloadActual  11: 11008 op, 200026985.00 ns, 18.1711 us/op
WorkloadActual  12: 11008 op, 218958351.00 ns, 19.8908 us/op
WorkloadActual  13: 11008 op, 201954501.00 ns, 18.3462 us/op
WorkloadActual  14: 11008 op, 209906758.00 ns, 19.0686 us/op
WorkloadActual  15: 11008 op, 220357593.00 ns, 20.0179 us/op
WorkloadActual  16: 11008 op, 212262552.00 ns, 19.2826 us/op

// AfterActualRun
WorkloadResult   1: 11008 op, 200092107.00 ns, 18.1770 us/op
WorkloadResult   2: 11008 op, 200941528.00 ns, 18.2541 us/op
WorkloadResult   3: 11008 op, 200041936.00 ns, 18.1724 us/op
WorkloadResult   4: 11008 op, 214075755.00 ns, 19.4473 us/op
WorkloadResult   5: 11008 op, 221710917.00 ns, 20.1409 us/op
WorkloadResult   6: 11008 op, 204559883.00 ns, 18.5828 us/op
WorkloadResult   7: 11008 op, 203277947.00 ns, 18.4664 us/op
WorkloadResult   8: 11008 op, 228227767.00 ns, 20.7329 us/op
WorkloadResult   9: 11008 op, 231815652.00 ns, 21.0588 us/op
WorkloadResult  10: 11008 op, 205400912.00 ns, 18.6592 us/op
WorkloadResult  11: 11008 op, 200008808.00 ns, 18.1694 us/op
WorkloadResult  12: 11008 op, 218940174.00 ns, 19.8892 us/op
WorkloadResult  13: 11008 op, 201936324.00 ns, 18.3445 us/op
WorkloadResult  14: 11008 op, 209888581.00 ns, 19.0669 us/op
WorkloadResult  15: 11008 op, 220339416.00 ns, 20.0163 us/op
WorkloadResult  16: 11008 op, 212244375.00 ns, 19.2809 us/op
// GC:  0 0 0 0 11008
// Threading:  0 0 11008

// AfterAll
// Benchmark Process 51331 has exited with code 0.

Mean = 19.154 μs, StdErr = 0.241 μs (1.26%), N = 16, StdDev = 0.962 μs
Min = 18.169 μs, Q1 = 18.322 μs, Median = 18.863 μs, Q3 = 19.921 μs, Max = 21.059 μs
IQR = 1.599 μs, LowerFence = 15.923 μs, UpperFence = 22.320 μs
ConfidenceInterval = [18.174 μs; 20.133 μs] (CI 99.9%), Margin = 0.980 μs (5.11% of Mean)
Skewness = 0.57, Kurtosis = 1.86, MValue = 2

// ** Remained 5 (62.5 %) benchmark(s) to run. Estimated finish 2026-09-17 23:18 (0h 0m from now) **
// **************************
// Benchmark: PairHandleBenchmarks.Advance: InProcess(Toolchain=InProcessEmitToolchain) [Shape=PairOne]
// *** Execute ***
// Launch: 1 / 1
// ! Failed to set up priority High for process System.Diagnostics.Process (PairHandles). Make sure you have the right permissions. Message: Permission denied

// Benchmark Process Environment Information:
// BenchmarkDotNet v0.15.8
// Runtime=.NET 10.0.12 (10.0.12, 10.0.1226.42308), X64 RyuJIT x86-64-v3
// GC=Concurrent Workstation
// HardwareIntrinsics=AVX2+BMI1+BMI2+F16C+FMA+LZCNT+MOVBE,AVX,SSE3+SSSE3+SSE4.1+SSE4.2+POPCNT,X86Base+SSE+SSE2,AES+PCLMUL,AvxVnni,SERIALIZE VectorSize=256
// Job: Job-JWQWGO(Toolchain=InProcessEmitToolchain)

OverheadJitting  1: 1 op, 133102.00 ns, 133.1020 us/op
WorkloadJitting  1: 1 op, 245119.00 ns, 245.1190 us/op

OverheadJitting  2: 16 op, 153717.00 ns, 9.6073 us/op
WorkloadJitting  2: 16 op, 2599788.00 ns, 162.4868 us/op

WorkloadPilot    1: 16 op, 2445917.00 ns, 152.8698 us/op
WorkloadPilot    2: 32 op, 3418810.00 ns, 106.8378 us/op
WorkloadPilot    3: 64 op, 3139478.00 ns, 49.0543 us/op
WorkloadPilot    4: 128 op, 6196259.00 ns, 48.4083 us/op
WorkloadPilot    5: 256 op, 12502002.00 ns, 48.8359 us/op
WorkloadPilot    6: 512 op, 28491173.00 ns, 55.6468 us/op
WorkloadPilot    7: 1024 op, 50899785.00 ns, 49.7068 us/op
WorkloadPilot    8: 2048 op, 100034281.00 ns, 48.8449 us/op
WorkloadPilot    9: 4096 op, 124710487.00 ns, 30.4469 us/op
WorkloadPilot   10: 8192 op, 168951131.00 ns, 20.6239 us/op
WorkloadPilot   11: 16384 op, 322675137.00 ns, 19.6945 us/op
WorkloadPilot   12: 32768 op, 619047364.00 ns, 18.8918 us/op

OverheadWarmup   1: 32768 op, 48923.00 ns, 1.4930 ns/op
OverheadWarmup   2: 32768 op, 42289.00 ns, 1.2906 ns/op
OverheadWarmup   3: 32768 op, 42310.00 ns, 1.2912 ns/op
OverheadWarmup   4: 32768 op, 42257.00 ns, 1.2896 ns/op
OverheadWarmup   5: 32768 op, 42267.00 ns, 1.2899 ns/op
OverheadWarmup   6: 32768 op, 42101.00 ns, 1.2848 ns/op

OverheadActual   1: 32768 op, 42151.00 ns, 1.2863 ns/op
OverheadActual   2: 32768 op, 42081.00 ns, 1.2842 ns/op
OverheadActual   3: 32768 op, 42101.00 ns, 1.2848 ns/op
OverheadActual   4: 32768 op, 42102.00 ns, 1.2849 ns/op
OverheadActual   5: 32768 op, 42092.00 ns, 1.2845 ns/op
OverheadActual   6: 32768 op, 43482.00 ns, 1.3270 ns/op
OverheadActual   7: 32768 op, 43719.00 ns, 1.3342 ns/op
OverheadActual   8: 32768 op, 43639.00 ns, 1.3318 ns/op
OverheadActual   9: 32768 op, 43611.00 ns, 1.3309 ns/op
OverheadActual  10: 32768 op, 42855.00 ns, 1.3078 ns/op
OverheadActual  11: 32768 op, 42870.00 ns, 1.3083 ns/op
OverheadActual  12: 32768 op, 42852.00 ns, 1.3077 ns/op
OverheadActual  13: 32768 op, 42848.00 ns, 1.3076 ns/op
OverheadActual  14: 32768 op, 43709.00 ns, 1.3339 ns/op
OverheadActual  15: 32768 op, 42825.00 ns, 1.3069 ns/op

WorkloadWarmup   1: 32768 op, 606376870.00 ns, 18.5052 us/op
WorkloadWarmup   2: 32768 op, 606422693.00 ns, 18.5066 us/op
WorkloadWarmup   3: 32768 op, 605847929.00 ns, 18.4890 us/op
WorkloadWarmup   4: 32768 op, 703028725.00 ns, 21.4547 us/op
WorkloadWarmup   5: 32768 op, 605757664.00 ns, 18.4863 us/op
WorkloadWarmup   6: 32768 op, 605765649.00 ns, 18.4865 us/op

WorkloadActual   1: 32768 op, 605580008.00 ns, 18.4808 us/op
WorkloadActual   2: 32768 op, 605867311.00 ns, 18.4896 us/op
WorkloadActual   3: 32768 op, 605781232.00 ns, 18.4870 us/op
WorkloadActual   4: 32768 op, 605596161.00 ns, 18.4813 us/op
WorkloadActual   5: 32768 op, 605611437.00 ns, 18.4818 us/op
WorkloadActual   6: 32768 op, 605905698.00 ns, 18.4908 us/op
WorkloadActual   7: 32768 op, 607012080.00 ns, 18.5245 us/op
WorkloadActual   8: 32768 op, 606531552.00 ns, 18.5099 us/op
WorkloadActual   9: 32768 op, 606063711.00 ns, 18.4956 us/op
WorkloadActual  10: 32768 op, 605686699.00 ns, 18.4841 us/op
WorkloadActual  11: 32768 op, 703046692.00 ns, 21.4553 us/op
WorkloadActual  12: 32768 op, 605804552.00 ns, 18.4877 us/op
WorkloadActual  13: 32768 op, 605838256.00 ns, 18.4887 us/op
WorkloadActual  14: 32768 op, 605517052.00 ns, 18.4789 us/op
WorkloadActual  15: 32768 op, 634622333.00 ns, 19.3671 us/op

WorkloadResult   1: 32768 op, 605537156.00 ns, 18.4795 us/op
WorkloadResult   2: 32768 op, 605824459.00 ns, 18.4883 us/op
WorkloadResult   3: 32768 op, 605738380.00 ns, 18.4857 us/op
WorkloadResult   4: 32768 op, 605553309.00 ns, 18.4800 us/op
WorkloadResult   5: 32768 op, 605568585.00 ns, 18.4805 us/op
WorkloadResult   6: 32768 op, 605862846.00 ns, 18.4895 us/op
WorkloadResult   7: 32768 op, 606969228.00 ns, 18.5232 us/op
WorkloadResult   8: 32768 op, 606488700.00 ns, 18.5086 us/op
WorkloadResult   9: 32768 op, 606020859.00 ns, 18.4943 us/op
WorkloadResult  10: 32768 op, 605643847.00 ns, 18.4828 us/op
WorkloadResult  11: 32768 op, 605761700.00 ns, 18.4864 us/op
WorkloadResult  12: 32768 op, 605795404.00 ns, 18.4874 us/op
WorkloadResult  13: 32768 op, 605474200.00 ns, 18.4776 us/op
// GC:  0 0 0 4320 32768
// Threading:  0 0 32768


Mean = 18.490 μs, StdErr = 0.004 μs (0.02%), N = 13, StdDev = 0.013 μs
Min = 18.478 μs, Q1 = 18.480 μs, Median = 18.486 μs, Q3 = 18.489 μs, Max = 18.523 μs
IQR = 0.009 μs, LowerFence = 18.467 μs, UpperFence = 18.503 μs
ConfidenceInterval = [18.474 μs; 18.505 μs] (CI 99.9%), Margin = 0.016 μs (0.08% of Mean)
Skewness = 1.44, Kurtosis = 4.03, MValue = 2

// ** Remained 4 (50.0 %) benchmark(s) to run. Estimated finish 2026-09-17 23:18 (0h 0m from now) **
// **************************
// Benchmark: PairHandleBenchmarks.Advance: Job-TZECNT(IterationCount=16, IterationTime=200ms, WarmupCount=8) [Shape=PairRuns8]
// *** Execute ***
// Launch: 1 / 1
// Execute: dotnet PairHandles-Job-TZECNT-1.dll --anonymousPipes 118 119 --benchmarkName "Tl.PairHandlesProbe.PairHandleBenchmarks.Advance(Shape: PairRuns8)" --job "IterationCount=16, IterationTime=200ms, WarmupCount=8" --benchmarkId 2 in /home/i/GitHub/tl-perf167/benchmarks/PairHandles/bin/Release/net10.0/PairHandles-Job-TZECNT-1/bin/Release/net10.0
// Failed to set up high priority (Permission denied). In order to run benchmarks with high priority, make sure you have the right permissions.
// BeforeAnythingElse

// Benchmark Process Environment Information:
// BenchmarkDotNet v0.15.8
// Runtime=.NET 10.0.12 (10.0.12, 10.0.1226.42308), X64 RyuJIT x86-64-v3
// GC=Concurrent Workstation
// HardwareIntrinsics=AVX2+BMI1+BMI2+F16C+FMA+LZCNT+MOVBE,AVX,SSE3+SSSE3+SSE4.1+SSE4.2+POPCNT,X86Base+SSE+SSE2,AES+PCLMUL,AvxVnni,SERIALIZE VectorSize=256
// Job: Job-TZECNT(IterationCount=16, IterationTime=200ms, WarmupCount=8)

OverheadJitting  1: 1 op, 76278.00 ns, 76.2780 us/op
WorkloadJitting  1: 1 op, 3670519.00 ns, 3.6705 ms/op

OverheadJitting  2: 16 op, 109101.00 ns, 6.8188 us/op
WorkloadJitting  2: 16 op, 1600486.00 ns, 100.0304 us/op

WorkloadPilot    1: 16 op, 1317569.00 ns, 82.3481 us/op
WorkloadPilot    2: 2432 op, 170711352.00 ns, 70.1938 us/op
WorkloadPilot    3: 2864 op, 156530211.00 ns, 54.6544 us/op
WorkloadPilot    4: 3664 op, 200034709.00 ns, 54.5946 us/op

OverheadWarmup   1: 3664 op, 6950.00 ns, 1.8968 ns/op
OverheadWarmup   2: 3664 op, 6105.00 ns, 1.6662 ns/op
OverheadWarmup   3: 3664 op, 6131.00 ns, 1.6733 ns/op
OverheadWarmup   4: 3664 op, 6109.00 ns, 1.6673 ns/op
OverheadWarmup   5: 3664 op, 6157.00 ns, 1.6804 ns/op
OverheadWarmup   6: 3664 op, 6128.00 ns, 1.6725 ns/op

OverheadActual   1: 3664 op, 6268.00 ns, 1.7107 ns/op
OverheadActual   2: 3664 op, 6363.00 ns, 1.7366 ns/op
OverheadActual   3: 3664 op, 6300.00 ns, 1.7194 ns/op
OverheadActual   4: 3664 op, 6220.00 ns, 1.6976 ns/op
OverheadActual   5: 3664 op, 6260.00 ns, 1.7085 ns/op
OverheadActual   6: 3664 op, 6152.00 ns, 1.6790 ns/op
OverheadActual   7: 3664 op, 6160.00 ns, 1.6812 ns/op
OverheadActual   8: 3664 op, 6150.00 ns, 1.6785 ns/op
OverheadActual   9: 3664 op, 6153.00 ns, 1.6793 ns/op
OverheadActual  10: 3664 op, 6121.00 ns, 1.6706 ns/op
OverheadActual  11: 3664 op, 6328.00 ns, 1.7271 ns/op
OverheadActual  12: 3664 op, 6511.00 ns, 1.7770 ns/op
OverheadActual  13: 3664 op, 6273.00 ns, 1.7121 ns/op
OverheadActual  14: 3664 op, 6189.00 ns, 1.6891 ns/op
OverheadActual  15: 3664 op, 6158.00 ns, 1.6807 ns/op

WorkloadWarmup   1: 3664 op, 205383690.00 ns, 56.0545 us/op
WorkloadWarmup   2: 3664 op, 200048087.00 ns, 54.5983 us/op
WorkloadWarmup   3: 3664 op, 199747684.00 ns, 54.5163 us/op
WorkloadWarmup   4: 3664 op, 203576783.00 ns, 55.5613 us/op
WorkloadWarmup   5: 3664 op, 199910569.00 ns, 54.5607 us/op
WorkloadWarmup   6: 3664 op, 202609321.00 ns, 55.2973 us/op
WorkloadWarmup   7: 3664 op, 199949133.00 ns, 54.5713 us/op
WorkloadWarmup   8: 3664 op, 199731012.00 ns, 54.5117 us/op

// BeforeActualRun
WorkloadActual   1: 3664 op, 205255551.00 ns, 56.0195 us/op
WorkloadActual   2: 3664 op, 206102289.00 ns, 56.2506 us/op
WorkloadActual   3: 3664 op, 204749222.00 ns, 55.8813 us/op
WorkloadActual   4: 3664 op, 202660064.00 ns, 55.3112 us/op
WorkloadActual   5: 3664 op, 205981895.00 ns, 56.2178 us/op
WorkloadActual   6: 3664 op, 205655466.00 ns, 56.1287 us/op
WorkloadActual   7: 3664 op, 199930736.00 ns, 54.5662 us/op
WorkloadActual   8: 3664 op, 203100640.00 ns, 55.4314 us/op
WorkloadActual   9: 3664 op, 200561511.00 ns, 54.7384 us/op
WorkloadActual  10: 3664 op, 201717765.00 ns, 55.0540 us/op
WorkloadActual  11: 3664 op, 205512982.00 ns, 56.0898 us/op
WorkloadActual  12: 3664 op, 205534582.00 ns, 56.0957 us/op
WorkloadActual  13: 3664 op, 205589330.00 ns, 56.1106 us/op
WorkloadActual  14: 3664 op, 206101217.00 ns, 56.2503 us/op
WorkloadActual  15: 3664 op, 205725863.00 ns, 56.1479 us/op
WorkloadActual  16: 3664 op, 205697290.00 ns, 56.1401 us/op

// AfterActualRun
WorkloadResult   1: 3664 op, 205249331.00 ns, 56.0178 us/op
WorkloadResult   2: 3664 op, 206096069.00 ns, 56.2489 us/op
WorkloadResult   3: 3664 op, 204743002.00 ns, 55.8796 us/op
WorkloadResult   4: 3664 op, 202653844.00 ns, 55.3095 us/op
WorkloadResult   5: 3664 op, 205975675.00 ns, 56.2161 us/op
WorkloadResult   6: 3664 op, 205649246.00 ns, 56.1270 us/op
WorkloadResult   7: 3664 op, 199924516.00 ns, 54.5646 us/op
WorkloadResult   8: 3664 op, 203094420.00 ns, 55.4297 us/op
WorkloadResult   9: 3664 op, 200555291.00 ns, 54.7367 us/op
WorkloadResult  10: 3664 op, 201711545.00 ns, 55.0523 us/op
WorkloadResult  11: 3664 op, 205506762.00 ns, 56.0881 us/op
WorkloadResult  12: 3664 op, 205528362.00 ns, 56.0940 us/op
WorkloadResult  13: 3664 op, 205583110.00 ns, 56.1089 us/op
WorkloadResult  14: 3664 op, 206094997.00 ns, 56.2486 us/op
WorkloadResult  15: 3664 op, 205719643.00 ns, 56.1462 us/op
WorkloadResult  16: 3664 op, 205691070.00 ns, 56.1384 us/op
// GC:  0 0 0 0 3664
// Threading:  0 0 3664

// AfterAll
// Benchmark Process 51948 has exited with code 0.

Mean = 55.775 μs, StdErr = 0.142 μs (0.25%), N = 16, StdDev = 0.567 μs
Min = 54.565 μs, Q1 = 55.400 μs, Median = 56.091 μs, Q3 = 56.140 μs, Max = 56.249 μs
IQR = 0.741 μs, LowerFence = 54.289 μs, UpperFence = 57.251 μs
ConfidenceInterval = [55.198 μs; 56.353 μs] (CI 99.9%), Margin = 0.577 μs (1.03% of Mean)
Skewness = -0.98, Kurtosis = 2.34, MValue = 2

// ** Remained 3 (37.5 %) benchmark(s) to run. Estimated finish 2026-09-17 23:18 (0h 0m from now) **
// **************************
// Benchmark: PairHandleBenchmarks.Advance: InProcess(Toolchain=InProcessEmitToolchain) [Shape=PairRuns8]
// *** Execute ***
// Launch: 1 / 1
// ! Failed to set up priority High for process System.Diagnostics.Process (PairHandles). Make sure you have the right permissions. Message: Permission denied

// Benchmark Process Environment Information:
// BenchmarkDotNet v0.15.8
// Runtime=.NET 10.0.12 (10.0.12, 10.0.1226.42308), X64 RyuJIT x86-64-v3
// GC=Concurrent Workstation
// HardwareIntrinsics=AVX2+BMI1+BMI2+F16C+FMA+LZCNT+MOVBE,AVX,SSE3+SSSE3+SSE4.1+SSE4.2+POPCNT,X86Base+SSE+SSE2,AES+PCLMUL,AvxVnni,SERIALIZE VectorSize=256
// Job: Job-JWQWGO(Toolchain=InProcessEmitToolchain)

OverheadJitting  1: 1 op, 101896.00 ns, 101.8960 us/op
WorkloadJitting  1: 1 op, 161722.00 ns, 161.7220 us/op

OverheadJitting  2: 16 op, 105908.00 ns, 6.6193 us/op
WorkloadJitting  2: 16 op, 1083901.00 ns, 67.7438 us/op

WorkloadPilot    1: 16 op, 972008.00 ns, 60.7505 us/op
WorkloadPilot    2: 32 op, 2003093.00 ns, 62.5967 us/op
WorkloadPilot    3: 64 op, 3851280.00 ns, 60.1763 us/op
WorkloadPilot    4: 128 op, 7703067.00 ns, 60.1802 us/op
WorkloadPilot    5: 256 op, 15373618.00 ns, 60.0532 us/op
WorkloadPilot    6: 512 op, 30899041.00 ns, 60.3497 us/op
WorkloadPilot    7: 1024 op, 61820853.00 ns, 60.3719 us/op
WorkloadPilot    8: 2048 op, 119195946.00 ns, 58.2011 us/op
WorkloadPilot    9: 4096 op, 222583619.00 ns, 54.3417 us/op
WorkloadPilot   10: 8192 op, 445712588.00 ns, 54.4083 us/op
WorkloadPilot   11: 16384 op, 920680695.00 ns, 56.1939 us/op

OverheadWarmup   1: 16384 op, 23027.00 ns, 1.4055 ns/op
OverheadWarmup   2: 16384 op, 21281.00 ns, 1.2989 ns/op
OverheadWarmup   3: 16384 op, 21309.00 ns, 1.3006 ns/op
OverheadWarmup   4: 16384 op, 21072.00 ns, 1.2861 ns/op
OverheadWarmup   5: 16384 op, 21062.00 ns, 1.2855 ns/op
OverheadWarmup   6: 16384 op, 21071.00 ns, 1.2861 ns/op
OverheadWarmup   7: 16384 op, 21036.00 ns, 1.2839 ns/op

OverheadActual   1: 16384 op, 21107.00 ns, 1.2883 ns/op
OverheadActual   2: 16384 op, 21025.00 ns, 1.2833 ns/op
OverheadActual   3: 16384 op, 21031.00 ns, 1.2836 ns/op
OverheadActual   4: 16384 op, 21071.00 ns, 1.2861 ns/op
OverheadActual   5: 16384 op, 21056.00 ns, 1.2852 ns/op
OverheadActual   6: 16384 op, 21085.00 ns, 1.2869 ns/op
OverheadActual   7: 16384 op, 21039.00 ns, 1.2841 ns/op
OverheadActual   8: 16384 op, 21043.00 ns, 1.2844 ns/op
OverheadActual   9: 16384 op, 21046.00 ns, 1.2845 ns/op
OverheadActual  10: 16384 op, 21066.00 ns, 1.2858 ns/op
OverheadActual  11: 16384 op, 21061.00 ns, 1.2855 ns/op
OverheadActual  12: 16384 op, 21021.00 ns, 1.2830 ns/op
OverheadActual  13: 16384 op, 21069.00 ns, 1.2859 ns/op
OverheadActual  14: 16384 op, 21056.00 ns, 1.2852 ns/op
OverheadActual  15: 16384 op, 21044.00 ns, 1.2844 ns/op

WorkloadWarmup   1: 16384 op, 919675038.00 ns, 56.1325 us/op
WorkloadWarmup   2: 16384 op, 917577032.00 ns, 56.0045 us/op
WorkloadWarmup   3: 16384 op, 902094306.00 ns, 55.0595 us/op
WorkloadWarmup   4: 16384 op, 891036215.00 ns, 54.3845 us/op
WorkloadWarmup   5: 16384 op, 892561571.00 ns, 54.4776 us/op
WorkloadWarmup   6: 16384 op, 920888569.00 ns, 56.2066 us/op
WorkloadWarmup   7: 16384 op, 907105616.00 ns, 55.3653 us/op
WorkloadWarmup   8: 16384 op, 908965444.00 ns, 55.4788 us/op
WorkloadWarmup   9: 16384 op, 919025320.00 ns, 56.0929 us/op
WorkloadWarmup  10: 16384 op, 918032025.00 ns, 56.0322 us/op

WorkloadActual   1: 16384 op, 920292891.00 ns, 56.1702 us/op
WorkloadActual   2: 16384 op, 892972358.00 ns, 54.5027 us/op
WorkloadActual   3: 16384 op, 925765246.00 ns, 56.5042 us/op
WorkloadActual   4: 16384 op, 957720610.00 ns, 58.4546 us/op
WorkloadActual   5: 16384 op, 925622595.00 ns, 56.4955 us/op
WorkloadActual   6: 16384 op, 913900727.00 ns, 55.7801 us/op
WorkloadActual   7: 16384 op, 911132759.00 ns, 55.6111 us/op
WorkloadActual   8: 16384 op, 921569142.00 ns, 56.2481 us/op
WorkloadActual   9: 16384 op, 909354260.00 ns, 55.5026 us/op
WorkloadActual  10: 16384 op, 918323127.00 ns, 56.0500 us/op
WorkloadActual  11: 16384 op, 921685228.00 ns, 56.2552 us/op
WorkloadActual  12: 16384 op, 921598894.00 ns, 56.2499 us/op
WorkloadActual  13: 16384 op, 920032958.00 ns, 56.1544 us/op
WorkloadActual  14: 16384 op, 918810646.00 ns, 56.0798 us/op
WorkloadActual  15: 16384 op, 920203348.00 ns, 56.1648 us/op

WorkloadResult   1: 16384 op, 920271835.00 ns, 56.1689 us/op
WorkloadResult   2: 16384 op, 892951302.00 ns, 54.5014 us/op
WorkloadResult   3: 16384 op, 925744190.00 ns, 56.5029 us/op
WorkloadResult   4: 16384 op, 925601539.00 ns, 56.4942 us/op
WorkloadResult   5: 16384 op, 913879671.00 ns, 55.7788 us/op
WorkloadResult   6: 16384 op, 911111703.00 ns, 55.6098 us/op
WorkloadResult   7: 16384 op, 921548086.00 ns, 56.2468 us/op
WorkloadResult   8: 16384 op, 909333204.00 ns, 55.5013 us/op
WorkloadResult   9: 16384 op, 918302071.00 ns, 56.0487 us/op
WorkloadResult  10: 16384 op, 921664172.00 ns, 56.2539 us/op
WorkloadResult  11: 16384 op, 921577838.00 ns, 56.2486 us/op
WorkloadResult  12: 16384 op, 920011902.00 ns, 56.1531 us/op
WorkloadResult  13: 16384 op, 918789590.00 ns, 56.0785 us/op
WorkloadResult  14: 16384 op, 920182292.00 ns, 56.1635 us/op
// GC:  0 0 0 3024 16384
// Threading:  0 0 16384


Mean = 55.982 μs, StdErr = 0.138 μs (0.25%), N = 14, StdDev = 0.516 μs
Min = 54.501 μs, Q1 = 55.846 μs, Median = 56.158 μs, Q3 = 56.248 μs, Max = 56.503 μs
IQR = 0.402 μs, LowerFence = 55.243 μs, UpperFence = 56.851 μs
ConfidenceInterval = [55.400 μs; 56.564 μs] (CI 99.9%), Margin = 0.582 μs (1.04% of Mean)
Skewness = -1.59, Kurtosis = 5.08, MValue = 2

// ** Remained 2 (25.0 %) benchmark(s) to run. Estimated finish 2026-09-17 23:18 (0h 0m from now) **
// **************************
// Benchmark: PairHandleBenchmarks.Advance: Job-TZECNT(IterationCount=16, IterationTime=200ms, WarmupCount=8) [Shape=PairAlternating8]
// *** Execute ***
// Launch: 1 / 1
// Execute: dotnet PairHandles-Job-TZECNT-1.dll --anonymousPipes 118 119 --benchmarkName "Tl.PairHandlesProbe.PairHandleBenchmarks.Advance(Shape: PairAlternating8)" --job "IterationCount=16, IterationTime=200ms, WarmupCount=8" --benchmarkId 3 in /home/i/GitHub/tl-perf167/benchmarks/PairHandles/bin/Release/net10.0/PairHandles-Job-TZECNT-1/bin/Release/net10.0
// Failed to set up high priority (Permission denied). In order to run benchmarks with high priority, make sure you have the right permissions.
// BeforeAnythingElse

// Benchmark Process Environment Information:
// BenchmarkDotNet v0.15.8
// Runtime=.NET 10.0.12 (10.0.12, 10.0.1226.42308), X64 RyuJIT x86-64-v3
// GC=Concurrent Workstation
// HardwareIntrinsics=AVX2+BMI1+BMI2+F16C+FMA+LZCNT+MOVBE,AVX,SSE3+SSSE3+SSE4.1+SSE4.2+POPCNT,X86Base+SSE+SSE2,AES+PCLMUL,AvxVnni,SERIALIZE VectorSize=256
// Job: Job-TZECNT(IterationCount=16, IterationTime=200ms, WarmupCount=8)

OverheadJitting  1: 1 op, 79103.00 ns, 79.1030 us/op
WorkloadJitting  1: 1 op, 2487184.00 ns, 2.4872 ms/op

OverheadJitting  2: 16 op, 98987.00 ns, 6.1867 us/op
WorkloadJitting  2: 16 op, 2875264.00 ns, 179.7040 us/op

WorkloadPilot    1: 16 op, 2545507.00 ns, 159.0942 us/op
WorkloadPilot    2: 1264 op, 180915163.00 ns, 143.1291 us/op
WorkloadPilot    3: 1408 op, 171518371.00 ns, 121.8170 us/op
WorkloadPilot    4: 1648 op, 200635187.00 ns, 121.7447 us/op

OverheadWarmup   1: 1648 op, 3925.00 ns, 2.3817 ns/op
OverheadWarmup   2: 1648 op, 2758.00 ns, 1.6735 ns/op
OverheadWarmup   3: 1648 op, 2812.00 ns, 1.7063 ns/op
OverheadWarmup   4: 1648 op, 2790.00 ns, 1.6930 ns/op
OverheadWarmup   5: 1648 op, 2851.00 ns, 1.7300 ns/op
OverheadWarmup   6: 1648 op, 3024.00 ns, 1.8350 ns/op
OverheadWarmup   7: 1648 op, 2821.00 ns, 1.7118 ns/op

OverheadActual   1: 1648 op, 2968.00 ns, 1.8010 ns/op
OverheadActual   2: 1648 op, 3026.00 ns, 1.8362 ns/op
OverheadActual   3: 1648 op, 3018.00 ns, 1.8313 ns/op
OverheadActual   4: 1648 op, 2923.00 ns, 1.7737 ns/op
OverheadActual   5: 1648 op, 2968.00 ns, 1.8010 ns/op
OverheadActual   6: 1648 op, 2824.00 ns, 1.7136 ns/op
OverheadActual   7: 1648 op, 2834.00 ns, 1.7197 ns/op
OverheadActual   8: 1648 op, 2803.00 ns, 1.7008 ns/op
OverheadActual   9: 1648 op, 2797.00 ns, 1.6972 ns/op
OverheadActual  10: 1648 op, 2817.00 ns, 1.7093 ns/op
OverheadActual  11: 1648 op, 2827.00 ns, 1.7154 ns/op
OverheadActual  12: 1648 op, 2817.00 ns, 1.7093 ns/op
OverheadActual  13: 1648 op, 2821.00 ns, 1.7118 ns/op
OverheadActual  14: 1648 op, 2828.00 ns, 1.7160 ns/op
OverheadActual  15: 1648 op, 2823.00 ns, 1.7130 ns/op

WorkloadWarmup   1: 1648 op, 200727340.00 ns, 121.8006 us/op
WorkloadWarmup   2: 1648 op, 200435320.00 ns, 121.6234 us/op
WorkloadWarmup   3: 1648 op, 200600037.00 ns, 121.7233 us/op
WorkloadWarmup   4: 1648 op, 201063794.00 ns, 122.0047 us/op
WorkloadWarmup   5: 1648 op, 200319411.00 ns, 121.5530 us/op
WorkloadWarmup   6: 1648 op, 200755123.00 ns, 121.8174 us/op
WorkloadWarmup   7: 1648 op, 200786443.00 ns, 121.8364 us/op
WorkloadWarmup   8: 1648 op, 200863966.00 ns, 121.8835 us/op

// BeforeActualRun
WorkloadActual   1: 1648 op, 200763517.00 ns, 121.8225 us/op
WorkloadActual   2: 1648 op, 200378739.00 ns, 121.5890 us/op
WorkloadActual   3: 1648 op, 200219365.00 ns, 121.4923 us/op
WorkloadActual   4: 1648 op, 200255502.00 ns, 121.5143 us/op
WorkloadActual   5: 1648 op, 200196162.00 ns, 121.4783 us/op
WorkloadActual   6: 1648 op, 200264467.00 ns, 121.5197 us/op
WorkloadActual   7: 1648 op, 200300064.00 ns, 121.5413 us/op
WorkloadActual   8: 1648 op, 200257897.00 ns, 121.5157 us/op
WorkloadActual   9: 1648 op, 200042328.00 ns, 121.3849 us/op
WorkloadActual  10: 1648 op, 200196514.00 ns, 121.4785 us/op
WorkloadActual  11: 1648 op, 201972320.00 ns, 122.5560 us/op
WorkloadActual  12: 1648 op, 210011324.00 ns, 127.4341 us/op
WorkloadActual  13: 1648 op, 210485124.00 ns, 127.7216 us/op
WorkloadActual  14: 1648 op, 211563264.00 ns, 128.3758 us/op
WorkloadActual  15: 1648 op, 200906626.00 ns, 121.9094 us/op
WorkloadActual  16: 1648 op, 200216243.00 ns, 121.4904 us/op

// AfterActualRun
WorkloadResult   1: 1648 op, 200760690.00 ns, 121.8208 us/op
WorkloadResult   2: 1648 op, 200375912.00 ns, 121.5873 us/op
WorkloadResult   3: 1648 op, 200216538.00 ns, 121.4906 us/op
WorkloadResult   4: 1648 op, 200252675.00 ns, 121.5125 us/op
WorkloadResult   5: 1648 op, 200193335.00 ns, 121.4765 us/op
WorkloadResult   6: 1648 op, 200261640.00 ns, 121.5180 us/op
WorkloadResult   7: 1648 op, 200297237.00 ns, 121.5396 us/op
WorkloadResult   8: 1648 op, 200255070.00 ns, 121.5140 us/op
WorkloadResult   9: 1648 op, 200039501.00 ns, 121.3832 us/op
WorkloadResult  10: 1648 op, 200193687.00 ns, 121.4768 us/op
WorkloadResult  11: 1648 op, 201969493.00 ns, 122.5543 us/op
WorkloadResult  12: 1648 op, 200903799.00 ns, 121.9076 us/op
WorkloadResult  13: 1648 op, 200213416.00 ns, 121.4887 us/op
// GC:  0 0 0 0 1648
// Threading:  0 0 1648

// AfterAll
// Benchmark Process 52236 has exited with code 0.

Mean = 121.636 μs, StdErr = 0.086 μs (0.07%), N = 13, StdDev = 0.312 μs
Min = 121.383 μs, Q1 = 121.489 μs, Median = 121.514 μs, Q3 = 121.587 μs, Max = 122.554 μs
IQR = 0.099 μs, LowerFence = 121.341 μs, UpperFence = 121.735 μs
ConfidenceInterval = [121.263 μs; 122.009 μs] (CI 99.9%), Margin = 0.373 μs (0.31% of Mean)
Skewness = 1.94, Kurtosis = 5.92, MValue = 2

// ** Remained 1 (12.5 %) benchmark(s) to run. Estimated finish 2026-09-17 23:18 (0h 0m from now) **
// **************************
// Benchmark: PairHandleBenchmarks.Advance: InProcess(Toolchain=InProcessEmitToolchain) [Shape=PairAlternating8]
// *** Execute ***
// Launch: 1 / 1
// ! Failed to set up priority High for process System.Diagnostics.Process (PairHandles). Make sure you have the right permissions. Message: Permission denied

// Benchmark Process Environment Information:
// BenchmarkDotNet v0.15.8
// Runtime=.NET 10.0.12 (10.0.12, 10.0.1226.42308), X64 RyuJIT x86-64-v3
// GC=Concurrent Workstation
// HardwareIntrinsics=AVX2+BMI1+BMI2+F16C+FMA+LZCNT+MOVBE,AVX,SSE3+SSSE3+SSE4.1+SSE4.2+POPCNT,X86Base+SSE+SSE2,AES+PCLMUL,AvxVnni,SERIALIZE VectorSize=256
// Job: Job-JWQWGO(Toolchain=InProcessEmitToolchain)

OverheadJitting  1: 1 op, 94131.00 ns, 94.1310 us/op
WorkloadJitting  1: 1 op, 225782.00 ns, 225.7820 us/op

OverheadJitting  2: 16 op, 101719.00 ns, 6.3574 us/op
WorkloadJitting  2: 16 op, 2373195.00 ns, 148.3247 us/op

WorkloadPilot    1: 16 op, 1907755.00 ns, 119.2347 us/op
WorkloadPilot    2: 32 op, 3862459.00 ns, 120.7018 us/op
WorkloadPilot    3: 64 op, 7989029.00 ns, 124.8286 us/op
WorkloadPilot    4: 128 op, 15510017.00 ns, 121.1720 us/op
WorkloadPilot    5: 256 op, 30548919.00 ns, 119.3317 us/op
WorkloadPilot    6: 512 op, 61483945.00 ns, 120.0858 us/op
WorkloadPilot    7: 1024 op, 122419972.00 ns, 119.5508 us/op
WorkloadPilot    8: 2048 op, 245543775.00 ns, 119.8944 us/op
WorkloadPilot    9: 4096 op, 489088515.00 ns, 119.4064 us/op
WorkloadPilot   10: 8192 op, 976371968.00 ns, 119.1860 us/op

OverheadWarmup   1: 8192 op, 13018.00 ns, 1.5891 ns/op
OverheadWarmup   2: 8192 op, 10574.00 ns, 1.2908 ns/op
OverheadWarmup   3: 8192 op, 12332.00 ns, 1.5054 ns/op
OverheadWarmup   4: 8192 op, 10575.00 ns, 1.2909 ns/op
OverheadWarmup   5: 8192 op, 10753.00 ns, 1.3126 ns/op
OverheadWarmup   6: 8192 op, 10583.00 ns, 1.2919 ns/op

OverheadActual   1: 8192 op, 10580.00 ns, 1.2915 ns/op
OverheadActual   2: 8192 op, 10574.00 ns, 1.2908 ns/op
OverheadActual   3: 8192 op, 10600.00 ns, 1.2939 ns/op
OverheadActual   4: 8192 op, 10596.00 ns, 1.2935 ns/op
OverheadActual   5: 8192 op, 10604.00 ns, 1.2944 ns/op
OverheadActual   6: 8192 op, 10569.00 ns, 1.2902 ns/op
OverheadActual   7: 8192 op, 10585.00 ns, 1.2921 ns/op
OverheadActual   8: 8192 op, 12312.00 ns, 1.5029 ns/op
OverheadActual   9: 8192 op, 10558.00 ns, 1.2888 ns/op
OverheadActual  10: 8192 op, 10591.00 ns, 1.2928 ns/op
OverheadActual  11: 8192 op, 10569.00 ns, 1.2902 ns/op
OverheadActual  12: 8192 op, 10574.00 ns, 1.2908 ns/op
OverheadActual  13: 8192 op, 10577.00 ns, 1.2911 ns/op
OverheadActual  14: 8192 op, 10568.00 ns, 1.2900 ns/op
OverheadActual  15: 8192 op, 10586.00 ns, 1.2922 ns/op

WorkloadWarmup   1: 8192 op, 977931853.00 ns, 119.3764 us/op
WorkloadWarmup   2: 8192 op, 977684142.00 ns, 119.3462 us/op
WorkloadWarmup   3: 8192 op, 1017677630.00 ns, 124.2282 us/op
WorkloadWarmup   4: 8192 op, 1041232564.00 ns, 127.1036 us/op
WorkloadWarmup   5: 8192 op, 1031687518.00 ns, 125.9384 us/op
WorkloadWarmup   6: 8192 op, 1032366116.00 ns, 126.0213 us/op
WorkloadWarmup   7: 8192 op, 1028039898.00 ns, 125.4932 us/op

WorkloadActual   1: 8192 op, 1006216637.00 ns, 122.8292 us/op
WorkloadActual   2: 8192 op, 977985222.00 ns, 119.3830 us/op
WorkloadActual   3: 8192 op, 980255085.00 ns, 119.6600 us/op
WorkloadActual   4: 8192 op, 977223808.00 ns, 119.2900 us/op
WorkloadActual   5: 8192 op, 989219106.00 ns, 120.7543 us/op
WorkloadActual   6: 8192 op, 1045179034.00 ns, 127.5853 us/op
WorkloadActual   7: 8192 op, 1013697531.00 ns, 123.7424 us/op
WorkloadActual   8: 8192 op, 1013267269.00 ns, 123.6899 us/op
WorkloadActual   9: 8192 op, 1012844142.00 ns, 123.6382 us/op
WorkloadActual  10: 8192 op, 1016798435.00 ns, 124.1209 us/op
WorkloadActual  11: 8192 op, 1039943783.00 ns, 126.9463 us/op
WorkloadActual  12: 8192 op, 1031377630.00 ns, 125.9006 us/op
WorkloadActual  13: 8192 op, 1062345134.00 ns, 129.6808 us/op
WorkloadActual  14: 8192 op, 1004711954.00 ns, 122.6455 us/op
WorkloadActual  15: 8192 op, 977959330.00 ns, 119.3798 us/op
WorkloadActual  16: 8192 op, 978687580.00 ns, 119.4687 us/op
WorkloadActual  17: 8192 op, 977586044.00 ns, 119.3342 us/op
WorkloadActual  18: 8192 op, 977481471.00 ns, 119.3215 us/op
WorkloadActual  19: 8192 op, 976892994.00 ns, 119.2496 us/op
WorkloadActual  20: 8192 op, 977193390.00 ns, 119.2863 us/op
WorkloadActual  21: 8192 op, 977489854.00 ns, 119.3225 us/op
WorkloadActual  22: 8192 op, 976686605.00 ns, 119.2244 us/op
WorkloadActual  23: 8192 op, 976304776.00 ns, 119.1778 us/op
WorkloadActual  24: 8192 op, 976624636.00 ns, 119.2169 us/op
WorkloadActual  25: 8192 op, 976775806.00 ns, 119.2353 us/op

WorkloadResult   1: 8192 op, 1006206057.00 ns, 122.8279 us/op
WorkloadResult   2: 8192 op, 977974642.00 ns, 119.3817 us/op
WorkloadResult   3: 8192 op, 980244505.00 ns, 119.6588 us/op
WorkloadResult   4: 8192 op, 977213228.00 ns, 119.2887 us/op
WorkloadResult   5: 8192 op, 989208526.00 ns, 120.7530 us/op
WorkloadResult   6: 8192 op, 1045168454.00 ns, 127.5840 us/op
WorkloadResult   7: 8192 op, 1013686951.00 ns, 123.7411 us/op
WorkloadResult   8: 8192 op, 1013256689.00 ns, 123.6886 us/op
WorkloadResult   9: 8192 op, 1012833562.00 ns, 123.6369 us/op
WorkloadResult  10: 8192 op, 1016787855.00 ns, 124.1196 us/op
WorkloadResult  11: 8192 op, 1039933203.00 ns, 126.9450 us/op
WorkloadResult  12: 8192 op, 1031367050.00 ns, 125.8993 us/op
WorkloadResult  13: 8192 op, 1062334554.00 ns, 129.6795 us/op
WorkloadResult  14: 8192 op, 1004701374.00 ns, 122.6442 us/op
WorkloadResult  15: 8192 op, 977948750.00 ns, 119.3785 us/op
WorkloadResult  16: 8192 op, 978677000.00 ns, 119.4674 us/op
WorkloadResult  17: 8192 op, 977575464.00 ns, 119.3329 us/op
WorkloadResult  18: 8192 op, 977470891.00 ns, 119.3202 us/op
WorkloadResult  19: 8192 op, 976882414.00 ns, 119.2483 us/op
WorkloadResult  20: 8192 op, 977182810.00 ns, 119.2850 us/op
WorkloadResult  21: 8192 op, 977479274.00 ns, 119.3212 us/op
WorkloadResult  22: 8192 op, 976676025.00 ns, 119.2231 us/op
WorkloadResult  23: 8192 op, 976294196.00 ns, 119.1765 us/op
WorkloadResult  24: 8192 op, 976614056.00 ns, 119.2156 us/op
WorkloadResult  25: 8192 op, 976765226.00 ns, 119.2340 us/op
// GC:  0 0 0 4320 8192
// Threading:  0 0 8192


Mean = 121.682 μs, StdErr = 0.637 μs (0.52%), N = 25, StdDev = 3.185 μs
Min = 119.177 μs, Q1 = 119.289 μs, Median = 119.467 μs, Q3 = 123.689 μs, Max = 129.680 μs
IQR = 4.400 μs, LowerFence = 112.689 μs, UpperFence = 130.288 μs
ConfidenceInterval = [119.296 μs; 124.068 μs] (CI 99.9%), Margin = 2.386 μs (1.96% of Mean)
Skewness = 0.98, Kurtosis = 2.69, MValue = 2

// ** Remained 0 (0.0 %) benchmark(s) to run. Estimated finish 2026-09-17 23:18 (0h 0m from now) **
// ***** BenchmarkRunner: Finish  *****

// * Export *
  benchmarks/PairHandles/results/rung1-uniform-chunk/results/Tl.PairHandlesProbe.PairHandleBenchmarks-report.csv
  benchmarks/PairHandles/results/rung1-uniform-chunk/results/Tl.PairHandlesProbe.PairHandleBenchmarks-report-github.md
  benchmarks/PairHandles/results/rung1-uniform-chunk/results/Tl.PairHandlesProbe.PairHandleBenchmarks-report.html
  benchmarks/PairHandles/results/rung1-uniform-chunk/results/Tl.PairHandlesProbe.PairHandleBenchmarks-report-full.json

// * Detailed results *
PairHandleBenchmarks.Advance: Job-TZECNT(IterationCount=16, IterationTime=200ms, WarmupCount=8) [Shape=LaneUniform]
Runtime = .NET 10.0.12 (10.0.12, 10.0.1226.42308), X64 RyuJIT x86-64-v3; GC = Concurrent Workstation
Mean = 15.981 μs, StdErr = 0.005 μs (0.03%), N = 12, StdDev = 0.017 μs
Min = 15.949 μs, Q1 = 15.972 μs, Median = 15.982 μs, Q3 = 15.990 μs, Max = 16.014 μs
IQR = 0.018 μs, LowerFence = 15.945 μs, UpperFence = 16.017 μs
ConfidenceInterval = [15.959 μs; 16.004 μs] (CI 99.9%), Margin = 0.022 μs (0.14% of Mean)
Skewness = 0, Kurtosis = 2.33, MValue = 2
-------------------- Histogram --------------------
[15.939 μs ; 16.024 μs) | @@@@@@@@@@@@
---------------------------------------------------

PairHandleBenchmarks.Advance: InProcess(Toolchain=InProcessEmitToolchain) [Shape=LaneUniform]
Runtime = ; GC = 
Mean = 16.075 μs, StdErr = 0.086 μs (0.53%), N = 26, StdDev = 0.438 μs
Min = 15.590 μs, Q1 = 15.661 μs, Median = 15.933 μs, Q3 = 16.550 μs, Max = 16.911 μs
IQR = 0.889 μs, LowerFence = 14.328 μs, UpperFence = 17.883 μs
ConfidenceInterval = [15.754 μs; 16.395 μs] (CI 99.9%), Margin = 0.320 μs (1.99% of Mean)
Skewness = 0.38, Kurtosis = 1.45, MValue = 2
-------------------- Histogram --------------------
[15.396 μs ; 16.016 μs) | @@@@@@@@@@@@@@@
[16.016 μs ; 16.714 μs) | @@@@@@@@@@
[16.714 μs ; 17.105 μs) | @
---------------------------------------------------

PairHandleBenchmarks.Advance: Job-TZECNT(IterationCount=16, IterationTime=200ms, WarmupCount=8) [Shape=PairOne]
Runtime = .NET 10.0.12 (10.0.12, 10.0.1226.42308), X64 RyuJIT x86-64-v3; GC = Concurrent Workstation
Mean = 19.154 μs, StdErr = 0.241 μs (1.26%), N = 16, StdDev = 0.962 μs
Min = 18.169 μs, Q1 = 18.322 μs, Median = 18.863 μs, Q3 = 19.921 μs, Max = 21.059 μs
IQR = 1.599 μs, LowerFence = 15.923 μs, UpperFence = 22.320 μs
ConfidenceInterval = [18.174 μs; 20.133 μs] (CI 99.9%), Margin = 0.980 μs (5.11% of Mean)
Skewness = 0.57, Kurtosis = 1.86, MValue = 2
-------------------- Histogram --------------------
[18.117 μs ; 19.119 μs) | @@@@@@@@@
[19.119 μs ; 20.395 μs) | @@@@@
[20.395 μs ; 21.560 μs) | @@
---------------------------------------------------

PairHandleBenchmarks.Advance: InProcess(Toolchain=InProcessEmitToolchain) [Shape=PairOne]
Runtime = ; GC = 
Mean = 18.490 μs, StdErr = 0.004 μs (0.02%), N = 13, StdDev = 0.013 μs
Min = 18.478 μs, Q1 = 18.480 μs, Median = 18.486 μs, Q3 = 18.489 μs, Max = 18.523 μs
IQR = 0.009 μs, LowerFence = 18.467 μs, UpperFence = 18.503 μs
ConfidenceInterval = [18.474 μs; 18.505 μs] (CI 99.9%), Margin = 0.016 μs (0.08% of Mean)
Skewness = 1.44, Kurtosis = 4.03, MValue = 2
-------------------- Histogram --------------------
[18.470 μs ; 18.530 μs) | @@@@@@@@@@@@@
---------------------------------------------------

PairHandleBenchmarks.Advance: Job-TZECNT(IterationCount=16, IterationTime=200ms, WarmupCount=8) [Shape=PairRuns8]
Runtime = .NET 10.0.12 (10.0.12, 10.0.1226.42308), X64 RyuJIT x86-64-v3; GC = Concurrent Workstation
Mean = 55.775 μs, StdErr = 0.142 μs (0.25%), N = 16, StdDev = 0.567 μs
Min = 54.565 μs, Q1 = 55.400 μs, Median = 56.091 μs, Q3 = 56.140 μs, Max = 56.249 μs
IQR = 0.741 μs, LowerFence = 54.289 μs, UpperFence = 57.251 μs
ConfidenceInterval = [55.198 μs; 56.353 μs] (CI 99.9%), Margin = 0.577 μs (1.03% of Mean)
Skewness = -0.98, Kurtosis = 2.34, MValue = 2
-------------------- Histogram --------------------
[54.269 μs ; 56.544 μs) | @@@@@@@@@@@@@@@@
---------------------------------------------------

PairHandleBenchmarks.Advance: InProcess(Toolchain=InProcessEmitToolchain) [Shape=PairRuns8]
Runtime = ; GC = 
Mean = 55.982 μs, StdErr = 0.138 μs (0.25%), N = 14, StdDev = 0.516 μs
Min = 54.501 μs, Q1 = 55.846 μs, Median = 56.158 μs, Q3 = 56.248 μs, Max = 56.503 μs
IQR = 0.402 μs, LowerFence = 55.243 μs, UpperFence = 56.851 μs
ConfidenceInterval = [55.400 μs; 56.564 μs] (CI 99.9%), Margin = 0.582 μs (1.04% of Mean)
Skewness = -1.59, Kurtosis = 5.08, MValue = 2
-------------------- Histogram --------------------
[54.220 μs ; 56.784 μs) | @@@@@@@@@@@@@@
---------------------------------------------------

PairHandleBenchmarks.Advance: Job-TZECNT(IterationCount=16, IterationTime=200ms, WarmupCount=8) [Shape=PairAlternating8]
Runtime = .NET 10.0.12 (10.0.12, 10.0.1226.42308), X64 RyuJIT x86-64-v3; GC = Concurrent Workstation
Mean = 121.636 μs, StdErr = 0.086 μs (0.07%), N = 13, StdDev = 0.312 μs
Min = 121.383 μs, Q1 = 121.489 μs, Median = 121.514 μs, Q3 = 121.587 μs, Max = 122.554 μs
IQR = 0.099 μs, LowerFence = 121.341 μs, UpperFence = 121.735 μs
ConfidenceInterval = [121.263 μs; 122.009 μs] (CI 99.9%), Margin = 0.373 μs (0.31% of Mean)
Skewness = 1.94, Kurtosis = 5.92, MValue = 2
-------------------- Histogram --------------------
[121.209 μs ; 122.728 μs) | @@@@@@@@@@@@@
---------------------------------------------------

PairHandleBenchmarks.Advance: InProcess(Toolchain=InProcessEmitToolchain) [Shape=PairAlternating8]
Runtime = ; GC = 
Mean = 121.682 μs, StdErr = 0.637 μs (0.52%), N = 25, StdDev = 3.185 μs
Min = 119.177 μs, Q1 = 119.289 μs, Median = 119.467 μs, Q3 = 123.689 μs, Max = 129.680 μs
IQR = 4.400 μs, LowerFence = 112.689 μs, UpperFence = 130.288 μs
ConfidenceInterval = [119.296 μs; 124.068 μs] (CI 99.9%), Margin = 2.386 μs (1.96% of Mean)
Skewness = 0.98, Kurtosis = 2.69, MValue = 2
-------------------- Histogram --------------------
[118.535 μs ; 121.394 μs) | @@@@@@@@@@@@@@@
[121.394 μs ; 124.812 μs) | @@@@@@
[124.812 μs ; 128.171 μs) | @@@
[128.171 μs ; 131.109 μs) | @
---------------------------------------------------

// * Summary *

BenchmarkDotNet v0.15.8, Linux Omarchy
Intel Core i9-14900K 0.80GHz, 1 CPU, 32 logical and 24 physical cores
.NET SDK 10.0.401
  [Host]     : .NET 10.0.12 (10.0.12, 10.0.1226.42308), X64 RyuJIT x86-64-v3
  Job-TZECNT : .NET 10.0.12 (10.0.12, 10.0.1226.42308), X64 RyuJIT x86-64-v3


| Method  | Job        | Toolchain              | IterationCount | IterationTime | WarmupCount | Shape            | Mean      | Error    | StdDev   | Median    | Allocated |
|-------- |----------- |----------------------- |--------------- |-------------- |------------ |----------------- |----------:|---------:|---------:|----------:|----------:|
| Advance | Job-TZECNT | Default                | 16             | 200ms         | 8           | LaneUniform      |  15.98 μs | 0.022 μs | 0.017 μs |  15.98 μs |         - |
| Advance | InProcess  | InProcessEmitToolchain | Default        | Default       | Default     | LaneUniform      |  16.07 μs | 0.320 μs | 0.438 μs |  15.93 μs |         - |
| Advance | Job-TZECNT | Default                | 16             | 200ms         | 8           | PairOne          |  19.15 μs | 0.980 μs | 0.962 μs |  18.86 μs |         - |
| Advance | InProcess  | InProcessEmitToolchain | Default        | Default       | Default     | PairOne          |  18.49 μs | 0.016 μs | 0.013 μs |  18.49 μs |         - |
| Advance | Job-TZECNT | Default                | 16             | 200ms         | 8           | PairRuns8        |  55.78 μs | 0.577 μs | 0.567 μs |  56.09 μs |         - |
| Advance | InProcess  | InProcessEmitToolchain | Default        | Default       | Default     | PairRuns8        |  55.98 μs | 0.582 μs | 0.516 μs |  56.16 μs |         - |
| Advance | Job-TZECNT | Default                | 16             | 200ms         | 8           | PairAlternating8 | 121.64 μs | 0.373 μs | 0.312 μs | 121.51 μs |         - |
| Advance | InProcess  | InProcessEmitToolchain | Default        | Default       | Default     | PairAlternating8 | 121.68 μs | 2.386 μs | 3.185 μs | 119.47 μs |       1 B |

// * Hints *
Outliers
  PairHandleBenchmarks.Advance: IterationCount=16, IterationTime=200ms, WarmupCount=8 -> 4 outliers were removed (17.92 μs..19.28 μs)
  PairHandleBenchmarks.Advance: InProcess                                             -> 2 outliers were removed (19.37 μs, 21.46 μs)
  PairHandleBenchmarks.Advance: InProcess                                             -> 1 outlier  was  removed, 2 outliers were detected (54.50 μs, 58.45 μs)
  PairHandleBenchmarks.Advance: IterationCount=16, IterationTime=200ms, WarmupCount=8 -> 3 outliers were removed (127.43 μs..128.38 μs)

// * Legends *
  Shape     : Value of the 'Shape' parameter
  Mean      : Arithmetic mean of all measurements
  Error     : Half of 99.9% confidence interval
  StdDev    : Standard deviation of all measurements
  Median    : Value separating the higher half of all measurements (50th percentile)
  Allocated : Allocated memory per single operation (managed only, inclusive, 1KB = 1024B)
  1 μs      : 1 Microsecond (0.000001 sec)

// * Diagnostic Output - MemoryDiagnoser *


// ***** BenchmarkRunner: End *****
Run time: 00:02:02 (122.27 sec), executed benchmarks: 8

Global total time: 00:02:05 (125.88 sec), executed benchmarks: 8
// * Artifacts cleanup *
Artifacts cleanup is finished
