// Validating benchmarks:
// ***** BenchmarkRunner: Start   *****
// ***** Found 6 benchmark(s) in total *****
// ***** Building 1 exe(s) in Parallel: Start   *****
// start dotnet  restore --nodeReuse:false /p:UseSharedCompilation=false /p:Deterministic=true /p:Optimize=true /p:ArtifactsPath="/home/i/Work/tl-integration/benchmarks/KernelCompare/bin/Release/net10.0/KernelCompare-JitCore4-1/" /p:OutDir="/home/i/Work/tl-integration/benchmarks/KernelCompare/bin/Release/net10.0/KernelCompare-JitCore4-1/bin/Release/net10.0/" /p:OutputPath="/home/i/Work/tl-integration/benchmarks/KernelCompare/bin/Release/net10.0/KernelCompare-JitCore4-1/bin/Release/net10.0/" /p:PublishDir="/home/i/Work/tl-integration/benchmarks/KernelCompare/bin/Release/net10.0/KernelCompare-JitCore4-1/publish/" in /home/i/Work/tl-integration/benchmarks/KernelCompare/bin/Release/net10.0/KernelCompare-JitCore4-1
// command took 0.58 sec and exited with 0
// start dotnet  build -c Release --no-restore --nodeReuse:false /p:UseSharedCompilation=false /p:Deterministic=true /p:Optimize=true /p:ArtifactsPath="/home/i/Work/tl-integration/benchmarks/KernelCompare/bin/Release/net10.0/KernelCompare-JitCore4-1/" /p:OutDir="/home/i/Work/tl-integration/benchmarks/KernelCompare/bin/Release/net10.0/KernelCompare-JitCore4-1/bin/Release/net10.0/" /p:OutputPath="/home/i/Work/tl-integration/benchmarks/KernelCompare/bin/Release/net10.0/KernelCompare-JitCore4-1/bin/Release/net10.0/" /p:PublishDir="/home/i/Work/tl-integration/benchmarks/KernelCompare/bin/Release/net10.0/KernelCompare-JitCore4-1/publish/" --output "/home/i/Work/tl-integration/benchmarks/KernelCompare/bin/Release/net10.0/KernelCompare-JitCore4-1/bin/Release/net10.0/" in /home/i/Work/tl-integration/benchmarks/KernelCompare/bin/Release/net10.0/KernelCompare-JitCore4-1
// command took 5.3 sec and exited with 0
// ***** Done, took 00:00:05 (5.92 sec)   *****
// Found 6 benchmarks:
//   KernelBenchmarks.SequentialSingle: JitCore4(Affinity=10000, IterationCount=12, IterationTime=1s, WarmupCount=12)
//   KernelBenchmarks.RandomSingle: JitCore4(Affinity=10000, IterationCount=12, IterationTime=1s, WarmupCount=12)
//   KernelBenchmarks.SameTickSingle: JitCore4(Affinity=10000, IterationCount=12, IterationTime=1s, WarmupCount=12)
//   KernelBenchmarks.SequentialBatch8: JitCore4(Affinity=10000, IterationCount=12, IterationTime=1s, WarmupCount=12)
//   KernelBenchmarks.RandomBatch8: JitCore4(Affinity=10000, IterationCount=12, IterationTime=1s, WarmupCount=12)
//   KernelBenchmarks.SameTickBatch8: JitCore4(Affinity=10000, IterationCount=12, IterationTime=1s, WarmupCount=12)

// **************************
// Benchmark: KernelBenchmarks.SequentialSingle: JitCore4(Affinity=10000, IterationCount=12, IterationTime=1s, WarmupCount=12)
// *** Execute ***
// Launch: 1 / 1
// Execute: dotnet KernelCompare-JitCore4-1.dll --anonymousPipes 129 130 --benchmarkName KernelBenchmarks.SequentialSingle --job JitCore4 --benchmarkId 0 in /home/i/Work/tl-integration/benchmarks/KernelCompare/bin/Release/net10.0/KernelCompare-JitCore4-1/bin/Release/net10.0
// Failed to set up high priority (Permission denied). In order to run benchmarks with high priority, make sure you have the right permissions.
// ! Failed to set up processor affinity 0x10 for process System.Diagnostics.Process (dotnet). Make sure you have the right permissions. Message: Invalid argument
// BeforeAnythingElse

// Benchmark Process Environment Information:
// BenchmarkDotNet v0.15.8
// Runtime=.NET 10.0.11 (10.0.11, 10.0.1126.37416), X64 RyuJIT x86-64-v3
// GC=Concurrent Workstation
// HardwareIntrinsics=AVX2+BMI1+BMI2+F16C+FMA+LZCNT+MOVBE,AVX,SSE3+SSSE3+SSE4.1+SSE4.2+POPCNT,X86Base+SSE+SSE2,AES+PCLMUL,AvxVnni,SERIALIZE VectorSize=256
// Job: JitCore4(Affinity=10000, IterationCount=12, IterationTime=1s, WarmupCount=12)

OverheadJitting  1: 4096 op, 107601.00 ns, 26.2698 ns/op
WorkloadJitting  1: 4096 op, 2673156.00 ns, 652.6260 ns/op

OverheadJitting  2: 65536 op, 117589.00 ns, 1.7943 ns/op
WorkloadJitting  2: 65536 op, 5374271.00 ns, 82.0049 ns/op

WorkloadPilot    1: 65536 op, 4758936.00 ns, 72.6156 ns/op
Cpus_allowed_list: 4
WorkloadPilot    2: 13828096 op, 1000986506.00 ns, 72.3879 ns/op

OverheadWarmup   1: 13828096 op, 4701.00 ns, 0.0003 ns/op
OverheadWarmup   2: 13828096 op, 4454.00 ns, 0.0003 ns/op
OverheadWarmup   3: 13828096 op, 4396.00 ns, 0.0003 ns/op
OverheadWarmup   4: 13828096 op, 4380.00 ns, 0.0003 ns/op
OverheadWarmup   5: 13828096 op, 4468.00 ns, 0.0003 ns/op
OverheadWarmup   6: 13828096 op, 4391.00 ns, 0.0003 ns/op
OverheadWarmup   7: 13828096 op, 4389.00 ns, 0.0003 ns/op
OverheadWarmup   8: 13828096 op, 4408.00 ns, 0.0003 ns/op
OverheadWarmup   9: 13828096 op, 4394.00 ns, 0.0003 ns/op

OverheadActual   1: 13828096 op, 4549.00 ns, 0.0003 ns/op
OverheadActual   2: 13828096 op, 4569.00 ns, 0.0003 ns/op
OverheadActual   3: 13828096 op, 4580.00 ns, 0.0003 ns/op
OverheadActual   4: 13828096 op, 4464.00 ns, 0.0003 ns/op
OverheadActual   5: 13828096 op, 4569.00 ns, 0.0003 ns/op
OverheadActual   6: 13828096 op, 4429.00 ns, 0.0003 ns/op
OverheadActual   7: 13828096 op, 4365.00 ns, 0.0003 ns/op
OverheadActual   8: 13828096 op, 4394.00 ns, 0.0003 ns/op
OverheadActual   9: 13828096 op, 4369.00 ns, 0.0003 ns/op
OverheadActual  10: 13828096 op, 4360.00 ns, 0.0003 ns/op
OverheadActual  11: 13828096 op, 4362.00 ns, 0.0003 ns/op
OverheadActual  12: 13828096 op, 4388.00 ns, 0.0003 ns/op
OverheadActual  13: 13828096 op, 4388.00 ns, 0.0003 ns/op
OverheadActual  14: 13828096 op, 4365.00 ns, 0.0003 ns/op
OverheadActual  15: 13828096 op, 4389.00 ns, 0.0003 ns/op

WorkloadWarmup   1: 13828096 op, 1028508982.00 ns, 74.3782 ns/op
WorkloadWarmup   2: 13828096 op, 929401237.00 ns, 67.2111 ns/op
WorkloadWarmup   3: 13828096 op, 221630584.00 ns, 16.0276 ns/op
WorkloadWarmup   4: 13828096 op, 222584283.00 ns, 16.0965 ns/op
WorkloadWarmup   5: 13828096 op, 221477042.00 ns, 16.0165 ns/op
WorkloadWarmup   6: 13828096 op, 223285224.00 ns, 16.1472 ns/op
WorkloadWarmup   7: 13828096 op, 223278442.00 ns, 16.1467 ns/op
WorkloadWarmup   8: 13828096 op, 221606040.00 ns, 16.0258 ns/op
WorkloadWarmup   9: 13828096 op, 221577008.00 ns, 16.0237 ns/op
WorkloadWarmup  10: 13828096 op, 224920707.00 ns, 16.2655 ns/op
WorkloadWarmup  11: 13828096 op, 222031756.00 ns, 16.0566 ns/op
WorkloadWarmup  12: 13828096 op, 221169384.00 ns, 15.9942 ns/op

// BeforeActualRun
WorkloadActual   1: 13828096 op, 220860668.00 ns, 15.9719 ns/op
WorkloadActual   2: 13828096 op, 222649603.00 ns, 16.1012 ns/op
WorkloadActual   3: 13828096 op, 221764983.00 ns, 16.0373 ns/op
WorkloadActual   4: 13828096 op, 221075824.00 ns, 15.9874 ns/op
WorkloadActual   5: 13828096 op, 220971909.00 ns, 15.9799 ns/op
WorkloadActual   6: 13828096 op, 221195770.00 ns, 15.9961 ns/op
WorkloadActual   7: 13828096 op, 221053897.00 ns, 15.9859 ns/op
WorkloadActual   8: 13828096 op, 241019774.00 ns, 17.4297 ns/op
WorkloadActual   9: 13828096 op, 220963855.00 ns, 15.9793 ns/op
WorkloadActual  10: 13828096 op, 221064710.00 ns, 15.9866 ns/op
WorkloadActual  11: 13828096 op, 221278072.00 ns, 16.0021 ns/op
WorkloadActual  12: 13828096 op, 221387350.00 ns, 16.0100 ns/op

// AfterActualRun
WorkloadResult   1: 13828096 op, 220856279.00 ns, 15.9716 ns/op
WorkloadResult   2: 13828096 op, 221760594.00 ns, 16.0370 ns/op
WorkloadResult   3: 13828096 op, 221071435.00 ns, 15.9871 ns/op
WorkloadResult   4: 13828096 op, 220967520.00 ns, 15.9796 ns/op
WorkloadResult   5: 13828096 op, 221191381.00 ns, 15.9958 ns/op
WorkloadResult   6: 13828096 op, 221049508.00 ns, 15.9855 ns/op
WorkloadResult   7: 13828096 op, 220959466.00 ns, 15.9790 ns/op
WorkloadResult   8: 13828096 op, 221060321.00 ns, 15.9863 ns/op
WorkloadResult   9: 13828096 op, 221273683.00 ns, 16.0017 ns/op
WorkloadResult  10: 13828096 op, 221382961.00 ns, 16.0096 ns/op
// GC:  0 0 0 0 13828096
// Threading:  0 0 13828096

// AfterAll
// Benchmark Process 147 has exited with code 0.

Mean = 15.993 ns, StdErr = 0.006 ns (0.04%), N = 10, StdDev = 0.019 ns
Min = 15.972 ns, Q1 = 15.981 ns, Median = 15.987 ns, Q3 = 16.000 ns, Max = 16.037 ns
IQR = 0.019 ns, LowerFence = 15.952 ns, UpperFence = 16.029 ns
ConfidenceInterval = [15.965 ns; 16.022 ns] (CI 99.9%), Margin = 0.029 ns (0.18% of Mean)
Skewness = 1.03, Kurtosis = 3.05, MValue = 2

// ** Remained 5 (83.3 %) benchmark(s) to run. Estimated finish 2026-09-09 1:53 (0h 0m from now) **
// **************************
// Benchmark: KernelBenchmarks.RandomSingle: JitCore4(Affinity=10000, IterationCount=12, IterationTime=1s, WarmupCount=12)
// *** Execute ***
// Launch: 1 / 1
// Execute: dotnet KernelCompare-JitCore4-1.dll --anonymousPipes 129 130 --benchmarkName KernelBenchmarks.RandomSingle --job JitCore4 --benchmarkId 1 in /home/i/Work/tl-integration/benchmarks/KernelCompare/bin/Release/net10.0/KernelCompare-JitCore4-1/bin/Release/net10.0
// Failed to set up high priority (Permission denied). In order to run benchmarks with high priority, make sure you have the right permissions.
// ! Failed to set up processor affinity 0x10 for process System.Diagnostics.Process (dotnet). Make sure you have the right permissions. Message: Invalid argument
// BeforeAnythingElse

// Benchmark Process Environment Information:
// BenchmarkDotNet v0.15.8
// Runtime=.NET 10.0.11 (10.0.11, 10.0.1126.37416), X64 RyuJIT x86-64-v3
// GC=Concurrent Workstation
// HardwareIntrinsics=AVX2+BMI1+BMI2+F16C+FMA+LZCNT+MOVBE,AVX,SSE3+SSSE3+SSE4.1+SSE4.2+POPCNT,X86Base+SSE+SSE2,AES+PCLMUL,AvxVnni,SERIALIZE VectorSize=256
// Job: JitCore4(Affinity=10000, IterationCount=12, IterationTime=1s, WarmupCount=12)

Cpus_allowed_list: 4
OverheadJitting  1: 4096 op, 107519.00 ns, 26.2498 ns/op
WorkloadJitting  1: 4096 op, 2699172.00 ns, 658.9775 ns/op

OverheadJitting  2: 65536 op, 117161.00 ns, 1.7877 ns/op
WorkloadJitting  2: 65536 op, 5941771.00 ns, 90.6642 ns/op

WorkloadPilot    1: 65536 op, 5190671.00 ns, 79.2034 ns/op
WorkloadPilot    2: 12648448 op, 973141201.00 ns, 76.9376 ns/op
WorkloadPilot    3: 13041664 op, 1002794738.00 ns, 76.8916 ns/op

OverheadWarmup   1: 13041664 op, 5708.00 ns, 0.0004 ns/op
OverheadWarmup   2: 13041664 op, 5412.00 ns, 0.0004 ns/op
OverheadWarmup   3: 13041664 op, 5351.00 ns, 0.0004 ns/op
OverheadWarmup   4: 13041664 op, 5279.00 ns, 0.0004 ns/op
OverheadWarmup   5: 13041664 op, 5352.00 ns, 0.0004 ns/op
OverheadWarmup   6: 13041664 op, 5449.00 ns, 0.0004 ns/op
OverheadWarmup   7: 13041664 op, 5355.00 ns, 0.0004 ns/op
OverheadWarmup   8: 13041664 op, 5357.00 ns, 0.0004 ns/op
OverheadWarmup   9: 13041664 op, 5328.00 ns, 0.0004 ns/op

OverheadActual   1: 13041664 op, 5522.00 ns, 0.0004 ns/op
OverheadActual   2: 13041664 op, 5514.00 ns, 0.0004 ns/op
OverheadActual   3: 13041664 op, 5491.00 ns, 0.0004 ns/op
OverheadActual   4: 13041664 op, 5508.00 ns, 0.0004 ns/op
OverheadActual   5: 13041664 op, 5491.00 ns, 0.0004 ns/op
OverheadActual   6: 13041664 op, 5343.00 ns, 0.0004 ns/op
OverheadActual   7: 13041664 op, 5307.00 ns, 0.0004 ns/op
OverheadActual   8: 13041664 op, 5556.00 ns, 0.0004 ns/op
OverheadActual   9: 13041664 op, 5376.00 ns, 0.0004 ns/op
OverheadActual  10: 13041664 op, 5342.00 ns, 0.0004 ns/op
OverheadActual  11: 13041664 op, 5309.00 ns, 0.0004 ns/op
OverheadActual  12: 13041664 op, 5611.00 ns, 0.0004 ns/op
OverheadActual  13: 13041664 op, 5347.00 ns, 0.0004 ns/op
OverheadActual  14: 13041664 op, 5465.00 ns, 0.0004 ns/op
OverheadActual  15: 13041664 op, 5398.00 ns, 0.0004 ns/op

WorkloadWarmup   1: 13041664 op, 329049870.00 ns, 25.2307 ns/op
WorkloadWarmup   2: 13041664 op, 312883062.00 ns, 23.9910 ns/op
WorkloadWarmup   3: 13041664 op, 312605922.00 ns, 23.9698 ns/op
WorkloadWarmup   4: 13041664 op, 313358916.00 ns, 24.0275 ns/op
WorkloadWarmup   5: 13041664 op, 313363971.00 ns, 24.0279 ns/op
WorkloadWarmup   6: 13041664 op, 313288124.00 ns, 24.0221 ns/op
WorkloadWarmup   7: 13041664 op, 354706808.00 ns, 27.1980 ns/op
WorkloadWarmup   8: 13041664 op, 312809474.00 ns, 23.9854 ns/op
WorkloadWarmup   9: 13041664 op, 312789179.00 ns, 23.9838 ns/op
WorkloadWarmup  10: 13041664 op, 311863532.00 ns, 23.9129 ns/op
WorkloadWarmup  11: 13041664 op, 313409013.00 ns, 24.0314 ns/op
WorkloadWarmup  12: 13041664 op, 313024825.00 ns, 24.0019 ns/op

// BeforeActualRun
WorkloadActual   1: 13041664 op, 312982959.00 ns, 23.9987 ns/op
WorkloadActual   2: 13041664 op, 316523060.00 ns, 24.2701 ns/op
WorkloadActual   3: 13041664 op, 313051100.00 ns, 24.0039 ns/op
WorkloadActual   4: 13041664 op, 312557804.00 ns, 23.9661 ns/op
WorkloadActual   5: 13041664 op, 321152751.00 ns, 24.6251 ns/op
WorkloadActual   6: 13041664 op, 312934113.00 ns, 23.9950 ns/op
WorkloadActual   7: 13041664 op, 312593890.00 ns, 23.9689 ns/op
WorkloadActual   8: 13041664 op, 312618428.00 ns, 23.9707 ns/op
WorkloadActual   9: 13041664 op, 313406903.00 ns, 24.0312 ns/op
WorkloadActual  10: 13041664 op, 327969638.00 ns, 25.1478 ns/op
WorkloadActual  11: 13041664 op, 313087587.00 ns, 24.0067 ns/op
WorkloadActual  12: 13041664 op, 312446577.00 ns, 23.9576 ns/op

// AfterActualRun
WorkloadResult   1: 13041664 op, 312977494.00 ns, 23.9983 ns/op
WorkloadResult   2: 13041664 op, 316517595.00 ns, 24.2697 ns/op
WorkloadResult   3: 13041664 op, 313045635.00 ns, 24.0035 ns/op
WorkloadResult   4: 13041664 op, 312552339.00 ns, 23.9657 ns/op
WorkloadResult   5: 13041664 op, 312928648.00 ns, 23.9945 ns/op
WorkloadResult   6: 13041664 op, 312588425.00 ns, 23.9684 ns/op
WorkloadResult   7: 13041664 op, 312612963.00 ns, 23.9703 ns/op
WorkloadResult   8: 13041664 op, 313401438.00 ns, 24.0308 ns/op
WorkloadResult   9: 13041664 op, 313082122.00 ns, 24.0063 ns/op
WorkloadResult  10: 13041664 op, 312441112.00 ns, 23.9572 ns/op
// GC:  0 0 0 0 13041664
// Threading:  0 0 13041664

// AfterAll
// Benchmark Process 155 has exited with code 0.

Mean = 24.016 ns, StdErr = 0.029 ns (0.12%), N = 10, StdDev = 0.092 ns
Min = 23.957 ns, Q1 = 23.969 ns, Median = 23.996 ns, Q3 = 24.006 ns, Max = 24.270 ns
IQR = 0.037 ns, LowerFence = 23.914 ns, UpperFence = 24.061 ns
ConfidenceInterval = [23.878 ns; 24.155 ns] (CI 99.9%), Margin = 0.139 ns (0.58% of Mean)
Skewness = 2.02, Kurtosis = 5.82, MValue = 2

// ** Remained 4 (66.7 %) benchmark(s) to run. Estimated finish 2026-09-09 1:53 (0h 0m from now) **
// **************************
// Benchmark: KernelBenchmarks.SameTickSingle: JitCore4(Affinity=10000, IterationCount=12, IterationTime=1s, WarmupCount=12)
// *** Execute ***
// Launch: 1 / 1
// Execute: dotnet KernelCompare-JitCore4-1.dll --anonymousPipes 129 130 --benchmarkName KernelBenchmarks.SameTickSingle --job JitCore4 --benchmarkId 2 in /home/i/Work/tl-integration/benchmarks/KernelCompare/bin/Release/net10.0/KernelCompare-JitCore4-1/bin/Release/net10.0
// Failed to set up high priority (Permission denied). In order to run benchmarks with high priority, make sure you have the right permissions.
// ! Failed to set up processor affinity 0x10 for process System.Diagnostics.Process (dotnet). Make sure you have the right permissions. Message: Invalid argument
// BeforeAnythingElse

// Benchmark Process Environment Information:
// BenchmarkDotNet v0.15.8
// Runtime=.NET 10.0.11 (10.0.11, 10.0.1126.37416), X64 RyuJIT x86-64-v3
// GC=Concurrent Workstation
// HardwareIntrinsics=AVX2+BMI1+BMI2+F16C+FMA+LZCNT+MOVBE,AVX,SSE3+SSSE3+SSE4.1+SSE4.2+POPCNT,X86Base+SSE+SSE2,AES+PCLMUL,AvxVnni,SERIALIZE VectorSize=256
// Job: JitCore4(Affinity=10000, IterationCount=12, IterationTime=1s, WarmupCount=12)

Cpus_allowed_list: 4
OverheadJitting  1: 4096 op, 104118.00 ns, 25.4194 ns/op
WorkloadJitting  1: 4096 op, 2726335.00 ns, 665.6091 ns/op

OverheadJitting  2: 65536 op, 119367.00 ns, 1.8214 ns/op
WorkloadJitting  2: 65536 op, 7008876.00 ns, 106.9470 ns/op

WorkloadPilot    1: 65536 op, 6132288.00 ns, 93.5713 ns/op
WorkloadPilot    2: 10747904 op, 997254914.00 ns, 92.7860 ns/op
WorkloadPilot    3: 10813440 op, 976433099.00 ns, 90.2981 ns/op
WorkloadPilot    4: 11075584 op, 216232395.00 ns, 19.5233 ns/op
WorkloadPilot    5: 51249152 op, 922826432.00 ns, 18.0067 ns/op
WorkloadPilot    6: 55574528 op, 999707052.00 ns, 17.9886 ns/op
WorkloadPilot    7: 55640064 op, 1002667654.00 ns, 18.0206 ns/op
WorkloadPilot    8: 55508992 op, 1000229590.00 ns, 18.0192 ns/op

OverheadWarmup   1: 55508992 op, 27433.00 ns, 0.0005 ns/op
OverheadWarmup   2: 55508992 op, 22326.00 ns, 0.0004 ns/op
OverheadWarmup   3: 55508992 op, 22356.00 ns, 0.0004 ns/op
OverheadWarmup   4: 55508992 op, 22344.00 ns, 0.0004 ns/op
OverheadWarmup   5: 55508992 op, 22536.00 ns, 0.0004 ns/op
OverheadWarmup   6: 55508992 op, 22346.00 ns, 0.0004 ns/op

OverheadActual   1: 55508992 op, 22969.00 ns, 0.0004 ns/op
OverheadActual   2: 55508992 op, 22506.00 ns, 0.0004 ns/op
OverheadActual   3: 55508992 op, 22496.00 ns, 0.0004 ns/op
OverheadActual   4: 55508992 op, 22567.00 ns, 0.0004 ns/op
OverheadActual   5: 55508992 op, 22433.00 ns, 0.0004 ns/op
OverheadActual   6: 55508992 op, 22354.00 ns, 0.0004 ns/op
OverheadActual   7: 55508992 op, 22348.00 ns, 0.0004 ns/op
OverheadActual   8: 55508992 op, 22318.00 ns, 0.0004 ns/op
OverheadActual   9: 55508992 op, 22501.00 ns, 0.0004 ns/op
OverheadActual  10: 55508992 op, 22326.00 ns, 0.0004 ns/op
OverheadActual  11: 55508992 op, 22384.00 ns, 0.0004 ns/op
OverheadActual  12: 55508992 op, 22354.00 ns, 0.0004 ns/op
OverheadActual  13: 55508992 op, 22381.00 ns, 0.0004 ns/op
OverheadActual  14: 55508992 op, 22508.00 ns, 0.0004 ns/op
OverheadActual  15: 55508992 op, 22352.00 ns, 0.0004 ns/op

WorkloadWarmup   1: 55508992 op, 998353094.00 ns, 17.9854 ns/op
WorkloadWarmup   2: 55508992 op, 999677249.00 ns, 18.0093 ns/op
WorkloadWarmup   3: 55508992 op, 998583562.00 ns, 17.9896 ns/op
WorkloadWarmup   4: 55508992 op, 1032165492.00 ns, 18.5946 ns/op
WorkloadWarmup   5: 55508992 op, 997781638.00 ns, 17.9751 ns/op
WorkloadWarmup   6: 55508992 op, 998638465.00 ns, 17.9906 ns/op
WorkloadWarmup   7: 55508992 op, 998535593.00 ns, 17.9887 ns/op
WorkloadWarmup   8: 55508992 op, 998295561.00 ns, 17.9844 ns/op
WorkloadWarmup   9: 55508992 op, 998943012.00 ns, 17.9961 ns/op
WorkloadWarmup  10: 55508992 op, 1001231327.00 ns, 18.0373 ns/op
WorkloadWarmup  11: 55508992 op, 998435211.00 ns, 17.9869 ns/op
WorkloadWarmup  12: 55508992 op, 1000875385.00 ns, 18.0309 ns/op

// BeforeActualRun
WorkloadActual   1: 55508992 op, 998406350.00 ns, 17.9864 ns/op
WorkloadActual   2: 55508992 op, 997885252.00 ns, 17.9770 ns/op
WorkloadActual   3: 55508992 op, 998692265.00 ns, 17.9915 ns/op
WorkloadActual   4: 55508992 op, 998321390.00 ns, 17.9849 ns/op
WorkloadActual   5: 55508992 op, 998384586.00 ns, 17.9860 ns/op
WorkloadActual   6: 55508992 op, 998377481.00 ns, 17.9859 ns/op
WorkloadActual   7: 55508992 op, 1012161434.00 ns, 18.2342 ns/op
WorkloadActual   8: 55508992 op, 998285115.00 ns, 17.9842 ns/op
WorkloadActual   9: 55508992 op, 999235579.00 ns, 18.0013 ns/op
WorkloadActual  10: 55508992 op, 999558938.00 ns, 18.0072 ns/op
WorkloadActual  11: 55508992 op, 998834729.00 ns, 17.9941 ns/op
WorkloadActual  12: 55508992 op, 999018031.00 ns, 17.9974 ns/op

// AfterActualRun
WorkloadResult   1: 55508992 op, 998383966.00 ns, 17.9860 ns/op
WorkloadResult   2: 55508992 op, 997862868.00 ns, 17.9766 ns/op
WorkloadResult   3: 55508992 op, 998669881.00 ns, 17.9911 ns/op
WorkloadResult   4: 55508992 op, 998299006.00 ns, 17.9845 ns/op
WorkloadResult   5: 55508992 op, 998362202.00 ns, 17.9856 ns/op
WorkloadResult   6: 55508992 op, 998355097.00 ns, 17.9855 ns/op
WorkloadResult   7: 55508992 op, 998262731.00 ns, 17.9838 ns/op
WorkloadResult   8: 55508992 op, 999213195.00 ns, 18.0009 ns/op
WorkloadResult   9: 55508992 op, 999536554.00 ns, 18.0068 ns/op
WorkloadResult  10: 55508992 op, 998812345.00 ns, 17.9937 ns/op
WorkloadResult  11: 55508992 op, 998995647.00 ns, 17.9970 ns/op
// GC:  0 0 0 0 55508992
// Threading:  0 0 55508992

// AfterAll
// Benchmark Process 163 has exited with code 0.

Mean = 17.990 ns, StdErr = 0.003 ns (0.01%), N = 11, StdDev = 0.009 ns
Min = 17.977 ns, Q1 = 17.985 ns, Median = 17.986 ns, Q3 = 17.995 ns, Max = 18.007 ns
IQR = 0.010 ns, LowerFence = 17.969 ns, UpperFence = 18.011 ns
ConfidenceInterval = [17.978 ns; 18.002 ns] (CI 99.9%), Margin = 0.012 ns (0.07% of Mean)
Skewness = 0.41, Kurtosis = 1.99, MValue = 2

// ** Remained 3 (50.0 %) benchmark(s) to run. Estimated finish 2026-09-09 1:54 (0h 0m from now) **
// **************************
// Benchmark: KernelBenchmarks.SequentialBatch8: JitCore4(Affinity=10000, IterationCount=12, IterationTime=1s, WarmupCount=12)
// *** Execute ***
// Launch: 1 / 1
// Execute: dotnet KernelCompare-JitCore4-1.dll --anonymousPipes 129 130 --benchmarkName KernelBenchmarks.SequentialBatch8 --job JitCore4 --benchmarkId 3 in /home/i/Work/tl-integration/benchmarks/KernelCompare/bin/Release/net10.0/KernelCompare-JitCore4-1/bin/Release/net10.0
// Failed to set up high priority (Permission denied). In order to run benchmarks with high priority, make sure you have the right permissions.
// ! Failed to set up processor affinity 0x10 for process System.Diagnostics.Process (dotnet). Make sure you have the right permissions. Message: Invalid argument
// BeforeAnythingElse

// Benchmark Process Environment Information:
// BenchmarkDotNet v0.15.8
// Runtime=.NET 10.0.11 (10.0.11, 10.0.1126.37416), X64 RyuJIT x86-64-v3
// GC=Concurrent Workstation
// HardwareIntrinsics=AVX2+BMI1+BMI2+F16C+FMA+LZCNT+MOVBE,AVX,SSE3+SSSE3+SSE4.1+SSE4.2+POPCNT,X86Base+SSE+SSE2,AES+PCLMUL,AvxVnni,SERIALIZE VectorSize=256
// Job: JitCore4(Affinity=10000, IterationCount=12, IterationTime=1s, WarmupCount=12)

Cpus_allowed_list: 4
OverheadJitting  1: 4096 op, 101563.00 ns, 24.7957 ns/op
WorkloadJitting  1: 4096 op, 2649525.00 ns, 646.8567 ns/op

OverheadJitting  2: 65536 op, 127525.00 ns, 1.9459 ns/op
WorkloadJitting  2: 65536 op, 5380050.00 ns, 82.0930 ns/op

WorkloadPilot    1: 65536 op, 4404382.00 ns, 67.2055 ns/op
WorkloadPilot    2: 14942208 op, 960464010.00 ns, 64.2786 ns/op
WorkloadPilot    3: 15597568 op, 959865618.00 ns, 61.5394 ns/op
WorkloadPilot    4: 16252928 op, 166751833.00 ns, 10.2598 ns/op
WorkloadPilot    5: 97517568 op, 1000862840.00 ns, 10.2634 ns/op
WorkloadPilot    6: 97452032 op, 999685046.00 ns, 10.2582 ns/op
WorkloadPilot    7: 97517568 op, 1000989872.00 ns, 10.2647 ns/op
WorkloadPilot    8: 97452032 op, 1000692445.00 ns, 10.2686 ns/op

OverheadWarmup   1: 97452032 op, 40025.00 ns, 0.0004 ns/op
OverheadWarmup   2: 97452032 op, 39041.00 ns, 0.0004 ns/op
OverheadWarmup   3: 97452032 op, 39125.00 ns, 0.0004 ns/op
OverheadWarmup   4: 97452032 op, 38923.00 ns, 0.0004 ns/op
OverheadWarmup   5: 97452032 op, 38998.00 ns, 0.0004 ns/op
OverheadWarmup   6: 97452032 op, 39078.00 ns, 0.0004 ns/op
OverheadWarmup   7: 97452032 op, 38934.00 ns, 0.0004 ns/op

OverheadActual   1: 97452032 op, 39479.00 ns, 0.0004 ns/op
OverheadActual   2: 97452032 op, 44024.00 ns, 0.0005 ns/op
OverheadActual   3: 97452032 op, 39473.00 ns, 0.0004 ns/op
OverheadActual   4: 97452032 op, 39123.00 ns, 0.0004 ns/op
OverheadActual   5: 97452032 op, 40620.00 ns, 0.0004 ns/op
OverheadActual   6: 97452032 op, 39034.00 ns, 0.0004 ns/op
OverheadActual   7: 97452032 op, 39117.00 ns, 0.0004 ns/op
OverheadActual   8: 97452032 op, 41996.00 ns, 0.0004 ns/op
OverheadActual   9: 97452032 op, 38942.00 ns, 0.0004 ns/op
OverheadActual  10: 97452032 op, 39144.00 ns, 0.0004 ns/op
OverheadActual  11: 97452032 op, 38992.00 ns, 0.0004 ns/op
OverheadActual  12: 97452032 op, 39032.00 ns, 0.0004 ns/op
OverheadActual  13: 97452032 op, 39121.00 ns, 0.0004 ns/op
OverheadActual  14: 97452032 op, 38951.00 ns, 0.0004 ns/op
OverheadActual  15: 97452032 op, 38975.00 ns, 0.0004 ns/op

WorkloadWarmup   1: 97452032 op, 1001143035.00 ns, 10.2732 ns/op
WorkloadWarmup   2: 97452032 op, 1001611573.00 ns, 10.2780 ns/op
WorkloadWarmup   3: 97452032 op, 997751800.00 ns, 10.2384 ns/op
WorkloadWarmup   4: 97452032 op, 1031417005.00 ns, 10.5838 ns/op
WorkloadWarmup   5: 97452032 op, 998520008.00 ns, 10.2463 ns/op
WorkloadWarmup   6: 97452032 op, 998825575.00 ns, 10.2494 ns/op
WorkloadWarmup   7: 97452032 op, 1000395114.00 ns, 10.2655 ns/op
WorkloadWarmup   8: 97452032 op, 998268335.00 ns, 10.2437 ns/op
WorkloadWarmup   9: 97452032 op, 998912461.00 ns, 10.2503 ns/op
WorkloadWarmup  10: 97452032 op, 1001426316.00 ns, 10.2761 ns/op
WorkloadWarmup  11: 97452032 op, 998459077.00 ns, 10.2456 ns/op
WorkloadWarmup  12: 97452032 op, 998077736.00 ns, 10.2417 ns/op

// BeforeActualRun
WorkloadActual   1: 97452032 op, 998121691.00 ns, 10.2422 ns/op
WorkloadActual   2: 97452032 op, 998399570.00 ns, 10.2450 ns/op
WorkloadActual   3: 97452032 op, 1000993715.00 ns, 10.2717 ns/op
WorkloadActual   4: 97452032 op, 1000228769.00 ns, 10.2638 ns/op
WorkloadActual   5: 97452032 op, 1000584311.00 ns, 10.2675 ns/op
WorkloadActual   6: 97452032 op, 998294700.00 ns, 10.2440 ns/op
WorkloadActual   7: 97452032 op, 1015190053.00 ns, 10.4173 ns/op
WorkloadActual   8: 97452032 op, 998316416.00 ns, 10.2442 ns/op
WorkloadActual   9: 97452032 op, 998736344.00 ns, 10.2485 ns/op
WorkloadActual  10: 97452032 op, 998445982.00 ns, 10.2455 ns/op
WorkloadActual  11: 97452032 op, 999295006.00 ns, 10.2542 ns/op
WorkloadActual  12: 97452032 op, 1000550602.00 ns, 10.2671 ns/op

// AfterActualRun
WorkloadResult   1: 97452032 op, 998082570.00 ns, 10.2418 ns/op
WorkloadResult   2: 97452032 op, 998360449.00 ns, 10.2446 ns/op
WorkloadResult   3: 97452032 op, 1000954594.00 ns, 10.2713 ns/op
WorkloadResult   4: 97452032 op, 1000189648.00 ns, 10.2634 ns/op
WorkloadResult   5: 97452032 op, 1000545190.00 ns, 10.2671 ns/op
WorkloadResult   6: 97452032 op, 998255579.00 ns, 10.2436 ns/op
WorkloadResult   7: 97452032 op, 998277295.00 ns, 10.2438 ns/op
WorkloadResult   8: 97452032 op, 998697223.00 ns, 10.2481 ns/op
WorkloadResult   9: 97452032 op, 998406861.00 ns, 10.2451 ns/op
WorkloadResult  10: 97452032 op, 999255885.00 ns, 10.2538 ns/op
WorkloadResult  11: 97452032 op, 1000511481.00 ns, 10.2667 ns/op
// GC:  0 0 0 0 97452032
// Threading:  0 0 97452032

// AfterAll
// Benchmark Process 173 has exited with code 0.

Mean = 10.254 ns, StdErr = 0.003 ns (0.03%), N = 11, StdDev = 0.011 ns
Min = 10.242 ns, Q1 = 10.244 ns, Median = 10.248 ns, Q3 = 10.265 ns, Max = 10.271 ns
IQR = 0.021 ns, LowerFence = 10.213 ns, UpperFence = 10.296 ns
ConfidenceInterval = [10.238 ns; 10.269 ns] (CI 99.9%), Margin = 0.016 ns (0.15% of Mean)
Skewness = 0.39, Kurtosis = 1.23, MValue = 2

// ** Remained 2 (33.3 %) benchmark(s) to run. Estimated finish 2026-09-09 1:54 (0h 0m from now) **
// **************************
// Benchmark: KernelBenchmarks.RandomBatch8: JitCore4(Affinity=10000, IterationCount=12, IterationTime=1s, WarmupCount=12)
// *** Execute ***
// Launch: 1 / 1
// Execute: dotnet KernelCompare-JitCore4-1.dll --anonymousPipes 129 130 --benchmarkName KernelBenchmarks.RandomBatch8 --job JitCore4 --benchmarkId 4 in /home/i/Work/tl-integration/benchmarks/KernelCompare/bin/Release/net10.0/KernelCompare-JitCore4-1/bin/Release/net10.0
// Failed to set up high priority (Permission denied). In order to run benchmarks with high priority, make sure you have the right permissions.
// ! Failed to set up processor affinity 0x10 for process System.Diagnostics.Process (dotnet). Make sure you have the right permissions. Message: Invalid argument
// BeforeAnythingElse

// Benchmark Process Environment Information:
// BenchmarkDotNet v0.15.8
// Runtime=.NET 10.0.11 (10.0.11, 10.0.1126.37416), X64 RyuJIT x86-64-v3
// GC=Concurrent Workstation
// HardwareIntrinsics=AVX2+BMI1+BMI2+F16C+FMA+LZCNT+MOVBE,AVX,SSE3+SSSE3+SSE4.1+SSE4.2+POPCNT,X86Base+SSE+SSE2,AES+PCLMUL,AvxVnni,SERIALIZE VectorSize=256
// Job: JitCore4(Affinity=10000, IterationCount=12, IterationTime=1s, WarmupCount=12)

Cpus_allowed_list: 4
OverheadJitting  1: 4096 op, 105357.00 ns, 25.7219 ns/op
WorkloadJitting  1: 4096 op, 2653856.00 ns, 647.9141 ns/op

OverheadJitting  2: 65536 op, 114120.00 ns, 1.7413 ns/op
WorkloadJitting  2: 65536 op, 4792804.00 ns, 73.1324 ns/op

WorkloadPilot    1: 65536 op, 4532623.00 ns, 69.1623 ns/op
WorkloadPilot    2: 14483456 op, 955016624.00 ns, 65.9384 ns/op
WorkloadPilot    3: 15204352 op, 1005552043.00 ns, 66.1358 ns/op
WorkloadPilot    4: 15138816 op, 243884781.00 ns, 16.1099 ns/op
WorkloadPilot    5: 62128128 op, 958469777.00 ns, 15.4273 ns/op
WorkloadPilot    6: 64880640 op, 992860129.00 ns, 15.3029 ns/op
WorkloadPilot    7: 65404928 op, 1007700863.00 ns, 15.4071 ns/op
WorkloadPilot    8: 64946176 op, 998563812.00 ns, 15.3753 ns/op
WorkloadPilot    9: 65077248 op, 997867676.00 ns, 15.3336 ns/op
WorkloadPilot   10: 65273856 op, 1008606208.00 ns, 15.4519 ns/op

OverheadWarmup   1: 65273856 op, 26908.00 ns, 0.0004 ns/op
OverheadWarmup   2: 65273856 op, 26252.00 ns, 0.0004 ns/op
OverheadWarmup   3: 65273856 op, 26217.00 ns, 0.0004 ns/op
OverheadWarmup   4: 65273856 op, 26144.00 ns, 0.0004 ns/op
OverheadWarmup   5: 65273856 op, 26320.00 ns, 0.0004 ns/op
OverheadWarmup   6: 65273856 op, 26117.00 ns, 0.0004 ns/op
OverheadWarmup   7: 65273856 op, 26139.00 ns, 0.0004 ns/op
OverheadWarmup   8: 65273856 op, 26135.00 ns, 0.0004 ns/op

OverheadActual   1: 65273856 op, 26650.00 ns, 0.0004 ns/op
OverheadActual   2: 65273856 op, 26415.00 ns, 0.0004 ns/op
OverheadActual   3: 65273856 op, 26667.00 ns, 0.0004 ns/op
OverheadActual   4: 65273856 op, 26215.00 ns, 0.0004 ns/op
OverheadActual   5: 65273856 op, 26651.00 ns, 0.0004 ns/op
OverheadActual   6: 65273856 op, 26183.00 ns, 0.0004 ns/op
OverheadActual   7: 65273856 op, 26135.00 ns, 0.0004 ns/op
OverheadActual   8: 65273856 op, 26125.00 ns, 0.0004 ns/op
OverheadActual   9: 65273856 op, 26261.00 ns, 0.0004 ns/op
OverheadActual  10: 65273856 op, 26136.00 ns, 0.0004 ns/op
OverheadActual  11: 65273856 op, 26130.00 ns, 0.0004 ns/op
OverheadActual  12: 65273856 op, 26152.00 ns, 0.0004 ns/op
OverheadActual  13: 65273856 op, 26386.00 ns, 0.0004 ns/op
OverheadActual  14: 65273856 op, 26144.00 ns, 0.0004 ns/op
OverheadActual  15: 65273856 op, 26172.00 ns, 0.0004 ns/op

WorkloadWarmup   1: 65273856 op, 1003921753.00 ns, 15.3802 ns/op
WorkloadWarmup   2: 65273856 op, 1009219365.00 ns, 15.4613 ns/op
WorkloadWarmup   3: 65273856 op, 1030277374.00 ns, 15.7839 ns/op
WorkloadWarmup   4: 65273856 op, 999127241.00 ns, 15.3067 ns/op
WorkloadWarmup   5: 65273856 op, 999231693.00 ns, 15.3083 ns/op
WorkloadWarmup   6: 65273856 op, 1005314863.00 ns, 15.4015 ns/op
WorkloadWarmup   7: 65273856 op, 1000707722.00 ns, 15.3309 ns/op
WorkloadWarmup   8: 65273856 op, 1002078114.00 ns, 15.3519 ns/op
WorkloadWarmup   9: 65273856 op, 1002401848.00 ns, 15.3569 ns/op
WorkloadWarmup  10: 65273856 op, 1001919335.00 ns, 15.3495 ns/op
WorkloadWarmup  11: 65273856 op, 1002911797.00 ns, 15.3647 ns/op
WorkloadWarmup  12: 65273856 op, 1002544098.00 ns, 15.3590 ns/op

// BeforeActualRun
WorkloadActual   1: 65273856 op, 1001882148.00 ns, 15.3489 ns/op
WorkloadActual   2: 65273856 op, 999037294.00 ns, 15.3053 ns/op
WorkloadActual   3: 65273856 op, 1001755643.00 ns, 15.3470 ns/op
WorkloadActual   4: 65273856 op, 1002414107.00 ns, 15.3571 ns/op
WorkloadActual   5: 65273856 op, 1010274141.00 ns, 15.4775 ns/op
WorkloadActual   6: 65273856 op, 1013977869.00 ns, 15.5342 ns/op
WorkloadActual   7: 65273856 op, 1001951834.00 ns, 15.3500 ns/op
WorkloadActual   8: 65273856 op, 1002193295.00 ns, 15.3537 ns/op
WorkloadActual   9: 65273856 op, 1000851431.00 ns, 15.3331 ns/op
WorkloadActual  10: 65273856 op, 1001324716.00 ns, 15.3404 ns/op
WorkloadActual  11: 65273856 op, 1000661816.00 ns, 15.3302 ns/op
WorkloadActual  12: 65273856 op, 1001761300.00 ns, 15.3471 ns/op

// AfterActualRun
WorkloadResult   1: 65273856 op, 1001855965.00 ns, 15.3485 ns/op
WorkloadResult   2: 65273856 op, 999011111.00 ns, 15.3049 ns/op
WorkloadResult   3: 65273856 op, 1001729460.00 ns, 15.3466 ns/op
WorkloadResult   4: 65273856 op, 1002387924.00 ns, 15.3567 ns/op
WorkloadResult   5: 65273856 op, 1001925651.00 ns, 15.3496 ns/op
WorkloadResult   6: 65273856 op, 1002167112.00 ns, 15.3533 ns/op
WorkloadResult   7: 65273856 op, 1000825248.00 ns, 15.3327 ns/op
WorkloadResult   8: 65273856 op, 1001298533.00 ns, 15.3400 ns/op
WorkloadResult   9: 65273856 op, 1000635633.00 ns, 15.3298 ns/op
WorkloadResult  10: 65273856 op, 1001735117.00 ns, 15.3467 ns/op
// GC:  0 0 0 0 65273856
// Threading:  0 0 65273856

// AfterAll
// Benchmark Process 182 has exited with code 0.

Mean = 15.341 ns, StdErr = 0.005 ns (0.03%), N = 10, StdDev = 0.015 ns
Min = 15.305 ns, Q1 = 15.335 ns, Median = 15.347 ns, Q3 = 15.349 ns, Max = 15.357 ns
IQR = 0.015 ns, LowerFence = 15.312 ns, UpperFence = 15.371 ns
ConfidenceInterval = [15.318 ns; 15.364 ns] (CI 99.9%), Margin = 0.023 ns (0.15% of Mean)
Skewness = -1.16, Kurtosis = 3.33, MValue = 2

// ** Remained 1 (16.7 %) benchmark(s) to run. Estimated finish 2026-09-09 1:54 (0h 0m from now) **
// **************************
// Benchmark: KernelBenchmarks.SameTickBatch8: JitCore4(Affinity=10000, IterationCount=12, IterationTime=1s, WarmupCount=12)
// *** Execute ***
// Launch: 1 / 1
// Execute: dotnet KernelCompare-JitCore4-1.dll --anonymousPipes 129 130 --benchmarkName KernelBenchmarks.SameTickBatch8 --job JitCore4 --benchmarkId 5 in /home/i/Work/tl-integration/benchmarks/KernelCompare/bin/Release/net10.0/KernelCompare-JitCore4-1/bin/Release/net10.0
// Failed to set up high priority (Permission denied). In order to run benchmarks with high priority, make sure you have the right permissions.
// ! Failed to set up processor affinity 0x10 for process System.Diagnostics.Process (dotnet). Make sure you have the right permissions. Message: Invalid argument
// BeforeAnythingElse

// Benchmark Process Environment Information:
// BenchmarkDotNet v0.15.8
// Runtime=.NET 10.0.11 (10.0.11, 10.0.1126.37416), X64 RyuJIT x86-64-v3
// GC=Concurrent Workstation
// HardwareIntrinsics=AVX2+BMI1+BMI2+F16C+FMA+LZCNT+MOVBE,AVX,SSE3+SSSE3+SSE4.1+SSE4.2+POPCNT,X86Base+SSE+SSE2,AES+PCLMUL,AvxVnni,SERIALIZE VectorSize=256
// Job: JitCore4(Affinity=10000, IterationCount=12, IterationTime=1s, WarmupCount=12)

OverheadJitting  1: 4096 op, 102157.00 ns, 24.9407 ns/op
WorkloadJitting  1: 4096 op, 2663809.00 ns, 650.3440 ns/op

OverheadJitting  2: 65536 op, 124751.00 ns, 1.9035 ns/op
WorkloadJitting  2: 65536 op, 5711989.00 ns, 87.1580 ns/op

WorkloadPilot    1: 65536 op, 5416900.00 ns, 82.6553 ns/op
Cpus_allowed_list: 4
WorkloadPilot    2: 12124160 op, 992609953.00 ns, 81.8704 ns/op
WorkloadPilot    3: 12255232 op, 970820877.00 ns, 79.2169 ns/op
WorkloadPilot    4: 12648448 op, 167272340.00 ns, 13.2247 ns/op
WorkloadPilot    5: 75628544 op, 940224160.00 ns, 12.4321 ns/op
WorkloadPilot    6: 80478208 op, 999291224.00 ns, 12.4169 ns/op
WorkloadPilot    7: 80543744 op, 1001809576.00 ns, 12.4381 ns/op
WorkloadPilot    8: 80412672 op, 999475179.00 ns, 12.4293 ns/op
WorkloadPilot    9: 80478208 op, 999217477.00 ns, 12.4160 ns/op
WorkloadPilot   10: 80543744 op, 1000236696.00 ns, 12.4186 ns/op

OverheadWarmup   1: 80543744 op, 32862.00 ns, 0.0004 ns/op
OverheadWarmup   2: 80543744 op, 32313.00 ns, 0.0004 ns/op
OverheadWarmup   3: 80543744 op, 32289.00 ns, 0.0004 ns/op
OverheadWarmup   4: 80543744 op, 32498.00 ns, 0.0004 ns/op
OverheadWarmup   5: 80543744 op, 32293.00 ns, 0.0004 ns/op
OverheadWarmup   6: 80543744 op, 32239.00 ns, 0.0004 ns/op
OverheadWarmup   7: 80543744 op, 32371.00 ns, 0.0004 ns/op
OverheadWarmup   8: 80543744 op, 32333.00 ns, 0.0004 ns/op

OverheadActual   1: 80543744 op, 32429.00 ns, 0.0004 ns/op
OverheadActual   2: 80543744 op, 32635.00 ns, 0.0004 ns/op
OverheadActual   3: 80543744 op, 32412.00 ns, 0.0004 ns/op
OverheadActual   4: 80543744 op, 32359.00 ns, 0.0004 ns/op
OverheadActual   5: 80543744 op, 32489.00 ns, 0.0004 ns/op
OverheadActual   6: 80543744 op, 32579.00 ns, 0.0004 ns/op
OverheadActual   7: 80543744 op, 32277.00 ns, 0.0004 ns/op
OverheadActual   8: 80543744 op, 32250.00 ns, 0.0004 ns/op
OverheadActual   9: 80543744 op, 32432.00 ns, 0.0004 ns/op
OverheadActual  10: 80543744 op, 32260.00 ns, 0.0004 ns/op
OverheadActual  11: 80543744 op, 32515.00 ns, 0.0004 ns/op
OverheadActual  12: 80543744 op, 32649.00 ns, 0.0004 ns/op
OverheadActual  13: 80543744 op, 32304.00 ns, 0.0004 ns/op
OverheadActual  14: 80543744 op, 32386.00 ns, 0.0004 ns/op
OverheadActual  15: 80543744 op, 32294.00 ns, 0.0004 ns/op

WorkloadWarmup   1: 80543744 op, 999777036.00 ns, 12.4128 ns/op
WorkloadWarmup   2: 80543744 op, 1004678547.00 ns, 12.4737 ns/op
WorkloadWarmup   3: 80543744 op, 1028708398.00 ns, 12.7720 ns/op
WorkloadWarmup   4: 80543744 op, 999841307.00 ns, 12.4136 ns/op
WorkloadWarmup   5: 80543744 op, 1000093516.00 ns, 12.4168 ns/op
WorkloadWarmup   6: 80543744 op, 999551838.00 ns, 12.4100 ns/op
WorkloadWarmup   7: 80543744 op, 999401623.00 ns, 12.4082 ns/op
WorkloadWarmup   8: 80543744 op, 999884955.00 ns, 12.4142 ns/op
WorkloadWarmup   9: 80543744 op, 999789824.00 ns, 12.4130 ns/op
WorkloadWarmup  10: 80543744 op, 1000189159.00 ns, 12.4180 ns/op
WorkloadWarmup  11: 80543744 op, 999700844.00 ns, 12.4119 ns/op
WorkloadWarmup  12: 80543744 op, 1000048859.00 ns, 12.4162 ns/op

// BeforeActualRun
WorkloadActual   1: 80543744 op, 999975447.00 ns, 12.4153 ns/op
WorkloadActual   2: 80543744 op, 999762289.00 ns, 12.4127 ns/op
WorkloadActual   3: 80543744 op, 1000228164.00 ns, 12.4184 ns/op
WorkloadActual   4: 80543744 op, 999512257.00 ns, 12.4096 ns/op
WorkloadActual   5: 80543744 op, 1002351992.00 ns, 12.4448 ns/op
WorkloadActual   6: 80543744 op, 1010427495.00 ns, 12.5451 ns/op
WorkloadActual   7: 80543744 op, 1000373589.00 ns, 12.4203 ns/op
WorkloadActual   8: 80543744 op, 1000126671.00 ns, 12.4172 ns/op
WorkloadActual   9: 80543744 op, 999866959.00 ns, 12.4140 ns/op
WorkloadActual  10: 80543744 op, 1000044308.00 ns, 12.4162 ns/op
WorkloadActual  11: 80543744 op, 999829840.00 ns, 12.4135 ns/op
WorkloadActual  12: 80543744 op, 1000631155.00 ns, 12.4234 ns/op

// AfterActualRun
WorkloadResult   1: 80543744 op, 999943035.00 ns, 12.4149 ns/op
WorkloadResult   2: 80543744 op, 999729877.00 ns, 12.4123 ns/op
WorkloadResult   3: 80543744 op, 1000195752.00 ns, 12.4180 ns/op
WorkloadResult   4: 80543744 op, 999479845.00 ns, 12.4092 ns/op
WorkloadResult   5: 80543744 op, 1000341177.00 ns, 12.4198 ns/op
WorkloadResult   6: 80543744 op, 1000094259.00 ns, 12.4168 ns/op
WorkloadResult   7: 80543744 op, 999834547.00 ns, 12.4136 ns/op
WorkloadResult   8: 80543744 op, 1000011896.00 ns, 12.4158 ns/op
WorkloadResult   9: 80543744 op, 999797428.00 ns, 12.4131 ns/op
WorkloadResult  10: 80543744 op, 1000598743.00 ns, 12.4230 ns/op
// GC:  0 0 0 0 80543744
// Threading:  0 0 80543744

// AfterAll
// Benchmark Process 191 has exited with code 0.

Mean = 12.416 ns, StdErr = 0.001 ns (0.01%), N = 10, StdDev = 0.004 ns
Min = 12.409 ns, Q1 = 12.413 ns, Median = 12.415 ns, Q3 = 12.418 ns, Max = 12.423 ns
IQR = 0.005 ns, LowerFence = 12.406 ns, UpperFence = 12.425 ns
ConfidenceInterval = [12.410 ns; 12.422 ns] (CI 99.9%), Margin = 0.006 ns (0.05% of Mean)
Skewness = 0.24, Kurtosis = 2.06, MValue = 2

// ** Remained 0 (0.0 %) benchmark(s) to run. Estimated finish 2026-09-09 1:55 (0h 0m from now) **
// ***** BenchmarkRunner: Finish  *****

// * Export *
  tmp/tl-final-direction-r1/results/KernelBenchmarks-report.csv
  tmp/tl-final-direction-r1/results/KernelBenchmarks-report-github.md
  tmp/tl-final-direction-r1/results/KernelBenchmarks-report.html
  tmp/tl-final-direction-r1/results/KernelBenchmarks-report-full.json

// * Detailed results *
KernelBenchmarks.SequentialSingle: JitCore4(Affinity=10000, IterationCount=12, IterationTime=1s, WarmupCount=12)
Runtime = .NET 10.0.11 (10.0.11, 10.0.1126.37416), X64 RyuJIT x86-64-v3; GC = Concurrent Workstation
Mean = 15.993 ns, StdErr = 0.006 ns (0.04%), N = 10, StdDev = 0.019 ns
Min = 15.972 ns, Q1 = 15.981 ns, Median = 15.987 ns, Q3 = 16.000 ns, Max = 16.037 ns
IQR = 0.019 ns, LowerFence = 15.952 ns, UpperFence = 16.029 ns
ConfidenceInterval = [15.965 ns; 16.022 ns] (CI 99.9%), Margin = 0.029 ns (0.18% of Mean)
Skewness = 1.03, Kurtosis = 3.05, MValue = 2
-------------------- Histogram --------------------
[15.960 ns ; 16.049 ns) | @@@@@@@@@@
---------------------------------------------------

KernelBenchmarks.RandomSingle: JitCore4(Affinity=10000, IterationCount=12, IterationTime=1s, WarmupCount=12)
Runtime = .NET 10.0.11 (10.0.11, 10.0.1126.37416), X64 RyuJIT x86-64-v3; GC = Concurrent Workstation
Mean = 24.016 ns, StdErr = 0.029 ns (0.12%), N = 10, StdDev = 0.092 ns
Min = 23.957 ns, Q1 = 23.969 ns, Median = 23.996 ns, Q3 = 24.006 ns, Max = 24.270 ns
IQR = 0.037 ns, LowerFence = 23.914 ns, UpperFence = 24.061 ns
ConfidenceInterval = [23.878 ns; 24.155 ns] (CI 99.9%), Margin = 0.139 ns (0.58% of Mean)
Skewness = 2.02, Kurtosis = 5.82, MValue = 2
-------------------- Histogram --------------------
[23.901 ns ; 24.326 ns) | @@@@@@@@@@
---------------------------------------------------

KernelBenchmarks.SameTickSingle: JitCore4(Affinity=10000, IterationCount=12, IterationTime=1s, WarmupCount=12)
Runtime = .NET 10.0.11 (10.0.11, 10.0.1126.37416), X64 RyuJIT x86-64-v3; GC = Concurrent Workstation
Mean = 17.990 ns, StdErr = 0.003 ns (0.01%), N = 11, StdDev = 0.009 ns
Min = 17.977 ns, Q1 = 17.985 ns, Median = 17.986 ns, Q3 = 17.995 ns, Max = 18.007 ns
IQR = 0.010 ns, LowerFence = 17.969 ns, UpperFence = 18.011 ns
ConfidenceInterval = [17.978 ns; 18.002 ns] (CI 99.9%), Margin = 0.012 ns (0.07% of Mean)
Skewness = 0.41, Kurtosis = 1.99, MValue = 2
-------------------- Histogram --------------------
[17.971 ns ; 18.012 ns) | @@@@@@@@@@@
---------------------------------------------------

KernelBenchmarks.SequentialBatch8: JitCore4(Affinity=10000, IterationCount=12, IterationTime=1s, WarmupCount=12)
Runtime = .NET 10.0.11 (10.0.11, 10.0.1126.37416), X64 RyuJIT x86-64-v3; GC = Concurrent Workstation
Mean = 10.254 ns, StdErr = 0.003 ns (0.03%), N = 11, StdDev = 0.011 ns
Min = 10.242 ns, Q1 = 10.244 ns, Median = 10.248 ns, Q3 = 10.265 ns, Max = 10.271 ns
IQR = 0.021 ns, LowerFence = 10.213 ns, UpperFence = 10.296 ns
ConfidenceInterval = [10.238 ns; 10.269 ns] (CI 99.9%), Margin = 0.016 ns (0.15% of Mean)
Skewness = 0.39, Kurtosis = 1.23, MValue = 2
-------------------- Histogram --------------------
[10.235 ns ; 10.278 ns) | @@@@@@@@@@@
---------------------------------------------------

KernelBenchmarks.RandomBatch8: JitCore4(Affinity=10000, IterationCount=12, IterationTime=1s, WarmupCount=12)
Runtime = .NET 10.0.11 (10.0.11, 10.0.1126.37416), X64 RyuJIT x86-64-v3; GC = Concurrent Workstation
Mean = 15.341 ns, StdErr = 0.005 ns (0.03%), N = 10, StdDev = 0.015 ns
Min = 15.305 ns, Q1 = 15.335 ns, Median = 15.347 ns, Q3 = 15.349 ns, Max = 15.357 ns
IQR = 0.015 ns, LowerFence = 15.312 ns, UpperFence = 15.371 ns
ConfidenceInterval = [15.318 ns; 15.364 ns] (CI 99.9%), Margin = 0.023 ns (0.15% of Mean)
Skewness = -1.16, Kurtosis = 3.33, MValue = 2
-------------------- Histogram --------------------
[15.296 ns ; 15.366 ns) | @@@@@@@@@@
---------------------------------------------------

KernelBenchmarks.SameTickBatch8: JitCore4(Affinity=10000, IterationCount=12, IterationTime=1s, WarmupCount=12)
Runtime = .NET 10.0.11 (10.0.11, 10.0.1126.37416), X64 RyuJIT x86-64-v3; GC = Concurrent Workstation
Mean = 12.416 ns, StdErr = 0.001 ns (0.01%), N = 10, StdDev = 0.004 ns
Min = 12.409 ns, Q1 = 12.413 ns, Median = 12.415 ns, Q3 = 12.418 ns, Max = 12.423 ns
IQR = 0.005 ns, LowerFence = 12.406 ns, UpperFence = 12.425 ns
ConfidenceInterval = [12.410 ns; 12.422 ns] (CI 99.9%), Margin = 0.006 ns (0.05% of Mean)
Skewness = 0.24, Kurtosis = 2.06, MValue = 2
-------------------- Histogram --------------------
[12.407 ns ; 12.426 ns) | @@@@@@@@@@
---------------------------------------------------

// * Summary *

BenchmarkDotNet v0.15.8, Linux Omarchy
Intel Core i9-14900K 0.80GHz, 1 CPU, 32 logical and 24 physical cores
.NET SDK 10.0.400
  [Host]   : .NET 10.0.11 (10.0.11, 10.0.1126.37416), X64 RyuJIT x86-64-v3
  JitCore4 : .NET 10.0.11 (10.0.11, 10.0.1126.37416), X64 RyuJIT x86-64-v3

Job=JitCore4  Affinity=10000  IterationCount=12  
IterationTime=1s  WarmupCount=12  

| Method           | Mean     | Error    | StdDev   | Median   | Allocated |
|----------------- |---------:|---------:|---------:|---------:|----------:|
| SequentialSingle | 15.99 ns | 0.029 ns | 0.019 ns | 15.99 ns |         - |
| RandomSingle     | 24.02 ns | 0.139 ns | 0.092 ns | 24.00 ns |         - |
| SameTickSingle   | 17.99 ns | 0.012 ns | 0.009 ns | 17.99 ns |         - |
| SequentialBatch8 | 10.25 ns | 0.016 ns | 0.011 ns | 10.25 ns |         - |
| RandomBatch8     | 15.34 ns | 0.023 ns | 0.015 ns | 15.35 ns |         - |
| SameTickBatch8   | 12.42 ns | 0.006 ns | 0.004 ns | 12.42 ns |         - |

// * Hints *
Outliers
  KernelBenchmarks.SequentialSingle: JitCore4 -> 2 outliers were removed (16.10 ns, 17.43 ns)
  KernelBenchmarks.RandomSingle: JitCore4     -> 2 outliers were removed (24.63 ns, 25.15 ns)
  KernelBenchmarks.SameTickSingle: JitCore4   -> 1 outlier  was  removed (18.23 ns)
  KernelBenchmarks.SequentialBatch8: JitCore4 -> 1 outlier  was  removed (10.42 ns)
  KernelBenchmarks.RandomBatch8: JitCore4     -> 2 outliers were removed, 3 outliers were detected (15.31 ns, 15.48 ns, 15.53 ns)
  KernelBenchmarks.SameTickBatch8: JitCore4   -> 2 outliers were removed (12.44 ns, 12.55 ns)

// * Legends *
  Mean      : Arithmetic mean of all measurements
  Error     : Half of 99.9% confidence interval
  StdDev    : Standard deviation of all measurements
  Median    : Value separating the higher half of all measurements (50th percentile)
  Allocated : Allocated memory per single operation (managed only, inclusive, 1KB = 1024B)
  1 ns      : 1 Nanosecond (0.000000001 sec)

// * Diagnostic Output - MemoryDiagnoser *


// ***** BenchmarkRunner: End *****
Run time: 00:02:27 (147.37 sec), executed benchmarks: 6

Global total time: 00:02:33 (153.35 sec), executed benchmarks: 6
// * Artifacts cleanup *
Artifacts cleanup is finished
