// Validating benchmarks:
//    * Assembly PairHandles, Version=1.0.0.0, Culture=neutral, PublicKeyToken=null is located in temp. If you are running benchmarks from xUnit you need to disable shadow copy. It's not supported by design.

// ***** BenchmarkRunner: Start   *****
// ***** Found 8 benchmark(s) in total *****
// ***** Building 2 exe(s) in Parallel: Start   *****
// ***** Done, took 00:00:03 (3.69 sec)   *****
// Found 8 benchmarks:
//   PairHandleBenchmarks.Advance: Job-TZECNT(IterationCount=16, IterationTime=200ms, WarmupCount=8) [Shape=LaneUniform]
//   PairHandleBenchmarks.Advance: InProcess(Toolchain=InProcessEmitToolchain) [Shape=LaneUniform]
//   PairHandleBenchmarks.Advance: Job-TZECNT(IterationCount=16, IterationTime=200ms, WarmupCount=8) [Shape=PairOne]
//   PairHandleBenchmarks.Advance: InProcess(Toolchain=InProcessEmitToolchain) [Shape=PairOne]
//   PairHandleBenchmarks.Advance: Job-TZECNT(IterationCount=16, IterationTime=200ms, WarmupCount=8) [Shape=PairRuns8]
//   PairHandleBenchmarks.Advance: InProcess(Toolchain=InProcessEmitToolchain) [Shape=PairRuns8]
//   PairHandleBenchmarks.Advance: Job-TZECNT(IterationCount=16, IterationTime=200ms, WarmupCount=8) [Shape=PairAlternating8]
//   PairHandleBenchmarks.Advance: InProcess(Toolchain=InProcessEmitToolchain) [Shape=PairAlternating8]

// **************************
// Benchmark: PairHandleBenchmarks.Advance: Job-TZECNT(IterationCount=16, IterationTime=200ms, WarmupCount=8) [Shape=LaneUniform]
// *** Execute ***
// Launch: 1 / 1
// Execute: dotnet PairHandles-Job-TZECNT-1.dll --anonymousPipes 135 136 --benchmarkName "Tl.PairHandlesProbe.PairHandleBenchmarks.Advance(Shape: LaneUniform)" --job "IterationCount=16, IterationTime=200ms, WarmupCount=8" --benchmarkId 0 in /tmp/168-base/benchmarks/PairHandles/bin/Release/net10.0/PairHandles-Job-TZECNT-1/bin/Release/net10.0
// Failed to set up high priority (Permission denied). In order to run benchmarks with high priority, make sure you have the right permissions.
// BeforeAnythingElse

// Benchmark Process Environment Information:
// BenchmarkDotNet v0.15.8
// Runtime=.NET 10.0.12 (10.0.12, 10.0.1226.42308), X64 RyuJIT x86-64-v3
// GC=Concurrent Workstation
// HardwareIntrinsics=AVX2+BMI1+BMI2+F16C+FMA+LZCNT+MOVBE,AVX,SSE3+SSSE3+SSE4.1+SSE4.2+POPCNT,X86Base+SSE+SSE2,AES+PCLMUL,AvxVnni,SERIALIZE VectorSize=256
// Job: Job-TZECNT(IterationCount=16, IterationTime=200ms, WarmupCount=8)

OverheadJitting  1: 1 op, 81269.00 ns, 81.2690 us/op
WorkloadJitting  1: 1 op, 2624592.00 ns, 2.6246 ms/op

OverheadJitting  2: 16 op, 104660.00 ns, 6.5413 us/op
WorkloadJitting  2: 16 op, 560110.00 ns, 35.0069 us/op

WorkloadPilot    1: 16 op, 386794.00 ns, 24.1746 us/op
WorkloadPilot    2: 8288 op, 161858718.00 ns, 19.5293 us/op
WorkloadPilot    3: 10256 op, 162305169.00 ns, 15.8254 us/op
WorkloadPilot    4: 12640 op, 200503552.00 ns, 15.8626 us/op
WorkloadPilot    5: 12608 op, 198971840.00 ns, 15.7814 us/op
WorkloadPilot    6: 12688 op, 201684240.00 ns, 15.8957 us/op
WorkloadPilot    7: 12592 op, 199571241.00 ns, 15.8491 us/op
WorkloadPilot    8: 12624 op, 200927846.00 ns, 15.9163 us/op

OverheadWarmup   1: 12624 op, 25926.00 ns, 2.0537 ns/op
OverheadWarmup   2: 12624 op, 23535.00 ns, 1.8643 ns/op
OverheadWarmup   3: 12624 op, 23217.00 ns, 1.8391 ns/op
OverheadWarmup   4: 12624 op, 23920.00 ns, 1.8948 ns/op
OverheadWarmup   5: 12624 op, 24094.00 ns, 1.9086 ns/op
OverheadWarmup   6: 12624 op, 24314.00 ns, 1.9260 ns/op
OverheadWarmup   7: 12624 op, 23344.00 ns, 1.8492 ns/op
OverheadWarmup   8: 12624 op, 23392.00 ns, 1.8530 ns/op
OverheadWarmup   9: 12624 op, 23343.00 ns, 1.8491 ns/op

OverheadActual   1: 12624 op, 23550.00 ns, 1.8655 ns/op
OverheadActual   2: 12624 op, 23845.00 ns, 1.8889 ns/op
OverheadActual   3: 12624 op, 23574.00 ns, 1.8674 ns/op
OverheadActual   4: 12624 op, 23423.00 ns, 1.8554 ns/op
OverheadActual   5: 12624 op, 23135.00 ns, 1.8326 ns/op
OverheadActual   6: 12624 op, 22957.00 ns, 1.8185 ns/op
OverheadActual   7: 12624 op, 23151.00 ns, 1.8339 ns/op
OverheadActual   8: 12624 op, 22917.00 ns, 1.8154 ns/op
OverheadActual   9: 12624 op, 22945.00 ns, 1.8176 ns/op
OverheadActual  10: 12624 op, 22950.00 ns, 1.8180 ns/op
OverheadActual  11: 12624 op, 22962.00 ns, 1.8189 ns/op
OverheadActual  12: 12624 op, 23055.00 ns, 1.8263 ns/op
OverheadActual  13: 12624 op, 25026.00 ns, 1.9824 ns/op
OverheadActual  14: 12624 op, 22947.00 ns, 1.8177 ns/op
OverheadActual  15: 12624 op, 22931.00 ns, 1.8165 ns/op

WorkloadWarmup   1: 12624 op, 208492655.00 ns, 16.5156 us/op
WorkloadWarmup   2: 12624 op, 199658883.00 ns, 15.8158 us/op
WorkloadWarmup   3: 12624 op, 205749857.00 ns, 16.2983 us/op
WorkloadWarmup   4: 12624 op, 200214474.00 ns, 15.8598 us/op
WorkloadWarmup   5: 12624 op, 201299270.00 ns, 15.9458 us/op
WorkloadWarmup   6: 12624 op, 200130921.00 ns, 15.8532 us/op
WorkloadWarmup   7: 12624 op, 214435129.00 ns, 16.9863 us/op
WorkloadWarmup   8: 12624 op, 199975617.00 ns, 15.8409 us/op

// BeforeActualRun
WorkloadActual   1: 12624 op, 199906159.00 ns, 15.8354 us/op
WorkloadActual   2: 12624 op, 199593087.00 ns, 15.8106 us/op
WorkloadActual   3: 12624 op, 200786575.00 ns, 15.9051 us/op
WorkloadActual   4: 12624 op, 200809236.00 ns, 15.9069 us/op
WorkloadActual   5: 12624 op, 207397314.00 ns, 16.4288 us/op
WorkloadActual   6: 12624 op, 209067162.00 ns, 16.5611 us/op
WorkloadActual   7: 12624 op, 200672717.00 ns, 15.8961 us/op
WorkloadActual   8: 12624 op, 206283224.00 ns, 16.3406 us/op
WorkloadActual   9: 12624 op, 202596197.00 ns, 16.0485 us/op
WorkloadActual  10: 12624 op, 203027538.00 ns, 16.0827 us/op
WorkloadActual  11: 12624 op, 209193886.00 ns, 16.5711 us/op
WorkloadActual  12: 12624 op, 204973813.00 ns, 16.2368 us/op
WorkloadActual  13: 12624 op, 201030468.00 ns, 15.9245 us/op
WorkloadActual  14: 12624 op, 199434420.00 ns, 15.7980 us/op
WorkloadActual  15: 12624 op, 213647461.00 ns, 16.9239 us/op
WorkloadActual  16: 12624 op, 213725000.00 ns, 16.9301 us/op

// AfterActualRun
WorkloadResult   1: 12624 op, 199883104.00 ns, 15.8336 us/op
WorkloadResult   2: 12624 op, 199570032.00 ns, 15.8088 us/op
WorkloadResult   3: 12624 op, 200763520.00 ns, 15.9033 us/op
WorkloadResult   4: 12624 op, 200786181.00 ns, 15.9051 us/op
WorkloadResult   5: 12624 op, 207374259.00 ns, 16.4270 us/op
WorkloadResult   6: 12624 op, 209044107.00 ns, 16.5593 us/op
WorkloadResult   7: 12624 op, 200649662.00 ns, 15.8943 us/op
WorkloadResult   8: 12624 op, 206260169.00 ns, 16.3387 us/op
WorkloadResult   9: 12624 op, 202573142.00 ns, 16.0467 us/op
WorkloadResult  10: 12624 op, 203004483.00 ns, 16.0808 us/op
WorkloadResult  11: 12624 op, 209170831.00 ns, 16.5693 us/op
WorkloadResult  12: 12624 op, 204950758.00 ns, 16.2350 us/op
WorkloadResult  13: 12624 op, 201007413.00 ns, 15.9226 us/op
WorkloadResult  14: 12624 op, 199411365.00 ns, 15.7962 us/op
WorkloadResult  15: 12624 op, 213624406.00 ns, 16.9221 us/op
WorkloadResult  16: 12624 op, 213701945.00 ns, 16.9282 us/op
// GC:  0 0 0 0 12624
// Threading:  0 0 12624

// AfterAll
// Benchmark Process 21995 has exited with code 0.

Mean = 16.198 μs, StdErr = 0.096 μs (0.59%), N = 16, StdDev = 0.385 μs
Min = 15.796 μs, Q1 = 15.901 μs, Median = 16.064 μs, Q3 = 16.460 μs, Max = 16.928 μs
IQR = 0.559 μs, LowerFence = 15.063 μs, UpperFence = 17.299 μs
ConfidenceInterval = [15.806 μs; 16.590 μs] (CI 99.9%), Margin = 0.392 μs (2.42% of Mean)
Skewness = 0.66, Kurtosis = 1.98, MValue = 2

// ** Remained 7 (87.5 %) benchmark(s) to run. Estimated finish 2026-09-18 1:32 (0h 0m from now) **
// **************************
// Benchmark: PairHandleBenchmarks.Advance: InProcess(Toolchain=InProcessEmitToolchain) [Shape=LaneUniform]
// *** Execute ***
// Launch: 1 / 1
// ! Failed to set up priority High for process System.Diagnostics.Process (PairHandles). Make sure you have the right permissions. Message: Permission denied

// Benchmark Process Environment Information:
// BenchmarkDotNet v0.15.8
// Runtime=.NET 10.0.12 (10.0.12, 10.0.1226.42308), X64 RyuJIT x86-64-v3
// GC=Concurrent Workstation
// HardwareIntrinsics=AVX2+BMI1+BMI2+F16C+FMA+LZCNT+MOVBE,AVX,SSE3+SSSE3+SSE4.1+SSE4.2+POPCNT,X86Base+SSE+SSE2,AES+PCLMUL,AvxVnni,SERIALIZE VectorSize=256
// Job: Job-JWQWGO(Toolchain=InProcessEmitToolchain)

OverheadJitting  1: 1 op, 85594.00 ns, 85.5940 us/op
WorkloadJitting  1: 1 op, 1559525.00 ns, 1.5595 ms/op

OverheadJitting  2: 16 op, 120632.00 ns, 7.5395 us/op
WorkloadJitting  2: 16 op, 649708.00 ns, 40.6068 us/op

WorkloadPilot    1: 16 op, 437937.00 ns, 27.3711 us/op
WorkloadPilot    2: 32 op, 824798.00 ns, 25.7749 us/op
WorkloadPilot    3: 64 op, 1524819.00 ns, 23.8253 us/op
WorkloadPilot    4: 128 op, 2936062.00 ns, 22.9380 us/op
WorkloadPilot    5: 256 op, 5831615.00 ns, 22.7797 us/op
WorkloadPilot    6: 512 op, 11591001.00 ns, 22.6387 us/op
WorkloadPilot    7: 1024 op, 21339682.00 ns, 20.8395 us/op
WorkloadPilot    8: 2048 op, 42185815.00 ns, 20.5985 us/op
WorkloadPilot    9: 4096 op, 84598554.00 ns, 20.6539 us/op
WorkloadPilot   10: 8192 op, 163842994.00 ns, 20.0004 us/op
WorkloadPilot   11: 16384 op, 258337952.00 ns, 15.7677 us/op
WorkloadPilot   12: 32768 op, 518688986.00 ns, 15.8291 us/op

OverheadWarmup   1: 32768 op, 45887.00 ns, 1.4004 ns/op
OverheadWarmup   2: 32768 op, 44665.00 ns, 1.3631 ns/op
OverheadWarmup   3: 32768 op, 44612.00 ns, 1.3615 ns/op
OverheadWarmup   4: 32768 op, 46449.00 ns, 1.4175 ns/op
OverheadWarmup   5: 32768 op, 42882.00 ns, 1.3087 ns/op
OverheadWarmup   6: 32768 op, 42885.00 ns, 1.3087 ns/op
OverheadWarmup   7: 32768 op, 42866.00 ns, 1.3082 ns/op

OverheadActual   1: 32768 op, 43007.00 ns, 1.3125 ns/op
OverheadActual   2: 32768 op, 43015.00 ns, 1.3127 ns/op
OverheadActual   3: 32768 op, 43809.00 ns, 1.3369 ns/op
OverheadActual   4: 32768 op, 43750.00 ns, 1.3351 ns/op
OverheadActual   5: 32768 op, 43021.00 ns, 1.3129 ns/op
OverheadActual   6: 32768 op, 42946.00 ns, 1.3106 ns/op
OverheadActual   7: 32768 op, 43682.00 ns, 1.3331 ns/op
OverheadActual   8: 32768 op, 43656.00 ns, 1.3323 ns/op
OverheadActual   9: 32768 op, 43692.00 ns, 1.3334 ns/op
OverheadActual  10: 32768 op, 42114.00 ns, 1.2852 ns/op
OverheadActual  11: 32768 op, 42115.00 ns, 1.2852 ns/op
OverheadActual  12: 32768 op, 42148.00 ns, 1.2863 ns/op
OverheadActual  13: 32768 op, 42087.00 ns, 1.2844 ns/op
OverheadActual  14: 32768 op, 42105.00 ns, 1.2849 ns/op
OverheadActual  15: 32768 op, 42541.00 ns, 1.2982 ns/op

WorkloadWarmup   1: 32768 op, 518139403.00 ns, 15.8124 us/op
WorkloadWarmup   2: 32768 op, 519745330.00 ns, 15.8614 us/op
WorkloadWarmup   3: 32768 op, 516274998.00 ns, 15.7555 us/op
WorkloadWarmup   4: 32768 op, 544077654.00 ns, 16.6039 us/op
WorkloadWarmup   5: 32768 op, 520445444.00 ns, 15.8827 us/op
WorkloadWarmup   6: 32768 op, 516979793.00 ns, 15.7770 us/op

WorkloadActual   1: 32768 op, 533486910.00 ns, 16.2807 us/op
WorkloadActual   2: 32768 op, 532558634.00 ns, 16.2524 us/op
WorkloadActual   3: 32768 op, 541121411.00 ns, 16.5137 us/op
WorkloadActual   4: 32768 op, 536375533.00 ns, 16.3689 us/op
WorkloadActual   5: 32768 op, 516240499.00 ns, 15.7544 us/op
WorkloadActual   6: 32768 op, 514597666.00 ns, 15.7043 us/op
WorkloadActual   7: 32768 op, 515646303.00 ns, 15.7363 us/op
WorkloadActual   8: 32768 op, 516301145.00 ns, 15.7563 us/op
WorkloadActual   9: 32768 op, 524744071.00 ns, 16.0139 us/op
WorkloadActual  10: 32768 op, 517392377.00 ns, 15.7896 us/op
WorkloadActual  11: 32768 op, 517109186.00 ns, 15.7809 us/op
WorkloadActual  12: 32768 op, 516718225.00 ns, 15.7690 us/op
WorkloadActual  13: 32768 op, 518683385.00 ns, 15.8290 us/op
WorkloadActual  14: 32768 op, 518789381.00 ns, 15.8322 us/op
WorkloadActual  15: 32768 op, 531881421.00 ns, 16.2317 us/op

WorkloadResult   1: 32768 op, 533443903.00 ns, 16.2794 us/op
WorkloadResult   2: 32768 op, 532515627.00 ns, 16.2511 us/op
WorkloadResult   3: 32768 op, 541078404.00 ns, 16.5124 us/op
WorkloadResult   4: 32768 op, 536332526.00 ns, 16.3676 us/op
WorkloadResult   5: 32768 op, 516197492.00 ns, 15.7531 us/op
WorkloadResult   6: 32768 op, 514554659.00 ns, 15.7030 us/op
WorkloadResult   7: 32768 op, 515603296.00 ns, 15.7350 us/op
WorkloadResult   8: 32768 op, 516258138.00 ns, 15.7549 us/op
WorkloadResult   9: 32768 op, 524701064.00 ns, 16.0126 us/op
WorkloadResult  10: 32768 op, 517349370.00 ns, 15.7882 us/op
WorkloadResult  11: 32768 op, 517066179.00 ns, 15.7796 us/op
WorkloadResult  12: 32768 op, 516675218.00 ns, 15.7677 us/op
WorkloadResult  13: 32768 op, 518640378.00 ns, 15.8276 us/op
WorkloadResult  14: 32768 op, 518746374.00 ns, 15.8309 us/op
WorkloadResult  15: 32768 op, 531838414.00 ns, 16.2304 us/op
// GC:  0 0 0 0 32768
// Threading:  0 0 32768


Mean = 15.973 μs, StdErr = 0.071 μs (0.45%), N = 15, StdDev = 0.276 μs
Min = 15.703 μs, Q1 = 15.761 μs, Median = 15.828 μs, Q3 = 16.241 μs, Max = 16.512 μs
IQR = 0.479 μs, LowerFence = 15.042 μs, UpperFence = 16.960 μs
ConfidenceInterval = [15.678 μs; 16.268 μs] (CI 99.9%), Margin = 0.295 μs (1.85% of Mean)
Skewness = 0.65, Kurtosis = 1.68, MValue = 2

// ** Remained 6 (75.0 %) benchmark(s) to run. Estimated finish 2026-09-18 1:32 (0h 0m from now) **
// **************************
// Benchmark: PairHandleBenchmarks.Advance: Job-TZECNT(IterationCount=16, IterationTime=200ms, WarmupCount=8) [Shape=PairOne]
// *** Execute ***
// Launch: 1 / 1
// Execute: dotnet PairHandles-Job-TZECNT-1.dll --anonymousPipes 118 119 --benchmarkName "Tl.PairHandlesProbe.PairHandleBenchmarks.Advance(Shape: PairOne)" --job "IterationCount=16, IterationTime=200ms, WarmupCount=8" --benchmarkId 1 in /tmp/168-base/benchmarks/PairHandles/bin/Release/net10.0/PairHandles-Job-TZECNT-1/bin/Release/net10.0
// Failed to set up high priority (Permission denied). In order to run benchmarks with high priority, make sure you have the right permissions.
// BeforeAnythingElse

// Benchmark Process Environment Information:
// BenchmarkDotNet v0.15.8
// Runtime=.NET 10.0.12 (10.0.12, 10.0.1226.42308), X64 RyuJIT x86-64-v3
// GC=Concurrent Workstation
// HardwareIntrinsics=AVX2+BMI1+BMI2+F16C+FMA+LZCNT+MOVBE,AVX,SSE3+SSSE3+SSE4.1+SSE4.2+POPCNT,X86Base+SSE+SSE2,AES+PCLMUL,AvxVnni,SERIALIZE VectorSize=256
// Job: Job-TZECNT(IterationCount=16, IterationTime=200ms, WarmupCount=8)

OverheadJitting  1: 1 op, 80819.00 ns, 80.8190 us/op
WorkloadJitting  1: 1 op, 2888473.00 ns, 2.8885 ms/op

OverheadJitting  2: 16 op, 104468.00 ns, 6.5293 us/op
WorkloadJitting  2: 16 op, 1523537.00 ns, 95.2211 us/op

WorkloadPilot    1: 16 op, 1108146.00 ns, 69.2591 us/op
WorkloadPilot    2: 2896 op, 142083281.00 ns, 49.0619 us/op
WorkloadPilot    3: 4080 op, 82447479.00 ns, 20.2077 us/op
WorkloadPilot    4: 9904 op, 200528446.00 ns, 20.2472 us/op
WorkloadPilot    5: 9888 op, 229840377.00 ns, 23.2444 us/op
WorkloadPilot    6: 8608 op, 177258613.00 ns, 20.5923 us/op
WorkloadPilot    7: 9712 op, 196310102.00 ns, 20.2131 us/op
WorkloadPilot    8: 9904 op, 203153930.00 ns, 20.5123 us/op

OverheadWarmup   1: 9904 op, 19251.00 ns, 1.9438 ns/op
OverheadWarmup   2: 9904 op, 18045.00 ns, 1.8220 ns/op
OverheadWarmup   3: 9904 op, 18055.00 ns, 1.8230 ns/op
OverheadWarmup   4: 9904 op, 18162.00 ns, 1.8338 ns/op
OverheadWarmup   5: 9904 op, 18026.00 ns, 1.8201 ns/op
OverheadWarmup   6: 9904 op, 17999.00 ns, 1.8173 ns/op
OverheadWarmup   7: 9904 op, 18151.00 ns, 1.8327 ns/op
OverheadWarmup   8: 9904 op, 18002.00 ns, 1.8176 ns/op

OverheadActual   1: 9904 op, 18256.00 ns, 1.8433 ns/op
OverheadActual   2: 9904 op, 18285.00 ns, 1.8462 ns/op
OverheadActual   3: 9904 op, 18258.00 ns, 1.8435 ns/op
OverheadActual   4: 9904 op, 18109.00 ns, 1.8285 ns/op
OverheadActual   5: 9904 op, 18510.00 ns, 1.8689 ns/op
OverheadActual   6: 9904 op, 18216.00 ns, 1.8393 ns/op
OverheadActual   7: 9904 op, 18036.00 ns, 1.8211 ns/op
OverheadActual   8: 9904 op, 17985.00 ns, 1.8159 ns/op
OverheadActual   9: 9904 op, 18029.00 ns, 1.8204 ns/op
OverheadActual  10: 9904 op, 19379.00 ns, 1.9567 ns/op
OverheadActual  11: 9904 op, 18089.00 ns, 1.8264 ns/op
OverheadActual  12: 9904 op, 18173.00 ns, 1.8349 ns/op
OverheadActual  13: 9904 op, 18195.00 ns, 1.8371 ns/op
OverheadActual  14: 9904 op, 18091.00 ns, 1.8266 ns/op
OverheadActual  15: 9904 op, 18024.00 ns, 1.8199 ns/op

WorkloadWarmup   1: 9904 op, 199267250.00 ns, 20.1199 us/op
WorkloadWarmup   2: 9904 op, 223254035.00 ns, 22.5418 us/op
WorkloadWarmup   3: 9904 op, 200716134.00 ns, 20.2662 us/op
WorkloadWarmup   4: 9904 op, 200096690.00 ns, 20.2036 us/op
WorkloadWarmup   5: 9904 op, 201744814.00 ns, 20.3700 us/op
WorkloadWarmup   6: 9904 op, 204065705.00 ns, 20.6044 us/op
WorkloadWarmup   7: 9904 op, 210975977.00 ns, 21.3021 us/op
WorkloadWarmup   8: 9904 op, 199756148.00 ns, 20.1692 us/op

// BeforeActualRun
WorkloadActual   1: 9904 op, 201519763.00 ns, 20.3473 us/op
WorkloadActual   2: 9904 op, 205849948.00 ns, 20.7845 us/op
WorkloadActual   3: 9904 op, 200211012.00 ns, 20.2152 us/op
WorkloadActual   4: 9904 op, 199876385.00 ns, 20.1814 us/op
WorkloadActual   5: 9904 op, 199838553.00 ns, 20.1776 us/op
WorkloadActual   6: 9904 op, 199857283.00 ns, 20.1795 us/op
WorkloadActual   7: 9904 op, 201973254.00 ns, 20.3931 us/op
WorkloadActual   8: 9904 op, 202169415.00 ns, 20.4129 us/op
WorkloadActual   9: 9904 op, 209055172.00 ns, 21.1082 us/op
WorkloadActual  10: 9904 op, 200829246.00 ns, 20.2776 us/op
WorkloadActual  11: 9904 op, 224157741.00 ns, 22.6331 us/op
WorkloadActual  12: 9904 op, 199494723.00 ns, 20.1428 us/op
WorkloadActual  13: 9904 op, 199577396.00 ns, 20.1512 us/op
WorkloadActual  14: 9904 op, 199821962.00 ns, 20.1759 us/op
WorkloadActual  15: 9904 op, 199723878.00 ns, 20.1660 us/op
WorkloadActual  16: 9904 op, 199654990.00 ns, 20.1590 us/op

// AfterActualRun
WorkloadResult   1: 9904 op, 201501590.00 ns, 20.3455 us/op
WorkloadResult   2: 9904 op, 200192839.00 ns, 20.2133 us/op
WorkloadResult   3: 9904 op, 199858212.00 ns, 20.1795 us/op
WorkloadResult   4: 9904 op, 199820380.00 ns, 20.1757 us/op
WorkloadResult   5: 9904 op, 199839110.00 ns, 20.1776 us/op
WorkloadResult   6: 9904 op, 201955081.00 ns, 20.3913 us/op
WorkloadResult   7: 9904 op, 202151242.00 ns, 20.4111 us/op
WorkloadResult   8: 9904 op, 200811073.00 ns, 20.2758 us/op
WorkloadResult   9: 9904 op, 199476550.00 ns, 20.1410 us/op
WorkloadResult  10: 9904 op, 199559223.00 ns, 20.1494 us/op
WorkloadResult  11: 9904 op, 199803789.00 ns, 20.1740 us/op
WorkloadResult  12: 9904 op, 199705705.00 ns, 20.1641 us/op
WorkloadResult  13: 9904 op, 199636817.00 ns, 20.1572 us/op
// GC:  0 0 0 0 9904
// Threading:  0 0 9904

// AfterAll
// Benchmark Process 22174 has exited with code 0.

Mean = 20.227 μs, StdErr = 0.027 μs (0.13%), N = 13, StdDev = 0.096 μs
Min = 20.141 μs, Q1 = 20.164 μs, Median = 20.178 μs, Q3 = 20.276 μs, Max = 20.411 μs
IQR = 0.112 μs, LowerFence = 19.997 μs, UpperFence = 20.443 μs
ConfidenceInterval = [20.113 μs; 20.342 μs] (CI 99.9%), Margin = 0.115 μs (0.57% of Mean)
Skewness = 0.89, Kurtosis = 2.04, MValue = 2

// ** Remained 5 (62.5 %) benchmark(s) to run. Estimated finish 2026-09-18 1:32 (0h 0m from now) **
// **************************
// Benchmark: PairHandleBenchmarks.Advance: InProcess(Toolchain=InProcessEmitToolchain) [Shape=PairOne]
// *** Execute ***
// Launch: 1 / 1
// ! Failed to set up priority High for process System.Diagnostics.Process (PairHandles). Make sure you have the right permissions. Message: Permission denied

// Benchmark Process Environment Information:
// BenchmarkDotNet v0.15.8
// Runtime=.NET 10.0.12 (10.0.12, 10.0.1226.42308), X64 RyuJIT x86-64-v3
// GC=Concurrent Workstation
// HardwareIntrinsics=AVX2+BMI1+BMI2+F16C+FMA+LZCNT+MOVBE,AVX,SSE3+SSSE3+SSE4.1+SSE4.2+POPCNT,X86Base+SSE+SSE2,AES+PCLMUL,AvxVnni,SERIALIZE VectorSize=256
// Job: Job-JWQWGO(Toolchain=InProcessEmitToolchain)

OverheadJitting  1: 1 op, 106699.00 ns, 106.6990 us/op
WorkloadJitting  1: 1 op, 152183.00 ns, 152.1830 us/op

OverheadJitting  2: 16 op, 118034.00 ns, 7.3771 us/op
WorkloadJitting  2: 16 op, 1125119.00 ns, 70.3199 us/op

WorkloadPilot    1: 16 op, 991641.00 ns, 61.9776 us/op
WorkloadPilot    2: 32 op, 1975555.00 ns, 61.7361 us/op
WorkloadPilot    3: 64 op, 3948189.00 ns, 61.6905 us/op
WorkloadPilot    4: 128 op, 7847216.00 ns, 61.3064 us/op
WorkloadPilot    5: 256 op, 14724455.00 ns, 57.5174 us/op
WorkloadPilot    6: 512 op, 30231898.00 ns, 59.0467 us/op
WorkloadPilot    7: 1024 op, 58222961.00 ns, 56.8584 us/op
WorkloadPilot    8: 2048 op, 116797422.00 ns, 57.0300 us/op
WorkloadPilot    9: 4096 op, 116160941.00 ns, 28.3596 us/op
WorkloadPilot   10: 8192 op, 167970106.00 ns, 20.5042 us/op
WorkloadPilot   11: 16384 op, 332975672.00 ns, 20.3232 us/op
WorkloadPilot   12: 32768 op, 679025658.00 ns, 20.7222 us/op

OverheadWarmup   1: 32768 op, 45639.00 ns, 1.3928 ns/op
OverheadWarmup   2: 32768 op, 43789.00 ns, 1.3363 ns/op
OverheadWarmup   3: 32768 op, 43033.00 ns, 1.3133 ns/op
OverheadWarmup   4: 32768 op, 43045.00 ns, 1.3136 ns/op
OverheadWarmup   5: 32768 op, 42966.00 ns, 1.3112 ns/op
OverheadWarmup   6: 32768 op, 42273.00 ns, 1.2901 ns/op
OverheadWarmup   7: 32768 op, 42111.00 ns, 1.2851 ns/op
OverheadWarmup   8: 32768 op, 42822.00 ns, 1.3068 ns/op
OverheadWarmup   9: 32768 op, 42844.00 ns, 1.3075 ns/op
OverheadWarmup  10: 32768 op, 42141.00 ns, 1.2860 ns/op

OverheadActual   1: 32768 op, 42120.00 ns, 1.2854 ns/op
OverheadActual   2: 32768 op, 42102.00 ns, 1.2849 ns/op
OverheadActual   3: 32768 op, 42110.00 ns, 1.2851 ns/op
OverheadActual   4: 32768 op, 42281.00 ns, 1.2903 ns/op
OverheadActual   5: 32768 op, 42339.00 ns, 1.2921 ns/op
OverheadActual   6: 32768 op, 42116.00 ns, 1.2853 ns/op
OverheadActual   7: 32768 op, 43640.00 ns, 1.3318 ns/op
OverheadActual   8: 32768 op, 43598.00 ns, 1.3305 ns/op
OverheadActual   9: 32768 op, 43625.00 ns, 1.3313 ns/op
OverheadActual  10: 32768 op, 42851.00 ns, 1.3077 ns/op
OverheadActual  11: 32768 op, 43828.00 ns, 1.3375 ns/op
OverheadActual  12: 32768 op, 49785.00 ns, 1.5193 ns/op
OverheadActual  13: 32768 op, 49352.00 ns, 1.5061 ns/op
OverheadActual  14: 32768 op, 44477.00 ns, 1.3573 ns/op
OverheadActual  15: 32768 op, 42077.00 ns, 1.2841 ns/op

WorkloadWarmup   1: 32768 op, 668823212.00 ns, 20.4109 us/op
WorkloadWarmup   2: 32768 op, 700840422.00 ns, 21.3880 us/op
WorkloadWarmup   3: 32768 op, 706253692.00 ns, 21.5532 us/op
WorkloadWarmup   4: 32768 op, 671530512.00 ns, 20.4935 us/op
WorkloadWarmup   5: 32768 op, 682043618.00 ns, 20.8143 us/op
WorkloadWarmup   6: 32768 op, 691647736.00 ns, 21.1074 us/op
WorkloadWarmup   7: 32768 op, 690014848.00 ns, 21.0576 us/op

WorkloadActual   1: 32768 op, 738744138.00 ns, 22.5447 us/op
WorkloadActual   2: 32768 op, 673121285.00 ns, 20.5420 us/op
WorkloadActual   3: 32768 op, 665280366.00 ns, 20.3027 us/op
WorkloadActual   4: 32768 op, 668572470.00 ns, 20.4032 us/op
WorkloadActual   5: 32768 op, 667208832.00 ns, 20.3616 us/op
WorkloadActual   6: 32768 op, 665717057.00 ns, 20.3161 us/op
WorkloadActual   7: 32768 op, 697811010.00 ns, 21.2955 us/op
WorkloadActual   8: 32768 op, 669927760.00 ns, 20.4446 us/op
WorkloadActual   9: 32768 op, 690508495.00 ns, 21.0726 us/op
WorkloadActual  10: 32768 op, 668978062.00 ns, 20.4156 us/op
WorkloadActual  11: 32768 op, 670178796.00 ns, 20.4522 us/op
WorkloadActual  12: 32768 op, 690582525.00 ns, 21.0749 us/op
WorkloadActual  13: 32768 op, 734812517.00 ns, 22.4247 us/op
WorkloadActual  14: 32768 op, 685259945.00 ns, 20.9125 us/op
WorkloadActual  15: 32768 op, 674859125.00 ns, 20.5951 us/op

WorkloadResult   1: 32768 op, 673078434.00 ns, 20.5407 us/op
WorkloadResult   2: 32768 op, 665237515.00 ns, 20.3014 us/op
WorkloadResult   3: 32768 op, 668529619.00 ns, 20.4019 us/op
WorkloadResult   4: 32768 op, 667165981.00 ns, 20.3603 us/op
WorkloadResult   5: 32768 op, 665674206.00 ns, 20.3148 us/op
WorkloadResult   6: 32768 op, 697768159.00 ns, 21.2942 us/op
WorkloadResult   7: 32768 op, 669884909.00 ns, 20.4433 us/op
WorkloadResult   8: 32768 op, 690465644.00 ns, 21.0713 us/op
WorkloadResult   9: 32768 op, 668935211.00 ns, 20.4143 us/op
WorkloadResult  10: 32768 op, 670135945.00 ns, 20.4509 us/op
WorkloadResult  11: 32768 op, 690539674.00 ns, 21.0736 us/op
WorkloadResult  12: 32768 op, 685217094.00 ns, 20.9112 us/op
WorkloadResult  13: 32768 op, 674816274.00 ns, 20.5938 us/op
// GC:  0 0 0 4320 32768
// Threading:  0 0 32768


Mean = 20.629 μs, StdErr = 0.094 μs (0.45%), N = 13, StdDev = 0.337 μs
Min = 20.301 μs, Q1 = 20.402 μs, Median = 20.451 μs, Q3 = 20.911 μs, Max = 21.294 μs
IQR = 0.509 μs, LowerFence = 19.638 μs, UpperFence = 21.675 μs
ConfidenceInterval = [20.224 μs; 21.033 μs] (CI 99.9%), Margin = 0.404 μs (1.96% of Mean)
Skewness = 0.75, Kurtosis = 1.86, MValue = 2

// ** Remained 4 (50.0 %) benchmark(s) to run. Estimated finish 2026-09-18 1:33 (0h 0m from now) **
// **************************
// Benchmark: PairHandleBenchmarks.Advance: Job-TZECNT(IterationCount=16, IterationTime=200ms, WarmupCount=8) [Shape=PairRuns8]
// *** Execute ***
// Launch: 1 / 1
// Execute: dotnet PairHandles-Job-TZECNT-1.dll --anonymousPipes 118 119 --benchmarkName "Tl.PairHandlesProbe.PairHandleBenchmarks.Advance(Shape: PairRuns8)" --job "IterationCount=16, IterationTime=200ms, WarmupCount=8" --benchmarkId 2 in /tmp/168-base/benchmarks/PairHandles/bin/Release/net10.0/PairHandles-Job-TZECNT-1/bin/Release/net10.0
// Failed to set up high priority (Permission denied). In order to run benchmarks with high priority, make sure you have the right permissions.
// BeforeAnythingElse

// Benchmark Process Environment Information:
// BenchmarkDotNet v0.15.8
// Runtime=.NET 10.0.12 (10.0.12, 10.0.1226.42308), X64 RyuJIT x86-64-v3
// GC=Concurrent Workstation
// HardwareIntrinsics=AVX2+BMI1+BMI2+F16C+FMA+LZCNT+MOVBE,AVX,SSE3+SSSE3+SSE4.1+SSE4.2+POPCNT,X86Base+SSE+SSE2,AES+PCLMUL,AvxVnni,SERIALIZE VectorSize=256
// Job: Job-TZECNT(IterationCount=16, IterationTime=200ms, WarmupCount=8)

OverheadJitting  1: 1 op, 78778.00 ns, 78.7780 us/op
WorkloadJitting  1: 1 op, 3365908.00 ns, 3.3659 ms/op

OverheadJitting  2: 16 op, 104161.00 ns, 6.5101 us/op
WorkloadJitting  2: 16 op, 1936590.00 ns, 121.0369 us/op

WorkloadPilot    1: 16 op, 1706156.00 ns, 106.6348 us/op
WorkloadPilot    2: 1888 op, 161852562.00 ns, 85.7270 us/op
WorkloadPilot    3: 2336 op, 141531647.00 ns, 60.5872 us/op
WorkloadPilot    4: 3312 op, 194372070.00 ns, 58.6872 us/op
WorkloadPilot    5: 3408 op, 195249508.00 ns, 57.2915 us/op
WorkloadPilot    6: 3504 op, 199645016.00 ns, 56.9763 us/op
WorkloadPilot    7: 3520 op, 199749444.00 ns, 56.7470 us/op
WorkloadPilot    8: 3536 op, 199646117.00 ns, 56.4610 us/op
WorkloadPilot    9: 3552 op, 202445526.00 ns, 56.9948 us/op
WorkloadPilot   10: 3520 op, 202001877.00 ns, 57.3869 us/op
WorkloadPilot   11: 3488 op, 198836192.00 ns, 57.0058 us/op
WorkloadPilot   12: 3520 op, 200583534.00 ns, 56.9840 us/op

OverheadWarmup   1: 3520 op, 8192.00 ns, 2.3273 ns/op
OverheadWarmup   2: 3520 op, 6680.00 ns, 1.8977 ns/op
OverheadWarmup   3: 3520 op, 6684.00 ns, 1.8989 ns/op
OverheadWarmup   4: 3520 op, 6601.00 ns, 1.8753 ns/op
OverheadWarmup   5: 3520 op, 6627.00 ns, 1.8827 ns/op
OverheadWarmup   6: 3520 op, 6464.00 ns, 1.8364 ns/op

OverheadActual   1: 3520 op, 6672.00 ns, 1.8955 ns/op
OverheadActual   2: 3520 op, 6721.00 ns, 1.9094 ns/op
OverheadActual   3: 3520 op, 6673.00 ns, 1.8957 ns/op
OverheadActual   4: 3520 op, 6538.00 ns, 1.8574 ns/op
OverheadActual   5: 3520 op, 6581.00 ns, 1.8696 ns/op
OverheadActual   6: 3520 op, 6464.00 ns, 1.8364 ns/op
OverheadActual   7: 3520 op, 6466.00 ns, 1.8369 ns/op
OverheadActual   8: 3520 op, 6449.00 ns, 1.8321 ns/op
OverheadActual   9: 3520 op, 6456.00 ns, 1.8341 ns/op
OverheadActual  10: 3520 op, 6463.00 ns, 1.8361 ns/op
OverheadActual  11: 3520 op, 6457.00 ns, 1.8344 ns/op
OverheadActual  12: 3520 op, 6450.00 ns, 1.8324 ns/op
OverheadActual  13: 3520 op, 6568.00 ns, 1.8659 ns/op
OverheadActual  14: 3520 op, 6490.00 ns, 1.8438 ns/op
OverheadActual  15: 3520 op, 6472.00 ns, 1.8386 ns/op

WorkloadWarmup   1: 3520 op, 199945377.00 ns, 56.8027 us/op
WorkloadWarmup   2: 3520 op, 201005008.00 ns, 57.1037 us/op
WorkloadWarmup   3: 3520 op, 200573520.00 ns, 56.9811 us/op
WorkloadWarmup   4: 3520 op, 201038882.00 ns, 57.1133 us/op
WorkloadWarmup   5: 3520 op, 203264503.00 ns, 57.7456 us/op
WorkloadWarmup   6: 3520 op, 201214944.00 ns, 57.1633 us/op
WorkloadWarmup   7: 3520 op, 201490361.00 ns, 57.2416 us/op
WorkloadWarmup   8: 3520 op, 200844770.00 ns, 57.0582 us/op

// BeforeActualRun
WorkloadActual   1: 3520 op, 200444328.00 ns, 56.9444 us/op
WorkloadActual   2: 3520 op, 200451394.00 ns, 56.9464 us/op
WorkloadActual   3: 3520 op, 212149076.00 ns, 60.2696 us/op
WorkloadActual   4: 3520 op, 200424525.00 ns, 56.9388 us/op
WorkloadActual   5: 3520 op, 200722741.00 ns, 57.0235 us/op
WorkloadActual   6: 3520 op, 200561937.00 ns, 56.9778 us/op
WorkloadActual   7: 3520 op, 199482540.00 ns, 56.6712 us/op
WorkloadActual   8: 3520 op, 200673153.00 ns, 57.0094 us/op
WorkloadActual   9: 3520 op, 202237098.00 ns, 57.4537 us/op
WorkloadActual  10: 3520 op, 200823553.00 ns, 57.0521 us/op
WorkloadActual  11: 3520 op, 204373535.00 ns, 58.0607 us/op
WorkloadActual  12: 3520 op, 212740966.00 ns, 60.4378 us/op
WorkloadActual  13: 3520 op, 212791958.00 ns, 60.4523 us/op
WorkloadActual  14: 3520 op, 212964558.00 ns, 60.5013 us/op
WorkloadActual  15: 3520 op, 206347247.00 ns, 58.6214 us/op
WorkloadActual  16: 3520 op, 215360005.00 ns, 61.1818 us/op

// AfterActualRun
WorkloadResult   1: 3520 op, 200437856.00 ns, 56.9426 us/op
WorkloadResult   2: 3520 op, 200444922.00 ns, 56.9446 us/op
WorkloadResult   3: 3520 op, 212142604.00 ns, 60.2678 us/op
WorkloadResult   4: 3520 op, 200418053.00 ns, 56.9369 us/op
WorkloadResult   5: 3520 op, 200716269.00 ns, 57.0217 us/op
WorkloadResult   6: 3520 op, 200555465.00 ns, 56.9760 us/op
WorkloadResult   7: 3520 op, 199476068.00 ns, 56.6693 us/op
WorkloadResult   8: 3520 op, 200666681.00 ns, 57.0076 us/op
WorkloadResult   9: 3520 op, 202230626.00 ns, 57.4519 us/op
WorkloadResult  10: 3520 op, 200817081.00 ns, 57.0503 us/op
WorkloadResult  11: 3520 op, 204367063.00 ns, 58.0588 us/op
WorkloadResult  12: 3520 op, 212734494.00 ns, 60.4359 us/op
WorkloadResult  13: 3520 op, 212785486.00 ns, 60.4504 us/op
WorkloadResult  14: 3520 op, 212958086.00 ns, 60.4995 us/op
WorkloadResult  15: 3520 op, 206340775.00 ns, 58.6195 us/op
WorkloadResult  16: 3520 op, 215353533.00 ns, 61.1800 us/op
// GC:  0 0 0 0 3520
// Threading:  0 0 3520

// AfterAll
// Benchmark Process 22439 has exited with code 0.

Mean = 58.282 μs, StdErr = 0.418 μs (0.72%), N = 16, StdDev = 1.671 μs
Min = 56.669 μs, Q1 = 56.968 μs, Median = 57.251 μs, Q3 = 60.310 μs, Max = 61.180 μs
IQR = 3.342 μs, LowerFence = 51.956 μs, UpperFence = 65.322 μs
ConfidenceInterval = [56.581 μs; 59.983 μs] (CI 99.9%), Margin = 1.701 μs (2.92% of Mean)
Skewness = 0.58, Kurtosis = 1.45, MValue = 2.8

// ** Remained 3 (37.5 %) benchmark(s) to run. Estimated finish 2026-09-18 1:33 (0h 0m from now) **
// **************************
// Benchmark: PairHandleBenchmarks.Advance: InProcess(Toolchain=InProcessEmitToolchain) [Shape=PairRuns8]
// *** Execute ***
// Launch: 1 / 1
// ! Failed to set up priority High for process System.Diagnostics.Process (PairHandles). Make sure you have the right permissions. Message: Permission denied

// Benchmark Process Environment Information:
// BenchmarkDotNet v0.15.8
// Runtime=.NET 10.0.12 (10.0.12, 10.0.1226.42308), X64 RyuJIT x86-64-v3
// GC=Concurrent Workstation
// HardwareIntrinsics=AVX2+BMI1+BMI2+F16C+FMA+LZCNT+MOVBE,AVX,SSE3+SSSE3+SSE4.1+SSE4.2+POPCNT,X86Base+SSE+SSE2,AES+PCLMUL,AvxVnni,SERIALIZE VectorSize=256
// Job: Job-JWQWGO(Toolchain=InProcessEmitToolchain)

OverheadJitting  1: 1 op, 105694.00 ns, 105.6940 us/op
WorkloadJitting  1: 1 op, 150474.00 ns, 150.4740 us/op

OverheadJitting  2: 16 op, 118292.00 ns, 7.3933 us/op
WorkloadJitting  2: 16 op, 1087423.00 ns, 67.9639 us/op

WorkloadPilot    1: 16 op, 2490314.00 ns, 155.6446 us/op
WorkloadPilot    2: 32 op, 1944411.00 ns, 60.7628 us/op
WorkloadPilot    3: 64 op, 3874407.00 ns, 60.5376 us/op
WorkloadPilot    4: 128 op, 7744632.00 ns, 60.5049 us/op
WorkloadPilot    5: 256 op, 15439645.00 ns, 60.3111 us/op
WorkloadPilot    6: 512 op, 31073138.00 ns, 60.6897 us/op
WorkloadPilot    7: 1024 op, 63703406.00 ns, 62.2104 us/op
WorkloadPilot    8: 2048 op, 121117450.00 ns, 59.1394 us/op
WorkloadPilot    9: 4096 op, 243894188.00 ns, 59.5445 us/op
WorkloadPilot   10: 8192 op, 507270552.00 ns, 61.9227 us/op

OverheadWarmup   1: 8192 op, 12592.00 ns, 1.5371 ns/op
OverheadWarmup   2: 8192 op, 10897.00 ns, 1.3302 ns/op
OverheadWarmup   3: 8192 op, 10758.00 ns, 1.3132 ns/op
OverheadWarmup   4: 8192 op, 10563.00 ns, 1.2894 ns/op
OverheadWarmup   5: 8192 op, 10555.00 ns, 1.2885 ns/op
OverheadWarmup   6: 8192 op, 10565.00 ns, 1.2897 ns/op
OverheadWarmup   7: 8192 op, 10558.00 ns, 1.2888 ns/op
OverheadWarmup   8: 8192 op, 10553.00 ns, 1.2882 ns/op
OverheadWarmup   9: 8192 op, 10559.00 ns, 1.2889 ns/op
OverheadWarmup  10: 8192 op, 10544.00 ns, 1.2871 ns/op

OverheadActual   1: 8192 op, 10526.00 ns, 1.2849 ns/op
OverheadActual   2: 8192 op, 10550.00 ns, 1.2878 ns/op
OverheadActual   3: 8192 op, 10562.00 ns, 1.2893 ns/op
OverheadActual   4: 8192 op, 10568.00 ns, 1.2900 ns/op
OverheadActual   5: 8192 op, 12686.00 ns, 1.5486 ns/op
OverheadActual   6: 8192 op, 12176.00 ns, 1.4863 ns/op
OverheadActual   7: 8192 op, 10781.00 ns, 1.3160 ns/op
OverheadActual   8: 8192 op, 10526.00 ns, 1.2849 ns/op
OverheadActual   9: 8192 op, 11670.00 ns, 1.4246 ns/op
OverheadActual  10: 8192 op, 12738.00 ns, 1.5549 ns/op
OverheadActual  11: 8192 op, 10729.00 ns, 1.3097 ns/op
OverheadActual  12: 8192 op, 10563.00 ns, 1.2894 ns/op
OverheadActual  13: 8192 op, 10547.00 ns, 1.2875 ns/op
OverheadActual  14: 8192 op, 10520.00 ns, 1.2842 ns/op
OverheadActual  15: 8192 op, 10534.00 ns, 1.2859 ns/op
OverheadActual  16: 8192 op, 10558.00 ns, 1.2888 ns/op
OverheadActual  17: 8192 op, 10549.00 ns, 1.2877 ns/op

WorkloadWarmup   1: 8192 op, 505569100.00 ns, 61.7150 us/op
WorkloadWarmup   2: 8192 op, 497580361.00 ns, 60.7398 us/op
WorkloadWarmup   3: 8192 op, 467954716.00 ns, 57.1234 us/op
WorkloadWarmup   4: 8192 op, 465619969.00 ns, 56.8384 us/op
WorkloadWarmup   5: 8192 op, 469866516.00 ns, 57.3568 us/op
WorkloadWarmup   6: 8192 op, 465976129.00 ns, 56.8819 us/op
WorkloadWarmup   7: 8192 op, 465143830.00 ns, 56.7803 us/op
WorkloadWarmup   8: 8192 op, 465410234.00 ns, 56.8128 us/op
WorkloadWarmup   9: 8192 op, 465622131.00 ns, 56.8386 us/op
WorkloadWarmup  10: 8192 op, 478720491.00 ns, 58.4376 us/op
WorkloadWarmup  11: 8192 op, 466039001.00 ns, 56.8895 us/op

WorkloadActual   1: 8192 op, 465654458.00 ns, 56.8426 us/op
WorkloadActual   2: 8192 op, 466046908.00 ns, 56.8905 us/op
WorkloadActual   3: 8192 op, 463307751.00 ns, 56.5561 us/op
WorkloadActual   4: 8192 op, 462358221.00 ns, 56.4402 us/op
WorkloadActual   5: 8192 op, 465777627.00 ns, 56.8576 us/op
WorkloadActual   6: 8192 op, 464756087.00 ns, 56.7329 us/op
WorkloadActual   7: 8192 op, 467655609.00 ns, 57.0869 us/op
WorkloadActual   8: 8192 op, 465822238.00 ns, 56.8631 us/op
WorkloadActual   9: 8192 op, 466727835.00 ns, 56.9736 us/op
WorkloadActual  10: 8192 op, 467379566.00 ns, 57.0532 us/op
WorkloadActual  11: 8192 op, 467219662.00 ns, 57.0337 us/op
WorkloadActual  12: 8192 op, 467713951.00 ns, 57.0940 us/op
WorkloadActual  13: 8192 op, 467756042.00 ns, 57.0991 us/op
WorkloadActual  14: 8192 op, 475643908.00 ns, 58.0620 us/op
WorkloadActual  15: 8192 op, 469708646.00 ns, 57.3375 us/op

WorkloadResult   1: 8192 op, 465643896.00 ns, 56.8413 us/op
WorkloadResult   2: 8192 op, 466036346.00 ns, 56.8892 us/op
WorkloadResult   3: 8192 op, 463297189.00 ns, 56.5548 us/op
WorkloadResult   4: 8192 op, 462347659.00 ns, 56.4389 us/op
WorkloadResult   5: 8192 op, 465767065.00 ns, 56.8563 us/op
WorkloadResult   6: 8192 op, 464745525.00 ns, 56.7316 us/op
WorkloadResult   7: 8192 op, 467645047.00 ns, 57.0856 us/op
WorkloadResult   8: 8192 op, 465811676.00 ns, 56.8618 us/op
WorkloadResult   9: 8192 op, 466717273.00 ns, 56.9723 us/op
WorkloadResult  10: 8192 op, 467369004.00 ns, 57.0519 us/op
WorkloadResult  11: 8192 op, 467209100.00 ns, 57.0324 us/op
WorkloadResult  12: 8192 op, 467703389.00 ns, 57.0927 us/op
WorkloadResult  13: 8192 op, 467745480.00 ns, 57.0978 us/op
WorkloadResult  14: 8192 op, 469698084.00 ns, 57.3362 us/op
// GC:  0 0 0 1296 8192
// Threading:  0 0 8192


Mean = 56.917 μs, StdErr = 0.062 μs (0.11%), N = 14, StdDev = 0.234 μs
Min = 56.439 μs, Q1 = 56.845 μs, Median = 56.931 μs, Q3 = 57.077 μs, Max = 57.336 μs
IQR = 0.232 μs, LowerFence = 56.497 μs, UpperFence = 57.425 μs
ConfidenceInterval = [56.654 μs; 57.181 μs] (CI 99.9%), Margin = 0.264 μs (0.46% of Mean)
Skewness = -0.4, Kurtosis = 2.52, MValue = 2

// ** Remained 2 (25.0 %) benchmark(s) to run. Estimated finish 2026-09-18 1:33 (0h 0m from now) **
// **************************
// Benchmark: PairHandleBenchmarks.Advance: Job-TZECNT(IterationCount=16, IterationTime=200ms, WarmupCount=8) [Shape=PairAlternating8]
// *** Execute ***
// Launch: 1 / 1
// Execute: dotnet PairHandles-Job-TZECNT-1.dll --anonymousPipes 118 119 --benchmarkName "Tl.PairHandlesProbe.PairHandleBenchmarks.Advance(Shape: PairAlternating8)" --job "IterationCount=16, IterationTime=200ms, WarmupCount=8" --benchmarkId 3 in /tmp/168-base/benchmarks/PairHandles/bin/Release/net10.0/PairHandles-Job-TZECNT-1/bin/Release/net10.0
// Failed to set up high priority (Permission denied). In order to run benchmarks with high priority, make sure you have the right permissions.
// BeforeAnythingElse

// Benchmark Process Environment Information:
// BenchmarkDotNet v0.15.8
// Runtime=.NET 10.0.12 (10.0.12, 10.0.1226.42308), X64 RyuJIT x86-64-v3
// GC=Concurrent Workstation
// HardwareIntrinsics=AVX2+BMI1+BMI2+F16C+FMA+LZCNT+MOVBE,AVX,SSE3+SSSE3+SSE4.1+SSE4.2+POPCNT,X86Base+SSE+SSE2,AES+PCLMUL,AvxVnni,SERIALIZE VectorSize=256
// Job: Job-TZECNT(IterationCount=16, IterationTime=200ms, WarmupCount=8)

OverheadJitting  1: 1 op, 79851.00 ns, 79.8510 us/op
WorkloadJitting  1: 1 op, 2046738.00 ns, 2.0467 ms/op

OverheadJitting  2: 16 op, 97545.00 ns, 6.0966 us/op
WorkloadJitting  2: 16 op, 2896675.00 ns, 181.0422 us/op

WorkloadPilot    1: 16 op, 2602430.00 ns, 162.6519 us/op
WorkloadPilot    2: 1232 op, 184334859.00 ns, 149.6225 us/op
WorkloadPilot    3: 1344 op, 169122795.00 ns, 125.8354 us/op
WorkloadPilot    4: 1600 op, 202007762.00 ns, 126.2549 us/op
WorkloadPilot    5: 1584 op, 201802559.00 ns, 127.4006 us/op

OverheadWarmup   1: 1584 op, 4499.00 ns, 2.8403 ns/op
OverheadWarmup   2: 1584 op, 3165.00 ns, 1.9981 ns/op
OverheadWarmup   3: 1584 op, 3298.00 ns, 2.0821 ns/op
OverheadWarmup   4: 1584 op, 3326.00 ns, 2.0997 ns/op
OverheadWarmup   5: 1584 op, 3206.00 ns, 2.0240 ns/op
OverheadWarmup   6: 1584 op, 3128.00 ns, 1.9747 ns/op
OverheadWarmup   7: 1584 op, 3139.00 ns, 1.9817 ns/op
OverheadWarmup   8: 1584 op, 3145.00 ns, 1.9855 ns/op
OverheadWarmup   9: 1584 op, 3143.00 ns, 1.9842 ns/op

OverheadActual   1: 1584 op, 3238.00 ns, 2.0442 ns/op
OverheadActual   2: 1584 op, 3201.00 ns, 2.0208 ns/op
OverheadActual   3: 1584 op, 3193.00 ns, 2.0158 ns/op
OverheadActual   4: 1584 op, 3033.00 ns, 1.9148 ns/op
OverheadActual   5: 1584 op, 3136.00 ns, 1.9798 ns/op
OverheadActual   6: 1584 op, 2977.00 ns, 1.8794 ns/op
OverheadActual   7: 1584 op, 2965.00 ns, 1.8718 ns/op
OverheadActual   8: 1584 op, 2962.00 ns, 1.8699 ns/op
OverheadActual   9: 1584 op, 2977.00 ns, 1.8794 ns/op
OverheadActual  10: 1584 op, 2963.00 ns, 1.8706 ns/op
OverheadActual  11: 1584 op, 2973.00 ns, 1.8769 ns/op
OverheadActual  12: 1584 op, 3069.00 ns, 1.9375 ns/op
OverheadActual  13: 1584 op, 3044.00 ns, 1.9217 ns/op
OverheadActual  14: 1584 op, 3055.00 ns, 1.9287 ns/op
OverheadActual  15: 1584 op, 2987.00 ns, 1.8857 ns/op

WorkloadWarmup   1: 1584 op, 196865844.00 ns, 124.2840 us/op
WorkloadWarmup   2: 1584 op, 201439584.00 ns, 127.1715 us/op
WorkloadWarmup   3: 1584 op, 202506357.00 ns, 127.8449 us/op
WorkloadWarmup   4: 1584 op, 201847792.00 ns, 127.4292 us/op
WorkloadWarmup   5: 1584 op, 199126052.00 ns, 125.7109 us/op
WorkloadWarmup   6: 1584 op, 197097860.00 ns, 124.4305 us/op
WorkloadWarmup   7: 1584 op, 199491122.00 ns, 125.9414 us/op
WorkloadWarmup   8: 1584 op, 199196675.00 ns, 125.7555 us/op

// BeforeActualRun
WorkloadActual   1: 1584 op, 197609782.00 ns, 124.7537 us/op
WorkloadActual   2: 1584 op, 199753832.00 ns, 126.1072 us/op
WorkloadActual   3: 1584 op, 198507451.00 ns, 125.3204 us/op
WorkloadActual   4: 1584 op, 198798034.00 ns, 125.5038 us/op
WorkloadActual   5: 1584 op, 200231621.00 ns, 126.4089 us/op
WorkloadActual   6: 1584 op, 197116234.00 ns, 124.4421 us/op
WorkloadActual   7: 1584 op, 203513220.00 ns, 128.4806 us/op
WorkloadActual   8: 1584 op, 205089253.00 ns, 129.4755 us/op
WorkloadActual   9: 1584 op, 204939674.00 ns, 129.3811 us/op
WorkloadActual  10: 1584 op, 196753754.00 ns, 124.2132 us/op
WorkloadActual  11: 1584 op, 197834122.00 ns, 124.8953 us/op
WorkloadActual  12: 1584 op, 195246885.00 ns, 123.2619 us/op
WorkloadActual  13: 1584 op, 196258045.00 ns, 123.9003 us/op
WorkloadActual  14: 1584 op, 197535135.00 ns, 124.7065 us/op
WorkloadActual  15: 1584 op, 201599569.00 ns, 127.2725 us/op
WorkloadActual  16: 1584 op, 194601748.00 ns, 122.8546 us/op

// AfterActualRun
WorkloadResult   1: 1584 op, 197606749.00 ns, 124.7517 us/op
WorkloadResult   2: 1584 op, 199750799.00 ns, 126.1053 us/op
WorkloadResult   3: 1584 op, 198504418.00 ns, 125.3184 us/op
WorkloadResult   4: 1584 op, 198795001.00 ns, 125.5019 us/op
WorkloadResult   5: 1584 op, 200228588.00 ns, 126.4069 us/op
WorkloadResult   6: 1584 op, 197113201.00 ns, 124.4402 us/op
WorkloadResult   7: 1584 op, 203510187.00 ns, 128.4787 us/op
WorkloadResult   8: 1584 op, 205086220.00 ns, 129.4736 us/op
WorkloadResult   9: 1584 op, 204936641.00 ns, 129.3792 us/op
WorkloadResult  10: 1584 op, 196750721.00 ns, 124.2113 us/op
WorkloadResult  11: 1584 op, 197831089.00 ns, 124.8934 us/op
WorkloadResult  12: 1584 op, 195243852.00 ns, 123.2600 us/op
WorkloadResult  13: 1584 op, 196255012.00 ns, 123.8984 us/op
WorkloadResult  14: 1584 op, 197532102.00 ns, 124.7046 us/op
WorkloadResult  15: 1584 op, 201596536.00 ns, 127.2705 us/op
WorkloadResult  16: 1584 op, 194598715.00 ns, 122.8527 us/op
// GC:  0 0 0 0 1584
// Threading:  0 0 1584

// AfterAll
// Benchmark Process 22898 has exited with code 0.

Mean = 125.684 μs, StdErr = 0.510 μs (0.41%), N = 16, StdDev = 2.041 μs
Min = 122.853 μs, Q1 = 124.383 μs, Median = 125.106 μs, Q3 = 126.623 μs, Max = 129.474 μs
IQR = 2.240 μs, LowerFence = 121.023 μs, UpperFence = 129.983 μs
ConfidenceInterval = [123.606 μs; 127.762 μs] (CI 99.9%), Margin = 2.078 μs (1.65% of Mean)
Skewness = 0.6, Kurtosis = 2.08, MValue = 2

// ** Remained 1 (12.5 %) benchmark(s) to run. Estimated finish 2026-09-18 1:33 (0h 0m from now) **
// **************************
// Benchmark: PairHandleBenchmarks.Advance: InProcess(Toolchain=InProcessEmitToolchain) [Shape=PairAlternating8]
// *** Execute ***
// Launch: 1 / 1
// ! Failed to set up priority High for process System.Diagnostics.Process (PairHandles). Make sure you have the right permissions. Message: Permission denied

// Benchmark Process Environment Information:
// BenchmarkDotNet v0.15.8
// Runtime=.NET 10.0.12 (10.0.12, 10.0.1226.42308), X64 RyuJIT x86-64-v3
// GC=Concurrent Workstation
// HardwareIntrinsics=AVX2+BMI1+BMI2+F16C+FMA+LZCNT+MOVBE,AVX,SSE3+SSSE3+SSE4.1+SSE4.2+POPCNT,X86Base+SSE+SSE2,AES+PCLMUL,AvxVnni,SERIALIZE VectorSize=256
// Job: Job-JWQWGO(Toolchain=InProcessEmitToolchain)

OverheadJitting  1: 1 op, 96618.00 ns, 96.6180 us/op
WorkloadJitting  1: 1 op, 214734.00 ns, 214.7340 us/op

OverheadJitting  2: 16 op, 113622.00 ns, 7.1014 us/op
WorkloadJitting  2: 16 op, 2224222.00 ns, 139.0139 us/op

WorkloadPilot    1: 16 op, 2135554.00 ns, 133.4721 us/op
WorkloadPilot    2: 32 op, 4226015.00 ns, 132.0630 us/op
WorkloadPilot    3: 64 op, 9908495.00 ns, 154.8202 us/op
WorkloadPilot    4: 128 op, 17306593.00 ns, 135.2078 us/op
WorkloadPilot    5: 256 op, 34824695.00 ns, 136.0340 us/op
WorkloadPilot    6: 512 op, 69814316.00 ns, 136.3561 us/op
WorkloadPilot    7: 1024 op, 140499394.00 ns, 137.2064 us/op
WorkloadPilot    8: 2048 op, 278343991.00 ns, 135.9102 us/op
WorkloadPilot    9: 4096 op, 540922736.00 ns, 132.0612 us/op

OverheadWarmup   1: 4096 op, 7548.00 ns, 1.8428 ns/op
OverheadWarmup   2: 4096 op, 5981.00 ns, 1.4602 ns/op
OverheadWarmup   3: 4096 op, 6018.00 ns, 1.4692 ns/op
OverheadWarmup   4: 4096 op, 5880.00 ns, 1.4355 ns/op
OverheadWarmup   5: 4096 op, 6059.00 ns, 1.4792 ns/op
OverheadWarmup   6: 4096 op, 6066.00 ns, 1.4810 ns/op
OverheadWarmup   7: 4096 op, 6033.00 ns, 1.4729 ns/op

OverheadActual   1: 4096 op, 5534.00 ns, 1.3511 ns/op
OverheadActual   2: 4096 op, 5312.00 ns, 1.2969 ns/op
OverheadActual   3: 4096 op, 5299.00 ns, 1.2937 ns/op
OverheadActual   4: 4096 op, 5293.00 ns, 1.2922 ns/op
OverheadActual   5: 4096 op, 5369.00 ns, 1.3108 ns/op
OverheadActual   6: 4096 op, 5314.00 ns, 1.2974 ns/op
OverheadActual   7: 4096 op, 5313.00 ns, 1.2971 ns/op
OverheadActual   8: 4096 op, 5374.00 ns, 1.3120 ns/op
OverheadActual   9: 4096 op, 5309.00 ns, 1.2961 ns/op
OverheadActual  10: 4096 op, 5312.00 ns, 1.2969 ns/op
OverheadActual  11: 4096 op, 5301.00 ns, 1.2942 ns/op
OverheadActual  12: 4096 op, 5349.00 ns, 1.3059 ns/op
OverheadActual  13: 4096 op, 5574.00 ns, 1.3608 ns/op
OverheadActual  14: 4096 op, 5302.00 ns, 1.2944 ns/op
OverheadActual  15: 4096 op, 5326.00 ns, 1.3003 ns/op

WorkloadWarmup   1: 4096 op, 551416518.00 ns, 134.6232 us/op
WorkloadWarmup   2: 4096 op, 561509514.00 ns, 137.0873 us/op
WorkloadWarmup   3: 4096 op, 566785807.00 ns, 138.3754 us/op
WorkloadWarmup   4: 4096 op, 555579874.00 ns, 135.6396 us/op
WorkloadWarmup   5: 4096 op, 559938878.00 ns, 136.7038 us/op
WorkloadWarmup   6: 4096 op, 562468091.00 ns, 137.3213 us/op
WorkloadWarmup   7: 4096 op, 571710571.00 ns, 139.5778 us/op
WorkloadWarmup   8: 4096 op, 554354708.00 ns, 135.3405 us/op

WorkloadActual   1: 4096 op, 541988839.00 ns, 132.3215 us/op
WorkloadActual   2: 4096 op, 541478777.00 ns, 132.1970 us/op
WorkloadActual   3: 4096 op, 559283399.00 ns, 136.5438 us/op
WorkloadActual   4: 4096 op, 550584970.00 ns, 134.4202 us/op
WorkloadActual   5: 4096 op, 533547522.00 ns, 130.2606 us/op
WorkloadActual   6: 4096 op, 533789598.00 ns, 130.3197 us/op
WorkloadActual   7: 4096 op, 534968530.00 ns, 130.6076 us/op
WorkloadActual   8: 4096 op, 534363673.00 ns, 130.4599 us/op
WorkloadActual   9: 4096 op, 539646793.00 ns, 131.7497 us/op
WorkloadActual  10: 4096 op, 539407470.00 ns, 131.6913 us/op
WorkloadActual  11: 4096 op, 535737397.00 ns, 130.7953 us/op
WorkloadActual  12: 4096 op, 534102226.00 ns, 130.3961 us/op
WorkloadActual  13: 4096 op, 537144944.00 ns, 131.1389 us/op
WorkloadActual  14: 4096 op, 535291710.00 ns, 130.6865 us/op
WorkloadActual  15: 4096 op, 536695590.00 ns, 131.0292 us/op

WorkloadResult   1: 4096 op, 541983526.00 ns, 132.3202 us/op
WorkloadResult   2: 4096 op, 541473464.00 ns, 132.1957 us/op
WorkloadResult   3: 4096 op, 533542209.00 ns, 130.2593 us/op
WorkloadResult   4: 4096 op, 533784285.00 ns, 130.3184 us/op
WorkloadResult   5: 4096 op, 534963217.00 ns, 130.6063 us/op
WorkloadResult   6: 4096 op, 534358360.00 ns, 130.4586 us/op
WorkloadResult   7: 4096 op, 539641480.00 ns, 131.7484 us/op
WorkloadResult   8: 4096 op, 539402157.00 ns, 131.6900 us/op
WorkloadResult   9: 4096 op, 535732084.00 ns, 130.7940 us/op
WorkloadResult  10: 4096 op, 534096913.00 ns, 130.3948 us/op
WorkloadResult  11: 4096 op, 537139631.00 ns, 131.1376 us/op
WorkloadResult  12: 4096 op, 535286397.00 ns, 130.6852 us/op
WorkloadResult  13: 4096 op, 536690277.00 ns, 131.0279 us/op
// GC:  0 0 0 4032 4096
// Threading:  0 0 4096


Mean = 131.049 μs, StdErr = 0.199 μs (0.15%), N = 13, StdDev = 0.717 μs
Min = 130.259 μs, Q1 = 130.459 μs, Median = 130.794 μs, Q3 = 131.690 μs, Max = 132.320 μs
IQR = 1.231 μs, LowerFence = 128.611 μs, UpperFence = 133.537 μs
ConfidenceInterval = [130.190 μs; 131.907 μs] (CI 99.9%), Margin = 0.858 μs (0.66% of Mean)
Skewness = 0.55, Kurtosis = 1.69, MValue = 2

// ** Remained 0 (0.0 %) benchmark(s) to run. Estimated finish 2026-09-18 1:33 (0h 0m from now) **
// ***** BenchmarkRunner: Finish  *****

// * Export *
  -perf168/benchmarks/ab168/artifacts-base-PairHandles-r1/results/Tl.PairHandlesProbe.PairHandleBenchmarks-report.csv
  -perf168/benchmarks/ab168/artifacts-base-PairHandles-r1/results/Tl.PairHandlesProbe.PairHandleBenchmarks-report-github.md
  -perf168/benchmarks/ab168/artifacts-base-PairHandles-r1/results/Tl.PairHandlesProbe.PairHandleBenchmarks-report.html
  -perf168/benchmarks/ab168/artifacts-base-PairHandles-r1/results/Tl.PairHandlesProbe.PairHandleBenchmarks-report-full.json

// * Detailed results *
PairHandleBenchmarks.Advance: Job-TZECNT(IterationCount=16, IterationTime=200ms, WarmupCount=8) [Shape=LaneUniform]
Runtime = .NET 10.0.12 (10.0.12, 10.0.1226.42308), X64 RyuJIT x86-64-v3; GC = Concurrent Workstation
Mean = 16.198 μs, StdErr = 0.096 μs (0.59%), N = 16, StdDev = 0.385 μs
Min = 15.796 μs, Q1 = 15.901 μs, Median = 16.064 μs, Q3 = 16.460 μs, Max = 16.928 μs
IQR = 0.559 μs, LowerFence = 15.063 μs, UpperFence = 17.299 μs
ConfidenceInterval = [15.806 μs; 16.590 μs] (CI 99.9%), Margin = 0.392 μs (2.42% of Mean)
Skewness = 0.66, Kurtosis = 1.98, MValue = 2
-------------------- Histogram --------------------
[15.738 μs ; 16.202 μs) | @@@@@@@@@
[16.202 μs ; 16.725 μs) | @@@@@
[16.725 μs ; 17.129 μs) | @@
---------------------------------------------------

PairHandleBenchmarks.Advance: InProcess(Toolchain=InProcessEmitToolchain) [Shape=LaneUniform]
Runtime = ; GC = 
Mean = 15.973 μs, StdErr = 0.071 μs (0.45%), N = 15, StdDev = 0.276 μs
Min = 15.703 μs, Q1 = 15.761 μs, Median = 15.828 μs, Q3 = 16.241 μs, Max = 16.512 μs
IQR = 0.479 μs, LowerFence = 15.042 μs, UpperFence = 16.960 μs
ConfidenceInterval = [15.678 μs; 16.268 μs] (CI 99.9%), Margin = 0.295 μs (1.85% of Mean)
Skewness = 0.65, Kurtosis = 1.68, MValue = 2
-------------------- Histogram --------------------
[15.609 μs ; 16.535 μs) | @@@@@@@@@@@@@@@
---------------------------------------------------

PairHandleBenchmarks.Advance: Job-TZECNT(IterationCount=16, IterationTime=200ms, WarmupCount=8) [Shape=PairOne]
Runtime = .NET 10.0.12 (10.0.12, 10.0.1226.42308), X64 RyuJIT x86-64-v3; GC = Concurrent Workstation
Mean = 20.227 μs, StdErr = 0.027 μs (0.13%), N = 13, StdDev = 0.096 μs
Min = 20.141 μs, Q1 = 20.164 μs, Median = 20.178 μs, Q3 = 20.276 μs, Max = 20.411 μs
IQR = 0.112 μs, LowerFence = 19.997 μs, UpperFence = 20.443 μs
ConfidenceInterval = [20.113 μs; 20.342 μs] (CI 99.9%), Margin = 0.115 μs (0.57% of Mean)
Skewness = 0.89, Kurtosis = 2.04, MValue = 2
-------------------- Histogram --------------------
[20.088 μs ; 20.464 μs) | @@@@@@@@@@@@@
---------------------------------------------------

PairHandleBenchmarks.Advance: InProcess(Toolchain=InProcessEmitToolchain) [Shape=PairOne]
Runtime = ; GC = 
Mean = 20.629 μs, StdErr = 0.094 μs (0.45%), N = 13, StdDev = 0.337 μs
Min = 20.301 μs, Q1 = 20.402 μs, Median = 20.451 μs, Q3 = 20.911 μs, Max = 21.294 μs
IQR = 0.509 μs, LowerFence = 19.638 μs, UpperFence = 21.675 μs
ConfidenceInterval = [20.224 μs; 21.033 μs] (CI 99.9%), Margin = 0.404 μs (1.96% of Mean)
Skewness = 0.75, Kurtosis = 1.86, MValue = 2
-------------------- Histogram --------------------
[20.243 μs ; 20.782 μs) | @@@@@@@@@
[20.782 μs ; 21.483 μs) | @@@@
---------------------------------------------------

PairHandleBenchmarks.Advance: Job-TZECNT(IterationCount=16, IterationTime=200ms, WarmupCount=8) [Shape=PairRuns8]
Runtime = .NET 10.0.12 (10.0.12, 10.0.1226.42308), X64 RyuJIT x86-64-v3; GC = Concurrent Workstation
Mean = 58.282 μs, StdErr = 0.418 μs (0.72%), N = 16, StdDev = 1.671 μs
Min = 56.669 μs, Q1 = 56.968 μs, Median = 57.251 μs, Q3 = 60.310 μs, Max = 61.180 μs
IQR = 3.342 μs, LowerFence = 51.956 μs, UpperFence = 65.322 μs
ConfidenceInterval = [56.581 μs; 59.983 μs] (CI 99.9%), Margin = 1.701 μs (2.92% of Mean)
Skewness = 0.58, Kurtosis = 1.45, MValue = 2.8
-------------------- Histogram --------------------
[56.494 μs ; 58.234 μs) | @@@@@@@@@@
[58.234 μs ; 59.854 μs) | @
[59.854 μs ; 61.594 μs) | @@@@@
---------------------------------------------------

PairHandleBenchmarks.Advance: InProcess(Toolchain=InProcessEmitToolchain) [Shape=PairRuns8]
Runtime = ; GC = 
Mean = 56.917 μs, StdErr = 0.062 μs (0.11%), N = 14, StdDev = 0.234 μs
Min = 56.439 μs, Q1 = 56.845 μs, Median = 56.931 μs, Q3 = 57.077 μs, Max = 57.336 μs
IQR = 0.232 μs, LowerFence = 56.497 μs, UpperFence = 57.425 μs
ConfidenceInterval = [56.654 μs; 57.181 μs] (CI 99.9%), Margin = 0.264 μs (0.46% of Mean)
Skewness = -0.4, Kurtosis = 2.52, MValue = 2
-------------------- Histogram --------------------
[56.407 μs ; 57.463 μs) | @@@@@@@@@@@@@@
---------------------------------------------------

PairHandleBenchmarks.Advance: Job-TZECNT(IterationCount=16, IterationTime=200ms, WarmupCount=8) [Shape=PairAlternating8]
Runtime = .NET 10.0.12 (10.0.12, 10.0.1226.42308), X64 RyuJIT x86-64-v3; GC = Concurrent Workstation
Mean = 125.684 μs, StdErr = 0.510 μs (0.41%), N = 16, StdDev = 2.041 μs
Min = 122.853 μs, Q1 = 124.383 μs, Median = 125.106 μs, Q3 = 126.623 μs, Max = 129.474 μs
IQR = 2.240 μs, LowerFence = 121.023 μs, UpperFence = 129.983 μs
ConfidenceInterval = [123.606 μs; 127.762 μs] (CI 99.9%), Margin = 2.078 μs (1.65% of Mean)
Skewness = 0.6, Kurtosis = 2.08, MValue = 2
-------------------- Histogram --------------------
[121.790 μs ; 125.947 μs) | @@@@@@@@@@
[125.947 μs ; 130.266 μs) | @@@@@@
---------------------------------------------------

PairHandleBenchmarks.Advance: InProcess(Toolchain=InProcessEmitToolchain) [Shape=PairAlternating8]
Runtime = ; GC = 
Mean = 131.049 μs, StdErr = 0.199 μs (0.15%), N = 13, StdDev = 0.717 μs
Min = 130.259 μs, Q1 = 130.459 μs, Median = 130.794 μs, Q3 = 131.690 μs, Max = 132.320 μs
IQR = 1.231 μs, LowerFence = 128.611 μs, UpperFence = 133.537 μs
ConfidenceInterval = [130.190 μs; 131.907 μs] (CI 99.9%), Margin = 0.858 μs (0.66% of Mean)
Skewness = 0.55, Kurtosis = 1.69, MValue = 2
-------------------- Histogram --------------------
[129.859 μs ; 132.720 μs) | @@@@@@@@@@@@@
---------------------------------------------------

// * Summary *

BenchmarkDotNet v0.15.8, Linux Omarchy
Intel Core i9-14900K 4.29GHz, 1 CPU, 32 logical and 24 physical cores
.NET SDK 10.0.401
  [Host]     : .NET 10.0.12 (10.0.12, 10.0.1226.42308), X64 RyuJIT x86-64-v3
  Job-TZECNT : .NET 10.0.12 (10.0.12, 10.0.1226.42308), X64 RyuJIT x86-64-v3


| Method  | Job        | Toolchain              | IterationCount | IterationTime | WarmupCount | Shape            | Mean      | Error    | StdDev   | Median    | Allocated |
|-------- |----------- |----------------------- |--------------- |-------------- |------------ |----------------- |----------:|---------:|---------:|----------:|----------:|
| Advance | Job-TZECNT | Default                | 16             | 200ms         | 8           | LaneUniform      |  16.20 μs | 0.392 μs | 0.385 μs |  16.06 μs |         - |
| Advance | InProcess  | InProcessEmitToolchain | Default        | Default       | Default     | LaneUniform      |  15.97 μs | 0.295 μs | 0.276 μs |  15.83 μs |         - |
| Advance | Job-TZECNT | Default                | 16             | 200ms         | 8           | PairOne          |  20.23 μs | 0.115 μs | 0.096 μs |  20.18 μs |         - |
| Advance | InProcess  | InProcessEmitToolchain | Default        | Default       | Default     | PairOne          |  20.63 μs | 0.404 μs | 0.337 μs |  20.45 μs |         - |
| Advance | Job-TZECNT | Default                | 16             | 200ms         | 8           | PairRuns8        |  58.28 μs | 1.701 μs | 1.671 μs |  57.25 μs |         - |
| Advance | InProcess  | InProcessEmitToolchain | Default        | Default       | Default     | PairRuns8        |  56.92 μs | 0.264 μs | 0.234 μs |  56.93 μs |         - |
| Advance | Job-TZECNT | Default                | 16             | 200ms         | 8           | PairAlternating8 | 125.68 μs | 2.078 μs | 2.041 μs | 125.11 μs |         - |
| Advance | InProcess  | InProcessEmitToolchain | Default        | Default       | Default     | PairAlternating8 | 131.05 μs | 0.858 μs | 0.717 μs | 130.79 μs |       1 B |

// * Hints *
Outliers
  PairHandleBenchmarks.Advance: IterationCount=16, IterationTime=200ms, WarmupCount=8 -> 3 outliers were removed (20.78 μs..22.63 μs)
  PairHandleBenchmarks.Advance: InProcess                                             -> 2 outliers were removed (22.42 μs, 22.54 μs)
  PairHandleBenchmarks.Advance: InProcess                                             -> 1 outlier  was  removed, 2 outliers were detected (56.44 μs, 58.06 μs)
  PairHandleBenchmarks.Advance: InProcess                                             -> 2 outliers were removed (134.42 μs, 136.54 μs)

// * Legends *
  Shape     : Value of the 'Shape' parameter
  Mean      : Arithmetic mean of all measurements
  Error     : Half of 99.9% confidence interval
  StdDev    : Standard deviation of all measurements
  Median    : Value separating the higher half of all measurements (50th percentile)
  Allocated : Allocated memory per single operation (managed only, inclusive, 1KB = 1024B)
  1 μs      : 1 Microsecond (0.000001 sec)

// * Diagnostic Output - MemoryDiagnoser *


// ***** BenchmarkRunner: End *****
Run time: 00:01:24 (84.31 sec), executed benchmarks: 8

Global total time: 00:01:28 (88.07 sec), executed benchmarks: 8
// * Artifacts cleanup *
Artifacts cleanup is finished
