// Validating benchmarks:
// ***** BenchmarkRunner: Start   *****
// ***** Found 8 benchmark(s) in total *****
// ***** Building 1 exe(s) in Parallel: Start   *****
// start dotnet  restore --nodeReuse:false /p:UseSharedCompilation=false /p:Deterministic=true /p:Optimize=true /p:ArtifactsPath="/home/i/Work/tl-v1-alpha/benchmarks/Alpha/bin/Release/net10.0/Alpha-Jit-1/" /p:OutDir="/home/i/Work/tl-v1-alpha/benchmarks/Alpha/bin/Release/net10.0/Alpha-Jit-1/bin/Release/net10.0/" /p:OutputPath="/home/i/Work/tl-v1-alpha/benchmarks/Alpha/bin/Release/net10.0/Alpha-Jit-1/bin/Release/net10.0/" /p:PublishDir="/home/i/Work/tl-v1-alpha/benchmarks/Alpha/bin/Release/net10.0/Alpha-Jit-1/publish/" in /home/i/Work/tl-v1-alpha/benchmarks/Alpha/bin/Release/net10.0/Alpha-Jit-1
// command took 1.07 sec and exited with 0
// start dotnet  build -c Release --no-restore --nodeReuse:false /p:UseSharedCompilation=false /p:Deterministic=true /p:Optimize=true /p:ArtifactsPath="/home/i/Work/tl-v1-alpha/benchmarks/Alpha/bin/Release/net10.0/Alpha-Jit-1/" /p:OutDir="/home/i/Work/tl-v1-alpha/benchmarks/Alpha/bin/Release/net10.0/Alpha-Jit-1/bin/Release/net10.0/" /p:OutputPath="/home/i/Work/tl-v1-alpha/benchmarks/Alpha/bin/Release/net10.0/Alpha-Jit-1/bin/Release/net10.0/" /p:PublishDir="/home/i/Work/tl-v1-alpha/benchmarks/Alpha/bin/Release/net10.0/Alpha-Jit-1/publish/" --output "/home/i/Work/tl-v1-alpha/benchmarks/Alpha/bin/Release/net10.0/Alpha-Jit-1/bin/Release/net10.0/" in /home/i/Work/tl-v1-alpha/benchmarks/Alpha/bin/Release/net10.0/Alpha-Jit-1
// command took 4.22 sec and exited with 0
// ***** Done, took 00:00:05 (5.31 sec)   *****
// Found 4 benchmarks:
//   CombatBenchmarks.PublicScalar: Jit(IterationCount=12, IterationTime=250ms, WarmupCount=16) [Pattern=Sequential]
//   CombatBenchmarks.PublicBatch8: Jit(IterationCount=12, IterationTime=250ms, WarmupCount=16) [Pattern=Sequential]
//   CombatBenchmarks.PublicScalar: Jit(IterationCount=12, IterationTime=250ms, WarmupCount=16) [Pattern=Random]
//   CombatBenchmarks.PublicBatch8: Jit(IterationCount=12, IterationTime=250ms, WarmupCount=16) [Pattern=Random]

// **************************
// Benchmark: CombatBenchmarks.PublicScalar: Jit(IterationCount=12, IterationTime=250ms, WarmupCount=16) [Pattern=Sequential]
// *** Execute ***
// Launch: 1 / 1
// Execute: dotnet Alpha-Jit-1.dll --anonymousPipes 130 131 --benchmarkName "CombatBenchmarks.PublicScalar(Pattern: Sequential)" --job Jit --benchmarkId 0 in /home/i/Work/tl-v1-alpha/benchmarks/Alpha/bin/Release/net10.0/Alpha-Jit-1/bin/Release/net10.0
// Failed to set up high priority (Permission denied). In order to run benchmarks with high priority, make sure you have the right permissions.
// BeforeAnythingElse

// Benchmark Process Environment Information:
// BenchmarkDotNet v0.15.8
// Runtime=.NET 10.0.12 (10.0.12, 10.0.1226.42308), X64 RyuJIT x86-64-v3
// GC=Concurrent Workstation
// HardwareIntrinsics=AVX2+BMI1+BMI2+F16C+FMA+LZCNT+MOVBE,AVX,SSE3+SSSE3+SSE4.1+SSE4.2+POPCNT,X86Base+SSE+SSE2,AES+PCLMUL,AvxVnni,SERIALIZE VectorSize=256
// Job: Jit(IterationCount=12, IterationTime=250ms, WarmupCount=16)

OverheadJitting  1: 65536 op, 95457.00 ns, 1.4566 ns/op
WorkloadJitting  1: 65536 op, 407833.00 ns, 6.2230 ns/op

OverheadJitting  2: 1048576 op, 115734.00 ns, 0.1104 ns/op
WorkloadJitting  2: 1048576 op, 4390194.00 ns, 4.1868 ns/op

WorkloadPilot    1: 1048576 op, 4297893.00 ns, 4.0988 ns/op
WorkloadPilot    2: 61865984 op, 199827910.00 ns, 3.2300 ns/op
WorkloadPilot    3: 77594624 op, 179011558.00 ns, 2.3070 ns/op
WorkloadPilot    4: 109051904 op, 246569733.00 ns, 2.2610 ns/op
WorkloadPilot    5: 111149056 op, 248952034.00 ns, 2.2398 ns/op
WorkloadPilot    6: 112197632 op, 253469786.00 ns, 2.2591 ns/op
WorkloadPilot    7: 111149056 op, 253114019.00 ns, 2.2772 ns/op
WorkloadPilot    8: 110100480 op, 251343856.00 ns, 2.2829 ns/op

OverheadWarmup   1: 110100480 op, 3630.00 ns, 0.0000 ns/op
OverheadWarmup   2: 110100480 op, 2836.00 ns, 0.0000 ns/op
OverheadWarmup   3: 110100480 op, 3072.00 ns, 0.0000 ns/op
OverheadWarmup   4: 110100480 op, 2992.00 ns, 0.0000 ns/op
OverheadWarmup   5: 110100480 op, 2842.00 ns, 0.0000 ns/op
OverheadWarmup   6: 110100480 op, 2828.00 ns, 0.0000 ns/op
OverheadWarmup   7: 110100480 op, 2819.00 ns, 0.0000 ns/op
OverheadWarmup   8: 110100480 op, 2833.00 ns, 0.0000 ns/op
OverheadWarmup   9: 110100480 op, 2831.00 ns, 0.0000 ns/op

OverheadActual   1: 110100480 op, 3096.00 ns, 0.0000 ns/op
OverheadActual   2: 110100480 op, 3135.00 ns, 0.0000 ns/op
OverheadActual   3: 110100480 op, 3068.00 ns, 0.0000 ns/op
OverheadActual   4: 110100480 op, 2938.00 ns, 0.0000 ns/op
OverheadActual   5: 110100480 op, 3069.00 ns, 0.0000 ns/op
OverheadActual   6: 110100480 op, 2795.00 ns, 0.0000 ns/op
OverheadActual   7: 110100480 op, 2761.00 ns, 0.0000 ns/op
OverheadActual   8: 110100480 op, 2812.00 ns, 0.0000 ns/op
OverheadActual   9: 110100480 op, 2795.00 ns, 0.0000 ns/op
OverheadActual  10: 110100480 op, 2814.00 ns, 0.0000 ns/op
OverheadActual  11: 110100480 op, 2812.00 ns, 0.0000 ns/op
OverheadActual  12: 110100480 op, 2810.00 ns, 0.0000 ns/op
OverheadActual  13: 110100480 op, 2814.00 ns, 0.0000 ns/op
OverheadActual  14: 110100480 op, 2798.00 ns, 0.0000 ns/op
OverheadActual  15: 110100480 op, 2807.00 ns, 0.0000 ns/op

WorkloadWarmup   1: 110100480 op, 246718432.00 ns, 2.2408 ns/op
WorkloadWarmup   2: 110100480 op, 247503981.00 ns, 2.2480 ns/op
WorkloadWarmup   3: 110100480 op, 247084188.00 ns, 2.2442 ns/op
WorkloadWarmup   4: 110100480 op, 248630113.00 ns, 2.2582 ns/op
WorkloadWarmup   5: 110100480 op, 249183707.00 ns, 2.2632 ns/op
WorkloadWarmup   6: 110100480 op, 246912040.00 ns, 2.2426 ns/op
WorkloadWarmup   7: 110100480 op, 241730680.00 ns, 2.1955 ns/op
WorkloadWarmup   8: 110100480 op, 241764990.00 ns, 2.1959 ns/op
WorkloadWarmup   9: 110100480 op, 241843853.00 ns, 2.1966 ns/op
WorkloadWarmup  10: 110100480 op, 243250281.00 ns, 2.2093 ns/op
WorkloadWarmup  11: 110100480 op, 242496420.00 ns, 2.2025 ns/op
WorkloadWarmup  12: 110100480 op, 244956590.00 ns, 2.2248 ns/op
WorkloadWarmup  13: 110100480 op, 243946545.00 ns, 2.2157 ns/op
WorkloadWarmup  14: 110100480 op, 250404517.00 ns, 2.2743 ns/op
WorkloadWarmup  15: 110100480 op, 248762600.00 ns, 2.2594 ns/op
WorkloadWarmup  16: 110100480 op, 244308339.00 ns, 2.2190 ns/op

// BeforeActualRun
WorkloadActual   1: 110100480 op, 241889859.00 ns, 2.1970 ns/op
WorkloadActual   2: 110100480 op, 243458749.00 ns, 2.2112 ns/op
WorkloadActual   3: 110100480 op, 237433839.00 ns, 2.1565 ns/op
WorkloadActual   4: 110100480 op, 238018980.00 ns, 2.1618 ns/op
WorkloadActual   5: 110100480 op, 249641338.00 ns, 2.2674 ns/op
WorkloadActual   6: 110100480 op, 251156398.00 ns, 2.2812 ns/op
WorkloadActual   7: 110100480 op, 245537022.00 ns, 2.2301 ns/op
WorkloadActual   8: 110100480 op, 245315542.00 ns, 2.2281 ns/op
WorkloadActual   9: 110100480 op, 243178024.00 ns, 2.2087 ns/op
WorkloadActual  10: 110100480 op, 242035786.00 ns, 2.1983 ns/op
WorkloadActual  11: 110100480 op, 243364604.00 ns, 2.2104 ns/op
WorkloadActual  12: 110100480 op, 244567375.00 ns, 2.2213 ns/op

// AfterActualRun
WorkloadResult   1: 110100480 op, 241887047.00 ns, 2.1970 ns/op
WorkloadResult   2: 110100480 op, 243455937.00 ns, 2.2112 ns/op
WorkloadResult   3: 110100480 op, 237431027.00 ns, 2.1565 ns/op
WorkloadResult   4: 110100480 op, 238016168.00 ns, 2.1618 ns/op
WorkloadResult   5: 110100480 op, 249638526.00 ns, 2.2674 ns/op
WorkloadResult   6: 110100480 op, 245534210.00 ns, 2.2301 ns/op
WorkloadResult   7: 110100480 op, 245312730.00 ns, 2.2281 ns/op
WorkloadResult   8: 110100480 op, 243175212.00 ns, 2.2087 ns/op
WorkloadResult   9: 110100480 op, 242032974.00 ns, 2.1983 ns/op
WorkloadResult  10: 110100480 op, 243361792.00 ns, 2.2104 ns/op
WorkloadResult  11: 110100480 op, 244564563.00 ns, 2.2213 ns/op
// GC:  0 0 0 0 110100480
// Threading:  0 0 110100480

// AfterAll
// Benchmark Process 494298 has exited with code 0.

Mean = 2.208 ns, StdErr = 0.009 ns (0.42%), N = 11, StdDev = 0.031 ns
Min = 2.156 ns, Q1 = 2.198 ns, Median = 2.210 ns, Q3 = 2.225 ns, Max = 2.267 ns
IQR = 0.027 ns, LowerFence = 2.157 ns, UpperFence = 2.265 ns
ConfidenceInterval = [2.165 ns; 2.251 ns] (CI 99.9%), Margin = 0.043 ns (1.94% of Mean)
Skewness = -0.04, Kurtosis = 2.41, MValue = 2

// ** Remained 7 (87.5 %) benchmark(s) to run. Estimated finish 2026-09-10 9:46 (0h 1m from now) **
// **************************
// Benchmark: CombatBenchmarks.PublicBatch8: Jit(IterationCount=12, IterationTime=250ms, WarmupCount=16) [Pattern=Sequential]
// *** Execute ***
// Launch: 1 / 1
// Execute: dotnet Alpha-Jit-1.dll --anonymousPipes 130 131 --benchmarkName "CombatBenchmarks.PublicBatch8(Pattern: Sequential)" --job Jit --benchmarkId 1 in /home/i/Work/tl-v1-alpha/benchmarks/Alpha/bin/Release/net10.0/Alpha-Jit-1/bin/Release/net10.0
// Failed to set up high priority (Permission denied). In order to run benchmarks with high priority, make sure you have the right permissions.
// BeforeAnythingElse

// Benchmark Process Environment Information:
// BenchmarkDotNet v0.15.8
// Runtime=.NET 10.0.12 (10.0.12, 10.0.1226.42308), X64 RyuJIT x86-64-v3
// GC=Concurrent Workstation
// HardwareIntrinsics=AVX2+BMI1+BMI2+F16C+FMA+LZCNT+MOVBE,AVX,SSE3+SSSE3+SSE4.1+SSE4.2+POPCNT,X86Base+SSE+SSE2,AES+PCLMUL,AvxVnni,SERIALIZE VectorSize=256
// Job: Jit(IterationCount=12, IterationTime=250ms, WarmupCount=16)

OverheadJitting  1: 65536 op, 103579.00 ns, 1.5805 ns/op
WorkloadJitting  1: 65536 op, 1018195.00 ns, 15.5364 ns/op

OverheadJitting  2: 1048576 op, 114122.00 ns, 0.1088 ns/op
WorkloadJitting  2: 1048576 op, 4765309.00 ns, 4.5446 ns/op

WorkloadPilot    1: 1048576 op, 4593224.00 ns, 4.3804 ns/op
WorkloadPilot    2: 57671680 op, 217999901.00 ns, 3.7800 ns/op
WorkloadPilot    3: 67108864 op, 206461576.00 ns, 3.0765 ns/op
WorkloadPilot    4: 81788928 op, 253871749.00 ns, 3.1040 ns/op
WorkloadPilot    5: 80740352 op, 247150391.00 ns, 3.0611 ns/op
WorkloadPilot    6: 81788928 op, 252130026.00 ns, 3.0827 ns/op

OverheadWarmup   1: 81788928 op, 3768.00 ns, 0.0000 ns/op
OverheadWarmup   2: 81788928 op, 2483.00 ns, 0.0000 ns/op
OverheadWarmup   3: 81788928 op, 2521.00 ns, 0.0000 ns/op
OverheadWarmup   4: 81788928 op, 2501.00 ns, 0.0000 ns/op
OverheadWarmup   5: 81788928 op, 2269.00 ns, 0.0000 ns/op
OverheadWarmup   6: 81788928 op, 2193.00 ns, 0.0000 ns/op
OverheadWarmup   7: 81788928 op, 2213.00 ns, 0.0000 ns/op
OverheadWarmup   8: 81788928 op, 2175.00 ns, 0.0000 ns/op

OverheadActual   1: 81788928 op, 2351.00 ns, 0.0000 ns/op
OverheadActual   2: 81788928 op, 2346.00 ns, 0.0000 ns/op
OverheadActual   3: 81788928 op, 2324.00 ns, 0.0000 ns/op
OverheadActual   4: 81788928 op, 2126.00 ns, 0.0000 ns/op
OverheadActual   5: 81788928 op, 2369.00 ns, 0.0000 ns/op
OverheadActual   6: 81788928 op, 2128.00 ns, 0.0000 ns/op
OverheadActual   7: 81788928 op, 2114.00 ns, 0.0000 ns/op
OverheadActual   8: 81788928 op, 2117.00 ns, 0.0000 ns/op
OverheadActual   9: 81788928 op, 2091.00 ns, 0.0000 ns/op
OverheadActual  10: 81788928 op, 2099.00 ns, 0.0000 ns/op
OverheadActual  11: 81788928 op, 2116.00 ns, 0.0000 ns/op
OverheadActual  12: 81788928 op, 2102.00 ns, 0.0000 ns/op
OverheadActual  13: 81788928 op, 2093.00 ns, 0.0000 ns/op
OverheadActual  14: 81788928 op, 2111.00 ns, 0.0000 ns/op
OverheadActual  15: 81788928 op, 2119.00 ns, 0.0000 ns/op
OverheadActual  16: 81788928 op, 2082.00 ns, 0.0000 ns/op
OverheadActual  17: 81788928 op, 2123.00 ns, 0.0000 ns/op

WorkloadWarmup   1: 81788928 op, 250596140.00 ns, 3.0639 ns/op
WorkloadWarmup   2: 81788928 op, 248198113.00 ns, 3.0346 ns/op
WorkloadWarmup   3: 81788928 op, 244878766.00 ns, 2.9940 ns/op
WorkloadWarmup   4: 81788928 op, 249666109.00 ns, 3.0526 ns/op
WorkloadWarmup   5: 81788928 op, 246977010.00 ns, 3.0197 ns/op
WorkloadWarmup   6: 81788928 op, 247368047.00 ns, 3.0245 ns/op
WorkloadWarmup   7: 81788928 op, 243876373.00 ns, 2.9818 ns/op
WorkloadWarmup   8: 81788928 op, 240356407.00 ns, 2.9387 ns/op
WorkloadWarmup   9: 81788928 op, 233633592.00 ns, 2.8565 ns/op
WorkloadWarmup  10: 81788928 op, 236829618.00 ns, 2.8956 ns/op
WorkloadWarmup  11: 81788928 op, 245751540.00 ns, 3.0047 ns/op
WorkloadWarmup  12: 81788928 op, 249163245.00 ns, 3.0464 ns/op
WorkloadWarmup  13: 81788928 op, 243276669.00 ns, 2.9744 ns/op
WorkloadWarmup  14: 81788928 op, 231727617.00 ns, 2.8332 ns/op
WorkloadWarmup  15: 81788928 op, 234810137.00 ns, 2.8709 ns/op
WorkloadWarmup  16: 81788928 op, 233310401.00 ns, 2.8526 ns/op

// BeforeActualRun
WorkloadActual   1: 81788928 op, 231645314.00 ns, 2.8322 ns/op
WorkloadActual   2: 81788928 op, 231862346.00 ns, 2.8349 ns/op
WorkloadActual   3: 81788928 op, 236510957.00 ns, 2.8917 ns/op
WorkloadActual   4: 81788928 op, 233782888.00 ns, 2.8584 ns/op
WorkloadActual   5: 81788928 op, 231362108.00 ns, 2.8288 ns/op
WorkloadActual   6: 81788928 op, 236401040.00 ns, 2.8904 ns/op
WorkloadActual   7: 81788928 op, 232664601.00 ns, 2.8447 ns/op
WorkloadActual   8: 81788928 op, 230554095.00 ns, 2.8189 ns/op
WorkloadActual   9: 81788928 op, 233525044.00 ns, 2.8552 ns/op
WorkloadActual  10: 81788928 op, 231281404.00 ns, 2.8278 ns/op
WorkloadActual  11: 81788928 op, 232896447.00 ns, 2.8475 ns/op
WorkloadActual  12: 81788928 op, 229790464.00 ns, 2.8096 ns/op

// AfterActualRun
WorkloadResult   1: 81788928 op, 231643197.00 ns, 2.8322 ns/op
WorkloadResult   2: 81788928 op, 231860229.00 ns, 2.8349 ns/op
WorkloadResult   3: 81788928 op, 236508840.00 ns, 2.8917 ns/op
WorkloadResult   4: 81788928 op, 233780771.00 ns, 2.8583 ns/op
WorkloadResult   5: 81788928 op, 231359991.00 ns, 2.8287 ns/op
WorkloadResult   6: 81788928 op, 236398923.00 ns, 2.8904 ns/op
WorkloadResult   7: 81788928 op, 232662484.00 ns, 2.8447 ns/op
WorkloadResult   8: 81788928 op, 230551978.00 ns, 2.8189 ns/op
WorkloadResult   9: 81788928 op, 233522927.00 ns, 2.8552 ns/op
WorkloadResult  10: 81788928 op, 231279287.00 ns, 2.8278 ns/op
WorkloadResult  11: 81788928 op, 232894330.00 ns, 2.8475 ns/op
WorkloadResult  12: 81788928 op, 229788347.00 ns, 2.8095 ns/op
// GC:  0 0 0 0 81788928
// Threading:  0 0 81788928

// AfterAll
// Benchmark Process 494370 has exited with code 0.

Mean = 2.845 ns, StdErr = 0.007 ns (0.26%), N = 12, StdDev = 0.026 ns
Min = 2.810 ns, Q1 = 2.828 ns, Median = 2.840 ns, Q3 = 2.856 ns, Max = 2.892 ns
IQR = 0.027 ns, LowerFence = 2.787 ns, UpperFence = 2.897 ns
ConfidenceInterval = [2.812 ns; 2.878 ns] (CI 99.9%), Margin = 0.033 ns (1.16% of Mean)
Skewness = 0.61, Kurtosis = 2.14, MValue = 2

// ** Remained 6 (75.0 %) benchmark(s) to run. Estimated finish 2026-09-10 9:46 (0h 0m from now) **
// **************************
// Benchmark: CombatBenchmarks.PublicScalar: Jit(IterationCount=12, IterationTime=250ms, WarmupCount=16) [Pattern=Random]
// *** Execute ***
// Launch: 1 / 1
// Execute: dotnet Alpha-Jit-1.dll --anonymousPipes 130 131 --benchmarkName "CombatBenchmarks.PublicScalar(Pattern: Random)" --job Jit --benchmarkId 2 in /home/i/Work/tl-v1-alpha/benchmarks/Alpha/bin/Release/net10.0/Alpha-Jit-1/bin/Release/net10.0
// Failed to set up high priority (Permission denied). In order to run benchmarks with high priority, make sure you have the right permissions.
// BeforeAnythingElse

// Benchmark Process Environment Information:
// BenchmarkDotNet v0.15.8
// Runtime=.NET 10.0.12 (10.0.12, 10.0.1226.42308), X64 RyuJIT x86-64-v3
// GC=Concurrent Workstation
// HardwareIntrinsics=AVX2+BMI1+BMI2+F16C+FMA+LZCNT+MOVBE,AVX,SSE3+SSSE3+SSE4.1+SSE4.2+POPCNT,X86Base+SSE+SSE2,AES+PCLMUL,AvxVnni,SERIALIZE VectorSize=256
// Job: Jit(IterationCount=12, IterationTime=250ms, WarmupCount=16)

OverheadJitting  1: 65536 op, 96290.00 ns, 1.4693 ns/op
WorkloadJitting  1: 65536 op, 719561.00 ns, 10.9796 ns/op

OverheadJitting  2: 1048576 op, 125510.00 ns, 0.1197 ns/op
WorkloadJitting  2: 1048576 op, 9230134.00 ns, 8.8025 ns/op

WorkloadPilot    1: 1048576 op, 9062336.00 ns, 8.6425 ns/op
WorkloadPilot    2: 29360128 op, 231133123.00 ns, 7.8723 ns/op
WorkloadPilot    3: 32505856 op, 227834076.00 ns, 7.0090 ns/op
WorkloadPilot    4: 35651584 op, 246592034.00 ns, 6.9167 ns/op
WorkloadPilot    5: 36700160 op, 254175318.00 ns, 6.9257 ns/op

OverheadWarmup   1: 36700160 op, 1716.00 ns, 0.0000 ns/op
OverheadWarmup   2: 36700160 op, 1201.00 ns, 0.0000 ns/op
OverheadWarmup   3: 36700160 op, 1089.00 ns, 0.0000 ns/op
OverheadWarmup   4: 36700160 op, 1146.00 ns, 0.0000 ns/op
OverheadWarmup   5: 36700160 op, 989.00 ns, 0.0000 ns/op
OverheadWarmup   6: 36700160 op, 975.00 ns, 0.0000 ns/op
OverheadWarmup   7: 36700160 op, 955.00 ns, 0.0000 ns/op
OverheadWarmup   8: 36700160 op, 965.00 ns, 0.0000 ns/op
OverheadWarmup   9: 36700160 op, 980.00 ns, 0.0000 ns/op
OverheadWarmup  10: 36700160 op, 958.00 ns, 0.0000 ns/op

OverheadActual   1: 36700160 op, 1244.00 ns, 0.0000 ns/op
OverheadActual   2: 36700160 op, 1272.00 ns, 0.0000 ns/op
OverheadActual   3: 36700160 op, 1255.00 ns, 0.0000 ns/op
OverheadActual   4: 36700160 op, 1088.00 ns, 0.0000 ns/op
OverheadActual   5: 36700160 op, 1227.00 ns, 0.0000 ns/op
OverheadActual   6: 36700160 op, 978.00 ns, 0.0000 ns/op
OverheadActual   7: 36700160 op, 965.00 ns, 0.0000 ns/op
OverheadActual   8: 36700160 op, 972.00 ns, 0.0000 ns/op
OverheadActual   9: 36700160 op, 955.00 ns, 0.0000 ns/op
OverheadActual  10: 36700160 op, 955.00 ns, 0.0000 ns/op
OverheadActual  11: 36700160 op, 956.00 ns, 0.0000 ns/op
OverheadActual  12: 36700160 op, 941.00 ns, 0.0000 ns/op
OverheadActual  13: 36700160 op, 959.00 ns, 0.0000 ns/op
OverheadActual  14: 36700160 op, 983.00 ns, 0.0000 ns/op
OverheadActual  15: 36700160 op, 985.00 ns, 0.0000 ns/op
OverheadActual  16: 36700160 op, 963.00 ns, 0.0000 ns/op
OverheadActual  17: 36700160 op, 980.00 ns, 0.0000 ns/op
OverheadActual  18: 36700160 op, 1060.00 ns, 0.0000 ns/op
OverheadActual  19: 36700160 op, 958.00 ns, 0.0000 ns/op
OverheadActual  20: 36700160 op, 1533.00 ns, 0.0000 ns/op

WorkloadWarmup   1: 36700160 op, 254708078.00 ns, 6.9402 ns/op
WorkloadWarmup   2: 36700160 op, 262561010.00 ns, 7.1542 ns/op
WorkloadWarmup   3: 36700160 op, 263762875.00 ns, 7.1870 ns/op
WorkloadWarmup   4: 36700160 op, 267497108.00 ns, 7.2887 ns/op
WorkloadWarmup   5: 36700160 op, 262309369.00 ns, 7.1474 ns/op
WorkloadWarmup   6: 36700160 op, 263441978.00 ns, 7.1782 ns/op
WorkloadWarmup   7: 36700160 op, 261771978.00 ns, 7.1327 ns/op
WorkloadWarmup   8: 36700160 op, 262873095.00 ns, 7.1627 ns/op
WorkloadWarmup   9: 36700160 op, 262900451.00 ns, 7.1635 ns/op
WorkloadWarmup  10: 36700160 op, 263586306.00 ns, 7.1822 ns/op
WorkloadWarmup  11: 36700160 op, 261320258.00 ns, 7.1204 ns/op
WorkloadWarmup  12: 36700160 op, 258348843.00 ns, 7.0394 ns/op
WorkloadWarmup  13: 36700160 op, 262434832.00 ns, 7.1508 ns/op
WorkloadWarmup  14: 36700160 op, 263046123.00 ns, 7.1674 ns/op
WorkloadWarmup  15: 36700160 op, 267155358.00 ns, 7.2794 ns/op
WorkloadWarmup  16: 36700160 op, 272979567.00 ns, 7.4381 ns/op

// BeforeActualRun
WorkloadActual   1: 36700160 op, 264078431.00 ns, 7.1956 ns/op
WorkloadActual   2: 36700160 op, 267510828.00 ns, 7.2891 ns/op
WorkloadActual   3: 36700160 op, 264765956.00 ns, 7.2143 ns/op
WorkloadActual   4: 36700160 op, 263531906.00 ns, 7.1807 ns/op
WorkloadActual   5: 36700160 op, 263618483.00 ns, 7.1830 ns/op
WorkloadActual   6: 36700160 op, 264424803.00 ns, 7.2050 ns/op
WorkloadActual   7: 36700160 op, 262090635.00 ns, 7.1414 ns/op
WorkloadActual   8: 36700160 op, 262565449.00 ns, 7.1543 ns/op
WorkloadActual   9: 36700160 op, 270162744.00 ns, 7.3614 ns/op
WorkloadActual  10: 36700160 op, 265557326.00 ns, 7.2359 ns/op
WorkloadActual  11: 36700160 op, 263817080.00 ns, 7.1884 ns/op
WorkloadActual  12: 36700160 op, 255186913.00 ns, 6.9533 ns/op

// AfterActualRun
WorkloadResult   1: 36700160 op, 264077452.00 ns, 7.1955 ns/op
WorkloadResult   2: 36700160 op, 264764977.00 ns, 7.2143 ns/op
WorkloadResult   3: 36700160 op, 263530927.00 ns, 7.1806 ns/op
WorkloadResult   4: 36700160 op, 263617504.00 ns, 7.1830 ns/op
WorkloadResult   5: 36700160 op, 264423824.00 ns, 7.2050 ns/op
WorkloadResult   6: 36700160 op, 262089656.00 ns, 7.1414 ns/op
WorkloadResult   7: 36700160 op, 262564470.00 ns, 7.1543 ns/op
WorkloadResult   8: 36700160 op, 265556347.00 ns, 7.2358 ns/op
WorkloadResult   9: 36700160 op, 263816101.00 ns, 7.1884 ns/op
WorkloadResult  10: 36700160 op, 255185934.00 ns, 6.9533 ns/op
// GC:  0 0 0 0 36700160
// Threading:  0 0 36700160

// AfterAll
// Benchmark Process 494393 has exited with code 0.

Mean = 7.165 ns, StdErr = 0.025 ns (0.35%), N = 10, StdDev = 0.079 ns
Min = 6.953 ns, Q1 = 7.161 ns, Median = 7.186 ns, Q3 = 7.203 ns, Max = 7.236 ns
IQR = 0.042 ns, LowerFence = 7.098 ns, UpperFence = 7.265 ns
ConfidenceInterval = [7.045 ns; 7.285 ns] (CI 99.9%), Margin = 0.120 ns (1.67% of Mean)
Skewness = -1.79, Kurtosis = 5.19, MValue = 2

// ** Remained 5 (62.5 %) benchmark(s) to run. Estimated finish 2026-09-10 9:46 (0h 0m from now) **
// **************************
// Benchmark: CombatBenchmarks.PublicBatch8: Jit(IterationCount=12, IterationTime=250ms, WarmupCount=16) [Pattern=Random]
// *** Execute ***
// Launch: 1 / 1
// Execute: dotnet Alpha-Jit-1.dll --anonymousPipes 130 131 --benchmarkName "CombatBenchmarks.PublicBatch8(Pattern: Random)" --job Jit --benchmarkId 3 in /home/i/Work/tl-v1-alpha/benchmarks/Alpha/bin/Release/net10.0/Alpha-Jit-1/bin/Release/net10.0
// Failed to set up high priority (Permission denied). In order to run benchmarks with high priority, make sure you have the right permissions.
// BeforeAnythingElse

// Benchmark Process Environment Information:
// BenchmarkDotNet v0.15.8
// Runtime=.NET 10.0.12 (10.0.12, 10.0.1226.42308), X64 RyuJIT x86-64-v3
// GC=Concurrent Workstation
// HardwareIntrinsics=AVX2+BMI1+BMI2+F16C+FMA+LZCNT+MOVBE,AVX,SSE3+SSSE3+SSE4.1+SSE4.2+POPCNT,X86Base+SSE+SSE2,AES+PCLMUL,AvxVnni,SERIALIZE VectorSize=256
// Job: Jit(IterationCount=12, IterationTime=250ms, WarmupCount=16)

OverheadJitting  1: 65536 op, 96552.00 ns, 1.4733 ns/op
WorkloadJitting  1: 65536 op, 1305513.00 ns, 19.9205 ns/op

OverheadJitting  2: 1048576 op, 113512.00 ns, 0.1083 ns/op
WorkloadJitting  2: 1048576 op, 10230415.00 ns, 9.7565 ns/op

WorkloadPilot    1: 1048576 op, 10030768.00 ns, 9.5661 ns/op
WorkloadPilot    2: 26214400 op, 230423679.00 ns, 8.7900 ns/op
WorkloadPilot    3: 29360128 op, 233476513.00 ns, 7.9522 ns/op
WorkloadPilot    4: 31457280 op, 255776954.00 ns, 8.1309 ns/op

OverheadWarmup   1: 31457280 op, 1958.00 ns, 0.0001 ns/op
OverheadWarmup   2: 31457280 op, 1087.00 ns, 0.0000 ns/op
OverheadWarmup   3: 31457280 op, 1089.00 ns, 0.0000 ns/op
OverheadWarmup   4: 31457280 op, 1054.00 ns, 0.0000 ns/op
OverheadWarmup   5: 31457280 op, 1081.00 ns, 0.0000 ns/op
OverheadWarmup   6: 31457280 op, 856.00 ns, 0.0000 ns/op

OverheadActual   1: 31457280 op, 1082.00 ns, 0.0000 ns/op
OverheadActual   2: 31457280 op, 1074.00 ns, 0.0000 ns/op
OverheadActual   3: 31457280 op, 1097.00 ns, 0.0000 ns/op
OverheadActual   4: 31457280 op, 860.00 ns, 0.0000 ns/op
OverheadActual   5: 31457280 op, 1080.00 ns, 0.0000 ns/op
OverheadActual   6: 31457280 op, 848.00 ns, 0.0000 ns/op
OverheadActual   7: 31457280 op, 836.00 ns, 0.0000 ns/op
OverheadActual   8: 31457280 op, 841.00 ns, 0.0000 ns/op
OverheadActual   9: 31457280 op, 840.00 ns, 0.0000 ns/op
OverheadActual  10: 31457280 op, 838.00 ns, 0.0000 ns/op
OverheadActual  11: 31457280 op, 837.00 ns, 0.0000 ns/op
OverheadActual  12: 31457280 op, 831.00 ns, 0.0000 ns/op
OverheadActual  13: 31457280 op, 831.00 ns, 0.0000 ns/op
OverheadActual  14: 31457280 op, 837.00 ns, 0.0000 ns/op
OverheadActual  15: 31457280 op, 850.00 ns, 0.0000 ns/op
OverheadActual  16: 31457280 op, 839.00 ns, 0.0000 ns/op
OverheadActual  17: 31457280 op, 821.00 ns, 0.0000 ns/op

WorkloadWarmup   1: 31457280 op, 256027620.00 ns, 8.1389 ns/op
WorkloadWarmup   2: 31457280 op, 255409165.00 ns, 8.1192 ns/op
WorkloadWarmup   3: 31457280 op, 254561432.00 ns, 8.0923 ns/op
WorkloadWarmup   4: 31457280 op, 252093192.00 ns, 8.0138 ns/op
WorkloadWarmup   5: 31457280 op, 249799622.00 ns, 7.9409 ns/op
WorkloadWarmup   6: 31457280 op, 258725887.00 ns, 8.2247 ns/op
WorkloadWarmup   7: 31457280 op, 253822080.00 ns, 8.0688 ns/op
WorkloadWarmup   8: 31457280 op, 255196572.00 ns, 8.1125 ns/op
WorkloadWarmup   9: 31457280 op, 257446890.00 ns, 8.1840 ns/op
WorkloadWarmup  10: 31457280 op, 254395972.00 ns, 8.0870 ns/op
WorkloadWarmup  11: 31457280 op, 250312742.00 ns, 7.9572 ns/op
WorkloadWarmup  12: 31457280 op, 248264946.00 ns, 7.8921 ns/op
WorkloadWarmup  13: 31457280 op, 251516100.00 ns, 7.9955 ns/op
WorkloadWarmup  14: 31457280 op, 253383512.00 ns, 8.0548 ns/op
WorkloadWarmup  15: 31457280 op, 249371116.00 ns, 7.9273 ns/op
WorkloadWarmup  16: 31457280 op, 250574040.00 ns, 7.9655 ns/op

// BeforeActualRun
WorkloadActual   1: 31457280 op, 247725078.00 ns, 7.8750 ns/op
WorkloadActual   2: 31457280 op, 248093125.00 ns, 7.8867 ns/op
WorkloadActual   3: 31457280 op, 246878112.00 ns, 7.8480 ns/op
WorkloadActual   4: 31457280 op, 250222412.00 ns, 7.9544 ns/op
WorkloadActual   5: 31457280 op, 253692566.00 ns, 8.0647 ns/op
WorkloadActual   6: 31457280 op, 255381376.00 ns, 8.1184 ns/op
WorkloadActual   7: 31457280 op, 250333223.00 ns, 7.9579 ns/op
WorkloadActual   8: 31457280 op, 247406082.00 ns, 7.8648 ns/op
WorkloadActual   9: 31457280 op, 247226848.00 ns, 7.8591 ns/op
WorkloadActual  10: 31457280 op, 248916668.00 ns, 7.9128 ns/op
WorkloadActual  11: 31457280 op, 253506971.00 ns, 8.0588 ns/op
WorkloadActual  12: 31457280 op, 248752062.00 ns, 7.9076 ns/op

// AfterActualRun
WorkloadResult   1: 31457280 op, 247724238.00 ns, 7.8749 ns/op
WorkloadResult   2: 31457280 op, 248092285.00 ns, 7.8866 ns/op
WorkloadResult   3: 31457280 op, 246877272.00 ns, 7.8480 ns/op
WorkloadResult   4: 31457280 op, 250221572.00 ns, 7.9543 ns/op
WorkloadResult   5: 31457280 op, 253691726.00 ns, 8.0646 ns/op
WorkloadResult   6: 31457280 op, 255380536.00 ns, 8.1183 ns/op
WorkloadResult   7: 31457280 op, 250332383.00 ns, 7.9579 ns/op
WorkloadResult   8: 31457280 op, 247405242.00 ns, 7.8648 ns/op
WorkloadResult   9: 31457280 op, 247226008.00 ns, 7.8591 ns/op
WorkloadResult  10: 31457280 op, 248915828.00 ns, 7.9128 ns/op
WorkloadResult  11: 31457280 op, 253506131.00 ns, 8.0587 ns/op
WorkloadResult  12: 31457280 op, 248751222.00 ns, 7.9076 ns/op
// GC:  0 0 0 32 31457280
// Threading:  0 0 31457280

// AfterAll
// Benchmark Process 494432 has exited with code 0.

Mean = 7.942 ns, StdErr = 0.026 ns (0.33%), N = 12, StdDev = 0.091 ns
Min = 7.848 ns, Q1 = 7.872 ns, Median = 7.910 ns, Q3 = 7.983 ns, Max = 8.118 ns
IQR = 0.111 ns, LowerFence = 7.706 ns, UpperFence = 8.149 ns
ConfidenceInterval = [7.826 ns; 8.059 ns] (CI 99.9%), Margin = 0.117 ns (1.47% of Mean)
Skewness = 0.71, Kurtosis = 1.89, MValue = 2

// ** Remained 4 (50.0 %) benchmark(s) to run. Estimated finish 2026-09-10 9:46 (0h 0m from now) **
// ***** BenchmarkRunner: Finish  *****

// * Export *
  tmp/tl-alpha2-exact-b02687e-r1/results/CombatBenchmarks-report.csv
  tmp/tl-alpha2-exact-b02687e-r1/results/CombatBenchmarks-report-github.md
  tmp/tl-alpha2-exact-b02687e-r1/results/CombatBenchmarks-report.html
  tmp/tl-alpha2-exact-b02687e-r1/results/CombatBenchmarks-report-full.json

// * Detailed results *
CombatBenchmarks.PublicScalar: Jit(IterationCount=12, IterationTime=250ms, WarmupCount=16) [Pattern=Sequential]
Runtime = .NET 10.0.12 (10.0.12, 10.0.1226.42308), X64 RyuJIT x86-64-v3; GC = Concurrent Workstation
Mean = 2.208 ns, StdErr = 0.009 ns (0.42%), N = 11, StdDev = 0.031 ns
Min = 2.156 ns, Q1 = 2.198 ns, Median = 2.210 ns, Q3 = 2.225 ns, Max = 2.267 ns
IQR = 0.027 ns, LowerFence = 2.157 ns, UpperFence = 2.265 ns
ConfidenceInterval = [2.165 ns; 2.251 ns] (CI 99.9%), Margin = 0.043 ns (1.94% of Mean)
Skewness = -0.04, Kurtosis = 2.41, MValue = 2
-------------------- Histogram --------------------
[2.138 ns ; 2.191 ns) | @@
[2.191 ns ; 2.286 ns) | @@@@@@@@@
---------------------------------------------------

CombatBenchmarks.PublicBatch8: Jit(IterationCount=12, IterationTime=250ms, WarmupCount=16) [Pattern=Sequential]
Runtime = .NET 10.0.12 (10.0.12, 10.0.1226.42308), X64 RyuJIT x86-64-v3; GC = Concurrent Workstation
Mean = 2.845 ns, StdErr = 0.007 ns (0.26%), N = 12, StdDev = 0.026 ns
Min = 2.810 ns, Q1 = 2.828 ns, Median = 2.840 ns, Q3 = 2.856 ns, Max = 2.892 ns
IQR = 0.027 ns, LowerFence = 2.787 ns, UpperFence = 2.897 ns
ConfidenceInterval = [2.812 ns; 2.878 ns] (CI 99.9%), Margin = 0.033 ns (1.16% of Mean)
Skewness = 0.61, Kurtosis = 2.14, MValue = 2
-------------------- Histogram --------------------
[2.795 ns ; 2.907 ns) | @@@@@@@@@@@@
---------------------------------------------------

CombatBenchmarks.PublicScalar: Jit(IterationCount=12, IterationTime=250ms, WarmupCount=16) [Pattern=Random]
Runtime = .NET 10.0.12 (10.0.12, 10.0.1226.42308), X64 RyuJIT x86-64-v3; GC = Concurrent Workstation
Mean = 7.165 ns, StdErr = 0.025 ns (0.35%), N = 10, StdDev = 0.079 ns
Min = 6.953 ns, Q1 = 7.161 ns, Median = 7.186 ns, Q3 = 7.203 ns, Max = 7.236 ns
IQR = 0.042 ns, LowerFence = 7.098 ns, UpperFence = 7.265 ns
ConfidenceInterval = [7.045 ns; 7.285 ns] (CI 99.9%), Margin = 0.120 ns (1.67% of Mean)
Skewness = -1.79, Kurtosis = 5.19, MValue = 2
-------------------- Histogram --------------------
[6.905 ns ; 7.260 ns) | @@@@@@@@@@
---------------------------------------------------

CombatBenchmarks.PublicBatch8: Jit(IterationCount=12, IterationTime=250ms, WarmupCount=16) [Pattern=Random]
Runtime = .NET 10.0.12 (10.0.12, 10.0.1226.42308), X64 RyuJIT x86-64-v3; GC = Concurrent Workstation
Mean = 7.942 ns, StdErr = 0.026 ns (0.33%), N = 12, StdDev = 0.091 ns
Min = 7.848 ns, Q1 = 7.872 ns, Median = 7.910 ns, Q3 = 7.983 ns, Max = 8.118 ns
IQR = 0.111 ns, LowerFence = 7.706 ns, UpperFence = 8.149 ns
ConfidenceInterval = [7.826 ns; 8.059 ns] (CI 99.9%), Margin = 0.117 ns (1.47% of Mean)
Skewness = 0.71, Kurtosis = 1.89, MValue = 2
-------------------- Histogram --------------------
[7.829 ns ; 8.008 ns) | @@@@@@@@@
[8.008 ns ; 8.171 ns) | @@@
---------------------------------------------------

// * Summary *

BenchmarkDotNet v0.15.8, Linux Omarchy
Intel Core i9-14900K 0.80GHz, 1 CPU, 32 logical and 24 physical cores
.NET SDK 10.0.401
  [Host] : .NET 10.0.12 (10.0.12, 10.0.1226.42308), X64 RyuJIT x86-64-v3
  Jit    : .NET 10.0.12 (10.0.12, 10.0.1226.42308), X64 RyuJIT x86-64-v3

Job=Jit  IterationCount=12  IterationTime=250ms  
WarmupCount=16  

| Method       | Pattern    | Mean     | Error     | StdDev    | Median   | Allocated |
|------------- |----------- |---------:|----------:|----------:|---------:|----------:|
| PublicScalar | Sequential | 2.208 ns | 0.0429 ns | 0.0310 ns | 2.210 ns |         - |
| PublicBatch8 | Sequential | 2.845 ns | 0.0330 ns | 0.0258 ns | 2.840 ns |         - |
| PublicScalar | Random     | 7.165 ns | 0.1199 ns | 0.0793 ns | 7.186 ns |         - |
| PublicBatch8 | Random     | 7.942 ns | 0.1168 ns | 0.0912 ns | 7.910 ns |         - |

// * Hints *
Outliers
  CombatBenchmarks.PublicScalar: Jit -> 1 outlier  was  removed (2.28 ns)
  CombatBenchmarks.PublicScalar: Jit -> 2 outliers were removed, 3 outliers were detected (6.95 ns, 7.29 ns, 7.36 ns)

// * Legends *
  Pattern   : Value of the 'Pattern' parameter
  Mean      : Arithmetic mean of all measurements
  Error     : Half of 99.9% confidence interval
  StdDev    : Standard deviation of all measurements
  Median    : Value separating the higher half of all measurements (50th percentile)
  Allocated : Allocated memory per single operation (managed only, inclusive, 1KB = 1024B)
  1 ns      : 1 Nanosecond (0.000000001 sec)

// * Diagnostic Output - MemoryDiagnoser *


// ***** BenchmarkRunner: End *****
Run time: 00:00:33 (33.96 sec), executed benchmarks: 4

// Found 4 benchmarks:
//   SumBenchmarks.PublicScalar: Jit(IterationCount=12, IterationTime=250ms, WarmupCount=16) [Pattern=Sequential]
//   SumBenchmarks.PublicBatch8: Jit(IterationCount=12, IterationTime=250ms, WarmupCount=16) [Pattern=Sequential]
//   SumBenchmarks.PublicScalar: Jit(IterationCount=12, IterationTime=250ms, WarmupCount=16) [Pattern=Random]
//   SumBenchmarks.PublicBatch8: Jit(IterationCount=12, IterationTime=250ms, WarmupCount=16) [Pattern=Random]

// **************************
// Benchmark: SumBenchmarks.PublicScalar: Jit(IterationCount=12, IterationTime=250ms, WarmupCount=16) [Pattern=Sequential]
// *** Execute ***
// Launch: 1 / 1
// Execute: dotnet Alpha-Jit-1.dll --anonymousPipes 136 137 --benchmarkName "SumBenchmarks.PublicScalar(Pattern: Sequential)" --job Jit --benchmarkId 4 in /home/i/Work/tl-v1-alpha/benchmarks/Alpha/bin/Release/net10.0/Alpha-Jit-1/bin/Release/net10.0
// Failed to set up high priority (Permission denied). In order to run benchmarks with high priority, make sure you have the right permissions.
// BeforeAnythingElse

// Benchmark Process Environment Information:
// BenchmarkDotNet v0.15.8
// Runtime=.NET 10.0.12 (10.0.12, 10.0.1226.42308), X64 RyuJIT x86-64-v3
// GC=Concurrent Workstation
// HardwareIntrinsics=AVX2+BMI1+BMI2+F16C+FMA+LZCNT+MOVBE,AVX,SSE3+SSSE3+SSE4.1+SSE4.2+POPCNT,X86Base+SSE+SSE2,AES+PCLMUL,AvxVnni,SERIALIZE VectorSize=256
// Job: Jit(IterationCount=12, IterationTime=250ms, WarmupCount=16)

OverheadJitting  1: 65536 op, 100512.00 ns, 1.5337 ns/op
WorkloadJitting  1: 65536 op, 256069.00 ns, 3.9073 ns/op

OverheadJitting  2: 1048576 op, 120627.00 ns, 0.1150 ns/op
WorkloadJitting  2: 1048576 op, 2351769.00 ns, 2.2428 ns/op

WorkloadPilot    1: 1048576 op, 2208741.00 ns, 2.1064 ns/op
WorkloadPilot    2: 119537664 op, 212935691.00 ns, 1.7813 ns/op
WorkloadPilot    3: 140509184 op, 199042512.00 ns, 1.4166 ns/op
WorkloadPilot    4: 177209344 op, 249094886.00 ns, 1.4057 ns/op
WorkloadPilot    5: 178257920 op, 250780639.00 ns, 1.4068 ns/op

OverheadWarmup   1: 178257920 op, 5820.00 ns, 0.0000 ns/op
OverheadWarmup   2: 178257920 op, 5203.00 ns, 0.0000 ns/op
OverheadWarmup   3: 178257920 op, 5134.00 ns, 0.0000 ns/op
OverheadWarmup   4: 178257920 op, 5214.00 ns, 0.0000 ns/op
OverheadWarmup   5: 178257920 op, 5145.00 ns, 0.0000 ns/op
OverheadWarmup   6: 178257920 op, 5022.00 ns, 0.0000 ns/op
OverheadWarmup   7: 178257920 op, 5016.00 ns, 0.0000 ns/op
OverheadWarmup   8: 178257920 op, 5035.00 ns, 0.0000 ns/op
OverheadWarmup   9: 178257920 op, 5013.00 ns, 0.0000 ns/op

OverheadActual   1: 178257920 op, 5249.00 ns, 0.0000 ns/op
OverheadActual   2: 178257920 op, 5269.00 ns, 0.0000 ns/op
OverheadActual   3: 178257920 op, 5307.00 ns, 0.0000 ns/op
OverheadActual   4: 178257920 op, 5051.00 ns, 0.0000 ns/op
OverheadActual   5: 178257920 op, 5244.00 ns, 0.0000 ns/op
OverheadActual   6: 178257920 op, 5149.00 ns, 0.0000 ns/op
OverheadActual   7: 178257920 op, 4981.00 ns, 0.0000 ns/op
OverheadActual   8: 178257920 op, 5864.00 ns, 0.0000 ns/op
OverheadActual   9: 178257920 op, 5035.00 ns, 0.0000 ns/op
OverheadActual  10: 178257920 op, 4990.00 ns, 0.0000 ns/op
OverheadActual  11: 178257920 op, 4996.00 ns, 0.0000 ns/op
OverheadActual  12: 178257920 op, 5018.00 ns, 0.0000 ns/op
OverheadActual  13: 178257920 op, 5028.00 ns, 0.0000 ns/op
OverheadActual  14: 178257920 op, 4997.00 ns, 0.0000 ns/op
OverheadActual  15: 178257920 op, 4991.00 ns, 0.0000 ns/op

WorkloadWarmup   1: 178257920 op, 248061268.00 ns, 1.3916 ns/op
WorkloadWarmup   2: 178257920 op, 245839139.00 ns, 1.3791 ns/op
WorkloadWarmup   3: 178257920 op, 246562505.00 ns, 1.3832 ns/op
WorkloadWarmup   4: 178257920 op, 247529511.00 ns, 1.3886 ns/op
WorkloadWarmup   5: 178257920 op, 248165660.00 ns, 1.3922 ns/op
WorkloadWarmup   6: 178257920 op, 248318279.00 ns, 1.3930 ns/op
WorkloadWarmup   7: 178257920 op, 246268664.00 ns, 1.3815 ns/op
WorkloadWarmup   8: 178257920 op, 245979514.00 ns, 1.3799 ns/op
WorkloadWarmup   9: 178257920 op, 246338586.00 ns, 1.3819 ns/op
WorkloadWarmup  10: 178257920 op, 248342915.00 ns, 1.3932 ns/op
WorkloadWarmup  11: 178257920 op, 248232988.00 ns, 1.3925 ns/op
WorkloadWarmup  12: 178257920 op, 250956413.00 ns, 1.4078 ns/op
WorkloadWarmup  13: 178257920 op, 247150663.00 ns, 1.3865 ns/op
WorkloadWarmup  14: 178257920 op, 247156612.00 ns, 1.3865 ns/op
WorkloadWarmup  15: 178257920 op, 250303171.00 ns, 1.4042 ns/op
WorkloadWarmup  16: 178257920 op, 250296125.00 ns, 1.4041 ns/op

// BeforeActualRun
WorkloadActual   1: 178257920 op, 249556469.00 ns, 1.4000 ns/op
WorkloadActual   2: 178257920 op, 250379106.00 ns, 1.4046 ns/op
WorkloadActual   3: 178257920 op, 247974483.00 ns, 1.3911 ns/op
WorkloadActual   4: 178257920 op, 247280844.00 ns, 1.3872 ns/op
WorkloadActual   5: 178257920 op, 248031236.00 ns, 1.3914 ns/op
WorkloadActual   6: 178257920 op, 249773792.00 ns, 1.4012 ns/op
WorkloadActual   7: 178257920 op, 250866590.00 ns, 1.4073 ns/op
WorkloadActual   8: 178257920 op, 249512377.00 ns, 1.3997 ns/op
WorkloadActual   9: 178257920 op, 247371714.00 ns, 1.3877 ns/op
WorkloadActual  10: 178257920 op, 246778026.00 ns, 1.3844 ns/op
WorkloadActual  11: 178257920 op, 248654230.00 ns, 1.3949 ns/op
WorkloadActual  12: 178257920 op, 248918740.00 ns, 1.3964 ns/op

// AfterActualRun
WorkloadResult   1: 178257920 op, 249551434.00 ns, 1.3999 ns/op
WorkloadResult   2: 178257920 op, 250374071.00 ns, 1.4046 ns/op
WorkloadResult   3: 178257920 op, 247969448.00 ns, 1.3911 ns/op
WorkloadResult   4: 178257920 op, 247275809.00 ns, 1.3872 ns/op
WorkloadResult   5: 178257920 op, 248026201.00 ns, 1.3914 ns/op
WorkloadResult   6: 178257920 op, 249768757.00 ns, 1.4012 ns/op
WorkloadResult   7: 178257920 op, 250861555.00 ns, 1.4073 ns/op
WorkloadResult   8: 178257920 op, 249507342.00 ns, 1.3997 ns/op
WorkloadResult   9: 178257920 op, 247366679.00 ns, 1.3877 ns/op
WorkloadResult  10: 178257920 op, 246772991.00 ns, 1.3844 ns/op
WorkloadResult  11: 178257920 op, 248649195.00 ns, 1.3949 ns/op
WorkloadResult  12: 178257920 op, 248913705.00 ns, 1.3964 ns/op
// GC:  0 0 0 32 178257920
// Threading:  0 0 178257920

// AfterAll
// Benchmark Process 494458 has exited with code 0.

Mean = 1.395 ns, StdErr = 0.002 ns (0.15%), N = 12, StdDev = 0.007 ns
Min = 1.384 ns, Q1 = 1.390 ns, Median = 1.396 ns, Q3 = 1.400 ns, Max = 1.407 ns
IQR = 0.010 ns, LowerFence = 1.375 ns, UpperFence = 1.415 ns
ConfidenceInterval = [1.386 ns; 1.405 ns] (CI 99.9%), Margin = 0.009 ns (0.67% of Mean)
Skewness = 0.04, Kurtosis = 1.56, MValue = 2

// ** Remained 3 (37.5 %) benchmark(s) to run. Estimated finish 2026-09-10 9:46 (0h 0m from now) **
// **************************
// Benchmark: SumBenchmarks.PublicBatch8: Jit(IterationCount=12, IterationTime=250ms, WarmupCount=16) [Pattern=Sequential]
// *** Execute ***
// Launch: 1 / 1
// Execute: dotnet Alpha-Jit-1.dll --anonymousPipes 136 137 --benchmarkName "SumBenchmarks.PublicBatch8(Pattern: Sequential)" --job Jit --benchmarkId 5 in /home/i/Work/tl-v1-alpha/benchmarks/Alpha/bin/Release/net10.0/Alpha-Jit-1/bin/Release/net10.0
// Failed to set up high priority (Permission denied). In order to run benchmarks with high priority, make sure you have the right permissions.
// BeforeAnythingElse

// Benchmark Process Environment Information:
// BenchmarkDotNet v0.15.8
// Runtime=.NET 10.0.12 (10.0.12, 10.0.1226.42308), X64 RyuJIT x86-64-v3
// GC=Concurrent Workstation
// HardwareIntrinsics=AVX2+BMI1+BMI2+F16C+FMA+LZCNT+MOVBE,AVX,SSE3+SSSE3+SSE4.1+SSE4.2+POPCNT,X86Base+SSE+SSE2,AES+PCLMUL,AvxVnni,SERIALIZE VectorSize=256
// Job: Jit(IterationCount=12, IterationTime=250ms, WarmupCount=16)

OverheadJitting  1: 65536 op, 100793.00 ns, 1.5380 ns/op
WorkloadJitting  1: 65536 op, 664542.00 ns, 10.1401 ns/op

OverheadJitting  2: 1048576 op, 117909.00 ns, 0.1124 ns/op
WorkloadJitting  2: 1048576 op, 1988000.00 ns, 1.8959 ns/op

WorkloadPilot    1: 1048576 op, 1806226.00 ns, 1.7226 ns/op
WorkloadPilot    2: 145752064 op, 229195008.00 ns, 1.5725 ns/op
WorkloadPilot    3: 159383552 op, 230288148.00 ns, 1.4449 ns/op
WorkloadPilot    4: 173015040 op, 248066270.00 ns, 1.4338 ns/op
WorkloadPilot    5: 175112192 op, 250349955.00 ns, 1.4297 ns/op

OverheadWarmup   1: 175112192 op, 5850.00 ns, 0.0000 ns/op
OverheadWarmup   2: 175112192 op, 5169.00 ns, 0.0000 ns/op
OverheadWarmup   3: 175112192 op, 5140.00 ns, 0.0000 ns/op
OverheadWarmup   4: 175112192 op, 5119.00 ns, 0.0000 ns/op
OverheadWarmup   5: 175112192 op, 5056.00 ns, 0.0000 ns/op
OverheadWarmup   6: 175112192 op, 5065.00 ns, 0.0000 ns/op
OverheadWarmup   7: 175112192 op, 4988.00 ns, 0.0000 ns/op
OverheadWarmup   8: 175112192 op, 4991.00 ns, 0.0000 ns/op
OverheadWarmup   9: 175112192 op, 5003.00 ns, 0.0000 ns/op
OverheadWarmup  10: 175112192 op, 5006.00 ns, 0.0000 ns/op

OverheadActual   1: 175112192 op, 5190.00 ns, 0.0000 ns/op
OverheadActual   2: 175112192 op, 5161.00 ns, 0.0000 ns/op
OverheadActual   3: 175112192 op, 5195.00 ns, 0.0000 ns/op
OverheadActual   4: 175112192 op, 5089.00 ns, 0.0000 ns/op
OverheadActual   5: 175112192 op, 5175.00 ns, 0.0000 ns/op
OverheadActual   6: 175112192 op, 5007.00 ns, 0.0000 ns/op
OverheadActual   7: 175112192 op, 4992.00 ns, 0.0000 ns/op
OverheadActual   8: 175112192 op, 4989.00 ns, 0.0000 ns/op
OverheadActual   9: 175112192 op, 4982.00 ns, 0.0000 ns/op
OverheadActual  10: 175112192 op, 4968.00 ns, 0.0000 ns/op
OverheadActual  11: 175112192 op, 4973.00 ns, 0.0000 ns/op
OverheadActual  12: 175112192 op, 4997.00 ns, 0.0000 ns/op
OverheadActual  13: 175112192 op, 4971.00 ns, 0.0000 ns/op
OverheadActual  14: 175112192 op, 4998.00 ns, 0.0000 ns/op
OverheadActual  15: 175112192 op, 5196.00 ns, 0.0000 ns/op

WorkloadWarmup   1: 175112192 op, 252873151.00 ns, 1.4441 ns/op
WorkloadWarmup   2: 175112192 op, 251274678.00 ns, 1.4349 ns/op
WorkloadWarmup   3: 175112192 op, 250542385.00 ns, 1.4308 ns/op
WorkloadWarmup   4: 175112192 op, 249373434.00 ns, 1.4241 ns/op
WorkloadWarmup   5: 175112192 op, 250441793.00 ns, 1.4302 ns/op
WorkloadWarmup   6: 175112192 op, 251553241.00 ns, 1.4365 ns/op
WorkloadWarmup   7: 175112192 op, 252942463.00 ns, 1.4445 ns/op
WorkloadWarmup   8: 175112192 op, 252060161.00 ns, 1.4394 ns/op
WorkloadWarmup   9: 175112192 op, 250667760.00 ns, 1.4315 ns/op
WorkloadWarmup  10: 175112192 op, 251677999.00 ns, 1.4372 ns/op
WorkloadWarmup  11: 175112192 op, 249609399.00 ns, 1.4254 ns/op
WorkloadWarmup  12: 175112192 op, 251471898.00 ns, 1.4361 ns/op
WorkloadWarmup  13: 175112192 op, 253914184.00 ns, 1.4500 ns/op
WorkloadWarmup  14: 175112192 op, 252233811.00 ns, 1.4404 ns/op
WorkloadWarmup  15: 175112192 op, 251416359.00 ns, 1.4357 ns/op
WorkloadWarmup  16: 175112192 op, 249437071.00 ns, 1.4244 ns/op

// BeforeActualRun
WorkloadActual   1: 175112192 op, 246675521.00 ns, 1.4087 ns/op
WorkloadActual   2: 175112192 op, 250321501.00 ns, 1.4295 ns/op
WorkloadActual   3: 175112192 op, 254016734.00 ns, 1.4506 ns/op
WorkloadActual   4: 175112192 op, 248367931.00 ns, 1.4183 ns/op
WorkloadActual   5: 175112192 op, 249518855.00 ns, 1.4249 ns/op
WorkloadActual   6: 175112192 op, 249395352.00 ns, 1.4242 ns/op
WorkloadActual   7: 175112192 op, 252804726.00 ns, 1.4437 ns/op
WorkloadActual   8: 175112192 op, 249189161.00 ns, 1.4230 ns/op
WorkloadActual   9: 175112192 op, 253438693.00 ns, 1.4473 ns/op
WorkloadActual  10: 175112192 op, 248057493.00 ns, 1.4166 ns/op
WorkloadActual  11: 175112192 op, 252712077.00 ns, 1.4431 ns/op
WorkloadActual  12: 175112192 op, 249585152.00 ns, 1.4253 ns/op

// AfterActualRun
WorkloadResult   1: 175112192 op, 246670523.00 ns, 1.4086 ns/op
WorkloadResult   2: 175112192 op, 250316503.00 ns, 1.4295 ns/op
WorkloadResult   3: 175112192 op, 254011736.00 ns, 1.4506 ns/op
WorkloadResult   4: 175112192 op, 248362933.00 ns, 1.4183 ns/op
WorkloadResult   5: 175112192 op, 249513857.00 ns, 1.4249 ns/op
WorkloadResult   6: 175112192 op, 249390354.00 ns, 1.4242 ns/op
WorkloadResult   7: 175112192 op, 252799728.00 ns, 1.4436 ns/op
WorkloadResult   8: 175112192 op, 249184163.00 ns, 1.4230 ns/op
WorkloadResult   9: 175112192 op, 253433695.00 ns, 1.4473 ns/op
WorkloadResult  10: 175112192 op, 248052495.00 ns, 1.4165 ns/op
WorkloadResult  11: 175112192 op, 252707079.00 ns, 1.4431 ns/op
WorkloadResult  12: 175112192 op, 249580154.00 ns, 1.4253 ns/op
// GC:  0 0 0 0 175112192
// Threading:  0 0 175112192

// AfterAll
// Benchmark Process 494495 has exited with code 0.

Mean = 1.430 ns, StdErr = 0.004 ns (0.27%), N = 12, StdDev = 0.013 ns
Min = 1.409 ns, Q1 = 1.422 ns, Median = 1.425 ns, Q3 = 1.443 ns, Max = 1.451 ns
IQR = 0.021 ns, LowerFence = 1.390 ns, UpperFence = 1.475 ns
ConfidenceInterval = [1.412 ns; 1.447 ns] (CI 99.9%), Margin = 0.017 ns (1.20% of Mean)
Skewness = 0.23, Kurtosis = 1.55, MValue = 2

// ** Remained 2 (25.0 %) benchmark(s) to run. Estimated finish 2026-09-10 9:46 (0h 0m from now) **
// **************************
// Benchmark: SumBenchmarks.PublicScalar: Jit(IterationCount=12, IterationTime=250ms, WarmupCount=16) [Pattern=Random]
// *** Execute ***
// Launch: 1 / 1
// Execute: dotnet Alpha-Jit-1.dll --anonymousPipes 136 137 --benchmarkName "SumBenchmarks.PublicScalar(Pattern: Random)" --job Jit --benchmarkId 6 in /home/i/Work/tl-v1-alpha/benchmarks/Alpha/bin/Release/net10.0/Alpha-Jit-1/bin/Release/net10.0
// Failed to set up high priority (Permission denied). In order to run benchmarks with high priority, make sure you have the right permissions.
// BeforeAnythingElse

// Benchmark Process Environment Information:
// BenchmarkDotNet v0.15.8
// Runtime=.NET 10.0.12 (10.0.12, 10.0.1226.42308), X64 RyuJIT x86-64-v3
// GC=Concurrent Workstation
// HardwareIntrinsics=AVX2+BMI1+BMI2+F16C+FMA+LZCNT+MOVBE,AVX,SSE3+SSSE3+SSE4.1+SSE4.2+POPCNT,X86Base+SSE+SSE2,AES+PCLMUL,AvxVnni,SERIALIZE VectorSize=256
// Job: Jit(IterationCount=12, IterationTime=250ms, WarmupCount=16)

OverheadJitting  1: 65536 op, 95908.00 ns, 1.4634 ns/op
WorkloadJitting  1: 65536 op, 518812.00 ns, 7.9164 ns/op

OverheadJitting  2: 1048576 op, 118759.00 ns, 0.1133 ns/op
WorkloadJitting  2: 1048576 op, 6660786.00 ns, 6.3522 ns/op

WorkloadPilot    1: 1048576 op, 6447733.00 ns, 6.1490 ns/op
WorkloadPilot    2: 40894464 op, 231175987.00 ns, 5.6530 ns/op
WorkloadPilot    3: 45088768 op, 222415030.00 ns, 4.9328 ns/op
WorkloadPilot    4: 51380224 op, 254881152.00 ns, 4.9607 ns/op

OverheadWarmup   1: 51380224 op, 2804.00 ns, 0.0001 ns/op
OverheadWarmup   2: 51380224 op, 1447.00 ns, 0.0000 ns/op
OverheadWarmup   3: 51380224 op, 1483.00 ns, 0.0000 ns/op
OverheadWarmup   4: 51380224 op, 1473.00 ns, 0.0000 ns/op
OverheadWarmup   5: 51380224 op, 1521.00 ns, 0.0000 ns/op
OverheadWarmup   6: 51380224 op, 1471.00 ns, 0.0000 ns/op

OverheadActual   1: 51380224 op, 1751.00 ns, 0.0000 ns/op
OverheadActual   2: 51380224 op, 1727.00 ns, 0.0000 ns/op
OverheadActual   3: 51380224 op, 1725.00 ns, 0.0000 ns/op
OverheadActual   4: 51380224 op, 1482.00 ns, 0.0000 ns/op
OverheadActual   5: 51380224 op, 1698.00 ns, 0.0000 ns/op
OverheadActual   6: 51380224 op, 1478.00 ns, 0.0000 ns/op
OverheadActual   7: 51380224 op, 1495.00 ns, 0.0000 ns/op
OverheadActual   8: 51380224 op, 1468.00 ns, 0.0000 ns/op
OverheadActual   9: 51380224 op, 1506.00 ns, 0.0000 ns/op
OverheadActual  10: 51380224 op, 1478.00 ns, 0.0000 ns/op
OverheadActual  11: 51380224 op, 1509.00 ns, 0.0000 ns/op
OverheadActual  12: 51380224 op, 1494.00 ns, 0.0000 ns/op
OverheadActual  13: 51380224 op, 1496.00 ns, 0.0000 ns/op
OverheadActual  14: 51380224 op, 1488.00 ns, 0.0000 ns/op
OverheadActual  15: 51380224 op, 1487.00 ns, 0.0000 ns/op
OverheadActual  16: 51380224 op, 1492.00 ns, 0.0000 ns/op
OverheadActual  17: 51380224 op, 1482.00 ns, 0.0000 ns/op

WorkloadWarmup   1: 51380224 op, 254385642.00 ns, 4.9510 ns/op
WorkloadWarmup   2: 51380224 op, 252956639.00 ns, 4.9232 ns/op
WorkloadWarmup   3: 51380224 op, 257747398.00 ns, 5.0165 ns/op
WorkloadWarmup   4: 51380224 op, 257435802.00 ns, 5.0104 ns/op
WorkloadWarmup   5: 51380224 op, 253149235.00 ns, 4.9270 ns/op
WorkloadWarmup   6: 51380224 op, 255289540.00 ns, 4.9686 ns/op
WorkloadWarmup   7: 51380224 op, 256540788.00 ns, 4.9930 ns/op
WorkloadWarmup   8: 51380224 op, 256669080.00 ns, 4.9955 ns/op
WorkloadWarmup   9: 51380224 op, 255950657.00 ns, 4.9815 ns/op
WorkloadWarmup  10: 51380224 op, 256711817.00 ns, 4.9963 ns/op
WorkloadWarmup  11: 51380224 op, 257220333.00 ns, 5.0062 ns/op
WorkloadWarmup  12: 51380224 op, 255942598.00 ns, 4.9813 ns/op
WorkloadWarmup  13: 51380224 op, 256952739.00 ns, 5.0010 ns/op
WorkloadWarmup  14: 51380224 op, 257360124.00 ns, 5.0089 ns/op
WorkloadWarmup  15: 51380224 op, 259968086.00 ns, 5.0597 ns/op
WorkloadWarmup  16: 51380224 op, 254567149.00 ns, 4.9546 ns/op

// BeforeActualRun
WorkloadActual   1: 51380224 op, 255454994.00 ns, 4.9719 ns/op
WorkloadActual   2: 51380224 op, 256517263.00 ns, 4.9925 ns/op
WorkloadActual   3: 51380224 op, 253951652.00 ns, 4.9426 ns/op
WorkloadActual   4: 51380224 op, 255125570.00 ns, 4.9654 ns/op
WorkloadActual   5: 51380224 op, 254335117.00 ns, 4.9501 ns/op
WorkloadActual   6: 51380224 op, 257271407.00 ns, 5.0072 ns/op
WorkloadActual   7: 51380224 op, 255839861.00 ns, 4.9793 ns/op
WorkloadActual   8: 51380224 op, 253288774.00 ns, 4.9297 ns/op
WorkloadActual   9: 51380224 op, 254896179.00 ns, 4.9610 ns/op
WorkloadActual  10: 51380224 op, 255434516.00 ns, 4.9715 ns/op
WorkloadActual  11: 51380224 op, 256650930.00 ns, 4.9951 ns/op
WorkloadActual  12: 51380224 op, 256929174.00 ns, 5.0005 ns/op

// AfterActualRun
WorkloadResult   1: 51380224 op, 255453500.00 ns, 4.9718 ns/op
WorkloadResult   2: 51380224 op, 256515769.00 ns, 4.9925 ns/op
WorkloadResult   3: 51380224 op, 253950158.00 ns, 4.9426 ns/op
WorkloadResult   4: 51380224 op, 255124076.00 ns, 4.9654 ns/op
WorkloadResult   5: 51380224 op, 254333623.00 ns, 4.9500 ns/op
WorkloadResult   6: 51380224 op, 257269913.00 ns, 5.0072 ns/op
WorkloadResult   7: 51380224 op, 255838367.00 ns, 4.9793 ns/op
WorkloadResult   8: 51380224 op, 253287280.00 ns, 4.9297 ns/op
WorkloadResult   9: 51380224 op, 254894685.00 ns, 4.9609 ns/op
WorkloadResult  10: 51380224 op, 255433022.00 ns, 4.9714 ns/op
WorkloadResult  11: 51380224 op, 256649436.00 ns, 4.9951 ns/op
WorkloadResult  12: 51380224 op, 256927680.00 ns, 5.0005 ns/op
// GC:  0 0 0 0 51380224
// Threading:  0 0 51380224

// AfterAll
// Benchmark Process 494505 has exited with code 0.

Mean = 4.972 ns, StdErr = 0.007 ns (0.14%), N = 12, StdDev = 0.024 ns
Min = 4.930 ns, Q1 = 4.958 ns, Median = 4.972 ns, Q3 = 4.993 ns, Max = 5.007 ns
IQR = 0.035 ns, LowerFence = 4.906 ns, UpperFence = 5.046 ns
ConfidenceInterval = [4.941 ns; 5.003 ns] (CI 99.9%), Margin = 0.031 ns (0.62% of Mean)
Skewness = -0.18, Kurtosis = 1.72, MValue = 2

// ** Remained 1 (12.5 %) benchmark(s) to run. Estimated finish 2026-09-10 9:46 (0h 0m from now) **
// **************************
// Benchmark: SumBenchmarks.PublicBatch8: Jit(IterationCount=12, IterationTime=250ms, WarmupCount=16) [Pattern=Random]
// *** Execute ***
// Launch: 1 / 1
// Execute: dotnet Alpha-Jit-1.dll --anonymousPipes 136 137 --benchmarkName "SumBenchmarks.PublicBatch8(Pattern: Random)" --job Jit --benchmarkId 7 in /home/i/Work/tl-v1-alpha/benchmarks/Alpha/bin/Release/net10.0/Alpha-Jit-1/bin/Release/net10.0
// Failed to set up high priority (Permission denied). In order to run benchmarks with high priority, make sure you have the right permissions.
// BeforeAnythingElse

// Benchmark Process Environment Information:
// BenchmarkDotNet v0.15.8
// Runtime=.NET 10.0.12 (10.0.12, 10.0.1226.42308), X64 RyuJIT x86-64-v3
// GC=Concurrent Workstation
// HardwareIntrinsics=AVX2+BMI1+BMI2+F16C+FMA+LZCNT+MOVBE,AVX,SSE3+SSSE3+SSE4.1+SSE4.2+POPCNT,X86Base+SSE+SSE2,AES+PCLMUL,AvxVnni,SERIALIZE VectorSize=256
// Job: Jit(IterationCount=12, IterationTime=250ms, WarmupCount=16)

OverheadJitting  1: 65536 op, 97648.00 ns, 1.4900 ns/op
WorkloadJitting  1: 65536 op, 905411.00 ns, 13.8155 ns/op

OverheadJitting  2: 1048576 op, 114709.00 ns, 0.1094 ns/op
WorkloadJitting  2: 1048576 op, 6189906.00 ns, 5.9032 ns/op

WorkloadPilot    1: 1048576 op, 6006426.00 ns, 5.7282 ns/op
WorkloadPilot    2: 44040192 op, 235605418.00 ns, 5.3498 ns/op
WorkloadPilot    3: 47185920 op, 241741096.00 ns, 5.1232 ns/op
WorkloadPilot    4: 49283072 op, 254261907.00 ns, 5.1592 ns/op

OverheadWarmup   1: 49283072 op, 2930.00 ns, 0.0001 ns/op
OverheadWarmup   2: 49283072 op, 1484.00 ns, 0.0000 ns/op
OverheadWarmup   3: 49283072 op, 1509.00 ns, 0.0000 ns/op
OverheadWarmup   4: 49283072 op, 1668.00 ns, 0.0000 ns/op
OverheadWarmup   5: 49283072 op, 1598.00 ns, 0.0000 ns/op
OverheadWarmup   6: 49283072 op, 1578.00 ns, 0.0000 ns/op
OverheadWarmup   7: 49283072 op, 1497.00 ns, 0.0000 ns/op
OverheadWarmup   8: 49283072 op, 1499.00 ns, 0.0000 ns/op
OverheadWarmup   9: 49283072 op, 1513.00 ns, 0.0000 ns/op
OverheadWarmup  10: 49283072 op, 1511.00 ns, 0.0000 ns/op

OverheadActual   1: 49283072 op, 1717.00 ns, 0.0000 ns/op
OverheadActual   2: 49283072 op, 1741.00 ns, 0.0000 ns/op
OverheadActual   3: 49283072 op, 1687.00 ns, 0.0000 ns/op
OverheadActual   4: 49283072 op, 1563.00 ns, 0.0000 ns/op
OverheadActual   5: 49283072 op, 1739.00 ns, 0.0000 ns/op
OverheadActual   6: 49283072 op, 1517.00 ns, 0.0000 ns/op
OverheadActual   7: 49283072 op, 1526.00 ns, 0.0000 ns/op
OverheadActual   8: 49283072 op, 1496.00 ns, 0.0000 ns/op
OverheadActual   9: 49283072 op, 1502.00 ns, 0.0000 ns/op
OverheadActual  10: 49283072 op, 1501.00 ns, 0.0000 ns/op
OverheadActual  11: 49283072 op, 1513.00 ns, 0.0000 ns/op
OverheadActual  12: 49283072 op, 1504.00 ns, 0.0000 ns/op
OverheadActual  13: 49283072 op, 1518.00 ns, 0.0000 ns/op
OverheadActual  14: 49283072 op, 1514.00 ns, 0.0000 ns/op
OverheadActual  15: 49283072 op, 1502.00 ns, 0.0000 ns/op
OverheadActual  16: 49283072 op, 1496.00 ns, 0.0000 ns/op
OverheadActual  17: 49283072 op, 1499.00 ns, 0.0000 ns/op

WorkloadWarmup   1: 49283072 op, 256127499.00 ns, 5.1971 ns/op
WorkloadWarmup   2: 49283072 op, 256610036.00 ns, 5.2069 ns/op
WorkloadWarmup   3: 49283072 op, 255816912.00 ns, 5.1908 ns/op
WorkloadWarmup   4: 49283072 op, 257048145.00 ns, 5.2157 ns/op
WorkloadWarmup   5: 49283072 op, 264680528.00 ns, 5.3706 ns/op
WorkloadWarmup   6: 49283072 op, 261100882.00 ns, 5.2980 ns/op
WorkloadWarmup   7: 49283072 op, 252556341.00 ns, 5.1246 ns/op
WorkloadWarmup   8: 49283072 op, 248501272.00 ns, 5.0423 ns/op
WorkloadWarmup   9: 49283072 op, 253400534.00 ns, 5.1417 ns/op
WorkloadWarmup  10: 49283072 op, 255005128.00 ns, 5.1743 ns/op
WorkloadWarmup  11: 49283072 op, 250053296.00 ns, 5.0738 ns/op
WorkloadWarmup  12: 49283072 op, 249131934.00 ns, 5.0551 ns/op
WorkloadWarmup  13: 49283072 op, 253671676.00 ns, 5.1472 ns/op
WorkloadWarmup  14: 49283072 op, 257114401.00 ns, 5.2171 ns/op
WorkloadWarmup  15: 49283072 op, 249437468.00 ns, 5.0613 ns/op
WorkloadWarmup  16: 49283072 op, 248506694.00 ns, 5.0424 ns/op

// BeforeActualRun
WorkloadActual   1: 49283072 op, 253781250.00 ns, 5.1495 ns/op
WorkloadActual   2: 49283072 op, 247536331.00 ns, 5.0227 ns/op
WorkloadActual   3: 49283072 op, 253554522.00 ns, 5.1449 ns/op
WorkloadActual   4: 49283072 op, 249762663.00 ns, 5.0679 ns/op
WorkloadActual   5: 49283072 op, 255940807.00 ns, 5.1933 ns/op
WorkloadActual   6: 49283072 op, 264298159.00 ns, 5.3629 ns/op
WorkloadActual   7: 49283072 op, 261999691.00 ns, 5.3162 ns/op
WorkloadActual   8: 49283072 op, 256032755.00 ns, 5.1951 ns/op
WorkloadActual   9: 49283072 op, 255444634.00 ns, 5.1832 ns/op
WorkloadActual  10: 49283072 op, 260199127.00 ns, 5.2797 ns/op
WorkloadActual  11: 49283072 op, 257847420.00 ns, 5.2320 ns/op
WorkloadActual  12: 49283072 op, 257079274.00 ns, 5.2164 ns/op

// AfterActualRun
WorkloadResult   1: 49283072 op, 253779736.00 ns, 5.1494 ns/op
WorkloadResult   2: 49283072 op, 247534817.00 ns, 5.0227 ns/op
WorkloadResult   3: 49283072 op, 253553008.00 ns, 5.1448 ns/op
WorkloadResult   4: 49283072 op, 249761149.00 ns, 5.0679 ns/op
WorkloadResult   5: 49283072 op, 255939293.00 ns, 5.1932 ns/op
WorkloadResult   6: 49283072 op, 264296645.00 ns, 5.3628 ns/op
WorkloadResult   7: 49283072 op, 261998177.00 ns, 5.3162 ns/op
WorkloadResult   8: 49283072 op, 256031241.00 ns, 5.1951 ns/op
WorkloadResult   9: 49283072 op, 255443120.00 ns, 5.1832 ns/op
WorkloadResult  10: 49283072 op, 260197613.00 ns, 5.2797 ns/op
WorkloadResult  11: 49283072 op, 257845906.00 ns, 5.2319 ns/op
WorkloadResult  12: 49283072 op, 257077760.00 ns, 5.2164 ns/op
// GC:  0 0 0 0 49283072
// Threading:  0 0 49283072

// AfterAll
// Benchmark Process 494519 has exited with code 0.

Mean = 5.197 ns, StdErr = 0.028 ns (0.54%), N = 12, StdDev = 0.096 ns
Min = 5.023 ns, Q1 = 5.148 ns, Median = 5.194 ns, Q3 = 5.244 ns, Max = 5.363 ns
IQR = 0.096 ns, LowerFence = 5.005 ns, UpperFence = 5.387 ns
ConfidenceInterval = [5.073 ns; 5.321 ns] (CI 99.9%), Margin = 0.124 ns (2.38% of Mean)
Skewness = -0.08, Kurtosis = 2.14, MValue = 2

// ** Remained 0 (0.0 %) benchmark(s) to run. Estimated finish 2026-09-10 9:46 (0h 0m from now) **
// ***** BenchmarkRunner: Finish  *****

// * Export *
  tmp/tl-alpha2-exact-b02687e-r1/results/SumBenchmarks-report.csv
  tmp/tl-alpha2-exact-b02687e-r1/results/SumBenchmarks-report-github.md
  tmp/tl-alpha2-exact-b02687e-r1/results/SumBenchmarks-report.html
  tmp/tl-alpha2-exact-b02687e-r1/results/SumBenchmarks-report-full.json

// * Detailed results *
SumBenchmarks.PublicScalar: Jit(IterationCount=12, IterationTime=250ms, WarmupCount=16) [Pattern=Sequential]
Runtime = .NET 10.0.12 (10.0.12, 10.0.1226.42308), X64 RyuJIT x86-64-v3; GC = Concurrent Workstation
Mean = 1.395 ns, StdErr = 0.002 ns (0.15%), N = 12, StdDev = 0.007 ns
Min = 1.384 ns, Q1 = 1.390 ns, Median = 1.396 ns, Q3 = 1.400 ns, Max = 1.407 ns
IQR = 0.010 ns, LowerFence = 1.375 ns, UpperFence = 1.415 ns
ConfidenceInterval = [1.386 ns; 1.405 ns] (CI 99.9%), Margin = 0.009 ns (0.67% of Mean)
Skewness = 0.04, Kurtosis = 1.56, MValue = 2
-------------------- Histogram --------------------
[1.384 ns ; 1.411 ns) | @@@@@@@@@@@@
---------------------------------------------------

SumBenchmarks.PublicBatch8: Jit(IterationCount=12, IterationTime=250ms, WarmupCount=16) [Pattern=Sequential]
Runtime = .NET 10.0.12 (10.0.12, 10.0.1226.42308), X64 RyuJIT x86-64-v3; GC = Concurrent Workstation
Mean = 1.430 ns, StdErr = 0.004 ns (0.27%), N = 12, StdDev = 0.013 ns
Min = 1.409 ns, Q1 = 1.422 ns, Median = 1.425 ns, Q3 = 1.443 ns, Max = 1.451 ns
IQR = 0.021 ns, LowerFence = 1.390 ns, UpperFence = 1.475 ns
ConfidenceInterval = [1.412 ns; 1.447 ns] (CI 99.9%), Margin = 0.017 ns (1.20% of Mean)
Skewness = 0.23, Kurtosis = 1.55, MValue = 2
-------------------- Histogram --------------------
[1.401 ns ; 1.458 ns) | @@@@@@@@@@@@
---------------------------------------------------

SumBenchmarks.PublicScalar: Jit(IterationCount=12, IterationTime=250ms, WarmupCount=16) [Pattern=Random]
Runtime = .NET 10.0.12 (10.0.12, 10.0.1226.42308), X64 RyuJIT x86-64-v3; GC = Concurrent Workstation
Mean = 4.972 ns, StdErr = 0.007 ns (0.14%), N = 12, StdDev = 0.024 ns
Min = 4.930 ns, Q1 = 4.958 ns, Median = 4.972 ns, Q3 = 4.993 ns, Max = 5.007 ns
IQR = 0.035 ns, LowerFence = 4.906 ns, UpperFence = 5.046 ns
ConfidenceInterval = [4.941 ns; 5.003 ns] (CI 99.9%), Margin = 0.031 ns (0.62% of Mean)
Skewness = -0.18, Kurtosis = 1.72, MValue = 2
-------------------- Histogram --------------------
[4.920 ns ; 5.021 ns) | @@@@@@@@@@@@
---------------------------------------------------

SumBenchmarks.PublicBatch8: Jit(IterationCount=12, IterationTime=250ms, WarmupCount=16) [Pattern=Random]
Runtime = .NET 10.0.12 (10.0.12, 10.0.1226.42308), X64 RyuJIT x86-64-v3; GC = Concurrent Workstation
Mean = 5.197 ns, StdErr = 0.028 ns (0.54%), N = 12, StdDev = 0.096 ns
Min = 5.023 ns, Q1 = 5.148 ns, Median = 5.194 ns, Q3 = 5.244 ns, Max = 5.363 ns
IQR = 0.096 ns, LowerFence = 5.005 ns, UpperFence = 5.387 ns
ConfidenceInterval = [5.073 ns; 5.321 ns] (CI 99.9%), Margin = 0.124 ns (2.38% of Mean)
Skewness = -0.08, Kurtosis = 2.14, MValue = 2
-------------------- Histogram --------------------
[4.990 ns ; 5.133 ns) | @@
[5.133 ns ; 5.244 ns) | @@@@@@@
[5.244 ns ; 5.377 ns) | @@@
---------------------------------------------------

// * Summary *

BenchmarkDotNet v0.15.8, Linux Omarchy
Intel Core i9-14900K 0.80GHz, 1 CPU, 32 logical and 24 physical cores
.NET SDK 10.0.401
  [Host] : .NET 10.0.12 (10.0.12, 10.0.1226.42308), X64 RyuJIT x86-64-v3
  Jit    : .NET 10.0.12 (10.0.12, 10.0.1226.42308), X64 RyuJIT x86-64-v3

Job=Jit  IterationCount=12  IterationTime=250ms  
WarmupCount=16  

| Method       | Pattern    | Mean     | Error     | StdDev    | Median   | Allocated |
|------------- |----------- |---------:|----------:|----------:|---------:|----------:|
| PublicScalar | Sequential | 1.395 ns | 0.0093 ns | 0.0073 ns | 1.396 ns |         - |
| PublicBatch8 | Sequential | 1.430 ns | 0.0172 ns | 0.0134 ns | 1.425 ns |         - |
| PublicScalar | Random     | 4.972 ns | 0.0308 ns | 0.0241 ns | 4.972 ns |         - |
| PublicBatch8 | Random     | 5.197 ns | 0.1236 ns | 0.0965 ns | 5.194 ns |         - |

// * Legends *
  Pattern   : Value of the 'Pattern' parameter
  Mean      : Arithmetic mean of all measurements
  Error     : Half of 99.9% confidence interval
  StdDev    : Standard deviation of all measurements
  Median    : Value separating the higher half of all measurements (50th percentile)
  Allocated : Allocated memory per single operation (managed only, inclusive, 1KB = 1024B)
  1 ns      : 1 Nanosecond (0.000000001 sec)

// * Diagnostic Output - MemoryDiagnoser *


// ***** BenchmarkRunner: End *****
Run time: 00:00:33 (33.05 sec), executed benchmarks: 4

Global total time: 00:01:12 (72.38 sec), executed benchmarks: 8
// * Artifacts cleanup *
Artifacts cleanup is finished
