PAIR-HANDLES PARITY PASS: 8192 rows x 240 steps over 8 variant timelines, forward and backward, bit-exact
host: Unix 7.2.5.3, .NET 10.0.12, procs 32
benchmark artifacts: /tmp/ab352/ph-base-4
// Validating benchmarks:
// ***** BenchmarkRunner: Start   *****
// ***** Found 14 benchmark(s) in total *****
// ***** Building 2 exe(s) in Parallel: Start   *****
// ***** Done, took 00:00:03 (3.44 sec)   *****
// Found 14 benchmarks:
//   PairHandleBenchmarks.Advance: Job-TZECNT(IterationCount=16, IterationTime=200ms, WarmupCount=8) [Shape=LaneUniform]
//   PairHandleBenchmarks.Advance: InProcess(Toolchain=InProcessEmitToolchain) [Shape=LaneUniform]
//   PairHandleBenchmarks.Advance: Job-TZECNT(IterationCount=16, IterationTime=200ms, WarmupCount=8) [Shape=PairOne]
//   PairHandleBenchmarks.Advance: InProcess(Toolchain=InProcessEmitToolchain) [Shape=PairOne]
//   PairHandleBenchmarks.Advance: Job-TZECNT(IterationCount=16, IterationTime=200ms, WarmupCount=8) [Shape=PairRuns8]
//   PairHandleBenchmarks.Advance: InProcess(Toolchain=InProcessEmitToolchain) [Shape=PairRuns8]
//   PairHandleBenchmarks.Advance: Job-TZECNT(IterationCount=16, IterationTime=200ms, WarmupCount=8) [Shape=PairAlternating8]
//   PairHandleBenchmarks.Advance: InProcess(Toolchain=InProcessEmitToolchain) [Shape=PairAlternating8]
//   PairHandleBenchmarks.Advance: Job-TZECNT(IterationCount=16, IterationTime=200ms, WarmupCount=8) [Shape=PairRuns8Waves]
//   PairHandleBenchmarks.Advance: InProcess(Toolchain=InProcessEmitToolchain) [Shape=PairRuns8Waves]
//   PairHandleBenchmarks.Advance: Job-TZECNT(IterationCount=16, IterationTime=200ms, WarmupCount=8) [Shape=PairBlocks8Waves]
//   PairHandleBenchmarks.Advance: InProcess(Toolchain=InProcessEmitToolchain) [Shape=PairBlocks8Waves]
//   PairHandleBenchmarks.Advance: Job-TZECNT(IterationCount=16, IterationTime=200ms, WarmupCount=8) [Shape=PairA(...)Waves [21]]
//   PairHandleBenchmarks.Advance: InProcess(Toolchain=InProcessEmitToolchain) [Shape=PairA(...)Waves [21]]

// **************************
// Benchmark: PairHandleBenchmarks.Advance: Job-TZECNT(IterationCount=16, IterationTime=200ms, WarmupCount=8) [Shape=LaneUniform]
// *** Execute ***
// Launch: 1 / 1
// Execute: dotnet PairHandles-Job-TZECNT-1.dll --anonymousPipes 138 139 --benchmarkName "PairHandles.PairHandleBenchmarks.Advance(Shape: LaneUniform)" --job "IterationCount=16, IterationTime=200ms, WarmupCount=8" --benchmarkId 0 in /home/i/GitHub/tl-ab352-base/benchmarks/PairHandles/bin/Release/net10.0/PairHandles-Job-TZECNT-1/bin/Release/net10.0
// Failed to set up high priority (Permission denied). In order to run benchmarks with high priority, make sure you have the right permissions.
// BeforeAnythingElse

// Benchmark Process Environment Information:
// BenchmarkDotNet v0.15.8
// Runtime=.NET 10.0.12 (10.0.12, 10.0.1226.42308), X64 RyuJIT x86-64-v3
// GC=Concurrent Workstation
// HardwareIntrinsics=AVX2+BMI1+BMI2+F16C+FMA+LZCNT+MOVBE,AVX,SSE3+SSSE3+SSE4.1+SSE4.2+POPCNT,X86Base+SSE+SSE2,AES+PCLMUL,AvxVnni,SERIALIZE VectorSize=256
// Job: Job-TZECNT(IterationCount=16, IterationTime=200ms, WarmupCount=8)

OverheadJitting  1: 1 op, 77409.00 ns, 77.4090 us/op
WorkloadJitting  1: 1 op, 10614297.00 ns, 10.6143 ms/op

OverheadJitting  2: 16 op, 106307.00 ns, 6.6442 us/op
WorkloadJitting  2: 16 op, 698583.00 ns, 43.6614 us/op

WorkloadPilot    1: 16 op, 591937.00 ns, 36.9961 us/op
WorkloadPilot    2: 5408 op, 185508079.00 ns, 34.3025 us/op
WorkloadPilot    3: 5840 op, 203719101.00 ns, 34.8834 us/op
WorkloadPilot    4: 5744 op, 179365431.00 ns, 31.2266 us/op
WorkloadPilot    5: 6416 op, 209473430.00 ns, 32.6486 us/op
WorkloadPilot    6: 6128 op, 190673080.00 ns, 31.1151 us/op
WorkloadPilot    7: 6432 op, 201018345.00 ns, 31.2529 us/op

OverheadWarmup   1: 6432 op, 10937.00 ns, 1.7004 ns/op
OverheadWarmup   2: 6432 op, 10285.00 ns, 1.5990 ns/op
OverheadWarmup   3: 6432 op, 10845.00 ns, 1.6861 ns/op
OverheadWarmup   4: 6432 op, 10774.00 ns, 1.6751 ns/op
OverheadWarmup   5: 6432 op, 10708.00 ns, 1.6648 ns/op
OverheadWarmup   6: 6432 op, 10586.00 ns, 1.6458 ns/op
OverheadWarmup   7: 6432 op, 13697.00 ns, 2.1295 ns/op
OverheadWarmup   8: 6432 op, 10578.00 ns, 1.6446 ns/op

OverheadActual   1: 6432 op, 10840.00 ns, 1.6853 ns/op
OverheadActual   2: 6432 op, 10778.00 ns, 1.6757 ns/op
OverheadActual   3: 6432 op, 11102.00 ns, 1.7261 ns/op
OverheadActual   4: 6432 op, 10606.00 ns, 1.6489 ns/op
OverheadActual   5: 6432 op, 10771.00 ns, 1.6746 ns/op
OverheadActual   6: 6432 op, 10632.00 ns, 1.6530 ns/op
OverheadActual   7: 6432 op, 10602.00 ns, 1.6483 ns/op
OverheadActual   8: 6432 op, 10591.00 ns, 1.6466 ns/op
OverheadActual   9: 6432 op, 10604.00 ns, 1.6486 ns/op
OverheadActual  10: 6432 op, 10609.00 ns, 1.6494 ns/op
OverheadActual  11: 6432 op, 10604.00 ns, 1.6486 ns/op
OverheadActual  12: 6432 op, 10609.00 ns, 1.6494 ns/op
OverheadActual  13: 6432 op, 10816.00 ns, 1.6816 ns/op
OverheadActual  14: 6432 op, 10573.00 ns, 1.6438 ns/op
OverheadActual  15: 6432 op, 10570.00 ns, 1.6433 ns/op

WorkloadWarmup   1: 6432 op, 202830663.00 ns, 31.5346 us/op
WorkloadWarmup   2: 6432 op, 200473029.00 ns, 31.1681 us/op
WorkloadWarmup   3: 6432 op, 200681094.00 ns, 31.2004 us/op
WorkloadWarmup   4: 6432 op, 200633869.00 ns, 31.1931 us/op
WorkloadWarmup   5: 6432 op, 199758096.00 ns, 31.0569 us/op
WorkloadWarmup   6: 6432 op, 199107166.00 ns, 30.9557 us/op
WorkloadWarmup   7: 6432 op, 200384750.00 ns, 31.1543 us/op
WorkloadWarmup   8: 6432 op, 199733130.00 ns, 31.0530 us/op

// BeforeActualRun
WorkloadActual   1: 6432 op, 200094186.00 ns, 31.1092 us/op
WorkloadActual   2: 6432 op, 200558903.00 ns, 31.1814 us/op
WorkloadActual   3: 6432 op, 199122130.00 ns, 30.9580 us/op
WorkloadActual   4: 6432 op, 200238074.00 ns, 31.1315 us/op
WorkloadActual   5: 6432 op, 200667826.00 ns, 31.1984 us/op
WorkloadActual   6: 6432 op, 200356387.00 ns, 31.1499 us/op
WorkloadActual   7: 6432 op, 199526065.00 ns, 31.0208 us/op
WorkloadActual   8: 6432 op, 221244687.00 ns, 34.3975 us/op
WorkloadActual   9: 6432 op, 224932765.00 ns, 34.9709 us/op
WorkloadActual  10: 6432 op, 201829585.00 ns, 31.3790 us/op
WorkloadActual  11: 6432 op, 210010619.00 ns, 32.6509 us/op
WorkloadActual  12: 6432 op, 199448932.00 ns, 31.0089 us/op
WorkloadActual  13: 6432 op, 200875063.00 ns, 31.2306 us/op
WorkloadActual  14: 6432 op, 199777056.00 ns, 31.0599 us/op
WorkloadActual  15: 6432 op, 200904512.00 ns, 31.2352 us/op
WorkloadActual  16: 6432 op, 200712370.00 ns, 31.2053 us/op

// AfterActualRun
WorkloadResult   1: 6432 op, 200083577.00 ns, 31.1075 us/op
WorkloadResult   2: 6432 op, 200548294.00 ns, 31.1798 us/op
WorkloadResult   3: 6432 op, 199111521.00 ns, 30.9564 us/op
WorkloadResult   4: 6432 op, 200227465.00 ns, 31.1299 us/op
WorkloadResult   5: 6432 op, 200657217.00 ns, 31.1967 us/op
WorkloadResult   6: 6432 op, 200345778.00 ns, 31.1483 us/op
WorkloadResult   7: 6432 op, 199515456.00 ns, 31.0192 us/op
WorkloadResult   8: 6432 op, 201818976.00 ns, 31.3773 us/op
WorkloadResult   9: 6432 op, 199438323.00 ns, 31.0072 us/op
WorkloadResult  10: 6432 op, 200864454.00 ns, 31.2289 us/op
WorkloadResult  11: 6432 op, 199766447.00 ns, 31.0582 us/op
WorkloadResult  12: 6432 op, 200893903.00 ns, 31.2335 us/op
WorkloadResult  13: 6432 op, 200701761.00 ns, 31.2036 us/op
// GC:  0 0 0 0 6432
// Threading:  0 0 6432

// AfterAll
// Benchmark Process 138750 has exited with code 0.

Mean = 31.142 us, StdErr = 0.032 us (0.10%), N = 13, StdDev = 0.114 us
Min = 30.956 us, Q1 = 31.058 us, Median = 31.148 us, Q3 = 31.204 us, Max = 31.377 us
IQR = 0.145 us, LowerFence = 30.840 us, UpperFence = 31.422 us
ConfidenceInterval = [31.006 us; 31.278 us] (CI 99.9%), Margin = 0.136 us (0.44% of Mean)
Skewness = 0.19, Kurtosis = 2.29, MValue = 2

// ** Remained 13 (92.9 %) benchmark(s) to run. Estimated finish 2026-09-22 4:27 (0h 1m from now) **
// **************************
// Benchmark: PairHandleBenchmarks.Advance: InProcess(Toolchain=InProcessEmitToolchain) [Shape=LaneUniform]
// *** Execute ***
// Launch: 1 / 1
// ! Failed to set up priority High for process System.Diagnostics.Process (PairHandles). Make sure you have the right permissions. Message: Permission denied

// Benchmark Process Environment Information:
// BenchmarkDotNet v0.15.8
// Runtime=.NET 10.0.12 (10.0.12, 10.0.1226.42308), X64 RyuJIT x86-64-v3
// GC=Concurrent Workstation
// HardwareIntrinsics=AVX2+BMI1+BMI2+F16C+FMA+LZCNT+MOVBE,AVX,SSE3+SSSE3+SSE4.1+SSE4.2+POPCNT,X86Base+SSE+SSE2,AES+PCLMUL,AvxVnni,SERIALIZE VectorSize=256
// Job: Job-JWQWGO(Toolchain=InProcessEmitToolchain)

OverheadJitting  1: 1 op, 78178.00 ns, 78.1780 us/op
WorkloadJitting  1: 1 op, 2002700.00 ns, 2.0027 ms/op

OverheadJitting  2: 16 op, 111711.00 ns, 6.9819 us/op
WorkloadJitting  2: 16 op, 728402.00 ns, 45.5251 us/op

WorkloadPilot    1: 16 op, 645364.00 ns, 40.3353 us/op
WorkloadPilot    2: 32 op, 1102418.00 ns, 34.4506 us/op
WorkloadPilot    3: 64 op, 2201597.00 ns, 34.4000 us/op
WorkloadPilot    4: 128 op, 4391992.00 ns, 34.3124 us/op
WorkloadPilot    5: 256 op, 8803579.00 ns, 34.3890 us/op
WorkloadPilot    6: 512 op, 17876688.00 ns, 34.9154 us/op
WorkloadPilot    7: 1024 op, 35050159.00 ns, 34.2287 us/op
WorkloadPilot    8: 2048 op, 70500096.00 ns, 34.4239 us/op
WorkloadPilot    9: 4096 op, 142081672.00 ns, 34.6879 us/op
WorkloadPilot   10: 8192 op, 259790730.00 ns, 31.7127 us/op
WorkloadPilot   11: 16384 op, 514314476.00 ns, 31.3913 us/op

OverheadWarmup   1: 16384 op, 23778.00 ns, 1.4513 ns/op
OverheadWarmup   2: 16384 op, 22741.00 ns, 1.3880 ns/op
OverheadWarmup   3: 16384 op, 21140.00 ns, 1.2903 ns/op
OverheadWarmup   4: 16384 op, 21132.00 ns, 1.2898 ns/op
OverheadWarmup   5: 16384 op, 21153.00 ns, 1.2911 ns/op
OverheadWarmup   6: 16384 op, 21148.00 ns, 1.2908 ns/op
OverheadWarmup   7: 16384 op, 21178.00 ns, 1.2926 ns/op
OverheadWarmup   8: 16384 op, 21156.00 ns, 1.2913 ns/op

OverheadActual   1: 16384 op, 21292.00 ns, 1.2996 ns/op
OverheadActual   2: 16384 op, 21274.00 ns, 1.2985 ns/op
OverheadActual   3: 16384 op, 21300.00 ns, 1.3000 ns/op
OverheadActual   4: 16384 op, 21198.00 ns, 1.2938 ns/op
OverheadActual   5: 16384 op, 21266.00 ns, 1.2980 ns/op
OverheadActual   6: 16384 op, 21171.00 ns, 1.2922 ns/op
OverheadActual   7: 16384 op, 21155.00 ns, 1.2912 ns/op
OverheadActual   8: 16384 op, 21161.00 ns, 1.2916 ns/op
OverheadActual   9: 16384 op, 21174.00 ns, 1.2924 ns/op
OverheadActual  10: 16384 op, 21148.00 ns, 1.2908 ns/op
OverheadActual  11: 16384 op, 21148.00 ns, 1.2908 ns/op
OverheadActual  12: 16384 op, 21134.00 ns, 1.2899 ns/op
OverheadActual  13: 16384 op, 21157.00 ns, 1.2913 ns/op
OverheadActual  14: 16384 op, 21163.00 ns, 1.2917 ns/op
OverheadActual  15: 16384 op, 21171.00 ns, 1.2922 ns/op

WorkloadWarmup   1: 16384 op, 515024349.00 ns, 31.4346 us/op
WorkloadWarmup   2: 16384 op, 520175992.00 ns, 31.7490 us/op
WorkloadWarmup   3: 16384 op, 517183408.00 ns, 31.5664 us/op
WorkloadWarmup   4: 16384 op, 552516419.00 ns, 33.7229 us/op
WorkloadWarmup   5: 16384 op, 571789456.00 ns, 34.8993 us/op
WorkloadWarmup   6: 16384 op, 569323901.00 ns, 34.7488 us/op

WorkloadActual   1: 16384 op, 571990437.00 ns, 34.9115 us/op
WorkloadActual   2: 16384 op, 549281630.00 ns, 33.5255 us/op
WorkloadActual   3: 16384 op, 513460323.00 ns, 31.3391 us/op
WorkloadActual   4: 16384 op, 514421558.00 ns, 31.3978 us/op
WorkloadActual   5: 16384 op, 514281538.00 ns, 31.3893 us/op
WorkloadActual   6: 16384 op, 514248131.00 ns, 31.3872 us/op
WorkloadActual   7: 16384 op, 514642914.00 ns, 31.4113 us/op
WorkloadActual   8: 16384 op, 569716307.00 ns, 34.7727 us/op
WorkloadActual   9: 16384 op, 513564671.00 ns, 31.3455 us/op
WorkloadActual  10: 16384 op, 555294034.00 ns, 33.8925 us/op
WorkloadActual  11: 16384 op, 521437453.00 ns, 31.8260 us/op
WorkloadActual  12: 16384 op, 516345482.00 ns, 31.5152 us/op
WorkloadActual  13: 16384 op, 514489650.00 ns, 31.4020 us/op
WorkloadActual  14: 16384 op, 549634892.00 ns, 33.5471 us/op
WorkloadActual  15: 16384 op, 513919468.00 ns, 31.3672 us/op
WorkloadActual  16: 16384 op, 514375365.00 ns, 31.3950 us/op
WorkloadActual  17: 16384 op, 514975516.00 ns, 31.4316 us/op
WorkloadActual  18: 16384 op, 515771360.00 ns, 31.4802 us/op
WorkloadActual  19: 16384 op, 543508015.00 ns, 33.1731 us/op
WorkloadActual  20: 16384 op, 532438924.00 ns, 32.4975 us/op
WorkloadActual  21: 16384 op, 530729648.00 ns, 32.3932 us/op
WorkloadActual  22: 16384 op, 526005697.00 ns, 32.1048 us/op
WorkloadActual  23: 16384 op, 513244313.00 ns, 31.3259 us/op
WorkloadActual  24: 16384 op, 556656331.00 ns, 33.9756 us/op
WorkloadActual  25: 16384 op, 517204921.00 ns, 31.5677 us/op
WorkloadActual  26: 16384 op, 514439135.00 ns, 31.3989 us/op
WorkloadActual  27: 16384 op, 514236660.00 ns, 31.3865 us/op
WorkloadActual  28: 16384 op, 514325729.00 ns, 31.3920 us/op
WorkloadActual  29: 16384 op, 513870525.00 ns, 31.3642 us/op

WorkloadResult   1: 16384 op, 549260459.00 ns, 33.5242 us/op
WorkloadResult   2: 16384 op, 513439152.00 ns, 31.3378 us/op
WorkloadResult   3: 16384 op, 514400387.00 ns, 31.3965 us/op
WorkloadResult   4: 16384 op, 514260367.00 ns, 31.3880 us/op
WorkloadResult   5: 16384 op, 514226960.00 ns, 31.3859 us/op
WorkloadResult   6: 16384 op, 514621743.00 ns, 31.4100 us/op
WorkloadResult   7: 16384 op, 513543500.00 ns, 31.3442 us/op
WorkloadResult   8: 16384 op, 555272863.00 ns, 33.8912 us/op
WorkloadResult   9: 16384 op, 521416282.00 ns, 31.8247 us/op
WorkloadResult  10: 16384 op, 516324311.00 ns, 31.5139 us/op
WorkloadResult  11: 16384 op, 514468479.00 ns, 31.4007 us/op
WorkloadResult  12: 16384 op, 549613721.00 ns, 33.5458 us/op
WorkloadResult  13: 16384 op, 513898297.00 ns, 31.3659 us/op
WorkloadResult  14: 16384 op, 514354194.00 ns, 31.3937 us/op
WorkloadResult  15: 16384 op, 514954345.00 ns, 31.4303 us/op
WorkloadResult  16: 16384 op, 515750189.00 ns, 31.4789 us/op
WorkloadResult  17: 16384 op, 543486844.00 ns, 33.1718 us/op
WorkloadResult  18: 16384 op, 532417753.00 ns, 32.4962 us/op
WorkloadResult  19: 16384 op, 530708477.00 ns, 32.3919 us/op
WorkloadResult  20: 16384 op, 525984526.00 ns, 32.1035 us/op
WorkloadResult  21: 16384 op, 513223142.00 ns, 31.3247 us/op
WorkloadResult  22: 16384 op, 556635160.00 ns, 33.9743 us/op
WorkloadResult  23: 16384 op, 517183750.00 ns, 31.5664 us/op
WorkloadResult  24: 16384 op, 514417964.00 ns, 31.3976 us/op
WorkloadResult  25: 16384 op, 514215489.00 ns, 31.3852 us/op
WorkloadResult  26: 16384 op, 514304558.00 ns, 31.3907 us/op
WorkloadResult  27: 16384 op, 513849354.00 ns, 31.3629 us/op
// GC:  0 0 0 0 16384
// Threading:  0 0 16384


Mean = 31.933 us, StdErr = 0.170 us (0.53%), N = 27, StdDev = 0.884 us
Min = 31.325 us, Q1 = 31.387 us, Median = 31.410 us, Q3 = 32.248 us, Max = 33.974 us
IQR = 0.861 us, LowerFence = 30.096 us, UpperFence = 33.539 us
ConfidenceInterval = [31.302 us; 32.564 us] (CI 99.9%), Margin = 0.631 us (1.98% of Mean)
Skewness = 1.27, Kurtosis = 2.98, MValue = 2

// ** Remained 12 (85.7 %) benchmark(s) to run. Estimated finish 2026-09-22 4:28 (0h 2m from now) **
// **************************
// Benchmark: PairHandleBenchmarks.Advance: Job-TZECNT(IterationCount=16, IterationTime=200ms, WarmupCount=8) [Shape=PairOne]
// *** Execute ***
// Launch: 1 / 1
// Execute: dotnet PairHandles-Job-TZECNT-1.dll --anonymousPipes 118 119 --benchmarkName "PairHandles.PairHandleBenchmarks.Advance(Shape: PairOne)" --job "IterationCount=16, IterationTime=200ms, WarmupCount=8" --benchmarkId 1 in /home/i/GitHub/tl-ab352-base/benchmarks/PairHandles/bin/Release/net10.0/PairHandles-Job-TZECNT-1/bin/Release/net10.0
// Failed to set up high priority (Permission denied). In order to run benchmarks with high priority, make sure you have the right permissions.
// BeforeAnythingElse

// Benchmark Process Environment Information:
// BenchmarkDotNet v0.15.8
// Runtime=.NET 10.0.12 (10.0.12, 10.0.1226.42308), X64 RyuJIT x86-64-v3
// GC=Concurrent Workstation
// HardwareIntrinsics=AVX2+BMI1+BMI2+F16C+FMA+LZCNT+MOVBE,AVX,SSE3+SSSE3+SSE4.1+SSE4.2+POPCNT,X86Base+SSE+SSE2,AES+PCLMUL,AvxVnni,SERIALIZE VectorSize=256
// Job: Job-TZECNT(IterationCount=16, IterationTime=200ms, WarmupCount=8)

OverheadJitting  1: 1 op, 81918.00 ns, 81.9180 us/op
WorkloadJitting  1: 1 op, 10652810.00 ns, 10.6528 ms/op

OverheadJitting  2: 16 op, 138668.00 ns, 8.6668 us/op
WorkloadJitting  2: 16 op, 639181.00 ns, 39.9488 us/op

WorkloadPilot    1: 16 op, 530262.00 ns, 33.1414 us/op
WorkloadPilot    2: 6048 op, 195164127.00 ns, 32.2692 us/op
WorkloadPilot    3: 6208 op, 213724587.00 ns, 34.4273 us/op
WorkloadPilot    4: 5824 op, 199061454.00 ns, 34.1795 us/op
WorkloadPilot    5: 5856 op, 200739639.00 ns, 34.2793 us/op
WorkloadPilot    6: 5840 op, 184622756.00 ns, 31.6135 us/op
WorkloadPilot    7: 6336 op, 198515350.00 ns, 31.3313 us/op
WorkloadPilot    8: 6384 op, 199528795.00 ns, 31.2545 us/op
WorkloadPilot    9: 6400 op, 198975954.00 ns, 31.0900 us/op
WorkloadPilot   10: 6448 op, 201014086.00 ns, 31.1746 us/op

OverheadWarmup   1: 6448 op, 12827.00 ns, 1.9893 ns/op
OverheadWarmup   2: 6448 op, 11399.00 ns, 1.7678 ns/op
OverheadWarmup   3: 6448 op, 11417.00 ns, 1.7706 ns/op
OverheadWarmup   4: 6448 op, 11426.00 ns, 1.7720 ns/op
OverheadWarmup   5: 6448 op, 10661.00 ns, 1.6534 ns/op
OverheadWarmup   6: 6448 op, 10607.00 ns, 1.6450 ns/op
OverheadWarmup   7: 6448 op, 10608.00 ns, 1.6452 ns/op
OverheadWarmup   8: 6448 op, 10603.00 ns, 1.6444 ns/op

OverheadActual   1: 6448 op, 10324.00 ns, 1.6011 ns/op
OverheadActual   2: 6448 op, 10879.00 ns, 1.6872 ns/op
OverheadActual   3: 6448 op, 11126.00 ns, 1.7255 ns/op
OverheadActual   4: 6448 op, 10707.00 ns, 1.6605 ns/op
OverheadActual   5: 6448 op, 10771.00 ns, 1.6704 ns/op
OverheadActual   6: 6448 op, 10653.00 ns, 1.6521 ns/op
OverheadActual   7: 6448 op, 10628.00 ns, 1.6483 ns/op
OverheadActual   8: 6448 op, 10637.00 ns, 1.6497 ns/op
OverheadActual   9: 6448 op, 10630.00 ns, 1.6486 ns/op
OverheadActual  10: 6448 op, 10665.00 ns, 1.6540 ns/op
OverheadActual  11: 6448 op, 10646.00 ns, 1.6511 ns/op
OverheadActual  12: 6448 op, 10655.00 ns, 1.6525 ns/op
OverheadActual  13: 6448 op, 10739.00 ns, 1.6655 ns/op
OverheadActual  14: 6448 op, 10665.00 ns, 1.6540 ns/op
OverheadActual  15: 6448 op, 10653.00 ns, 1.6521 ns/op

WorkloadWarmup   1: 6448 op, 201756173.00 ns, 31.2897 us/op
WorkloadWarmup   2: 6448 op, 201853138.00 ns, 31.3048 us/op
WorkloadWarmup   3: 6448 op, 201030844.00 ns, 31.1772 us/op
WorkloadWarmup   4: 6448 op, 223054850.00 ns, 34.5929 us/op
WorkloadWarmup   5: 6448 op, 223032354.00 ns, 34.5894 us/op
WorkloadWarmup   6: 6448 op, 223630988.00 ns, 34.6822 us/op
WorkloadWarmup   7: 6448 op, 220192387.00 ns, 34.1489 us/op
WorkloadWarmup   8: 6448 op, 203841701.00 ns, 31.6132 us/op

// BeforeActualRun
WorkloadActual   1: 6448 op, 200051333.00 ns, 31.0253 us/op
WorkloadActual   2: 6448 op, 201104165.00 ns, 31.1886 us/op
WorkloadActual   3: 6448 op, 201900443.00 ns, 31.3121 us/op
WorkloadActual   4: 6448 op, 201072603.00 ns, 31.1837 us/op
WorkloadActual   5: 6448 op, 199199360.00 ns, 30.8932 us/op
WorkloadActual   6: 6448 op, 200274817.00 ns, 31.0600 us/op
WorkloadActual   7: 6448 op, 200957554.00 ns, 31.1659 us/op
WorkloadActual   8: 6448 op, 200340714.00 ns, 31.0702 us/op
WorkloadActual   9: 6448 op, 200991090.00 ns, 31.1711 us/op
WorkloadActual  10: 6448 op, 200353084.00 ns, 31.0721 us/op
WorkloadActual  11: 6448 op, 200940608.00 ns, 31.1632 us/op
WorkloadActual  12: 6448 op, 200783985.00 ns, 31.1390 us/op
WorkloadActual  13: 6448 op, 200978071.00 ns, 31.1691 us/op
WorkloadActual  14: 6448 op, 201230699.00 ns, 31.2082 us/op
WorkloadActual  15: 6448 op, 201505846.00 ns, 31.2509 us/op
WorkloadActual  16: 6448 op, 200373526.00 ns, 31.0753 us/op

// AfterActualRun
WorkloadResult   1: 6448 op, 200040678.00 ns, 31.0237 us/op
WorkloadResult   2: 6448 op, 201093510.00 ns, 31.1870 us/op
WorkloadResult   3: 6448 op, 201889788.00 ns, 31.3105 us/op
WorkloadResult   4: 6448 op, 201061948.00 ns, 31.1821 us/op
WorkloadResult   5: 6448 op, 199188705.00 ns, 30.8915 us/op
WorkloadResult   6: 6448 op, 200264162.00 ns, 31.0583 us/op
WorkloadResult   7: 6448 op, 200946899.00 ns, 31.1642 us/op
WorkloadResult   8: 6448 op, 200330059.00 ns, 31.0686 us/op
WorkloadResult   9: 6448 op, 200980435.00 ns, 31.1694 us/op
WorkloadResult  10: 6448 op, 200342429.00 ns, 31.0705 us/op
WorkloadResult  11: 6448 op, 200929953.00 ns, 31.1616 us/op
WorkloadResult  12: 6448 op, 200773330.00 ns, 31.1373 us/op
WorkloadResult  13: 6448 op, 200967416.00 ns, 31.1674 us/op
WorkloadResult  14: 6448 op, 201220044.00 ns, 31.2066 us/op
WorkloadResult  15: 6448 op, 201495191.00 ns, 31.2493 us/op
WorkloadResult  16: 6448 op, 200362871.00 ns, 31.0736 us/op
// GC:  0 0 0 0 6448
// Threading:  0 0 6448

// AfterAll
// Benchmark Process 138804 has exited with code 0.

Mean = 31.133 us, StdErr = 0.025 us (0.08%), N = 16, StdDev = 0.099 us
Min = 30.892 us, Q1 = 31.070 us, Median = 31.163 us, Q3 = 31.183 us, Max = 31.310 us
IQR = 0.113 us, LowerFence = 30.900 us, UpperFence = 31.353 us
ConfidenceInterval = [31.032 us; 31.234 us] (CI 99.9%), Margin = 0.101 us (0.32% of Mean)
Skewness = -0.54, Kurtosis = 3.12, MValue = 2

// ** Remained 11 (78.6 %) benchmark(s) to run. Estimated finish 2026-09-22 4:28 (0h 2m from now) **
// **************************
// Benchmark: PairHandleBenchmarks.Advance: InProcess(Toolchain=InProcessEmitToolchain) [Shape=PairOne]
// *** Execute ***
// Launch: 1 / 1
// ! Failed to set up priority High for process System.Diagnostics.Process (PairHandles). Make sure you have the right permissions. Message: Permission denied

// Benchmark Process Environment Information:
// BenchmarkDotNet v0.15.8
// Runtime=.NET 10.0.12 (10.0.12, 10.0.1226.42308), X64 RyuJIT x86-64-v3
// GC=Concurrent Workstation
// HardwareIntrinsics=AVX2+BMI1+BMI2+F16C+FMA+LZCNT+MOVBE,AVX,SSE3+SSSE3+SSE4.1+SSE4.2+POPCNT,X86Base+SSE+SSE2,AES+PCLMUL,AvxVnni,SERIALIZE VectorSize=256
// Job: Job-JWQWGO(Toolchain=InProcessEmitToolchain)

OverheadJitting  1: 1 op, 96162.00 ns, 96.1620 us/op
WorkloadJitting  1: 1 op, 131741.00 ns, 131.7410 us/op

OverheadJitting  2: 16 op, 129868.00 ns, 8.1168 us/op
WorkloadJitting  2: 16 op, 711754.00 ns, 44.4846 us/op

WorkloadPilot    1: 16 op, 592302.00 ns, 37.0189 us/op
WorkloadPilot    2: 32 op, 1172933.00 ns, 36.6542 us/op
WorkloadPilot    3: 64 op, 2342186.00 ns, 36.5967 us/op
WorkloadPilot    4: 128 op, 4700945.00 ns, 36.7261 us/op
WorkloadPilot    5: 256 op, 9013677.00 ns, 35.2097 us/op
WorkloadPilot    6: 512 op, 17620749.00 ns, 34.4155 us/op
WorkloadPilot    7: 1024 op, 35273068.00 ns, 34.4464 us/op
WorkloadPilot    8: 2048 op, 70370672.00 ns, 34.3607 us/op
WorkloadPilot    9: 4096 op, 127379040.00 ns, 31.0984 us/op
WorkloadPilot   10: 8192 op, 236575779.00 ns, 28.8789 us/op
WorkloadPilot   11: 16384 op, 473109866.00 ns, 28.8763 us/op
WorkloadPilot   12: 32768 op, 1084375427.00 ns, 33.0925 us/op

OverheadWarmup   1: 32768 op, 41771.00 ns, 1.2747 ns/op
OverheadWarmup   2: 32768 op, 40162.00 ns, 1.2256 ns/op
OverheadWarmup   3: 32768 op, 40192.00 ns, 1.2266 ns/op
OverheadWarmup   4: 32768 op, 39946.00 ns, 1.2191 ns/op
OverheadWarmup   5: 32768 op, 39981.00 ns, 1.2201 ns/op
OverheadWarmup   6: 32768 op, 42292.00 ns, 1.2906 ns/op
OverheadWarmup   7: 32768 op, 42294.00 ns, 1.2907 ns/op
OverheadWarmup   8: 32768 op, 39983.00 ns, 1.2202 ns/op

OverheadActual   1: 32768 op, 40926.00 ns, 1.2490 ns/op
OverheadActual   2: 32768 op, 42021.00 ns, 1.2824 ns/op
OverheadActual   3: 32768 op, 44678.00 ns, 1.3635 ns/op
OverheadActual   4: 32768 op, 42056.00 ns, 1.2834 ns/op
OverheadActual   5: 32768 op, 42052.00 ns, 1.2833 ns/op
OverheadActual   6: 32768 op, 42060.00 ns, 1.2836 ns/op
OverheadActual   7: 32768 op, 44313.00 ns, 1.3523 ns/op
OverheadActual   8: 32768 op, 42071.00 ns, 1.2839 ns/op
OverheadActual   9: 32768 op, 42053.00 ns, 1.2834 ns/op
OverheadActual  10: 32768 op, 42083.00 ns, 1.2843 ns/op
OverheadActual  11: 32768 op, 42063.00 ns, 1.2837 ns/op
OverheadActual  12: 32768 op, 42057.00 ns, 1.2835 ns/op
OverheadActual  13: 32768 op, 42058.00 ns, 1.2835 ns/op
OverheadActual  14: 32768 op, 42072.00 ns, 1.2839 ns/op
OverheadActual  15: 32768 op, 42063.00 ns, 1.2837 ns/op

WorkloadWarmup   1: 32768 op, 1054363813.00 ns, 32.1766 us/op
WorkloadWarmup   2: 32768 op, 932054463.00 ns, 28.4440 us/op
WorkloadWarmup   3: 32768 op, 1049694310.00 ns, 32.0341 us/op
WorkloadWarmup   4: 32768 op, 985455325.00 ns, 30.0737 us/op
WorkloadWarmup   5: 32768 op, 980295696.00 ns, 29.9163 us/op
WorkloadWarmup   6: 32768 op, 935616961.00 ns, 28.5528 us/op
WorkloadWarmup   7: 32768 op, 1029379304.00 ns, 31.4142 us/op
WorkloadWarmup   8: 32768 op, 1021080753.00 ns, 31.1609 us/op

WorkloadActual   1: 32768 op, 965461942.00 ns, 29.4636 us/op
WorkloadActual   2: 32768 op, 968322644.00 ns, 29.5509 us/op
WorkloadActual   3: 32768 op, 1018158480.00 ns, 31.0717 us/op
WorkloadActual   4: 32768 op, 1038615460.00 ns, 31.6960 us/op
WorkloadActual   5: 32768 op, 965815715.00 ns, 29.4744 us/op
WorkloadActual   6: 32768 op, 1037491128.00 ns, 31.6617 us/op
WorkloadActual   7: 32768 op, 959063915.00 ns, 29.2683 us/op
WorkloadActual   8: 32768 op, 952854835.00 ns, 29.0788 us/op
WorkloadActual   9: 32768 op, 1065663089.00 ns, 32.5215 us/op
WorkloadActual  10: 32768 op, 1007057975.00 ns, 30.7330 us/op
WorkloadActual  11: 32768 op, 998785407.00 ns, 30.4805 us/op
WorkloadActual  12: 32768 op, 935312791.00 ns, 28.5435 us/op
WorkloadActual  13: 32768 op, 937015706.00 ns, 28.5955 us/op
WorkloadActual  14: 32768 op, 936478727.00 ns, 28.5791 us/op
WorkloadActual  15: 32768 op, 979438858.00 ns, 29.8901 us/op
WorkloadActual  16: 32768 op, 956048728.00 ns, 29.1763 us/op
WorkloadActual  17: 32768 op, 957540727.00 ns, 29.2218 us/op
WorkloadActual  18: 32768 op, 940324506.00 ns, 28.6964 us/op
WorkloadActual  19: 32768 op, 959664043.00 ns, 29.2866 us/op
WorkloadActual  20: 32768 op, 951522623.00 ns, 29.0382 us/op
WorkloadActual  21: 32768 op, 946167350.00 ns, 28.8747 us/op
WorkloadActual  22: 32768 op, 947734135.00 ns, 28.9226 us/op
WorkloadActual  23: 32768 op, 956899194.00 ns, 29.2022 us/op
WorkloadActual  24: 32768 op, 947168259.00 ns, 28.9053 us/op
WorkloadActual  25: 32768 op, 942788389.00 ns, 28.7716 us/op

WorkloadResult   1: 32768 op, 965419882.00 ns, 29.4623 us/op
WorkloadResult   2: 32768 op, 968280584.00 ns, 29.5496 us/op
WorkloadResult   3: 32768 op, 1018116420.00 ns, 31.0704 us/op
WorkloadResult   4: 32768 op, 965773655.00 ns, 29.4731 us/op
WorkloadResult   5: 32768 op, 959021855.00 ns, 29.2670 us/op
WorkloadResult   6: 32768 op, 952812775.00 ns, 29.0775 us/op
WorkloadResult   7: 32768 op, 1007015915.00 ns, 30.7317 us/op
WorkloadResult   8: 32768 op, 998743347.00 ns, 30.4792 us/op
WorkloadResult   9: 32768 op, 935270731.00 ns, 28.5422 us/op
WorkloadResult  10: 32768 op, 936973646.00 ns, 28.5942 us/op
WorkloadResult  11: 32768 op, 936436667.00 ns, 28.5778 us/op
WorkloadResult  12: 32768 op, 979396798.00 ns, 29.8888 us/op
WorkloadResult  13: 32768 op, 956006668.00 ns, 29.1750 us/op
WorkloadResult  14: 32768 op, 957498667.00 ns, 29.2205 us/op
WorkloadResult  15: 32768 op, 940282446.00 ns, 28.6951 us/op
WorkloadResult  16: 32768 op, 959621983.00 ns, 29.2853 us/op
WorkloadResult  17: 32768 op, 951480563.00 ns, 29.0369 us/op
WorkloadResult  18: 32768 op, 946125290.00 ns, 28.8735 us/op
WorkloadResult  19: 32768 op, 947692075.00 ns, 28.9213 us/op
WorkloadResult  20: 32768 op, 956857134.00 ns, 29.2010 us/op
WorkloadResult  21: 32768 op, 947126199.00 ns, 28.9040 us/op
WorkloadResult  22: 32768 op, 942746329.00 ns, 28.7703 us/op
// GC:  0 0 0 4656 32768
// Threading:  0 0 32768


Mean = 29.309 us, StdErr = 0.146 us (0.50%), N = 22, StdDev = 0.687 us
Min = 28.542 us, Q1 = 28.881 us, Median = 29.188 us, Q3 = 29.470 us, Max = 31.070 us
IQR = 0.589 us, LowerFence = 27.997 us, UpperFence = 30.354 us
ConfidenceInterval = [28.749 us; 29.868 us] (CI 99.9%), Margin = 0.559 us (1.91% of Mean)
Skewness = 1.17, Kurtosis = 3.45, MValue = 2

// ** Remained 10 (71.4 %) benchmark(s) to run. Estimated finish 2026-09-22 4:29 (0h 2m from now) **
// **************************
// Benchmark: PairHandleBenchmarks.Advance: Job-TZECNT(IterationCount=16, IterationTime=200ms, WarmupCount=8) [Shape=PairRuns8]
// *** Execute ***
// Launch: 1 / 1
// Execute: dotnet PairHandles-Job-TZECNT-1.dll --anonymousPipes 118 119 --benchmarkName "PairHandles.PairHandleBenchmarks.Advance(Shape: PairRuns8)" --job "IterationCount=16, IterationTime=200ms, WarmupCount=8" --benchmarkId 2 in /home/i/GitHub/tl-ab352-base/benchmarks/PairHandles/bin/Release/net10.0/PairHandles-Job-TZECNT-1/bin/Release/net10.0
// Failed to set up high priority (Permission denied). In order to run benchmarks with high priority, make sure you have the right permissions.
// BeforeAnythingElse

// Benchmark Process Environment Information:
// BenchmarkDotNet v0.15.8
// Runtime=.NET 10.0.12 (10.0.12, 10.0.1226.42308), X64 RyuJIT x86-64-v3
// GC=Concurrent Workstation
// HardwareIntrinsics=AVX2+BMI1+BMI2+F16C+FMA+LZCNT+MOVBE,AVX,SSE3+SSSE3+SSE4.1+SSE4.2+POPCNT,X86Base+SSE+SSE2,AES+PCLMUL,AvxVnni,SERIALIZE VectorSize=256
// Job: Job-TZECNT(IterationCount=16, IterationTime=200ms, WarmupCount=8)

OverheadJitting  1: 1 op, 80748.00 ns, 80.7480 us/op
WorkloadJitting  1: 1 op, 15628963.00 ns, 15.6290 ms/op

WorkloadPilot    1: 4 op, 1065668.00 ns, 266.4170 us/op
WorkloadPilot    2: 751 op, 29180717.00 ns, 38.8558 us/op
WorkloadPilot    3: 5147 op, 193925343.00 ns, 37.6774 us/op
WorkloadPilot    4: 5308 op, 197254782.00 ns, 37.1618 us/op
WorkloadPilot    5: 5382 op, 197439611.00 ns, 36.6852 us/op
WorkloadPilot    6: 5452 op, 198468946.00 ns, 36.4030 us/op
WorkloadPilot    7: 5494 op, 204798278.00 ns, 37.2767 us/op
WorkloadPilot    8: 5365 op, 198971129.00 ns, 37.0869 us/op
WorkloadPilot    9: 5393 op, 203264131.00 ns, 37.6904 us/op
WorkloadPilot   10: 5306 op, 198848935.00 ns, 37.4762 us/op
WorkloadPilot   11: 5337 op, 195814765.00 ns, 36.6900 us/op
WorkloadPilot   12: 5451 op, 208248643.00 ns, 38.2038 us/op

WorkloadWarmup   1: 5451 op, 208536124.00 ns, 38.2565 us/op
WorkloadWarmup   2: 5451 op, 206327790.00 ns, 37.8514 us/op
WorkloadWarmup   3: 5451 op, 204709306.00 ns, 37.5544 us/op
WorkloadWarmup   4: 5451 op, 200978589.00 ns, 36.8700 us/op
WorkloadWarmup   5: 5451 op, 201706304.00 ns, 37.0035 us/op
WorkloadWarmup   6: 5451 op, 220668128.00 ns, 40.4821 us/op
WorkloadWarmup   7: 5451 op, 206493601.00 ns, 37.8818 us/op
WorkloadWarmup   8: 5451 op, 208575614.00 ns, 38.2637 us/op

// BeforeActualRun
WorkloadActual   1: 5451 op, 208745176.00 ns, 38.2948 us/op
WorkloadActual   2: 5451 op, 205768024.00 ns, 37.7487 us/op
WorkloadActual   3: 5451 op, 205995457.00 ns, 37.7904 us/op
WorkloadActual   4: 5451 op, 210111704.00 ns, 38.5455 us/op
WorkloadActual   5: 5451 op, 208024469.00 ns, 38.1626 us/op
WorkloadActual   6: 5451 op, 208183589.00 ns, 38.1918 us/op
WorkloadActual   7: 5451 op, 202594340.00 ns, 37.1665 us/op
WorkloadActual   8: 5451 op, 204653135.00 ns, 37.5441 us/op
WorkloadActual   9: 5451 op, 199830743.00 ns, 36.6595 us/op
WorkloadActual  10: 5451 op, 204973111.00 ns, 37.6028 us/op
WorkloadActual  11: 5451 op, 204755126.00 ns, 37.5629 us/op
WorkloadActual  12: 5451 op, 201879517.00 ns, 37.0353 us/op
WorkloadActual  13: 5451 op, 203986321.00 ns, 37.4218 us/op
WorkloadActual  14: 5451 op, 200594491.00 ns, 36.7996 us/op
WorkloadActual  15: 5451 op, 198889927.00 ns, 36.4869 us/op
WorkloadActual  16: 5451 op, 199819193.00 ns, 36.6573 us/op

// AfterActualRun
WorkloadResult   1: 5451 op, 208745176.00 ns, 38.2948 us/op
WorkloadResult   2: 5451 op, 205768024.00 ns, 37.7487 us/op
WorkloadResult   3: 5451 op, 205995457.00 ns, 37.7904 us/op
WorkloadResult   4: 5451 op, 210111704.00 ns, 38.5455 us/op
WorkloadResult   5: 5451 op, 208024469.00 ns, 38.1626 us/op
WorkloadResult   6: 5451 op, 208183589.00 ns, 38.1918 us/op
WorkloadResult   7: 5451 op, 202594340.00 ns, 37.1665 us/op
WorkloadResult   8: 5451 op, 204653135.00 ns, 37.5441 us/op
WorkloadResult   9: 5451 op, 199830743.00 ns, 36.6595 us/op
WorkloadResult  10: 5451 op, 204973111.00 ns, 37.6028 us/op
WorkloadResult  11: 5451 op, 204755126.00 ns, 37.5629 us/op
WorkloadResult  12: 5451 op, 201879517.00 ns, 37.0353 us/op
WorkloadResult  13: 5451 op, 203986321.00 ns, 37.4218 us/op
WorkloadResult  14: 5451 op, 200594491.00 ns, 36.7996 us/op
WorkloadResult  15: 5451 op, 198889927.00 ns, 36.4869 us/op
WorkloadResult  16: 5451 op, 199819193.00 ns, 36.6573 us/op
// GC:  0 0 0 0 5451
// Threading:  0 0 5451

// AfterAll
// Benchmark Process 138903 has exited with code 0.

Mean = 37.479 us, StdErr = 0.159 us (0.42%), N = 16, StdDev = 0.636 us
Min = 36.487 us, Q1 = 36.976 us, Median = 37.554 us, Q3 = 37.883 us, Max = 38.546 us
IQR = 0.907 us, LowerFence = 35.616 us, UpperFence = 39.244 us
ConfidenceInterval = [36.832 us; 38.127 us] (CI 99.9%), Margin = 0.647 us (1.73% of Mean)
Skewness = -0.01, Kurtosis = 1.67, MValue = 2

// ** Remained 9 (64.3 %) benchmark(s) to run. Estimated finish 2026-09-22 4:29 (0h 2m from now) **
// **************************
// Benchmark: PairHandleBenchmarks.Advance: InProcess(Toolchain=InProcessEmitToolchain) [Shape=PairRuns8]
// *** Execute ***
// Launch: 1 / 1
// ! Failed to set up priority High for process System.Diagnostics.Process (PairHandles). Make sure you have the right permissions. Message: Permission denied

// Benchmark Process Environment Information:
// BenchmarkDotNet v0.15.8
// Runtime=.NET 10.0.12 (10.0.12, 10.0.1226.42308), X64 RyuJIT x86-64-v3
// GC=Concurrent Workstation
// HardwareIntrinsics=AVX2+BMI1+BMI2+F16C+FMA+LZCNT+MOVBE,AVX,SSE3+SSSE3+SSE4.1+SSE4.2+POPCNT,X86Base+SSE+SSE2,AES+PCLMUL,AvxVnni,SERIALIZE VectorSize=256
// Job: Job-JWQWGO(Toolchain=InProcessEmitToolchain)

OverheadJitting  1: 1 op, 149355.00 ns, 149.3550 us/op
WorkloadJitting  1: 1 op, 158870.00 ns, 158.8700 us/op

OverheadJitting  2: 16 op, 113301.00 ns, 7.0813 us/op
WorkloadJitting  2: 16 op, 739868.00 ns, 46.2418 us/op

WorkloadPilot    1: 16 op, 609562.00 ns, 38.0976 us/op
WorkloadPilot    2: 32 op, 1182472.00 ns, 36.9523 us/op
WorkloadPilot    3: 64 op, 2356470.00 ns, 36.8198 us/op
WorkloadPilot    4: 128 op, 4735746.00 ns, 36.9980 us/op
WorkloadPilot    5: 256 op, 9587430.00 ns, 37.4509 us/op
WorkloadPilot    6: 512 op, 19839581.00 ns, 38.7492 us/op
WorkloadPilot    7: 1024 op, 38256072.00 ns, 37.3594 us/op
WorkloadPilot    8: 2048 op, 75423354.00 ns, 36.8278 us/op
WorkloadPilot    9: 4096 op, 149709897.00 ns, 36.5503 us/op
WorkloadPilot   10: 8192 op, 305199036.00 ns, 37.2557 us/op
WorkloadPilot   11: 16384 op, 607515170.00 ns, 37.0798 us/op

OverheadWarmup   1: 16384 op, 24739.00 ns, 1.5099 ns/op
OverheadWarmup   2: 16384 op, 22847.00 ns, 1.3945 ns/op
OverheadWarmup   3: 16384 op, 20229.00 ns, 1.2347 ns/op
OverheadWarmup   4: 16384 op, 20191.00 ns, 1.2324 ns/op
OverheadWarmup   5: 16384 op, 20361.00 ns, 1.2427 ns/op
OverheadWarmup   6: 16384 op, 20372.00 ns, 1.2434 ns/op
OverheadWarmup   7: 16384 op, 20360.00 ns, 1.2427 ns/op
OverheadWarmup   8: 16384 op, 21056.00 ns, 1.2852 ns/op
OverheadWarmup   9: 16384 op, 20358.00 ns, 1.2426 ns/op

OverheadActual   1: 16384 op, 20349.00 ns, 1.2420 ns/op
OverheadActual   2: 16384 op, 20366.00 ns, 1.2430 ns/op
OverheadActual   3: 16384 op, 21080.00 ns, 1.2866 ns/op
OverheadActual   4: 16384 op, 21046.00 ns, 1.2845 ns/op
OverheadActual   5: 16384 op, 21041.00 ns, 1.2842 ns/op
OverheadActual   6: 16384 op, 21069.00 ns, 1.2859 ns/op
OverheadActual   7: 16384 op, 21055.00 ns, 1.2851 ns/op
OverheadActual   8: 16384 op, 21067.00 ns, 1.2858 ns/op
OverheadActual   9: 16384 op, 21062.00 ns, 1.2855 ns/op
OverheadActual  10: 16384 op, 21060.00 ns, 1.2854 ns/op
OverheadActual  11: 16384 op, 21071.00 ns, 1.2861 ns/op
OverheadActual  12: 16384 op, 21100.00 ns, 1.2878 ns/op
OverheadActual  13: 16384 op, 21082.00 ns, 1.2867 ns/op
OverheadActual  14: 16384 op, 23214.00 ns, 1.4169 ns/op
OverheadActual  15: 16384 op, 21067.00 ns, 1.2858 ns/op

WorkloadWarmup   1: 16384 op, 606461625.00 ns, 37.0155 us/op
WorkloadWarmup   2: 16384 op, 593928077.00 ns, 36.2505 us/op
WorkloadWarmup   3: 16384 op, 605364905.00 ns, 36.9485 us/op
WorkloadWarmup   4: 16384 op, 593497156.00 ns, 36.2242 us/op
WorkloadWarmup   5: 16384 op, 594227078.00 ns, 36.2687 us/op
WorkloadWarmup   6: 16384 op, 593554741.00 ns, 36.2277 us/op

WorkloadActual   1: 16384 op, 593853912.00 ns, 36.2460 us/op
WorkloadActual   2: 16384 op, 595572929.00 ns, 36.3509 us/op
WorkloadActual   3: 16384 op, 592413279.00 ns, 36.1580 us/op
WorkloadActual   4: 16384 op, 593716135.00 ns, 36.2376 us/op
WorkloadActual   5: 16384 op, 592998437.00 ns, 36.1938 us/op
WorkloadActual   6: 16384 op, 594299717.00 ns, 36.2732 us/op
WorkloadActual   7: 16384 op, 594735916.00 ns, 36.2998 us/op
WorkloadActual   8: 16384 op, 593739259.00 ns, 36.2390 us/op
WorkloadActual   9: 16384 op, 594819364.00 ns, 36.3049 us/op
WorkloadActual  10: 16384 op, 594060594.00 ns, 36.2586 us/op
WorkloadActual  11: 16384 op, 609879861.00 ns, 37.2241 us/op
WorkloadActual  12: 16384 op, 594323198.00 ns, 36.2746 us/op
WorkloadActual  13: 16384 op, 593003966.00 ns, 36.1941 us/op
WorkloadActual  14: 16384 op, 593724632.00 ns, 36.2381 us/op
WorkloadActual  15: 16384 op, 593915606.00 ns, 36.2497 us/op

WorkloadResult   1: 16384 op, 593832845.00 ns, 36.2447 us/op
WorkloadResult   2: 16384 op, 595551862.00 ns, 36.3496 us/op
WorkloadResult   3: 16384 op, 592392212.00 ns, 36.1568 us/op
WorkloadResult   4: 16384 op, 593695068.00 ns, 36.2363 us/op
WorkloadResult   5: 16384 op, 592977370.00 ns, 36.1925 us/op
WorkloadResult   6: 16384 op, 594278650.00 ns, 36.2719 us/op
WorkloadResult   7: 16384 op, 594714849.00 ns, 36.2985 us/op
WorkloadResult   8: 16384 op, 593718192.00 ns, 36.2377 us/op
WorkloadResult   9: 16384 op, 594798297.00 ns, 36.3036 us/op
WorkloadResult  10: 16384 op, 594039527.00 ns, 36.2573 us/op
WorkloadResult  11: 16384 op, 594302131.00 ns, 36.2733 us/op
WorkloadResult  12: 16384 op, 592982899.00 ns, 36.1928 us/op
WorkloadResult  13: 16384 op, 593703565.00 ns, 36.2368 us/op
WorkloadResult  14: 16384 op, 593894539.00 ns, 36.2484 us/op
// GC:  0 0 0 4656 16384
// Threading:  0 0 16384


Mean = 36.250 us, StdErr = 0.013 us (0.04%), N = 14, StdDev = 0.050 us
Min = 36.157 us, Q1 = 36.236 us, Median = 36.247 us, Q3 = 36.273 us, Max = 36.350 us
IQR = 0.037 us, LowerFence = 36.182 us, UpperFence = 36.328 us
ConfidenceInterval = [36.194 us; 36.306 us] (CI 99.9%), Margin = 0.056 us (0.15% of Mean)
Skewness = 0.05, Kurtosis = 2.47, MValue = 2

// ** Remained 8 (57.1 %) benchmark(s) to run. Estimated finish 2026-09-22 4:29 (0h 2m from now) **
// **************************
// Benchmark: PairHandleBenchmarks.Advance: Job-TZECNT(IterationCount=16, IterationTime=200ms, WarmupCount=8) [Shape=PairAlternating8]
// *** Execute ***
// Launch: 1 / 1
// Execute: dotnet PairHandles-Job-TZECNT-1.dll --anonymousPipes 118 119 --benchmarkName "PairHandles.PairHandleBenchmarks.Advance(Shape: PairAlternating8)" --job "IterationCount=16, IterationTime=200ms, WarmupCount=8" --benchmarkId 3 in /home/i/GitHub/tl-ab352-base/benchmarks/PairHandles/bin/Release/net10.0/PairHandles-Job-TZECNT-1/bin/Release/net10.0
// Failed to set up high priority (Permission denied). In order to run benchmarks with high priority, make sure you have the right permissions.
// BeforeAnythingElse

// Benchmark Process Environment Information:
// BenchmarkDotNet v0.15.8
// Runtime=.NET 10.0.12 (10.0.12, 10.0.1226.42308), X64 RyuJIT x86-64-v3
// GC=Concurrent Workstation
// HardwareIntrinsics=AVX2+BMI1+BMI2+F16C+FMA+LZCNT+MOVBE,AVX,SSE3+SSSE3+SSE4.1+SSE4.2+POPCNT,X86Base+SSE+SSE2,AES+PCLMUL,AvxVnni,SERIALIZE VectorSize=256
// Job: Job-TZECNT(IterationCount=16, IterationTime=200ms, WarmupCount=8)

OverheadJitting  1: 1 op, 76797.00 ns, 76.7970 us/op
WorkloadJitting  1: 1 op, 13402306.00 ns, 13.4023 ms/op

WorkloadPilot    1: 4 op, 310604.00 ns, 77.6510 us/op
WorkloadPilot    2: 2576 op, 182549449.00 ns, 70.8655 us/op
WorkloadPilot    3: 2822 op, 197899915.00 ns, 70.1275 us/op
WorkloadPilot    4: 2852 op, 198029088.00 ns, 69.4352 us/op
WorkloadPilot    5: 2880 op, 203909837.00 ns, 70.8020 us/op
WorkloadPilot    6: 2825 op, 199178117.00 ns, 70.5055 us/op
WorkloadPilot    7: 2837 op, 198317034.00 ns, 69.9038 us/op
WorkloadPilot    8: 2861 op, 198720966.00 ns, 69.4586 us/op
WorkloadPilot    9: 2879 op, 194350377.00 ns, 67.5062 us/op
WorkloadPilot   10: 2963 op, 205148469.00 ns, 69.2367 us/op
WorkloadPilot   11: 2889 op, 199348809.00 ns, 69.0027 us/op
WorkloadPilot   12: 2898 op, 202535820.00 ns, 69.8881 us/op

WorkloadWarmup   1: 2898 op, 201773612.00 ns, 69.6251 us/op
WorkloadWarmup   2: 2898 op, 193196675.00 ns, 66.6655 us/op
WorkloadWarmup   3: 2898 op, 192283687.00 ns, 66.3505 us/op
WorkloadWarmup   4: 2898 op, 189976563.00 ns, 65.5544 us/op
WorkloadWarmup   5: 2898 op, 202812792.00 ns, 69.9837 us/op
WorkloadWarmup   6: 2898 op, 201826651.00 ns, 69.6434 us/op
WorkloadWarmup   7: 2898 op, 205242328.00 ns, 70.8221 us/op
WorkloadWarmup   8: 2898 op, 203195145.00 ns, 70.1156 us/op

// BeforeActualRun
WorkloadActual   1: 2898 op, 200749624.00 ns, 69.2718 us/op
WorkloadActual   2: 2898 op, 194994458.00 ns, 67.2859 us/op
WorkloadActual   3: 2898 op, 196038114.00 ns, 67.6460 us/op
WorkloadActual   4: 2898 op, 191810721.00 ns, 66.1873 us/op
WorkloadActual   5: 2898 op, 192347119.00 ns, 66.3724 us/op
WorkloadActual   6: 2898 op, 189718405.00 ns, 65.4653 us/op
WorkloadActual   7: 2898 op, 187677297.00 ns, 64.7610 us/op
WorkloadActual   8: 2898 op, 193575853.00 ns, 66.7964 us/op
WorkloadActual   9: 2898 op, 200889224.00 ns, 69.3200 us/op
WorkloadActual  10: 2898 op, 203137918.00 ns, 70.0959 us/op
WorkloadActual  11: 2898 op, 192520894.00 ns, 66.4323 us/op
WorkloadActual  12: 2898 op, 187416058.00 ns, 64.6708 us/op
WorkloadActual  13: 2898 op, 190466493.00 ns, 65.7234 us/op
WorkloadActual  14: 2898 op, 192195766.00 ns, 66.3201 us/op
WorkloadActual  15: 2898 op, 192658916.00 ns, 66.4800 us/op
WorkloadActual  16: 2898 op, 187455663.00 ns, 64.6845 us/op

// AfterActualRun
WorkloadResult   1: 2898 op, 200749624.00 ns, 69.2718 us/op
WorkloadResult   2: 2898 op, 194994458.00 ns, 67.2859 us/op
WorkloadResult   3: 2898 op, 196038114.00 ns, 67.6460 us/op
WorkloadResult   4: 2898 op, 191810721.00 ns, 66.1873 us/op
WorkloadResult   5: 2898 op, 192347119.00 ns, 66.3724 us/op
WorkloadResult   6: 2898 op, 189718405.00 ns, 65.4653 us/op
WorkloadResult   7: 2898 op, 187677297.00 ns, 64.7610 us/op
WorkloadResult   8: 2898 op, 193575853.00 ns, 66.7964 us/op
WorkloadResult   9: 2898 op, 200889224.00 ns, 69.3200 us/op
WorkloadResult  10: 2898 op, 192520894.00 ns, 66.4323 us/op
WorkloadResult  11: 2898 op, 187416058.00 ns, 64.6708 us/op
WorkloadResult  12: 2898 op, 190466493.00 ns, 65.7234 us/op
WorkloadResult  13: 2898 op, 192195766.00 ns, 66.3201 us/op
WorkloadResult  14: 2898 op, 192658916.00 ns, 66.4800 us/op
WorkloadResult  15: 2898 op, 187455663.00 ns, 64.6845 us/op
// GC:  0 0 0 0 2898
// Threading:  0 0 2898

// AfterAll
// Benchmark Process 138965 has exited with code 0.

Mean = 66.494 us, StdErr = 0.373 us (0.56%), N = 15, StdDev = 1.443 us
Min = 64.671 us, Q1 = 65.594 us, Median = 66.372 us, Q3 = 67.041 us, Max = 69.320 us
IQR = 1.447 us, LowerFence = 63.424 us, UpperFence = 69.211 us
ConfidenceInterval = [64.952 us; 68.037 us] (CI 99.9%), Margin = 1.542 us (2.32% of Mean)
Skewness = 0.6, Kurtosis = 2.43, MValue = 2

// ** Remained 7 (50.0 %) benchmark(s) to run. Estimated finish 2026-09-22 4:28 (0h 1m from now) **
// **************************
// Benchmark: PairHandleBenchmarks.Advance: InProcess(Toolchain=InProcessEmitToolchain) [Shape=PairAlternating8]
// *** Execute ***
// Launch: 1 / 1
// ! Failed to set up priority High for process System.Diagnostics.Process (PairHandles). Make sure you have the right permissions. Message: Permission denied

// Benchmark Process Environment Information:
// BenchmarkDotNet v0.15.8
// Runtime=.NET 10.0.12 (10.0.12, 10.0.1226.42308), X64 RyuJIT x86-64-v3
// GC=Concurrent Workstation
// HardwareIntrinsics=AVX2+BMI1+BMI2+F16C+FMA+LZCNT+MOVBE,AVX,SSE3+SSSE3+SSE4.1+SSE4.2+POPCNT,X86Base+SSE+SSE2,AES+PCLMUL,AvxVnni,SERIALIZE VectorSize=256
// Job: Job-JWQWGO(Toolchain=InProcessEmitToolchain)

OverheadJitting  1: 1 op, 97706.00 ns, 97.7060 us/op
WorkloadJitting  1: 1 op, 174492.00 ns, 174.4920 us/op

OverheadJitting  2: 16 op, 106328.00 ns, 6.6455 us/op
WorkloadJitting  2: 16 op, 1242450.00 ns, 77.6531 us/op

WorkloadPilot    1: 16 op, 1136416.00 ns, 71.0260 us/op
WorkloadPilot    2: 32 op, 2262245.00 ns, 70.6952 us/op
WorkloadPilot    3: 64 op, 4529737.00 ns, 70.7771 us/op
WorkloadPilot    4: 128 op, 8992429.00 ns, 70.2534 us/op
WorkloadPilot    5: 256 op, 17874986.00 ns, 69.8242 us/op
WorkloadPilot    6: 512 op, 34137237.00 ns, 66.6743 us/op
WorkloadPilot    7: 1024 op, 67700511.00 ns, 66.1138 us/op
WorkloadPilot    8: 2048 op, 134083379.00 ns, 65.4704 us/op
WorkloadPilot    9: 4096 op, 272934129.00 ns, 66.6343 us/op
WorkloadPilot   10: 8192 op, 536426211.00 ns, 65.4817 us/op

OverheadWarmup   1: 8192 op, 11940.00 ns, 1.4575 ns/op
OverheadWarmup   2: 8192 op, 10203.00 ns, 1.2455 ns/op
OverheadWarmup   3: 8192 op, 10219.00 ns, 1.2474 ns/op
OverheadWarmup   4: 8192 op, 10402.00 ns, 1.2698 ns/op
OverheadWarmup   5: 8192 op, 10429.00 ns, 1.2731 ns/op
OverheadWarmup   6: 8192 op, 10196.00 ns, 1.2446 ns/op
OverheadWarmup   7: 8192 op, 10182.00 ns, 1.2429 ns/op
OverheadWarmup   8: 8192 op, 10179.00 ns, 1.2426 ns/op
OverheadWarmup   9: 8192 op, 10198.00 ns, 1.2449 ns/op
OverheadWarmup  10: 8192 op, 10211.00 ns, 1.2465 ns/op

OverheadActual   1: 8192 op, 10241.00 ns, 1.2501 ns/op
OverheadActual   2: 8192 op, 10187.00 ns, 1.2435 ns/op
OverheadActual   3: 8192 op, 10213.00 ns, 1.2467 ns/op
OverheadActual   4: 8192 op, 10220.00 ns, 1.2476 ns/op
OverheadActual   5: 8192 op, 10213.00 ns, 1.2467 ns/op
OverheadActual   6: 8192 op, 10223.00 ns, 1.2479 ns/op
OverheadActual   7: 8192 op, 10231.00 ns, 1.2489 ns/op
OverheadActual   8: 8192 op, 10217.00 ns, 1.2472 ns/op
OverheadActual   9: 8192 op, 10224.00 ns, 1.2480 ns/op
OverheadActual  10: 8192 op, 10194.00 ns, 1.2444 ns/op
OverheadActual  11: 8192 op, 10227.00 ns, 1.2484 ns/op
OverheadActual  12: 8192 op, 10218.00 ns, 1.2473 ns/op
OverheadActual  13: 8192 op, 10223.00 ns, 1.2479 ns/op
OverheadActual  14: 8192 op, 10567.00 ns, 1.2899 ns/op
OverheadActual  15: 8192 op, 10218.00 ns, 1.2473 ns/op

WorkloadWarmup   1: 8192 op, 557540300.00 ns, 68.0591 us/op
WorkloadWarmup   2: 8192 op, 536106698.00 ns, 65.4427 us/op
WorkloadWarmup   3: 8192 op, 541849384.00 ns, 66.1437 us/op
WorkloadWarmup   4: 8192 op, 564984971.00 ns, 68.9679 us/op
WorkloadWarmup   5: 8192 op, 546229528.00 ns, 66.6784 us/op
WorkloadWarmup   6: 8192 op, 562886839.00 ns, 68.7118 us/op
WorkloadWarmup   7: 8192 op, 536873184.00 ns, 65.5363 us/op

WorkloadActual   1: 8192 op, 536986919.00 ns, 65.5502 us/op
WorkloadActual   2: 8192 op, 536684822.00 ns, 65.5133 us/op
WorkloadActual   3: 8192 op, 538690723.00 ns, 65.7581 us/op
WorkloadActual   4: 8192 op, 537692375.00 ns, 65.6363 us/op
WorkloadActual   5: 8192 op, 541545024.00 ns, 66.1066 us/op
WorkloadActual   6: 8192 op, 535361314.00 ns, 65.3517 us/op
WorkloadActual   7: 8192 op, 539831492.00 ns, 65.8974 us/op
WorkloadActual   8: 8192 op, 539847782.00 ns, 65.8994 us/op
WorkloadActual   9: 8192 op, 541912987.00 ns, 66.1515 us/op
WorkloadActual  10: 8192 op, 540664368.00 ns, 65.9991 us/op
WorkloadActual  11: 8192 op, 556038336.00 ns, 67.8758 us/op
WorkloadActual  12: 8192 op, 560592598.00 ns, 68.4317 us/op
WorkloadActual  13: 8192 op, 550917252.00 ns, 67.2506 us/op
WorkloadActual  14: 8192 op, 544884198.00 ns, 66.5142 us/op
WorkloadActual  15: 8192 op, 536442735.00 ns, 65.4837 us/op

WorkloadResult   1: 8192 op, 536976699.00 ns, 65.5489 us/op
WorkloadResult   2: 8192 op, 536674602.00 ns, 65.5120 us/op
WorkloadResult   3: 8192 op, 538680503.00 ns, 65.7569 us/op
WorkloadResult   4: 8192 op, 537682155.00 ns, 65.6350 us/op
WorkloadResult   5: 8192 op, 541534804.00 ns, 66.1053 us/op
WorkloadResult   6: 8192 op, 535351094.00 ns, 65.3505 us/op
WorkloadResult   7: 8192 op, 539821272.00 ns, 65.8962 us/op
WorkloadResult   8: 8192 op, 539837562.00 ns, 65.8981 us/op
WorkloadResult   9: 8192 op, 541902767.00 ns, 66.1502 us/op
WorkloadResult  10: 8192 op, 540654148.00 ns, 65.9978 us/op
WorkloadResult  11: 8192 op, 550907032.00 ns, 67.2494 us/op
WorkloadResult  12: 8192 op, 544873978.00 ns, 66.5129 us/op
WorkloadResult  13: 8192 op, 536432515.00 ns, 65.4825 us/op
// GC:  0 0 0 4656 8192
// Threading:  0 0 8192


Mean = 65.930 us, StdErr = 0.142 us (0.22%), N = 13, StdDev = 0.512 us
Min = 65.350 us, Q1 = 65.549 us, Median = 65.896 us, Q3 = 66.105 us, Max = 67.249 us
IQR = 0.556 us, LowerFence = 64.714 us, UpperFence = 66.940 us
ConfidenceInterval = [65.318 us; 66.543 us] (CI 99.9%), Margin = 0.613 us (0.93% of Mean)
Skewness = 1.19, Kurtosis = 3.77, MValue = 2

// ** Remained 6 (42.9 %) benchmark(s) to run. Estimated finish 2026-09-22 4:28 (0h 1m from now) **
// **************************
// Benchmark: PairHandleBenchmarks.Advance: Job-TZECNT(IterationCount=16, IterationTime=200ms, WarmupCount=8) [Shape=PairRuns8Waves]
// *** Execute ***
// Launch: 1 / 1
// Execute: dotnet PairHandles-Job-TZECNT-1.dll --anonymousPipes 118 119 --benchmarkName "PairHandles.PairHandleBenchmarks.Advance(Shape: PairRuns8Waves)" --job "IterationCount=16, IterationTime=200ms, WarmupCount=8" --benchmarkId 4 in /home/i/GitHub/tl-ab352-base/benchmarks/PairHandles/bin/Release/net10.0/PairHandles-Job-TZECNT-1/bin/Release/net10.0
// Failed to set up high priority (Permission denied). In order to run benchmarks with high priority, make sure you have the right permissions.
// BeforeAnythingElse

// Benchmark Process Environment Information:
// BenchmarkDotNet v0.15.8
// Runtime=.NET 10.0.12 (10.0.12, 10.0.1226.42308), X64 RyuJIT x86-64-v3
// GC=Concurrent Workstation
// HardwareIntrinsics=AVX2+BMI1+BMI2+F16C+FMA+LZCNT+MOVBE,AVX,SSE3+SSSE3+SSE4.1+SSE4.2+POPCNT,X86Base+SSE+SSE2,AES+PCLMUL,AvxVnni,SERIALIZE VectorSize=256
// Job: Job-TZECNT(IterationCount=16, IterationTime=200ms, WarmupCount=8)

OverheadJitting  1: 1 op, 77162.00 ns, 77.1620 us/op
WorkloadJitting  1: 1 op, 14600625.00 ns, 14.6006 ms/op

WorkloadPilot    1: 4 op, 1034993.00 ns, 258.7483 us/op
WorkloadPilot    2: 773 op, 27048519.00 ns, 34.9916 us/op
WorkloadPilot    3: 5716 op, 198223563.00 ns, 34.6787 us/op
WorkloadPilot    4: 5767 op, 204006905.00 ns, 35.3749 us/op
WorkloadPilot    5: 5654 op, 182682746.00 ns, 32.3104 us/op
WorkloadPilot    6: 6190 op, 198057174.00 ns, 31.9963 us/op
WorkloadPilot    7: 6251 op, 199103979.00 ns, 31.8515 us/op
WorkloadPilot    8: 6279 op, 199252834.00 ns, 31.7332 us/op
WorkloadPilot    9: 6303 op, 200268937.00 ns, 31.7736 us/op
WorkloadPilot   10: 6295 op, 201240293.00 ns, 31.9683 us/op

WorkloadWarmup   1: 6295 op, 201751657.00 ns, 32.0495 us/op
WorkloadWarmup   2: 6295 op, 200441956.00 ns, 31.8415 us/op
WorkloadWarmup   3: 6295 op, 198768170.00 ns, 31.5756 us/op
WorkloadWarmup   4: 6295 op, 200841078.00 ns, 31.9049 us/op
WorkloadWarmup   5: 6295 op, 201510514.00 ns, 32.0112 us/op
WorkloadWarmup   6: 6295 op, 207397204.00 ns, 32.9463 us/op
WorkloadWarmup   7: 6295 op, 201594774.00 ns, 32.0246 us/op
WorkloadWarmup   8: 6295 op, 202543797.00 ns, 32.1753 us/op

// BeforeActualRun
WorkloadActual   1: 6295 op, 200905044.00 ns, 31.9150 us/op
WorkloadActual   2: 6295 op, 201629074.00 ns, 32.0300 us/op
WorkloadActual   3: 6295 op, 209591473.00 ns, 33.2949 us/op
WorkloadActual   4: 6295 op, 202507302.00 ns, 32.1695 us/op
WorkloadActual   5: 6295 op, 199634639.00 ns, 31.7132 us/op
WorkloadActual   6: 6295 op, 199263521.00 ns, 31.6543 us/op
WorkloadActual   7: 6295 op, 201586490.00 ns, 32.0233 us/op
WorkloadActual   8: 6295 op, 203207189.00 ns, 32.2807 us/op
WorkloadActual   9: 6295 op, 203271285.00 ns, 32.2909 us/op
WorkloadActual  10: 6295 op, 203551297.00 ns, 32.3354 us/op
WorkloadActual  11: 6295 op, 202063567.00 ns, 32.0991 us/op
WorkloadActual  12: 6295 op, 203023987.00 ns, 32.2516 us/op
WorkloadActual  13: 6295 op, 203662358.00 ns, 32.3530 us/op
WorkloadActual  14: 6295 op, 203312717.00 ns, 32.2975 us/op
WorkloadActual  15: 6295 op, 203817253.00 ns, 32.3776 us/op
WorkloadActual  16: 6295 op, 202303328.00 ns, 32.1371 us/op

// AfterActualRun
WorkloadResult   1: 6295 op, 200905044.00 ns, 31.9150 us/op
WorkloadResult   2: 6295 op, 201629074.00 ns, 32.0300 us/op
WorkloadResult   3: 6295 op, 202507302.00 ns, 32.1695 us/op
WorkloadResult   4: 6295 op, 199634639.00 ns, 31.7132 us/op
WorkloadResult   5: 6295 op, 199263521.00 ns, 31.6543 us/op
WorkloadResult   6: 6295 op, 201586490.00 ns, 32.0233 us/op
WorkloadResult   7: 6295 op, 203207189.00 ns, 32.2807 us/op
WorkloadResult   8: 6295 op, 203271285.00 ns, 32.2909 us/op
WorkloadResult   9: 6295 op, 203551297.00 ns, 32.3354 us/op
WorkloadResult  10: 6295 op, 202063567.00 ns, 32.0991 us/op
WorkloadResult  11: 6295 op, 203023987.00 ns, 32.2516 us/op
WorkloadResult  12: 6295 op, 203662358.00 ns, 32.3530 us/op
WorkloadResult  13: 6295 op, 203312717.00 ns, 32.2975 us/op
WorkloadResult  14: 6295 op, 203817253.00 ns, 32.3776 us/op
WorkloadResult  15: 6295 op, 202303328.00 ns, 32.1371 us/op
// GC:  0 0 0 0 6295
// Threading:  0 0 6295

// AfterAll
// Benchmark Process 139000 has exited with code 0.

Mean = 32.129 us, StdErr = 0.058 us (0.18%), N = 15, StdDev = 0.226 us
Min = 31.654 us, Q1 = 32.027 us, Median = 32.170 us, Q3 = 32.294 us, Max = 32.378 us
IQR = 0.268 us, LowerFence = 31.625 us, UpperFence = 32.696 us
ConfidenceInterval = [31.887 us; 32.370 us] (CI 99.9%), Margin = 0.242 us (0.75% of Mean)
Skewness = -0.81, Kurtosis = 2.38, MValue = 2

// ** Remained 5 (35.7 %) benchmark(s) to run. Estimated finish 2026-09-22 4:28 (0h 1m from now) **
// **************************
// Benchmark: PairHandleBenchmarks.Advance: InProcess(Toolchain=InProcessEmitToolchain) [Shape=PairRuns8Waves]
// *** Execute ***
// Launch: 1 / 1
// ! Failed to set up priority High for process System.Diagnostics.Process (PairHandles). Make sure you have the right permissions. Message: Permission denied

// Benchmark Process Environment Information:
// BenchmarkDotNet v0.15.8
// Runtime=.NET 10.0.12 (10.0.12, 10.0.1226.42308), X64 RyuJIT x86-64-v3
// GC=Concurrent Workstation
// HardwareIntrinsics=AVX2+BMI1+BMI2+F16C+FMA+LZCNT+MOVBE,AVX,SSE3+SSSE3+SSE4.1+SSE4.2+POPCNT,X86Base+SSE+SSE2,AES+PCLMUL,AvxVnni,SERIALIZE VectorSize=256
// Job: Job-JWQWGO(Toolchain=InProcessEmitToolchain)

OverheadJitting  1: 1 op, 100506.00 ns, 100.5060 us/op
WorkloadJitting  1: 1 op, 136878.00 ns, 136.8780 us/op

OverheadJitting  2: 16 op, 103603.00 ns, 6.4752 us/op
WorkloadJitting  2: 16 op, 639186.00 ns, 39.9491 us/op

WorkloadPilot    1: 16 op, 532550.00 ns, 33.2844 us/op
WorkloadPilot    2: 32 op, 1031271.00 ns, 32.2272 us/op
WorkloadPilot    3: 64 op, 2089676.00 ns, 32.6512 us/op
WorkloadPilot    4: 128 op, 4125806.00 ns, 32.2329 us/op
WorkloadPilot    5: 256 op, 8721709.00 ns, 34.0692 us/op
WorkloadPilot    6: 512 op, 17462652.00 ns, 34.1067 us/op
WorkloadPilot    7: 1024 op, 35642957.00 ns, 34.8076 us/op
WorkloadPilot    8: 2048 op, 70598365.00 ns, 34.4719 us/op
WorkloadPilot    9: 4096 op, 140519353.00 ns, 34.3065 us/op
WorkloadPilot   10: 8192 op, 278795232.00 ns, 34.0326 us/op
WorkloadPilot   11: 16384 op, 542066814.00 ns, 33.0851 us/op

OverheadWarmup   1: 16384 op, 23245.00 ns, 1.4188 ns/op
OverheadWarmup   2: 16384 op, 21050.00 ns, 1.2848 ns/op
OverheadWarmup   3: 16384 op, 21056.00 ns, 1.2852 ns/op
OverheadWarmup   4: 16384 op, 21054.00 ns, 1.2850 ns/op
OverheadWarmup   5: 16384 op, 21042.00 ns, 1.2843 ns/op
OverheadWarmup   6: 16384 op, 21082.00 ns, 1.2867 ns/op
OverheadWarmup   7: 16384 op, 21056.00 ns, 1.2852 ns/op

OverheadActual   1: 16384 op, 21079.00 ns, 1.2866 ns/op
OverheadActual   2: 16384 op, 21065.00 ns, 1.2857 ns/op
OverheadActual   3: 16384 op, 21082.00 ns, 1.2867 ns/op
OverheadActual   4: 16384 op, 21367.00 ns, 1.3041 ns/op
OverheadActual   5: 16384 op, 21100.00 ns, 1.2878 ns/op
OverheadActual   6: 16384 op, 21063.00 ns, 1.2856 ns/op
OverheadActual   7: 16384 op, 21050.00 ns, 1.2848 ns/op
OverheadActual   8: 16384 op, 21060.00 ns, 1.2854 ns/op
OverheadActual   9: 16384 op, 21052.00 ns, 1.2849 ns/op
OverheadActual  10: 16384 op, 21075.00 ns, 1.2863 ns/op
OverheadActual  11: 16384 op, 21058.00 ns, 1.2853 ns/op
OverheadActual  12: 16384 op, 21051.00 ns, 1.2849 ns/op
OverheadActual  13: 16384 op, 21065.00 ns, 1.2857 ns/op
OverheadActual  14: 16384 op, 21056.00 ns, 1.2852 ns/op
OverheadActual  15: 16384 op, 21044.00 ns, 1.2844 ns/op

WorkloadWarmup   1: 16384 op, 547438018.00 ns, 33.4130 us/op
WorkloadWarmup   2: 16384 op, 553250428.00 ns, 33.7677 us/op
WorkloadWarmup   3: 16384 op, 554953912.00 ns, 33.8717 us/op
WorkloadWarmup   4: 16384 op, 541462190.00 ns, 33.0482 us/op
WorkloadWarmup   5: 16384 op, 552105469.00 ns, 33.6978 us/op
WorkloadWarmup   6: 16384 op, 534360363.00 ns, 32.6148 us/op

WorkloadActual   1: 16384 op, 516303139.00 ns, 31.5126 us/op
WorkloadActual   2: 16384 op, 519373363.00 ns, 31.7000 us/op
WorkloadActual   3: 16384 op, 515717364.00 ns, 31.4769 us/op
WorkloadActual   4: 16384 op, 535578647.00 ns, 32.6891 us/op
WorkloadActual   5: 16384 op, 518778487.00 ns, 31.6637 us/op
WorkloadActual   6: 16384 op, 521769394.00 ns, 31.8463 us/op
WorkloadActual   7: 16384 op, 520860146.00 ns, 31.7908 us/op
WorkloadActual   8: 16384 op, 526413538.00 ns, 32.1297 us/op
WorkloadActual   9: 16384 op, 523431160.00 ns, 31.9477 us/op
WorkloadActual  10: 16384 op, 520919725.00 ns, 31.7944 us/op
WorkloadActual  11: 16384 op, 522603525.00 ns, 31.8972 us/op
WorkloadActual  12: 16384 op, 522422634.00 ns, 31.8861 us/op
WorkloadActual  13: 16384 op, 544625225.00 ns, 33.2413 us/op
WorkloadActual  14: 16384 op, 521862845.00 ns, 31.8520 us/op
WorkloadActual  15: 16384 op, 559674502.00 ns, 34.1598 us/op

WorkloadResult   1: 16384 op, 516282076.00 ns, 31.5114 us/op
WorkloadResult   2: 16384 op, 519352300.00 ns, 31.6987 us/op
WorkloadResult   3: 16384 op, 515696301.00 ns, 31.4756 us/op
WorkloadResult   4: 16384 op, 518757424.00 ns, 31.6624 us/op
WorkloadResult   5: 16384 op, 521748331.00 ns, 31.8450 us/op
WorkloadResult   6: 16384 op, 520839083.00 ns, 31.7895 us/op
WorkloadResult   7: 16384 op, 526392475.00 ns, 32.1284 us/op
WorkloadResult   8: 16384 op, 523410097.00 ns, 31.9464 us/op
WorkloadResult   9: 16384 op, 520898662.00 ns, 31.7931 us/op
WorkloadResult  10: 16384 op, 522582462.00 ns, 31.8959 us/op
WorkloadResult  11: 16384 op, 522401571.00 ns, 31.8849 us/op
WorkloadResult  12: 16384 op, 521841782.00 ns, 31.8507 us/op
// GC:  0 0 0 4656 16384
// Threading:  0 0 16384


Mean = 31.790 us, StdErr = 0.053 us (0.17%), N = 12, StdDev = 0.183 us
Min = 31.476 us, Q1 = 31.690 us, Median = 31.819 us, Q3 = 31.888 us, Max = 32.128 us
IQR = 0.198 us, LowerFence = 31.393 us, UpperFence = 32.185 us
ConfidenceInterval = [31.556 us; 32.024 us] (CI 99.9%), Margin = 0.234 us (0.74% of Mean)
Skewness = -0.15, Kurtosis = 2.25, MValue = 2

// ** Remained 4 (28.6 %) benchmark(s) to run. Estimated finish 2026-09-22 4:28 (0h 0m from now) **
// **************************
// Benchmark: PairHandleBenchmarks.Advance: Job-TZECNT(IterationCount=16, IterationTime=200ms, WarmupCount=8) [Shape=PairBlocks8Waves]
// *** Execute ***
// Launch: 1 / 1
// Execute: dotnet PairHandles-Job-TZECNT-1.dll --anonymousPipes 118 119 --benchmarkName "PairHandles.PairHandleBenchmarks.Advance(Shape: PairBlocks8Waves)" --job "IterationCount=16, IterationTime=200ms, WarmupCount=8" --benchmarkId 5 in /home/i/GitHub/tl-ab352-base/benchmarks/PairHandles/bin/Release/net10.0/PairHandles-Job-TZECNT-1/bin/Release/net10.0
// Failed to set up high priority (Permission denied). In order to run benchmarks with high priority, make sure you have the right permissions.
// BeforeAnythingElse

// Benchmark Process Environment Information:
// BenchmarkDotNet v0.15.8
// Runtime=.NET 10.0.12 (10.0.12, 10.0.1226.42308), X64 RyuJIT x86-64-v3
// GC=Concurrent Workstation
// HardwareIntrinsics=AVX2+BMI1+BMI2+F16C+FMA+LZCNT+MOVBE,AVX,SSE3+SSSE3+SSE4.1+SSE4.2+POPCNT,X86Base+SSE+SSE2,AES+PCLMUL,AvxVnni,SERIALIZE VectorSize=256
// Job: Job-TZECNT(IterationCount=16, IterationTime=200ms, WarmupCount=8)

OverheadJitting  1: 1 op, 77904.00 ns, 77.9040 us/op
WorkloadJitting  1: 1 op, 14471584.00 ns, 14.4716 ms/op

WorkloadPilot    1: 4 op, 250076.00 ns, 62.5190 us/op
WorkloadPilot    2: 3199 op, 169535501.00 ns, 52.9964 us/op
WorkloadPilot    3: 3774 op, 197185043.00 ns, 52.2483 us/op
WorkloadPilot    4: 3828 op, 199971881.00 ns, 52.2393 us/op

WorkloadWarmup   1: 3828 op, 190695478.00 ns, 49.8160 us/op
WorkloadWarmup   2: 3828 op, 200011695.00 ns, 52.2497 us/op
WorkloadWarmup   3: 3828 op, 190569795.00 ns, 49.7831 us/op
WorkloadWarmup   4: 3828 op, 178506833.00 ns, 46.6319 us/op
WorkloadWarmup   5: 3828 op, 177948450.00 ns, 46.4860 us/op
WorkloadWarmup   6: 3828 op, 176671987.00 ns, 46.1526 us/op
WorkloadWarmup   7: 3828 op, 176995570.00 ns, 46.2371 us/op
WorkloadWarmup   8: 3828 op, 199981574.00 ns, 52.2418 us/op

// BeforeActualRun
WorkloadActual   1: 3828 op, 179240902.00 ns, 46.8236 us/op
WorkloadActual   2: 3828 op, 199997334.00 ns, 52.2459 us/op
WorkloadActual   3: 3828 op, 199860726.00 ns, 52.2102 us/op
WorkloadActual   4: 3828 op, 199999571.00 ns, 52.2465 us/op
WorkloadActual   5: 3828 op, 181823502.00 ns, 47.4983 us/op
WorkloadActual   6: 3828 op, 179058813.00 ns, 46.7761 us/op
WorkloadActual   7: 3828 op, 178442208.00 ns, 46.6150 us/op
WorkloadActual   8: 3828 op, 176987255.00 ns, 46.2349 us/op
WorkloadActual   9: 3828 op, 176479183.00 ns, 46.1022 us/op
WorkloadActual  10: 3828 op, 177575097.00 ns, 46.3885 us/op
WorkloadActual  11: 3828 op, 177115952.00 ns, 46.2685 us/op
WorkloadActual  12: 3828 op, 179167926.00 ns, 46.8046 us/op
WorkloadActual  13: 3828 op, 177146408.00 ns, 46.2765 us/op
WorkloadActual  14: 3828 op, 176235275.00 ns, 46.0385 us/op
WorkloadActual  15: 3828 op, 176231539.00 ns, 46.0375 us/op
WorkloadActual  16: 3828 op, 177121866.00 ns, 46.2701 us/op

// AfterActualRun
WorkloadResult   1: 3828 op, 179240902.00 ns, 46.8236 us/op
WorkloadResult   2: 3828 op, 181823502.00 ns, 47.4983 us/op
WorkloadResult   3: 3828 op, 179058813.00 ns, 46.7761 us/op
WorkloadResult   4: 3828 op, 178442208.00 ns, 46.6150 us/op
WorkloadResult   5: 3828 op, 176987255.00 ns, 46.2349 us/op
WorkloadResult   6: 3828 op, 176479183.00 ns, 46.1022 us/op
WorkloadResult   7: 3828 op, 177575097.00 ns, 46.3885 us/op
WorkloadResult   8: 3828 op, 177115952.00 ns, 46.2685 us/op
WorkloadResult   9: 3828 op, 179167926.00 ns, 46.8046 us/op
WorkloadResult  10: 3828 op, 177146408.00 ns, 46.2765 us/op
WorkloadResult  11: 3828 op, 176235275.00 ns, 46.0385 us/op
WorkloadResult  12: 3828 op, 176231539.00 ns, 46.0375 us/op
WorkloadResult  13: 3828 op, 177121866.00 ns, 46.2701 us/op
// GC:  0 0 0 0 3828
// Threading:  0 0 3828

// AfterAll
// Benchmark Process 139038 has exited with code 0.

Mean = 46.472 us, StdErr = 0.116 us (0.25%), N = 13, StdDev = 0.418 us
Min = 46.037 us, Q1 = 46.235 us, Median = 46.276 us, Q3 = 46.776 us, Max = 47.498 us
IQR = 0.541 us, LowerFence = 45.423 us, UpperFence = 47.588 us
ConfidenceInterval = [45.971 us; 46.973 us] (CI 99.9%), Margin = 0.501 us (1.08% of Mean)
Skewness = 0.99, Kurtosis = 3.13, MValue = 2

// ** Remained 3 (21.4 %) benchmark(s) to run. Estimated finish 2026-09-22 4:28 (0h 0m from now) **
// **************************
// Benchmark: PairHandleBenchmarks.Advance: InProcess(Toolchain=InProcessEmitToolchain) [Shape=PairBlocks8Waves]
// *** Execute ***
// Launch: 1 / 1
// ! Failed to set up priority High for process System.Diagnostics.Process (PairHandles). Make sure you have the right permissions. Message: Permission denied

// Benchmark Process Environment Information:
// BenchmarkDotNet v0.15.8
// Runtime=.NET 10.0.12 (10.0.12, 10.0.1226.42308), X64 RyuJIT x86-64-v3
// GC=Concurrent Workstation
// HardwareIntrinsics=AVX2+BMI1+BMI2+F16C+FMA+LZCNT+MOVBE,AVX,SSE3+SSSE3+SSE4.1+SSE4.2+POPCNT,X86Base+SSE+SSE2,AES+PCLMUL,AvxVnni,SERIALIZE VectorSize=256
// Job: Job-JWQWGO(Toolchain=InProcessEmitToolchain)

OverheadJitting  1: 1 op, 98444.00 ns, 98.4440 us/op
WorkloadJitting  1: 1 op, 141838.00 ns, 141.8380 us/op

OverheadJitting  2: 16 op, 122821.00 ns, 7.6763 us/op
WorkloadJitting  2: 16 op, 875316.00 ns, 54.7073 us/op

WorkloadPilot    1: 16 op, 757163.00 ns, 47.3227 us/op
WorkloadPilot    2: 32 op, 1503167.00 ns, 46.9740 us/op
WorkloadPilot    3: 64 op, 2999336.00 ns, 46.8646 us/op
WorkloadPilot    4: 128 op, 6038689.00 ns, 47.1773 us/op
WorkloadPilot    5: 256 op, 12198247.00 ns, 47.6494 us/op
WorkloadPilot    6: 512 op, 24146185.00 ns, 47.1605 us/op
WorkloadPilot    7: 1024 op, 48287632.00 ns, 47.1559 us/op
WorkloadPilot    8: 2048 op, 96662974.00 ns, 47.1987 us/op
WorkloadPilot    9: 4096 op, 216196394.00 ns, 52.7823 us/op
WorkloadPilot   10: 8192 op, 413073621.00 ns, 50.4240 us/op
WorkloadPilot   11: 16384 op, 772651119.00 ns, 47.1589 us/op

OverheadWarmup   1: 16384 op, 23575.00 ns, 1.4389 ns/op
OverheadWarmup   2: 16384 op, 21264.00 ns, 1.2979 ns/op
OverheadWarmup   3: 16384 op, 20370.00 ns, 1.2433 ns/op
OverheadWarmup   4: 16384 op, 20231.00 ns, 1.2348 ns/op
OverheadWarmup   5: 16384 op, 20187.00 ns, 1.2321 ns/op
OverheadWarmup   6: 16384 op, 20346.00 ns, 1.2418 ns/op
OverheadWarmup   7: 16384 op, 21069.00 ns, 1.2859 ns/op
OverheadWarmup   8: 16384 op, 20390.00 ns, 1.2445 ns/op
OverheadWarmup   9: 16384 op, 20357.00 ns, 1.2425 ns/op
OverheadWarmup  10: 16384 op, 20377.00 ns, 1.2437 ns/op

OverheadActual   1: 16384 op, 20369.00 ns, 1.2432 ns/op
OverheadActual   2: 16384 op, 21057.00 ns, 1.2852 ns/op
OverheadActual   3: 16384 op, 21068.00 ns, 1.2859 ns/op
OverheadActual   4: 16384 op, 21067.00 ns, 1.2858 ns/op
OverheadActual   5: 16384 op, 21083.00 ns, 1.2868 ns/op
OverheadActual   6: 16384 op, 21067.00 ns, 1.2858 ns/op
OverheadActual   7: 16384 op, 21051.00 ns, 1.2849 ns/op
OverheadActual   8: 16384 op, 21047.00 ns, 1.2846 ns/op
OverheadActual   9: 16384 op, 21070.00 ns, 1.2860 ns/op
OverheadActual  10: 16384 op, 21090.00 ns, 1.2872 ns/op
OverheadActual  11: 16384 op, 21078.00 ns, 1.2865 ns/op
OverheadActual  12: 16384 op, 21073.00 ns, 1.2862 ns/op
OverheadActual  13: 16384 op, 21071.00 ns, 1.2861 ns/op
OverheadActual  14: 16384 op, 21055.00 ns, 1.2851 ns/op
OverheadActual  15: 16384 op, 21080.00 ns, 1.2866 ns/op

WorkloadWarmup   1: 16384 op, 777111970.00 ns, 47.4312 us/op
WorkloadWarmup   2: 16384 op, 767457290.00 ns, 46.8419 us/op
WorkloadWarmup   3: 16384 op, 788419329.00 ns, 48.1213 us/op
WorkloadWarmup   4: 16384 op, 765889371.00 ns, 46.7462 us/op
WorkloadWarmup   5: 16384 op, 768303761.00 ns, 46.8935 us/op
WorkloadWarmup   6: 16384 op, 763538538.00 ns, 46.6027 us/op

WorkloadActual   1: 16384 op, 761868894.00 ns, 46.5008 us/op
WorkloadActual   2: 16384 op, 761405420.00 ns, 46.4725 us/op
WorkloadActual   3: 16384 op, 772647461.00 ns, 47.1587 us/op
WorkloadActual   4: 16384 op, 804885472.00 ns, 49.1263 us/op
WorkloadActual   5: 16384 op, 765443701.00 ns, 46.7190 us/op
WorkloadActual   6: 16384 op, 772337868.00 ns, 47.1398 us/op
WorkloadActual   7: 16384 op, 862368342.00 ns, 52.6348 us/op
WorkloadActual   8: 16384 op, 773566742.00 ns, 47.2148 us/op
WorkloadActual   9: 16384 op, 766939910.00 ns, 46.8103 us/op
WorkloadActual  10: 16384 op, 767208046.00 ns, 46.8267 us/op
WorkloadActual  11: 16384 op, 762862691.00 ns, 46.5614 us/op
WorkloadActual  12: 16384 op, 763293633.00 ns, 46.5877 us/op
WorkloadActual  13: 16384 op, 767183685.00 ns, 46.8252 us/op
WorkloadActual  14: 16384 op, 764140804.00 ns, 46.6395 us/op
WorkloadActual  15: 16384 op, 763346108.00 ns, 46.5909 us/op

WorkloadResult   1: 16384 op, 761847826.00 ns, 46.4995 us/op
WorkloadResult   2: 16384 op, 761384352.00 ns, 46.4712 us/op
WorkloadResult   3: 16384 op, 772626393.00 ns, 47.1574 us/op
WorkloadResult   4: 16384 op, 765422633.00 ns, 46.7177 us/op
WorkloadResult   5: 16384 op, 772316800.00 ns, 47.1385 us/op
WorkloadResult   6: 16384 op, 773545674.00 ns, 47.2135 us/op
WorkloadResult   7: 16384 op, 766918842.00 ns, 46.8090 us/op
WorkloadResult   8: 16384 op, 767186978.00 ns, 46.8254 us/op
WorkloadResult   9: 16384 op, 762841623.00 ns, 46.5602 us/op
WorkloadResult  10: 16384 op, 763272565.00 ns, 46.5865 us/op
WorkloadResult  11: 16384 op, 767162617.00 ns, 46.8239 us/op
WorkloadResult  12: 16384 op, 764119736.00 ns, 46.6382 us/op
WorkloadResult  13: 16384 op, 763325040.00 ns, 46.5897 us/op
// GC:  0 0 0 4656 16384
// Threading:  0 0 16384


Mean = 46.772 us, StdErr = 0.071 us (0.15%), N = 13, StdDev = 0.255 us
Min = 46.471 us, Q1 = 46.586 us, Median = 46.718 us, Q3 = 46.825 us, Max = 47.213 us
IQR = 0.239 us, LowerFence = 46.228 us, UpperFence = 47.184 us
ConfidenceInterval = [46.466 us; 47.077 us] (CI 99.9%), Margin = 0.306 us (0.65% of Mean)
Skewness = 0.56, Kurtosis = 1.75, MValue = 2

// ** Remained 2 (14.3 %) benchmark(s) to run. Estimated finish 2026-09-22 4:28 (0h 0m from now) **
// **************************
// Benchmark: PairHandleBenchmarks.Advance: Job-TZECNT(IterationCount=16, IterationTime=200ms, WarmupCount=8) [Shape=PairA(...)Waves [21]]
// *** Execute ***
// Launch: 1 / 1
// Execute: dotnet PairHandles-Job-TZECNT-1.dll --anonymousPipes 118 119 --benchmarkName "PairHandles.PairHandleBenchmarks.Advance(Shape: PairAlternating8Waves)" --job "IterationCount=16, IterationTime=200ms, WarmupCount=8" --benchmarkId 6 in /home/i/GitHub/tl-ab352-base/benchmarks/PairHandles/bin/Release/net10.0/PairHandles-Job-TZECNT-1/bin/Release/net10.0
// Failed to set up high priority (Permission denied). In order to run benchmarks with high priority, make sure you have the right permissions.
// BeforeAnythingElse

// Benchmark Process Environment Information:
// BenchmarkDotNet v0.15.8
// Runtime=.NET 10.0.12 (10.0.12, 10.0.1226.42308), X64 RyuJIT x86-64-v3
// GC=Concurrent Workstation
// HardwareIntrinsics=AVX2+BMI1+BMI2+F16C+FMA+LZCNT+MOVBE,AVX,SSE3+SSSE3+SSE4.1+SSE4.2+POPCNT,X86Base+SSE+SSE2,AES+PCLMUL,AvxVnni,SERIALIZE VectorSize=256
// Job: Job-TZECNT(IterationCount=16, IterationTime=200ms, WarmupCount=8)

OverheadJitting  1: 1 op, 78934.00 ns, 78.9340 us/op
WorkloadJitting  1: 1 op, 13836482.00 ns, 13.8365 ms/op

WorkloadPilot    1: 4 op, 290069.00 ns, 72.5173 us/op
WorkloadPilot    2: 2758 op, 164382868.00 ns, 59.6022 us/op
WorkloadPilot    3: 3356 op, 198218730.00 ns, 59.0640 us/op
WorkloadPilot    4: 3386 op, 197187772.00 ns, 58.2362 us/op
WorkloadPilot    5: 3434 op, 198238819.00 ns, 57.7283 us/op
WorkloadPilot    6: 3465 op, 198030257.00 ns, 57.1516 us/op
WorkloadPilot    7: 3499 op, 201071511.00 ns, 57.4654 us/op
WorkloadPilot    8: 3480 op, 206104884.00 ns, 59.2255 us/op
WorkloadPilot    9: 3377 op, 197381536.00 ns, 58.4488 us/op
WorkloadPilot   10: 3422 op, 198093310.00 ns, 57.8882 us/op
WorkloadPilot   11: 3455 op, 200029544.00 ns, 57.8957 us/op

WorkloadWarmup   1: 3455 op, 199466263.00 ns, 57.7326 us/op
WorkloadWarmup   2: 3455 op, 202483636.00 ns, 58.6060 us/op
WorkloadWarmup   3: 3455 op, 200757325.00 ns, 58.1063 us/op
WorkloadWarmup   4: 3455 op, 200818479.00 ns, 58.1240 us/op
WorkloadWarmup   5: 3455 op, 200182668.00 ns, 57.9400 us/op
WorkloadWarmup   6: 3455 op, 202174354.00 ns, 58.5165 us/op
WorkloadWarmup   7: 3455 op, 201550851.00 ns, 58.3360 us/op
WorkloadWarmup   8: 3455 op, 205125113.00 ns, 59.3705 us/op

// BeforeActualRun
WorkloadActual   1: 3455 op, 201614908.00 ns, 58.3545 us/op
WorkloadActual   2: 3455 op, 203828457.00 ns, 58.9952 us/op
WorkloadActual   3: 3455 op, 201028143.00 ns, 58.1847 us/op
WorkloadActual   4: 3455 op, 224303071.00 ns, 64.9213 us/op
WorkloadActual   5: 3455 op, 224553438.00 ns, 64.9938 us/op
WorkloadActual   6: 3455 op, 225666718.00 ns, 65.3160 us/op
WorkloadActual   7: 3455 op, 202879165.00 ns, 58.7205 us/op
WorkloadActual   8: 3455 op, 198930838.00 ns, 57.5777 us/op
WorkloadActual   9: 3455 op, 201396352.00 ns, 58.2913 us/op
WorkloadActual  10: 3455 op, 197469590.00 ns, 57.1547 us/op
WorkloadActual  11: 3455 op, 199517801.00 ns, 57.7476 us/op
WorkloadActual  12: 3455 op, 200822574.00 ns, 58.1252 us/op
WorkloadActual  13: 3455 op, 204541768.00 ns, 59.2017 us/op
WorkloadActual  14: 3455 op, 202103733.00 ns, 58.4960 us/op
WorkloadActual  15: 3455 op, 223603735.00 ns, 64.7189 us/op
WorkloadActual  16: 3455 op, 225589100.00 ns, 65.2935 us/op

// AfterActualRun
WorkloadResult   1: 3455 op, 201614908.00 ns, 58.3545 us/op
WorkloadResult   2: 3455 op, 203828457.00 ns, 58.9952 us/op
WorkloadResult   3: 3455 op, 201028143.00 ns, 58.1847 us/op
WorkloadResult   4: 3455 op, 224303071.00 ns, 64.9213 us/op
WorkloadResult   5: 3455 op, 224553438.00 ns, 64.9938 us/op
WorkloadResult   6: 3455 op, 225666718.00 ns, 65.3160 us/op
WorkloadResult   7: 3455 op, 202879165.00 ns, 58.7205 us/op
WorkloadResult   8: 3455 op, 198930838.00 ns, 57.5777 us/op
WorkloadResult   9: 3455 op, 201396352.00 ns, 58.2913 us/op
WorkloadResult  10: 3455 op, 197469590.00 ns, 57.1547 us/op
WorkloadResult  11: 3455 op, 199517801.00 ns, 57.7476 us/op
WorkloadResult  12: 3455 op, 200822574.00 ns, 58.1252 us/op
WorkloadResult  13: 3455 op, 204541768.00 ns, 59.2017 us/op
WorkloadResult  14: 3455 op, 202103733.00 ns, 58.4960 us/op
WorkloadResult  15: 3455 op, 223603735.00 ns, 64.7189 us/op
WorkloadResult  16: 3455 op, 225589100.00 ns, 65.2935 us/op
// GC:  0 0 0 0 3455
// Threading:  0 0 3455

// AfterAll
// Benchmark Process 139096 has exited with code 0.

Mean = 60.381 us, StdErr = 0.823 us (1.36%), N = 16, StdDev = 3.290 us
Min = 57.155 us, Q1 = 58.170 us, Median = 58.608 us, Q3 = 64.769 us, Max = 65.316 us
IQR = 6.600 us, LowerFence = 48.270 us, UpperFence = 74.669 us
ConfidenceInterval = [57.030 us; 63.731 us] (CI 99.9%), Margin = 3.350 us (5.55% of Mean)
Skewness = 0.67, Kurtosis = 1.46, MValue = 2.91

// ** Remained 1 (7.1 %) benchmark(s) to run. Estimated finish 2026-09-22 4:28 (0h 0m from now) **
// **************************
// Benchmark: PairHandleBenchmarks.Advance: InProcess(Toolchain=InProcessEmitToolchain) [Shape=PairA(...)Waves [21]]
// *** Execute ***
// Launch: 1 / 1
// ! Failed to set up priority High for process System.Diagnostics.Process (PairHandles). Make sure you have the right permissions. Message: Permission denied

// Benchmark Process Environment Information:
// BenchmarkDotNet v0.15.8
// Runtime=.NET 10.0.12 (10.0.12, 10.0.1226.42308), X64 RyuJIT x86-64-v3
// GC=Concurrent Workstation
// HardwareIntrinsics=AVX2+BMI1+BMI2+F16C+FMA+LZCNT+MOVBE,AVX,SSE3+SSSE3+SSE4.1+SSE4.2+POPCNT,X86Base+SSE+SSE2,AES+PCLMUL,AvxVnni,SERIALIZE VectorSize=256
// Job: Job-JWQWGO(Toolchain=InProcessEmitToolchain)

OverheadJitting  1: 1 op, 136583.00 ns, 136.5830 us/op
WorkloadJitting  1: 1 op, 337043.00 ns, 337.0430 us/op

OverheadJitting  2: 16 op, 105473.00 ns, 6.5921 us/op
WorkloadJitting  2: 16 op, 1111356.00 ns, 69.4598 us/op

WorkloadPilot    1: 16 op, 1002367.00 ns, 62.6479 us/op
WorkloadPilot    2: 32 op, 1996704.00 ns, 62.3970 us/op
WorkloadPilot    3: 64 op, 3987938.00 ns, 62.3115 us/op
WorkloadPilot    4: 128 op, 8033331.00 ns, 62.7604 us/op
WorkloadPilot    5: 256 op, 16008286.00 ns, 62.5324 us/op
WorkloadPilot    6: 512 op, 31699622.00 ns, 61.9133 us/op
WorkloadPilot    7: 1024 op, 63815093.00 ns, 62.3194 us/op
WorkloadPilot    8: 2048 op, 127527925.00 ns, 62.2695 us/op
WorkloadPilot    9: 4096 op, 255302686.00 ns, 62.3298 us/op
WorkloadPilot   10: 8192 op, 510298225.00 ns, 62.2923 us/op

OverheadWarmup   1: 8192 op, 13566.00 ns, 1.6560 ns/op
OverheadWarmup   2: 8192 op, 10204.00 ns, 1.2456 ns/op
OverheadWarmup   3: 8192 op, 10235.00 ns, 1.2494 ns/op
OverheadWarmup   4: 8192 op, 10561.00 ns, 1.2892 ns/op
OverheadWarmup   5: 8192 op, 10242.00 ns, 1.2502 ns/op
OverheadWarmup   6: 8192 op, 10227.00 ns, 1.2484 ns/op
OverheadWarmup   7: 8192 op, 10229.00 ns, 1.2487 ns/op
OverheadWarmup   8: 8192 op, 10233.00 ns, 1.2491 ns/op
OverheadWarmup   9: 8192 op, 10553.00 ns, 1.2882 ns/op
OverheadWarmup  10: 8192 op, 10606.00 ns, 1.2947 ns/op

OverheadActual   1: 8192 op, 10580.00 ns, 1.2915 ns/op
OverheadActual   2: 8192 op, 10572.00 ns, 1.2905 ns/op
OverheadActual   3: 8192 op, 10563.00 ns, 1.2894 ns/op
OverheadActual   4: 8192 op, 10558.00 ns, 1.2888 ns/op
OverheadActual   5: 8192 op, 10572.00 ns, 1.2905 ns/op
OverheadActual   6: 8192 op, 10575.00 ns, 1.2909 ns/op
OverheadActual   7: 8192 op, 10572.00 ns, 1.2905 ns/op
OverheadActual   8: 8192 op, 10576.00 ns, 1.2910 ns/op
OverheadActual   9: 8192 op, 10582.00 ns, 1.2917 ns/op
OverheadActual  10: 8192 op, 10575.00 ns, 1.2909 ns/op
OverheadActual  11: 8192 op, 10581.00 ns, 1.2916 ns/op
OverheadActual  12: 8192 op, 10566.00 ns, 1.2898 ns/op
OverheadActual  13: 8192 op, 10583.00 ns, 1.2919 ns/op
OverheadActual  14: 8192 op, 10574.00 ns, 1.2908 ns/op
OverheadActual  15: 8192 op, 10562.00 ns, 1.2893 ns/op

WorkloadWarmup   1: 8192 op, 510031170.00 ns, 62.2597 us/op
WorkloadWarmup   2: 8192 op, 515256009.00 ns, 62.8975 us/op
WorkloadWarmup   3: 8192 op, 509474831.00 ns, 62.1918 us/op
WorkloadWarmup   4: 8192 op, 509031102.00 ns, 62.1376 us/op
WorkloadWarmup   5: 8192 op, 501642555.00 ns, 61.2357 us/op
WorkloadWarmup   6: 8192 op, 510398015.00 ns, 62.3044 us/op
WorkloadWarmup   7: 8192 op, 508951890.00 ns, 62.1279 us/op

WorkloadActual   1: 8192 op, 510555273.00 ns, 62.3236 us/op
WorkloadActual   2: 8192 op, 509864077.00 ns, 62.2393 us/op
WorkloadActual   3: 8192 op, 510931995.00 ns, 62.3696 us/op
WorkloadActual   4: 8192 op, 509277553.00 ns, 62.1677 us/op
WorkloadActual   5: 8192 op, 509171572.00 ns, 62.1547 us/op
WorkloadActual   6: 8192 op, 509869342.00 ns, 62.2399 us/op
WorkloadActual   7: 8192 op, 509255186.00 ns, 62.1649 us/op
WorkloadActual   8: 8192 op, 507977547.00 ns, 62.0090 us/op
WorkloadActual   9: 8192 op, 509954828.00 ns, 62.2503 us/op
WorkloadActual  10: 8192 op, 511547982.00 ns, 62.4448 us/op
WorkloadActual  11: 8192 op, 509820056.00 ns, 62.2339 us/op
WorkloadActual  12: 8192 op, 510170331.00 ns, 62.2767 us/op
WorkloadActual  13: 8192 op, 510191788.00 ns, 62.2793 us/op
WorkloadActual  14: 8192 op, 509955574.00 ns, 62.2504 us/op
WorkloadActual  15: 8192 op, 509652467.00 ns, 62.2134 us/op

WorkloadResult   1: 8192 op, 510544699.00 ns, 62.3224 us/op
WorkloadResult   2: 8192 op, 509853503.00 ns, 62.2380 us/op
WorkloadResult   3: 8192 op, 510921421.00 ns, 62.3683 us/op
WorkloadResult   4: 8192 op, 509266979.00 ns, 62.1664 us/op
WorkloadResult   5: 8192 op, 509160998.00 ns, 62.1534 us/op
WorkloadResult   6: 8192 op, 509858768.00 ns, 62.2386 us/op
WorkloadResult   7: 8192 op, 509244612.00 ns, 62.1636 us/op
WorkloadResult   8: 8192 op, 507966973.00 ns, 62.0077 us/op
WorkloadResult   9: 8192 op, 509944254.00 ns, 62.2491 us/op
WorkloadResult  10: 8192 op, 509809482.00 ns, 62.2326 us/op
WorkloadResult  11: 8192 op, 510159757.00 ns, 62.2754 us/op
WorkloadResult  12: 8192 op, 510181214.00 ns, 62.2780 us/op
WorkloadResult  13: 8192 op, 509945000.00 ns, 62.2491 us/op
WorkloadResult  14: 8192 op, 509641893.00 ns, 62.2121 us/op
// GC:  0 0 0 4656 8192
// Threading:  0 0 8192


Mean = 62.225 us, StdErr = 0.023 us (0.04%), N = 14, StdDev = 0.086 us
Min = 62.008 us, Q1 = 62.178 us, Median = 62.238 us, Q3 = 62.269 us, Max = 62.368 us
IQR = 0.091 us, LowerFence = 62.041 us, UpperFence = 62.405 us
ConfidenceInterval = [62.128 us; 62.323 us] (CI 99.9%), Margin = 0.097 us (0.16% of Mean)
Skewness = -0.78, Kurtosis = 3.64, MValue = 2

// ** Remained 0 (0.0 %) benchmark(s) to run. Estimated finish 2026-09-22 4:28 (0h 0m from now) **
// ***** BenchmarkRunner: Finish  *****

// * Export *
  tmp/ab352/ph-base-4/results/PairHandles.PairHandleBenchmarks-report.csv
  tmp/ab352/ph-base-4/results/PairHandles.PairHandleBenchmarks-report-github.md
  tmp/ab352/ph-base-4/results/PairHandles.PairHandleBenchmarks-report.html
  tmp/ab352/ph-base-4/results/PairHandles.PairHandleBenchmarks-report-full.json

// * Detailed results *
PairHandleBenchmarks.Advance: Job-TZECNT(IterationCount=16, IterationTime=200ms, WarmupCount=8) [Shape=LaneUniform]
Runtime = .NET 10.0.12 (10.0.12, 10.0.1226.42308), X64 RyuJIT x86-64-v3; GC = Concurrent Workstation
Mean = 31.142 us, StdErr = 0.032 us (0.10%), N = 13, StdDev = 0.114 us
Min = 30.956 us, Q1 = 31.058 us, Median = 31.148 us, Q3 = 31.204 us, Max = 31.377 us
IQR = 0.145 us, LowerFence = 30.840 us, UpperFence = 31.422 us
ConfidenceInterval = [31.006 us; 31.278 us] (CI 99.9%), Margin = 0.136 us (0.44% of Mean)
Skewness = 0.19, Kurtosis = 2.29, MValue = 2
-------------------- Histogram --------------------
[30.893 us ; 31.441 us) | @@@@@@@@@@@@@
---------------------------------------------------

PairHandleBenchmarks.Advance: InProcess(Toolchain=InProcessEmitToolchain) [Shape=LaneUniform]
Runtime = ; GC = 
Mean = 31.933 us, StdErr = 0.170 us (0.53%), N = 27, StdDev = 0.884 us
Min = 31.325 us, Q1 = 31.387 us, Median = 31.410 us, Q3 = 32.248 us, Max = 33.974 us
IQR = 0.861 us, LowerFence = 30.096 us, UpperFence = 33.539 us
ConfidenceInterval = [31.302 us; 32.564 us] (CI 99.9%), Margin = 0.631 us (1.98% of Mean)
Skewness = 1.27, Kurtosis = 2.98, MValue = 2
-------------------- Histogram --------------------
[31.188 us ; 31.962 us) | @@@@@@@@@@@@@@@@@@@
[31.962 us ; 32.687 us) | @@@
[32.687 us ; 33.362 us) | @
[33.362 us ; 34.136 us) | @@@@
---------------------------------------------------

PairHandleBenchmarks.Advance: Job-TZECNT(IterationCount=16, IterationTime=200ms, WarmupCount=8) [Shape=PairOne]
Runtime = .NET 10.0.12 (10.0.12, 10.0.1226.42308), X64 RyuJIT x86-64-v3; GC = Concurrent Workstation
Mean = 31.133 us, StdErr = 0.025 us (0.08%), N = 16, StdDev = 0.099 us
Min = 30.892 us, Q1 = 31.070 us, Median = 31.163 us, Q3 = 31.183 us, Max = 31.310 us
IQR = 0.113 us, LowerFence = 30.900 us, UpperFence = 31.353 us
ConfidenceInterval = [31.032 us; 31.234 us] (CI 99.9%), Margin = 0.101 us (0.32% of Mean)
Skewness = -0.54, Kurtosis = 3.12, MValue = 2
-------------------- Histogram --------------------
[30.840 us ; 31.362 us) | @@@@@@@@@@@@@@@@
---------------------------------------------------

PairHandleBenchmarks.Advance: InProcess(Toolchain=InProcessEmitToolchain) [Shape=PairOne]
Runtime = ; GC = 
Mean = 29.309 us, StdErr = 0.146 us (0.50%), N = 22, StdDev = 0.687 us
Min = 28.542 us, Q1 = 28.881 us, Median = 29.188 us, Q3 = 29.470 us, Max = 31.070 us
IQR = 0.589 us, LowerFence = 27.997 us, UpperFence = 30.354 us
ConfidenceInterval = [28.749 us; 29.868 us] (CI 99.9%), Margin = 0.559 us (1.91% of Mean)
Skewness = 1.17, Kurtosis = 3.45, MValue = 2
-------------------- Histogram --------------------
[28.220 us ; 29.312 us) | @@@@@@@@@@@@@@@
[29.312 us ; 29.997 us) | @@@@
[29.997 us ; 31.097 us) | @@@
---------------------------------------------------

PairHandleBenchmarks.Advance: Job-TZECNT(IterationCount=16, IterationTime=200ms, WarmupCount=8) [Shape=PairRuns8]
Runtime = .NET 10.0.12 (10.0.12, 10.0.1226.42308), X64 RyuJIT x86-64-v3; GC = Concurrent Workstation
Mean = 37.479 us, StdErr = 0.159 us (0.42%), N = 16, StdDev = 0.636 us
Min = 36.487 us, Q1 = 36.976 us, Median = 37.554 us, Q3 = 37.883 us, Max = 38.546 us
IQR = 0.907 us, LowerFence = 35.616 us, UpperFence = 39.244 us
ConfidenceInterval = [36.832 us; 38.127 us] (CI 99.9%), Margin = 0.647 us (1.73% of Mean)
Skewness = -0.01, Kurtosis = 1.67, MValue = 2
-------------------- Histogram --------------------
[36.393 us ; 37.853 us) | @@@@@@@@@@@@
[37.853 us ; 38.738 us) | @@@@
---------------------------------------------------

PairHandleBenchmarks.Advance: InProcess(Toolchain=InProcessEmitToolchain) [Shape=PairRuns8]
Runtime = ; GC = 
Mean = 36.250 us, StdErr = 0.013 us (0.04%), N = 14, StdDev = 0.050 us
Min = 36.157 us, Q1 = 36.236 us, Median = 36.247 us, Q3 = 36.273 us, Max = 36.350 us
IQR = 0.037 us, LowerFence = 36.182 us, UpperFence = 36.328 us
ConfidenceInterval = [36.194 us; 36.306 us] (CI 99.9%), Margin = 0.056 us (0.15% of Mean)
Skewness = 0.05, Kurtosis = 2.47, MValue = 2
-------------------- Histogram --------------------
[36.130 us ; 36.377 us) | @@@@@@@@@@@@@@
---------------------------------------------------

PairHandleBenchmarks.Advance: Job-TZECNT(IterationCount=16, IterationTime=200ms, WarmupCount=8) [Shape=PairAlternating8]
Runtime = .NET 10.0.12 (10.0.12, 10.0.1226.42308), X64 RyuJIT x86-64-v3; GC = Concurrent Workstation
Mean = 66.494 us, StdErr = 0.373 us (0.56%), N = 15, StdDev = 1.443 us
Min = 64.671 us, Q1 = 65.594 us, Median = 66.372 us, Q3 = 67.041 us, Max = 69.320 us
IQR = 1.447 us, LowerFence = 63.424 us, UpperFence = 69.211 us
ConfidenceInterval = [64.952 us; 68.037 us] (CI 99.9%), Margin = 1.542 us (2.32% of Mean)
Skewness = 0.6, Kurtosis = 2.43, MValue = 2
-------------------- Histogram --------------------
[63.903 us ; 65.363 us) | @@@
[65.363 us ; 66.899 us) | @@@@@@@@
[66.899 us ; 68.528 us) | @@
[68.528 us ; 70.088 us) | @@
---------------------------------------------------

PairHandleBenchmarks.Advance: InProcess(Toolchain=InProcessEmitToolchain) [Shape=PairAlternating8]
Runtime = ; GC = 
Mean = 65.930 us, StdErr = 0.142 us (0.22%), N = 13, StdDev = 0.512 us
Min = 65.350 us, Q1 = 65.549 us, Median = 65.896 us, Q3 = 66.105 us, Max = 67.249 us
IQR = 0.556 us, LowerFence = 64.714 us, UpperFence = 66.940 us
ConfidenceInterval = [65.318 us; 66.543 us] (CI 99.9%), Margin = 0.613 us (0.93% of Mean)
Skewness = 1.19, Kurtosis = 3.77, MValue = 2
-------------------- Histogram --------------------
[65.065 us ; 67.535 us) | @@@@@@@@@@@@@
---------------------------------------------------

PairHandleBenchmarks.Advance: Job-TZECNT(IterationCount=16, IterationTime=200ms, WarmupCount=8) [Shape=PairRuns8Waves]
Runtime = .NET 10.0.12 (10.0.12, 10.0.1226.42308), X64 RyuJIT x86-64-v3; GC = Concurrent Workstation
Mean = 32.129 us, StdErr = 0.058 us (0.18%), N = 15, StdDev = 0.226 us
Min = 31.654 us, Q1 = 32.027 us, Median = 32.170 us, Q3 = 32.294 us, Max = 32.378 us
IQR = 0.268 us, LowerFence = 31.625 us, UpperFence = 32.696 us
ConfidenceInterval = [31.887 us; 32.370 us] (CI 99.9%), Margin = 0.242 us (0.75% of Mean)
Skewness = -0.81, Kurtosis = 2.38, MValue = 2
-------------------- Histogram --------------------
[31.534 us ; 32.498 us) | @@@@@@@@@@@@@@@
---------------------------------------------------

PairHandleBenchmarks.Advance: InProcess(Toolchain=InProcessEmitToolchain) [Shape=PairRuns8Waves]
Runtime = ; GC = 
Mean = 31.790 us, StdErr = 0.053 us (0.17%), N = 12, StdDev = 0.183 us
Min = 31.476 us, Q1 = 31.690 us, Median = 31.819 us, Q3 = 31.888 us, Max = 32.128 us
IQR = 0.198 us, LowerFence = 31.393 us, UpperFence = 32.185 us
ConfidenceInterval = [31.556 us; 32.024 us] (CI 99.9%), Margin = 0.234 us (0.74% of Mean)
Skewness = -0.15, Kurtosis = 2.25, MValue = 2
-------------------- Histogram --------------------
[31.371 us ; 32.187 us) | @@@@@@@@@@@@
---------------------------------------------------

PairHandleBenchmarks.Advance: Job-TZECNT(IterationCount=16, IterationTime=200ms, WarmupCount=8) [Shape=PairBlocks8Waves]
Runtime = .NET 10.0.12 (10.0.12, 10.0.1226.42308), X64 RyuJIT x86-64-v3; GC = Concurrent Workstation
Mean = 46.472 us, StdErr = 0.116 us (0.25%), N = 13, StdDev = 0.418 us
Min = 46.037 us, Q1 = 46.235 us, Median = 46.276 us, Q3 = 46.776 us, Max = 47.498 us
IQR = 0.541 us, LowerFence = 45.423 us, UpperFence = 47.588 us
ConfidenceInterval = [45.971 us; 46.973 us] (CI 99.9%), Margin = 0.501 us (1.08% of Mean)
Skewness = 0.99, Kurtosis = 3.13, MValue = 2
-------------------- Histogram --------------------
[45.804 us ; 47.732 us) | @@@@@@@@@@@@@
---------------------------------------------------

PairHandleBenchmarks.Advance: InProcess(Toolchain=InProcessEmitToolchain) [Shape=PairBlocks8Waves]
Runtime = ; GC = 
Mean = 46.772 us, StdErr = 0.071 us (0.15%), N = 13, StdDev = 0.255 us
Min = 46.471 us, Q1 = 46.586 us, Median = 46.718 us, Q3 = 46.825 us, Max = 47.213 us
IQR = 0.239 us, LowerFence = 46.228 us, UpperFence = 47.184 us
ConfidenceInterval = [46.466 us; 47.077 us] (CI 99.9%), Margin = 0.306 us (0.65% of Mean)
Skewness = 0.56, Kurtosis = 1.75, MValue = 2
-------------------- Histogram --------------------
[46.329 us ; 47.356 us) | @@@@@@@@@@@@@
---------------------------------------------------

PairHandleBenchmarks.Advance: Job-TZECNT(IterationCount=16, IterationTime=200ms, WarmupCount=8) [Shape=PairA(...)Waves [21]]
Runtime = .NET 10.0.12 (10.0.12, 10.0.1226.42308), X64 RyuJIT x86-64-v3; GC = Concurrent Workstation
Mean = 60.381 us, StdErr = 0.823 us (1.36%), N = 16, StdDev = 3.290 us
Min = 57.155 us, Q1 = 58.170 us, Median = 58.608 us, Q3 = 64.769 us, Max = 65.316 us
IQR = 6.600 us, LowerFence = 48.270 us, UpperFence = 74.669 us
ConfidenceInterval = [57.030 us; 63.731 us] (CI 99.9%), Margin = 3.350 us (5.55% of Mean)
Skewness = 0.67, Kurtosis = 1.46, MValue = 2.91
-------------------- Histogram --------------------
[56.464 us ; 59.892 us) | @@@@@@@@@@@
[59.892 us ; 63.304 us) | 
[63.304 us ; 67.030 us) | @@@@@
---------------------------------------------------

PairHandleBenchmarks.Advance: InProcess(Toolchain=InProcessEmitToolchain) [Shape=PairA(...)Waves [21]]
Runtime = ; GC = 
Mean = 62.225 us, StdErr = 0.023 us (0.04%), N = 14, StdDev = 0.086 us
Min = 62.008 us, Q1 = 62.178 us, Median = 62.238 us, Q3 = 62.269 us, Max = 62.368 us
IQR = 0.091 us, LowerFence = 62.041 us, UpperFence = 62.405 us
ConfidenceInterval = [62.128 us; 62.323 us] (CI 99.9%), Margin = 0.097 us (0.16% of Mean)
Skewness = -0.78, Kurtosis = 3.64, MValue = 2
-------------------- Histogram --------------------
[61.961 us ; 62.415 us) | @@@@@@@@@@@@@@
---------------------------------------------------

// * Summary *

BenchmarkDotNet v0.15.8, Linux Omarchy
Intel Core i9-14900K 0.80GHz, 1 CPU, 32 logical and 24 physical cores
.NET SDK 10.0.401
  [Host]     : .NET 10.0.12 (10.0.12, 10.0.1226.42308), X64 RyuJIT x86-64-v3
  Job-TZECNT : .NET 10.0.12 (10.0.12, 10.0.1226.42308), X64 RyuJIT x86-64-v3


| Method  | Job        | Toolchain              | IterationCount | IterationTime | WarmupCount | Shape                | Mean     | Error    | StdDev   | Median   | Allocated |
|-------- |----------- |----------------------- |--------------- |-------------- |------------ |--------------------- |---------:|---------:|---------:|---------:|----------:|
| Advance | Job-TZECNT | Default                | 16             | 200ms         | 8           | LaneUniform          | 31.14 us | 0.136 us | 0.114 us | 31.15 us |         - |
| Advance | InProcess  | InProcessEmitToolchain | Default        | Default       | Default     | LaneUniform          | 31.93 us | 0.631 us | 0.884 us | 31.41 us |         - |
| Advance | Job-TZECNT | Default                | 16             | 200ms         | 8           | PairOne              | 31.13 us | 0.101 us | 0.099 us | 31.16 us |         - |
| Advance | InProcess  | InProcessEmitToolchain | Default        | Default       | Default     | PairOne              | 29.31 us | 0.559 us | 0.687 us | 29.19 us |         - |
| Advance | Job-TZECNT | Default                | 16             | 200ms         | 8           | PairRuns8            | 37.48 us | 0.647 us | 0.636 us | 37.55 us |         - |
| Advance | InProcess  | InProcessEmitToolchain | Default        | Default       | Default     | PairRuns8            | 36.25 us | 0.056 us | 0.050 us | 36.25 us |         - |
| Advance | Job-TZECNT | Default                | 16             | 200ms         | 8           | PairAlternating8     | 66.49 us | 1.542 us | 1.443 us | 66.37 us |         - |
| Advance | InProcess  | InProcessEmitToolchain | Default        | Default       | Default     | PairAlternating8     | 65.93 us | 0.613 us | 0.512 us | 65.90 us |       1 B |
| Advance | Job-TZECNT | Default                | 16             | 200ms         | 8           | PairRuns8Waves       | 32.13 us | 0.242 us | 0.226 us | 32.17 us |         - |
| Advance | InProcess  | InProcessEmitToolchain | Default        | Default       | Default     | PairRuns8Waves       | 31.79 us | 0.234 us | 0.183 us | 31.82 us |         - |
| Advance | Job-TZECNT | Default                | 16             | 200ms         | 8           | PairBlocks8Waves     | 46.47 us | 0.501 us | 0.418 us | 46.28 us |         - |
| Advance | InProcess  | InProcessEmitToolchain | Default        | Default       | Default     | PairBlocks8Waves     | 46.77 us | 0.306 us | 0.255 us | 46.72 us |         - |
| Advance | Job-TZECNT | Default                | 16             | 200ms         | 8           | PairA(...)Waves [21] | 60.38 us | 3.350 us | 3.290 us | 58.61 us |         - |
| Advance | InProcess  | InProcessEmitToolchain | Default        | Default       | Default     | PairA(...)Waves [21] | 62.23 us | 0.097 us | 0.086 us | 62.24 us |       1 B |

// * Warnings *
MultimodalDistribution
  PairHandleBenchmarks.Advance: IterationCount=16, IterationTime=200ms, WarmupCount=8 -> It seems that the distribution can have several modes (mValue = 2.91)

// * Hints *
Outliers
  PairHandleBenchmarks.Advance: IterationCount=16, IterationTime=200ms, WarmupCount=8 -> 3 outliers were removed (32.65 us..34.97 us)
  PairHandleBenchmarks.Advance: InProcess                                             -> 2 outliers were removed (34.77 us, 34.91 us)
  PairHandleBenchmarks.Advance: IterationCount=16, IterationTime=200ms, WarmupCount=8 -> 1 outlier  was  detected (30.89 us)
  PairHandleBenchmarks.Advance: InProcess                                             -> 3 outliers were removed (31.66 us..32.52 us)
  PairHandleBenchmarks.Advance: InProcess                                             -> 1 outlier  was  removed, 2 outliers were detected (36.16 us, 37.22 us)
  PairHandleBenchmarks.Advance: IterationCount=16, IterationTime=200ms, WarmupCount=8 -> 1 outlier  was  removed (70.10 us)
  PairHandleBenchmarks.Advance: InProcess                                             -> 2 outliers were removed (67.88 us, 68.43 us)
  PairHandleBenchmarks.Advance: IterationCount=16, IterationTime=200ms, WarmupCount=8 -> 1 outlier  was  removed (33.29 us)
  PairHandleBenchmarks.Advance: InProcess                                             -> 3 outliers were removed (32.69 us..34.16 us)
  PairHandleBenchmarks.Advance: IterationCount=16, IterationTime=200ms, WarmupCount=8 -> 3 outliers were removed (52.21 us..52.25 us)
  PairHandleBenchmarks.Advance: InProcess                                             -> 2 outliers were removed (49.13 us, 52.63 us)
  PairHandleBenchmarks.Advance: InProcess                                             -> 1 outlier  was  removed, 2 outliers were detected (62.01 us, 62.44 us)

// * Legends *
  Shape     : Value of the 'Shape' parameter
  Mean      : Arithmetic mean of all measurements
  Error     : Half of 99.9% confidence interval
  StdDev    : Standard deviation of all measurements
  Median    : Value separating the higher half of all measurements (50th percentile)
  Allocated : Allocated memory per single operation (managed only, inclusive, 1KB = 1024B)
  1 us      : 1 Microsecond (0.000001 sec)

// * Diagnostic Output - MemoryDiagnoser *


// ***** BenchmarkRunner: End *****
Run time: 00:02:55 (175.11 sec), executed benchmarks: 14

Global total time: 00:02:58 (178.62 sec), executed benchmarks: 14
// * Artifacts cleanup *
Artifacts cleanup is finished
