  Determining projects to restore...
  Restored /home/i/Work/tl-integration/samples/Compiled/Compiled.csproj (in 65 ms).
  Restored /home/i/Work/tl-integration/benchmarks/Dispatch/Dispatch.csproj (in 77 ms).
  2 of 4 projects are up-to-date for restore.
  Small: 8 clips, 15 regions, 7591 source characters.
  Medium: 64 clips, 113 regions, 70015 source characters.
  Large: 512 clips, 897 regions, 653994 source characters.
  Fused256: 256 timelines, 239103 source characters.
  Fused4096: 4096 timelines, 3892505 source characters.
  Sparse256: 256 timelines, 179880 source characters.
  Sparse4096: 4096 timelines, 1771812 source characters.
  VitalsFrozen: 13 region starts, 117446 source characters.
  Fused16Frozen: 16 clips, 32 region starts, 7202 source characters.
  FrozenHub: 2 frozen timelines registered (VitalsFrozen = 0, Fused16Frozen = 1), 3170 source characters.
  Discovered Tl.Hooks.Receiver: IClip, ITimelineForward
  Generated /home/i/Work/tl-integration/benchmarks/Dispatch/ReceiverLink.g.cs; unsupported hooks omitted.
  Tl.Core -> /home/i/Work/tl-integration/src/Tl.Core/bin/Release/net10.0/Tl.Core.dll
  Tl.Gen -> /home/i/Work/tl-integration/src/Tl.Gen/bin/Release/net10.0/Tl.Gen.dll
  TlGenCompile: CompiledPulse <- Timeline.cs:66 (4 tracks, 19 clips, duration 600, loops True).
  TlGenCompile: 1 kernel(s) + shared runtime -> obj/Release/net10.0/TlGenCompile/
  Compiled -> /home/i/Work/tl-integration/samples/Compiled/bin/Release/net10.0/Compiled.dll
  Dispatch -> /home/i/Work/tl-integration/benchmarks/Dispatch/bin/Release/net10.0/Dispatch.dll

Build succeeded.
    0 Warning(s)
    0 Error(s)

Time Elapsed 00:00:55.91
