// Validating benchmarks:
// ***** BenchmarkRunner: Start   *****
// ***** Found 14 benchmark(s) in total *****
// ***** Building 2 exe(s) in Parallel: Start   *****
// ***** Done, took 00:00:04 (4.6 sec)   *****
// Found 14 benchmarks:
//   PairHandleBenchmarks.Advance: Job-TZECNT(IterationCount=16, IterationTime=200ms, WarmupCount=8) [Shape=LaneUniform]
//   PairHandleBenchmarks.Advance: InProcess(Toolchain=InProcessEmitToolchain) [Shape=LaneUniform]
//   PairHandleBenchmarks.Advance: Job-TZECNT(IterationCount=16, IterationTime=200ms, WarmupCount=8) [Shape=PairOne]
//   PairHandleBenchmarks.Advance: InProcess(Toolchain=InProcessEmitToolchain) [Shape=PairOne]
//   PairHandleBenchmarks.Advance: Job-TZECNT(IterationCount=16, IterationTime=200ms, WarmupCount=8) [Shape=PairRuns8]
//   PairHandleBenchmarks.Advance: InProcess(Toolchain=InProcessEmitToolchain) [Shape=PairRuns8]
//   PairHandleBenchmarks.Advance: Job-TZECNT(IterationCount=16, IterationTime=200ms, WarmupCount=8) [Shape=PairAlternating8]
//   PairHandleBenchmarks.Advance: InProcess(Toolchain=InProcessEmitToolchain) [Shape=PairAlternating8]
//   PairHandleBenchmarks.Advance: Job-TZECNT(IterationCount=16, IterationTime=200ms, WarmupCount=8) [Shape=PairRuns8Waves]
//   PairHandleBenchmarks.Advance: InProcess(Toolchain=InProcessEmitToolchain) [Shape=PairRuns8Waves]
//   PairHandleBenchmarks.Advance: Job-TZECNT(IterationCount=16, IterationTime=200ms, WarmupCount=8) [Shape=PairBlocks8Waves]
//   PairHandleBenchmarks.Advance: InProcess(Toolchain=InProcessEmitToolchain) [Shape=PairBlocks8Waves]
//   PairHandleBenchmarks.Advance: Job-TZECNT(IterationCount=16, IterationTime=200ms, WarmupCount=8) [Shape=PairA(...)Waves [21]]
//   PairHandleBenchmarks.Advance: InProcess(Toolchain=InProcessEmitToolchain) [Shape=PairA(...)Waves [21]]

// **************************
// Benchmark: PairHandleBenchmarks.Advance: Job-TZECNT(IterationCount=16, IterationTime=200ms, WarmupCount=8) [Shape=LaneUniform]
// *** Execute ***
// Launch: 1 / 1
// Execute: dotnet PairHandles-Job-TZECNT-1.dll --anonymousPipes 138 139 --benchmarkName "PairHandles.PairHandleBenchmarks.Advance(Shape: LaneUniform)" --job "IterationCount=16, IterationTime=200ms, WarmupCount=8" --benchmarkId 0 in /home/i/GitHub/tl-w351/benchmarks/PairHandles/bin/Release/net10.0/PairHandles-Job-TZECNT-1/bin/Release/net10.0
// Failed to set up high priority (Permission denied). In order to run benchmarks with high priority, make sure you have the right permissions.
// BeforeAnythingElse

// Benchmark Process Environment Information:
// BenchmarkDotNet v0.15.8
// Runtime=.NET 10.0.12 (10.0.12, 10.0.1226.42308), X64 RyuJIT x86-64-v3
// GC=Concurrent Workstation
// HardwareIntrinsics=AVX2+BMI1+BMI2+F16C+FMA+LZCNT+MOVBE,AVX,SSE3+SSSE3+SSE4.1+SSE4.2+POPCNT,X86Base+SSE+SSE2,AES+PCLMUL,AvxVnni,SERIALIZE VectorSize=256
// Job: Job-TZECNT(IterationCount=16, IterationTime=200ms, WarmupCount=8)

OverheadJitting  1: 1 op, 77764.00 ns, 77.7640 us/op
WorkloadJitting  1: 1 op, 10539052.00 ns, 10.5391 ms/op

OverheadJitting  2: 16 op, 99262.00 ns, 6.2039 us/op
WorkloadJitting  2: 16 op, 649324.00 ns, 40.5828 us/op

WorkloadPilot    1: 16 op, 530097.00 ns, 33.1311 us/op
WorkloadPilot    2: 6048 op, 197598756.00 ns, 32.6718 us/op
WorkloadPilot    3: 6128 op, 200836319.00 ns, 32.7736 us/op
WorkloadPilot    4: 6112 op, 199813121.00 ns, 32.6919 us/op
WorkloadPilot    5: 6128 op, 200407576.00 ns, 32.7036 us/op

OverheadWarmup   1: 6128 op, 8833.00 ns, 1.4414 ns/op
OverheadWarmup   2: 6128 op, 8621.00 ns, 1.4068 ns/op
OverheadWarmup   3: 6128 op, 7632.00 ns, 1.2454 ns/op
OverheadWarmup   4: 6128 op, 7534.00 ns, 1.2294 ns/op
OverheadWarmup   5: 6128 op, 7537.00 ns, 1.2299 ns/op
OverheadWarmup   6: 6128 op, 7597.00 ns, 1.2397 ns/op
OverheadWarmup   7: 6128 op, 7484.00 ns, 1.2213 ns/op
OverheadWarmup   8: 6128 op, 7620.00 ns, 1.2435 ns/op
OverheadWarmup   9: 6128 op, 7604.00 ns, 1.2409 ns/op

OverheadActual   1: 6128 op, 7690.00 ns, 1.2549 ns/op
OverheadActual   2: 6128 op, 7698.00 ns, 1.2562 ns/op
OverheadActual   3: 6128 op, 7680.00 ns, 1.2533 ns/op
OverheadActual   4: 6128 op, 7642.00 ns, 1.2471 ns/op
OverheadActual   5: 6128 op, 7643.00 ns, 1.2472 ns/op
OverheadActual   6: 6128 op, 7594.00 ns, 1.2392 ns/op
OverheadActual   7: 6128 op, 7609.00 ns, 1.2417 ns/op
OverheadActual   8: 6128 op, 7522.00 ns, 1.2275 ns/op
OverheadActual   9: 6128 op, 7519.00 ns, 1.2270 ns/op
OverheadActual  10: 6128 op, 7497.00 ns, 1.2234 ns/op
OverheadActual  11: 6128 op, 7502.00 ns, 1.2242 ns/op
OverheadActual  12: 6128 op, 7606.00 ns, 1.2412 ns/op
OverheadActual  13: 6128 op, 7556.00 ns, 1.2330 ns/op
OverheadActual  14: 6128 op, 7517.00 ns, 1.2267 ns/op
OverheadActual  15: 6128 op, 7589.00 ns, 1.2384 ns/op

WorkloadWarmup   1: 6128 op, 200990888.00 ns, 32.7988 us/op
WorkloadWarmup   2: 6128 op, 200509263.00 ns, 32.7202 us/op
WorkloadWarmup   3: 6128 op, 200190670.00 ns, 32.6682 us/op
WorkloadWarmup   4: 6128 op, 201007991.00 ns, 32.8016 us/op
WorkloadWarmup   5: 6128 op, 200135114.00 ns, 32.6591 us/op
WorkloadWarmup   6: 6128 op, 269848574.00 ns, 44.0353 us/op
WorkloadWarmup   7: 6128 op, 200420998.00 ns, 32.7058 us/op
WorkloadWarmup   8: 6128 op, 194029603.00 ns, 31.6628 us/op

// BeforeActualRun
WorkloadActual   1: 6128 op, 193428884.00 ns, 31.5648 us/op
WorkloadActual   2: 6128 op, 192964341.00 ns, 31.4890 us/op
WorkloadActual   3: 6128 op, 193526591.00 ns, 31.5807 us/op
WorkloadActual   4: 6128 op, 192454365.00 ns, 31.4057 us/op
WorkloadActual   5: 6128 op, 192671060.00 ns, 31.4411 us/op
WorkloadActual   6: 6128 op, 194637184.00 ns, 31.7619 us/op
WorkloadActual   7: 6128 op, 193091246.00 ns, 31.5097 us/op
WorkloadActual   8: 6128 op, 192679310.00 ns, 31.4424 us/op
WorkloadActual   9: 6128 op, 192906923.00 ns, 31.4796 us/op
WorkloadActual  10: 6128 op, 192740806.00 ns, 31.4525 us/op
WorkloadActual  11: 6128 op, 202289058.00 ns, 33.0106 us/op
WorkloadActual  12: 6128 op, 193405827.00 ns, 31.5610 us/op
WorkloadActual  13: 6128 op, 192283452.00 ns, 31.3778 us/op
WorkloadActual  14: 6128 op, 192813141.00 ns, 31.4643 us/op
WorkloadActual  15: 6128 op, 192722824.00 ns, 31.4495 us/op
WorkloadActual  16: 6128 op, 193274364.00 ns, 31.5396 us/op

// AfterActualRun
WorkloadResult   1: 6128 op, 193421290.00 ns, 31.5635 us/op
WorkloadResult   2: 6128 op, 192956747.00 ns, 31.4877 us/op
WorkloadResult   3: 6128 op, 193518997.00 ns, 31.5795 us/op
WorkloadResult   4: 6128 op, 192446771.00 ns, 31.4045 us/op
WorkloadResult   5: 6128 op, 192663466.00 ns, 31.4399 us/op
WorkloadResult   6: 6128 op, 193083652.00 ns, 31.5084 us/op
WorkloadResult   7: 6128 op, 192671716.00 ns, 31.4412 us/op
WorkloadResult   8: 6128 op, 192899329.00 ns, 31.4784 us/op
WorkloadResult   9: 6128 op, 192733212.00 ns, 31.4512 us/op
WorkloadResult  10: 6128 op, 193398233.00 ns, 31.5598 us/op
WorkloadResult  11: 6128 op, 192275858.00 ns, 31.3766 us/op
WorkloadResult  12: 6128 op, 192805547.00 ns, 31.4630 us/op
WorkloadResult  13: 6128 op, 192715230.00 ns, 31.4483 us/op
WorkloadResult  14: 6128 op, 193266770.00 ns, 31.5383 us/op
// GC:  0 0 0 0 6128
// Threading:  0 0 6128

// AfterAll
// Benchmark Process 187708 has exited with code 0.

Mean = 31.481 μs, StdErr = 0.016 μs (0.05%), N = 14, StdDev = 0.061 μs
Min = 31.377 μs, Q1 = 31.443 μs, Median = 31.471 μs, Q3 = 31.531 μs, Max = 31.579 μs
IQR = 0.088 μs, LowerFence = 31.311 μs, UpperFence = 31.663 μs
ConfidenceInterval = [31.412 μs; 31.551 μs] (CI 99.9%), Margin = 0.069 μs (0.22% of Mean)
Skewness = 0.11, Kurtosis = 1.75, MValue = 2

// ** Remained 13 (92.9 %) benchmark(s) to run. Estimated finish 2026-09-23 1:54 (0h 1m from now) **
// **************************
// Benchmark: PairHandleBenchmarks.Advance: InProcess(Toolchain=InProcessEmitToolchain) [Shape=LaneUniform]
// *** Execute ***
// Launch: 1 / 1
// ! Failed to set up priority High for process System.Diagnostics.Process (PairHandles). Make sure you have the right permissions. Message: Permission denied

// Benchmark Process Environment Information:
// BenchmarkDotNet v0.15.8
// Runtime=.NET 10.0.12 (10.0.12, 10.0.1226.42308), X64 RyuJIT x86-64-v3
// GC=Concurrent Workstation
// HardwareIntrinsics=AVX2+BMI1+BMI2+F16C+FMA+LZCNT+MOVBE,AVX,SSE3+SSSE3+SSE4.1+SSE4.2+POPCNT,X86Base+SSE+SSE2,AES+PCLMUL,AvxVnni,SERIALIZE VectorSize=256
// Job: Job-JWQWGO(Toolchain=InProcessEmitToolchain)

OverheadJitting  1: 1 op, 75189.00 ns, 75.1890 us/op
WorkloadJitting  1: 1 op, 2034226.00 ns, 2.0342 ms/op

OverheadJitting  2: 16 op, 113910.00 ns, 7.1194 us/op
WorkloadJitting  2: 16 op, 683126.00 ns, 42.6954 us/op

WorkloadPilot    1: 16 op, 531189.00 ns, 33.1993 us/op
WorkloadPilot    2: 32 op, 1079524.00 ns, 33.7351 us/op
WorkloadPilot    3: 64 op, 2123263.00 ns, 33.1760 us/op
WorkloadPilot    4: 128 op, 4217356.00 ns, 32.9481 us/op
WorkloadPilot    5: 256 op, 8385181.00 ns, 32.7546 us/op
WorkloadPilot    6: 512 op, 16768041.00 ns, 32.7501 us/op
WorkloadPilot    7: 1024 op, 33464052.00 ns, 32.6797 us/op
WorkloadPilot    8: 2048 op, 67041773.00 ns, 32.7352 us/op
WorkloadPilot    9: 4096 op, 133575102.00 ns, 32.6111 us/op
WorkloadPilot   10: 8192 op, 267812255.00 ns, 32.6919 us/op
WorkloadPilot   11: 16384 op, 535842996.00 ns, 32.7053 us/op

OverheadWarmup   1: 16384 op, 23723.00 ns, 1.4479 ns/op
OverheadWarmup   2: 16384 op, 22825.00 ns, 1.3931 ns/op
OverheadWarmup   3: 16384 op, 20140.00 ns, 1.2292 ns/op
OverheadWarmup   4: 16384 op, 20103.00 ns, 1.2270 ns/op
OverheadWarmup   5: 16384 op, 20139.00 ns, 1.2292 ns/op
OverheadWarmup   6: 16384 op, 20135.00 ns, 1.2289 ns/op
OverheadWarmup   7: 16384 op, 20142.00 ns, 1.2294 ns/op
OverheadWarmup   8: 16384 op, 20114.00 ns, 1.2277 ns/op

OverheadActual   1: 16384 op, 20208.00 ns, 1.2334 ns/op
OverheadActual   2: 16384 op, 21256.00 ns, 1.2974 ns/op
OverheadActual   3: 16384 op, 20212.00 ns, 1.2336 ns/op
OverheadActual   4: 16384 op, 20132.00 ns, 1.2288 ns/op
OverheadActual   5: 16384 op, 20188.00 ns, 1.2322 ns/op
OverheadActual   6: 16384 op, 20111.00 ns, 1.2275 ns/op
OverheadActual   7: 16384 op, 20131.00 ns, 1.2287 ns/op
OverheadActual   8: 16384 op, 20092.00 ns, 1.2263 ns/op
OverheadActual   9: 16384 op, 20109.00 ns, 1.2274 ns/op
OverheadActual  10: 16384 op, 20091.00 ns, 1.2263 ns/op
OverheadActual  11: 16384 op, 21159.00 ns, 1.2914 ns/op
OverheadActual  12: 16384 op, 21146.00 ns, 1.2906 ns/op
OverheadActual  13: 16384 op, 21178.00 ns, 1.2926 ns/op
OverheadActual  14: 16384 op, 21165.00 ns, 1.2918 ns/op
OverheadActual  15: 16384 op, 21173.00 ns, 1.2923 ns/op

WorkloadWarmup   1: 16384 op, 536284966.00 ns, 32.7322 us/op
WorkloadWarmup   2: 16384 op, 535810456.00 ns, 32.7033 us/op
WorkloadWarmup   3: 16384 op, 537121125.00 ns, 32.7833 us/op
WorkloadWarmup   4: 16384 op, 635136512.00 ns, 38.7657 us/op
WorkloadWarmup   5: 16384 op, 515234734.00 ns, 31.4474 us/op
WorkloadWarmup   6: 16384 op, 516185325.00 ns, 31.5055 us/op
WorkloadWarmup   7: 16384 op, 515564386.00 ns, 31.4676 us/op

WorkloadActual   1: 16384 op, 515883035.00 ns, 31.4870 us/op
WorkloadActual   2: 16384 op, 515793283.00 ns, 31.4815 us/op
WorkloadActual   3: 16384 op, 519298842.00 ns, 31.6955 us/op
WorkloadActual   4: 16384 op, 517016922.00 ns, 31.5562 us/op
WorkloadActual   5: 16384 op, 515429293.00 ns, 31.4593 us/op
WorkloadActual   6: 16384 op, 524867316.00 ns, 32.0354 us/op
WorkloadActual   7: 16384 op, 515246780.00 ns, 31.4482 us/op
WorkloadActual   8: 16384 op, 516849264.00 ns, 31.5460 us/op
WorkloadActual   9: 16384 op, 515778348.00 ns, 31.4806 us/op
WorkloadActual  10: 16384 op, 514669831.00 ns, 31.4130 us/op
WorkloadActual  11: 16384 op, 516268766.00 ns, 31.5105 us/op
WorkloadActual  12: 16384 op, 529169378.00 ns, 32.2979 us/op
WorkloadActual  13: 16384 op, 515690692.00 ns, 31.4753 us/op
WorkloadActual  14: 16384 op, 524946535.00 ns, 32.0402 us/op
WorkloadActual  15: 16384 op, 515532993.00 ns, 31.4656 us/op

WorkloadResult   1: 16384 op, 515862827.00 ns, 31.4858 us/op
WorkloadResult   2: 16384 op, 515773075.00 ns, 31.4803 us/op
WorkloadResult   3: 16384 op, 519278634.00 ns, 31.6943 us/op
WorkloadResult   4: 16384 op, 516996714.00 ns, 31.5550 us/op
WorkloadResult   5: 16384 op, 515409085.00 ns, 31.4581 us/op
WorkloadResult   6: 16384 op, 515226572.00 ns, 31.4469 us/op
WorkloadResult   7: 16384 op, 516829056.00 ns, 31.5447 us/op
WorkloadResult   8: 16384 op, 515758140.00 ns, 31.4794 us/op
WorkloadResult   9: 16384 op, 514649623.00 ns, 31.4117 us/op
WorkloadResult  10: 16384 op, 516248558.00 ns, 31.5093 us/op
WorkloadResult  11: 16384 op, 515670484.00 ns, 31.4740 us/op
WorkloadResult  12: 16384 op, 515512785.00 ns, 31.4644 us/op
// GC:  0 0 0 0 16384
// Threading:  0 0 16384


Mean = 31.500 μs, StdErr = 0.021 μs (0.07%), N = 12, StdDev = 0.073 μs
Min = 31.412 μs, Q1 = 31.463 μs, Median = 31.480 μs, Q3 = 31.518 μs, Max = 31.694 μs
IQR = 0.055 μs, LowerFence = 31.380 μs, UpperFence = 31.601 μs
ConfidenceInterval = [31.407 μs; 31.593 μs] (CI 99.9%), Margin = 0.093 μs (0.30% of Mean)
Skewness = 1.42, Kurtosis = 4.48, MValue = 2

// ** Remained 12 (85.7 %) benchmark(s) to run. Estimated finish 2026-09-23 1:55 (0h 1m from now) **
// **************************
// Benchmark: PairHandleBenchmarks.Advance: Job-TZECNT(IterationCount=16, IterationTime=200ms, WarmupCount=8) [Shape=PairOne]
// *** Execute ***
// Launch: 1 / 1
// Execute: dotnet PairHandles-Job-TZECNT-1.dll --anonymousPipes 116 117 --benchmarkName "PairHandles.PairHandleBenchmarks.Advance(Shape: PairOne)" --job "IterationCount=16, IterationTime=200ms, WarmupCount=8" --benchmarkId 1 in /home/i/GitHub/tl-w351/benchmarks/PairHandles/bin/Release/net10.0/PairHandles-Job-TZECNT-1/bin/Release/net10.0
// Failed to set up high priority (Permission denied). In order to run benchmarks with high priority, make sure you have the right permissions.
// BeforeAnythingElse

// Benchmark Process Environment Information:
// BenchmarkDotNet v0.15.8
// Runtime=.NET 10.0.12 (10.0.12, 10.0.1226.42308), X64 RyuJIT x86-64-v3
// GC=Concurrent Workstation
// HardwareIntrinsics=AVX2+BMI1+BMI2+F16C+FMA+LZCNT+MOVBE,AVX,SSE3+SSSE3+SSE4.1+SSE4.2+POPCNT,X86Base+SSE+SSE2,AES+PCLMUL,AvxVnni,SERIALIZE VectorSize=256
// Job: Job-TZECNT(IterationCount=16, IterationTime=200ms, WarmupCount=8)

OverheadJitting  1: 1 op, 76545.00 ns, 76.5450 us/op
WorkloadJitting  1: 1 op, 10134065.00 ns, 10.1341 ms/op

OverheadJitting  2: 16 op, 95133.00 ns, 5.9458 us/op
WorkloadJitting  2: 16 op, 628873.00 ns, 39.3046 us/op

WorkloadPilot    1: 16 op, 532360.00 ns, 33.2725 us/op
WorkloadPilot    2: 6016 op, 193708815.00 ns, 32.1989 us/op
WorkloadPilot    3: 6224 op, 201931565.00 ns, 32.4440 us/op
WorkloadPilot    4: 6176 op, 197496642.00 ns, 31.9781 us/op
WorkloadPilot    5: 6256 op, 202694629.00 ns, 32.4000 us/op
WorkloadPilot    6: 6176 op, 201174168.00 ns, 32.5735 us/op

OverheadWarmup   1: 6176 op, 8932.00 ns, 1.4462 ns/op
OverheadWarmup   2: 6176 op, 8657.00 ns, 1.4017 ns/op
OverheadWarmup   3: 6176 op, 8634.00 ns, 1.3980 ns/op
OverheadWarmup   4: 6176 op, 8602.00 ns, 1.3928 ns/op
OverheadWarmup   5: 6176 op, 7606.00 ns, 1.2315 ns/op
OverheadWarmup   6: 6176 op, 7631.00 ns, 1.2356 ns/op
OverheadWarmup   7: 6176 op, 7579.00 ns, 1.2272 ns/op
OverheadWarmup   8: 6176 op, 7598.00 ns, 1.2302 ns/op
OverheadWarmup   9: 6176 op, 7601.00 ns, 1.2307 ns/op
OverheadWarmup  10: 6176 op, 7631.00 ns, 1.2356 ns/op

OverheadActual   1: 6176 op, 7780.00 ns, 1.2597 ns/op
OverheadActual   2: 6176 op, 7774.00 ns, 1.2587 ns/op
OverheadActual   3: 6176 op, 7722.00 ns, 1.2503 ns/op
OverheadActual   4: 6176 op, 7710.00 ns, 1.2484 ns/op
OverheadActual   5: 6176 op, 7700.00 ns, 1.2468 ns/op
OverheadActual   6: 6176 op, 7605.00 ns, 1.2314 ns/op
OverheadActual   7: 6176 op, 7615.00 ns, 1.2330 ns/op
OverheadActual   8: 6176 op, 7619.00 ns, 1.2336 ns/op
OverheadActual   9: 6176 op, 7601.00 ns, 1.2307 ns/op
OverheadActual  10: 6176 op, 7613.00 ns, 1.2327 ns/op
OverheadActual  11: 6176 op, 7604.00 ns, 1.2312 ns/op
OverheadActual  12: 6176 op, 7624.00 ns, 1.2345 ns/op
OverheadActual  13: 6176 op, 7614.00 ns, 1.2328 ns/op
OverheadActual  14: 6176 op, 7655.00 ns, 1.2395 ns/op
OverheadActual  15: 6176 op, 7643.00 ns, 1.2375 ns/op

WorkloadWarmup   1: 6176 op, 199700616.00 ns, 32.3349 us/op
WorkloadWarmup   2: 6176 op, 199266766.00 ns, 32.2647 us/op
WorkloadWarmup   3: 6176 op, 198264582.00 ns, 32.1024 us/op
WorkloadWarmup   4: 6176 op, 198506003.00 ns, 32.1415 us/op
WorkloadWarmup   5: 6176 op, 198767286.00 ns, 32.1838 us/op
WorkloadWarmup   6: 6176 op, 199584447.00 ns, 32.3161 us/op
WorkloadWarmup   7: 6176 op, 200794329.00 ns, 32.5120 us/op
WorkloadWarmup   8: 6176 op, 237729481.00 ns, 38.4925 us/op

// BeforeActualRun
WorkloadActual   1: 6176 op, 198731423.00 ns, 32.1780 us/op
WorkloadActual   2: 6176 op, 198078676.00 ns, 32.0723 us/op
WorkloadActual   3: 6176 op, 198671415.00 ns, 32.1683 us/op
WorkloadActual   4: 6176 op, 198642566.00 ns, 32.1636 us/op
WorkloadActual   5: 6176 op, 198705131.00 ns, 32.1738 us/op
WorkloadActual   6: 6176 op, 197741528.00 ns, 32.0177 us/op
WorkloadActual   7: 6176 op, 199557735.00 ns, 32.3118 us/op
WorkloadActual   8: 6176 op, 193707491.00 ns, 31.3646 us/op
WorkloadActual   9: 6176 op, 194659281.00 ns, 31.5187 us/op
WorkloadActual  10: 6176 op, 193885561.00 ns, 31.3934 us/op
WorkloadActual  11: 6176 op, 195624418.00 ns, 31.6749 us/op
WorkloadActual  12: 6176 op, 193704808.00 ns, 31.3641 us/op
WorkloadActual  13: 6176 op, 193440961.00 ns, 31.3214 us/op
WorkloadActual  14: 6176 op, 194012703.00 ns, 31.4140 us/op
WorkloadActual  15: 6176 op, 198188584.00 ns, 32.0901 us/op
WorkloadActual  16: 6176 op, 193917296.00 ns, 31.3985 us/op

// AfterActualRun
WorkloadResult   1: 6176 op, 198723799.00 ns, 32.1768 us/op
WorkloadResult   2: 6176 op, 198071052.00 ns, 32.0711 us/op
WorkloadResult   3: 6176 op, 198663791.00 ns, 32.1671 us/op
WorkloadResult   4: 6176 op, 198634942.00 ns, 32.1624 us/op
WorkloadResult   5: 6176 op, 198697507.00 ns, 32.1725 us/op
WorkloadResult   6: 6176 op, 197733904.00 ns, 32.0165 us/op
WorkloadResult   7: 6176 op, 199550111.00 ns, 32.3106 us/op
WorkloadResult   8: 6176 op, 193699867.00 ns, 31.3633 us/op
WorkloadResult   9: 6176 op, 194651657.00 ns, 31.5174 us/op
WorkloadResult  10: 6176 op, 193877937.00 ns, 31.3922 us/op
WorkloadResult  11: 6176 op, 195616794.00 ns, 31.6737 us/op
WorkloadResult  12: 6176 op, 193697184.00 ns, 31.3629 us/op
WorkloadResult  13: 6176 op, 193433337.00 ns, 31.3202 us/op
WorkloadResult  14: 6176 op, 194005079.00 ns, 31.4127 us/op
WorkloadResult  15: 6176 op, 198180960.00 ns, 32.0889 us/op
WorkloadResult  16: 6176 op, 193909672.00 ns, 31.3973 us/op
// GC:  0 0 0 0 6176
// Threading:  0 0 6176

// AfterAll
// Benchmark Process 187722 has exited with code 0.

Mean = 31.788 μs, StdErr = 0.096 μs (0.30%), N = 16, StdDev = 0.383 μs
Min = 31.320 μs, Q1 = 31.396 μs, Median = 31.845 μs, Q3 = 32.164 μs, Max = 32.311 μs
IQR = 0.768 μs, LowerFence = 30.245 μs, UpperFence = 33.315 μs
ConfidenceInterval = [31.398 μs; 32.177 μs] (CI 99.9%), Margin = 0.390 μs (1.23% of Mean)
Skewness = -0.03, Kurtosis = 1.06, MValue = 2

// ** Remained 11 (78.6 %) benchmark(s) to run. Estimated finish 2026-09-23 1:54 (0h 1m from now) **
// **************************
// Benchmark: PairHandleBenchmarks.Advance: InProcess(Toolchain=InProcessEmitToolchain) [Shape=PairOne]
// *** Execute ***
// Launch: 1 / 1
// ! Failed to set up priority High for process System.Diagnostics.Process (PairHandles). Make sure you have the right permissions. Message: Permission denied

// Benchmark Process Environment Information:
// BenchmarkDotNet v0.15.8
// Runtime=.NET 10.0.12 (10.0.12, 10.0.1226.42308), X64 RyuJIT x86-64-v3
// GC=Concurrent Workstation
// HardwareIntrinsics=AVX2+BMI1+BMI2+F16C+FMA+LZCNT+MOVBE,AVX,SSE3+SSSE3+SSE4.1+SSE4.2+POPCNT,X86Base+SSE+SSE2,AES+PCLMUL,AvxVnni,SERIALIZE VectorSize=256
// Job: Job-JWQWGO(Toolchain=InProcessEmitToolchain)

OverheadJitting  1: 1 op, 114050.00 ns, 114.0500 us/op
WorkloadJitting  1: 1 op, 137757.00 ns, 137.7570 us/op

OverheadJitting  2: 16 op, 103040.00 ns, 6.4400 us/op
WorkloadJitting  2: 16 op, 643500.00 ns, 40.2188 us/op

WorkloadPilot    1: 16 op, 507461.00 ns, 31.7163 us/op
WorkloadPilot    2: 32 op, 994095.00 ns, 31.0655 us/op
WorkloadPilot    3: 64 op, 2007327.00 ns, 31.3645 us/op
WorkloadPilot    4: 128 op, 3822142.00 ns, 29.8605 us/op
WorkloadPilot    5: 256 op, 7778646.00 ns, 30.3853 us/op
WorkloadPilot    6: 512 op, 15154800.00 ns, 29.5992 us/op
WorkloadPilot    7: 1024 op, 29743846.00 ns, 29.0467 us/op
WorkloadPilot    8: 2048 op, 59497058.00 ns, 29.0513 us/op
WorkloadPilot    9: 4096 op, 119207318.00 ns, 29.1033 us/op
WorkloadPilot   10: 8192 op, 233873745.00 ns, 28.5490 us/op
WorkloadPilot   11: 16384 op, 462350768.00 ns, 28.2197 us/op
WorkloadPilot   12: 32768 op, 946005152.00 ns, 28.8698 us/op

OverheadWarmup   1: 32768 op, 44315.00 ns, 1.3524 ns/op
OverheadWarmup   2: 32768 op, 42108.00 ns, 1.2850 ns/op
OverheadWarmup   3: 32768 op, 42032.00 ns, 1.2827 ns/op
OverheadWarmup   4: 32768 op, 42059.00 ns, 1.2835 ns/op
OverheadWarmup   5: 32768 op, 42040.00 ns, 1.2830 ns/op
OverheadWarmup   6: 32768 op, 42079.00 ns, 1.2841 ns/op
OverheadWarmup   7: 32768 op, 42078.00 ns, 1.2841 ns/op

OverheadActual   1: 32768 op, 42073.00 ns, 1.2840 ns/op
OverheadActual   2: 32768 op, 42042.00 ns, 1.2830 ns/op
OverheadActual   3: 32768 op, 42026.00 ns, 1.2825 ns/op
OverheadActual   4: 32768 op, 42040.00 ns, 1.2830 ns/op
OverheadActual   5: 32768 op, 42064.00 ns, 1.2837 ns/op
OverheadActual   6: 32768 op, 46314.00 ns, 1.4134 ns/op
OverheadActual   7: 32768 op, 42032.00 ns, 1.2827 ns/op
OverheadActual   8: 32768 op, 42066.00 ns, 1.2838 ns/op
OverheadActual   9: 32768 op, 46297.00 ns, 1.4129 ns/op
OverheadActual  10: 32768 op, 42024.00 ns, 1.2825 ns/op
OverheadActual  11: 32768 op, 42039.00 ns, 1.2829 ns/op
OverheadActual  12: 32768 op, 42028.00 ns, 1.2826 ns/op
OverheadActual  13: 32768 op, 42028.00 ns, 1.2826 ns/op
OverheadActual  14: 32768 op, 42055.00 ns, 1.2834 ns/op
OverheadActual  15: 32768 op, 42046.00 ns, 1.2831 ns/op

WorkloadWarmup   1: 32768 op, 1028349661.00 ns, 31.3827 us/op
WorkloadWarmup   2: 32768 op, 945579250.00 ns, 28.8568 us/op
WorkloadWarmup   3: 32768 op, 948298188.00 ns, 28.9398 us/op
WorkloadWarmup   4: 32768 op, 929650392.00 ns, 28.3707 us/op
WorkloadWarmup   5: 32768 op, 941162621.00 ns, 28.7220 us/op
WorkloadWarmup   6: 32768 op, 943277004.00 ns, 28.7865 us/op
WorkloadWarmup   7: 32768 op, 938355097.00 ns, 28.6363 us/op

WorkloadActual   1: 32768 op, 932315839.00 ns, 28.4520 us/op
WorkloadActual   2: 32768 op, 931171074.00 ns, 28.4171 us/op
WorkloadActual   3: 32768 op, 948325636.00 ns, 28.9406 us/op
WorkloadActual   4: 32768 op, 950987125.00 ns, 29.0218 us/op
WorkloadActual   5: 32768 op, 957405754.00 ns, 29.2177 us/op
WorkloadActual   6: 32768 op, 952302053.00 ns, 29.0620 us/op
WorkloadActual   7: 32768 op, 938536629.00 ns, 28.6419 us/op
WorkloadActual   8: 32768 op, 950434596.00 ns, 29.0050 us/op
WorkloadActual   9: 32768 op, 941896391.00 ns, 28.7444 us/op
WorkloadActual  10: 32768 op, 951011542.00 ns, 29.0226 us/op
WorkloadActual  11: 32768 op, 951911972.00 ns, 29.0500 us/op
WorkloadActual  12: 32768 op, 939955418.00 ns, 28.6852 us/op
WorkloadActual  13: 32768 op, 932872907.00 ns, 28.4690 us/op
WorkloadActual  14: 32768 op, 942778153.00 ns, 28.7713 us/op
WorkloadActual  15: 32768 op, 932685772.00 ns, 28.4633 us/op

WorkloadResult   1: 32768 op, 932273797.00 ns, 28.4507 us/op
WorkloadResult   2: 32768 op, 931129032.00 ns, 28.4158 us/op
WorkloadResult   3: 32768 op, 948283594.00 ns, 28.9393 us/op
WorkloadResult   4: 32768 op, 950945083.00 ns, 29.0205 us/op
WorkloadResult   5: 32768 op, 957363712.00 ns, 29.2164 us/op
WorkloadResult   6: 32768 op, 952260011.00 ns, 29.0607 us/op
WorkloadResult   7: 32768 op, 938494587.00 ns, 28.6406 us/op
WorkloadResult   8: 32768 op, 950392554.00 ns, 29.0037 us/op
WorkloadResult   9: 32768 op, 941854349.00 ns, 28.7431 us/op
WorkloadResult  10: 32768 op, 950969500.00 ns, 29.0213 us/op
WorkloadResult  11: 32768 op, 951869930.00 ns, 29.0488 us/op
WorkloadResult  12: 32768 op, 939913376.00 ns, 28.6839 us/op
WorkloadResult  13: 32768 op, 932830865.00 ns, 28.4677 us/op
WorkloadResult  14: 32768 op, 942736111.00 ns, 28.7700 us/op
WorkloadResult  15: 32768 op, 932643730.00 ns, 28.4620 us/op
// GC:  0 0 0 0 32768
// Threading:  0 0 32768


Mean = 28.796 μs, StdErr = 0.069 μs (0.24%), N = 15, StdDev = 0.267 μs
Min = 28.416 μs, Q1 = 28.554 μs, Median = 28.770 μs, Q3 = 29.021 μs, Max = 29.216 μs
IQR = 0.467 μs, LowerFence = 27.854 μs, UpperFence = 29.721 μs
ConfidenceInterval = [28.511 μs; 29.082 μs] (CI 99.9%), Margin = 0.286 μs (0.99% of Mean)
Skewness = -0.11, Kurtosis = 1.41, MValue = 2

// ** Remained 10 (71.4 %) benchmark(s) to run. Estimated finish 2026-09-23 1:55 (0h 2m from now) **
// **************************
// Benchmark: PairHandleBenchmarks.Advance: Job-TZECNT(IterationCount=16, IterationTime=200ms, WarmupCount=8) [Shape=PairRuns8]
// *** Execute ***
// Launch: 1 / 1
// Execute: dotnet PairHandles-Job-TZECNT-1.dll --anonymousPipes 116 117 --benchmarkName "PairHandles.PairHandleBenchmarks.Advance(Shape: PairRuns8)" --job "IterationCount=16, IterationTime=200ms, WarmupCount=8" --benchmarkId 2 in /home/i/GitHub/tl-w351/benchmarks/PairHandles/bin/Release/net10.0/PairHandles-Job-TZECNT-1/bin/Release/net10.0
// Failed to set up high priority (Permission denied). In order to run benchmarks with high priority, make sure you have the right permissions.
// BeforeAnythingElse

// Benchmark Process Environment Information:
// BenchmarkDotNet v0.15.8
// Runtime=.NET 10.0.12 (10.0.12, 10.0.1226.42308), X64 RyuJIT x86-64-v3
// GC=Concurrent Workstation
// HardwareIntrinsics=AVX2+BMI1+BMI2+F16C+FMA+LZCNT+MOVBE,AVX,SSE3+SSSE3+SSE4.1+SSE4.2+POPCNT,X86Base+SSE+SSE2,AES+PCLMUL,AvxVnni,SERIALIZE VectorSize=256
// Job: Job-TZECNT(IterationCount=16, IterationTime=200ms, WarmupCount=8)

OverheadJitting  1: 1 op, 72136.00 ns, 72.1360 us/op
WorkloadJitting  1: 1 op, 14613754.00 ns, 14.6138 ms/op

WorkloadPilot    1: 4 op, 972680.00 ns, 243.1700 us/op
WorkloadPilot    2: 822 op, 31027605.00 ns, 37.7465 us/op
WorkloadPilot    3: 5299 op, 200509207.00 ns, 37.8391 us/op
WorkloadPilot    4: 5286 op, 199582988.00 ns, 37.7569 us/op
WorkloadPilot    5: 5297 op, 200504110.00 ns, 37.8524 us/op
WorkloadPilot    6: 5284 op, 200081388.00 ns, 37.8655 us/op

WorkloadWarmup   1: 5284 op, 216468918.00 ns, 40.9669 us/op
WorkloadWarmup   2: 5284 op, 199420265.00 ns, 37.7404 us/op
WorkloadWarmup   3: 5284 op, 198796976.00 ns, 37.6224 us/op
WorkloadWarmup   4: 5284 op, 199582633.00 ns, 37.7711 us/op
WorkloadWarmup   5: 5284 op, 200512933.00 ns, 37.9472 us/op
WorkloadWarmup   6: 5284 op, 200554641.00 ns, 37.9551 us/op
WorkloadWarmup   7: 5284 op, 193016118.00 ns, 36.5284 us/op
WorkloadWarmup   8: 5284 op, 193323064.00 ns, 36.5865 us/op

// BeforeActualRun
WorkloadActual   1: 5284 op, 192771857.00 ns, 36.4822 us/op
WorkloadActual   2: 5284 op, 193163183.00 ns, 36.5562 us/op
WorkloadActual   3: 5284 op, 192842327.00 ns, 36.4955 us/op
WorkloadActual   4: 5284 op, 192775766.00 ns, 36.4829 us/op
WorkloadActual   5: 5284 op, 192867028.00 ns, 36.5002 us/op
WorkloadActual   6: 5284 op, 192990657.00 ns, 36.5236 us/op
WorkloadActual   7: 5284 op, 192857633.00 ns, 36.4984 us/op
WorkloadActual   8: 5284 op, 193240649.00 ns, 36.5709 us/op
WorkloadActual   9: 5284 op, 192940574.00 ns, 36.5141 us/op
WorkloadActual  10: 5284 op, 193124860.00 ns, 36.5490 us/op
WorkloadActual  11: 5284 op, 201036592.00 ns, 38.0463 us/op
WorkloadActual  12: 5284 op, 193965378.00 ns, 36.7081 us/op
WorkloadActual  13: 5284 op, 193837500.00 ns, 36.6839 us/op
WorkloadActual  14: 5284 op, 193030213.00 ns, 36.5311 us/op
WorkloadActual  15: 5284 op, 192903696.00 ns, 36.5071 us/op
WorkloadActual  16: 5284 op, 193908684.00 ns, 36.6973 us/op

// AfterActualRun
WorkloadResult   1: 5284 op, 192771857.00 ns, 36.4822 us/op
WorkloadResult   2: 5284 op, 193163183.00 ns, 36.5562 us/op
WorkloadResult   3: 5284 op, 192842327.00 ns, 36.4955 us/op
WorkloadResult   4: 5284 op, 192775766.00 ns, 36.4829 us/op
WorkloadResult   5: 5284 op, 192867028.00 ns, 36.5002 us/op
WorkloadResult   6: 5284 op, 192990657.00 ns, 36.5236 us/op
WorkloadResult   7: 5284 op, 192857633.00 ns, 36.4984 us/op
WorkloadResult   8: 5284 op, 193240649.00 ns, 36.5709 us/op
WorkloadResult   9: 5284 op, 192940574.00 ns, 36.5141 us/op
WorkloadResult  10: 5284 op, 193124860.00 ns, 36.5490 us/op
WorkloadResult  11: 5284 op, 193965378.00 ns, 36.7081 us/op
WorkloadResult  12: 5284 op, 193837500.00 ns, 36.6839 us/op
WorkloadResult  13: 5284 op, 193030213.00 ns, 36.5311 us/op
WorkloadResult  14: 5284 op, 192903696.00 ns, 36.5071 us/op
WorkloadResult  15: 5284 op, 193908684.00 ns, 36.6973 us/op
// GC:  0 0 0 0 5284
// Threading:  0 0 5284

// AfterAll
// Benchmark Process 187750 has exited with code 0.

Mean = 36.553 μs, StdErr = 0.020 μs (0.06%), N = 15, StdDev = 0.079 μs
Min = 36.482 μs, Q1 = 36.499 μs, Median = 36.524 μs, Q3 = 36.564 μs, Max = 36.708 μs
IQR = 0.064 μs, LowerFence = 36.403 μs, UpperFence = 36.660 μs
ConfidenceInterval = [36.469 μs; 36.637 μs] (CI 99.9%), Margin = 0.084 μs (0.23% of Mean)
Skewness = 1.03, Kurtosis = 2.42, MValue = 2

// ** Remained 9 (64.3 %) benchmark(s) to run. Estimated finish 2026-09-23 1:55 (0h 1m from now) **
// **************************
// Benchmark: PairHandleBenchmarks.Advance: InProcess(Toolchain=InProcessEmitToolchain) [Shape=PairRuns8]
// *** Execute ***
// Launch: 1 / 1
// ! Failed to set up priority High for process System.Diagnostics.Process (PairHandles). Make sure you have the right permissions. Message: Permission denied

// Benchmark Process Environment Information:
// BenchmarkDotNet v0.15.8
// Runtime=.NET 10.0.12 (10.0.12, 10.0.1226.42308), X64 RyuJIT x86-64-v3
// GC=Concurrent Workstation
// HardwareIntrinsics=AVX2+BMI1+BMI2+F16C+FMA+LZCNT+MOVBE,AVX,SSE3+SSSE3+SSE4.1+SSE4.2+POPCNT,X86Base+SSE+SSE2,AES+PCLMUL,AvxVnni,SERIALIZE VectorSize=256
// Job: Job-JWQWGO(Toolchain=InProcessEmitToolchain)

OverheadJitting  1: 1 op, 154588.00 ns, 154.5880 us/op
WorkloadJitting  1: 1 op, 131519.00 ns, 131.5190 us/op

OverheadJitting  2: 16 op, 97077.00 ns, 6.0673 us/op
WorkloadJitting  2: 16 op, 683583.00 ns, 42.7239 us/op

WorkloadPilot    1: 16 op, 604203.00 ns, 37.7627 us/op
WorkloadPilot    2: 32 op, 1187277.00 ns, 37.1024 us/op
WorkloadPilot    3: 64 op, 2364122.00 ns, 36.9394 us/op
WorkloadPilot    4: 128 op, 4791590.00 ns, 37.4343 us/op
WorkloadPilot    5: 256 op, 9150546.00 ns, 35.7443 us/op
WorkloadPilot    6: 512 op, 18826384.00 ns, 36.7703 us/op
WorkloadPilot    7: 1024 op, 36937004.00 ns, 36.0713 us/op
WorkloadPilot    8: 2048 op, 73667546.00 ns, 35.9705 us/op
WorkloadPilot    9: 4096 op, 147886753.00 ns, 36.1052 us/op
WorkloadPilot   10: 8192 op, 296448347.00 ns, 36.1875 us/op
WorkloadPilot   11: 16384 op, 647230543.00 ns, 39.5038 us/op

OverheadWarmup   1: 16384 op, 23583.00 ns, 1.4394 ns/op
OverheadWarmup   2: 16384 op, 22669.00 ns, 1.3836 ns/op
OverheadWarmup   3: 16384 op, 22641.00 ns, 1.3819 ns/op
OverheadWarmup   4: 16384 op, 19980.00 ns, 1.2195 ns/op
OverheadWarmup   5: 16384 op, 19967.00 ns, 1.2187 ns/op
OverheadWarmup   6: 16384 op, 19983.00 ns, 1.2197 ns/op
OverheadWarmup   7: 16384 op, 19977.00 ns, 1.2193 ns/op
OverheadWarmup   8: 16384 op, 19993.00 ns, 1.2203 ns/op
OverheadWarmup   9: 16384 op, 19997.00 ns, 1.2205 ns/op
OverheadWarmup  10: 16384 op, 19968.00 ns, 1.2188 ns/op

OverheadActual   1: 16384 op, 20000.00 ns, 1.2207 ns/op
OverheadActual   2: 16384 op, 20000.00 ns, 1.2207 ns/op
OverheadActual   3: 16384 op, 20003.00 ns, 1.2209 ns/op
OverheadActual   4: 16384 op, 20330.00 ns, 1.2408 ns/op
OverheadActual   5: 16384 op, 20329.00 ns, 1.2408 ns/op
OverheadActual   6: 16384 op, 24192.00 ns, 1.4766 ns/op
OverheadActual   7: 16384 op, 19990.00 ns, 1.2201 ns/op
OverheadActual   8: 16384 op, 20000.00 ns, 1.2207 ns/op
OverheadActual   9: 16384 op, 20347.00 ns, 1.2419 ns/op
OverheadActual  10: 16384 op, 19994.00 ns, 1.2203 ns/op
OverheadActual  11: 16384 op, 19969.00 ns, 1.2188 ns/op
OverheadActual  12: 16384 op, 24212.00 ns, 1.4778 ns/op
OverheadActual  13: 16384 op, 19988.00 ns, 1.2200 ns/op
OverheadActual  14: 16384 op, 19967.00 ns, 1.2187 ns/op
OverheadActual  15: 16384 op, 24207.00 ns, 1.4775 ns/op

WorkloadWarmup   1: 16384 op, 591441540.00 ns, 36.0987 us/op
WorkloadWarmup   2: 16384 op, 600314541.00 ns, 36.6403 us/op
WorkloadWarmup   3: 16384 op, 593024432.00 ns, 36.1953 us/op
WorkloadWarmup   4: 16384 op, 593725724.00 ns, 36.2381 us/op
WorkloadWarmup   5: 16384 op, 592291028.00 ns, 36.1506 us/op
WorkloadWarmup   6: 16384 op, 593299814.00 ns, 36.2121 us/op

WorkloadActual   1: 16384 op, 591877239.00 ns, 36.1253 us/op
WorkloadActual   2: 16384 op, 591650755.00 ns, 36.1115 us/op
WorkloadActual   3: 16384 op, 591896920.00 ns, 36.1265 us/op
WorkloadActual   4: 16384 op, 592692102.00 ns, 36.1751 us/op
WorkloadActual   5: 16384 op, 592654481.00 ns, 36.1728 us/op
WorkloadActual   6: 16384 op, 593305622.00 ns, 36.2125 us/op
WorkloadActual   7: 16384 op, 591852200.00 ns, 36.1238 us/op
WorkloadActual   8: 16384 op, 592159220.00 ns, 36.1425 us/op
WorkloadActual   9: 16384 op, 593050029.00 ns, 36.1969 us/op
WorkloadActual  10: 16384 op, 592529966.00 ns, 36.1652 us/op
WorkloadActual  11: 16384 op, 593500013.00 ns, 36.2244 us/op
WorkloadActual  12: 16384 op, 594129333.00 ns, 36.2628 us/op
WorkloadActual  13: 16384 op, 591901499.00 ns, 36.1268 us/op
WorkloadActual  14: 16384 op, 594434904.00 ns, 36.2814 us/op
WorkloadActual  15: 16384 op, 593369886.00 ns, 36.2164 us/op

WorkloadResult   1: 16384 op, 591857239.00 ns, 36.1241 us/op
WorkloadResult   2: 16384 op, 591630755.00 ns, 36.1103 us/op
WorkloadResult   3: 16384 op, 591876920.00 ns, 36.1253 us/op
WorkloadResult   4: 16384 op, 592672102.00 ns, 36.1738 us/op
WorkloadResult   5: 16384 op, 592634481.00 ns, 36.1715 us/op
WorkloadResult   6: 16384 op, 593285622.00 ns, 36.2113 us/op
WorkloadResult   7: 16384 op, 591832200.00 ns, 36.1226 us/op
WorkloadResult   8: 16384 op, 592139220.00 ns, 36.1413 us/op
WorkloadResult   9: 16384 op, 593030029.00 ns, 36.1957 us/op
WorkloadResult  10: 16384 op, 592509966.00 ns, 36.1639 us/op
WorkloadResult  11: 16384 op, 593480013.00 ns, 36.2231 us/op
WorkloadResult  12: 16384 op, 594109333.00 ns, 36.2616 us/op
WorkloadResult  13: 16384 op, 591881499.00 ns, 36.1256 us/op
WorkloadResult  14: 16384 op, 594414904.00 ns, 36.2802 us/op
WorkloadResult  15: 16384 op, 593349886.00 ns, 36.2152 us/op
// GC:  0 0 0 0 16384
// Threading:  0 0 16384


Mean = 36.176 μs, StdErr = 0.014 μs (0.04%), N = 15, StdDev = 0.053 μs
Min = 36.110 μs, Q1 = 36.125 μs, Median = 36.172 μs, Q3 = 36.213 μs, Max = 36.280 μs
IQR = 0.088 μs, LowerFence = 35.994 μs, UpperFence = 36.345 μs
ConfidenceInterval = [36.119 μs; 36.233 μs] (CI 99.9%), Margin = 0.057 μs (0.16% of Mean)
Skewness = 0.46, Kurtosis = 1.87, MValue = 2

// ** Remained 8 (57.1 %) benchmark(s) to run. Estimated finish 2026-09-23 1:55 (0h 1m from now) **
// **************************
// Benchmark: PairHandleBenchmarks.Advance: Job-TZECNT(IterationCount=16, IterationTime=200ms, WarmupCount=8) [Shape=PairAlternating8]
// *** Execute ***
// Launch: 1 / 1
// Execute: dotnet PairHandles-Job-TZECNT-1.dll --anonymousPipes 116 117 --benchmarkName "PairHandles.PairHandleBenchmarks.Advance(Shape: PairAlternating8)" --job "IterationCount=16, IterationTime=200ms, WarmupCount=8" --benchmarkId 3 in /home/i/GitHub/tl-w351/benchmarks/PairHandles/bin/Release/net10.0/PairHandles-Job-TZECNT-1/bin/Release/net10.0
// Failed to set up high priority (Permission denied). In order to run benchmarks with high priority, make sure you have the right permissions.
// BeforeAnythingElse

// Benchmark Process Environment Information:
// BenchmarkDotNet v0.15.8
// Runtime=.NET 10.0.12 (10.0.12, 10.0.1226.42308), X64 RyuJIT x86-64-v3
// GC=Concurrent Workstation
// HardwareIntrinsics=AVX2+BMI1+BMI2+F16C+FMA+LZCNT+MOVBE,AVX,SSE3+SSSE3+SSE4.1+SSE4.2+POPCNT,X86Base+SSE+SSE2,AES+PCLMUL,AvxVnni,SERIALIZE VectorSize=256
// Job: Job-TZECNT(IterationCount=16, IterationTime=200ms, WarmupCount=8)

OverheadJitting  1: 1 op, 87149.00 ns, 87.1490 us/op
WorkloadJitting  1: 1 op, 13852290.00 ns, 13.8523 ms/op

WorkloadPilot    1: 4 op, 279036.00 ns, 69.7590 us/op
WorkloadPilot    2: 2867 op, 186595685.00 ns, 65.0840 us/op
WorkloadPilot    3: 3073 op, 202923676.00 ns, 66.0344 us/op
WorkloadPilot    4: 3029 op, 193688089.00 ns, 63.9446 us/op
WorkloadPilot    5: 3128 op, 206194752.00 ns, 65.9190 us/op
WorkloadPilot    6: 3034 op, 196338168.00 ns, 64.7126 us/op
WorkloadPilot    7: 3091 op, 197079806.00 ns, 63.7592 us/op
WorkloadPilot    8: 3137 op, 202187458.00 ns, 64.4525 us/op

WorkloadWarmup   1: 3137 op, 201379040.00 ns, 64.1948 us/op
WorkloadWarmup   2: 3137 op, 208721683.00 ns, 66.5354 us/op
WorkloadWarmup   3: 3137 op, 205867499.00 ns, 65.6256 us/op
WorkloadWarmup   4: 3137 op, 203891418.00 ns, 64.9957 us/op
WorkloadWarmup   5: 3137 op, 207368065.00 ns, 66.1039 us/op
WorkloadWarmup   6: 3137 op, 200282794.00 ns, 63.8453 us/op
WorkloadWarmup   7: 3137 op, 206700202.00 ns, 65.8910 us/op
WorkloadWarmup   8: 3137 op, 206240619.00 ns, 65.7445 us/op

// BeforeActualRun
WorkloadActual   1: 3137 op, 200644958.00 ns, 63.9608 us/op
WorkloadActual   2: 3137 op, 200346455.00 ns, 63.8656 us/op
WorkloadActual   3: 3137 op, 207824046.00 ns, 66.2493 us/op
WorkloadActual   4: 3137 op, 203546773.00 ns, 64.8858 us/op
WorkloadActual   5: 3137 op, 207271555.00 ns, 66.0732 us/op
WorkloadActual   6: 3137 op, 204065180.00 ns, 65.0511 us/op
WorkloadActual   7: 3137 op, 205094953.00 ns, 65.3793 us/op
WorkloadActual   8: 3137 op, 202992261.00 ns, 64.7090 us/op
WorkloadActual   9: 3137 op, 200726116.00 ns, 63.9866 us/op
WorkloadActual  10: 3137 op, 208098847.00 ns, 66.3369 us/op
WorkloadActual  11: 3137 op, 200559362.00 ns, 63.9335 us/op
WorkloadActual  12: 3137 op, 200956503.00 ns, 64.0601 us/op
WorkloadActual  13: 3137 op, 200930591.00 ns, 64.0518 us/op
WorkloadActual  14: 3137 op, 201781188.00 ns, 64.3230 us/op
WorkloadActual  15: 3137 op, 208537753.00 ns, 66.4768 us/op
WorkloadActual  16: 3137 op, 210342839.00 ns, 67.0522 us/op

// AfterActualRun
WorkloadResult   1: 3137 op, 200644958.00 ns, 63.9608 us/op
WorkloadResult   2: 3137 op, 200346455.00 ns, 63.8656 us/op
WorkloadResult   3: 3137 op, 207824046.00 ns, 66.2493 us/op
WorkloadResult   4: 3137 op, 203546773.00 ns, 64.8858 us/op
WorkloadResult   5: 3137 op, 207271555.00 ns, 66.0732 us/op
WorkloadResult   6: 3137 op, 204065180.00 ns, 65.0511 us/op
WorkloadResult   7: 3137 op, 205094953.00 ns, 65.3793 us/op
WorkloadResult   8: 3137 op, 202992261.00 ns, 64.7090 us/op
WorkloadResult   9: 3137 op, 200726116.00 ns, 63.9866 us/op
WorkloadResult  10: 3137 op, 208098847.00 ns, 66.3369 us/op
WorkloadResult  11: 3137 op, 200559362.00 ns, 63.9335 us/op
WorkloadResult  12: 3137 op, 200956503.00 ns, 64.0601 us/op
WorkloadResult  13: 3137 op, 200930591.00 ns, 64.0518 us/op
WorkloadResult  14: 3137 op, 201781188.00 ns, 64.3230 us/op
WorkloadResult  15: 3137 op, 208537753.00 ns, 66.4768 us/op
WorkloadResult  16: 3137 op, 210342839.00 ns, 67.0522 us/op
// GC:  0 0 0 0 3137
// Threading:  0 0 3137

// AfterAll
// Benchmark Process 187768 has exited with code 0.

Mean = 65.025 μs, StdErr = 0.273 μs (0.42%), N = 16, StdDev = 1.092 μs
Min = 63.866 μs, Q1 = 64.036 μs, Median = 64.797 μs, Q3 = 66.117 μs, Max = 67.052 μs
IQR = 2.082 μs, LowerFence = 60.913 μs, UpperFence = 69.240 μs
ConfidenceInterval = [63.912 μs; 66.137 μs] (CI 99.9%), Margin = 1.112 μs (1.71% of Mean)
Skewness = 0.45, Kurtosis = 1.56, MValue = 2

// ** Remained 7 (50.0 %) benchmark(s) to run. Estimated finish 2026-09-23 1:55 (0h 1m from now) **
// **************************
// Benchmark: PairHandleBenchmarks.Advance: InProcess(Toolchain=InProcessEmitToolchain) [Shape=PairAlternating8]
// *** Execute ***
// Launch: 1 / 1
// ! Failed to set up priority High for process System.Diagnostics.Process (PairHandles). Make sure you have the right permissions. Message: Permission denied

// Benchmark Process Environment Information:
// BenchmarkDotNet v0.15.8
// Runtime=.NET 10.0.12 (10.0.12, 10.0.1226.42308), X64 RyuJIT x86-64-v3
// GC=Concurrent Workstation
// HardwareIntrinsics=AVX2+BMI1+BMI2+F16C+FMA+LZCNT+MOVBE,AVX,SSE3+SSSE3+SSE4.1+SSE4.2+POPCNT,X86Base+SSE+SSE2,AES+PCLMUL,AvxVnni,SERIALIZE VectorSize=256
// Job: Job-JWQWGO(Toolchain=InProcessEmitToolchain)

OverheadJitting  1: 1 op, 110644.00 ns, 110.6440 us/op
WorkloadJitting  1: 1 op, 158692.00 ns, 158.6920 us/op

OverheadJitting  2: 16 op, 99177.00 ns, 6.1986 us/op
WorkloadJitting  2: 16 op, 1127801.00 ns, 70.4876 us/op

WorkloadPilot    1: 16 op, 1034312.00 ns, 64.6445 us/op
WorkloadPilot    2: 32 op, 2068361.00 ns, 64.6363 us/op
WorkloadPilot    3: 64 op, 4133871.00 ns, 64.5917 us/op
WorkloadPilot    4: 128 op, 8225315.00 ns, 64.2603 us/op
WorkloadPilot    5: 256 op, 16423486.00 ns, 64.1542 us/op
WorkloadPilot    6: 512 op, 32841642.00 ns, 64.1438 us/op
WorkloadPilot    7: 1024 op, 65697477.00 ns, 64.1577 us/op
WorkloadPilot    8: 2048 op, 131265062.00 ns, 64.0943 us/op
WorkloadPilot    9: 4096 op, 262401853.00 ns, 64.0630 us/op
WorkloadPilot   10: 8192 op, 528783129.00 ns, 64.5487 us/op

OverheadWarmup   1: 8192 op, 11260.00 ns, 1.3745 ns/op
OverheadWarmup   2: 8192 op, 10257.00 ns, 1.2521 ns/op
OverheadWarmup   3: 8192 op, 10212.00 ns, 1.2466 ns/op
OverheadWarmup   4: 8192 op, 10188.00 ns, 1.2437 ns/op
OverheadWarmup   5: 8192 op, 10224.00 ns, 1.2480 ns/op
OverheadWarmup   6: 8192 op, 10214.00 ns, 1.2468 ns/op
OverheadWarmup   7: 8192 op, 10196.00 ns, 1.2446 ns/op
OverheadWarmup   8: 8192 op, 10222.00 ns, 1.2478 ns/op
OverheadWarmup   9: 8192 op, 10212.00 ns, 1.2466 ns/op

OverheadActual   1: 8192 op, 10230.00 ns, 1.2488 ns/op
OverheadActual   2: 8192 op, 10054.00 ns, 1.2273 ns/op
OverheadActual   3: 8192 op, 10032.00 ns, 1.2246 ns/op
OverheadActual   4: 8192 op, 10199.00 ns, 1.2450 ns/op
OverheadActual   5: 8192 op, 10227.00 ns, 1.2484 ns/op
OverheadActual   6: 8192 op, 10195.00 ns, 1.2445 ns/op
OverheadActual   7: 8192 op, 10206.00 ns, 1.2458 ns/op
OverheadActual   8: 8192 op, 10207.00 ns, 1.2460 ns/op
OverheadActual   9: 8192 op, 10219.00 ns, 1.2474 ns/op
OverheadActual  10: 8192 op, 10221.00 ns, 1.2477 ns/op
OverheadActual  11: 8192 op, 10050.00 ns, 1.2268 ns/op
OverheadActual  12: 8192 op, 10018.00 ns, 1.2229 ns/op
OverheadActual  13: 8192 op, 10191.00 ns, 1.2440 ns/op
OverheadActual  14: 8192 op, 10228.00 ns, 1.2485 ns/op
OverheadActual  15: 8192 op, 10047.00 ns, 1.2264 ns/op

WorkloadWarmup   1: 8192 op, 530291101.00 ns, 64.7328 us/op
WorkloadWarmup   2: 8192 op, 568140163.00 ns, 69.3530 us/op
WorkloadWarmup   3: 8192 op, 527688268.00 ns, 64.4151 us/op
WorkloadWarmup   4: 8192 op, 528543866.00 ns, 64.5195 us/op
WorkloadWarmup   5: 8192 op, 527869416.00 ns, 64.4372 us/op
WorkloadWarmup   6: 8192 op, 529950484.00 ns, 64.6912 us/op

WorkloadActual   1: 8192 op, 526844799.00 ns, 64.3121 us/op
WorkloadActual   2: 8192 op, 534410176.00 ns, 65.2356 us/op
WorkloadActual   3: 8192 op, 527239268.00 ns, 64.3603 us/op
WorkloadActual   4: 8192 op, 528909895.00 ns, 64.5642 us/op
WorkloadActual   5: 8192 op, 536442020.00 ns, 65.4836 us/op
WorkloadActual   6: 8192 op, 534739961.00 ns, 65.2759 us/op
WorkloadActual   7: 8192 op, 535485449.00 ns, 65.3669 us/op
WorkloadActual   8: 8192 op, 531500385.00 ns, 64.8804 us/op
WorkloadActual   9: 8192 op, 533769098.00 ns, 65.1574 us/op
WorkloadActual  10: 8192 op, 530513478.00 ns, 64.7599 us/op
WorkloadActual  11: 8192 op, 532395335.00 ns, 64.9897 us/op
WorkloadActual  12: 8192 op, 527246235.00 ns, 64.3611 us/op
WorkloadActual  13: 8192 op, 529894665.00 ns, 64.6844 us/op
WorkloadActual  14: 8192 op, 527654547.00 ns, 64.4110 us/op
WorkloadActual  15: 8192 op, 534959691.00 ns, 65.3027 us/op

WorkloadResult   1: 8192 op, 526834600.00 ns, 64.3109 us/op
WorkloadResult   2: 8192 op, 534399977.00 ns, 65.2344 us/op
WorkloadResult   3: 8192 op, 527229069.00 ns, 64.3590 us/op
WorkloadResult   4: 8192 op, 528899696.00 ns, 64.5630 us/op
WorkloadResult   5: 8192 op, 536431821.00 ns, 65.4824 us/op
WorkloadResult   6: 8192 op, 534729762.00 ns, 65.2746 us/op
WorkloadResult   7: 8192 op, 535475250.00 ns, 65.3656 us/op
WorkloadResult   8: 8192 op, 531490186.00 ns, 64.8792 us/op
WorkloadResult   9: 8192 op, 533758899.00 ns, 65.1561 us/op
WorkloadResult  10: 8192 op, 530503279.00 ns, 64.7587 us/op
WorkloadResult  11: 8192 op, 532385136.00 ns, 64.9884 us/op
WorkloadResult  12: 8192 op, 527236036.00 ns, 64.3599 us/op
WorkloadResult  13: 8192 op, 529884466.00 ns, 64.6832 us/op
WorkloadResult  14: 8192 op, 527644348.00 ns, 64.4097 us/op
WorkloadResult  15: 8192 op, 534949492.00 ns, 65.3015 us/op
// GC:  0 0 0 0 8192
// Threading:  0 0 8192


Mean = 64.875 μs, StdErr = 0.107 μs (0.16%), N = 15, StdDev = 0.413 μs
Min = 64.311 μs, Q1 = 64.486 μs, Median = 64.879 μs, Q3 = 65.255 μs, Max = 65.482 μs
IQR = 0.768 μs, LowerFence = 63.334 μs, UpperFence = 66.407 μs
ConfidenceInterval = [64.434 μs; 65.316 μs] (CI 99.9%), Margin = 0.441 μs (0.68% of Mean)
Skewness = -0.04, Kurtosis = 1.32, MValue = 2

// ** Remained 6 (42.9 %) benchmark(s) to run. Estimated finish 2026-09-23 1:55 (0h 1m from now) **
// **************************
// Benchmark: PairHandleBenchmarks.Advance: Job-TZECNT(IterationCount=16, IterationTime=200ms, WarmupCount=8) [Shape=PairRuns8Waves]
// *** Execute ***
// Launch: 1 / 1
// Execute: dotnet PairHandles-Job-TZECNT-1.dll --anonymousPipes 116 117 --benchmarkName "PairHandles.PairHandleBenchmarks.Advance(Shape: PairRuns8Waves)" --job "IterationCount=16, IterationTime=200ms, WarmupCount=8" --benchmarkId 4 in /home/i/GitHub/tl-w351/benchmarks/PairHandles/bin/Release/net10.0/PairHandles-Job-TZECNT-1/bin/Release/net10.0
// Failed to set up high priority (Permission denied). In order to run benchmarks with high priority, make sure you have the right permissions.
// BeforeAnythingElse

// Benchmark Process Environment Information:
// BenchmarkDotNet v0.15.8
// Runtime=.NET 10.0.12 (10.0.12, 10.0.1226.42308), X64 RyuJIT x86-64-v3
// GC=Concurrent Workstation
// HardwareIntrinsics=AVX2+BMI1+BMI2+F16C+FMA+LZCNT+MOVBE,AVX,SSE3+SSSE3+SSE4.1+SSE4.2+POPCNT,X86Base+SSE+SSE2,AES+PCLMUL,AvxVnni,SERIALIZE VectorSize=256
// Job: Job-TZECNT(IterationCount=16, IterationTime=200ms, WarmupCount=8)

OverheadJitting  1: 1 op, 78877.00 ns, 78.8770 us/op
WorkloadJitting  1: 1 op, 14252089.00 ns, 14.2521 ms/op

WorkloadPilot    1: 4 op, 137076.00 ns, 34.2690 us/op
WorkloadPilot    2: 5836 op, 166715121.00 ns, 28.5667 us/op
WorkloadPilot    3: 7001 op, 200859682.00 ns, 28.6901 us/op
WorkloadPilot    4: 6971 op, 205339316.00 ns, 29.4562 us/op
WorkloadPilot    5: 6790 op, 195449651.00 ns, 28.7849 us/op
WorkloadPilot    6: 6948 op, 198679162.00 ns, 28.5952 us/op
WorkloadPilot    7: 6994 op, 205639769.00 ns, 29.4023 us/op

WorkloadWarmup   1: 6994 op, 204272738.00 ns, 29.2069 us/op
WorkloadWarmup   2: 6994 op, 200052560.00 ns, 28.6035 us/op
WorkloadWarmup   3: 6994 op, 200789287.00 ns, 28.7088 us/op
WorkloadWarmup   4: 6994 op, 199610398.00 ns, 28.5402 us/op
WorkloadWarmup   5: 6994 op, 199775075.00 ns, 28.5638 us/op
WorkloadWarmup   6: 6994 op, 199932257.00 ns, 28.5863 us/op
WorkloadWarmup   7: 6994 op, 199532208.00 ns, 28.5291 us/op
WorkloadWarmup   8: 6994 op, 199695182.00 ns, 28.5524 us/op

// BeforeActualRun
WorkloadActual   1: 6994 op, 200983595.00 ns, 28.7366 us/op
WorkloadActual   2: 6994 op, 202057473.00 ns, 28.8901 us/op
WorkloadActual   3: 6994 op, 199655625.00 ns, 28.5467 us/op
WorkloadActual   4: 6994 op, 201905886.00 ns, 28.8684 us/op
WorkloadActual   5: 6994 op, 201448400.00 ns, 28.8030 us/op
WorkloadActual   6: 6994 op, 207048779.00 ns, 29.6038 us/op
WorkloadActual   7: 6994 op, 195980389.00 ns, 28.0212 us/op
WorkloadActual   8: 6994 op, 192271123.00 ns, 27.4909 us/op
WorkloadActual   9: 6994 op, 196904350.00 ns, 28.1533 us/op
WorkloadActual  10: 6994 op, 194213026.00 ns, 27.7685 us/op
WorkloadActual  11: 6994 op, 198217320.00 ns, 28.3411 us/op
WorkloadActual  12: 6994 op, 192591493.00 ns, 27.5367 us/op
WorkloadActual  13: 6994 op, 198780887.00 ns, 28.4216 us/op
WorkloadActual  14: 6994 op, 200113647.00 ns, 28.6122 us/op
WorkloadActual  15: 6994 op, 191652972.00 ns, 27.4025 us/op
WorkloadActual  16: 6994 op, 192074159.00 ns, 27.4627 us/op

// AfterActualRun
WorkloadResult   1: 6994 op, 200983595.00 ns, 28.7366 us/op
WorkloadResult   2: 6994 op, 202057473.00 ns, 28.8901 us/op
WorkloadResult   3: 6994 op, 199655625.00 ns, 28.5467 us/op
WorkloadResult   4: 6994 op, 201905886.00 ns, 28.8684 us/op
WorkloadResult   5: 6994 op, 201448400.00 ns, 28.8030 us/op
WorkloadResult   6: 6994 op, 207048779.00 ns, 29.6038 us/op
WorkloadResult   7: 6994 op, 195980389.00 ns, 28.0212 us/op
WorkloadResult   8: 6994 op, 192271123.00 ns, 27.4909 us/op
WorkloadResult   9: 6994 op, 196904350.00 ns, 28.1533 us/op
WorkloadResult  10: 6994 op, 194213026.00 ns, 27.7685 us/op
WorkloadResult  11: 6994 op, 198217320.00 ns, 28.3411 us/op
WorkloadResult  12: 6994 op, 192591493.00 ns, 27.5367 us/op
WorkloadResult  13: 6994 op, 198780887.00 ns, 28.4216 us/op
WorkloadResult  14: 6994 op, 200113647.00 ns, 28.6122 us/op
WorkloadResult  15: 6994 op, 191652972.00 ns, 27.4025 us/op
WorkloadResult  16: 6994 op, 192074159.00 ns, 27.4627 us/op
// GC:  0 0 0 0 6994
// Threading:  0 0 6994

// AfterAll
// Benchmark Process 187785 has exited with code 0.

Mean = 28.291 μs, StdErr = 0.160 μs (0.56%), N = 16, StdDev = 0.638 μs
Min = 27.402 μs, Q1 = 27.711 μs, Median = 28.381 μs, Q3 = 28.753 μs, Max = 29.604 μs
IQR = 1.043 μs, LowerFence = 26.147 μs, UpperFence = 30.317 μs
ConfidenceInterval = [27.641 μs; 28.941 μs] (CI 99.9%), Margin = 0.650 μs (2.30% of Mean)
Skewness = 0.14, Kurtosis = 1.97, MValue = 2

// ** Remained 5 (35.7 %) benchmark(s) to run. Estimated finish 2026-09-23 1:55 (0h 0m from now) **
// **************************
// Benchmark: PairHandleBenchmarks.Advance: InProcess(Toolchain=InProcessEmitToolchain) [Shape=PairRuns8Waves]
// *** Execute ***
// Launch: 1 / 1
// ! Failed to set up priority High for process System.Diagnostics.Process (PairHandles). Make sure you have the right permissions. Message: Permission denied

// Benchmark Process Environment Information:
// BenchmarkDotNet v0.15.8
// Runtime=.NET 10.0.12 (10.0.12, 10.0.1226.42308), X64 RyuJIT x86-64-v3
// GC=Concurrent Workstation
// HardwareIntrinsics=AVX2+BMI1+BMI2+F16C+FMA+LZCNT+MOVBE,AVX,SSE3+SSSE3+SSE4.1+SSE4.2+POPCNT,X86Base+SSE+SSE2,AES+PCLMUL,AvxVnni,SERIALIZE VectorSize=256
// Job: Job-JWQWGO(Toolchain=InProcessEmitToolchain)

OverheadJitting  1: 1 op, 108079.00 ns, 108.0790 us/op
WorkloadJitting  1: 1 op, 122746.00 ns, 122.7460 us/op

OverheadJitting  2: 16 op, 105579.00 ns, 6.5987 us/op
WorkloadJitting  2: 16 op, 571854.00 ns, 35.7409 us/op

WorkloadPilot    1: 16 op, 457958.00 ns, 28.6224 us/op
WorkloadPilot    2: 32 op, 901946.00 ns, 28.1858 us/op
WorkloadPilot    3: 64 op, 1854943.00 ns, 28.9835 us/op
WorkloadPilot    4: 128 op, 3602489.00 ns, 28.1444 us/op
WorkloadPilot    5: 256 op, 7181805.00 ns, 28.0539 us/op
WorkloadPilot    6: 512 op, 14424732.00 ns, 28.1733 us/op
WorkloadPilot    7: 1024 op, 28913235.00 ns, 28.2356 us/op
WorkloadPilot    8: 2048 op, 57526437.00 ns, 28.0891 us/op
WorkloadPilot    9: 4096 op, 114033829.00 ns, 27.8403 us/op
WorkloadPilot   10: 8192 op, 222678078.00 ns, 27.1824 us/op
WorkloadPilot   11: 16384 op, 449115856.00 ns, 27.4119 us/op
WorkloadPilot   12: 32768 op, 932062625.00 ns, 28.4443 us/op

OverheadWarmup   1: 32768 op, 43872.00 ns, 1.3389 ns/op
OverheadWarmup   2: 32768 op, 42116.00 ns, 1.2853 ns/op
OverheadWarmup   3: 32768 op, 42070.00 ns, 1.2839 ns/op
OverheadWarmup   4: 32768 op, 42066.00 ns, 1.2838 ns/op
OverheadWarmup   5: 32768 op, 42050.00 ns, 1.2833 ns/op
OverheadWarmup   6: 32768 op, 42048.00 ns, 1.2832 ns/op
OverheadWarmup   7: 32768 op, 42079.00 ns, 1.2841 ns/op
OverheadWarmup   8: 32768 op, 42049.00 ns, 1.2832 ns/op
OverheadWarmup   9: 32768 op, 45059.00 ns, 1.3751 ns/op
OverheadWarmup  10: 32768 op, 42253.00 ns, 1.2895 ns/op

OverheadActual   1: 32768 op, 42120.00 ns, 1.2854 ns/op
OverheadActual   2: 32768 op, 42081.00 ns, 1.2842 ns/op
OverheadActual   3: 32768 op, 42110.00 ns, 1.2851 ns/op
OverheadActual   4: 32768 op, 42064.00 ns, 1.2837 ns/op
OverheadActual   5: 32768 op, 42062.00 ns, 1.2836 ns/op
OverheadActual   6: 32768 op, 42039.00 ns, 1.2829 ns/op
OverheadActual   7: 32768 op, 42032.00 ns, 1.2827 ns/op
OverheadActual   8: 32768 op, 42065.00 ns, 1.2837 ns/op
OverheadActual   9: 32768 op, 43483.00 ns, 1.3270 ns/op
OverheadActual  10: 32768 op, 42079.00 ns, 1.2841 ns/op
OverheadActual  11: 32768 op, 46322.00 ns, 1.4136 ns/op
OverheadActual  12: 32768 op, 42078.00 ns, 1.2841 ns/op
OverheadActual  13: 32768 op, 42072.00 ns, 1.2839 ns/op
OverheadActual  14: 32768 op, 42063.00 ns, 1.2837 ns/op
OverheadActual  15: 32768 op, 42069.00 ns, 1.2838 ns/op

WorkloadWarmup   1: 32768 op, 899777763.00 ns, 27.4590 us/op
WorkloadWarmup   2: 32768 op, 895434863.00 ns, 27.3265 us/op
WorkloadWarmup   3: 32768 op, 888887373.00 ns, 27.1267 us/op
WorkloadWarmup   4: 32768 op, 897109083.00 ns, 27.3776 us/op
WorkloadWarmup   5: 32768 op, 900570080.00 ns, 27.4832 us/op
WorkloadWarmup   6: 32768 op, 899552140.00 ns, 27.4522 us/op
WorkloadWarmup   7: 32768 op, 895538535.00 ns, 27.3297 us/op
WorkloadWarmup   8: 32768 op, 901454290.00 ns, 27.5102 us/op
WorkloadWarmup   9: 32768 op, 908012822.00 ns, 27.7104 us/op
WorkloadWarmup  10: 32768 op, 899670708.00 ns, 27.4558 us/op

WorkloadActual   1: 32768 op, 899838794.00 ns, 27.4609 us/op
WorkloadActual   2: 32768 op, 898176645.00 ns, 27.4102 us/op
WorkloadActual   3: 32768 op, 899528096.00 ns, 27.4514 us/op
WorkloadActual   4: 32768 op, 902238231.00 ns, 27.5341 us/op
WorkloadActual   5: 32768 op, 891209481.00 ns, 27.1976 us/op
WorkloadActual   6: 32768 op, 904158150.00 ns, 27.5927 us/op
WorkloadActual   7: 32768 op, 907936603.00 ns, 27.7080 us/op
WorkloadActual   8: 32768 op, 903187482.00 ns, 27.5631 us/op
WorkloadActual   9: 32768 op, 893442272.00 ns, 27.2657 us/op
WorkloadActual  10: 32768 op, 896794306.00 ns, 27.3680 us/op
WorkloadActual  11: 32768 op, 901768939.00 ns, 27.5198 us/op
WorkloadActual  12: 32768 op, 910138857.00 ns, 27.7752 us/op
WorkloadActual  13: 32768 op, 915284884.00 ns, 27.9323 us/op
WorkloadActual  14: 32768 op, 922009168.00 ns, 28.1375 us/op
WorkloadActual  15: 32768 op, 911891588.00 ns, 27.8287 us/op

WorkloadResult   1: 32768 op, 899796722.00 ns, 27.4596 us/op
WorkloadResult   2: 32768 op, 898134573.00 ns, 27.4089 us/op
WorkloadResult   3: 32768 op, 899486024.00 ns, 27.4501 us/op
WorkloadResult   4: 32768 op, 902196159.00 ns, 27.5328 us/op
WorkloadResult   5: 32768 op, 891167409.00 ns, 27.1963 us/op
WorkloadResult   6: 32768 op, 904116078.00 ns, 27.5914 us/op
WorkloadResult   7: 32768 op, 907894531.00 ns, 27.7067 us/op
WorkloadResult   8: 32768 op, 903145410.00 ns, 27.5618 us/op
WorkloadResult   9: 32768 op, 893400200.00 ns, 27.2644 us/op
WorkloadResult  10: 32768 op, 896752234.00 ns, 27.3667 us/op
WorkloadResult  11: 32768 op, 901726867.00 ns, 27.5185 us/op
WorkloadResult  12: 32768 op, 910096785.00 ns, 27.7739 us/op
WorkloadResult  13: 32768 op, 915242812.00 ns, 27.9310 us/op
WorkloadResult  14: 32768 op, 921967096.00 ns, 28.1362 us/op
WorkloadResult  15: 32768 op, 911849516.00 ns, 27.8274 us/op
// GC:  0 0 0 0 32768
// Threading:  0 0 32768


Mean = 27.582 μs, StdErr = 0.066 μs (0.24%), N = 15, StdDev = 0.255 μs
Min = 27.196 μs, Q1 = 27.430 μs, Median = 27.533 μs, Q3 = 27.740 μs, Max = 28.136 μs
IQR = 0.311 μs, LowerFence = 26.963 μs, UpperFence = 28.207 μs
ConfidenceInterval = [27.310 μs; 27.854 μs] (CI 99.9%), Margin = 0.272 μs (0.99% of Mean)
Skewness = 0.52, Kurtosis = 2.39, MValue = 2

// ** Remained 4 (28.6 %) benchmark(s) to run. Estimated finish 2026-09-23 1:55 (0h 0m from now) **
// **************************
// Benchmark: PairHandleBenchmarks.Advance: Job-TZECNT(IterationCount=16, IterationTime=200ms, WarmupCount=8) [Shape=PairBlocks8Waves]
// *** Execute ***
// Launch: 1 / 1
// Execute: dotnet PairHandles-Job-TZECNT-1.dll --anonymousPipes 116 117 --benchmarkName "PairHandles.PairHandleBenchmarks.Advance(Shape: PairBlocks8Waves)" --job "IterationCount=16, IterationTime=200ms, WarmupCount=8" --benchmarkId 5 in /home/i/GitHub/tl-w351/benchmarks/PairHandles/bin/Release/net10.0/PairHandles-Job-TZECNT-1/bin/Release/net10.0
// Failed to set up high priority (Permission denied). In order to run benchmarks with high priority, make sure you have the right permissions.
// BeforeAnythingElse

// Benchmark Process Environment Information:
// BenchmarkDotNet v0.15.8
// Runtime=.NET 10.0.12 (10.0.12, 10.0.1226.42308), X64 RyuJIT x86-64-v3
// GC=Concurrent Workstation
// HardwareIntrinsics=AVX2+BMI1+BMI2+F16C+FMA+LZCNT+MOVBE,AVX,SSE3+SSSE3+SSE4.1+SSE4.2+POPCNT,X86Base+SSE+SSE2,AES+PCLMUL,AvxVnni,SERIALIZE VectorSize=256
// Job: Job-TZECNT(IterationCount=16, IterationTime=200ms, WarmupCount=8)

OverheadJitting  1: 1 op, 80987.00 ns, 80.9870 us/op
WorkloadJitting  1: 1 op, 13763117.00 ns, 13.7631 ms/op

WorkloadPilot    1: 4 op, 152952.00 ns, 38.2380 us/op
WorkloadPilot    2: 5230 op, 175183271.00 ns, 33.4958 us/op
WorkloadPilot    3: 5971 op, 200400423.00 ns, 33.5623 us/op
WorkloadPilot    4: 5959 op, 199920746.00 ns, 33.5494 us/op
WorkloadPilot    5: 5961 op, 200016355.00 ns, 33.5542 us/op

WorkloadWarmup   1: 5961 op, 199794200.00 ns, 33.5169 us/op
WorkloadWarmup   2: 5961 op, 199889335.00 ns, 33.5329 us/op
WorkloadWarmup   3: 5961 op, 201073323.00 ns, 33.7315 us/op
WorkloadWarmup   4: 5961 op, 199794005.00 ns, 33.5169 us/op
WorkloadWarmup   5: 5961 op, 199636725.00 ns, 33.4905 us/op
WorkloadWarmup   6: 5961 op, 203555194.00 ns, 34.1478 us/op
WorkloadWarmup   7: 5961 op, 196563099.00 ns, 32.9749 us/op
WorkloadWarmup   8: 5961 op, 199159825.00 ns, 33.4105 us/op

// BeforeActualRun
WorkloadActual   1: 5961 op, 196651473.00 ns, 32.9897 us/op
WorkloadActual   2: 5961 op, 197592157.00 ns, 33.1475 us/op
WorkloadActual   3: 5961 op, 196548659.00 ns, 32.9724 us/op
WorkloadActual   4: 5961 op, 196051879.00 ns, 32.8891 us/op
WorkloadActual   5: 5961 op, 196337081.00 ns, 32.9369 us/op
WorkloadActual   6: 5961 op, 197097450.00 ns, 33.0645 us/op
WorkloadActual   7: 5961 op, 196620356.00 ns, 32.9845 us/op
WorkloadActual   8: 5961 op, 196451916.00 ns, 32.9562 us/op
WorkloadActual   9: 5961 op, 196246936.00 ns, 32.9218 us/op
WorkloadActual  10: 5961 op, 196803549.00 ns, 33.0152 us/op
WorkloadActual  11: 5961 op, 203678640.00 ns, 34.1685 us/op
WorkloadActual  12: 5961 op, 196110569.00 ns, 32.8989 us/op
WorkloadActual  13: 5961 op, 197216898.00 ns, 33.0845 us/op
WorkloadActual  14: 5961 op, 197012244.00 ns, 33.0502 us/op
WorkloadActual  15: 5961 op, 196132604.00 ns, 32.9026 us/op
WorkloadActual  16: 5961 op, 197544202.00 ns, 33.1394 us/op

// AfterActualRun
WorkloadResult   1: 5961 op, 196651473.00 ns, 32.9897 us/op
WorkloadResult   2: 5961 op, 197592157.00 ns, 33.1475 us/op
WorkloadResult   3: 5961 op, 196548659.00 ns, 32.9724 us/op
WorkloadResult   4: 5961 op, 196051879.00 ns, 32.8891 us/op
WorkloadResult   5: 5961 op, 196337081.00 ns, 32.9369 us/op
WorkloadResult   6: 5961 op, 197097450.00 ns, 33.0645 us/op
WorkloadResult   7: 5961 op, 196620356.00 ns, 32.9845 us/op
WorkloadResult   8: 5961 op, 196451916.00 ns, 32.9562 us/op
WorkloadResult   9: 5961 op, 196246936.00 ns, 32.9218 us/op
WorkloadResult  10: 5961 op, 196803549.00 ns, 33.0152 us/op
WorkloadResult  11: 5961 op, 196110569.00 ns, 32.8989 us/op
WorkloadResult  12: 5961 op, 197216898.00 ns, 33.0845 us/op
WorkloadResult  13: 5961 op, 197012244.00 ns, 33.0502 us/op
WorkloadResult  14: 5961 op, 196132604.00 ns, 32.9026 us/op
WorkloadResult  15: 5961 op, 197544202.00 ns, 33.1394 us/op
// GC:  0 0 0 0 5961
// Threading:  0 0 5961

// AfterAll
// Benchmark Process 187819 has exited with code 0.

Mean = 32.997 μs, StdErr = 0.022 μs (0.07%), N = 15, StdDev = 0.085 μs
Min = 32.889 μs, Q1 = 32.929 μs, Median = 32.984 μs, Q3 = 33.057 μs, Max = 33.147 μs
IQR = 0.128 μs, LowerFence = 32.737 μs, UpperFence = 33.249 μs
ConfidenceInterval = [32.906 μs; 33.087 μs] (CI 99.9%), Margin = 0.090 μs (0.27% of Mean)
Skewness = 0.41, Kurtosis = 1.78, MValue = 2

// ** Remained 3 (21.4 %) benchmark(s) to run. Estimated finish 2026-09-23 1:55 (0h 0m from now) **
// **************************
// Benchmark: PairHandleBenchmarks.Advance: InProcess(Toolchain=InProcessEmitToolchain) [Shape=PairBlocks8Waves]
// *** Execute ***
// Launch: 1 / 1
// ! Failed to set up priority High for process System.Diagnostics.Process (PairHandles). Make sure you have the right permissions. Message: Permission denied

// Benchmark Process Environment Information:
// BenchmarkDotNet v0.15.8
// Runtime=.NET 10.0.12 (10.0.12, 10.0.1226.42308), X64 RyuJIT x86-64-v3
// GC=Concurrent Workstation
// HardwareIntrinsics=AVX2+BMI1+BMI2+F16C+FMA+LZCNT+MOVBE,AVX,SSE3+SSSE3+SSE4.1+SSE4.2+POPCNT,X86Base+SSE+SSE2,AES+PCLMUL,AvxVnni,SERIALIZE VectorSize=256
// Job: Job-JWQWGO(Toolchain=InProcessEmitToolchain)

OverheadJitting  1: 1 op, 94006.00 ns, 94.0060 us/op
WorkloadJitting  1: 1 op, 415108.00 ns, 415.1080 us/op

OverheadJitting  2: 16 op, 116016.00 ns, 7.2510 us/op
WorkloadJitting  2: 16 op, 668266.00 ns, 41.7666 us/op

WorkloadPilot    1: 16 op, 548465.00 ns, 34.2791 us/op
WorkloadPilot    2: 32 op, 1077015.00 ns, 33.6567 us/op
WorkloadPilot    3: 64 op, 2162589.00 ns, 33.7905 us/op
WorkloadPilot    4: 128 op, 4315241.00 ns, 33.7128 us/op
WorkloadPilot    5: 256 op, 8623726.00 ns, 33.6864 us/op
WorkloadPilot    6: 512 op, 17287259.00 ns, 33.7642 us/op
WorkloadPilot    7: 1024 op, 34549778.00 ns, 33.7400 us/op
WorkloadPilot    8: 2048 op, 69043750.00 ns, 33.7128 us/op
WorkloadPilot    9: 4096 op, 135213079.00 ns, 33.0110 us/op
WorkloadPilot   10: 8192 op, 268203142.00 ns, 32.7396 us/op
WorkloadPilot   11: 16384 op, 536987975.00 ns, 32.7751 us/op

OverheadWarmup   1: 16384 op, 22113.00 ns, 1.3497 ns/op
OverheadWarmup   2: 16384 op, 21308.00 ns, 1.3005 ns/op
OverheadWarmup   3: 16384 op, 20005.00 ns, 1.2210 ns/op
OverheadWarmup   4: 16384 op, 20005.00 ns, 1.2210 ns/op
OverheadWarmup   5: 16384 op, 20021.00 ns, 1.2220 ns/op
OverheadWarmup   6: 16384 op, 22106.00 ns, 1.3492 ns/op
OverheadWarmup   7: 16384 op, 20014.00 ns, 1.2216 ns/op
OverheadWarmup   8: 16384 op, 20326.00 ns, 1.2406 ns/op

OverheadActual   1: 16384 op, 20370.00 ns, 1.2433 ns/op
OverheadActual   2: 16384 op, 20366.00 ns, 1.2430 ns/op
OverheadActual   3: 16384 op, 20012.00 ns, 1.2214 ns/op
OverheadActual   4: 16384 op, 19981.00 ns, 1.2195 ns/op
OverheadActual   5: 16384 op, 19983.00 ns, 1.2197 ns/op
OverheadActual   6: 16384 op, 20007.00 ns, 1.2211 ns/op
OverheadActual   7: 16384 op, 19993.00 ns, 1.2203 ns/op
OverheadActual   8: 16384 op, 20319.00 ns, 1.2402 ns/op
OverheadActual   9: 16384 op, 19981.00 ns, 1.2195 ns/op
OverheadActual  10: 16384 op, 19979.00 ns, 1.2194 ns/op
OverheadActual  11: 16384 op, 19989.00 ns, 1.2200 ns/op
OverheadActual  12: 16384 op, 19984.00 ns, 1.2197 ns/op
OverheadActual  13: 16384 op, 20325.00 ns, 1.2405 ns/op
OverheadActual  14: 16384 op, 20349.00 ns, 1.2420 ns/op
OverheadActual  15: 16384 op, 19994.00 ns, 1.2203 ns/op

WorkloadWarmup   1: 16384 op, 538144413.00 ns, 32.8457 us/op
WorkloadWarmup   2: 16384 op, 573215705.00 ns, 34.9863 us/op
WorkloadWarmup   3: 16384 op, 538390244.00 ns, 32.8607 us/op
WorkloadWarmup   4: 16384 op, 539372541.00 ns, 32.9207 us/op
WorkloadWarmup   5: 16384 op, 537448611.00 ns, 32.8033 us/op
WorkloadWarmup   6: 16384 op, 538407774.00 ns, 32.8618 us/op

WorkloadActual   1: 16384 op, 537382358.00 ns, 32.7992 us/op
WorkloadActual   2: 16384 op, 538366616.00 ns, 32.8593 us/op
WorkloadActual   3: 16384 op, 538539215.00 ns, 32.8698 us/op
WorkloadActual   4: 16384 op, 538421401.00 ns, 32.8626 us/op
WorkloadActual   5: 16384 op, 536815159.00 ns, 32.7646 us/op
WorkloadActual   6: 16384 op, 538412227.00 ns, 32.8621 us/op
WorkloadActual   7: 16384 op, 538302465.00 ns, 32.8554 us/op
WorkloadActual   8: 16384 op, 539007939.00 ns, 32.8984 us/op
WorkloadActual   9: 16384 op, 538383225.00 ns, 32.8603 us/op
WorkloadActual  10: 16384 op, 536971298.00 ns, 32.7741 us/op
WorkloadActual  11: 16384 op, 536778085.00 ns, 32.7623 us/op
WorkloadActual  12: 16384 op, 539167456.00 ns, 32.9082 us/op
WorkloadActual  13: 16384 op, 538648451.00 ns, 32.8765 us/op
WorkloadActual  14: 16384 op, 537979554.00 ns, 32.8357 us/op
WorkloadActual  15: 16384 op, 538113161.00 ns, 32.8438 us/op

WorkloadResult   1: 16384 op, 537362364.00 ns, 32.7980 us/op
WorkloadResult   2: 16384 op, 538346622.00 ns, 32.8581 us/op
WorkloadResult   3: 16384 op, 538519221.00 ns, 32.8686 us/op
WorkloadResult   4: 16384 op, 538401407.00 ns, 32.8614 us/op
WorkloadResult   5: 16384 op, 536795165.00 ns, 32.7634 us/op
WorkloadResult   6: 16384 op, 538392233.00 ns, 32.8609 us/op
WorkloadResult   7: 16384 op, 538282471.00 ns, 32.8542 us/op
WorkloadResult   8: 16384 op, 538987945.00 ns, 32.8972 us/op
WorkloadResult   9: 16384 op, 538363231.00 ns, 32.8591 us/op
WorkloadResult  10: 16384 op, 536951304.00 ns, 32.7729 us/op
WorkloadResult  11: 16384 op, 536758091.00 ns, 32.7611 us/op
WorkloadResult  12: 16384 op, 539147462.00 ns, 32.9069 us/op
WorkloadResult  13: 16384 op, 538628457.00 ns, 32.8753 us/op
WorkloadResult  14: 16384 op, 537959560.00 ns, 32.8344 us/op
WorkloadResult  15: 16384 op, 538093167.00 ns, 32.8426 us/op
// GC:  0 0 0 4656 16384
// Threading:  0 0 16384


Mean = 32.841 μs, StdErr = 0.012 μs (0.04%), N = 15, StdDev = 0.046 μs
Min = 32.761 μs, Q1 = 32.816 μs, Median = 32.858 μs, Q3 = 32.865 μs, Max = 32.907 μs
IQR = 0.049 μs, LowerFence = 32.743 μs, UpperFence = 32.938 μs
ConfidenceInterval = [32.791 μs; 32.890 μs] (CI 99.9%), Margin = 0.049 μs (0.15% of Mean)
Skewness = -0.55, Kurtosis = 1.93, MValue = 2

// ** Remained 2 (14.3 %) benchmark(s) to run. Estimated finish 2026-09-23 1:55 (0h 0m from now) **
// **************************
// Benchmark: PairHandleBenchmarks.Advance: Job-TZECNT(IterationCount=16, IterationTime=200ms, WarmupCount=8) [Shape=PairA(...)Waves [21]]
// *** Execute ***
// Launch: 1 / 1
// Execute: dotnet PairHandles-Job-TZECNT-1.dll --anonymousPipes 116 117 --benchmarkName "PairHandles.PairHandleBenchmarks.Advance(Shape: PairAlternating8Waves)" --job "IterationCount=16, IterationTime=200ms, WarmupCount=8" --benchmarkId 6 in /home/i/GitHub/tl-w351/benchmarks/PairHandles/bin/Release/net10.0/PairHandles-Job-TZECNT-1/bin/Release/net10.0
// Failed to set up high priority (Permission denied). In order to run benchmarks with high priority, make sure you have the right permissions.
// BeforeAnythingElse

// Benchmark Process Environment Information:
// BenchmarkDotNet v0.15.8
// Runtime=.NET 10.0.12 (10.0.12, 10.0.1226.42308), X64 RyuJIT x86-64-v3
// GC=Concurrent Workstation
// HardwareIntrinsics=AVX2+BMI1+BMI2+F16C+FMA+LZCNT+MOVBE,AVX,SSE3+SSSE3+SSE4.1+SSE4.2+POPCNT,X86Base+SSE+SSE2,AES+PCLMUL,AvxVnni,SERIALIZE VectorSize=256
// Job: Job-TZECNT(IterationCount=16, IterationTime=200ms, WarmupCount=8)

OverheadJitting  1: 1 op, 73529.00 ns, 73.5290 us/op
WorkloadJitting  1: 1 op, 13208167.00 ns, 13.2082 ms/op

OverheadJitting  2: 16 op, 97033.00 ns, 6.0646 us/op
WorkloadJitting  2: 16 op, 1009557.00 ns, 63.0973 us/op

WorkloadPilot    1: 16 op, 902852.00 ns, 56.4283 us/op
WorkloadPilot    2: 3552 op, 201482830.00 ns, 56.7238 us/op
WorkloadPilot    3: 3536 op, 200607762.00 ns, 56.7330 us/op

OverheadWarmup   1: 3536 op, 4688.00 ns, 1.3258 ns/op
OverheadWarmup   2: 3536 op, 4407.00 ns, 1.2463 ns/op
OverheadWarmup   3: 3536 op, 4417.00 ns, 1.2492 ns/op
OverheadWarmup   4: 3536 op, 4402.00 ns, 1.2449 ns/op
OverheadWarmup   5: 3536 op, 4570.00 ns, 1.2924 ns/op
OverheadWarmup   6: 3536 op, 4417.00 ns, 1.2492 ns/op

OverheadActual   1: 3536 op, 4597.00 ns, 1.3001 ns/op
OverheadActual   2: 3536 op, 4779.00 ns, 1.3515 ns/op
OverheadActual   3: 3536 op, 4762.00 ns, 1.3467 ns/op
OverheadActual   4: 3536 op, 4660.00 ns, 1.3179 ns/op
OverheadActual   5: 3536 op, 4713.00 ns, 1.3329 ns/op
OverheadActual   6: 3536 op, 4579.00 ns, 1.2950 ns/op
OverheadActual   7: 3536 op, 4564.00 ns, 1.2907 ns/op
OverheadActual   8: 3536 op, 4560.00 ns, 1.2896 ns/op
OverheadActual   9: 3536 op, 4581.00 ns, 1.2955 ns/op
OverheadActual  10: 3536 op, 4575.00 ns, 1.2938 ns/op
OverheadActual  11: 3536 op, 4555.00 ns, 1.2882 ns/op
OverheadActual  12: 3536 op, 4581.00 ns, 1.2955 ns/op
OverheadActual  13: 3536 op, 4578.00 ns, 1.2947 ns/op
OverheadActual  14: 3536 op, 4598.00 ns, 1.3003 ns/op
OverheadActual  15: 3536 op, 4579.00 ns, 1.2950 ns/op

WorkloadWarmup   1: 3536 op, 209033258.00 ns, 59.1157 us/op
WorkloadWarmup   2: 3536 op, 205657984.00 ns, 58.1612 us/op
WorkloadWarmup   3: 3536 op, 200845781.00 ns, 56.8003 us/op
WorkloadWarmup   4: 3536 op, 200800271.00 ns, 56.7874 us/op
WorkloadWarmup   5: 3536 op, 200267989.00 ns, 56.6369 us/op
WorkloadWarmup   6: 3536 op, 200464662.00 ns, 56.6925 us/op
WorkloadWarmup   7: 3536 op, 200541525.00 ns, 56.7142 us/op
WorkloadWarmup   8: 3536 op, 210178267.00 ns, 59.4396 us/op

// BeforeActualRun
WorkloadActual   1: 3536 op, 201175819.00 ns, 56.8936 us/op
WorkloadActual   2: 3536 op, 201865719.00 ns, 57.0887 us/op
WorkloadActual   3: 3536 op, 200065919.00 ns, 56.5797 us/op
WorkloadActual   4: 3536 op, 208012567.00 ns, 58.8271 us/op
WorkloadActual   5: 3536 op, 204620286.00 ns, 57.8677 us/op
WorkloadActual   6: 3536 op, 200674695.00 ns, 56.7519 us/op
WorkloadActual   7: 3536 op, 201273141.00 ns, 56.9211 us/op
WorkloadActual   8: 3536 op, 208313734.00 ns, 58.9123 us/op
WorkloadActual   9: 3536 op, 204225313.00 ns, 57.7560 us/op
WorkloadActual  10: 3536 op, 212056713.00 ns, 59.9708 us/op
WorkloadActual  11: 3536 op, 205957797.00 ns, 58.2460 us/op
WorkloadActual  12: 3536 op, 207279137.00 ns, 58.6197 us/op
WorkloadActual  13: 3536 op, 202994898.00 ns, 57.4081 us/op
WorkloadActual  14: 3536 op, 206663790.00 ns, 58.4456 us/op
WorkloadActual  15: 3536 op, 218154144.00 ns, 61.6952 us/op
WorkloadActual  16: 3536 op, 201937194.00 ns, 57.1089 us/op

// AfterActualRun
WorkloadResult   1: 3536 op, 201171238.00 ns, 56.8923 us/op
WorkloadResult   2: 3536 op, 201861138.00 ns, 57.0874 us/op
WorkloadResult   3: 3536 op, 200061338.00 ns, 56.5784 us/op
WorkloadResult   4: 3536 op, 208007986.00 ns, 58.8258 us/op
WorkloadResult   5: 3536 op, 204615705.00 ns, 57.8664 us/op
WorkloadResult   6: 3536 op, 200670114.00 ns, 56.7506 us/op
WorkloadResult   7: 3536 op, 201268560.00 ns, 56.9198 us/op
WorkloadResult   8: 3536 op, 208309153.00 ns, 58.9110 us/op
WorkloadResult   9: 3536 op, 204220732.00 ns, 57.7547 us/op
WorkloadResult  10: 3536 op, 212052132.00 ns, 59.9695 us/op
WorkloadResult  11: 3536 op, 205953216.00 ns, 58.2447 us/op
WorkloadResult  12: 3536 op, 207274556.00 ns, 58.6184 us/op
WorkloadResult  13: 3536 op, 202990317.00 ns, 57.4068 us/op
WorkloadResult  14: 3536 op, 206659209.00 ns, 58.4443 us/op
WorkloadResult  15: 3536 op, 201932613.00 ns, 57.1076 us/op
// GC:  0 0 0 0 3536
// Threading:  0 0 3536

// AfterAll
// Benchmark Process 187837 has exited with code 0.

Mean = 57.825 μs, StdErr = 0.255 μs (0.44%), N = 15, StdDev = 0.986 μs
Min = 56.578 μs, Q1 = 57.004 μs, Median = 57.755 μs, Q3 = 58.531 μs, Max = 59.969 μs
IQR = 1.528 μs, LowerFence = 54.712 μs, UpperFence = 60.823 μs
ConfidenceInterval = [56.771 μs; 58.879 μs] (CI 99.9%), Margin = 1.054 μs (1.82% of Mean)
Skewness = 0.51, Kurtosis = 2.11, MValue = 2

// ** Remained 1 (7.1 %) benchmark(s) to run. Estimated finish 2026-09-23 1:55 (0h 0m from now) **
// **************************
// Benchmark: PairHandleBenchmarks.Advance: InProcess(Toolchain=InProcessEmitToolchain) [Shape=PairA(...)Waves [21]]
// *** Execute ***
// Launch: 1 / 1
// ! Failed to set up priority High for process System.Diagnostics.Process (PairHandles). Make sure you have the right permissions. Message: Permission denied

// Benchmark Process Environment Information:
// BenchmarkDotNet v0.15.8
// Runtime=.NET 10.0.12 (10.0.12, 10.0.1226.42308), X64 RyuJIT x86-64-v3
// GC=Concurrent Workstation
// HardwareIntrinsics=AVX2+BMI1+BMI2+F16C+FMA+LZCNT+MOVBE,AVX,SSE3+SSSE3+SSE4.1+SSE4.2+POPCNT,X86Base+SSE+SSE2,AES+PCLMUL,AvxVnni,SERIALIZE VectorSize=256
// Job: Job-JWQWGO(Toolchain=InProcessEmitToolchain)

OverheadJitting  1: 1 op, 143047.00 ns, 143.0470 us/op
WorkloadJitting  1: 1 op, 161795.00 ns, 161.7950 us/op

OverheadJitting  2: 16 op, 113151.00 ns, 7.0719 us/op
WorkloadJitting  2: 16 op, 1129210.00 ns, 70.5756 us/op

WorkloadPilot    1: 16 op, 1021983.00 ns, 63.8739 us/op
WorkloadPilot    2: 32 op, 1991440.00 ns, 62.2325 us/op
WorkloadPilot    3: 64 op, 3991335.00 ns, 62.3646 us/op
WorkloadPilot    4: 128 op, 7973737.00 ns, 62.2948 us/op
WorkloadPilot    5: 256 op, 15877221.00 ns, 62.0204 us/op
WorkloadPilot    6: 512 op, 31934843.00 ns, 62.3727 us/op
WorkloadPilot    7: 1024 op, 63689236.00 ns, 62.1965 us/op
WorkloadPilot    8: 2048 op, 126865927.00 ns, 61.9463 us/op
WorkloadPilot    9: 4096 op, 254791039.00 ns, 62.2048 us/op
WorkloadPilot   10: 8192 op, 521132487.00 ns, 63.6148 us/op

OverheadWarmup   1: 8192 op, 12589.00 ns, 1.5367 ns/op
OverheadWarmup   2: 8192 op, 10062.00 ns, 1.2283 ns/op
OverheadWarmup   3: 8192 op, 10026.00 ns, 1.2239 ns/op
OverheadWarmup   4: 8192 op, 10037.00 ns, 1.2252 ns/op
OverheadWarmup   5: 8192 op, 10017.00 ns, 1.2228 ns/op
OverheadWarmup   6: 8192 op, 10013.00 ns, 1.2223 ns/op
OverheadWarmup   7: 8192 op, 9993.00 ns, 1.2198 ns/op
OverheadWarmup   8: 8192 op, 10004.00 ns, 1.2212 ns/op
OverheadWarmup   9: 8192 op, 10003.00 ns, 1.2211 ns/op

OverheadActual   1: 8192 op, 9994.00 ns, 1.2200 ns/op
OverheadActual   2: 8192 op, 10007.00 ns, 1.2216 ns/op
OverheadActual   3: 8192 op, 10001.00 ns, 1.2208 ns/op
OverheadActual   4: 8192 op, 10008.00 ns, 1.2217 ns/op
OverheadActual   5: 8192 op, 9991.00 ns, 1.2196 ns/op
OverheadActual   6: 8192 op, 10041.00 ns, 1.2257 ns/op
OverheadActual   7: 8192 op, 9999.00 ns, 1.2206 ns/op
OverheadActual   8: 8192 op, 9983.00 ns, 1.2186 ns/op
OverheadActual   9: 8192 op, 9995.00 ns, 1.2201 ns/op
OverheadActual  10: 8192 op, 10008.00 ns, 1.2217 ns/op
OverheadActual  11: 8192 op, 9980.00 ns, 1.2183 ns/op
OverheadActual  12: 8192 op, 14237.00 ns, 1.7379 ns/op
OverheadActual  13: 8192 op, 9977.00 ns, 1.2179 ns/op
OverheadActual  14: 8192 op, 9999.00 ns, 1.2206 ns/op
OverheadActual  15: 8192 op, 10013.00 ns, 1.2223 ns/op

WorkloadWarmup   1: 8192 op, 509486730.00 ns, 62.1932 us/op
WorkloadWarmup   2: 8192 op, 509745667.00 ns, 62.2248 us/op
WorkloadWarmup   3: 8192 op, 510416425.00 ns, 62.3067 us/op
WorkloadWarmup   4: 8192 op, 508142888.00 ns, 62.0292 us/op
WorkloadWarmup   5: 8192 op, 508727828.00 ns, 62.1006 us/op
WorkloadWarmup   6: 8192 op, 508631376.00 ns, 62.0888 us/op

WorkloadActual   1: 8192 op, 509979340.00 ns, 62.2533 us/op
WorkloadActual   2: 8192 op, 508370777.00 ns, 62.0570 us/op
WorkloadActual   3: 8192 op, 509354006.00 ns, 62.1770 us/op
WorkloadActual   4: 8192 op, 509247624.00 ns, 62.1640 us/op
WorkloadActual   5: 8192 op, 508931871.00 ns, 62.1255 us/op
WorkloadActual   6: 8192 op, 506888845.00 ns, 61.8761 us/op
WorkloadActual   7: 8192 op, 508877151.00 ns, 62.1188 us/op
WorkloadActual   8: 8192 op, 508693731.00 ns, 62.0964 us/op
WorkloadActual   9: 8192 op, 507357032.00 ns, 61.9332 us/op
WorkloadActual  10: 8192 op, 507699821.00 ns, 61.9751 us/op
WorkloadActual  11: 8192 op, 507712636.00 ns, 61.9766 us/op
WorkloadActual  12: 8192 op, 508186039.00 ns, 62.0344 us/op
WorkloadActual  13: 8192 op, 507235504.00 ns, 61.9184 us/op
WorkloadActual  14: 8192 op, 509946912.00 ns, 62.2494 us/op
WorkloadActual  15: 8192 op, 508202137.00 ns, 62.0364 us/op

WorkloadResult   1: 8192 op, 509969341.00 ns, 62.2521 us/op
WorkloadResult   2: 8192 op, 508360778.00 ns, 62.0558 us/op
WorkloadResult   3: 8192 op, 509344007.00 ns, 62.1758 us/op
WorkloadResult   4: 8192 op, 509237625.00 ns, 62.1628 us/op
WorkloadResult   5: 8192 op, 508921872.00 ns, 62.1243 us/op
WorkloadResult   6: 8192 op, 506878846.00 ns, 61.8749 us/op
WorkloadResult   7: 8192 op, 508867152.00 ns, 62.1176 us/op
WorkloadResult   8: 8192 op, 508683732.00 ns, 62.0952 us/op
WorkloadResult   9: 8192 op, 507347033.00 ns, 61.9320 us/op
WorkloadResult  10: 8192 op, 507689822.00 ns, 61.9739 us/op
WorkloadResult  11: 8192 op, 507702637.00 ns, 61.9754 us/op
WorkloadResult  12: 8192 op, 508176040.00 ns, 62.0332 us/op
WorkloadResult  13: 8192 op, 507225505.00 ns, 61.9172 us/op
WorkloadResult  14: 8192 op, 509936913.00 ns, 62.2482 us/op
WorkloadResult  15: 8192 op, 508192138.00 ns, 62.0352 us/op
// GC:  0 0 0 0 8192
// Threading:  0 0 8192


Mean = 62.065 μs, StdErr = 0.030 μs (0.05%), N = 15, StdDev = 0.117 μs
Min = 61.875 μs, Q1 = 61.975 μs, Median = 62.056 μs, Q3 = 62.144 μs, Max = 62.252 μs
IQR = 0.169 μs, LowerFence = 61.721 μs, UpperFence = 62.397 μs
ConfidenceInterval = [61.940 μs; 62.190 μs] (CI 99.9%), Margin = 0.125 μs (0.20% of Mean)
Skewness = 0.06, Kurtosis = 1.73, MValue = 2

// ** Remained 0 (0.0 %) benchmark(s) to run. Estimated finish 2026-09-23 1:55 (0h 0m from now) **
// ***** BenchmarkRunner: Finish  *****

// * Export *
  home/i/GitHub/tl-w351/benchmarks/PairHandles/results/351-atomA-runheavy-route/bdn-cand-r1/results/PairHandles.PairHandleBenchmarks-report.csv
  home/i/GitHub/tl-w351/benchmarks/PairHandles/results/351-atomA-runheavy-route/bdn-cand-r1/results/PairHandles.PairHandleBenchmarks-report-github.md
  home/i/GitHub/tl-w351/benchmarks/PairHandles/results/351-atomA-runheavy-route/bdn-cand-r1/results/PairHandles.PairHandleBenchmarks-report.html
  home/i/GitHub/tl-w351/benchmarks/PairHandles/results/351-atomA-runheavy-route/bdn-cand-r1/results/PairHandles.PairHandleBenchmarks-report-full.json

// * Detailed results *
PairHandleBenchmarks.Advance: Job-TZECNT(IterationCount=16, IterationTime=200ms, WarmupCount=8) [Shape=LaneUniform]
Runtime = .NET 10.0.12 (10.0.12, 10.0.1226.42308), X64 RyuJIT x86-64-v3; GC = Concurrent Workstation
Mean = 31.481 μs, StdErr = 0.016 μs (0.05%), N = 14, StdDev = 0.061 μs
Min = 31.377 μs, Q1 = 31.443 μs, Median = 31.471 μs, Q3 = 31.531 μs, Max = 31.579 μs
IQR = 0.088 μs, LowerFence = 31.311 μs, UpperFence = 31.663 μs
ConfidenceInterval = [31.412 μs; 31.551 μs] (CI 99.9%), Margin = 0.069 μs (0.22% of Mean)
Skewness = 0.11, Kurtosis = 1.75, MValue = 2
-------------------- Histogram --------------------
[31.343 μs ; 31.613 μs) | @@@@@@@@@@@@@@
---------------------------------------------------

PairHandleBenchmarks.Advance: InProcess(Toolchain=InProcessEmitToolchain) [Shape=LaneUniform]
Runtime = ; GC = 
Mean = 31.500 μs, StdErr = 0.021 μs (0.07%), N = 12, StdDev = 0.073 μs
Min = 31.412 μs, Q1 = 31.463 μs, Median = 31.480 μs, Q3 = 31.518 μs, Max = 31.694 μs
IQR = 0.055 μs, LowerFence = 31.380 μs, UpperFence = 31.601 μs
ConfidenceInterval = [31.407 μs; 31.593 μs] (CI 99.9%), Margin = 0.093 μs (0.30% of Mean)
Skewness = 1.42, Kurtosis = 4.48, MValue = 2
-------------------- Histogram --------------------
[31.370 μs ; 31.736 μs) | @@@@@@@@@@@@
---------------------------------------------------

PairHandleBenchmarks.Advance: Job-TZECNT(IterationCount=16, IterationTime=200ms, WarmupCount=8) [Shape=PairOne]
Runtime = .NET 10.0.12 (10.0.12, 10.0.1226.42308), X64 RyuJIT x86-64-v3; GC = Concurrent Workstation
Mean = 31.788 μs, StdErr = 0.096 μs (0.30%), N = 16, StdDev = 0.383 μs
Min = 31.320 μs, Q1 = 31.396 μs, Median = 31.845 μs, Q3 = 32.164 μs, Max = 32.311 μs
IQR = 0.768 μs, LowerFence = 30.245 μs, UpperFence = 33.315 μs
ConfidenceInterval = [31.398 μs; 32.177 μs] (CI 99.9%), Margin = 0.390 μs (1.23% of Mean)
Skewness = -0.03, Kurtosis = 1.06, MValue = 2
-------------------- Histogram --------------------
[31.182 μs ; 31.842 μs) | @@@@@@@@
[31.842 μs ; 32.510 μs) | @@@@@@@@
---------------------------------------------------

PairHandleBenchmarks.Advance: InProcess(Toolchain=InProcessEmitToolchain) [Shape=PairOne]
Runtime = ; GC = 
Mean = 28.796 μs, StdErr = 0.069 μs (0.24%), N = 15, StdDev = 0.267 μs
Min = 28.416 μs, Q1 = 28.554 μs, Median = 28.770 μs, Q3 = 29.021 μs, Max = 29.216 μs
IQR = 0.467 μs, LowerFence = 27.854 μs, UpperFence = 29.721 μs
ConfidenceInterval = [28.511 μs; 29.082 μs] (CI 99.9%), Margin = 0.286 μs (0.99% of Mean)
Skewness = -0.11, Kurtosis = 1.41, MValue = 2
-------------------- Histogram --------------------
[28.274 μs ; 29.359 μs) | @@@@@@@@@@@@@@@
---------------------------------------------------

PairHandleBenchmarks.Advance: Job-TZECNT(IterationCount=16, IterationTime=200ms, WarmupCount=8) [Shape=PairRuns8]
Runtime = .NET 10.0.12 (10.0.12, 10.0.1226.42308), X64 RyuJIT x86-64-v3; GC = Concurrent Workstation
Mean = 36.553 μs, StdErr = 0.020 μs (0.06%), N = 15, StdDev = 0.079 μs
Min = 36.482 μs, Q1 = 36.499 μs, Median = 36.524 μs, Q3 = 36.564 μs, Max = 36.708 μs
IQR = 0.064 μs, LowerFence = 36.403 μs, UpperFence = 36.660 μs
ConfidenceInterval = [36.469 μs; 36.637 μs] (CI 99.9%), Margin = 0.084 μs (0.23% of Mean)
Skewness = 1.03, Kurtosis = 2.42, MValue = 2
-------------------- Histogram --------------------
[36.440 μs ; 36.750 μs) | @@@@@@@@@@@@@@@
---------------------------------------------------

PairHandleBenchmarks.Advance: InProcess(Toolchain=InProcessEmitToolchain) [Shape=PairRuns8]
Runtime = ; GC = 
Mean = 36.176 μs, StdErr = 0.014 μs (0.04%), N = 15, StdDev = 0.053 μs
Min = 36.110 μs, Q1 = 36.125 μs, Median = 36.172 μs, Q3 = 36.213 μs, Max = 36.280 μs
IQR = 0.088 μs, LowerFence = 35.994 μs, UpperFence = 36.345 μs
ConfidenceInterval = [36.119 μs; 36.233 μs] (CI 99.9%), Margin = 0.057 μs (0.16% of Mean)
Skewness = 0.46, Kurtosis = 1.87, MValue = 2
-------------------- Histogram --------------------
[36.082 μs ; 36.309 μs) | @@@@@@@@@@@@@@@
---------------------------------------------------

PairHandleBenchmarks.Advance: Job-TZECNT(IterationCount=16, IterationTime=200ms, WarmupCount=8) [Shape=PairAlternating8]
Runtime = .NET 10.0.12 (10.0.12, 10.0.1226.42308), X64 RyuJIT x86-64-v3; GC = Concurrent Workstation
Mean = 65.025 μs, StdErr = 0.273 μs (0.42%), N = 16, StdDev = 1.092 μs
Min = 63.866 μs, Q1 = 64.036 μs, Median = 64.797 μs, Q3 = 66.117 μs, Max = 67.052 μs
IQR = 2.082 μs, LowerFence = 60.913 μs, UpperFence = 69.240 μs
ConfidenceInterval = [63.912 μs; 66.137 μs] (CI 99.9%), Margin = 1.112 μs (1.71% of Mean)
Skewness = 0.45, Kurtosis = 1.56, MValue = 2
-------------------- Histogram --------------------
[63.732 μs ; 67.228 μs) | @@@@@@@@@@@@@@@@
---------------------------------------------------

PairHandleBenchmarks.Advance: InProcess(Toolchain=InProcessEmitToolchain) [Shape=PairAlternating8]
Runtime = ; GC = 
Mean = 64.875 μs, StdErr = 0.107 μs (0.16%), N = 15, StdDev = 0.413 μs
Min = 64.311 μs, Q1 = 64.486 μs, Median = 64.879 μs, Q3 = 65.255 μs, Max = 65.482 μs
IQR = 0.768 μs, LowerFence = 63.334 μs, UpperFence = 66.407 μs
ConfidenceInterval = [64.434 μs; 65.316 μs] (CI 99.9%), Margin = 0.441 μs (0.68% of Mean)
Skewness = -0.04, Kurtosis = 1.32, MValue = 2
-------------------- Histogram --------------------
[64.091 μs ; 65.702 μs) | @@@@@@@@@@@@@@@
---------------------------------------------------

PairHandleBenchmarks.Advance: Job-TZECNT(IterationCount=16, IterationTime=200ms, WarmupCount=8) [Shape=PairRuns8Waves]
Runtime = .NET 10.0.12 (10.0.12, 10.0.1226.42308), X64 RyuJIT x86-64-v3; GC = Concurrent Workstation
Mean = 28.291 μs, StdErr = 0.160 μs (0.56%), N = 16, StdDev = 0.638 μs
Min = 27.402 μs, Q1 = 27.711 μs, Median = 28.381 μs, Q3 = 28.753 μs, Max = 29.604 μs
IQR = 1.043 μs, LowerFence = 26.147 μs, UpperFence = 30.317 μs
ConfidenceInterval = [27.641 μs; 28.941 μs] (CI 99.9%), Margin = 0.650 μs (2.30% of Mean)
Skewness = 0.14, Kurtosis = 1.97, MValue = 2
-------------------- Histogram --------------------
[27.379 μs ; 28.044 μs) | @@@@@@
[28.044 μs ; 28.948 μs) | @@@@@@@@@
[28.948 μs ; 29.936 μs) | @
---------------------------------------------------

PairHandleBenchmarks.Advance: InProcess(Toolchain=InProcessEmitToolchain) [Shape=PairRuns8Waves]
Runtime = ; GC = 
Mean = 27.582 μs, StdErr = 0.066 μs (0.24%), N = 15, StdDev = 0.255 μs
Min = 27.196 μs, Q1 = 27.430 μs, Median = 27.533 μs, Q3 = 27.740 μs, Max = 28.136 μs
IQR = 0.311 μs, LowerFence = 26.963 μs, UpperFence = 28.207 μs
ConfidenceInterval = [27.310 μs; 27.854 μs] (CI 99.9%), Margin = 0.272 μs (0.99% of Mean)
Skewness = 0.52, Kurtosis = 2.39, MValue = 2
-------------------- Histogram --------------------
[27.061 μs ; 28.272 μs) | @@@@@@@@@@@@@@@
---------------------------------------------------

PairHandleBenchmarks.Advance: Job-TZECNT(IterationCount=16, IterationTime=200ms, WarmupCount=8) [Shape=PairBlocks8Waves]
Runtime = .NET 10.0.12 (10.0.12, 10.0.1226.42308), X64 RyuJIT x86-64-v3; GC = Concurrent Workstation
Mean = 32.997 μs, StdErr = 0.022 μs (0.07%), N = 15, StdDev = 0.085 μs
Min = 32.889 μs, Q1 = 32.929 μs, Median = 32.984 μs, Q3 = 33.057 μs, Max = 33.147 μs
IQR = 0.128 μs, LowerFence = 32.737 μs, UpperFence = 33.249 μs
ConfidenceInterval = [32.906 μs; 33.087 μs] (CI 99.9%), Margin = 0.090 μs (0.27% of Mean)
Skewness = 0.41, Kurtosis = 1.78, MValue = 2
-------------------- Histogram --------------------
[32.844 μs ; 33.193 μs) | @@@@@@@@@@@@@@@
---------------------------------------------------

PairHandleBenchmarks.Advance: InProcess(Toolchain=InProcessEmitToolchain) [Shape=PairBlocks8Waves]
Runtime = ; GC = 
Mean = 32.841 μs, StdErr = 0.012 μs (0.04%), N = 15, StdDev = 0.046 μs
Min = 32.761 μs, Q1 = 32.816 μs, Median = 32.858 μs, Q3 = 32.865 μs, Max = 32.907 μs
IQR = 0.049 μs, LowerFence = 32.743 μs, UpperFence = 32.938 μs
ConfidenceInterval = [32.791 μs; 32.890 μs] (CI 99.9%), Margin = 0.049 μs (0.15% of Mean)
Skewness = -0.55, Kurtosis = 1.93, MValue = 2
-------------------- Histogram --------------------
[32.736 μs ; 32.932 μs) | @@@@@@@@@@@@@@@
---------------------------------------------------

PairHandleBenchmarks.Advance: Job-TZECNT(IterationCount=16, IterationTime=200ms, WarmupCount=8) [Shape=PairA(...)Waves [21]]
Runtime = .NET 10.0.12 (10.0.12, 10.0.1226.42308), X64 RyuJIT x86-64-v3; GC = Concurrent Workstation
Mean = 57.825 μs, StdErr = 0.255 μs (0.44%), N = 15, StdDev = 0.986 μs
Min = 56.578 μs, Q1 = 57.004 μs, Median = 57.755 μs, Q3 = 58.531 μs, Max = 59.969 μs
IQR = 1.528 μs, LowerFence = 54.712 μs, UpperFence = 60.823 μs
ConfidenceInterval = [56.771 μs; 58.879 μs] (CI 99.9%), Margin = 1.054 μs (1.82% of Mean)
Skewness = 0.51, Kurtosis = 2.11, MValue = 2
-------------------- Histogram --------------------
[56.423 μs ; 57.805 μs) | @@@@@@@@
[57.805 μs ; 60.494 μs) | @@@@@@@
---------------------------------------------------

PairHandleBenchmarks.Advance: InProcess(Toolchain=InProcessEmitToolchain) [Shape=PairA(...)Waves [21]]
Runtime = ; GC = 
Mean = 62.065 μs, StdErr = 0.030 μs (0.05%), N = 15, StdDev = 0.117 μs
Min = 61.875 μs, Q1 = 61.975 μs, Median = 62.056 μs, Q3 = 62.144 μs, Max = 62.252 μs
IQR = 0.169 μs, LowerFence = 61.721 μs, UpperFence = 62.397 μs
ConfidenceInterval = [61.940 μs; 62.190 μs] (CI 99.9%), Margin = 0.125 μs (0.20% of Mean)
Skewness = 0.06, Kurtosis = 1.73, MValue = 2
-------------------- Histogram --------------------
[61.813 μs ; 62.314 μs) | @@@@@@@@@@@@@@@
---------------------------------------------------

// * Summary *

BenchmarkDotNet v0.15.8, Linux Omarchy
Intel Core i9-14900K 0.80GHz, 1 CPU, 32 logical and 24 physical cores
.NET SDK 10.0.401
  [Host]     : .NET 10.0.12 (10.0.12, 10.0.1226.42308), X64 RyuJIT x86-64-v3
  Job-TZECNT : .NET 10.0.12 (10.0.12, 10.0.1226.42308), X64 RyuJIT x86-64-v3


| Method  | Job        | Toolchain              | IterationCount | IterationTime | WarmupCount | Shape                | Mean     | Error    | StdDev   | Median   | Allocated |
|-------- |----------- |----------------------- |--------------- |-------------- |------------ |--------------------- |---------:|---------:|---------:|---------:|----------:|
| Advance | Job-TZECNT | Default                | 16             | 200ms         | 8           | LaneUniform          | 31.48 μs | 0.069 μs | 0.061 μs | 31.47 μs |         - |
| Advance | InProcess  | InProcessEmitToolchain | Default        | Default       | Default     | LaneUniform          | 31.50 μs | 0.093 μs | 0.073 μs | 31.48 μs |         - |
| Advance | Job-TZECNT | Default                | 16             | 200ms         | 8           | PairOne              | 31.79 μs | 0.390 μs | 0.383 μs | 31.85 μs |         - |
| Advance | InProcess  | InProcessEmitToolchain | Default        | Default       | Default     | PairOne              | 28.80 μs | 0.286 μs | 0.267 μs | 28.77 μs |         - |
| Advance | Job-TZECNT | Default                | 16             | 200ms         | 8           | PairRuns8            | 36.55 μs | 0.084 μs | 0.079 μs | 36.52 μs |         - |
| Advance | InProcess  | InProcessEmitToolchain | Default        | Default       | Default     | PairRuns8            | 36.18 μs | 0.057 μs | 0.053 μs | 36.17 μs |         - |
| Advance | Job-TZECNT | Default                | 16             | 200ms         | 8           | PairAlternating8     | 65.02 μs | 1.112 μs | 1.092 μs | 64.80 μs |         - |
| Advance | InProcess  | InProcessEmitToolchain | Default        | Default       | Default     | PairAlternating8     | 64.88 μs | 0.441 μs | 0.413 μs | 64.88 μs |         - |
| Advance | Job-TZECNT | Default                | 16             | 200ms         | 8           | PairRuns8Waves       | 28.29 μs | 0.650 μs | 0.638 μs | 28.38 μs |         - |
| Advance | InProcess  | InProcessEmitToolchain | Default        | Default       | Default     | PairRuns8Waves       | 27.58 μs | 0.272 μs | 0.255 μs | 27.53 μs |         - |
| Advance | Job-TZECNT | Default                | 16             | 200ms         | 8           | PairBlocks8Waves     | 33.00 μs | 0.090 μs | 0.085 μs | 32.98 μs |         - |
| Advance | InProcess  | InProcessEmitToolchain | Default        | Default       | Default     | PairBlocks8Waves     | 32.84 μs | 0.049 μs | 0.046 μs | 32.86 μs |         - |
| Advance | Job-TZECNT | Default                | 16             | 200ms         | 8           | PairA(...)Waves [21] | 57.83 μs | 1.054 μs | 0.986 μs | 57.75 μs |         - |
| Advance | InProcess  | InProcessEmitToolchain | Default        | Default       | Default     | PairA(...)Waves [21] | 62.06 μs | 0.125 μs | 0.117 μs | 62.06 μs |         - |

// * Hints *
Outliers
  PairHandleBenchmarks.Advance: IterationCount=16, IterationTime=200ms, WarmupCount=8 -> 2 outliers were removed (31.76 μs, 33.01 μs)
  PairHandleBenchmarks.Advance: InProcess                                             -> 3 outliers were removed (32.04 μs..32.30 μs)
  PairHandleBenchmarks.Advance: IterationCount=16, IterationTime=200ms, WarmupCount=8 -> 1 outlier  was  removed (38.05 μs)
  PairHandleBenchmarks.Advance: IterationCount=16, IterationTime=200ms, WarmupCount=8 -> 1 outlier  was  removed (34.17 μs)
  PairHandleBenchmarks.Advance: IterationCount=16, IterationTime=200ms, WarmupCount=8 -> 1 outlier  was  removed (61.70 μs)

// * Legends *
  Shape     : Value of the 'Shape' parameter
  Mean      : Arithmetic mean of all measurements
  Error     : Half of 99.9% confidence interval
  StdDev    : Standard deviation of all measurements
  Median    : Value separating the higher half of all measurements (50th percentile)
  Allocated : Allocated memory per single operation (managed only, inclusive, 1KB = 1024B)
  1 μs      : 1 Microsecond (0.000001 sec)

// * Diagnostic Output - MemoryDiagnoser *


// ***** BenchmarkRunner: End *****
Run time: 00:02:36 (156.85 sec), executed benchmarks: 14

Global total time: 00:02:41 (161.51 sec), executed benchmarks: 14
// * Artifacts cleanup *
Artifacts cleanup is finished
