PAIR-HANDLES PARITY PASS: 8192 rows x 240 steps over 8 variant timelines, forward and backward, bit-exact
host: Unix 7.2.5.3, .NET 10.0.12, procs 32
benchmark artifacts: /tmp/ab352/ph-cand-1
// Validating benchmarks:
// ***** BenchmarkRunner: Start   *****
// ***** Found 14 benchmark(s) in total *****
// ***** Building 2 exe(s) in Parallel: Start   *****
// ***** Done, took 00:00:03 (3.47 sec)   *****
// Found 14 benchmarks:
//   PairHandleBenchmarks.Advance: Job-TZECNT(IterationCount=16, IterationTime=200ms, WarmupCount=8) [Shape=LaneUniform]
//   PairHandleBenchmarks.Advance: InProcess(Toolchain=InProcessEmitToolchain) [Shape=LaneUniform]
//   PairHandleBenchmarks.Advance: Job-TZECNT(IterationCount=16, IterationTime=200ms, WarmupCount=8) [Shape=PairOne]
//   PairHandleBenchmarks.Advance: InProcess(Toolchain=InProcessEmitToolchain) [Shape=PairOne]
//   PairHandleBenchmarks.Advance: Job-TZECNT(IterationCount=16, IterationTime=200ms, WarmupCount=8) [Shape=PairRuns8]
//   PairHandleBenchmarks.Advance: InProcess(Toolchain=InProcessEmitToolchain) [Shape=PairRuns8]
//   PairHandleBenchmarks.Advance: Job-TZECNT(IterationCount=16, IterationTime=200ms, WarmupCount=8) [Shape=PairAlternating8]
//   PairHandleBenchmarks.Advance: InProcess(Toolchain=InProcessEmitToolchain) [Shape=PairAlternating8]
//   PairHandleBenchmarks.Advance: Job-TZECNT(IterationCount=16, IterationTime=200ms, WarmupCount=8) [Shape=PairRuns8Waves]
//   PairHandleBenchmarks.Advance: InProcess(Toolchain=InProcessEmitToolchain) [Shape=PairRuns8Waves]
//   PairHandleBenchmarks.Advance: Job-TZECNT(IterationCount=16, IterationTime=200ms, WarmupCount=8) [Shape=PairBlocks8Waves]
//   PairHandleBenchmarks.Advance: InProcess(Toolchain=InProcessEmitToolchain) [Shape=PairBlocks8Waves]
//   PairHandleBenchmarks.Advance: Job-TZECNT(IterationCount=16, IterationTime=200ms, WarmupCount=8) [Shape=PairA(...)Waves [21]]
//   PairHandleBenchmarks.Advance: InProcess(Toolchain=InProcessEmitToolchain) [Shape=PairA(...)Waves [21]]

// **************************
// Benchmark: PairHandleBenchmarks.Advance: Job-TZECNT(IterationCount=16, IterationTime=200ms, WarmupCount=8) [Shape=LaneUniform]
// *** Execute ***
// Launch: 1 / 1
// Execute: dotnet PairHandles-Job-TZECNT-1.dll --anonymousPipes 138 139 --benchmarkName "PairHandles.PairHandleBenchmarks.Advance(Shape: LaneUniform)" --job "IterationCount=16, IterationTime=200ms, WarmupCount=8" --benchmarkId 0 in /home/i/GitHub/tl-w352/benchmarks/PairHandles/bin/Release/net10.0/PairHandles-Job-TZECNT-1/bin/Release/net10.0
// Failed to set up high priority (Permission denied). In order to run benchmarks with high priority, make sure you have the right permissions.
// BeforeAnythingElse

// Benchmark Process Environment Information:
// BenchmarkDotNet v0.15.8
// Runtime=.NET 10.0.12 (10.0.12, 10.0.1226.42308), X64 RyuJIT x86-64-v3
// GC=Concurrent Workstation
// HardwareIntrinsics=AVX2+BMI1+BMI2+F16C+FMA+LZCNT+MOVBE,AVX,SSE3+SSSE3+SSE4.1+SSE4.2+POPCNT,X86Base+SSE+SSE2,AES+PCLMUL,AvxVnni,SERIALIZE VectorSize=256
// Job: Job-TZECNT(IterationCount=16, IterationTime=200ms, WarmupCount=8)

OverheadJitting  1: 1 op, 78071.00 ns, 78.0710 us/op
WorkloadJitting  1: 1 op, 10510244.00 ns, 10.5102 ms/op

OverheadJitting  2: 16 op, 98121.00 ns, 6.1326 us/op
WorkloadJitting  2: 16 op, 705297.00 ns, 44.0811 us/op

WorkloadPilot    1: 16 op, 597788.00 ns, 37.3618 us/op
WorkloadPilot    2: 5360 op, 183227995.00 ns, 34.1843 us/op
WorkloadPilot    3: 5856 op, 186979729.00 ns, 31.9296 us/op
WorkloadPilot    4: 6272 op, 202922418.00 ns, 32.3537 us/op
WorkloadPilot    5: 6192 op, 207525414.00 ns, 33.5151 us/op
WorkloadPilot    6: 5968 op, 187317723.00 ns, 31.3870 us/op
WorkloadPilot    7: 6384 op, 200520918.00 ns, 31.4099 us/op

OverheadWarmup   1: 6384 op, 12307.00 ns, 1.9278 ns/op
OverheadWarmup   2: 6384 op, 11337.00 ns, 1.7758 ns/op
OverheadWarmup   3: 6384 op, 11312.00 ns, 1.7719 ns/op
OverheadWarmup   4: 6384 op, 11256.00 ns, 1.7632 ns/op
OverheadWarmup   5: 6384 op, 11279.00 ns, 1.7668 ns/op
OverheadWarmup   6: 6384 op, 11288.00 ns, 1.7682 ns/op
OverheadWarmup   7: 6384 op, 11272.00 ns, 1.7657 ns/op
OverheadWarmup   8: 6384 op, 10499.00 ns, 1.6446 ns/op
OverheadWarmup   9: 6384 op, 10501.00 ns, 1.6449 ns/op
OverheadWarmup  10: 6384 op, 10485.00 ns, 1.6424 ns/op

OverheadActual   1: 6384 op, 10966.00 ns, 1.7177 ns/op
OverheadActual   2: 6384 op, 10795.00 ns, 1.6909 ns/op
OverheadActual   3: 6384 op, 10840.00 ns, 1.6980 ns/op
OverheadActual   4: 6384 op, 10665.00 ns, 1.6706 ns/op
OverheadActual   5: 6384 op, 10719.00 ns, 1.6790 ns/op
OverheadActual   6: 6384 op, 10614.00 ns, 1.6626 ns/op
OverheadActual   7: 6384 op, 10616.00 ns, 1.6629 ns/op
OverheadActual   8: 6384 op, 10726.00 ns, 1.6801 ns/op
OverheadActual   9: 6384 op, 10537.00 ns, 1.6505 ns/op
OverheadActual  10: 6384 op, 10509.00 ns, 1.6461 ns/op
OverheadActual  11: 6384 op, 10678.00 ns, 1.6726 ns/op
OverheadActual  12: 6384 op, 10501.00 ns, 1.6449 ns/op
OverheadActual  13: 6384 op, 10506.00 ns, 1.6457 ns/op
OverheadActual  14: 6384 op, 10528.00 ns, 1.6491 ns/op
OverheadActual  15: 6384 op, 10511.00 ns, 1.6465 ns/op

WorkloadWarmup   1: 6384 op, 226252662.00 ns, 35.4406 us/op
WorkloadWarmup   2: 6384 op, 221209971.00 ns, 34.6507 us/op
WorkloadWarmup   3: 6384 op, 208813779.00 ns, 32.7089 us/op
WorkloadWarmup   4: 6384 op, 217474361.00 ns, 34.0655 us/op
WorkloadWarmup   5: 6384 op, 199832474.00 ns, 31.3021 us/op
WorkloadWarmup   6: 6384 op, 200429205.00 ns, 31.3956 us/op
WorkloadWarmup   7: 6384 op, 200720927.00 ns, 31.4412 us/op
WorkloadWarmup   8: 6384 op, 205944579.00 ns, 32.2595 us/op

// BeforeActualRun
WorkloadActual   1: 6384 op, 200093967.00 ns, 31.3430 us/op
WorkloadActual   2: 6384 op, 200055221.00 ns, 31.3370 us/op
WorkloadActual   3: 6384 op, 200458168.00 ns, 31.4001 us/op
WorkloadActual   4: 6384 op, 200754351.00 ns, 31.4465 us/op
WorkloadActual   5: 6384 op, 204319258.00 ns, 32.0049 us/op
WorkloadActual   6: 6384 op, 222360991.00 ns, 34.8310 us/op
WorkloadActual   7: 6384 op, 221823464.00 ns, 34.7468 us/op
WorkloadActual   8: 6384 op, 222894233.00 ns, 34.9145 us/op
WorkloadActual   9: 6384 op, 212099411.00 ns, 33.2236 us/op
WorkloadActual  10: 6384 op, 221780940.00 ns, 34.7401 us/op
WorkloadActual  11: 6384 op, 220497353.00 ns, 34.5391 us/op
WorkloadActual  12: 6384 op, 223033432.00 ns, 34.9363 us/op
WorkloadActual  13: 6384 op, 219655890.00 ns, 34.4073 us/op
WorkloadActual  14: 6384 op, 222058823.00 ns, 34.7837 us/op
WorkloadActual  15: 6384 op, 215243121.00 ns, 33.7160 us/op
WorkloadActual  16: 6384 op, 222551435.00 ns, 34.8608 us/op

// AfterActualRun
WorkloadResult   1: 6384 op, 200083351.00 ns, 31.3414 us/op
WorkloadResult   2: 6384 op, 200044605.00 ns, 31.3353 us/op
WorkloadResult   3: 6384 op, 200447552.00 ns, 31.3984 us/op
WorkloadResult   4: 6384 op, 200743735.00 ns, 31.4448 us/op
WorkloadResult   5: 6384 op, 204308642.00 ns, 32.0032 us/op
WorkloadResult   6: 6384 op, 222350375.00 ns, 34.8293 us/op
WorkloadResult   7: 6384 op, 221812848.00 ns, 34.7451 us/op
WorkloadResult   8: 6384 op, 222883617.00 ns, 34.9128 us/op
WorkloadResult   9: 6384 op, 212088795.00 ns, 33.2219 us/op
WorkloadResult  10: 6384 op, 221770324.00 ns, 34.7385 us/op
WorkloadResult  11: 6384 op, 220486737.00 ns, 34.5374 us/op
WorkloadResult  12: 6384 op, 223022816.00 ns, 34.9347 us/op
WorkloadResult  13: 6384 op, 219645274.00 ns, 34.4056 us/op
WorkloadResult  14: 6384 op, 222048207.00 ns, 34.7820 us/op
WorkloadResult  15: 6384 op, 215232505.00 ns, 33.7144 us/op
WorkloadResult  16: 6384 op, 222540819.00 ns, 34.8592 us/op
// GC:  0 0 0 0 6384
// Threading:  0 0 6384

// AfterAll
// Benchmark Process 152060 has exited with code 0.

Mean = 33.575 us, StdErr = 0.379 us (1.13%), N = 16, StdDev = 1.518 us
Min = 31.335 us, Q1 = 31.864 us, Median = 34.471 us, Q3 = 34.794 us, Max = 34.935 us
IQR = 2.930 us, LowerFence = 27.468 us, UpperFence = 39.189 us
ConfidenceInterval = [32.030 us; 35.121 us] (CI 99.9%), Margin = 1.545 us (4.60% of Mean)
Skewness = -0.55, Kurtosis = 1.39, MValue = 2.8

// ** Remained 13 (92.9 %) benchmark(s) to run. Estimated finish 2026-09-22 4:55 (0h 1m from now) **
// **************************
// Benchmark: PairHandleBenchmarks.Advance: InProcess(Toolchain=InProcessEmitToolchain) [Shape=LaneUniform]
// *** Execute ***
// Launch: 1 / 1
// ! Failed to set up priority High for process System.Diagnostics.Process (PairHandles). Make sure you have the right permissions. Message: Permission denied

// Benchmark Process Environment Information:
// BenchmarkDotNet v0.15.8
// Runtime=.NET 10.0.12 (10.0.12, 10.0.1226.42308), X64 RyuJIT x86-64-v3
// GC=Concurrent Workstation
// HardwareIntrinsics=AVX2+BMI1+BMI2+F16C+FMA+LZCNT+MOVBE,AVX,SSE3+SSSE3+SSE4.1+SSE4.2+POPCNT,X86Base+SSE+SSE2,AES+PCLMUL,AvxVnni,SERIALIZE VectorSize=256
// Job: Job-JWQWGO(Toolchain=InProcessEmitToolchain)

OverheadJitting  1: 1 op, 76271.00 ns, 76.2710 us/op
WorkloadJitting  1: 1 op, 1983655.00 ns, 1.9837 ms/op

OverheadJitting  2: 16 op, 117910.00 ns, 7.3694 us/op
WorkloadJitting  2: 16 op, 720844.00 ns, 45.0528 us/op

WorkloadPilot    1: 16 op, 581924.00 ns, 36.3703 us/op
WorkloadPilot    2: 32 op, 1134562.00 ns, 35.4551 us/op
WorkloadPilot    3: 64 op, 2299294.00 ns, 35.9265 us/op
WorkloadPilot    4: 128 op, 4455864.00 ns, 34.8114 us/op
WorkloadPilot    5: 256 op, 9049843.00 ns, 35.3509 us/op
WorkloadPilot    6: 512 op, 18049912.00 ns, 35.2537 us/op
WorkloadPilot    7: 1024 op, 34909599.00 ns, 34.0914 us/op
WorkloadPilot    8: 2048 op, 68776817.00 ns, 33.5824 us/op
WorkloadPilot    9: 4096 op, 135395385.00 ns, 33.0555 us/op
WorkloadPilot   10: 8192 op, 257857715.00 ns, 31.4768 us/op
WorkloadPilot   11: 16384 op, 568112930.00 ns, 34.6749 us/op

OverheadWarmup   1: 16384 op, 23625.00 ns, 1.4420 ns/op
OverheadWarmup   2: 16384 op, 21131.00 ns, 1.2897 ns/op
OverheadWarmup   3: 16384 op, 21142.00 ns, 1.2904 ns/op
OverheadWarmup   4: 16384 op, 21132.00 ns, 1.2898 ns/op
OverheadWarmup   5: 16384 op, 21450.00 ns, 1.3092 ns/op
OverheadWarmup   6: 16384 op, 21115.00 ns, 1.2888 ns/op

OverheadActual   1: 16384 op, 21424.00 ns, 1.3076 ns/op
OverheadActual   2: 16384 op, 21288.00 ns, 1.2993 ns/op
OverheadActual   3: 16384 op, 21675.00 ns, 1.3229 ns/op
OverheadActual   4: 16384 op, 21527.00 ns, 1.3139 ns/op
OverheadActual   5: 16384 op, 23748.00 ns, 1.4495 ns/op
OverheadActual   6: 16384 op, 21571.00 ns, 1.3166 ns/op
OverheadActual   7: 16384 op, 21991.00 ns, 1.3422 ns/op
OverheadActual   8: 16384 op, 21962.00 ns, 1.3405 ns/op
OverheadActual   9: 16384 op, 21563.00 ns, 1.3161 ns/op
OverheadActual  10: 16384 op, 21922.00 ns, 1.3380 ns/op
OverheadActual  11: 16384 op, 21926.00 ns, 1.3383 ns/op
OverheadActual  12: 16384 op, 21925.00 ns, 1.3382 ns/op
OverheadActual  13: 16384 op, 21936.00 ns, 1.3389 ns/op
OverheadActual  14: 16384 op, 21534.00 ns, 1.3143 ns/op
OverheadActual  15: 16384 op, 21494.00 ns, 1.3119 ns/op

WorkloadWarmup   1: 16384 op, 515594829.00 ns, 31.4694 us/op
WorkloadWarmup   2: 16384 op, 519066645.00 ns, 31.6813 us/op
WorkloadWarmup   3: 16384 op, 521382899.00 ns, 31.8227 us/op
WorkloadWarmup   4: 16384 op, 538300120.00 ns, 32.8552 us/op
WorkloadWarmup   5: 16384 op, 535793903.00 ns, 32.7023 us/op
WorkloadWarmup   6: 16384 op, 538250968.00 ns, 32.8522 us/op
WorkloadWarmup   7: 16384 op, 537955887.00 ns, 32.8342 us/op

WorkloadActual   1: 16384 op, 530900816.00 ns, 32.4036 us/op
WorkloadActual   2: 16384 op, 527310104.00 ns, 32.1845 us/op
WorkloadActual   3: 16384 op, 525809087.00 ns, 32.0928 us/op
WorkloadActual   4: 16384 op, 515269588.00 ns, 31.4496 us/op
WorkloadActual   5: 16384 op, 521699646.00 ns, 31.8420 us/op
WorkloadActual   6: 16384 op, 515522994.00 ns, 31.4650 us/op
WorkloadActual   7: 16384 op, 516866987.00 ns, 31.5471 us/op
WorkloadActual   8: 16384 op, 516254461.00 ns, 31.5097 us/op
WorkloadActual   9: 16384 op, 515924131.00 ns, 31.4895 us/op
WorkloadActual  10: 16384 op, 515837258.00 ns, 31.4842 us/op
WorkloadActual  11: 16384 op, 558536265.00 ns, 34.0903 us/op
WorkloadActual  12: 16384 op, 546376648.00 ns, 33.3482 us/op
WorkloadActual  13: 16384 op, 542945699.00 ns, 33.1388 us/op
WorkloadActual  14: 16384 op, 543961690.00 ns, 33.2008 us/op
WorkloadActual  15: 16384 op, 515614071.00 ns, 31.4706 us/op
WorkloadActual  16: 16384 op, 516638828.00 ns, 31.5331 us/op
WorkloadActual  17: 16384 op, 515579237.00 ns, 31.4685 us/op
WorkloadActual  18: 16384 op, 517147111.00 ns, 31.5642 us/op
WorkloadActual  19: 16384 op, 529016328.00 ns, 32.2886 us/op

WorkloadResult   1: 16384 op, 530879141.00 ns, 32.4023 us/op
WorkloadResult   2: 16384 op, 527288429.00 ns, 32.1831 us/op
WorkloadResult   3: 16384 op, 525787412.00 ns, 32.0915 us/op
WorkloadResult   4: 16384 op, 515247913.00 ns, 31.4482 us/op
WorkloadResult   5: 16384 op, 521677971.00 ns, 31.8407 us/op
WorkloadResult   6: 16384 op, 515501319.00 ns, 31.4637 us/op
WorkloadResult   7: 16384 op, 516845312.00 ns, 31.5457 us/op
WorkloadResult   8: 16384 op, 516232786.00 ns, 31.5083 us/op
WorkloadResult   9: 16384 op, 515902456.00 ns, 31.4882 us/op
WorkloadResult  10: 16384 op, 515815583.00 ns, 31.4829 us/op
WorkloadResult  11: 16384 op, 546354973.00 ns, 33.3469 us/op
WorkloadResult  12: 16384 op, 542924024.00 ns, 33.1375 us/op
WorkloadResult  13: 16384 op, 543940015.00 ns, 33.1995 us/op
WorkloadResult  14: 16384 op, 515592396.00 ns, 31.4693 us/op
WorkloadResult  15: 16384 op, 516617153.00 ns, 31.5318 us/op
WorkloadResult  16: 16384 op, 515557562.00 ns, 31.4671 us/op
WorkloadResult  17: 16384 op, 517125436.00 ns, 31.5628 us/op
WorkloadResult  18: 16384 op, 528994653.00 ns, 32.2873 us/op
// GC:  0 0 0 0 16384
// Threading:  0 0 16384


Mean = 31.970 us, StdErr = 0.155 us (0.49%), N = 18, StdDev = 0.659 us
Min = 31.448 us, Q1 = 31.484 us, Median = 31.554 us, Q3 = 32.261 us, Max = 33.347 us
IQR = 0.777 us, LowerFence = 30.319 us, UpperFence = 33.427 us
ConfidenceInterval = [31.354 us; 32.586 us] (CI 99.9%), Margin = 0.616 us (1.93% of Mean)
Skewness = 0.99, Kurtosis = 2.44, MValue = 2

// ** Remained 12 (85.7 %) benchmark(s) to run. Estimated finish 2026-09-22 4:56 (0h 2m from now) **
// **************************
// Benchmark: PairHandleBenchmarks.Advance: Job-TZECNT(IterationCount=16, IterationTime=200ms, WarmupCount=8) [Shape=PairOne]
// *** Execute ***
// Launch: 1 / 1
// Execute: dotnet PairHandles-Job-TZECNT-1.dll --anonymousPipes 118 119 --benchmarkName "PairHandles.PairHandleBenchmarks.Advance(Shape: PairOne)" --job "IterationCount=16, IterationTime=200ms, WarmupCount=8" --benchmarkId 1 in /home/i/GitHub/tl-w352/benchmarks/PairHandles/bin/Release/net10.0/PairHandles-Job-TZECNT-1/bin/Release/net10.0
// Failed to set up high priority (Permission denied). In order to run benchmarks with high priority, make sure you have the right permissions.
// BeforeAnythingElse

// Benchmark Process Environment Information:
// BenchmarkDotNet v0.15.8
// Runtime=.NET 10.0.12 (10.0.12, 10.0.1226.42308), X64 RyuJIT x86-64-v3
// GC=Concurrent Workstation
// HardwareIntrinsics=AVX2+BMI1+BMI2+F16C+FMA+LZCNT+MOVBE,AVX,SSE3+SSSE3+SSE4.1+SSE4.2+POPCNT,X86Base+SSE+SSE2,AES+PCLMUL,AvxVnni,SERIALIZE VectorSize=256
// Job: Job-TZECNT(IterationCount=16, IterationTime=200ms, WarmupCount=8)

OverheadJitting  1: 1 op, 78890.00 ns, 78.8900 us/op
WorkloadJitting  1: 1 op, 10761535.00 ns, 10.7615 ms/op

OverheadJitting  2: 16 op, 115116.00 ns, 7.1948 us/op
WorkloadJitting  2: 16 op, 694833.00 ns, 43.4271 us/op

WorkloadPilot    1: 16 op, 591382.00 ns, 36.9614 us/op
WorkloadPilot    2: 5424 op, 189517847.00 ns, 34.9406 us/op
WorkloadPilot    3: 5728 op, 181161084.00 ns, 31.6273 us/op
WorkloadPilot    4: 6336 op, 203834689.00 ns, 32.1709 us/op
WorkloadPilot    5: 6224 op, 194205093.00 ns, 31.2026 us/op
WorkloadPilot    6: 6416 op, 198909984.00 ns, 31.0022 us/op
WorkloadPilot    7: 6464 op, 200727402.00 ns, 31.0531 us/op
WorkloadPilot    8: 6448 op, 199655957.00 ns, 30.9640 us/op
WorkloadPilot    9: 6464 op, 200641947.00 ns, 31.0399 us/op

OverheadWarmup   1: 6464 op, 11040.00 ns, 1.7079 ns/op
OverheadWarmup   2: 6464 op, 10262.00 ns, 1.5876 ns/op
OverheadWarmup   3: 6464 op, 10250.00 ns, 1.5857 ns/op
OverheadWarmup   4: 6464 op, 10462.00 ns, 1.6185 ns/op
OverheadWarmup   5: 6464 op, 10846.00 ns, 1.6779 ns/op
OverheadWarmup   6: 6464 op, 10736.00 ns, 1.6609 ns/op
OverheadWarmup   7: 6464 op, 10796.00 ns, 1.6702 ns/op
OverheadWarmup   8: 6464 op, 10720.00 ns, 1.6584 ns/op

OverheadActual   1: 6464 op, 10899.00 ns, 1.6861 ns/op
OverheadActual   2: 6464 op, 10884.00 ns, 1.6838 ns/op
OverheadActual   3: 6464 op, 11196.00 ns, 1.7321 ns/op
OverheadActual   4: 6464 op, 10648.00 ns, 1.6473 ns/op
OverheadActual   5: 6464 op, 10884.00 ns, 1.6838 ns/op
OverheadActual   6: 6464 op, 10656.00 ns, 1.6485 ns/op
OverheadActual   7: 6464 op, 10627.00 ns, 1.6440 ns/op
OverheadActual   8: 6464 op, 10653.00 ns, 1.6481 ns/op
OverheadActual   9: 6464 op, 10640.00 ns, 1.6460 ns/op
OverheadActual  10: 6464 op, 10692.00 ns, 1.6541 ns/op
OverheadActual  11: 6464 op, 10659.00 ns, 1.6490 ns/op
OverheadActual  12: 6464 op, 10676.00 ns, 1.6516 ns/op
OverheadActual  13: 6464 op, 10788.00 ns, 1.6689 ns/op
OverheadActual  14: 6464 op, 10644.00 ns, 1.6467 ns/op
OverheadActual  15: 6464 op, 10676.00 ns, 1.6516 ns/op

WorkloadWarmup   1: 6464 op, 204834695.00 ns, 31.6885 us/op
WorkloadWarmup   2: 6464 op, 200629372.00 ns, 31.0380 us/op
WorkloadWarmup   3: 6464 op, 222984189.00 ns, 34.4963 us/op
WorkloadWarmup   4: 6464 op, 225487893.00 ns, 34.8836 us/op
WorkloadWarmup   5: 6464 op, 206911287.00 ns, 32.0098 us/op
WorkloadWarmup   6: 6464 op, 222788556.00 ns, 34.4661 us/op
WorkloadWarmup   7: 6464 op, 224107631.00 ns, 34.6701 us/op
WorkloadWarmup   8: 6464 op, 222771618.00 ns, 34.4634 us/op

// BeforeActualRun
WorkloadActual   1: 6464 op, 210471120.00 ns, 32.5605 us/op
WorkloadActual   2: 6464 op, 199670022.00 ns, 30.8895 us/op
WorkloadActual   3: 6464 op, 201462069.00 ns, 31.1668 us/op
WorkloadActual   4: 6464 op, 201292158.00 ns, 31.1405 us/op
WorkloadActual   5: 6464 op, 200888652.00 ns, 31.0781 us/op
WorkloadActual   6: 6464 op, 200490876.00 ns, 31.0165 us/op
WorkloadActual   7: 6464 op, 202532809.00 ns, 31.3324 us/op
WorkloadActual   8: 6464 op, 199683080.00 ns, 30.8916 us/op
WorkloadActual   9: 6464 op, 199898723.00 ns, 30.9249 us/op
WorkloadActual  10: 6464 op, 200061449.00 ns, 30.9501 us/op
WorkloadActual  11: 6464 op, 198734398.00 ns, 30.7448 us/op
WorkloadActual  12: 6464 op, 200743278.00 ns, 31.0556 us/op
WorkloadActual  13: 6464 op, 201707444.00 ns, 31.2047 us/op
WorkloadActual  14: 6464 op, 199469187.00 ns, 30.8585 us/op
WorkloadActual  15: 6464 op, 200068271.00 ns, 30.9512 us/op
WorkloadActual  16: 6464 op, 199021092.00 ns, 30.7892 us/op

// AfterActualRun
WorkloadResult   1: 6464 op, 199659346.00 ns, 30.8879 us/op
WorkloadResult   2: 6464 op, 201451393.00 ns, 31.1651 us/op
WorkloadResult   3: 6464 op, 201281482.00 ns, 31.1388 us/op
WorkloadResult   4: 6464 op, 200877976.00 ns, 31.0764 us/op
WorkloadResult   5: 6464 op, 200480200.00 ns, 31.0149 us/op
WorkloadResult   6: 6464 op, 202522133.00 ns, 31.3308 us/op
WorkloadResult   7: 6464 op, 199672404.00 ns, 30.8899 us/op
WorkloadResult   8: 6464 op, 199888047.00 ns, 30.9233 us/op
WorkloadResult   9: 6464 op, 200050773.00 ns, 30.9484 us/op
WorkloadResult  10: 6464 op, 198723722.00 ns, 30.7432 us/op
WorkloadResult  11: 6464 op, 200732602.00 ns, 31.0539 us/op
WorkloadResult  12: 6464 op, 201696768.00 ns, 31.2031 us/op
WorkloadResult  13: 6464 op, 199458511.00 ns, 30.8568 us/op
WorkloadResult  14: 6464 op, 200057595.00 ns, 30.9495 us/op
WorkloadResult  15: 6464 op, 199010416.00 ns, 30.7875 us/op
// GC:  0 0 0 0 6464
// Threading:  0 0 6464

// AfterAll
// Benchmark Process 152188 has exited with code 0.

Mean = 30.998 us, StdErr = 0.042 us (0.14%), N = 15, StdDev = 0.163 us
Min = 30.743 us, Q1 = 30.889 us, Median = 30.950 us, Q3 = 31.108 us, Max = 31.331 us
IQR = 0.219 us, LowerFence = 30.561 us, UpperFence = 31.436 us
ConfidenceInterval = [30.823 us; 31.173 us] (CI 99.9%), Margin = 0.175 us (0.56% of Mean)
Skewness = 0.33, Kurtosis = 2.08, MValue = 2

// ** Remained 11 (78.6 %) benchmark(s) to run. Estimated finish 2026-09-22 4:55 (0h 1m from now) **
// **************************
// Benchmark: PairHandleBenchmarks.Advance: InProcess(Toolchain=InProcessEmitToolchain) [Shape=PairOne]
// *** Execute ***
// Launch: 1 / 1
// ! Failed to set up priority High for process System.Diagnostics.Process (PairHandles). Make sure you have the right permissions. Message: Permission denied

// Benchmark Process Environment Information:
// BenchmarkDotNet v0.15.8
// Runtime=.NET 10.0.12 (10.0.12, 10.0.1226.42308), X64 RyuJIT x86-64-v3
// GC=Concurrent Workstation
// HardwareIntrinsics=AVX2+BMI1+BMI2+F16C+FMA+LZCNT+MOVBE,AVX,SSE3+SSSE3+SSE4.1+SSE4.2+POPCNT,X86Base+SSE+SSE2,AES+PCLMUL,AvxVnni,SERIALIZE VectorSize=256
// Job: Job-JWQWGO(Toolchain=InProcessEmitToolchain)

OverheadJitting  1: 1 op, 92849.00 ns, 92.8490 us/op
WorkloadJitting  1: 1 op, 130630.00 ns, 130.6300 us/op

OverheadJitting  2: 16 op, 114267.00 ns, 7.1417 us/op
WorkloadJitting  2: 16 op, 720064.00 ns, 45.0040 us/op

WorkloadPilot    1: 16 op, 587616.00 ns, 36.7260 us/op
WorkloadPilot    2: 32 op, 1171561.00 ns, 36.6113 us/op
WorkloadPilot    3: 64 op, 2346397.00 ns, 36.6625 us/op
WorkloadPilot    4: 128 op, 4238185.00 ns, 33.1108 us/op
WorkloadPilot    5: 256 op, 8756359.00 ns, 34.2045 us/op
WorkloadPilot    6: 512 op, 17636376.00 ns, 34.4460 us/op
WorkloadPilot    7: 1024 op, 35206076.00 ns, 34.3809 us/op
WorkloadPilot    8: 2048 op, 70362102.00 ns, 34.3565 us/op
WorkloadPilot    9: 4096 op, 141202354.00 ns, 34.4732 us/op
WorkloadPilot   10: 8192 op, 243337018.00 ns, 29.7042 us/op
WorkloadPilot   11: 16384 op, 508800623.00 ns, 31.0547 us/op

OverheadWarmup   1: 16384 op, 24010.00 ns, 1.4655 ns/op
OverheadWarmup   2: 16384 op, 22840.00 ns, 1.3940 ns/op
OverheadWarmup   3: 16384 op, 21248.00 ns, 1.2969 ns/op
OverheadWarmup   4: 16384 op, 21079.00 ns, 1.2866 ns/op
OverheadWarmup   5: 16384 op, 21043.00 ns, 1.2844 ns/op
OverheadWarmup   6: 16384 op, 21073.00 ns, 1.2862 ns/op
OverheadWarmup   7: 16384 op, 21090.00 ns, 1.2872 ns/op
OverheadWarmup   8: 16384 op, 21061.00 ns, 1.2855 ns/op
OverheadWarmup   9: 16384 op, 21061.00 ns, 1.2855 ns/op
OverheadWarmup  10: 16384 op, 21044.00 ns, 1.2844 ns/op

OverheadActual   1: 16384 op, 21043.00 ns, 1.2844 ns/op
OverheadActual   2: 16384 op, 21458.00 ns, 1.3097 ns/op
OverheadActual   3: 16384 op, 21449.00 ns, 1.3091 ns/op
OverheadActual   4: 16384 op, 21070.00 ns, 1.2860 ns/op
OverheadActual   5: 16384 op, 21037.00 ns, 1.2840 ns/op
OverheadActual   6: 16384 op, 21390.00 ns, 1.3055 ns/op
OverheadActual   7: 16384 op, 21446.00 ns, 1.3090 ns/op
OverheadActual   8: 16384 op, 21422.00 ns, 1.3075 ns/op
OverheadActual   9: 16384 op, 21452.00 ns, 1.3093 ns/op
OverheadActual  10: 16384 op, 21445.00 ns, 1.3089 ns/op
OverheadActual  11: 16384 op, 21445.00 ns, 1.3089 ns/op
OverheadActual  12: 16384 op, 21467.00 ns, 1.3102 ns/op
OverheadActual  13: 16384 op, 21471.00 ns, 1.3105 ns/op
OverheadActual  14: 16384 op, 21433.00 ns, 1.3082 ns/op
OverheadActual  15: 16384 op, 21444.00 ns, 1.3088 ns/op

WorkloadWarmup   1: 16384 op, 495460051.00 ns, 30.2405 us/op
WorkloadWarmup   2: 16384 op, 468251745.00 ns, 28.5798 us/op
WorkloadWarmup   3: 16384 op, 466063442.00 ns, 28.4463 us/op
WorkloadWarmup   4: 16384 op, 468924631.00 ns, 28.6209 us/op
WorkloadWarmup   5: 16384 op, 469513168.00 ns, 28.6568 us/op
WorkloadWarmup   6: 16384 op, 472050171.00 ns, 28.8117 us/op
WorkloadWarmup   7: 16384 op, 474553805.00 ns, 28.9645 us/op
WorkloadWarmup   8: 16384 op, 478626887.00 ns, 29.2131 us/op
WorkloadWarmup   9: 16384 op, 470610235.00 ns, 28.7238 us/op
WorkloadWarmup  10: 16384 op, 476709027.00 ns, 29.0960 us/op
WorkloadWarmup  11: 16384 op, 468300531.00 ns, 28.5828 us/op

WorkloadActual   1: 16384 op, 473210376.00 ns, 28.8825 us/op
WorkloadActual   2: 16384 op, 477933934.00 ns, 29.1708 us/op
WorkloadActual   3: 16384 op, 464509096.00 ns, 28.3514 us/op
WorkloadActual   4: 16384 op, 471418822.00 ns, 28.7731 us/op
WorkloadActual   5: 16384 op, 466625678.00 ns, 28.4806 us/op
WorkloadActual   6: 16384 op, 469054440.00 ns, 28.6288 us/op
WorkloadActual   7: 16384 op, 471683859.00 ns, 28.7893 us/op
WorkloadActual   8: 16384 op, 475652432.00 ns, 29.0315 us/op
WorkloadActual   9: 16384 op, 469582961.00 ns, 28.6611 us/op
WorkloadActual  10: 16384 op, 471279248.00 ns, 28.7646 us/op
WorkloadActual  11: 16384 op, 467059751.00 ns, 28.5071 us/op
WorkloadActual  12: 16384 op, 470826149.00 ns, 28.7369 us/op
WorkloadActual  13: 16384 op, 467498818.00 ns, 28.5339 us/op
WorkloadActual  14: 16384 op, 471925550.00 ns, 28.8040 us/op
WorkloadActual  15: 16384 op, 469763446.00 ns, 28.6721 us/op

WorkloadResult   1: 16384 op, 473188931.00 ns, 28.8812 us/op
WorkloadResult   2: 16384 op, 464487651.00 ns, 28.3501 us/op
WorkloadResult   3: 16384 op, 471397377.00 ns, 28.7718 us/op
WorkloadResult   4: 16384 op, 466604233.00 ns, 28.4793 us/op
WorkloadResult   5: 16384 op, 469032995.00 ns, 28.6275 us/op
WorkloadResult   6: 16384 op, 471662414.00 ns, 28.7880 us/op
WorkloadResult   7: 16384 op, 475630987.00 ns, 29.0302 us/op
WorkloadResult   8: 16384 op, 469561516.00 ns, 28.6598 us/op
WorkloadResult   9: 16384 op, 471257803.00 ns, 28.7633 us/op
WorkloadResult  10: 16384 op, 467038306.00 ns, 28.5058 us/op
WorkloadResult  11: 16384 op, 470804704.00 ns, 28.7356 us/op
WorkloadResult  12: 16384 op, 467477373.00 ns, 28.5326 us/op
WorkloadResult  13: 16384 op, 471904105.00 ns, 28.8027 us/op
WorkloadResult  14: 16384 op, 469742001.00 ns, 28.6708 us/op
// GC:  0 0 0 672 16384
// Threading:  0 0 16384


Mean = 28.686 us, StdErr = 0.048 us (0.17%), N = 14, StdDev = 0.178 us
Min = 28.350 us, Q1 = 28.556 us, Median = 28.703 us, Q3 = 28.784 us, Max = 29.030 us
IQR = 0.228 us, LowerFence = 28.215 us, UpperFence = 29.125 us
ConfidenceInterval = [28.485 us; 28.887 us] (CI 99.9%), Margin = 0.201 us (0.70% of Mean)
Skewness = -0.05, Kurtosis = 2.28, MValue = 2

// ** Remained 10 (71.4 %) benchmark(s) to run. Estimated finish 2026-09-22 4:56 (0h 1m from now) **
// **************************
// Benchmark: PairHandleBenchmarks.Advance: Job-TZECNT(IterationCount=16, IterationTime=200ms, WarmupCount=8) [Shape=PairRuns8]
// *** Execute ***
// Launch: 1 / 1
// Execute: dotnet PairHandles-Job-TZECNT-1.dll --anonymousPipes 118 119 --benchmarkName "PairHandles.PairHandleBenchmarks.Advance(Shape: PairRuns8)" --job "IterationCount=16, IterationTime=200ms, WarmupCount=8" --benchmarkId 2 in /home/i/GitHub/tl-w352/benchmarks/PairHandles/bin/Release/net10.0/PairHandles-Job-TZECNT-1/bin/Release/net10.0
// Failed to set up high priority (Permission denied). In order to run benchmarks with high priority, make sure you have the right permissions.
// BeforeAnythingElse

// Benchmark Process Environment Information:
// BenchmarkDotNet v0.15.8
// Runtime=.NET 10.0.12 (10.0.12, 10.0.1226.42308), X64 RyuJIT x86-64-v3
// GC=Concurrent Workstation
// HardwareIntrinsics=AVX2+BMI1+BMI2+F16C+FMA+LZCNT+MOVBE,AVX,SSE3+SSSE3+SSE4.1+SSE4.2+POPCNT,X86Base+SSE+SSE2,AES+PCLMUL,AvxVnni,SERIALIZE VectorSize=256
// Job: Job-TZECNT(IterationCount=16, IterationTime=200ms, WarmupCount=8)

OverheadJitting  1: 1 op, 76817.00 ns, 76.8170 us/op
WorkloadJitting  1: 1 op, 15203069.00 ns, 15.2031 ms/op

WorkloadPilot    1: 4 op, 1027415.00 ns, 256.8538 us/op
WorkloadPilot    2: 779 op, 29804437.00 ns, 38.2599 us/op
WorkloadPilot    3: 5227 op, 194832995.00 ns, 37.2743 us/op
WorkloadPilot    4: 5366 op, 196130359.00 ns, 36.5506 us/op
WorkloadPilot    5: 5472 op, 199857328.00 ns, 36.5236 us/op
WorkloadPilot    6: 5476 op, 200524372.00 ns, 36.6188 us/op
WorkloadPilot    7: 5462 op, 209252579.00 ns, 38.3106 us/op
WorkloadPilot    8: 5220 op, 190615293.00 ns, 36.5163 us/op
WorkloadPilot    9: 5477 op, 200004005.00 ns, 36.5171 us/op

WorkloadWarmup   1: 5477 op, 200202217.00 ns, 36.5533 us/op
WorkloadWarmup   2: 5477 op, 200350051.00 ns, 36.5803 us/op
WorkloadWarmup   3: 5477 op, 201154259.00 ns, 36.7271 us/op
WorkloadWarmup   4: 5477 op, 200221066.00 ns, 36.5567 us/op
WorkloadWarmup   5: 5477 op, 199881438.00 ns, 36.4947 us/op
WorkloadWarmup   6: 5477 op, 199977628.00 ns, 36.5123 us/op
WorkloadWarmup   7: 5477 op, 201091823.00 ns, 36.7157 us/op
WorkloadWarmup   8: 5477 op, 201508368.00 ns, 36.7917 us/op

// BeforeActualRun
WorkloadActual   1: 5477 op, 210588149.00 ns, 38.4495 us/op
WorkloadActual   2: 5477 op, 201912054.00 ns, 36.8654 us/op
WorkloadActual   3: 5477 op, 206896244.00 ns, 37.7755 us/op
WorkloadActual   4: 5477 op, 212129859.00 ns, 38.7310 us/op
WorkloadActual   5: 5477 op, 216144598.00 ns, 39.4640 us/op
WorkloadActual   6: 5477 op, 216743903.00 ns, 39.5735 us/op
WorkloadActual   7: 5477 op, 217065426.00 ns, 39.6322 us/op
WorkloadActual   8: 5477 op, 215578012.00 ns, 39.3606 us/op
WorkloadActual   9: 5477 op, 203085921.00 ns, 37.0798 us/op
WorkloadActual  10: 5477 op, 199985444.00 ns, 36.5137 us/op
WorkloadActual  11: 5477 op, 200173543.00 ns, 36.5480 us/op
WorkloadActual  12: 5477 op, 200615062.00 ns, 36.6286 us/op
WorkloadActual  13: 5477 op, 200646474.00 ns, 36.6344 us/op
WorkloadActual  14: 5477 op, 200461973.00 ns, 36.6007 us/op
WorkloadActual  15: 5477 op, 202096710.00 ns, 36.8992 us/op
WorkloadActual  16: 5477 op, 205995352.00 ns, 37.6110 us/op

// AfterActualRun
WorkloadResult   1: 5477 op, 210588149.00 ns, 38.4495 us/op
WorkloadResult   2: 5477 op, 201912054.00 ns, 36.8654 us/op
WorkloadResult   3: 5477 op, 206896244.00 ns, 37.7755 us/op
WorkloadResult   4: 5477 op, 212129859.00 ns, 38.7310 us/op
WorkloadResult   5: 5477 op, 216144598.00 ns, 39.4640 us/op
WorkloadResult   6: 5477 op, 216743903.00 ns, 39.5735 us/op
WorkloadResult   7: 5477 op, 217065426.00 ns, 39.6322 us/op
WorkloadResult   8: 5477 op, 215578012.00 ns, 39.3606 us/op
WorkloadResult   9: 5477 op, 203085921.00 ns, 37.0798 us/op
WorkloadResult  10: 5477 op, 199985444.00 ns, 36.5137 us/op
WorkloadResult  11: 5477 op, 200173543.00 ns, 36.5480 us/op
WorkloadResult  12: 5477 op, 200615062.00 ns, 36.6286 us/op
WorkloadResult  13: 5477 op, 200646474.00 ns, 36.6344 us/op
WorkloadResult  14: 5477 op, 200461973.00 ns, 36.6007 us/op
WorkloadResult  15: 5477 op, 202096710.00 ns, 36.8992 us/op
WorkloadResult  16: 5477 op, 205995352.00 ns, 37.6110 us/op
// GC:  0 0 0 0 5477
// Threading:  0 0 5477

// AfterAll
// Benchmark Process 152252 has exited with code 0.

Mean = 37.773 us, StdErr = 0.307 us (0.81%), N = 16, StdDev = 1.228 us
Min = 36.514 us, Q1 = 36.633 us, Median = 37.345 us, Q3 = 38.888 us, Max = 39.632 us
IQR = 2.255 us, LowerFence = 33.250 us, UpperFence = 42.272 us
ConfidenceInterval = [36.523 us; 39.023 us] (CI 99.9%), Margin = 1.250 us (3.31% of Mean)
Skewness = 0.41, Kurtosis = 1.36, MValue = 2

// ** Remained 9 (64.3 %) benchmark(s) to run. Estimated finish 2026-09-22 4:56 (0h 1m from now) **
// **************************
// Benchmark: PairHandleBenchmarks.Advance: InProcess(Toolchain=InProcessEmitToolchain) [Shape=PairRuns8]
// *** Execute ***
// Launch: 1 / 1
// ! Failed to set up priority High for process System.Diagnostics.Process (PairHandles). Make sure you have the right permissions. Message: Permission denied

// Benchmark Process Environment Information:
// BenchmarkDotNet v0.15.8
// Runtime=.NET 10.0.12 (10.0.12, 10.0.1226.42308), X64 RyuJIT x86-64-v3
// GC=Concurrent Workstation
// HardwareIntrinsics=AVX2+BMI1+BMI2+F16C+FMA+LZCNT+MOVBE,AVX,SSE3+SSSE3+SSE4.1+SSE4.2+POPCNT,X86Base+SSE+SSE2,AES+PCLMUL,AvxVnni,SERIALIZE VectorSize=256
// Job: Job-JWQWGO(Toolchain=InProcessEmitToolchain)

OverheadJitting  1: 1 op, 121594.00 ns, 121.5940 us/op
WorkloadJitting  1: 1 op, 161976.00 ns, 161.9760 us/op

OverheadJitting  2: 16 op, 105960.00 ns, 6.6225 us/op
WorkloadJitting  2: 16 op, 703517.00 ns, 43.9698 us/op

WorkloadPilot    1: 16 op, 599594.00 ns, 37.4746 us/op
WorkloadPilot    2: 32 op, 1164411.00 ns, 36.3878 us/op
WorkloadPilot    3: 64 op, 2321426.00 ns, 36.2723 us/op
WorkloadPilot    4: 128 op, 4650856.00 ns, 36.3348 us/op
WorkloadPilot    5: 256 op, 9269017.00 ns, 36.2071 us/op
WorkloadPilot    6: 512 op, 18523199.00 ns, 36.1781 us/op
WorkloadPilot    7: 1024 op, 37066923.00 ns, 36.1982 us/op
WorkloadPilot    8: 2048 op, 74050776.00 ns, 36.1576 us/op
WorkloadPilot    9: 4096 op, 149990381.00 ns, 36.6187 us/op
WorkloadPilot   10: 8192 op, 297389212.00 ns, 36.3024 us/op
WorkloadPilot   11: 16384 op, 593275259.00 ns, 36.2106 us/op

OverheadWarmup   1: 16384 op, 24761.00 ns, 1.5113 ns/op
OverheadWarmup   2: 16384 op, 20200.00 ns, 1.2329 ns/op
OverheadWarmup   3: 16384 op, 20223.00 ns, 1.2343 ns/op
OverheadWarmup   4: 16384 op, 20004.00 ns, 1.2209 ns/op
OverheadWarmup   5: 16384 op, 20151.00 ns, 1.2299 ns/op
OverheadWarmup   6: 16384 op, 20028.00 ns, 1.2224 ns/op

OverheadActual   1: 16384 op, 19981.00 ns, 1.2195 ns/op
OverheadActual   2: 16384 op, 20163.00 ns, 1.2307 ns/op
OverheadActual   3: 16384 op, 21074.00 ns, 1.2863 ns/op
OverheadActual   4: 16384 op, 21043.00 ns, 1.2844 ns/op
OverheadActual   5: 16384 op, 22844.00 ns, 1.3943 ns/op
OverheadActual   6: 16384 op, 21040.00 ns, 1.2842 ns/op
OverheadActual   7: 16384 op, 21057.00 ns, 1.2852 ns/op
OverheadActual   8: 16384 op, 21056.00 ns, 1.2852 ns/op
OverheadActual   9: 16384 op, 21069.00 ns, 1.2859 ns/op
OverheadActual  10: 16384 op, 21041.00 ns, 1.2842 ns/op
OverheadActual  11: 16384 op, 21087.00 ns, 1.2870 ns/op
OverheadActual  12: 16384 op, 21049.00 ns, 1.2847 ns/op
OverheadActual  13: 16384 op, 21042.00 ns, 1.2843 ns/op
OverheadActual  14: 16384 op, 21034.00 ns, 1.2838 ns/op
OverheadActual  15: 16384 op, 21072.00 ns, 1.2861 ns/op

WorkloadWarmup   1: 16384 op, 594378209.00 ns, 36.2780 us/op
WorkloadWarmup   2: 16384 op, 594736394.00 ns, 36.2998 us/op
WorkloadWarmup   3: 16384 op, 593354545.00 ns, 36.2155 us/op
WorkloadWarmup   4: 16384 op, 594926818.00 ns, 36.3115 us/op
WorkloadWarmup   5: 16384 op, 593948711.00 ns, 36.2518 us/op
WorkloadWarmup   6: 16384 op, 594475121.00 ns, 36.2839 us/op

WorkloadActual   1: 16384 op, 595857481.00 ns, 36.3683 us/op
WorkloadActual   2: 16384 op, 593525855.00 ns, 36.2259 us/op
WorkloadActual   3: 16384 op, 594040612.00 ns, 36.2574 us/op
WorkloadActual   4: 16384 op, 592412798.00 ns, 36.1580 us/op
WorkloadActual   5: 16384 op, 593636032.00 ns, 36.2327 us/op
WorkloadActual   6: 16384 op, 593184677.00 ns, 36.2051 us/op
WorkloadActual   7: 16384 op, 592596156.00 ns, 36.1692 us/op
WorkloadActual   8: 16384 op, 593164236.00 ns, 36.2039 us/op
WorkloadActual   9: 16384 op, 592570742.00 ns, 36.1676 us/op
WorkloadActual  10: 16384 op, 593600842.00 ns, 36.2305 us/op
WorkloadActual  11: 16384 op, 593193455.00 ns, 36.2057 us/op
WorkloadActual  12: 16384 op, 593174520.00 ns, 36.2045 us/op
WorkloadActual  13: 16384 op, 593581426.00 ns, 36.2293 us/op
WorkloadActual  14: 16384 op, 592736643.00 ns, 36.1778 us/op
WorkloadActual  15: 16384 op, 594160084.00 ns, 36.2647 us/op

WorkloadResult   1: 16384 op, 593504806.00 ns, 36.2247 us/op
WorkloadResult   2: 16384 op, 594019563.00 ns, 36.2561 us/op
WorkloadResult   3: 16384 op, 592391749.00 ns, 36.1567 us/op
WorkloadResult   4: 16384 op, 593614983.00 ns, 36.2314 us/op
WorkloadResult   5: 16384 op, 593163628.00 ns, 36.2038 us/op
WorkloadResult   6: 16384 op, 592575107.00 ns, 36.1679 us/op
WorkloadResult   7: 16384 op, 593143187.00 ns, 36.2026 us/op
WorkloadResult   8: 16384 op, 592549693.00 ns, 36.1664 us/op
WorkloadResult   9: 16384 op, 593579793.00 ns, 36.2292 us/op
WorkloadResult  10: 16384 op, 593172406.00 ns, 36.2044 us/op
WorkloadResult  11: 16384 op, 593153471.00 ns, 36.2032 us/op
WorkloadResult  12: 16384 op, 593560377.00 ns, 36.2281 us/op
WorkloadResult  13: 16384 op, 592715594.00 ns, 36.1765 us/op
WorkloadResult  14: 16384 op, 594139035.00 ns, 36.2634 us/op
// GC:  0 0 0 4656 16384
// Threading:  0 0 16384


Mean = 36.208 us, StdErr = 0.009 us (0.02%), N = 14, StdDev = 0.033 us
Min = 36.157 us, Q1 = 36.183 us, Median = 36.204 us, Q3 = 36.229 us, Max = 36.263 us
IQR = 0.046 us, LowerFence = 36.114 us, UpperFence = 36.298 us
ConfidenceInterval = [36.171 us; 36.245 us] (CI 99.9%), Margin = 0.037 us (0.10% of Mean)
Skewness = 0.01, Kurtosis = 1.76, MValue = 2

// ** Remained 8 (57.1 %) benchmark(s) to run. Estimated finish 2026-09-22 4:56 (0h 1m from now) **
// **************************
// Benchmark: PairHandleBenchmarks.Advance: Job-TZECNT(IterationCount=16, IterationTime=200ms, WarmupCount=8) [Shape=PairAlternating8]
// *** Execute ***
// Launch: 1 / 1
// Execute: dotnet PairHandles-Job-TZECNT-1.dll --anonymousPipes 118 119 --benchmarkName "PairHandles.PairHandleBenchmarks.Advance(Shape: PairAlternating8)" --job "IterationCount=16, IterationTime=200ms, WarmupCount=8" --benchmarkId 3 in /home/i/GitHub/tl-w352/benchmarks/PairHandles/bin/Release/net10.0/PairHandles-Job-TZECNT-1/bin/Release/net10.0
// Failed to set up high priority (Permission denied). In order to run benchmarks with high priority, make sure you have the right permissions.
// BeforeAnythingElse

// Benchmark Process Environment Information:
// BenchmarkDotNet v0.15.8
// Runtime=.NET 10.0.12 (10.0.12, 10.0.1226.42308), X64 RyuJIT x86-64-v3
// GC=Concurrent Workstation
// HardwareIntrinsics=AVX2+BMI1+BMI2+F16C+FMA+LZCNT+MOVBE,AVX,SSE3+SSSE3+SSE4.1+SSE4.2+POPCNT,X86Base+SSE+SSE2,AES+PCLMUL,AvxVnni,SERIALIZE VectorSize=256
// Job: Job-TZECNT(IterationCount=16, IterationTime=200ms, WarmupCount=8)

OverheadJitting  1: 1 op, 77571.00 ns, 77.5710 us/op
WorkloadJitting  1: 1 op, 13782918.00 ns, 13.7829 ms/op

WorkloadPilot    1: 4 op, 305657.00 ns, 76.4143 us/op
WorkloadPilot    2: 2617 op, 173927332.00 ns, 66.4606 us/op
WorkloadPilot    3: 3009 op, 195580257.00 ns, 64.9984 us/op
WorkloadPilot    4: 3077 op, 210843594.00 ns, 68.5225 us/op
WorkloadPilot    5: 2919 op, 188566667.00 ns, 64.5997 us/op
WorkloadPilot    6: 3096 op, 203088283.00 ns, 65.5970 us/op
WorkloadPilot    7: 3049 op, 199395108.00 ns, 65.3969 us/op
WorkloadPilot    8: 3058 op, 199450912.00 ns, 65.2227 us/op
WorkloadPilot    9: 3066 op, 200100919.00 ns, 65.2645 us/op

WorkloadWarmup   1: 3066 op, 199718789.00 ns, 65.1399 us/op
WorkloadWarmup   2: 3066 op, 206607389.00 ns, 67.3866 us/op
WorkloadWarmup   3: 3066 op, 208264546.00 ns, 67.9271 us/op
WorkloadWarmup   4: 3066 op, 203612125.00 ns, 66.4097 us/op
WorkloadWarmup   5: 3066 op, 208482704.00 ns, 67.9983 us/op
WorkloadWarmup   6: 3066 op, 209401857.00 ns, 68.2981 us/op
WorkloadWarmup   7: 3066 op, 204067068.00 ns, 66.5581 us/op
WorkloadWarmup   8: 3066 op, 203852062.00 ns, 66.4880 us/op

// BeforeActualRun
WorkloadActual   1: 3066 op, 195330817.00 ns, 63.7087 us/op
WorkloadActual   2: 3066 op, 196003775.00 ns, 63.9282 us/op
WorkloadActual   3: 3066 op, 197281404.00 ns, 64.3449 us/op
WorkloadActual   4: 3066 op, 199300845.00 ns, 65.0035 us/op
WorkloadActual   5: 3066 op, 196554323.00 ns, 64.1077 us/op
WorkloadActual   6: 3066 op, 212565715.00 ns, 69.3300 us/op
WorkloadActual   7: 3066 op, 196940812.00 ns, 64.2338 us/op
WorkloadActual   8: 3066 op, 195945845.00 ns, 63.9093 us/op
WorkloadActual   9: 3066 op, 209644541.00 ns, 68.3772 us/op
WorkloadActual  10: 3066 op, 211489024.00 ns, 68.9788 us/op
WorkloadActual  11: 3066 op, 204853363.00 ns, 66.8145 us/op
WorkloadActual  12: 3066 op, 200601715.00 ns, 65.4278 us/op
WorkloadActual  13: 3066 op, 208457753.00 ns, 67.9901 us/op
WorkloadActual  14: 3066 op, 202498901.00 ns, 66.0466 us/op
WorkloadActual  15: 3066 op, 211425953.00 ns, 68.9582 us/op
WorkloadActual  16: 3066 op, 199475195.00 ns, 65.0604 us/op

// AfterActualRun
WorkloadResult   1: 3066 op, 195330817.00 ns, 63.7087 us/op
WorkloadResult   2: 3066 op, 196003775.00 ns, 63.9282 us/op
WorkloadResult   3: 3066 op, 197281404.00 ns, 64.3449 us/op
WorkloadResult   4: 3066 op, 199300845.00 ns, 65.0035 us/op
WorkloadResult   5: 3066 op, 196554323.00 ns, 64.1077 us/op
WorkloadResult   6: 3066 op, 212565715.00 ns, 69.3300 us/op
WorkloadResult   7: 3066 op, 196940812.00 ns, 64.2338 us/op
WorkloadResult   8: 3066 op, 195945845.00 ns, 63.9093 us/op
WorkloadResult   9: 3066 op, 209644541.00 ns, 68.3772 us/op
WorkloadResult  10: 3066 op, 211489024.00 ns, 68.9788 us/op
WorkloadResult  11: 3066 op, 204853363.00 ns, 66.8145 us/op
WorkloadResult  12: 3066 op, 200601715.00 ns, 65.4278 us/op
WorkloadResult  13: 3066 op, 208457753.00 ns, 67.9901 us/op
WorkloadResult  14: 3066 op, 202498901.00 ns, 66.0466 us/op
WorkloadResult  15: 3066 op, 211425953.00 ns, 68.9582 us/op
WorkloadResult  16: 3066 op, 199475195.00 ns, 65.0604 us/op
// GC:  0 0 0 0 3066
// Threading:  0 0 3066

// AfterAll
// Benchmark Process 152298 has exited with code 0.

Mean = 66.014 us, StdErr = 0.519 us (0.79%), N = 16, StdDev = 2.074 us
Min = 63.709 us, Q1 = 64.202 us, Median = 65.244 us, Q3 = 68.087 us, Max = 69.330 us
IQR = 3.885 us, LowerFence = 58.375 us, UpperFence = 73.914 us
ConfidenceInterval = [63.902 us; 68.126 us] (CI 99.9%), Margin = 2.112 us (3.20% of Mean)
Skewness = 0.42, Kurtosis = 1.42, MValue = 2.67

// ** Remained 7 (50.0 %) benchmark(s) to run. Estimated finish 2026-09-22 4:56 (0h 1m from now) **
// **************************
// Benchmark: PairHandleBenchmarks.Advance: InProcess(Toolchain=InProcessEmitToolchain) [Shape=PairAlternating8]
// *** Execute ***
// Launch: 1 / 1
// ! Failed to set up priority High for process System.Diagnostics.Process (PairHandles). Make sure you have the right permissions. Message: Permission denied

// Benchmark Process Environment Information:
// BenchmarkDotNet v0.15.8
// Runtime=.NET 10.0.12 (10.0.12, 10.0.1226.42308), X64 RyuJIT x86-64-v3
// GC=Concurrent Workstation
// HardwareIntrinsics=AVX2+BMI1+BMI2+F16C+FMA+LZCNT+MOVBE,AVX,SSE3+SSSE3+SSE4.1+SSE4.2+POPCNT,X86Base+SSE+SSE2,AES+PCLMUL,AvxVnni,SERIALIZE VectorSize=256
// Job: Job-JWQWGO(Toolchain=InProcessEmitToolchain)

OverheadJitting  1: 1 op, 96919.00 ns, 96.9190 us/op
WorkloadJitting  1: 1 op, 178955.00 ns, 178.9550 us/op

OverheadJitting  2: 16 op, 101341.00 ns, 6.3338 us/op
WorkloadJitting  2: 16 op, 1170684.00 ns, 73.1678 us/op

WorkloadPilot    1: 16 op, 1066054.00 ns, 66.6284 us/op
WorkloadPilot    2: 32 op, 2137497.00 ns, 66.7968 us/op
WorkloadPilot    3: 64 op, 4255831.00 ns, 66.4974 us/op
WorkloadPilot    4: 128 op, 8464148.00 ns, 66.1262 us/op
WorkloadPilot    5: 256 op, 17675022.00 ns, 69.0431 us/op
WorkloadPilot    6: 512 op, 33744819.00 ns, 65.9078 us/op
WorkloadPilot    7: 1024 op, 72139208.00 ns, 70.4484 us/op
WorkloadPilot    8: 2048 op, 140324919.00 ns, 68.5180 us/op
WorkloadPilot    9: 4096 op, 284398921.00 ns, 69.4333 us/op
WorkloadPilot   10: 8192 op, 566721566.00 ns, 69.1799 us/op

OverheadWarmup   1: 8192 op, 11844.00 ns, 1.4458 ns/op
OverheadWarmup   2: 8192 op, 10588.00 ns, 1.2925 ns/op
OverheadWarmup   3: 8192 op, 10438.00 ns, 1.2742 ns/op
OverheadWarmup   4: 8192 op, 10758.00 ns, 1.3132 ns/op
OverheadWarmup   5: 8192 op, 10238.00 ns, 1.2498 ns/op
OverheadWarmup   6: 8192 op, 10430.00 ns, 1.2732 ns/op
OverheadWarmup   7: 8192 op, 10213.00 ns, 1.2467 ns/op

OverheadActual   1: 8192 op, 10233.00 ns, 1.2491 ns/op
OverheadActual   2: 8192 op, 10571.00 ns, 1.2904 ns/op
OverheadActual   3: 8192 op, 10593.00 ns, 1.2931 ns/op
OverheadActual   4: 8192 op, 10566.00 ns, 1.2898 ns/op
OverheadActual   5: 8192 op, 10554.00 ns, 1.2883 ns/op
OverheadActual   6: 8192 op, 10231.00 ns, 1.2489 ns/op
OverheadActual   7: 8192 op, 10233.00 ns, 1.2491 ns/op
OverheadActual   8: 8192 op, 11602.00 ns, 1.4163 ns/op
OverheadActual   9: 8192 op, 10228.00 ns, 1.2485 ns/op
OverheadActual  10: 8192 op, 10205.00 ns, 1.2457 ns/op
OverheadActual  11: 8192 op, 10203.00 ns, 1.2455 ns/op
OverheadActual  12: 8192 op, 10205.00 ns, 1.2457 ns/op
OverheadActual  13: 8192 op, 10228.00 ns, 1.2485 ns/op
OverheadActual  14: 8192 op, 10547.00 ns, 1.2875 ns/op
OverheadActual  15: 8192 op, 10210.00 ns, 1.2463 ns/op

WorkloadWarmup   1: 8192 op, 537100582.00 ns, 65.5640 us/op
WorkloadWarmup   2: 8192 op, 534619016.00 ns, 65.2611 us/op
WorkloadWarmup   3: 8192 op, 544298220.00 ns, 66.4427 us/op
WorkloadWarmup   4: 8192 op, 569213519.00 ns, 69.4841 us/op
WorkloadWarmup   5: 8192 op, 543870329.00 ns, 66.3904 us/op
WorkloadWarmup   6: 8192 op, 529377516.00 ns, 64.6213 us/op
WorkloadWarmup   7: 8192 op, 530896617.00 ns, 64.8067 us/op
WorkloadWarmup   8: 8192 op, 548785475.00 ns, 66.9904 us/op
WorkloadWarmup   9: 8192 op, 532137653.00 ns, 64.9582 us/op

WorkloadActual   1: 8192 op, 530354172.00 ns, 64.7405 us/op
WorkloadActual   2: 8192 op, 530506440.00 ns, 64.7591 us/op
WorkloadActual   3: 8192 op, 542395203.00 ns, 66.2104 us/op
WorkloadActual   4: 8192 op, 538762361.00 ns, 65.7669 us/op
WorkloadActual   5: 8192 op, 542230038.00 ns, 66.1902 us/op
WorkloadActual   6: 8192 op, 567515050.00 ns, 69.2767 us/op
WorkloadActual   7: 8192 op, 547015945.00 ns, 66.7744 us/op
WorkloadActual   8: 8192 op, 532852535.00 ns, 65.0455 us/op
WorkloadActual   9: 8192 op, 533468436.00 ns, 65.1207 us/op
WorkloadActual  10: 8192 op, 535059056.00 ns, 65.3148 us/op
WorkloadActual  11: 8192 op, 532050383.00 ns, 64.9476 us/op
WorkloadActual  12: 8192 op, 533997046.00 ns, 65.1852 us/op
WorkloadActual  13: 8192 op, 533938604.00 ns, 65.1781 us/op
WorkloadActual  14: 8192 op, 543970721.00 ns, 66.4027 us/op
WorkloadActual  15: 8192 op, 566068242.00 ns, 69.1001 us/op

WorkloadResult   1: 8192 op, 530343939.00 ns, 64.7393 us/op
WorkloadResult   2: 8192 op, 530496207.00 ns, 64.7578 us/op
WorkloadResult   3: 8192 op, 542384970.00 ns, 66.2091 us/op
WorkloadResult   4: 8192 op, 538752128.00 ns, 65.7656 us/op
WorkloadResult   5: 8192 op, 542219805.00 ns, 66.1889 us/op
WorkloadResult   6: 8192 op, 547005712.00 ns, 66.7732 us/op
WorkloadResult   7: 8192 op, 532842302.00 ns, 65.0442 us/op
WorkloadResult   8: 8192 op, 533458203.00 ns, 65.1194 us/op
WorkloadResult   9: 8192 op, 535048823.00 ns, 65.3136 us/op
WorkloadResult  10: 8192 op, 532040150.00 ns, 64.9463 us/op
WorkloadResult  11: 8192 op, 533986813.00 ns, 65.1839 us/op
WorkloadResult  12: 8192 op, 533928371.00 ns, 65.1768 us/op
WorkloadResult  13: 8192 op, 543960488.00 ns, 66.4014 us/op
// GC:  0 0 0 4656 8192
// Threading:  0 0 8192


Mean = 65.509 us, StdErr = 0.188 us (0.29%), N = 13, StdDev = 0.678 us
Min = 64.739 us, Q1 = 65.044 us, Median = 65.184 us, Q3 = 66.189 us, Max = 66.773 us
IQR = 1.145 us, LowerFence = 63.327 us, UpperFence = 67.906 us
ConfidenceInterval = [64.698 us; 66.321 us] (CI 99.9%), Margin = 0.811 us (1.24% of Mean)
Skewness = 0.52, Kurtosis = 1.65, MValue = 2

// ** Remained 6 (42.9 %) benchmark(s) to run. Estimated finish 2026-09-22 4:56 (0h 1m from now) **
// **************************
// Benchmark: PairHandleBenchmarks.Advance: Job-TZECNT(IterationCount=16, IterationTime=200ms, WarmupCount=8) [Shape=PairRuns8Waves]
// *** Execute ***
// Launch: 1 / 1
// Execute: dotnet PairHandles-Job-TZECNT-1.dll --anonymousPipes 118 119 --benchmarkName "PairHandles.PairHandleBenchmarks.Advance(Shape: PairRuns8Waves)" --job "IterationCount=16, IterationTime=200ms, WarmupCount=8" --benchmarkId 4 in /home/i/GitHub/tl-w352/benchmarks/PairHandles/bin/Release/net10.0/PairHandles-Job-TZECNT-1/bin/Release/net10.0
// Failed to set up high priority (Permission denied). In order to run benchmarks with high priority, make sure you have the right permissions.
// BeforeAnythingElse

// Benchmark Process Environment Information:
// BenchmarkDotNet v0.15.8
// Runtime=.NET 10.0.12 (10.0.12, 10.0.1226.42308), X64 RyuJIT x86-64-v3
// GC=Concurrent Workstation
// HardwareIntrinsics=AVX2+BMI1+BMI2+F16C+FMA+LZCNT+MOVBE,AVX,SSE3+SSSE3+SSE4.1+SSE4.2+POPCNT,X86Base+SSE+SSE2,AES+PCLMUL,AvxVnni,SERIALIZE VectorSize=256
// Job: Job-TZECNT(IterationCount=16, IterationTime=200ms, WarmupCount=8)

OverheadJitting  1: 1 op, 77072.00 ns, 77.0720 us/op
WorkloadJitting  1: 1 op, 14840876.00 ns, 14.8409 ms/op

WorkloadPilot    1: 4 op, 1079979.00 ns, 269.9948 us/op
WorkloadPilot    2: 741 op, 26047686.00 ns, 35.1521 us/op
WorkloadPilot    3: 5690 op, 202893754.00 ns, 35.6580 us/op
WorkloadPilot    4: 5609 op, 199148512.00 ns, 35.5052 us/op
WorkloadPilot    5: 5633 op, 181467655.00 ns, 32.2151 us/op
WorkloadPilot    6: 6208 op, 224763266.00 ns, 36.2054 us/op
WorkloadPilot    7: 5524 op, 176130919.00 ns, 31.8847 us/op
WorkloadPilot    8: 6273 op, 227598214.00 ns, 36.2822 us/op

WorkloadWarmup   1: 6273 op, 228071278.00 ns, 36.3576 us/op
WorkloadWarmup   2: 6273 op, 221325862.00 ns, 35.2823 us/op
WorkloadWarmup   3: 6273 op, 200290268.00 ns, 31.9289 us/op
WorkloadWarmup   4: 6273 op, 198563985.00 ns, 31.6538 us/op
WorkloadWarmup   5: 6273 op, 197977811.00 ns, 31.5603 us/op
WorkloadWarmup   6: 6273 op, 200726631.00 ns, 31.9985 us/op
WorkloadWarmup   7: 6273 op, 212459997.00 ns, 33.8690 us/op
WorkloadWarmup   8: 6273 op, 220182809.00 ns, 35.1001 us/op

// BeforeActualRun
WorkloadActual   1: 6273 op, 227683044.00 ns, 36.2957 us/op
WorkloadActual   2: 6273 op, 208581723.00 ns, 33.2507 us/op
WorkloadActual   3: 6273 op, 205993879.00 ns, 32.8382 us/op
WorkloadActual   4: 6273 op, 200870293.00 ns, 32.0214 us/op
WorkloadActual   5: 6273 op, 199326455.00 ns, 31.7753 us/op
WorkloadActual   6: 6273 op, 207535434.00 ns, 33.0839 us/op
WorkloadActual   7: 6273 op, 212693463.00 ns, 33.9062 us/op
WorkloadActual   8: 6273 op, 206621196.00 ns, 32.9382 us/op
WorkloadActual   9: 6273 op, 204767138.00 ns, 32.6426 us/op
WorkloadActual  10: 6273 op, 199191156.00 ns, 31.7537 us/op
WorkloadActual  11: 6273 op, 207894119.00 ns, 33.1411 us/op
WorkloadActual  12: 6273 op, 200293602.00 ns, 31.9295 us/op
WorkloadActual  13: 6273 op, 203712559.00 ns, 32.4745 us/op
WorkloadActual  14: 6273 op, 227264786.00 ns, 36.2290 us/op
WorkloadActual  15: 6273 op, 225163288.00 ns, 35.8940 us/op
WorkloadActual  16: 6273 op, 197792350.00 ns, 31.5307 us/op

// AfterActualRun
WorkloadResult   1: 6273 op, 208581723.00 ns, 33.2507 us/op
WorkloadResult   2: 6273 op, 205993879.00 ns, 32.8382 us/op
WorkloadResult   3: 6273 op, 200870293.00 ns, 32.0214 us/op
WorkloadResult   4: 6273 op, 199326455.00 ns, 31.7753 us/op
WorkloadResult   5: 6273 op, 207535434.00 ns, 33.0839 us/op
WorkloadResult   6: 6273 op, 212693463.00 ns, 33.9062 us/op
WorkloadResult   7: 6273 op, 206621196.00 ns, 32.9382 us/op
WorkloadResult   8: 6273 op, 204767138.00 ns, 32.6426 us/op
WorkloadResult   9: 6273 op, 199191156.00 ns, 31.7537 us/op
WorkloadResult  10: 6273 op, 207894119.00 ns, 33.1411 us/op
WorkloadResult  11: 6273 op, 200293602.00 ns, 31.9295 us/op
WorkloadResult  12: 6273 op, 203712559.00 ns, 32.4745 us/op
WorkloadResult  13: 6273 op, 197792350.00 ns, 31.5307 us/op
// GC:  0 0 0 0 6273
// Threading:  0 0 6273

// AfterAll
// Benchmark Process 152358 has exited with code 0.

Mean = 32.560 us, StdErr = 0.199 us (0.61%), N = 13, StdDev = 0.716 us
Min = 31.531 us, Q1 = 31.929 us, Median = 32.643 us, Q3 = 33.084 us, Max = 33.906 us
IQR = 1.154 us, LowerFence = 30.198 us, UpperFence = 34.816 us
ConfidenceInterval = [31.703 us; 33.418 us] (CI 99.9%), Margin = 0.857 us (2.63% of Mean)
Skewness = 0.14, Kurtosis = 1.73, MValue = 2

// ** Remained 5 (35.7 %) benchmark(s) to run. Estimated finish 2026-09-22 4:56 (0h 0m from now) **
// **************************
// Benchmark: PairHandleBenchmarks.Advance: InProcess(Toolchain=InProcessEmitToolchain) [Shape=PairRuns8Waves]
// *** Execute ***
// Launch: 1 / 1
// ! Failed to set up priority High for process System.Diagnostics.Process (PairHandles). Make sure you have the right permissions. Message: Permission denied

// Benchmark Process Environment Information:
// BenchmarkDotNet v0.15.8
// Runtime=.NET 10.0.12 (10.0.12, 10.0.1226.42308), X64 RyuJIT x86-64-v3
// GC=Concurrent Workstation
// HardwareIntrinsics=AVX2+BMI1+BMI2+F16C+FMA+LZCNT+MOVBE,AVX,SSE3+SSSE3+SSE4.1+SSE4.2+POPCNT,X86Base+SSE+SSE2,AES+PCLMUL,AvxVnni,SERIALIZE VectorSize=256
// Job: Job-JWQWGO(Toolchain=InProcessEmitToolchain)

OverheadJitting  1: 1 op, 96243.00 ns, 96.2430 us/op
WorkloadJitting  1: 1 op, 134069.00 ns, 134.0690 us/op

OverheadJitting  2: 16 op, 107392.00 ns, 6.7120 us/op
WorkloadJitting  2: 16 op, 709462.00 ns, 44.3414 us/op

WorkloadPilot    1: 16 op, 551175.00 ns, 34.4484 us/op
WorkloadPilot    2: 32 op, 1092278.00 ns, 34.1337 us/op
WorkloadPilot    3: 64 op, 2174160.00 ns, 33.9713 us/op
WorkloadPilot    4: 128 op, 4407676.00 ns, 34.4350 us/op
WorkloadPilot    5: 256 op, 9236302.00 ns, 36.0793 us/op
WorkloadPilot    6: 512 op, 17579682.00 ns, 34.3353 us/op
WorkloadPilot    7: 1024 op, 34979259.00 ns, 34.1594 us/op
WorkloadPilot    8: 2048 op, 70757636.00 ns, 34.5496 us/op
WorkloadPilot    9: 4096 op, 132013003.00 ns, 32.2297 us/op
WorkloadPilot   10: 8192 op, 266211398.00 ns, 32.4965 us/op
WorkloadPilot   11: 16384 op, 531957856.00 ns, 32.4681 us/op

OverheadWarmup   1: 16384 op, 22946.00 ns, 1.4005 ns/op
OverheadWarmup   2: 16384 op, 21251.00 ns, 1.2971 ns/op
OverheadWarmup   3: 16384 op, 21056.00 ns, 1.2852 ns/op
OverheadWarmup   4: 16384 op, 21077.00 ns, 1.2864 ns/op
OverheadWarmup   5: 16384 op, 21258.00 ns, 1.2975 ns/op
OverheadWarmup   6: 16384 op, 21064.00 ns, 1.2856 ns/op
OverheadWarmup   7: 16384 op, 21078.00 ns, 1.2865 ns/op
OverheadWarmup   8: 16384 op, 21089.00 ns, 1.2872 ns/op
OverheadWarmup   9: 16384 op, 21066.00 ns, 1.2858 ns/op

OverheadActual   1: 16384 op, 21082.00 ns, 1.2867 ns/op
OverheadActual   2: 16384 op, 21088.00 ns, 1.2871 ns/op
OverheadActual   3: 16384 op, 21070.00 ns, 1.2860 ns/op
OverheadActual   4: 16384 op, 23420.00 ns, 1.4294 ns/op
OverheadActual   5: 16384 op, 21061.00 ns, 1.2855 ns/op
OverheadActual   6: 16384 op, 21094.00 ns, 1.2875 ns/op
OverheadActual   7: 16384 op, 21070.00 ns, 1.2860 ns/op
OverheadActual   8: 16384 op, 21085.00 ns, 1.2869 ns/op
OverheadActual   9: 16384 op, 21070.00 ns, 1.2860 ns/op
OverheadActual  10: 16384 op, 21066.00 ns, 1.2858 ns/op
OverheadActual  11: 16384 op, 21056.00 ns, 1.2852 ns/op
OverheadActual  12: 16384 op, 21098.00 ns, 1.2877 ns/op
OverheadActual  13: 16384 op, 21062.00 ns, 1.2855 ns/op
OverheadActual  14: 16384 op, 21072.00 ns, 1.2861 ns/op
OverheadActual  15: 16384 op, 21092.00 ns, 1.2874 ns/op

WorkloadWarmup   1: 16384 op, 544297507.00 ns, 33.2213 us/op
WorkloadWarmup   2: 16384 op, 542613227.00 ns, 33.1185 us/op
WorkloadWarmup   3: 16384 op, 523148879.00 ns, 31.9305 us/op
WorkloadWarmup   4: 16384 op, 525516433.00 ns, 32.0750 us/op
WorkloadWarmup   5: 16384 op, 518358522.00 ns, 31.6381 us/op
WorkloadWarmup   6: 16384 op, 519645233.00 ns, 31.7166 us/op
WorkloadWarmup   7: 16384 op, 517548486.00 ns, 31.5887 us/op

WorkloadActual   1: 16384 op, 523459734.00 ns, 31.9494 us/op
WorkloadActual   2: 16384 op, 517144264.00 ns, 31.5640 us/op
WorkloadActual   3: 16384 op, 522836553.00 ns, 31.9114 us/op
WorkloadActual   4: 16384 op, 519071729.00 ns, 31.6816 us/op
WorkloadActual   5: 16384 op, 539334807.00 ns, 32.9184 us/op
WorkloadActual   6: 16384 op, 554228421.00 ns, 33.8274 us/op
WorkloadActual   7: 16384 op, 520281637.00 ns, 31.7555 us/op
WorkloadActual   8: 16384 op, 537452236.00 ns, 32.8035 us/op
WorkloadActual   9: 16384 op, 533451073.00 ns, 32.5593 us/op
WorkloadActual  10: 16384 op, 540556730.00 ns, 32.9930 us/op
WorkloadActual  11: 16384 op, 531324609.00 ns, 32.4295 us/op
WorkloadActual  12: 16384 op, 532862089.00 ns, 32.5233 us/op
WorkloadActual  13: 16384 op, 520846255.00 ns, 31.7899 us/op
WorkloadActual  14: 16384 op, 525164430.00 ns, 32.0535 us/op
WorkloadActual  15: 16384 op, 517746877.00 ns, 31.6008 us/op
WorkloadActual  16: 16384 op, 521567980.00 ns, 31.8340 us/op
WorkloadActual  17: 16384 op, 518267509.00 ns, 31.6325 us/op

WorkloadResult   1: 16384 op, 523438662.00 ns, 31.9482 us/op
WorkloadResult   2: 16384 op, 517123192.00 ns, 31.5627 us/op
WorkloadResult   3: 16384 op, 522815481.00 ns, 31.9101 us/op
WorkloadResult   4: 16384 op, 519050657.00 ns, 31.6803 us/op
WorkloadResult   5: 16384 op, 539313735.00 ns, 32.9171 us/op
WorkloadResult   6: 16384 op, 520260565.00 ns, 31.7542 us/op
WorkloadResult   7: 16384 op, 537431164.00 ns, 32.8022 us/op
WorkloadResult   8: 16384 op, 533430001.00 ns, 32.5580 us/op
WorkloadResult   9: 16384 op, 540535658.00 ns, 32.9917 us/op
WorkloadResult  10: 16384 op, 531303537.00 ns, 32.4282 us/op
WorkloadResult  11: 16384 op, 532841017.00 ns, 32.5220 us/op
WorkloadResult  12: 16384 op, 520825183.00 ns, 31.7886 us/op
WorkloadResult  13: 16384 op, 525143358.00 ns, 32.0522 us/op
WorkloadResult  14: 16384 op, 517725805.00 ns, 31.5995 us/op
WorkloadResult  15: 16384 op, 521546908.00 ns, 31.8327 us/op
WorkloadResult  16: 16384 op, 518246437.00 ns, 31.6313 us/op
// GC:  0 0 0 4656 16384
// Threading:  0 0 16384


Mean = 32.124 us, StdErr = 0.125 us (0.39%), N = 16, StdDev = 0.498 us
Min = 31.563 us, Q1 = 31.736 us, Median = 31.929 us, Q3 = 32.531 us, Max = 32.992 us
IQR = 0.795 us, LowerFence = 30.543 us, UpperFence = 33.724 us
ConfidenceInterval = [31.616 us; 32.631 us] (CI 99.9%), Margin = 0.508 us (1.58% of Mean)
Skewness = 0.5, Kurtosis = 1.58, MValue = 2

// ** Remained 4 (28.6 %) benchmark(s) to run. Estimated finish 2026-09-22 4:56 (0h 0m from now) **
// **************************
// Benchmark: PairHandleBenchmarks.Advance: Job-TZECNT(IterationCount=16, IterationTime=200ms, WarmupCount=8) [Shape=PairBlocks8Waves]
// *** Execute ***
// Launch: 1 / 1
// Execute: dotnet PairHandles-Job-TZECNT-1.dll --anonymousPipes 118 119 --benchmarkName "PairHandles.PairHandleBenchmarks.Advance(Shape: PairBlocks8Waves)" --job "IterationCount=16, IterationTime=200ms, WarmupCount=8" --benchmarkId 5 in /home/i/GitHub/tl-w352/benchmarks/PairHandles/bin/Release/net10.0/PairHandles-Job-TZECNT-1/bin/Release/net10.0
// Failed to set up high priority (Permission denied). In order to run benchmarks with high priority, make sure you have the right permissions.
// BeforeAnythingElse

// Benchmark Process Environment Information:
// BenchmarkDotNet v0.15.8
// Runtime=.NET 10.0.12 (10.0.12, 10.0.1226.42308), X64 RyuJIT x86-64-v3
// GC=Concurrent Workstation
// HardwareIntrinsics=AVX2+BMI1+BMI2+F16C+FMA+LZCNT+MOVBE,AVX,SSE3+SSSE3+SSE4.1+SSE4.2+POPCNT,X86Base+SSE+SSE2,AES+PCLMUL,AvxVnni,SERIALIZE VectorSize=256
// Job: Job-TZECNT(IterationCount=16, IterationTime=200ms, WarmupCount=8)

OverheadJitting  1: 1 op, 77688.00 ns, 77.6880 us/op
WorkloadJitting  1: 1 op, 14180440.00 ns, 14.1804 ms/op

WorkloadPilot    1: 4 op, 208915.00 ns, 52.2288 us/op
WorkloadPilot    2: 3829 op, 179613542.00 ns, 46.9087 us/op
WorkloadPilot    3: 4264 op, 194361566.00 ns, 45.5820 us/op
WorkloadPilot    4: 4388 op, 215967531.00 ns, 49.2178 us/op
WorkloadPilot    5: 4064 op, 212065746.00 ns, 52.1815 us/op
WorkloadPilot    6: 3833 op, 199869895.00 ns, 52.1445 us/op
WorkloadPilot    7: 3835 op, 199131996.00 ns, 51.9249 us/op
WorkloadPilot    8: 3852 op, 200590044.00 ns, 52.0743 us/op

WorkloadWarmup   1: 3852 op, 184122585.00 ns, 47.7992 us/op
WorkloadWarmup   2: 3852 op, 200908312.00 ns, 52.1569 us/op
WorkloadWarmup   3: 3852 op, 184772210.00 ns, 47.9679 us/op
WorkloadWarmup   4: 3852 op, 201386150.00 ns, 52.2809 us/op
WorkloadWarmup   5: 3852 op, 201040855.00 ns, 52.1913 us/op
WorkloadWarmup   6: 3852 op, 202264113.00 ns, 52.5089 us/op
WorkloadWarmup   7: 3852 op, 177917078.00 ns, 46.1882 us/op
WorkloadWarmup   8: 3852 op, 200902758.00 ns, 52.1554 us/op

// BeforeActualRun
WorkloadActual   1: 3852 op, 200946983.00 ns, 52.1669 us/op
WorkloadActual   2: 3852 op, 201395658.00 ns, 52.2834 us/op
WorkloadActual   3: 3852 op, 202007311.00 ns, 52.4422 us/op
WorkloadActual   4: 3852 op, 180225904.00 ns, 46.7876 us/op
WorkloadActual   5: 3852 op, 176204893.00 ns, 45.7437 us/op
WorkloadActual   6: 3852 op, 174237589.00 ns, 45.2330 us/op
WorkloadActual   7: 3852 op, 174467091.00 ns, 45.2926 us/op
WorkloadActual   8: 3852 op, 193505550.00 ns, 50.2351 us/op
WorkloadActual   9: 3852 op, 202270638.00 ns, 52.5105 us/op
WorkloadActual  10: 3852 op, 201005111.00 ns, 52.1820 us/op
WorkloadActual  11: 3852 op, 177656123.00 ns, 46.1205 us/op
WorkloadActual  12: 3852 op, 175469961.00 ns, 45.5529 us/op
WorkloadActual  13: 3852 op, 174054402.00 ns, 45.1855 us/op
WorkloadActual  14: 3852 op, 176002792.00 ns, 45.6913 us/op
WorkloadActual  15: 3852 op, 177614423.00 ns, 46.1097 us/op
WorkloadActual  16: 3852 op, 175218377.00 ns, 45.4876 us/op

// AfterActualRun
WorkloadResult   1: 3852 op, 200946983.00 ns, 52.1669 us/op
WorkloadResult   2: 3852 op, 201395658.00 ns, 52.2834 us/op
WorkloadResult   3: 3852 op, 202007311.00 ns, 52.4422 us/op
WorkloadResult   4: 3852 op, 180225904.00 ns, 46.7876 us/op
WorkloadResult   5: 3852 op, 176204893.00 ns, 45.7437 us/op
WorkloadResult   6: 3852 op, 174237589.00 ns, 45.2330 us/op
WorkloadResult   7: 3852 op, 174467091.00 ns, 45.2926 us/op
WorkloadResult   8: 3852 op, 193505550.00 ns, 50.2351 us/op
WorkloadResult   9: 3852 op, 202270638.00 ns, 52.5105 us/op
WorkloadResult  10: 3852 op, 201005111.00 ns, 52.1820 us/op
WorkloadResult  11: 3852 op, 177656123.00 ns, 46.1205 us/op
WorkloadResult  12: 3852 op, 175469961.00 ns, 45.5529 us/op
WorkloadResult  13: 3852 op, 174054402.00 ns, 45.1855 us/op
WorkloadResult  14: 3852 op, 176002792.00 ns, 45.6913 us/op
WorkloadResult  15: 3852 op, 177614423.00 ns, 46.1097 us/op
WorkloadResult  16: 3852 op, 175218377.00 ns, 45.4876 us/op
// GC:  0 0 0 0 3852
// Threading:  0 0 3852

// AfterAll
// Benchmark Process 152415 has exited with code 0.

Mean = 48.064 us, StdErr = 0.797 us (1.66%), N = 16, StdDev = 3.188 us
Min = 45.185 us, Q1 = 45.537 us, Median = 46.115 us, Q3 = 52.171 us, Max = 52.511 us
IQR = 6.634 us, LowerFence = 35.586 us, UpperFence = 62.122 us
ConfidenceInterval = [44.818 us; 51.310 us] (CI 99.9%), Margin = 3.246 us (6.75% of Mean)
Skewness = 0.49, Kurtosis = 1.23, MValue = 3.2

// ** Remained 3 (21.4 %) benchmark(s) to run. Estimated finish 2026-09-22 4:56 (0h 0m from now) **
// **************************
// Benchmark: PairHandleBenchmarks.Advance: InProcess(Toolchain=InProcessEmitToolchain) [Shape=PairBlocks8Waves]
// *** Execute ***
// Launch: 1 / 1
// ! Failed to set up priority High for process System.Diagnostics.Process (PairHandles). Make sure you have the right permissions. Message: Permission denied

// Benchmark Process Environment Information:
// BenchmarkDotNet v0.15.8
// Runtime=.NET 10.0.12 (10.0.12, 10.0.1226.42308), X64 RyuJIT x86-64-v3
// GC=Concurrent Workstation
// HardwareIntrinsics=AVX2+BMI1+BMI2+F16C+FMA+LZCNT+MOVBE,AVX,SSE3+SSSE3+SSE4.1+SSE4.2+POPCNT,X86Base+SSE+SSE2,AES+PCLMUL,AvxVnni,SERIALIZE VectorSize=256
// Job: Job-JWQWGO(Toolchain=InProcessEmitToolchain)

OverheadJitting  1: 1 op, 94774.00 ns, 94.7740 us/op
WorkloadJitting  1: 1 op, 184939.00 ns, 184.9390 us/op

OverheadJitting  2: 16 op, 134839.00 ns, 8.4274 us/op
WorkloadJitting  2: 16 op, 1015144.00 ns, 63.4465 us/op

WorkloadPilot    1: 16 op, 894328.00 ns, 55.8955 us/op
WorkloadPilot    2: 32 op, 1768366.00 ns, 55.2614 us/op
WorkloadPilot    3: 64 op, 3556743.00 ns, 55.5741 us/op
WorkloadPilot    4: 128 op, 7088077.00 ns, 55.3756 us/op
WorkloadPilot    5: 256 op, 13369576.00 ns, 52.2249 us/op
WorkloadPilot    6: 512 op, 24191233.00 ns, 47.2485 us/op
WorkloadPilot    7: 1024 op, 47610607.00 ns, 46.4947 us/op
WorkloadPilot    8: 2048 op, 106850276.00 ns, 52.1730 us/op
WorkloadPilot    9: 4096 op, 199185168.00 ns, 48.6292 us/op
WorkloadPilot   10: 8192 op, 384462509.00 ns, 46.9315 us/op
WorkloadPilot   11: 16384 op, 763400607.00 ns, 46.5943 us/op

OverheadWarmup   1: 16384 op, 22735.00 ns, 1.3876 ns/op
OverheadWarmup   2: 16384 op, 21281.00 ns, 1.2989 ns/op
OverheadWarmup   3: 16384 op, 21055.00 ns, 1.2851 ns/op
OverheadWarmup   4: 16384 op, 21069.00 ns, 1.2859 ns/op
OverheadWarmup   5: 16384 op, 21060.00 ns, 1.2854 ns/op
OverheadWarmup   6: 16384 op, 21056.00 ns, 1.2852 ns/op
OverheadWarmup   7: 16384 op, 21092.00 ns, 1.2874 ns/op
OverheadWarmup   8: 16384 op, 21065.00 ns, 1.2857 ns/op

OverheadActual   1: 16384 op, 21053.00 ns, 1.2850 ns/op
OverheadActual   2: 16384 op, 21055.00 ns, 1.2851 ns/op
OverheadActual   3: 16384 op, 21061.00 ns, 1.2855 ns/op
OverheadActual   4: 16384 op, 21057.00 ns, 1.2852 ns/op
OverheadActual   5: 16384 op, 21051.00 ns, 1.2849 ns/op
OverheadActual   6: 16384 op, 21073.00 ns, 1.2862 ns/op
OverheadActual   7: 16384 op, 21070.00 ns, 1.2860 ns/op
OverheadActual   8: 16384 op, 21090.00 ns, 1.2872 ns/op
OverheadActual   9: 16384 op, 21055.00 ns, 1.2851 ns/op
OverheadActual  10: 16384 op, 21059.00 ns, 1.2853 ns/op
OverheadActual  11: 16384 op, 21076.00 ns, 1.2864 ns/op
OverheadActual  12: 16384 op, 21058.00 ns, 1.2853 ns/op
OverheadActual  13: 16384 op, 21065.00 ns, 1.2857 ns/op
OverheadActual  14: 16384 op, 21083.00 ns, 1.2868 ns/op
OverheadActual  15: 16384 op, 21052.00 ns, 1.2849 ns/op

WorkloadWarmup   1: 16384 op, 784686649.00 ns, 47.8935 us/op
WorkloadWarmup   2: 16384 op, 760279531.00 ns, 46.4038 us/op
WorkloadWarmup   3: 16384 op, 763240310.00 ns, 46.5845 us/op
WorkloadWarmup   4: 16384 op, 858474807.00 ns, 52.3971 us/op
WorkloadWarmup   5: 16384 op, 836966349.00 ns, 51.0844 us/op
WorkloadWarmup   6: 16384 op, 774098770.00 ns, 47.2472 us/op
WorkloadWarmup   7: 16384 op, 760065837.00 ns, 46.3907 us/op
WorkloadWarmup   8: 16384 op, 755977968.00 ns, 46.1412 us/op
WorkloadWarmup   9: 16384 op, 761698791.00 ns, 46.4904 us/op
WorkloadWarmup  10: 16384 op, 753750607.00 ns, 46.0053 us/op

WorkloadActual   1: 16384 op, 754825664.00 ns, 46.0709 us/op
WorkloadActual   2: 16384 op, 756733361.00 ns, 46.1873 us/op
WorkloadActual   3: 16384 op, 827823604.00 ns, 50.5263 us/op
WorkloadActual   4: 16384 op, 761758849.00 ns, 46.4941 us/op
WorkloadActual   5: 16384 op, 746532116.00 ns, 45.5647 us/op
WorkloadActual   6: 16384 op, 763614106.00 ns, 46.6073 us/op
WorkloadActual   7: 16384 op, 793768736.00 ns, 48.4478 us/op
WorkloadActual   8: 16384 op, 786332519.00 ns, 47.9939 us/op
WorkloadActual   9: 16384 op, 756066416.00 ns, 46.1466 us/op
WorkloadActual  10: 16384 op, 758495505.00 ns, 46.2949 us/op
WorkloadActual  11: 16384 op, 755239063.00 ns, 46.0961 us/op
WorkloadActual  12: 16384 op, 754728556.00 ns, 46.0650 us/op
WorkloadActual  13: 16384 op, 765991514.00 ns, 46.7524 us/op
WorkloadActual  14: 16384 op, 760349140.00 ns, 46.4080 us/op
WorkloadActual  15: 16384 op, 775996670.00 ns, 47.3631 us/op

WorkloadResult   1: 16384 op, 754804605.00 ns, 46.0696 us/op
WorkloadResult   2: 16384 op, 756712302.00 ns, 46.1861 us/op
WorkloadResult   3: 16384 op, 761737790.00 ns, 46.4928 us/op
WorkloadResult   4: 16384 op, 746511057.00 ns, 45.5634 us/op
WorkloadResult   5: 16384 op, 763593047.00 ns, 46.6060 us/op
WorkloadResult   6: 16384 op, 793747677.00 ns, 48.4465 us/op
WorkloadResult   7: 16384 op, 786311460.00 ns, 47.9926 us/op
WorkloadResult   8: 16384 op, 756045357.00 ns, 46.1453 us/op
WorkloadResult   9: 16384 op, 758474446.00 ns, 46.2936 us/op
WorkloadResult  10: 16384 op, 755218004.00 ns, 46.0948 us/op
WorkloadResult  11: 16384 op, 754707497.00 ns, 46.0637 us/op
WorkloadResult  12: 16384 op, 765970455.00 ns, 46.7511 us/op
WorkloadResult  13: 16384 op, 760328081.00 ns, 46.4067 us/op
WorkloadResult  14: 16384 op, 775975611.00 ns, 47.3618 us/op
// GC:  0 0 0 3024 16384
// Threading:  0 0 16384


Mean = 46.605 us, StdErr = 0.214 us (0.46%), N = 14, StdDev = 0.802 us
Min = 45.563 us, Q1 = 46.107 us, Median = 46.350 us, Q3 = 46.715 us, Max = 48.447 us
IQR = 0.607 us, LowerFence = 45.196 us, UpperFence = 47.626 us
ConfidenceInterval = [45.700 us; 47.511 us] (CI 99.9%), Margin = 0.905 us (1.94% of Mean)
Skewness = 1.05, Kurtosis = 2.93, MValue = 2

// ** Remained 2 (14.3 %) benchmark(s) to run. Estimated finish 2026-09-22 4:56 (0h 0m from now) **
// **************************
// Benchmark: PairHandleBenchmarks.Advance: Job-TZECNT(IterationCount=16, IterationTime=200ms, WarmupCount=8) [Shape=PairA(...)Waves [21]]
// *** Execute ***
// Launch: 1 / 1
// Execute: dotnet PairHandles-Job-TZECNT-1.dll --anonymousPipes 118 119 --benchmarkName "PairHandles.PairHandleBenchmarks.Advance(Shape: PairAlternating8Waves)" --job "IterationCount=16, IterationTime=200ms, WarmupCount=8" --benchmarkId 6 in /home/i/GitHub/tl-w352/benchmarks/PairHandles/bin/Release/net10.0/PairHandles-Job-TZECNT-1/bin/Release/net10.0
// Failed to set up high priority (Permission denied). In order to run benchmarks with high priority, make sure you have the right permissions.
// BeforeAnythingElse

// Benchmark Process Environment Information:
// BenchmarkDotNet v0.15.8
// Runtime=.NET 10.0.12 (10.0.12, 10.0.1226.42308), X64 RyuJIT x86-64-v3
// GC=Concurrent Workstation
// HardwareIntrinsics=AVX2+BMI1+BMI2+F16C+FMA+LZCNT+MOVBE,AVX,SSE3+SSSE3+SSE4.1+SSE4.2+POPCNT,X86Base+SSE+SSE2,AES+PCLMUL,AvxVnni,SERIALIZE VectorSize=256
// Job: Job-TZECNT(IterationCount=16, IterationTime=200ms, WarmupCount=8)

OverheadJitting  1: 1 op, 76425.00 ns, 76.4250 us/op
WorkloadJitting  1: 1 op, 13830062.00 ns, 13.8301 ms/op

WorkloadPilot    1: 4 op, 277924.00 ns, 69.4810 us/op
WorkloadPilot    2: 2878 op, 187355682.00 ns, 65.0993 us/op
WorkloadPilot    3: 3072 op, 188274911.00 ns, 61.2874 us/op
WorkloadPilot    4: 3263 op, 216646035.00 ns, 66.3947 us/op
WorkloadPilot    5: 3012 op, 195261538.00 ns, 64.8279 us/op
WorkloadPilot    6: 3085 op, 186524818.00 ns, 60.4619 us/op
WorkloadPilot    7: 3308 op, 215146813.00 ns, 65.0383 us/op
WorkloadPilot    8: 3075 op, 200484031.00 ns, 65.1981 us/op

WorkloadWarmup   1: 3075 op, 201924115.00 ns, 65.6664 us/op
WorkloadWarmup   2: 3075 op, 201535746.00 ns, 65.5401 us/op
WorkloadWarmup   3: 3075 op, 179509665.00 ns, 58.3771 us/op
WorkloadWarmup   4: 3075 op, 176723302.00 ns, 57.4710 us/op
WorkloadWarmup   5: 3075 op, 176155333.00 ns, 57.2863 us/op
WorkloadWarmup   6: 3075 op, 177641638.00 ns, 57.7696 us/op
WorkloadWarmup   7: 3075 op, 179090682.00 ns, 58.2409 us/op
WorkloadWarmup   8: 3075 op, 201498650.00 ns, 65.5280 us/op

// BeforeActualRun
WorkloadActual   1: 3075 op, 199787844.00 ns, 64.9717 us/op
WorkloadActual   2: 3075 op, 201334254.00 ns, 65.4746 us/op
WorkloadActual   3: 3075 op, 198908864.00 ns, 64.6858 us/op
WorkloadActual   4: 3075 op, 179491907.00 ns, 58.3714 us/op
WorkloadActual   5: 3075 op, 177620136.00 ns, 57.7626 us/op
WorkloadActual   6: 3075 op, 181797798.00 ns, 59.1212 us/op
WorkloadActual   7: 3075 op, 177184689.00 ns, 57.6210 us/op
WorkloadActual   8: 3075 op, 176366296.00 ns, 57.3549 us/op
WorkloadActual   9: 3075 op, 191732593.00 ns, 62.3521 us/op
WorkloadActual  10: 3075 op, 185572399.00 ns, 60.3487 us/op
WorkloadActual  11: 3075 op, 180369047.00 ns, 58.6566 us/op
WorkloadActual  12: 3075 op, 181948862.00 ns, 59.1704 us/op
WorkloadActual  13: 3075 op, 188927266.00 ns, 61.4398 us/op
WorkloadActual  14: 3075 op, 179022633.00 ns, 58.2187 us/op
WorkloadActual  15: 3075 op, 183728248.00 ns, 59.7490 us/op
WorkloadActual  16: 3075 op, 181204461.00 ns, 58.9283 us/op

// AfterActualRun
WorkloadResult   1: 3075 op, 199787844.00 ns, 64.9717 us/op
WorkloadResult   2: 3075 op, 201334254.00 ns, 65.4746 us/op
WorkloadResult   3: 3075 op, 198908864.00 ns, 64.6858 us/op
WorkloadResult   4: 3075 op, 179491907.00 ns, 58.3714 us/op
WorkloadResult   5: 3075 op, 177620136.00 ns, 57.7626 us/op
WorkloadResult   6: 3075 op, 181797798.00 ns, 59.1212 us/op
WorkloadResult   7: 3075 op, 177184689.00 ns, 57.6210 us/op
WorkloadResult   8: 3075 op, 176366296.00 ns, 57.3549 us/op
WorkloadResult   9: 3075 op, 191732593.00 ns, 62.3521 us/op
WorkloadResult  10: 3075 op, 185572399.00 ns, 60.3487 us/op
WorkloadResult  11: 3075 op, 180369047.00 ns, 58.6566 us/op
WorkloadResult  12: 3075 op, 181948862.00 ns, 59.1704 us/op
WorkloadResult  13: 3075 op, 188927266.00 ns, 61.4398 us/op
WorkloadResult  14: 3075 op, 179022633.00 ns, 58.2187 us/op
WorkloadResult  15: 3075 op, 183728248.00 ns, 59.7490 us/op
WorkloadResult  16: 3075 op, 181204461.00 ns, 58.9283 us/op
// GC:  0 0 0 0 3075
// Threading:  0 0 3075

// AfterAll
// Benchmark Process 152485 has exited with code 0.

Mean = 60.264 us, StdErr = 0.681 us (1.13%), N = 16, StdDev = 2.723 us
Min = 57.355 us, Q1 = 58.333 us, Median = 59.146 us, Q3 = 61.668 us, Max = 65.475 us
IQR = 3.335 us, LowerFence = 53.331 us, UpperFence = 66.670 us
ConfidenceInterval = [57.492 us; 63.037 us] (CI 99.9%), Margin = 2.773 us (4.60% of Mean)
Skewness = 0.8, Kurtosis = 2.09, MValue = 2

// ** Remained 1 (7.1 %) benchmark(s) to run. Estimated finish 2026-09-22 4:56 (0h 0m from now) **
// **************************
// Benchmark: PairHandleBenchmarks.Advance: InProcess(Toolchain=InProcessEmitToolchain) [Shape=PairA(...)Waves [21]]
// *** Execute ***
// Launch: 1 / 1
// ! Failed to set up priority High for process System.Diagnostics.Process (PairHandles). Make sure you have the right permissions. Message: Permission denied

// Benchmark Process Environment Information:
// BenchmarkDotNet v0.15.8
// Runtime=.NET 10.0.12 (10.0.12, 10.0.1226.42308), X64 RyuJIT x86-64-v3
// GC=Concurrent Workstation
// HardwareIntrinsics=AVX2+BMI1+BMI2+F16C+FMA+LZCNT+MOVBE,AVX,SSE3+SSSE3+SSE4.1+SSE4.2+POPCNT,X86Base+SSE+SSE2,AES+PCLMUL,AvxVnni,SERIALIZE VectorSize=256
// Job: Job-JWQWGO(Toolchain=InProcessEmitToolchain)

OverheadJitting  1: 1 op, 116573.00 ns, 116.5730 us/op
WorkloadJitting  1: 1 op, 172786.00 ns, 172.7860 us/op

OverheadJitting  2: 16 op, 102311.00 ns, 6.3944 us/op
WorkloadJitting  2: 16 op, 1085246.00 ns, 67.8279 us/op

WorkloadPilot    1: 16 op, 978351.00 ns, 61.1469 us/op
WorkloadPilot    2: 32 op, 1949794.00 ns, 60.9311 us/op
WorkloadPilot    3: 64 op, 3931120.00 ns, 61.4238 us/op
WorkloadPilot    4: 128 op, 7773624.00 ns, 60.7314 us/op
WorkloadPilot    5: 256 op, 15578621.00 ns, 60.8540 us/op
WorkloadPilot    6: 512 op, 30656935.00 ns, 59.8768 us/op
WorkloadPilot    7: 1024 op, 58721226.00 ns, 57.3449 us/op
WorkloadPilot    8: 2048 op, 115406316.00 ns, 56.3507 us/op
WorkloadPilot    9: 4096 op, 232986188.00 ns, 56.8814 us/op
WorkloadPilot   10: 8192 op, 468395345.00 ns, 57.1772 us/op
WorkloadPilot   11: 16384 op, 926002856.00 ns, 56.5187 us/op

OverheadWarmup   1: 16384 op, 22582.00 ns, 1.3783 ns/op
OverheadWarmup   2: 16384 op, 20391.00 ns, 1.2446 ns/op
OverheadWarmup   3: 16384 op, 20559.00 ns, 1.2548 ns/op
OverheadWarmup   4: 16384 op, 20567.00 ns, 1.2553 ns/op
OverheadWarmup   5: 16384 op, 20536.00 ns, 1.2534 ns/op
OverheadWarmup   6: 16384 op, 21888.00 ns, 1.3359 ns/op
OverheadWarmup   7: 16384 op, 20010.00 ns, 1.2213 ns/op

OverheadActual   1: 16384 op, 20008.00 ns, 1.2212 ns/op
OverheadActual   2: 16384 op, 20383.00 ns, 1.2441 ns/op
OverheadActual   3: 16384 op, 20346.00 ns, 1.2418 ns/op
OverheadActual   4: 16384 op, 20348.00 ns, 1.2419 ns/op
OverheadActual   5: 16384 op, 20314.00 ns, 1.2399 ns/op
OverheadActual   6: 16384 op, 19997.00 ns, 1.2205 ns/op
OverheadActual   7: 16384 op, 20027.00 ns, 1.2224 ns/op
OverheadActual   8: 16384 op, 20389.00 ns, 1.2444 ns/op
OverheadActual   9: 16384 op, 20349.00 ns, 1.2420 ns/op
OverheadActual  10: 16384 op, 20332.00 ns, 1.2410 ns/op
OverheadActual  11: 16384 op, 20371.00 ns, 1.2433 ns/op
OverheadActual  12: 16384 op, 20350.00 ns, 1.2421 ns/op
OverheadActual  13: 16384 op, 20353.00 ns, 1.2422 ns/op
OverheadActual  14: 16384 op, 20360.00 ns, 1.2427 ns/op
OverheadActual  15: 16384 op, 20368.00 ns, 1.2432 ns/op

WorkloadWarmup   1: 16384 op, 933622566.00 ns, 56.9838 us/op
WorkloadWarmup   2: 16384 op, 932288716.00 ns, 56.9024 us/op
WorkloadWarmup   3: 16384 op, 954574569.00 ns, 58.2626 us/op
WorkloadWarmup   4: 16384 op, 951424690.00 ns, 58.0704 us/op
WorkloadWarmup   5: 16384 op, 936370382.00 ns, 57.1515 us/op
WorkloadWarmup   6: 16384 op, 934054651.00 ns, 57.0102 us/op
WorkloadWarmup   7: 16384 op, 933246882.00 ns, 56.9609 us/op
WorkloadWarmup   8: 16384 op, 929853690.00 ns, 56.7538 us/op
WorkloadWarmup   9: 16384 op, 930869797.00 ns, 56.8158 us/op
WorkloadWarmup  10: 16384 op, 930653491.00 ns, 56.8026 us/op

WorkloadActual   1: 16384 op, 929963667.00 ns, 56.7605 us/op
WorkloadActual   2: 16384 op, 938932684.00 ns, 57.3079 us/op
WorkloadActual   3: 16384 op, 941682694.00 ns, 57.4758 us/op
WorkloadActual   4: 16384 op, 965410231.00 ns, 58.9240 us/op
WorkloadActual   5: 16384 op, 981860091.00 ns, 59.9280 us/op
WorkloadActual   6: 16384 op, 978253317.00 ns, 59.7078 us/op
WorkloadActual   7: 16384 op, 943661897.00 ns, 57.5966 us/op
WorkloadActual   8: 16384 op, 943970884.00 ns, 57.6154 us/op
WorkloadActual   9: 16384 op, 937642043.00 ns, 57.2291 us/op
WorkloadActual  10: 16384 op, 940958059.00 ns, 57.4315 us/op
WorkloadActual  11: 16384 op, 940223363.00 ns, 57.3867 us/op
WorkloadActual  12: 16384 op, 940474697.00 ns, 57.4020 us/op
WorkloadActual  13: 16384 op, 942803673.00 ns, 57.5442 us/op
WorkloadActual  14: 16384 op, 938090321.00 ns, 57.2565 us/op
WorkloadActual  15: 16384 op, 939816991.00 ns, 57.3619 us/op

WorkloadResult   1: 16384 op, 929943318.00 ns, 56.7592 us/op
WorkloadResult   2: 16384 op, 938912335.00 ns, 57.3067 us/op
WorkloadResult   3: 16384 op, 941662345.00 ns, 57.4745 us/op
WorkloadResult   4: 16384 op, 943641548.00 ns, 57.5953 us/op
WorkloadResult   5: 16384 op, 943950535.00 ns, 57.6142 us/op
WorkloadResult   6: 16384 op, 937621694.00 ns, 57.2279 us/op
WorkloadResult   7: 16384 op, 940937710.00 ns, 57.4303 us/op
WorkloadResult   8: 16384 op, 940203014.00 ns, 57.3854 us/op
WorkloadResult   9: 16384 op, 940454348.00 ns, 57.4008 us/op
WorkloadResult  10: 16384 op, 942783324.00 ns, 57.5429 us/op
WorkloadResult  11: 16384 op, 938069972.00 ns, 57.2552 us/op
WorkloadResult  12: 16384 op, 939796642.00 ns, 57.3606 us/op
// GC:  0 0 0 4656 16384
// Threading:  0 0 16384


Mean = 57.363 us, StdErr = 0.065 us (0.11%), N = 12, StdDev = 0.227 us
Min = 56.759 us, Q1 = 57.294 us, Median = 57.393 us, Q3 = 57.492 us, Max = 57.614 us
IQR = 0.198 us, LowerFence = 56.997 us, UpperFence = 57.788 us
ConfidenceInterval = [57.072 us; 57.653 us] (CI 99.9%), Margin = 0.291 us (0.51% of Mean)
Skewness = -1.34, Kurtosis = 4.45, MValue = 2

// ** Remained 0 (0.0 %) benchmark(s) to run. Estimated finish 2026-09-22 4:56 (0h 0m from now) **
// ***** BenchmarkRunner: Finish  *****

// * Export *
  tmp/ab352/ph-cand-1/results/PairHandles.PairHandleBenchmarks-report.csv
  tmp/ab352/ph-cand-1/results/PairHandles.PairHandleBenchmarks-report-github.md
  tmp/ab352/ph-cand-1/results/PairHandles.PairHandleBenchmarks-report.html
  tmp/ab352/ph-cand-1/results/PairHandles.PairHandleBenchmarks-report-full.json

// * Detailed results *
PairHandleBenchmarks.Advance: Job-TZECNT(IterationCount=16, IterationTime=200ms, WarmupCount=8) [Shape=LaneUniform]
Runtime = .NET 10.0.12 (10.0.12, 10.0.1226.42308), X64 RyuJIT x86-64-v3; GC = Concurrent Workstation
Mean = 33.575 us, StdErr = 0.379 us (1.13%), N = 16, StdDev = 1.518 us
Min = 31.335 us, Q1 = 31.864 us, Median = 34.471 us, Q3 = 34.794 us, Max = 34.935 us
IQR = 2.930 us, LowerFence = 27.468 us, UpperFence = 39.189 us
ConfidenceInterval = [32.030 us; 35.121 us] (CI 99.9%), Margin = 1.545 us (4.60% of Mean)
Skewness = -0.55, Kurtosis = 1.39, MValue = 2.8
-------------------- Histogram --------------------
[30.879 us ; 32.460 us) | @@@@@
[32.460 us ; 33.534 us) | @
[33.534 us ; 35.115 us) | @@@@@@@@@@
---------------------------------------------------

PairHandleBenchmarks.Advance: InProcess(Toolchain=InProcessEmitToolchain) [Shape=LaneUniform]
Runtime = ; GC = 
Mean = 31.970 us, StdErr = 0.155 us (0.49%), N = 18, StdDev = 0.659 us
Min = 31.448 us, Q1 = 31.484 us, Median = 31.554 us, Q3 = 32.261 us, Max = 33.347 us
IQR = 0.777 us, LowerFence = 30.319 us, UpperFence = 33.427 us
ConfidenceInterval = [31.354 us; 32.586 us] (CI 99.9%), Margin = 0.616 us (1.93% of Mean)
Skewness = 0.99, Kurtosis = 2.44, MValue = 2
-------------------- Histogram --------------------
[31.440 us ; 32.100 us) | @@@@@@@@@@@@
[32.100 us ; 32.910 us) | @@@
[32.910 us ; 33.677 us) | @@@
---------------------------------------------------

PairHandleBenchmarks.Advance: Job-TZECNT(IterationCount=16, IterationTime=200ms, WarmupCount=8) [Shape=PairOne]
Runtime = .NET 10.0.12 (10.0.12, 10.0.1226.42308), X64 RyuJIT x86-64-v3; GC = Concurrent Workstation
Mean = 30.998 us, StdErr = 0.042 us (0.14%), N = 15, StdDev = 0.163 us
Min = 30.743 us, Q1 = 30.889 us, Median = 30.950 us, Q3 = 31.108 us, Max = 31.331 us
IQR = 0.219 us, LowerFence = 30.561 us, UpperFence = 31.436 us
ConfidenceInterval = [30.823 us; 31.173 us] (CI 99.9%), Margin = 0.175 us (0.56% of Mean)
Skewness = 0.33, Kurtosis = 2.08, MValue = 2
-------------------- Histogram --------------------
[30.656 us ; 31.418 us) | @@@@@@@@@@@@@@@
---------------------------------------------------

PairHandleBenchmarks.Advance: InProcess(Toolchain=InProcessEmitToolchain) [Shape=PairOne]
Runtime = ; GC = 
Mean = 28.686 us, StdErr = 0.048 us (0.17%), N = 14, StdDev = 0.178 us
Min = 28.350 us, Q1 = 28.556 us, Median = 28.703 us, Q3 = 28.784 us, Max = 29.030 us
IQR = 0.228 us, LowerFence = 28.215 us, UpperFence = 29.125 us
ConfidenceInterval = [28.485 us; 28.887 us] (CI 99.9%), Margin = 0.201 us (0.70% of Mean)
Skewness = -0.05, Kurtosis = 2.28, MValue = 2
-------------------- Histogram --------------------
[28.253 us ; 29.127 us) | @@@@@@@@@@@@@@
---------------------------------------------------

PairHandleBenchmarks.Advance: Job-TZECNT(IterationCount=16, IterationTime=200ms, WarmupCount=8) [Shape=PairRuns8]
Runtime = .NET 10.0.12 (10.0.12, 10.0.1226.42308), X64 RyuJIT x86-64-v3; GC = Concurrent Workstation
Mean = 37.773 us, StdErr = 0.307 us (0.81%), N = 16, StdDev = 1.228 us
Min = 36.514 us, Q1 = 36.633 us, Median = 37.345 us, Q3 = 38.888 us, Max = 39.632 us
IQR = 2.255 us, LowerFence = 33.250 us, UpperFence = 42.272 us
ConfidenceInterval = [36.523 us; 39.023 us] (CI 99.9%), Margin = 1.250 us (3.31% of Mean)
Skewness = 0.41, Kurtosis = 1.36, MValue = 2
-------------------- Histogram --------------------
[36.505 us ; 37.784 us) | @@@@@@@@@@
[37.784 us ; 39.680 us) | @@@@@@
---------------------------------------------------

PairHandleBenchmarks.Advance: InProcess(Toolchain=InProcessEmitToolchain) [Shape=PairRuns8]
Runtime = ; GC = 
Mean = 36.208 us, StdErr = 0.009 us (0.02%), N = 14, StdDev = 0.033 us
Min = 36.157 us, Q1 = 36.183 us, Median = 36.204 us, Q3 = 36.229 us, Max = 36.263 us
IQR = 0.046 us, LowerFence = 36.114 us, UpperFence = 36.298 us
ConfidenceInterval = [36.171 us; 36.245 us] (CI 99.9%), Margin = 0.037 us (0.10% of Mean)
Skewness = 0.01, Kurtosis = 1.76, MValue = 2
-------------------- Histogram --------------------
[36.139 us ; 36.281 us) | @@@@@@@@@@@@@@
---------------------------------------------------

PairHandleBenchmarks.Advance: Job-TZECNT(IterationCount=16, IterationTime=200ms, WarmupCount=8) [Shape=PairAlternating8]
Runtime = .NET 10.0.12 (10.0.12, 10.0.1226.42308), X64 RyuJIT x86-64-v3; GC = Concurrent Workstation
Mean = 66.014 us, StdErr = 0.519 us (0.79%), N = 16, StdDev = 2.074 us
Min = 63.709 us, Q1 = 64.202 us, Median = 65.244 us, Q3 = 68.087 us, Max = 69.330 us
IQR = 3.885 us, LowerFence = 58.375 us, UpperFence = 73.914 us
ConfidenceInterval = [63.902 us; 68.126 us] (CI 99.9%), Margin = 2.112 us (3.20% of Mean)
Skewness = 0.42, Kurtosis = 1.42, MValue = 2.67
-------------------- Histogram --------------------
[63.488 us ; 65.649 us) | @@@@@@@@@
[65.649 us ; 67.580 us) | @@
[67.580 us ; 69.741 us) | @@@@@
---------------------------------------------------

PairHandleBenchmarks.Advance: InProcess(Toolchain=InProcessEmitToolchain) [Shape=PairAlternating8]
Runtime = ; GC = 
Mean = 65.509 us, StdErr = 0.188 us (0.29%), N = 13, StdDev = 0.678 us
Min = 64.739 us, Q1 = 65.044 us, Median = 65.184 us, Q3 = 66.189 us, Max = 66.773 us
IQR = 1.145 us, LowerFence = 63.327 us, UpperFence = 67.906 us
ConfidenceInterval = [64.698 us; 66.321 us] (CI 99.9%), Margin = 0.811 us (1.24% of Mean)
Skewness = 0.52, Kurtosis = 1.65, MValue = 2
-------------------- Histogram --------------------
[64.361 us ; 67.151 us) | @@@@@@@@@@@@@
---------------------------------------------------

PairHandleBenchmarks.Advance: Job-TZECNT(IterationCount=16, IterationTime=200ms, WarmupCount=8) [Shape=PairRuns8Waves]
Runtime = .NET 10.0.12 (10.0.12, 10.0.1226.42308), X64 RyuJIT x86-64-v3; GC = Concurrent Workstation
Mean = 32.560 us, StdErr = 0.199 us (0.61%), N = 13, StdDev = 0.716 us
Min = 31.531 us, Q1 = 31.929 us, Median = 32.643 us, Q3 = 33.084 us, Max = 33.906 us
IQR = 1.154 us, LowerFence = 30.198 us, UpperFence = 34.816 us
ConfidenceInterval = [31.703 us; 33.418 us] (CI 99.9%), Margin = 0.857 us (2.63% of Mean)
Skewness = 0.14, Kurtosis = 1.73, MValue = 2
-------------------- Histogram --------------------
[31.377 us ; 32.176 us) | @@@@@
[32.176 us ; 33.262 us) | @@@@@@@
[33.262 us ; 34.306 us) | @
---------------------------------------------------

PairHandleBenchmarks.Advance: InProcess(Toolchain=InProcessEmitToolchain) [Shape=PairRuns8Waves]
Runtime = ; GC = 
Mean = 32.124 us, StdErr = 0.125 us (0.39%), N = 16, StdDev = 0.498 us
Min = 31.563 us, Q1 = 31.736 us, Median = 31.929 us, Q3 = 32.531 us, Max = 32.992 us
IQR = 0.795 us, LowerFence = 30.543 us, UpperFence = 33.724 us
ConfidenceInterval = [31.616 us; 32.631 us] (CI 99.9%), Margin = 0.508 us (1.58% of Mean)
Skewness = 0.5, Kurtosis = 1.58, MValue = 2
-------------------- Histogram --------------------
[31.489 us ; 33.084 us) | @@@@@@@@@@@@@@@@
---------------------------------------------------

PairHandleBenchmarks.Advance: Job-TZECNT(IterationCount=16, IterationTime=200ms, WarmupCount=8) [Shape=PairBlocks8Waves]
Runtime = .NET 10.0.12 (10.0.12, 10.0.1226.42308), X64 RyuJIT x86-64-v3; GC = Concurrent Workstation
Mean = 48.064 us, StdErr = 0.797 us (1.66%), N = 16, StdDev = 3.188 us
Min = 45.185 us, Q1 = 45.537 us, Median = 46.115 us, Q3 = 52.171 us, Max = 52.511 us
IQR = 6.634 us, LowerFence = 35.586 us, UpperFence = 62.122 us
ConfidenceInterval = [44.818 us; 51.310 us] (CI 99.9%), Margin = 3.246 us (6.75% of Mean)
Skewness = 0.49, Kurtosis = 1.23, MValue = 3.2
-------------------- Histogram --------------------
[44.326 us ; 47.647 us) | @@@@@@@@@@
[47.647 us ; 49.713 us) | 
[49.713 us ; 53.033 us) | @@@@@@
---------------------------------------------------

PairHandleBenchmarks.Advance: InProcess(Toolchain=InProcessEmitToolchain) [Shape=PairBlocks8Waves]
Runtime = ; GC = 
Mean = 46.605 us, StdErr = 0.214 us (0.46%), N = 14, StdDev = 0.802 us
Min = 45.563 us, Q1 = 46.107 us, Median = 46.350 us, Q3 = 46.715 us, Max = 48.447 us
IQR = 0.607 us, LowerFence = 45.196 us, UpperFence = 47.626 us
ConfidenceInterval = [45.700 us; 47.511 us] (CI 99.9%), Margin = 0.905 us (1.94% of Mean)
Skewness = 1.05, Kurtosis = 2.93, MValue = 2
-------------------- Histogram --------------------
[45.126 us ; 46.871 us) | @@@@@@@@@@@
[46.871 us ; 48.702 us) | @@@
---------------------------------------------------

PairHandleBenchmarks.Advance: Job-TZECNT(IterationCount=16, IterationTime=200ms, WarmupCount=8) [Shape=PairA(...)Waves [21]]
Runtime = .NET 10.0.12 (10.0.12, 10.0.1226.42308), X64 RyuJIT x86-64-v3; GC = Concurrent Workstation
Mean = 60.264 us, StdErr = 0.681 us (1.13%), N = 16, StdDev = 2.723 us
Min = 57.355 us, Q1 = 58.333 us, Median = 59.146 us, Q3 = 61.668 us, Max = 65.475 us
IQR = 3.335 us, LowerFence = 53.331 us, UpperFence = 66.670 us
ConfidenceInterval = [57.492 us; 63.037 us] (CI 99.9%), Margin = 2.773 us (4.60% of Mean)
Skewness = 0.8, Kurtosis = 2.09, MValue = 2
-------------------- Histogram --------------------
[57.134 us ; 59.970 us) | @@@@@@@@@@
[59.970 us ; 63.662 us) | @@@
[63.662 us ; 66.893 us) | @@@
---------------------------------------------------

PairHandleBenchmarks.Advance: InProcess(Toolchain=InProcessEmitToolchain) [Shape=PairA(...)Waves [21]]
Runtime = ; GC = 
Mean = 57.363 us, StdErr = 0.065 us (0.11%), N = 12, StdDev = 0.227 us
Min = 56.759 us, Q1 = 57.294 us, Median = 57.393 us, Q3 = 57.492 us, Max = 57.614 us
IQR = 0.198 us, LowerFence = 56.997 us, UpperFence = 57.788 us
ConfidenceInterval = [57.072 us; 57.653 us] (CI 99.9%), Margin = 0.291 us (0.51% of Mean)
Skewness = -1.34, Kurtosis = 4.45, MValue = 2
-------------------- Histogram --------------------
[56.629 us ; 57.744 us) | @@@@@@@@@@@@
---------------------------------------------------

// * Summary *

BenchmarkDotNet v0.15.8, Linux Omarchy
Intel Core i9-14900K 0.80GHz, 1 CPU, 32 logical and 24 physical cores
.NET SDK 10.0.401
  [Host]     : .NET 10.0.12 (10.0.12, 10.0.1226.42308), X64 RyuJIT x86-64-v3
  Job-TZECNT : .NET 10.0.12 (10.0.12, 10.0.1226.42308), X64 RyuJIT x86-64-v3


| Method  | Job        | Toolchain              | IterationCount | IterationTime | WarmupCount | Shape                | Mean     | Error    | StdDev   | Median   | Allocated |
|-------- |----------- |----------------------- |--------------- |-------------- |------------ |--------------------- |---------:|---------:|---------:|---------:|----------:|
| Advance | Job-TZECNT | Default                | 16             | 200ms         | 8           | LaneUniform          | 33.58 us | 1.545 us | 1.518 us | 34.47 us |         - |
| Advance | InProcess  | InProcessEmitToolchain | Default        | Default       | Default     | LaneUniform          | 31.97 us | 0.616 us | 0.659 us | 31.55 us |         - |
| Advance | Job-TZECNT | Default                | 16             | 200ms         | 8           | PairOne              | 31.00 us | 0.175 us | 0.163 us | 30.95 us |         - |
| Advance | InProcess  | InProcessEmitToolchain | Default        | Default       | Default     | PairOne              | 28.69 us | 0.201 us | 0.178 us | 28.70 us |         - |
| Advance | Job-TZECNT | Default                | 16             | 200ms         | 8           | PairRuns8            | 37.77 us | 1.250 us | 1.228 us | 37.35 us |         - |
| Advance | InProcess  | InProcessEmitToolchain | Default        | Default       | Default     | PairRuns8            | 36.21 us | 0.037 us | 0.033 us | 36.20 us |         - |
| Advance | Job-TZECNT | Default                | 16             | 200ms         | 8           | PairAlternating8     | 66.01 us | 2.112 us | 2.074 us | 65.24 us |         - |
| Advance | InProcess  | InProcessEmitToolchain | Default        | Default       | Default     | PairAlternating8     | 65.51 us | 0.811 us | 0.678 us | 65.18 us |       1 B |
| Advance | Job-TZECNT | Default                | 16             | 200ms         | 8           | PairRuns8Waves       | 32.56 us | 0.857 us | 0.716 us | 32.64 us |         - |
| Advance | InProcess  | InProcessEmitToolchain | Default        | Default       | Default     | PairRuns8Waves       | 32.12 us | 0.508 us | 0.498 us | 31.93 us |         - |
| Advance | Job-TZECNT | Default                | 16             | 200ms         | 8           | PairBlocks8Waves     | 48.06 us | 3.246 us | 3.188 us | 46.12 us |         - |
| Advance | InProcess  | InProcessEmitToolchain | Default        | Default       | Default     | PairBlocks8Waves     | 46.61 us | 0.905 us | 0.802 us | 46.35 us |         - |
| Advance | Job-TZECNT | Default                | 16             | 200ms         | 8           | PairA(...)Waves [21] | 60.26 us | 2.773 us | 2.723 us | 59.15 us |         - |
| Advance | InProcess  | InProcessEmitToolchain | Default        | Default       | Default     | PairA(...)Waves [21] | 57.36 us | 0.291 us | 0.227 us | 57.39 us |         - |

// * Warnings *
MultimodalDistribution
  PairHandleBenchmarks.Advance: IterationCount=16, IterationTime=200ms, WarmupCount=8 -> It seems that the distribution can have several modes (mValue = 3.2)

// * Hints *
Outliers
  PairHandleBenchmarks.Advance: InProcess                                             -> 1 outlier  was  removed (34.09 us)
  PairHandleBenchmarks.Advance: IterationCount=16, IterationTime=200ms, WarmupCount=8 -> 1 outlier  was  removed (32.56 us)
  PairHandleBenchmarks.Advance: InProcess                                             -> 1 outlier  was  removed (29.17 us)
  PairHandleBenchmarks.Advance: InProcess                                             -> 1 outlier  was  removed (36.37 us)
  PairHandleBenchmarks.Advance: InProcess                                             -> 2 outliers were removed (69.10 us, 69.28 us)
  PairHandleBenchmarks.Advance: IterationCount=16, IterationTime=200ms, WarmupCount=8 -> 3 outliers were removed (35.89 us..36.30 us)
  PairHandleBenchmarks.Advance: InProcess                                             -> 1 outlier  was  removed (33.83 us)
  PairHandleBenchmarks.Advance: InProcess                                             -> 1 outlier  was  removed (50.53 us)
  PairHandleBenchmarks.Advance: InProcess                                             -> 3 outliers were removed, 4 outliers were detected (56.76 us, 58.92 us..59.93 us)

// * Legends *
  Shape     : Value of the 'Shape' parameter
  Mean      : Arithmetic mean of all measurements
  Error     : Half of 99.9% confidence interval
  StdDev    : Standard deviation of all measurements
  Median    : Value separating the higher half of all measurements (50th percentile)
  Allocated : Allocated memory per single operation (managed only, inclusive, 1KB = 1024B)
  1 us      : 1 Microsecond (0.000001 sec)

// * Diagnostic Output - MemoryDiagnoser *


// ***** BenchmarkRunner: End *****
Run time: 00:02:46 (166.71 sec), executed benchmarks: 14

Global total time: 00:02:50 (170.24 sec), executed benchmarks: 14
// * Artifacts cleanup *
Artifacts cleanup is finished
